[2022-09-06T08:01:09.023+0000][8][gc] Using G1
[2022-09-06T08:01:09.517+0000][8][gc,init] Version: 15.0.1+9 (release)
[2022-09-06T08:01:09.518+0000][8][gc,init] CPUs: 6 total, 6 available
[2022-09-06T08:01:09.518+0000][8][gc,init] Memory: 5874M
[2022-09-06T08:01:09.518+0000][8][gc,init] Large Page Support: Disabled
[2022-09-06T08:01:09.519+0000][8][gc,init] NUMA Support: Disabled
[2022-09-06T08:01:09.519+0000][8][gc,init] Compressed Oops: Enabled (32-bit)
[2022-09-06T08:01:09.519+0000][8][gc,init] Heap Region Size: 4M
[2022-09-06T08:01:09.519+0000][8][gc,init] Heap Min Capacity: 256M
[2022-09-06T08:01:09.520+0000][8][gc,init] Heap Initial Capacity: 256M
[2022-09-06T08:01:09.520+0000][8][gc,init] Heap Max Capacity: 256M
[2022-09-06T08:01:09.520+0000][8][gc,init] Pre-touch: Enabled
[2022-09-06T08:01:09.521+0000][8][gc,init] Parallel Workers: 6
[2022-09-06T08:01:09.521+0000][8][gc,init] Concurrent Workers: 2
[2022-09-06T08:01:09.521+0000][8][gc,init] Concurrent Refinement Workers: 6
[2022-09-06T08:01:09.522+0000][8][gc,init] Periodic GC: Disabled
[2022-09-06T08:01:09.523+0000][8][gc,cds ] Mark closed archive regions in map: [0x00000000ffc00000, 0x00000000ffc7bff8]
[2022-09-06T08:01:09.523+0000][8][gc,cds ] Mark open archive regions in map: [0x00000000ffb00000, 0x00000000ffb51ff8]
[2022-09-06T08:01:09.523+0000][8][gc,metaspace] CDS archive(s) mapped at: [0x0000000800000000-0x0000000800b2a000-0x0000000800b2a000), size 11706368, SharedBaseAddress: 0x0000000800000000, ArchiveRelocationMode: 0.
[2022-09-06T08:01:09.524+0000][8][gc,metaspace] Compressed class space mapped at: 0x0000000800b2c000-0x0000000840b2c000, size: 1073741824
[2022-09-06T08:01:09.524+0000][8][gc,metaspace] Narrow klass base: 0x0000000800000000, Narrow klass shift: 3, Narrow klass range: 0x100000000
[2022-09-06T08:01:10.434+0000][8][gc,start    ] GC(0) Pause Young (Normal) (G1 Evacuation Pause)
[2022-09-06T08:01:10.456+0000][8][gc,task     ] GC(0) Using 6 workers of 6 for evacuation
[2022-09-06T08:01:10.457+0000][8][gc,age      ] GC(0) Desired survivor size 2097152 bytes, new threshold 15 (max threshold 15)
[2022-09-06T08:01:10.477+0000][8][gc,age      ] GC(0) Age table with threshold 15 (max threshold 15)
[2022-09-06T08:01:10.478+0000][8][gc,age      ] GC(0) - age   1:    3354912 bytes,    3354912 total
[2022-09-06T08:01:10.478+0000][8][gc,phases   ] GC(0)   Pre Evacuate Collection Set: 0.1ms
[2022-09-06T08:01:10.479+0000][8][gc,phases   ] GC(0)   Merge Heap Roots: 0.6ms
[2022-09-06T08:01:10.480+0000][8][gc,phases   ] GC(0)   Evacuate Collection Set: 6.1ms
[2022-09-06T08:01:10.482+0000][8][gc,phases   ] GC(0)   Post Evacuate Collection Set: 11.2ms
[2022-09-06T08:01:10.483+0000][8][gc,phases   ] GC(0)   Other: 26.6ms
[2022-09-06T08:01:10.489+0000][8][gc,heap     ] GC(0) Eden regions: 4->0(4)
[2022-09-06T08:01:10.490+0000][8][gc,heap     ] GC(0) Survivor regions: 0->1(1)
[2022-09-06T08:01:10.490+0000][8][gc,heap     ] GC(0) Old regions: 0->0
[2022-09-06T08:01:10.491+0000][8][gc,heap     ] GC(0) Archive regions: 2->2
[2022-09-06T08:01:10.493+0000][8][gc,heap     ] GC(0) Humongous regions: 0->0
[2022-09-06T08:01:10.493+0000][8][gc,metaspace] GC(0) Metaspace: 5060K(7680K)->5060K(7680K) NonClass: 4539K(6912K)->4539K(6912K) Class: 521K(768K)->521K(768K)
[2022-09-06T08:01:10.493+0000][8][gc          ] GC(0) Pause Young (Normal) (G1 Evacuation Pause) 19M->7M(256M) 59.446ms
[2022-09-06T08:01:10.494+0000][8][gc,cpu      ] GC(0) User=0.07s Sys=0.01s Real=0.06s
[2022-09-06T08:01:10.497+0000][8][safepoint   ] Safepoint "G1CollectForAllocation", Time since last: 861658678 ns, Reaching safepoint: 10574045 ns, At safepoint: 63286879 ns, Total: 73860924 ns
[2022-09-06T08:01:11.698+0000][8][gc,start    ] GC(1) Pause Young (Normal) (G1 Evacuation Pause)
[2022-09-06T08:01:11.698+0000][8][gc,task     ] GC(1) Using 6 workers of 6 for evacuation
[2022-09-06T08:01:11.699+0000][8][gc,age      ] GC(1) Desired survivor size 2097152 bytes, new threshold 1 (max threshold 15)
[2022-09-06T08:01:11.705+0000][8][gc,age      ] GC(1) Age table with threshold 1 (max threshold 15)
[2022-09-06T08:01:11.706+0000][8][gc,age      ] GC(1) - age   1:    1299320 bytes,    1299320 total
[2022-09-06T08:01:11.706+0000][8][gc,phases   ] GC(1)   Pre Evacuate Collection Set: 0.4ms
[2022-09-06T08:01:11.706+0000][8][gc,phases   ] GC(1)   Merge Heap Roots: 0.1ms
[2022-09-06T08:01:11.707+0000][8][gc,phases   ] GC(1)   Evacuate Collection Set: 4.3ms
[2022-09-06T08:01:11.707+0000][8][gc,phases   ] GC(1)   Post Evacuate Collection Set: 1.3ms
[2022-09-06T08:01:11.707+0000][8][gc,phases   ] GC(1)   Other: 2.0ms
[2022-09-06T08:01:11.708+0000][8][gc,heap     ] GC(1) Eden regions: 4->0(10)
[2022-09-06T08:01:11.708+0000][8][gc,heap     ] GC(1) Survivor regions: 1->1(1)
[2022-09-06T08:01:11.708+0000][8][gc,heap     ] GC(1) Old regions: 0->1
[2022-09-06T08:01:11.708+0000][8][gc,heap     ] GC(1) Archive regions: 2->2
[2022-09-06T08:01:11.708+0000][8][gc,heap     ] GC(1) Humongous regions: 0->0
[2022-09-06T08:01:11.709+0000][8][gc,metaspace] GC(1) Metaspace: 9871K(10752K)->9871K(10752K) NonClass: 8701K(9472K)->8701K(9472K) Class: 1170K(1280K)->1170K(1280K)
[2022-09-06T08:01:11.710+0000][8][gc          ] GC(1) Pause Young (Normal) (G1 Evacuation Pause) 23M->8M(256M) 11.743ms
[2022-09-06T08:01:11.710+0000][8][gc,cpu      ] GC(1) User=0.01s Sys=0.01s Real=0.01s
[2022-09-06T08:01:11.710+0000][8][safepoint   ] Safepoint "G1CollectForAllocation", Time since last: 1201188582 ns, Reaching safepoint: 663465 ns, At safepoint: 12569529 ns, Total: 13232994 ns
[2022-09-06T08:01:12.894+0000][8][safepoint   ] Safepoint "Cleanup", Time since last: 1183711673 ns, Reaching safepoint: 145863 ns, At safepoint: 18856 ns, Total: 164719 ns
[2022-09-06T08:01:13.454+0000][8][gc,start    ] GC(2) Pause Young (Normal) (G1 Evacuation Pause)
[2022-09-06T08:01:13.465+0000][8][gc,task     ] GC(2) Using 6 workers of 6 for evacuation
[2022-09-06T08:01:13.471+0000][8][gc,age      ] GC(2) Desired survivor size 4194304 bytes, new threshold 15 (max threshold 15)
[2022-09-06T08:01:13.484+0000][8][gc,age      ] GC(2) Age table with threshold 15 (max threshold 15)
[2022-09-06T08:01:13.485+0000][8][gc,age      ] GC(2) - age   1:    2426528 bytes,    2426528 total
[2022-09-06T08:01:13.485+0000][8][gc,age      ] GC(2) - age   2:    1250448 bytes,    3676976 total
[2022-09-06T08:01:13.485+0000][8][gc,phases   ] GC(2)   Pre Evacuate Collection Set: 1.2ms
[2022-09-06T08:01:13.486+0000][8][gc,phases   ] GC(2)   Merge Heap Roots: 0.1ms
[2022-09-06T08:01:13.486+0000][8][gc,phases   ] GC(2)   Evacuate Collection Set: 9.8ms
[2022-09-06T08:01:13.486+0000][8][gc,phases   ] GC(2)   Post Evacuate Collection Set: 1.7ms
[2022-09-06T08:01:13.486+0000][8][gc,phases   ] GC(2)   Other: 18.9ms
[2022-09-06T08:01:13.487+0000][8][gc,heap     ] GC(2) Eden regions: 10->0(34)
[2022-09-06T08:01:13.487+0000][8][gc,heap     ] GC(2) Survivor regions: 1->1(2)
[2022-09-06T08:01:13.487+0000][8][gc,heap     ] GC(2) Old regions: 1->1
[2022-09-06T08:01:13.487+0000][8][gc,heap     ] GC(2) Archive regions: 2->2
[2022-09-06T08:01:13.487+0000][8][gc,heap     ] GC(2) Humongous regions: 0->0
[2022-09-06T08:01:13.487+0000][8][gc,metaspace] GC(2) Metaspace: 14551K(15104K)->14551K(15104K) NonClass: 12859K(13312K)->12859K(13312K) Class: 1691K(1792K)->1691K(1792K)
[2022-09-06T08:01:13.488+0000][8][gc          ] GC(2) Pause Young (Normal) (G1 Evacuation Pause) 48M->10M(256M) 33.779ms
[2022-09-06T08:01:13.488+0000][8][gc,cpu      ] GC(2) User=0.03s Sys=0.00s Real=0.04s
[2022-09-06T08:01:13.488+0000][8][safepoint   ] Safepoint "G1CollectForAllocation", Time since last: 559140655 ns, Reaching safepoint: 217358 ns, At safepoint: 34214911 ns, Total: 34432269 ns
[2022-09-06T08:01:13.988+0000][8][safepoint   ] Safepoint "ICBufferFull", Time since last: 500198239 ns, Reaching safepoint: 192821 ns, At safepoint: 8827 ns, Total: 201648 ns
[2022-09-06T08:01:13.997+0000][8][safepoint   ] Safepoint "ICBufferFull", Time since last: 8719815 ns, Reaching safepoint: 211015 ns, At safepoint: 4499 ns, Total: 215514 ns
[2022-09-06T08:01:14.003+0000][8][safepoint   ] Safepoint "ICBufferFull", Time since last: 5894281 ns, Reaching safepoint: 103775 ns, At safepoint: 4719 ns, Total: 108494 ns
[2022-09-06T08:01:14.012+0000][8][safepoint   ] Safepoint "ICBufferFull", Time since last: 8513046 ns, Reaching safepoint: 79730 ns, At safepoint: 4037 ns, Total: 83767 ns
[2022-09-06T08:01:14.019+0000][8][safepoint   ] Safepoint "ICBufferFull", Time since last: 6776769 ns, Reaching safepoint: 101440 ns, At safepoint: 4599 ns, Total: 106039 ns
[2022-09-06T08:01:14.022+0000][8][safepoint   ] Safepoint "ICBufferFull", Time since last: 3510407 ns, Reaching safepoint: 99357 ns, At safepoint: 10129 ns, Total: 109486 ns
[2022-09-06T08:01:14.032+0000][8][safepoint   ] Safepoint "ICBufferFull", Time since last: 8999158 ns, Reaching safepoint: 110107 ns, At safepoint: 8236 ns, Total: 118343 ns
[2022-09-06T08:01:14.035+0000][8][safepoint   ] Safepoint "ICBufferFull", Time since last: 3543930 ns, Reaching safepoint: 73789 ns, At safepoint: 3837 ns, Total: 77626 ns
[2022-09-06T08:01:14.041+0000][8][safepoint   ] Safepoint "ICBufferFull", Time since last: 5570995 ns, Reaching safepoint: 88456 ns, At safepoint: 3467 ns, Total: 91923 ns
[2022-09-06T08:01:14.051+0000][8][safepoint   ] Safepoint "ICBufferFull", Time since last: 9647976 ns, Reaching safepoint: 82305 ns, At safepoint: 3015 ns, Total: 85320 ns
[2022-09-06T08:01:14.058+0000][8][safepoint   ] Safepoint "ICBufferFull", Time since last: 7671267 ns, Reaching safepoint: 112932 ns, At safepoint: 3967 ns, Total: 116899 ns
[2022-09-06T08:01:14.062+0000][8][safepoint   ] Safepoint "ICBufferFull", Time since last: 3926609 ns, Reaching safepoint: 92905 ns, At safepoint: 2965 ns, Total: 95870 ns
[2022-09-06T08:01:14.066+0000][8][safepoint   ] Safepoint "ICBufferFull", Time since last: 3964340 ns, Reaching safepoint: 163577 ns, At safepoint: 6091 ns, Total: 169668 ns
[2022-09-06T08:01:14.076+0000][8][safepoint   ] Safepoint "ICBufferFull", Time since last: 8950047 ns, Reaching safepoint: 77475 ns, At safepoint: 3487 ns, Total: 80962 ns
[2022-09-06T08:01:14.082+0000][8][safepoint   ] Safepoint "ICBufferFull", Time since last: 6849154 ns, Reaching safepoint: 80040 ns, At safepoint: 6713 ns, Total: 86753 ns
[2022-09-06T08:01:14.087+0000][8][safepoint   ] Safepoint "ICBufferFull", Time since last: 4259714 ns, Reaching safepoint: 75842 ns, At safepoint: 3236 ns, Total: 79078 ns
[2022-09-06T08:01:14.504+0000][8][safepoint   ] Safepoint "ICBufferFull", Time since last: 417220074 ns, Reaching safepoint: 277280 ns, At safepoint: 8095 ns, Total: 285375 ns
[2022-09-06T08:01:14.511+0000][8][safepoint   ] Safepoint "ICBufferFull", Time since last: 1168523 ns, Reaching safepoint: 5752165 ns, At safepoint: 8827 ns, Total: 5760992 ns
[2022-09-06T08:01:14.519+0000][8][safepoint   ] Safepoint "ICBufferFull", Time since last: 6379793 ns, Reaching safepoint: 1040993 ns, At safepoint: 18085 ns, Total: 1059078 ns
[2022-09-06T08:01:14.526+0000][8][safepoint   ] Safepoint "ICBufferFull", Time since last: 7306552 ns, Reaching safepoint: 81853 ns, At safepoint: 3557 ns, Total: 85410 ns
[2022-09-06T08:01:14.536+0000][8][safepoint   ] Safepoint "ICBufferFull", Time since last: 10183200 ns, Reaching safepoint: 247365 ns, At safepoint: 10810 ns, Total: 258175 ns
[2022-09-06T08:01:14.700+0000][8][safepoint   ] Safepoint "ICBufferFull", Time since last: 163046949 ns, Reaching safepoint: 126808 ns, At safepoint: 5069 ns, Total: 131877 ns
[2022-09-06T08:01:14.708+0000][8][safepoint   ] Safepoint "ICBufferFull", Time since last: 8615199 ns, Reaching safepoint: 120506 ns, At safepoint: 18835 ns, Total: 139341 ns
[2022-09-06T08:01:14.716+0000][8][safepoint   ] Safepoint "ICBufferFull", Time since last: 7301643 ns, Reaching safepoint: 93035 ns, At safepoint: 7684 ns, Total: 100719 ns
[2022-09-06T08:01:14.720+0000][8][safepoint   ] Safepoint "ICBufferFull", Time since last: 3549151 ns, Reaching safepoint: 159419 ns, At safepoint: 6011 ns, Total: 165430 ns
[2022-09-06T08:01:14.721+0000][8][safepoint   ] Safepoint "ICBufferFull", Time since last: 1293378 ns, Reaching safepoint: 469411 ns, At safepoint: 7043 ns, Total: 476454 ns
[2022-09-06T08:01:14.726+0000][8][safepoint   ] Safepoint "ICBufferFull", Time since last: 1348891 ns, Reaching safepoint: 3660320 ns, At safepoint: 10900 ns, Total: 3671220 ns
[2022-09-06T08:01:14.732+0000][8][safepoint   ] Safepoint "ICBufferFull", Time since last: 5855639 ns, Reaching safepoint: 108774 ns, At safepoint: 36439 ns, Total: 145213 ns
[2022-09-06T08:01:14.734+0000][8][safepoint   ] Safepoint "ICBufferFull", Time since last: 1154236 ns, Reaching safepoint: 92093 ns, At safepoint: 5129 ns, Total: 97222 ns
[2022-09-06T08:01:14.735+0000][8][safepoint   ] Safepoint "ICBufferFull", Time since last: 1132836 ns, Reaching safepoint: 99437 ns, At safepoint: 3847 ns, Total: 103284 ns
[2022-09-06T08:01:14.736+0000][8][safepoint   ] Safepoint "ICBufferFull", Time since last: 1058637 ns, Reaching safepoint: 75391 ns, At safepoint: 3156 ns, Total: 78547 ns
[2022-09-06T08:01:14.737+0000][8][safepoint   ] Safepoint "ICBufferFull", Time since last: 1081520 ns, Reaching safepoint: 352130 ns, At safepoint: 4870 ns, Total: 357000 ns
[2022-09-06T08:01:14.739+0000][8][safepoint   ] Safepoint "ICBufferFull", Time since last: 1278158 ns, Reaching safepoint: 86583 ns, At safepoint: 20549 ns, Total: 107132 ns
[2022-09-06T08:01:14.741+0000][8][safepoint   ] Safepoint "ICBufferFull", Time since last: 2011484 ns, Reaching safepoint: 144251 ns, At safepoint: 20228 ns, Total: 164479 ns
[2022-09-06T08:01:14.742+0000][8][safepoint   ] Safepoint "ICBufferFull", Time since last: 990710 ns, Reaching safepoint: 120145 ns, At safepoint: 43552 ns, Total: 163697 ns
[2022-09-06T08:01:14.743+0000][8][safepoint   ] Safepoint "ICBufferFull", Time since last: 1050592 ns, Reaching safepoint: 111258 ns, At safepoint: 40556 ns, Total: 151814 ns
[2022-09-06T08:01:14.744+0000][8][safepoint   ] Safepoint "ICBufferFull", Time since last: 973357 ns, Reaching safepoint: 132208 ns, At safepoint: 22512 ns, Total: 154720 ns
[2022-09-06T08:01:14.746+0000][8][safepoint   ] Safepoint "ICBufferFull", Time since last: 1002752 ns, Reaching safepoint: 121438 ns, At safepoint: 23063 ns, Total: 144501 ns
[2022-09-06T08:01:14.748+0000][8][safepoint   ] Safepoint "ICBufferFull", Time since last: 2272195 ns, Reaching safepoint: 601969 ns, At safepoint: 38402 ns, Total: 640371 ns
[2022-09-06T08:01:14.757+0000][8][gc,start    ] GC(3) Pause Young (Normal) (G1 Evacuation Pause)
[2022-09-06T08:01:14.758+0000][8][gc,task     ] GC(3) Using 6 workers of 6 for evacuation
[2022-09-06T08:01:14.758+0000][8][gc,age      ] GC(3) Desired survivor size 10485760 bytes, new threshold 15 (max threshold 15)
[2022-09-06T08:01:14.764+0000][8][gc,age      ] GC(3) Age table with threshold 15 (max threshold 15)
[2022-09-06T08:01:14.764+0000][8][gc,age      ] GC(3) - age   1:    3928528 bytes,    3928528 total
[2022-09-06T08:01:14.764+0000][8][gc,age      ] GC(3) - age   2:    2348176 bytes,    6276704 total
[2022-09-06T08:01:14.764+0000][8][gc,age      ] GC(3) - age   3:    1233944 bytes,    7510648 total
[2022-09-06T08:01:14.764+0000][8][gc,phases   ] GC(3)   Pre Evacuate Collection Set: 0.1ms
[2022-09-06T08:01:14.764+0000][8][gc,phases   ] GC(3)   Merge Heap Roots: 0.0ms
[2022-09-06T08:01:14.765+0000][8][gc,phases   ] GC(3)   Evacuate Collection Set: 4.6ms
[2022-09-06T08:01:14.765+0000][8][gc,phases   ] GC(3)   Post Evacuate Collection Set: 0.9ms
[2022-09-06T08:01:14.765+0000][8][gc,phases   ] GC(3)   Other: 1.6ms
[2022-09-06T08:01:14.765+0000][8][gc,heap     ] GC(3) Eden regions: 34->0(36)
[2022-09-06T08:01:14.765+0000][8][gc,heap     ] GC(3) Survivor regions: 1->2(5)
[2022-09-06T08:01:14.765+0000][8][gc,heap     ] GC(3) Old regions: 1->1
[2022-09-06T08:01:14.766+0000][8][gc,heap     ] GC(3) Archive regions: 2->2
[2022-09-06T08:01:14.766+0000][8][gc,heap     ] GC(3) Humongous regions: 0->0
[2022-09-06T08:01:14.766+0000][8][gc,metaspace] GC(3) Metaspace: 17993K(18688K)->17993K(18688K) NonClass: 15853K(16384K)->15853K(16384K) Class: 2139K(2304K)->2139K(2304K)
[2022-09-06T08:01:14.766+0000][8][gc          ] GC(3) Pause Young (Normal) (G1 Evacuation Pause) 146M->14M(256M) 8.860ms
[2022-09-06T08:01:14.766+0000][8][gc,cpu      ] GC(3) User=0.01s Sys=0.00s Real=0.01s
[2022-09-06T08:01:14.766+0000][8][safepoint   ] Safepoint "G1CollectForAllocation", Time since last: 8540107 ns, Reaching safepoint: 121659 ns, At safepoint: 9332905 ns, Total: 9454564 ns
[2022-09-06T08:01:15.166+0000][8][gc,start    ] GC(4) Pause Young (Normal) (G1 Evacuation Pause)
[2022-09-06T08:01:15.167+0000][8][gc,task     ] GC(4) Using 6 workers of 6 for evacuation
[2022-09-06T08:01:15.168+0000][8][gc,age      ] GC(4) Desired survivor size 10485760 bytes, new threshold 15 (max threshold 15)
[2022-09-06T08:01:15.193+0000][8][gc,age      ] GC(4) Age table with threshold 15 (max threshold 15)
[2022-09-06T08:01:15.193+0000][8][gc,age      ] GC(4) - age   1:    2481552 bytes,    2481552 total
[2022-09-06T08:01:15.194+0000][8][gc,age      ] GC(4) - age   2:    3320232 bytes,    5801784 total
[2022-09-06T08:01:15.194+0000][8][gc,age      ] GC(4) - age   3:    2348176 bytes,    8149960 total
[2022-09-06T08:01:15.194+0000][8][gc,age      ] GC(4) - age   4:    1233944 bytes,    9383904 total
[2022-09-06T08:01:15.194+0000][8][gc,phases   ] GC(4)   Pre Evacuate Collection Set: 0.1ms
[2022-09-06T08:01:15.194+0000][8][gc,phases   ] GC(4)   Merge Heap Roots: 0.1ms
[2022-09-06T08:01:15.195+0000][8][gc,phases   ] GC(4)   Evacuate Collection Set: 23.3ms
[2022-09-06T08:01:15.195+0000][8][gc,phases   ] GC(4)   Post Evacuate Collection Set: 1.1ms
[2022-09-06T08:01:15.195+0000][8][gc,phases   ] GC(4)   Other: 3.8ms
[2022-09-06T08:01:15.195+0000][8][gc,heap     ] GC(4) Eden regions: 36->0(35)
[2022-09-06T08:01:15.195+0000][8][gc,heap     ] GC(4) Survivor regions: 2->3(5)
[2022-09-06T08:01:15.196+0000][8][gc,heap     ] GC(4) Old regions: 1->1
[2022-09-06T08:01:15.196+0000][8][gc,heap     ] GC(4) Archive regions: 2->2
[2022-09-06T08:01:15.196+0000][8][gc,heap     ] GC(4) Humongous regions: 0->0
[2022-09-06T08:01:15.197+0000][8][gc,metaspace] GC(4) Metaspace: 18564K(19328K)->18564K(19328K) NonClass: 16354K(16896K)->16354K(16896K) Class: 2210K(2432K)->2210K(2432K)
[2022-09-06T08:01:15.198+0000][8][gc          ] GC(4) Pause Young (Normal) (G1 Evacuation Pause) 158M->16M(256M) 31.787ms
[2022-09-06T08:01:15.198+0000][8][gc,cpu      ] GC(4) User=0.07s Sys=0.01s Real=0.03s
[2022-09-06T08:01:15.201+0000][8][safepoint   ] Safepoint "G1CollectForAllocation", Time since last: 394175135 ns, Reaching safepoint: 5171546 ns, At safepoint: 35499952 ns, Total: 40671498 ns
[2022-09-06T08:01:15.592+0000][8][gc,start    ] GC(5) Pause Young (Normal) (G1 Evacuation Pause)
[2022-09-06T08:01:15.593+0000][8][gc,task     ] GC(5) Using 6 workers of 6 for evacuation
[2022-09-06T08:01:15.594+0000][8][gc,age      ] GC(5) Desired survivor size 10485760 bytes, new threshold 15 (max threshold 15)
[2022-09-06T08:01:15.606+0000][8][gc,age      ] GC(5) Age table with threshold 15 (max threshold 15)
[2022-09-06T08:01:15.608+0000][8][gc,age      ] GC(5) - age   1:    2067032 bytes,    2067032 total
[2022-09-06T08:01:15.608+0000][8][gc,age      ] GC(5) - age   2:    1881672 bytes,    3948704 total
[2022-09-06T08:01:15.609+0000][8][gc,age      ] GC(5) - age   3:    3319184 bytes,    7267888 total
[2022-09-06T08:01:15.609+0000][8][gc,age      ] GC(5) - age   4:    2348176 bytes,    9616064 total
[2022-09-06T08:01:15.609+0000][8][gc,age      ] GC(5) - age   5:    1233944 bytes,   10850008 total
[2022-09-06T08:01:15.609+0000][8][gc,phases   ] GC(5)   Pre Evacuate Collection Set: 0.1ms
[2022-09-06T08:01:15.611+0000][8][gc,phases   ] GC(5)   Merge Heap Roots: 0.1ms
[2022-09-06T08:01:15.612+0000][8][gc,phases   ] GC(5)   Evacuate Collection Set: 10.0ms
[2022-09-06T08:01:15.613+0000][8][gc,phases   ] GC(5)   Post Evacuate Collection Set: 0.7ms
[2022-09-06T08:01:15.613+0000][8][gc,phases   ] GC(5)   Other: 6.0ms
[2022-09-06T08:01:15.614+0000][8][gc,heap     ] GC(5) Eden regions: 35->0(35)
[2022-09-06T08:01:15.614+0000][8][gc,heap     ] GC(5) Survivor regions: 3->3(5)
[2022-09-06T08:01:15.614+0000][8][gc,heap     ] GC(5) Old regions: 1->1
[2022-09-06T08:01:15.614+0000][8][gc,heap     ] GC(5) Archive regions: 2->2
[2022-09-06T08:01:15.614+0000][8][gc,heap     ] GC(5) Humongous regions: 0->0
[2022-09-06T08:01:15.615+0000][8][gc,metaspace] GC(5) Metaspace: 19035K(19968K)->19035K(19968K) NonClass: 16751K(17408K)->16751K(17408K) Class: 2284K(2560K)->2284K(2560K)
[2022-09-06T08:01:15.615+0000][8][gc          ] GC(5) Pause Young (Normal) (G1 Evacuation Pause) 156M->17M(256M) 22.468ms
[2022-09-06T08:01:15.615+0000][8][gc,cpu      ] GC(5) User=0.03s Sys=0.01s Real=0.03s
[2022-09-06T08:01:15.615+0000][8][safepoint   ] Safepoint "G1CollectForAllocation", Time since last: 390435648 ns, Reaching safepoint: 522150 ns, At safepoint: 22913311 ns, Total: 23435461 ns
[2022-09-06T08:01:15.991+0000][8][gc,start    ] GC(6) Pause Young (Normal) (G1 Evacuation Pause)
[2022-09-06T08:01:15.992+0000][8][gc,task     ] GC(6) Using 6 workers of 6 for evacuation
[2022-09-06T08:01:15.992+0000][8][gc,age      ] GC(6) Desired survivor size 10485760 bytes, new threshold 5 (max threshold 15)
[2022-09-06T08:01:16.004+0000][8][gc,age      ] GC(6) Age table with threshold 5 (max threshold 15)
[2022-09-06T08:01:16.004+0000][8][gc,age      ] GC(6) - age   1:    1286800 bytes,    1286800 total
[2022-09-06T08:01:16.004+0000][8][gc,age      ] GC(6) - age   2:    1479528 bytes,    2766328 total
[2022-09-06T08:01:16.004+0000][8][gc,age      ] GC(6) - age   3:    1881672 bytes,    4648000 total
[2022-09-06T08:01:16.005+0000][8][gc,age      ] GC(6) - age   4:    3319128 bytes,    7967128 total
[2022-09-06T08:01:16.005+0000][8][gc,age      ] GC(6) - age   5:    2348176 bytes,   10315304 total
[2022-09-06T08:01:16.005+0000][8][gc,phases   ] GC(6)   Pre Evacuate Collection Set: 0.1ms
[2022-09-06T08:01:16.005+0000][8][gc,phases   ] GC(6)   Merge Heap Roots: 0.0ms
[2022-09-06T08:01:16.005+0000][8][gc,phases   ] GC(6)   Evacuate Collection Set: 10.3ms
[2022-09-06T08:01:16.005+0000][8][gc,phases   ] GC(6)   Post Evacuate Collection Set: 0.7ms
[2022-09-06T08:01:16.006+0000][8][gc,phases   ] GC(6)   Other: 2.3ms
[2022-09-06T08:01:16.006+0000][8][gc,heap     ] GC(6) Eden regions: 35->0(35)
[2022-09-06T08:01:16.006+0000][8][gc,heap     ] GC(6) Survivor regions: 3->3(5)
[2022-09-06T08:01:16.006+0000][8][gc,heap     ] GC(6) Old regions: 1->2
[2022-09-06T08:01:16.006+0000][8][gc,heap     ] GC(6) Archive regions: 2->2
[2022-09-06T08:01:16.006+0000][8][gc,heap     ] GC(6) Humongous regions: 0->0
[2022-09-06T08:01:16.006+0000][8][gc,metaspace] GC(6) Metaspace: 19335K(20224K)->19335K(20224K) NonClass: 17020K(17664K)->17020K(17664K) Class: 2315K(2560K)->2315K(2560K)
[2022-09-06T08:01:16.007+0000][8][gc          ] GC(6) Pause Young (Normal) (G1 Evacuation Pause) 157M->19M(256M) 15.008ms
[2022-09-06T08:01:16.007+0000][8][gc,cpu      ] GC(6) User=0.02s Sys=0.00s Real=0.02s
[2022-09-06T08:01:16.007+0000][8][safepoint   ] Safepoint "G1CollectForAllocation", Time since last: 376193610 ns, Reaching safepoint: 72376 ns, At safepoint: 15374653 ns, Total: 15447029 ns
[2022-09-06T08:01:16.272+0000][8][gc,start    ] GC(7) Pause Young (Normal) (G1 Evacuation Pause)
[2022-09-06T08:01:16.272+0000][8][gc,task     ] GC(7) Using 6 workers of 6 for evacuation
[2022-09-06T08:01:16.272+0000][8][gc,age      ] GC(7) Desired survivor size 10485760 bytes, new threshold 15 (max threshold 15)
[2022-09-06T08:01:16.283+0000][8][gc,age      ] GC(7) Age table with threshold 15 (max threshold 15)
[2022-09-06T08:01:16.284+0000][8][gc,age      ] GC(7) - age   1:     885040 bytes,     885040 total
[2022-09-06T08:01:16.284+0000][8][gc,age      ] GC(7) - age   2:    1240800 bytes,    2125840 total
[2022-09-06T08:01:16.284+0000][8][gc,age      ] GC(7) - age   3:    1478920 bytes,    3604760 total
[2022-09-06T08:01:16.284+0000][8][gc,age      ] GC(7) - age   4:    1881640 bytes,    5486400 total
[2022-09-06T08:01:16.284+0000][8][gc,age      ] GC(7) - age   5:    3315176 bytes,    8801576 total
[2022-09-06T08:01:16.284+0000][8][gc,age      ] GC(7) - age   6:    2348176 bytes,   11149752 total
[2022-09-06T08:01:16.285+0000][8][gc,phases   ] GC(7)   Pre Evacuate Collection Set: 0.0ms
[2022-09-06T08:01:16.285+0000][8][gc,phases   ] GC(7)   Merge Heap Roots: 0.0ms
[2022-09-06T08:01:16.285+0000][8][gc,phases   ] GC(7)   Evacuate Collection Set: 10.3ms
[2022-09-06T08:01:16.285+0000][8][gc,phases   ] GC(7)   Post Evacuate Collection Set: 0.6ms
[2022-09-06T08:01:16.285+0000][8][gc,phases   ] GC(7)   Other: 2.0ms
[2022-09-06T08:01:16.285+0000][8][gc,heap     ] GC(7) Eden regions: 35->0(35)
[2022-09-06T08:01:16.286+0000][8][gc,heap     ] GC(7) Survivor regions: 3->3(5)
[2022-09-06T08:01:16.286+0000][8][gc,heap     ] GC(7) Old regions: 2->2
[2022-09-06T08:01:16.286+0000][8][gc,heap     ] GC(7) Archive regions: 2->2
[2022-09-06T08:01:16.286+0000][8][gc,heap     ] GC(7) Humongous regions: 0->0
[2022-09-06T08:01:16.286+0000][8][gc,metaspace] GC(7) Metaspace: 19470K(20480K)->19470K(20480K) NonClass: 17130K(17920K)->17130K(17920K) Class: 2340K(2560K)->2340K(2560K)
[2022-09-06T08:01:16.286+0000][8][gc          ] GC(7) Pause Young (Normal) (G1 Evacuation Pause) 159M->19M(256M) 14.621ms
[2022-09-06T08:01:16.286+0000][8][gc,cpu      ] GC(7) User=0.02s Sys=0.00s Real=0.02s
[2022-09-06T08:01:16.287+0000][8][safepoint   ] Safepoint "G1CollectForAllocation", Time since last: 264786493 ns, Reaching safepoint: 65152 ns, At safepoint: 14994350 ns, Total: 15059502 ns
[2022-09-06T08:01:16.497+0000][8][gc,start    ] GC(8) Pause Young (Normal) (G1 Evacuation Pause)
[2022-09-06T08:01:16.497+0000][8][gc,task     ] GC(8) Using 6 workers of 6 for evacuation
[2022-09-06T08:01:16.498+0000][8][gc,age      ] GC(8) Desired survivor size 10485760 bytes, new threshold 6 (max threshold 15)
[2022-09-06T08:01:16.503+0000][8][gc,age      ] GC(8) Age table with threshold 6 (max threshold 15)
[2022-09-06T08:01:16.504+0000][8][gc,age      ] GC(8) - age   1:     759408 bytes,     759408 total
[2022-09-06T08:01:16.504+0000][8][gc,age      ] GC(8) - age   2:     255504 bytes,    1014912 total
[2022-09-06T08:01:16.504+0000][8][gc,age      ] GC(8) - age   3:    1240800 bytes,    2255712 total
[2022-09-06T08:01:16.504+0000][8][gc,age      ] GC(8) - age   4:    1478920 bytes,    3734632 total
[2022-09-06T08:01:16.504+0000][8][gc,age      ] GC(8) - age   5:    1881640 bytes,    5616272 total
[2022-09-06T08:01:16.504+0000][8][gc,age      ] GC(8) - age   6:    3315176 bytes,    8931448 total
[2022-09-06T08:01:16.505+0000][8][gc,phases   ] GC(8)   Pre Evacuate Collection Set: 0.1ms
[2022-09-06T08:01:16.505+0000][8][gc,phases   ] GC(8)   Merge Heap Roots: 0.1ms
[2022-09-06T08:01:16.505+0000][8][gc,phases   ] GC(8)   Evacuate Collection Set: 4.7ms
[2022-09-06T08:01:16.505+0000][8][gc,phases   ] GC(8)   Post Evacuate Collection Set: 0.8ms
[2022-09-06T08:01:16.505+0000][8][gc,phases   ] GC(8)   Other: 1.9ms
[2022-09-06T08:01:16.505+0000][8][gc,heap     ] GC(8) Eden regions: 35->0(35)
[2022-09-06T08:01:16.505+0000][8][gc,heap     ] GC(8) Survivor regions: 3->3(5)
[2022-09-06T08:01:16.506+0000][8][gc,heap     ] GC(8) Old regions: 2->2
[2022-09-06T08:01:16.506+0000][8][gc,heap     ] GC(8) Archive regions: 2->2
[2022-09-06T08:01:16.506+0000][8][gc,heap     ] GC(8) Humongous regions: 0->0
[2022-09-06T08:01:16.506+0000][8][gc,metaspace] GC(8) Metaspace: 19685K(20864K)->19685K(20864K) NonClass: 17303K(18176K)->17303K(18176K) Class: 2381K(2688K)->2381K(2688K)
[2022-09-06T08:01:16.507+0000][8][gc          ] GC(8) Pause Young (Normal) (G1 Evacuation Pause) 159M->19M(256M) 9.633ms
[2022-09-06T08:01:16.507+0000][8][gc,cpu      ] GC(8) User=0.02s Sys=0.00s Real=0.01s
[2022-09-06T08:01:16.507+0000][8][safepoint   ] Safepoint "G1CollectForAllocation", Time since last: 210125311 ns, Reaching safepoint: 273152 ns, At safepoint: 10083373 ns, Total: 10356525 ns
[2022-09-06T08:01:16.702+0000][8][gc,start    ] GC(9) Pause Young (Normal) (G1 Evacuation Pause)
[2022-09-06T08:01:16.702+0000][8][gc,task     ] GC(9) Using 6 workers of 6 for evacuation
[2022-09-06T08:01:16.702+0000][8][gc,age      ] GC(9) Desired survivor size 10485760 bytes, new threshold 15 (max threshold 15)
[2022-09-06T08:01:16.716+0000][8][gc,age      ] GC(9) Age table with threshold 15 (max threshold 15)
[2022-09-06T08:01:16.716+0000][8][gc,age      ] GC(9) - age   1:     462600 bytes,     462600 total
[2022-09-06T08:01:16.720+0000][8][gc,age      ] GC(9) - age   2:     254840 bytes,     717440 total
[2022-09-06T08:01:16.720+0000][8][gc,age      ] GC(9) - age   3:     255352 bytes,     972792 total
[2022-09-06T08:01:16.720+0000][8][gc,age      ] GC(9) - age   4:    1240800 bytes,    2213592 total
[2022-09-06T08:01:16.720+0000][8][gc,age      ] GC(9) - age   5:    1478248 bytes,    3691840 total
[2022-09-06T08:01:16.720+0000][8][gc,age      ] GC(9) - age   6:    1881352 bytes,    5573192 total
[2022-09-06T08:01:16.720+0000][8][gc,age      ] GC(9) - age   7:    3315048 bytes,    8888240 total
[2022-09-06T08:01:16.720+0000][8][gc,phases   ] GC(9)   Pre Evacuate Collection Set: 0.1ms
[2022-09-06T08:01:16.721+0000][8][gc,phases   ] GC(9)   Merge Heap Roots: 0.0ms
[2022-09-06T08:01:16.721+0000][8][gc,phases   ] GC(9)   Evacuate Collection Set: 12.5ms
[2022-09-06T08:01:16.721+0000][8][gc,phases   ] GC(9)   Post Evacuate Collection Set: 0.6ms
[2022-09-06T08:01:16.721+0000][8][gc,phases   ] GC(9)   Other: 5.7ms
[2022-09-06T08:01:16.721+0000][8][gc,heap     ] GC(9) Eden regions: 35->0(35)
[2022-09-06T08:01:16.721+0000][8][gc,heap     ] GC(9) Survivor regions: 3->3(5)
[2022-09-06T08:01:16.721+0000][8][gc,heap     ] GC(9) Old regions: 2->2
[2022-09-06T08:01:16.721+0000][8][gc,heap     ] GC(9) Archive regions: 2->2
[2022-09-06T08:01:16.722+0000][8][gc,heap     ] GC(9) Humongous regions: 0->0
[2022-09-06T08:01:16.722+0000][8][gc,metaspace] GC(9) Metaspace: 19749K(20864K)->19749K(20864K) NonClass: 17355K(18176K)->17355K(18176K) Class: 2394K(2688K)->2394K(2688K)
[2022-09-06T08:01:16.722+0000][8][gc          ] GC(9) Pause Young (Normal) (G1 Evacuation Pause) 159M->19M(256M) 20.152ms
[2022-09-06T08:01:16.722+0000][8][gc,cpu      ] GC(9) User=0.04s Sys=0.00s Real=0.02s
[2022-09-06T08:01:16.722+0000][8][safepoint   ] Safepoint "G1CollectForAllocation", Time since last: 194361537 ns, Reaching safepoint: 72527 ns, At safepoint: 20462501 ns, Total: 20535028 ns
[2022-09-06T08:01:17.022+0000][8][gc,start    ] GC(10) Pause Young (Concurrent Start) (Metadata GC Threshold)
[2022-09-06T08:01:17.025+0000][8][gc,task     ] GC(10) Using 6 workers of 6 for evacuation
[2022-09-06T08:01:17.025+0000][8][gc,age      ] GC(10) Desired survivor size 10485760 bytes, new threshold 15 (max threshold 15)
[2022-09-06T08:01:17.041+0000][8][gc,age      ] GC(10) Age table with threshold 15 (max threshold 15)
[2022-09-06T08:01:17.041+0000][8][gc,age      ] GC(10) - age   1:    1654528 bytes,    1654528 total
[2022-09-06T08:01:17.041+0000][8][gc,age      ] GC(10) - age   2:     440336 bytes,    2094864 total
[2022-09-06T08:01:17.042+0000][8][gc,age      ] GC(10) - age   3:     254840 bytes,    2349704 total
[2022-09-06T08:01:17.042+0000][8][gc,age      ] GC(10) - age   4:     255352 bytes,    2605056 total
[2022-09-06T08:01:17.042+0000][8][gc,age      ] GC(10) - age   5:    1240800 bytes,    3845856 total
[2022-09-06T08:01:17.042+0000][8][gc,age      ] GC(10) - age   6:    1477208 bytes,    5323064 total
[2022-09-06T08:01:17.042+0000][8][gc,age      ] GC(10) - age   7:    1881352 bytes,    7204416 total
[2022-09-06T08:01:17.043+0000][8][gc,age      ] GC(10) - age   8:    3314944 bytes,   10519360 total
[2022-09-06T08:01:17.043+0000][8][gc,phases   ] GC(10)   Pre Evacuate Collection Set: 0.1ms
[2022-09-06T08:01:17.043+0000][8][gc,phases   ] GC(10)   Merge Heap Roots: 0.0ms
[2022-09-06T08:01:17.045+0000][8][gc,phases   ] GC(10)   Evacuate Collection Set: 9.4ms
[2022-09-06T08:01:17.050+0000][8][gc,phases   ] GC(10)   Post Evacuate Collection Set: 5.9ms
[2022-09-06T08:01:17.050+0000][8][gc,phases   ] GC(10)   Other: 6.1ms
[2022-09-06T08:01:17.050+0000][8][gc,heap     ] GC(10) Eden regions: 34->0(35)
[2022-09-06T08:01:17.050+0000][8][gc,heap     ] GC(10) Survivor regions: 3->3(5)
[2022-09-06T08:01:17.050+0000][8][gc,heap     ] GC(10) Old regions: 2->2
[2022-09-06T08:01:17.050+0000][8][gc,heap     ] GC(10) Archive regions: 2->2
[2022-09-06T08:01:17.051+0000][8][gc,heap     ] GC(10) Humongous regions: 0->0
[2022-09-06T08:01:17.051+0000][8][gc,metaspace] GC(10) Metaspace: 20013K(21248K)->20013K(21248K) NonClass: 17576K(18432K)->17576K(18432K) Class: 2437K(2816K)->2437K(2816K)
[2022-09-06T08:01:17.051+0000][8][gc          ] GC(10) Pause Young (Concurrent Start) (Metadata GC Threshold) 155M->20M(256M) 29.220ms
[2022-09-06T08:01:17.051+0000][8][gc,cpu      ] GC(10) User=0.06s Sys=0.01s Real=0.03s
[2022-09-06T08:01:17.052+0000][8][safepoint   ] Safepoint "CollectForMetadataAllocation", Time since last: 298703575 ns, Reaching safepoint: 535295 ns, At safepoint: 30416952 ns, Total: 30952247 ns
[2022-09-06T08:01:17.052+0000][8][gc          ] GC(11) Concurrent Cycle
[2022-09-06T08:01:17.052+0000][8][gc,marking  ] GC(11) Concurrent Clear Claimed Marks
[2022-09-06T08:01:17.053+0000][8][gc,marking  ] GC(11) Concurrent Clear Claimed Marks 0.810ms
[2022-09-06T08:01:17.053+0000][8][gc,marking  ] GC(11) Concurrent Scan Root Regions
[2022-09-06T08:01:17.058+0000][8][gc,marking  ] GC(11) Concurrent Scan Root Regions 5.196ms
[2022-09-06T08:01:17.059+0000][8][gc,marking  ] GC(11) Concurrent Mark (8.103s)
[2022-09-06T08:01:17.061+0000][8][gc,marking  ] GC(11) Concurrent Mark From Roots
[2022-09-06T08:01:17.062+0000][8][gc,task     ] GC(11) Using 2 workers of 2 for marking
[2022-09-06T08:01:17.068+0000][8][gc,marking  ] GC(11) Concurrent Mark From Roots 6.824ms
[2022-09-06T08:01:17.068+0000][8][gc,marking  ] GC(11) Concurrent Preclean
[2022-09-06T08:01:17.069+0000][8][gc,marking  ] GC(11) Concurrent Preclean 0.333ms
[2022-09-06T08:01:17.069+0000][8][gc,marking  ] GC(11) Concurrent Mark (8.103s, 8.113s) 9.406ms
[2022-09-06T08:01:17.071+0000][8][gc,start    ] GC(11) Pause Remark
[2022-09-06T08:01:17.108+0000][8][gc          ] GC(11) Pause Remark 22M->22M(256M) 36.569ms
[2022-09-06T08:01:17.108+0000][8][gc,cpu      ] GC(11) User=0.04s Sys=0.00s Real=0.04s
[2022-09-06T08:01:17.109+0000][8][safepoint   ] Safepoint "G1Concurrent", Time since last: 17292644 ns, Reaching safepoint: 2330252 ns, At safepoint: 37171020 ns, Total: 39501272 ns
[2022-09-06T08:01:17.109+0000][8][gc,marking  ] GC(11) Concurrent Rebuild Remembered Sets
[2022-09-06T08:01:17.113+0000][8][gc,marking  ] GC(11) Concurrent Rebuild Remembered Sets 3.834ms
[2022-09-06T08:01:17.125+0000][8][gc,start    ] GC(11) Pause Cleanup
[2022-09-06T08:01:17.126+0000][8][gc          ] GC(11) Pause Cleanup 22M->22M(256M) 0.462ms
[2022-09-06T08:01:17.126+0000][8][gc,cpu      ] GC(11) User=0.00s Sys=0.00s Real=0.00s
[2022-09-06T08:01:17.126+0000][8][safepoint   ] Safepoint "G1Concurrent", Time since last: 4457866 ns, Reaching safepoint: 12461986 ns, At safepoint: 846219 ns, Total: 13308205 ns
[2022-09-06T08:01:17.126+0000][8][gc,marking  ] GC(11) Concurrent Cleanup for Next Mark
[2022-09-06T08:01:17.127+0000][8][gc,marking  ] GC(11) Concurrent Cleanup for Next Mark 0.835ms
[2022-09-06T08:01:17.128+0000][8][gc          ] GC(11) Concurrent Cycle 75.881ms
[2022-09-06T08:01:17.466+0000][8][gc,start    ] GC(12) Pause Young (Normal) (G1 Evacuation Pause)
[2022-09-06T08:01:17.466+0000][8][gc,task     ] GC(12) Using 6 workers of 6 for evacuation
[2022-09-06T08:01:17.466+0000][8][gc,age      ] GC(12) Desired survivor size 10485760 bytes, new threshold 8 (max threshold 15)
[2022-09-06T08:01:17.476+0000][8][gc,age      ] GC(12) Age table with threshold 8 (max threshold 15)
[2022-09-06T08:01:17.476+0000][8][gc,age      ] GC(12) - age   1:    2077944 bytes,    2077944 total
[2022-09-06T08:01:17.476+0000][8][gc,age      ] GC(12) - age   2:    1609192 bytes,    3687136 total
[2022-09-06T08:01:17.476+0000][8][gc,age      ] GC(12) - age   3:     438736 bytes,    4125872 total
[2022-09-06T08:01:17.476+0000][8][gc,age      ] GC(12) - age   4:     254776 bytes,    4380648 total
[2022-09-06T08:01:17.477+0000][8][gc,age      ] GC(12) - age   5:     255288 bytes,    4635936 total
[2022-09-06T08:01:17.477+0000][8][gc,age      ] GC(12) - age   6:    1240800 bytes,    5876736 total
[2022-09-06T08:01:17.477+0000][8][gc,age      ] GC(12) - age   7:    1477208 bytes,    7353944 total
[2022-09-06T08:01:17.477+0000][8][gc,age      ] GC(12) - age   8:    1881160 bytes,    9235104 total
[2022-09-06T08:01:17.477+0000][8][gc,phases   ] GC(12)   Pre Evacuate Collection Set: 0.1ms
[2022-09-06T08:01:17.477+0000][8][gc,phases   ] GC(12)   Merge Heap Roots: 0.0ms
[2022-09-06T08:01:17.478+0000][8][gc,phases   ] GC(12)   Evacuate Collection Set: 8.3ms
[2022-09-06T08:01:17.478+0000][8][gc,phases   ] GC(12)   Post Evacuate Collection Set: 0.7ms
[2022-09-06T08:01:17.478+0000][8][gc,phases   ] GC(12)   Other: 2.1ms
[2022-09-06T08:01:17.478+0000][8][gc,heap     ] GC(12) Eden regions: 35->0(35)
[2022-09-06T08:01:17.478+0000][8][gc,heap     ] GC(12) Survivor regions: 3->3(5)
[2022-09-06T08:01:17.478+0000][8][gc,heap     ] GC(12) Old regions: 2->3
[2022-09-06T08:01:17.478+0000][8][gc,heap     ] GC(12) Archive regions: 2->2
[2022-09-06T08:01:17.478+0000][8][gc,heap     ] GC(12) Humongous regions: 0->0
[2022-09-06T08:01:17.479+0000][8][gc,metaspace] GC(12) Metaspace: 20126K(21504K)->20126K(21504K) NonClass: 17665K(18688K)->17665K(18688K) Class: 2460K(2816K)->2460K(2816K)
[2022-09-06T08:01:17.479+0000][8][gc          ] GC(12) Pause Young (Normal) (G1 Evacuation Pause) 160M->22M(256M) 12.697ms
[2022-09-06T08:01:17.479+0000][8][gc,cpu      ] GC(12) User=0.02s Sys=0.01s Real=0.01s
[2022-09-06T08:01:17.479+0000][8][safepoint   ] Safepoint "G1CollectForAllocation", Time since last: 339554970 ns, Reaching safepoint: 121398 ns, At safepoint: 13045142 ns, Total: 13166540 ns
[2022-09-06T08:01:17.713+0000][8][gc,start    ] GC(13) Pause Young (Normal) (G1 Evacuation Pause)
[2022-09-06T08:01:17.713+0000][8][gc,task     ] GC(13) Using 6 workers of 6 for evacuation
[2022-09-06T08:01:17.714+0000][8][gc,age      ] GC(13) Desired survivor size 10485760 bytes, new threshold 15 (max threshold 15)
[2022-09-06T08:01:17.722+0000][8][gc,age      ] GC(13) Age table with threshold 15 (max threshold 15)
[2022-09-06T08:01:17.723+0000][8][gc,age      ] GC(13) - age   1:     947984 bytes,     947984 total
[2022-09-06T08:01:17.723+0000][8][gc,age      ] GC(13) - age   2:     515040 bytes,    1463024 total
[2022-09-06T08:01:17.723+0000][8][gc,age      ] GC(13) - age   3:    1609192 bytes,    3072216 total
[2022-09-06T08:01:17.723+0000][8][gc,age      ] GC(13) - age   4:     438520 bytes,    3510736 total
[2022-09-06T08:01:17.723+0000][8][gc,age      ] GC(13) - age   5:     254776 bytes,    3765512 total
[2022-09-06T08:01:17.723+0000][8][gc,age      ] GC(13) - age   6:     254744 bytes,    4020256 total
[2022-09-06T08:01:17.723+0000][8][gc,age      ] GC(13) - age   7:    1240800 bytes,    5261056 total
[2022-09-06T08:01:17.724+0000][8][gc,age      ] GC(13) - age   8:    1477208 bytes,    6738264 total
[2022-09-06T08:01:17.724+0000][8][gc,age      ] GC(13) - age   9:    1881160 bytes,    8619424 total
[2022-09-06T08:01:17.724+0000][8][gc,phases   ] GC(13)   Pre Evacuate Collection Set: 0.1ms
[2022-09-06T08:01:17.724+0000][8][gc,phases   ] GC(13)   Merge Heap Roots: 0.0ms
[2022-09-06T08:01:17.724+0000][8][gc,phases   ] GC(13)   Evacuate Collection Set: 7.4ms
[2022-09-06T08:01:17.725+0000][8][gc,phases   ] GC(13)   Post Evacuate Collection Set: 0.5ms
[2022-09-06T08:01:17.725+0000][8][gc,phases   ] GC(13)   Other: 3.0ms
[2022-09-06T08:01:17.725+0000][8][gc,heap     ] GC(13) Eden regions: 35->0(35)
[2022-09-06T08:01:17.726+0000][8][gc,heap     ] GC(13) Survivor regions: 3->3(5)
[2022-09-06T08:01:17.726+0000][8][gc,heap     ] GC(13) Old regions: 3->3
[2022-09-06T08:01:17.726+0000][8][gc,heap     ] GC(13) Archive regions: 2->2
[2022-09-06T08:01:17.726+0000][8][gc,heap     ] GC(13) Humongous regions: 0->0
[2022-09-06T08:01:17.726+0000][8][gc,metaspace] GC(13) Metaspace: 20169K(21504K)->20169K(21504K) NonClass: 17699K(18688K)->17699K(18688K) Class: 2469K(2816K)->2469K(2816K)
[2022-09-06T08:01:17.727+0000][8][gc          ] GC(13) Pause Young (Normal) (G1 Evacuation Pause) 162M->22M(256M) 13.534ms
[2022-09-06T08:01:17.727+0000][8][gc,cpu      ] GC(13) User=0.01s Sys=0.00s Real=0.02s
[2022-09-06T08:01:17.727+0000][8][safepoint   ] Safepoint "G1CollectForAllocation", Time since last: 233762710 ns, Reaching safepoint: 214213 ns, At safepoint: 13881591 ns, Total: 14095804 ns
[2022-09-06T08:01:18.727+0000][8][safepoint   ] Safepoint "Cleanup", Time since last: 1000272263 ns, Reaching safepoint: 282902 ns, At safepoint: 21069 ns, Total: 303971 ns
[2022-09-06T08:01:19.884+0000][8][safepoint   ] Safepoint "Cleanup", Time since last: 1155779032 ns, Reaching safepoint: 301546 ns, At safepoint: 8095 ns, Total: 309641 ns
[2022-09-06T08:01:20.557+0000][8][gc,start    ] GC(14) Pause Young (Normal) (G1 Evacuation Pause)
[2022-09-06T08:01:20.558+0000][8][gc,task     ] GC(14) Using 6 workers of 6 for evacuation
[2022-09-06T08:01:20.558+0000][8][gc,age      ] GC(14) Desired survivor size 10485760 bytes, new threshold 15 (max threshold 15)
[2022-09-06T08:01:20.595+0000][8][gc,age      ] GC(14) Age table with threshold 15 (max threshold 15)
[2022-09-06T08:01:20.596+0000][8][gc,age      ] GC(14) - age   1:    9623288 bytes,    9623288 total
[2022-09-06T08:01:20.600+0000][8][gc,age      ] GC(14) - age   2:     298296 bytes,    9921584 total
[2022-09-06T08:01:20.601+0000][8][gc,age      ] GC(14) - age   3:     514440 bytes,   10436024 total
[2022-09-06T08:01:20.602+0000][8][gc,age      ] GC(14) - age   4:    1605104 bytes,   12041128 total
[2022-09-06T08:01:20.602+0000][8][gc,age      ] GC(14) - age   5:     437960 bytes,   12479088 total
[2022-09-06T08:01:20.602+0000][8][gc,age      ] GC(14) - age   6:     254248 bytes,   12733336 total
[2022-09-06T08:01:20.602+0000][8][gc,age      ] GC(14) - age   7:     247760 bytes,   12981096 total
[2022-09-06T08:01:20.602+0000][8][gc,age      ] GC(14) - age   8:    1237952 bytes,   14219048 total
[2022-09-06T08:01:20.602+0000][8][gc,age      ] GC(14) - age   9:    1473576 bytes,   15692624 total
[2022-09-06T08:01:20.603+0000][8][gc,age      ] GC(14) - age  10:    1873840 bytes,   17566464 total
[2022-09-06T08:01:20.603+0000][8][gc,phases   ] GC(14)   Pre Evacuate Collection Set: 0.1ms
[2022-09-06T08:01:20.603+0000][8][gc,phases   ] GC(14)   Merge Heap Roots: 0.0ms
[2022-09-06T08:01:20.603+0000][8][gc,phases   ] GC(14)   Evacuate Collection Set: 27.3ms
[2022-09-06T08:01:20.603+0000][8][gc,phases   ] GC(14)   Post Evacuate Collection Set: 9.5ms
[2022-09-06T08:01:20.603+0000][8][gc,phases   ] GC(14)   Other: 8.5ms
[2022-09-06T08:01:20.604+0000][8][gc,heap     ] GC(14) Eden regions: 35->0(33)
[2022-09-06T08:01:20.604+0000][8][gc,heap     ] GC(14) Survivor regions: 3->5(5)
[2022-09-06T08:01:20.604+0000][8][gc,heap     ] GC(14) Old regions: 3->3
[2022-09-06T08:01:20.604+0000][8][gc,heap     ] GC(14) Archive regions: 2->2
[2022-09-06T08:01:20.604+0000][8][gc,heap     ] GC(14) Humongous regions: 0->0
[2022-09-06T08:01:20.604+0000][8][gc,metaspace] GC(14) Metaspace: 29890K(32000K)->29890K(32000K) NonClass: 26157K(27648K)->26157K(27648K) Class: 3732K(4352K)->3732K(4352K)
[2022-09-06T08:01:20.604+0000][8][gc          ] GC(14) Pause Young (Normal) (G1 Evacuation Pause) 162M->30M(256M) 47.080ms
[2022-09-06T08:01:20.605+0000][8][gc,cpu      ] GC(14) User=0.06s Sys=0.02s Real=0.04s
[2022-09-06T08:01:20.605+0000][8][safepoint   ] Safepoint "G1CollectForAllocation", Time since last: 673397991 ns, Reaching safepoint: 354515 ns, At safepoint: 47481919 ns, Total: 47836434 ns
[2022-09-06T08:01:21.552+0000][8][gc,start    ] GC(15) Pause Young (Normal) (G1 Evacuation Pause)
[2022-09-06T08:01:21.552+0000][8][gc,task     ] GC(15) Using 6 workers of 6 for evacuation
[2022-09-06T08:01:21.553+0000][8][gc,age      ] GC(15) Desired survivor size 10485760 bytes, new threshold 4 (max threshold 15)
[2022-09-06T08:01:21.599+0000][8][gc,age      ] GC(15) Age table with threshold 4 (max threshold 15)
[2022-09-06T08:01:21.599+0000][8][gc,age      ] GC(15) - age   1:   10804104 bytes,   10804104 total
[2022-09-06T08:01:21.599+0000][8][gc,age      ] GC(15) - age   2:    9041264 bytes,   19845368 total
[2022-09-06T08:01:21.600+0000][8][gc,age      ] GC(15) - age   3:     298296 bytes,   20143664 total
[2022-09-06T08:01:21.600+0000][8][gc,age      ] GC(15) - age   4:     514440 bytes,   20658104 total
[2022-09-06T08:01:21.600+0000][8][gc,phases   ] GC(15)   Pre Evacuate Collection Set: 0.1ms
[2022-09-06T08:01:21.600+0000][8][gc,phases   ] GC(15)   Merge Heap Roots: 0.0ms
[2022-09-06T08:01:21.600+0000][8][gc,phases   ] GC(15)   Evacuate Collection Set: 44.0ms
[2022-09-06T08:01:21.600+0000][8][gc,phases   ] GC(15)   Post Evacuate Collection Set: 2.0ms
[2022-09-06T08:01:21.600+0000][8][gc,phases   ] GC(15)   Other: 1.6ms
[2022-09-06T08:01:21.600+0000][8][gc,heap     ] GC(15) Eden regions: 33->0(33)
[2022-09-06T08:01:21.601+0000][8][gc,heap     ] GC(15) Survivor regions: 5->5(5)
[2022-09-06T08:01:21.601+0000][8][gc,heap     ] GC(15) Old regions: 3->6
[2022-09-06T08:01:21.601+0000][8][gc,heap     ] GC(15) Archive regions: 2->2
[2022-09-06T08:01:21.601+0000][8][gc,heap     ] GC(15) Humongous regions: 0->0
[2022-09-06T08:01:21.601+0000][8][gc,metaspace] GC(15) Metaspace: 30156K(32256K)->30156K(32256K) NonClass: 26384K(27904K)->26384K(27904K) Class: 3772K(4352K)->3772K(4352K)
[2022-09-06T08:01:21.601+0000][8][gc          ] GC(15) Pause Young (Normal) (G1 Evacuation Pause) 162M->46M(256M) 49.164ms
[2022-09-06T08:01:21.601+0000][8][gc,cpu      ] GC(15) User=0.12s Sys=0.01s Real=0.05s
[2022-09-06T08:01:21.602+0000][8][safepoint   ] Safepoint "G1CollectForAllocation", Time since last: 947033200 ns, Reaching safepoint: 275066 ns, At safepoint: 49536966 ns, Total: 49812032 ns
[2022-09-06T08:01:22.495+0000][8][gc,start    ] GC(16) Pause Young (Concurrent Start) (Metadata GC Threshold)
[2022-09-06T08:01:22.496+0000][8][gc,task     ] GC(16) Using 6 workers of 6 for evacuation
[2022-09-06T08:01:22.497+0000][8][gc,age      ] GC(16) Desired survivor size 10485760 bytes, new threshold 1 (max threshold 15)
[2022-09-06T08:01:22.566+0000][8][gc,age      ] GC(16) Age table with threshold 1 (max threshold 15)
[2022-09-06T08:01:22.566+0000][8][gc,age      ] GC(16) - age   1:   12298968 bytes,   12298968 total
[2022-09-06T08:01:22.566+0000][8][gc,phases   ] GC(16)   Pre Evacuate Collection Set: 0.1ms
[2022-09-06T08:01:22.567+0000][8][gc,phases   ] GC(16)   Merge Heap Roots: 0.1ms
[2022-09-06T08:01:22.567+0000][8][gc,phases   ] GC(16)   Evacuate Collection Set: 57.2ms
[2022-09-06T08:01:22.567+0000][8][gc,phases   ] GC(16)   Post Evacuate Collection Set: 10.8ms
[2022-09-06T08:01:22.567+0000][8][gc,phases   ] GC(16)   Other: 3.1ms
[2022-09-06T08:01:22.568+0000][8][gc,heap     ] GC(16) Eden regions: 22->0(28)
[2022-09-06T08:01:22.568+0000][8][gc,heap     ] GC(16) Survivor regions: 5->4(5)
[2022-09-06T08:01:22.568+0000][8][gc,heap     ] GC(16) Old regions: 6->11
[2022-09-06T08:01:22.568+0000][8][gc,heap     ] GC(16) Archive regions: 2->2
[2022-09-06T08:01:22.568+0000][8][gc,heap     ] GC(16) Humongous regions: 0->0
[2022-09-06T08:01:22.568+0000][8][gc,metaspace] GC(16) Metaspace: 33608K(35840K)->33608K(35840K) NonClass: 29262K(30848K)->29262K(30848K) Class: 4345K(4992K)->4345K(4992K)
[2022-09-06T08:01:22.568+0000][8][gc          ] GC(16) Pause Young (Concurrent Start) (Metadata GC Threshold) 134M->59M(256M) 73.232ms
[2022-09-06T08:01:22.569+0000][8][gc,cpu      ] GC(16) User=0.12s Sys=0.00s Real=0.07s
[2022-09-06T08:01:22.569+0000][8][safepoint   ] Safepoint "CollectForMetadataAllocation", Time since last: 893342690 ns, Reaching safepoint: 196268 ns, At safepoint: 73771126 ns, Total: 73967394 ns
[2022-09-06T08:01:22.575+0000][8][gc          ] GC(17) Concurrent Cycle
[2022-09-06T08:01:22.581+0000][8][gc,marking  ] GC(17) Concurrent Clear Claimed Marks
[2022-09-06T08:01:22.581+0000][8][gc,marking  ] GC(17) Concurrent Clear Claimed Marks 0.221ms
[2022-09-06T08:01:22.581+0000][8][gc,marking  ] GC(17) Concurrent Scan Root Regions
[2022-09-06T08:01:22.605+0000][8][gc,marking  ] GC(17) Concurrent Scan Root Regions 23.642ms
[2022-09-06T08:01:22.610+0000][8][gc,marking  ] GC(17) Concurrent Mark (13.654s)
[2022-09-06T08:01:22.615+0000][8][gc,marking  ] GC(17) Concurrent Mark From Roots
[2022-09-06T08:01:22.618+0000][8][gc,task     ] GC(17) Using 2 workers of 2 for marking
[2022-09-06T08:01:22.641+0000][8][gc,marking  ] GC(17) Concurrent Mark From Roots 25.781ms
[2022-09-06T08:01:22.641+0000][8][gc,marking  ] GC(17) Concurrent Preclean
[2022-09-06T08:01:22.641+0000][8][gc,marking  ] GC(17) Concurrent Preclean 0.312ms
[2022-09-06T08:01:22.642+0000][8][gc,marking  ] GC(17) Concurrent Mark (13.654s, 13.686s) 32.085ms
[2022-09-06T08:01:22.643+0000][8][gc,start    ] GC(17) Pause Remark
[2022-09-06T08:01:22.647+0000][8][gc          ] GC(17) Pause Remark 61M->61M(256M) 3.847ms
[2022-09-06T08:01:22.648+0000][8][gc,cpu      ] GC(17) User=0.01s Sys=0.00s Real=0.01s
[2022-09-06T08:01:22.648+0000][8][safepoint   ] Safepoint "G1Concurrent", Time since last: 72993365 ns, Reaching safepoint: 1530663 ns, At safepoint: 4498943 ns, Total: 6029606 ns
[2022-09-06T08:01:22.648+0000][8][gc,marking  ] GC(17) Concurrent Rebuild Remembered Sets
[2022-09-06T08:01:22.671+0000][8][gc,marking  ] GC(17) Concurrent Rebuild Remembered Sets 22.357ms
[2022-09-06T08:01:22.671+0000][8][gc,start    ] GC(17) Pause Cleanup
[2022-09-06T08:01:22.672+0000][8][gc          ] GC(17) Pause Cleanup 61M->61M(256M) 0.453ms
[2022-09-06T08:01:22.672+0000][8][gc,cpu      ] GC(17) User=0.00s Sys=0.00s Real=0.00s
[2022-09-06T08:01:22.672+0000][8][safepoint   ] Safepoint "G1Concurrent", Time since last: 22966932 ns, Reaching safepoint: 429056 ns, At safepoint: 826821 ns, Total: 1255877 ns
[2022-09-06T08:01:22.672+0000][8][gc,marking  ] GC(17) Concurrent Cleanup for Next Mark
[2022-09-06T08:01:22.673+0000][8][gc,marking  ] GC(17) Concurrent Cleanup for Next Mark 0.718ms
[2022-09-06T08:01:22.674+0000][8][gc          ] GC(17) Concurrent Cycle 98.584ms
[2022-09-06T08:01:22.895+0000][8][gc,start    ] GC(18) Pause Young (Normal) (G1 Evacuation Pause)
[2022-09-06T08:01:22.896+0000][8][gc,task     ] GC(18) Using 6 workers of 6 for evacuation
[2022-09-06T08:01:22.896+0000][8][gc,age      ] GC(18) Desired survivor size 8388608 bytes, new threshold 1 (max threshold 15)
[2022-09-06T08:01:22.916+0000][8][gc,age      ] GC(18) Age table with threshold 1 (max threshold 15)
[2022-09-06T08:01:22.916+0000][8][gc,age      ] GC(18) - age   1:     644784 bytes,     644784 total
[2022-09-06T08:01:22.916+0000][8][gc,phases   ] GC(18)   Pre Evacuate Collection Set: 0.1ms
[2022-09-06T08:01:22.917+0000][8][gc,phases   ] GC(18)   Merge Heap Roots: 0.1ms
[2022-09-06T08:01:22.917+0000][8][gc,phases   ] GC(18)   Evacuate Collection Set: 19.1ms
[2022-09-06T08:01:22.917+0000][8][gc,phases   ] GC(18)   Post Evacuate Collection Set: 0.5ms
[2022-09-06T08:01:22.917+0000][8][gc,phases   ] GC(18)   Other: 1.6ms
[2022-09-06T08:01:22.917+0000][8][gc,heap     ] GC(18) Eden regions: 28->0(30)
[2022-09-06T08:01:22.918+0000][8][gc,heap     ] GC(18) Survivor regions: 4->1(4)
[2022-09-06T08:01:22.918+0000][8][gc,heap     ] GC(18) Old regions: 11->14
[2022-09-06T08:01:22.918+0000][8][gc,heap     ] GC(18) Archive regions: 2->2
[2022-09-06T08:01:22.918+0000][8][gc,heap     ] GC(18) Humongous regions: 0->0
[2022-09-06T08:01:22.918+0000][8][gc,metaspace] GC(18) Metaspace: 35866K(38272K)->35866K(38272K) NonClass: 31288K(33024K)->31288K(33024K) Class: 4577K(5248K)->4577K(5248K)
[2022-09-06T08:01:22.918+0000][8][gc          ] GC(18) Pause Young (Normal) (G1 Evacuation Pause) 171M->59M(256M) 23.249ms
[2022-09-06T08:01:22.919+0000][8][gc,cpu      ] GC(18) User=0.02s Sys=0.00s Real=0.02s
[2022-09-06T08:01:22.919+0000][8][safepoint   ] Safepoint "G1CollectForAllocation", Time since last: 220661244 ns, Reaching safepoint: 2303563 ns, At safepoint: 23628182 ns, Total: 25931745 ns
[2022-09-06T08:01:23.684+0000][8][safepoint   ] Safepoint "ICBufferFull", Time since last: 764571765 ns, Reaching safepoint: 393028 ns, At safepoint: 40496 ns, Total: 433524 ns
[2022-09-06T08:01:24.686+0000][8][safepoint   ] Safepoint "Cleanup", Time since last: 1001354855 ns, Reaching safepoint: 241704 ns, At safepoint: 26469 ns, Total: 268173 ns
[2022-09-06T08:01:24.996+0000][8][gc,start    ] GC(19) Pause Young (Normal) (G1 Evacuation Pause)
[2022-09-06T08:01:24.996+0000][8][gc,task     ] GC(19) Using 6 workers of 6 for evacuation
[2022-09-06T08:01:24.996+0000][8][gc,age      ] GC(19) Desired survivor size 8388608 bytes, new threshold 15 (max threshold 15)
[2022-09-06T08:01:25.020+0000][8][gc,age      ] GC(19) Age table with threshold 15 (max threshold 15)
[2022-09-06T08:01:25.021+0000][8][gc,age      ] GC(19) - age   1:    5927864 bytes,    5927864 total
[2022-09-06T08:01:25.021+0000][8][gc,age      ] GC(19) - age   2:     632440 bytes,    6560304 total
[2022-09-06T08:01:25.021+0000][8][gc,phases   ] GC(19)   Pre Evacuate Collection Set: 0.1ms
[2022-09-06T08:01:25.021+0000][8][gc,phases   ] GC(19)   Merge Heap Roots: 0.1ms
[2022-09-06T08:01:25.021+0000][8][gc,phases   ] GC(19)   Evacuate Collection Set: 18.8ms
[2022-09-06T08:01:25.022+0000][8][gc,phases   ] GC(19)   Post Evacuate Collection Set: 4.7ms
[2022-09-06T08:01:25.022+0000][8][gc,phases   ] GC(19)   Other: 1.5ms
[2022-09-06T08:01:25.022+0000][8][gc,heap     ] GC(19) Eden regions: 30->0(29)
[2022-09-06T08:01:25.022+0000][8][gc,heap     ] GC(19) Survivor regions: 1->2(4)
[2022-09-06T08:01:25.022+0000][8][gc,heap     ] GC(19) Old regions: 14->14
[2022-09-06T08:01:25.022+0000][8][gc,heap     ] GC(19) Archive regions: 2->2
[2022-09-06T08:01:25.023+0000][8][gc,heap     ] GC(19) Humongous regions: 0->0
[2022-09-06T08:01:25.023+0000][8][gc,metaspace] GC(19) Metaspace: 51855K(55424K)->51855K(55424K) NonClass: 44918K(47616K)->44918K(47616K) Class: 6937K(7808K)->6937K(7808K)
[2022-09-06T08:01:25.023+0000][8][gc          ] GC(19) Pause Young (Normal) (G1 Evacuation Pause) 179M->65M(256M) 27.103ms
[2022-09-06T08:01:25.023+0000][8][gc,cpu      ] GC(19) User=0.05s Sys=0.00s Real=0.02s
[2022-09-06T08:01:25.023+0000][8][safepoint   ] Safepoint "G1CollectForAllocation", Time since last: 309588353 ns, Reaching safepoint: 225162 ns, At safepoint: 27566184 ns, Total: 27791346 ns
[2022-09-06T08:01:26.007+0000][8][safepoint   ] Safepoint "ICBufferFull", Time since last: 982855648 ns, Reaching safepoint: 335499 ns, At safepoint: 47669 ns, Total: 383168 ns
[2022-09-06T08:01:26.120+0000][8][gc,start    ] GC(20) Pause Young (Concurrent Start) (Metadata GC Threshold)
[2022-09-06T08:01:26.120+0000][8][gc,task     ] GC(20) Using 6 workers of 6 for evacuation
[2022-09-06T08:01:26.120+0000][8][gc,age      ] GC(20) Desired survivor size 8388608 bytes, new threshold 15 (max threshold 15)
[2022-09-06T08:01:26.139+0000][8][gc,age      ] GC(20) Age table with threshold 15 (max threshold 15)
[2022-09-06T08:01:26.139+0000][8][gc,age      ] GC(20) - age   1:    2184688 bytes,    2184688 total
[2022-09-06T08:01:26.139+0000][8][gc,age      ] GC(20) - age   2:    5764488 bytes,    7949176 total
[2022-09-06T08:01:26.139+0000][8][gc,age      ] GC(20) - age   3:     631944 bytes,    8581120 total
[2022-09-06T08:01:26.140+0000][8][gc,phases   ] GC(20)   Pre Evacuate Collection Set: 0.2ms
[2022-09-06T08:01:26.140+0000][8][gc,phases   ] GC(20)   Merge Heap Roots: 0.1ms
[2022-09-06T08:01:26.140+0000][8][gc,phases   ] GC(20)   Evacuate Collection Set: 11.8ms
[2022-09-06T08:01:26.140+0000][8][gc,phases   ] GC(20)   Post Evacuate Collection Set: 5.9ms
[2022-09-06T08:01:26.140+0000][8][gc,phases   ] GC(20)   Other: 1.9ms
[2022-09-06T08:01:26.140+0000][8][gc,heap     ] GC(20) Eden regions: 21->0(29)
[2022-09-06T08:01:26.141+0000][8][gc,heap     ] GC(20) Survivor regions: 2->3(4)
[2022-09-06T08:01:26.141+0000][8][gc,heap     ] GC(20) Old regions: 14->14
[2022-09-06T08:01:26.141+0000][8][gc,heap     ] GC(20) Archive regions: 2->2
[2022-09-06T08:01:26.141+0000][8][gc,heap     ] GC(20) Humongous regions: 0->0
[2022-09-06T08:01:26.141+0000][8][gc,metaspace] GC(20) Metaspace: 56534K(60160K)->56534K(60160K) NonClass: 49104K(51712K)->49104K(51712K) Class: 7430K(8448K)->7430K(8448K)
[2022-09-06T08:01:26.141+0000][8][gc          ] GC(20) Pause Young (Concurrent Start) (Metadata GC Threshold) 149M->67M(256M) 21.659ms
[2022-09-06T08:01:26.142+0000][8][gc,cpu      ] GC(20) User=0.01s Sys=0.02s Real=0.02s
[2022-09-06T08:01:26.142+0000][8][gc          ] GC(21) Concurrent Cycle
[2022-09-06T08:01:26.142+0000][8][gc,marking  ] GC(21) Concurrent Clear Claimed Marks
[2022-09-06T08:01:26.142+0000][8][gc,marking  ] GC(21) Concurrent Clear Claimed Marks 0.257ms
[2022-09-06T08:01:26.142+0000][8][gc,marking  ] GC(21) Concurrent Scan Root Regions
[2022-09-06T08:01:26.146+0000][8][gc,marking  ] GC(21) Concurrent Scan Root Regions 3.396ms
[2022-09-06T08:01:26.146+0000][8][gc,marking  ] GC(21) Concurrent Mark (17.190s)
[2022-09-06T08:01:26.146+0000][8][gc,marking  ] GC(21) Concurrent Mark From Roots
[2022-09-06T08:01:26.147+0000][8][gc,task     ] GC(21) Using 2 workers of 2 for marking
[2022-09-06T08:01:26.156+0000][8][safepoint   ] Safepoint "CollectForMetadataAllocation", Time since last: 112914957 ns, Reaching safepoint: 173125 ns, At safepoint: 36731193 ns, Total: 36904318 ns
[2022-09-06T08:01:26.205+0000][8][safepoint   ] Safepoint "CollectForMetadataAllocation", Time since last: 34160509 ns, Reaching safepoint: 241713 ns, At safepoint: 13842579 ns, Total: 14084292 ns
[2022-09-06T08:01:26.222+0000][8][gc,marking  ] GC(21) Concurrent Mark From Roots 75.991ms
[2022-09-06T08:01:26.223+0000][8][gc,marking  ] GC(21) Concurrent Preclean
[2022-09-06T08:01:26.223+0000][8][gc,marking  ] GC(21) Concurrent Preclean 0.414ms
[2022-09-06T08:01:26.224+0000][8][gc,marking  ] GC(21) Concurrent Mark (17.190s, 17.268s) 78.016ms
[2022-09-06T08:01:26.226+0000][8][gc,start    ] GC(21) Pause Remark
[2022-09-06T08:01:26.239+0000][8][gc          ] GC(21) Pause Remark 70M->70M(256M) 12.889ms
[2022-09-06T08:01:26.239+0000][8][gc,cpu      ] GC(21) User=0.02s Sys=0.01s Real=0.01s
[2022-09-06T08:01:26.239+0000][8][safepoint   ] Safepoint "G1Concurrent", Time since last: 20814532 ns, Reaching safepoint: 177052 ns, At safepoint: 13582651 ns, Total: 13759703 ns
[2022-09-06T08:01:26.246+0000][8][gc,marking  ] GC(21) Concurrent Rebuild Remembered Sets
[2022-09-06T08:01:26.288+0000][8][gc,marking  ] GC(21) Concurrent Rebuild Remembered Sets 42.651ms
[2022-09-06T08:01:26.290+0000][8][gc,start    ] GC(21) Pause Cleanup
[2022-09-06T08:01:26.290+0000][8][gc          ] GC(21) Pause Cleanup 71M->71M(256M) 0.425ms
[2022-09-06T08:01:26.291+0000][8][gc,cpu      ] GC(21) User=0.00s Sys=0.00s Real=0.00s
[2022-09-06T08:01:26.291+0000][8][safepoint   ] Safepoint "G1Concurrent", Time since last: 49339535 ns, Reaching safepoint: 1267629 ns, At safepoint: 938771 ns, Total: 2206400 ns
[2022-09-06T08:01:26.293+0000][8][gc,marking  ] GC(21) Concurrent Cleanup for Next Mark
[2022-09-06T08:01:26.294+0000][8][gc,marking  ] GC(21) Concurrent Cleanup for Next Mark 1.042ms
[2022-09-06T08:01:26.295+0000][8][gc          ] GC(21) Concurrent Cycle 153.077ms
[2022-09-06T08:01:27.304+0000][8][safepoint   ] Safepoint "Cleanup", Time since last: 1001730791 ns, Reaching safepoint: 11009372 ns, At safepoint: 10850 ns, Total: 11020222 ns
[2022-09-06T08:01:28.836+0000][8][safepoint   ] Safepoint "Cleanup", Time since last: 1523842924 ns, Reaching safepoint: 8172167 ns, At safepoint: 23053 ns, Total: 8195220 ns
[2022-09-06T08:01:29.798+0000][8][gc,start    ] GC(22) Pause Young (Concurrent Start) (G1 Evacuation Pause)
[2022-09-06T08:01:29.798+0000][8][gc,task     ] GC(22) Using 6 workers of 6 for evacuation
[2022-09-06T08:01:29.798+0000][8][gc,age      ] GC(22) Desired survivor size 8388608 bytes, new threshold 3 (max threshold 15)
[2022-09-06T08:01:29.822+0000][8][gc,age      ] GC(22) Age table with threshold 3 (max threshold 15)
[2022-09-06T08:01:29.822+0000][8][gc,age      ] GC(22) - age   1:    6916312 bytes,    6916312 total
[2022-09-06T08:01:29.823+0000][8][gc,age      ] GC(22) - age   2:    2105256 bytes,    9021568 total
[2022-09-06T08:01:29.823+0000][8][gc,age      ] GC(22) - age   3:    5735480 bytes,   14757048 total
[2022-09-06T08:01:29.823+0000][8][gc,phases   ] GC(22)   Pre Evacuate Collection Set: 0.2ms
[2022-09-06T08:01:29.823+0000][8][gc,phases   ] GC(22)   Merge Heap Roots: 0.1ms
[2022-09-06T08:01:29.824+0000][8][gc,phases   ] GC(22)   Evacuate Collection Set: 19.1ms
[2022-09-06T08:01:29.824+0000][8][gc,phases   ] GC(22)   Post Evacuate Collection Set: 4.2ms
[2022-09-06T08:01:29.824+0000][8][gc,phases   ] GC(22)   Other: 2.0ms
[2022-09-06T08:01:29.824+0000][8][gc,heap     ] GC(22) Eden regions: 29->0(29)
[2022-09-06T08:01:29.824+0000][8][gc,heap     ] GC(22) Survivor regions: 3->4(4)
[2022-09-06T08:01:29.824+0000][8][gc,heap     ] GC(22) Old regions: 14->14
[2022-09-06T08:01:29.825+0000][8][gc,heap     ] GC(22) Archive regions: 2->2
[2022-09-06T08:01:29.825+0000][8][gc,heap     ] GC(22) Humongous regions: 0->0
[2022-09-06T08:01:29.825+0000][8][gc,metaspace] GC(22) Metaspace: 74546K(78336K)->74546K(78336K) NonClass: 64558K(67328K)->64558K(67328K) Class: 9988K(11008K)->9988K(11008K)
[2022-09-06T08:01:29.825+0000][8][gc          ] GC(22) Pause Young (Concurrent Start) (G1 Evacuation Pause) 183M->73M(256M) 27.476ms
[2022-09-06T08:01:29.825+0000][8][gc,cpu      ] GC(22) User=0.05s Sys=0.00s Real=0.02s
[2022-09-06T08:01:29.826+0000][8][safepoint   ] Safepoint "G1CollectForAllocation", Time since last: 961575963 ns, Reaching safepoint: 504938 ns, At safepoint: 27944062 ns, Total: 28449000 ns
[2022-09-06T08:01:29.826+0000][8][gc          ] GC(23) Concurrent Cycle
[2022-09-06T08:01:29.838+0000][8][gc,marking  ] GC(23) Concurrent Clear Claimed Marks
[2022-09-06T08:01:29.839+0000][8][gc,marking  ] GC(23) Concurrent Clear Claimed Marks 0.418ms
[2022-09-06T08:01:29.839+0000][8][gc,marking  ] GC(23) Concurrent Scan Root Regions
[2022-09-06T08:01:29.845+0000][8][gc,marking  ] GC(23) Concurrent Scan Root Regions 5.764ms
[2022-09-06T08:01:29.845+0000][8][gc,marking  ] GC(23) Concurrent Mark (20.888s)
[2022-09-06T08:01:29.845+0000][8][gc,marking  ] GC(23) Concurrent Mark From Roots
[2022-09-06T08:01:29.845+0000][8][gc,task     ] GC(23) Using 2 workers of 2 for marking
[2022-09-06T08:01:29.946+0000][8][gc,marking  ] GC(23) Concurrent Mark From Roots 100.317ms
[2022-09-06T08:01:29.946+0000][8][gc,marking  ] GC(23) Concurrent Preclean
[2022-09-06T08:01:29.946+0000][8][gc,marking  ] GC(23) Concurrent Preclean 0.399ms
[2022-09-06T08:01:29.947+0000][8][gc,marking  ] GC(23) Concurrent Mark (20.888s, 20.990s) 101.456ms
[2022-09-06T08:01:29.963+0000][8][gc,start    ] GC(23) Pause Remark
[2022-09-06T08:01:30.007+0000][8][gc          ] GC(23) Pause Remark 79M->79M(256M) 44.742ms
[2022-09-06T08:01:30.008+0000][8][gc,cpu      ] GC(23) User=0.01s Sys=0.01s Real=0.05s
[2022-09-06T08:01:30.008+0000][8][safepoint   ] Safepoint "G1Concurrent", Time since last: 121158637 ns, Reaching safepoint: 15697429 ns, At safepoint: 45308441 ns, Total: 61005870 ns
[2022-09-06T08:01:30.008+0000][8][gc,marking  ] GC(23) Concurrent Rebuild Remembered Sets
[2022-09-06T08:01:30.034+0000][8][gc,marking  ] GC(23) Concurrent Rebuild Remembered Sets 26.036ms
[2022-09-06T08:01:30.036+0000][8][gc,start    ] GC(23) Pause Cleanup
[2022-09-06T08:01:30.037+0000][8][gc          ] GC(23) Pause Cleanup 81M->81M(256M) 0.559ms
[2022-09-06T08:01:30.037+0000][8][gc,cpu      ] GC(23) User=0.00s Sys=0.00s Real=0.00s
[2022-09-06T08:01:30.037+0000][8][safepoint   ] Safepoint "G1Concurrent", Time since last: 27710514 ns, Reaching safepoint: 649970 ns, At safepoint: 1037948 ns, Total: 1687918 ns
[2022-09-06T08:01:30.037+0000][8][gc,marking  ] GC(23) Concurrent Cleanup for Next Mark
[2022-09-06T08:01:30.038+0000][8][gc,marking  ] GC(23) Concurrent Cleanup for Next Mark 0.668ms
[2022-09-06T08:01:30.038+0000][8][gc          ] GC(23) Concurrent Cycle 212.804ms
[2022-09-06T08:01:31.141+0000][8][safepoint   ] Safepoint "Cleanup", Time since last: 1103128492 ns, Reaching safepoint: 382007 ns, At safepoint: 4398 ns, Total: 386405 ns
[2022-09-06T08:01:32.307+0000][8][safepoint   ] Safepoint "ICBufferFull", Time since last: 1165530944 ns, Reaching safepoint: 291547 ns, At safepoint: 73087 ns, Total: 364634 ns
[2022-09-06T08:01:33.321+0000][8][safepoint   ] Safepoint "Cleanup", Time since last: 1003043975 ns, Reaching safepoint: 11759299 ns, At safepoint: 11772 ns, Total: 11771071 ns
[2022-09-06T08:01:34.762+0000][8][safepoint   ] Safepoint "Cleanup", Time since last: 1440221793 ns, Reaching safepoint: 240802 ns, At safepoint: 1733 ns, Total: 242535 ns
[2022-09-06T08:01:35.763+0000][8][safepoint   ] Safepoint "Cleanup", Time since last: 1000608805 ns, Reaching safepoint: 244719 ns, At safepoint: 28594 ns, Total: 273313 ns
[2022-09-06T08:01:36.764+0000][8][safepoint   ] Safepoint "Cleanup", Time since last: 1000596192 ns, Reaching safepoint: 457678 ns, At safepoint: 12674 ns, Total: 470352 ns
[2022-09-06T08:01:37.766+0000][8][safepoint   ] Safepoint "Cleanup", Time since last: 1002417389 ns, Reaching safepoint: 238688 ns, At safepoint: 2254 ns, Total: 240942 ns
[2022-09-06T08:01:38.769+0000][8][safepoint   ] Safepoint "Cleanup", Time since last: 1002747058 ns, Reaching safepoint: 242065 ns, At safepoint: 9708 ns, Total: 251773 ns
[2022-09-06T08:01:38.970+0000][8][gc,start    ] GC(24) Pause Young (Normal) (G1 Evacuation Pause)
[2022-09-06T08:01:38.970+0000][8][gc,task     ] GC(24) Using 6 workers of 6 for evacuation
[2022-09-06T08:01:38.971+0000][8][gc,age      ] GC(24) Desired survivor size 10485760 bytes, new threshold 3 (max threshold 15)
[2022-09-06T08:01:39.013+0000][8][gc,age      ] GC(24) Age table with threshold 3 (max threshold 15)
[2022-09-06T08:01:39.015+0000][8][gc,age      ] GC(24) - age   1:    6829664 bytes,    6829664 total
[2022-09-06T08:01:39.015+0000][8][gc,age      ] GC(24) - age   2:    6348536 bytes,   13178200 total
[2022-09-06T08:01:39.015+0000][8][gc,age      ] GC(24) - age   3:    2092520 bytes,   15270720 total
[2022-09-06T08:01:39.016+0000][8][gc,phases   ] GC(24)   Pre Evacuate Collection Set: 0.1ms
[2022-09-06T08:01:39.016+0000][8][gc,phases   ] GC(24)   Merge Heap Roots: 0.1ms
[2022-09-06T08:01:39.017+0000][8][gc,phases   ] GC(24)   Evacuate Collection Set: 34.7ms
[2022-09-06T08:01:39.017+0000][8][gc,phases   ] GC(24)   Post Evacuate Collection Set: 7.3ms
[2022-09-06T08:01:39.018+0000][8][gc,phases   ] GC(24)   Other: 3.5ms
[2022-09-06T08:01:39.018+0000][8][gc,heap     ] GC(24) Eden regions: 29->0(25)
[2022-09-06T08:01:39.018+0000][8][gc,heap     ] GC(24) Survivor regions: 4->4(5)
[2022-09-06T08:01:39.018+0000][8][gc,heap     ] GC(24) Old regions: 14->16
[2022-09-06T08:01:39.019+0000][8][gc,heap     ] GC(24) Archive regions: 2->2
[2022-09-06T08:01:39.019+0000][8][gc,heap     ] GC(24) Humongous regions: 2->2
[2022-09-06T08:01:39.019+0000][8][gc,metaspace] GC(24) Metaspace: 89538K(94080K)->89538K(94080K) NonClass: 77422K(80896K)->77422K(80896K) Class: 12115K(13184K)->12115K(13184K)
[2022-09-06T08:01:39.019+0000][8][gc          ] GC(24) Pause Young (Normal) (G1 Evacuation Pause) 197M->88M(256M) 49.068ms
[2022-09-06T08:01:39.019+0000][8][gc,cpu      ] GC(24) User=0.07s Sys=0.00s Real=0.05s
[2022-09-06T08:01:39.020+0000][8][safepoint   ] Safepoint "G1CollectForAllocation", Time since last: 200402584 ns, Reaching safepoint: 148689 ns, At safepoint: 49684382 ns, Total: 49833071 ns
[2022-09-06T08:01:40.356+0000][8][safepoint   ] Safepoint "ICBufferFull", Time since last: 1331550461 ns, Reaching safepoint: 4297485 ns, At safepoint: 36599 ns, Total: 4334084 ns
[2022-09-06T08:01:41.357+0000][8][safepoint   ] Safepoint "Cleanup", Time since last: 1001243957 ns, Reaching safepoint: 150342 ns, At safepoint: 9267 ns, Total: 159609 ns
[2022-09-06T08:01:42.358+0000][8][safepoint   ] Safepoint "Cleanup", Time since last: 1000409541 ns, Reaching safepoint: 106019 ns, At safepoint: 25258 ns, Total: 131277 ns
[2022-09-06T08:01:45.358+0000][8][safepoint   ] Safepoint "Cleanup", Time since last: 3000662230 ns, Reaching safepoint: 216907 ns, At safepoint: 2315 ns, Total: 219222 ns
[2022-09-06T08:01:46.359+0000][8][safepoint   ] Safepoint "Cleanup", Time since last: 1000352974 ns, Reaching safepoint: 233969 ns, At safepoint: 23194 ns, Total: 257163 ns
[2022-09-06T08:01:49.229+0000][8][safepoint   ] Safepoint "Cleanup", Time since last: 2869731113 ns, Reaching safepoint: 348043 ns, At safepoint: 10319 ns, Total: 358362 ns
[2022-09-06T08:01:50.230+0000][8][safepoint   ] Safepoint "Cleanup", Time since last: 1000292592 ns, Reaching safepoint: 207770 ns, At safepoint: 10629 ns, Total: 218399 ns
[2022-09-06T08:01:51.231+0000][8][safepoint   ] Safepoint "Cleanup", Time since last: 1001194725 ns, Reaching safepoint: 160852 ns, At safepoint: 169468 ns, Total: 330320 ns
[2022-09-06T08:01:52.232+0000][8][safepoint   ] Safepoint "Cleanup", Time since last: 1000494471 ns, Reaching safepoint: 409558 ns, At safepoint: 4779 ns, Total: 414337 ns
[2022-09-06T08:01:53.233+0000][8][safepoint   ] Safepoint "Cleanup", Time since last: 1000711708 ns, Reaching safepoint: 222228 ns, At safepoint: 21940 ns, Total: 244168 ns
[2022-09-06T08:01:56.234+0000][8][safepoint   ] Safepoint "Cleanup", Time since last: 3000803155 ns, Reaching safepoint: 141015 ns, At safepoint: 19476 ns, Total: 160491 ns
[2022-09-06T08:01:57.234+0000][8][safepoint   ] Safepoint "Cleanup", Time since last: 1000395455 ns, Reaching safepoint: 269045 ns, At safepoint: 51937 ns, Total: 320982 ns
[2022-09-06T08:01:58.235+0000][8][safepoint   ] Safepoint "Cleanup", Time since last: 1000595691 ns, Reaching safepoint: 475101 ns, At safepoint: 53951 ns, Total: 529052 ns
[2022-09-06T08:01:59.236+0000][8][safepoint   ] Safepoint "Cleanup", Time since last: 1000454596 ns, Reaching safepoint: 210155 ns, At safepoint: 8416 ns, Total: 218571 ns
[2022-09-06T08:02:00.237+0000][8][safepoint   ] Safepoint "Cleanup", Time since last: 1000765979 ns, Reaching safepoint: 180389 ns, At safepoint: 21921 ns, Total: 202310 ns
[2022-09-06T08:02:01.238+0000][8][safepoint   ] Safepoint "Cleanup", Time since last: 1000430330 ns, Reaching safepoint: 237676 ns, At safepoint: 44494 ns, Total: 282170 ns
[2022-09-06T08:02:02.239+0000][8][safepoint   ] Safepoint "Cleanup", Time since last: 1000565714 ns, Reaching safepoint: 238457 ns, At safepoint: 10991 ns, Total: 249448 ns
[2022-09-06T08:02:03.239+0000][8][safepoint   ] Safepoint "Cleanup", Time since last: 1000225395 ns, Reaching safepoint: 246884 ns, At safepoint: 11141 ns, Total: 258025 ns
[2022-09-06T08:02:04.240+0000][8][safepoint   ] Safepoint "Cleanup", Time since last: 1000730082 ns, Reaching safepoint: 236444 ns, At safepoint: 38793 ns, Total: 275237 ns
[2022-09-06T08:02:05.241+0000][8][safepoint   ] Safepoint "Cleanup", Time since last: 1000656625 ns, Reaching safepoint: 406552 ns, At safepoint: 114696 ns, Total: 521248 ns
[2022-09-06T08:02:06.242+0000][8][safepoint   ] Safepoint "Cleanup", Time since last: 1000899040 ns, Reaching safepoint: 207770 ns, At safepoint: 8295 ns, Total: 216065 ns
[2022-09-06T08:02:07.243+0000][8][safepoint   ] Safepoint "Cleanup", Time since last: 1000595119 ns, Reaching safepoint: 250901 ns, At safepoint: 34835 ns, Total: 285736 ns
[2022-09-06T08:02:08.244+0000][8][safepoint   ] Safepoint "Cleanup", Time since last: 1000513066 ns, Reaching safepoint: 218500 ns, At safepoint: 32952 ns, Total: 251452 ns
[2022-09-06T08:02:09.245+0000][8][safepoint   ] Safepoint "Cleanup", Time since last: 1000666082 ns, Reaching safepoint: 183665 ns, At safepoint: 36679 ns, Total: 220344 ns
[2022-09-06T08:02:10.246+0000][8][safepoint   ] Safepoint "Cleanup", Time since last: 1000640284 ns, Reaching safepoint: 281718 ns, At safepoint: 29746 ns, Total: 311464 ns
[2022-09-06T08:02:11.247+0000][8][safepoint   ] Safepoint "Cleanup", Time since last: 1000606832 ns, Reaching safepoint: 262974 ns, At safepoint: 36167 ns, Total: 299141 ns
[2022-09-06T08:02:12.248+0000][8][safepoint   ] Safepoint "Cleanup", Time since last: 1000618112 ns, Reaching safepoint: 325261 ns, At safepoint: 34264 ns, Total: 359525 ns
[2022-09-06T08:02:13.249+0000][8][safepoint   ] Safepoint "Cleanup", Time since last: 1000523074 ns, Reaching safepoint: 350648 ns, At safepoint: 63199 ns, Total: 413847 ns
[2022-09-06T08:02:14.249+0000][8][safepoint   ] Safepoint "Cleanup", Time since last: 1000594679 ns, Reaching safepoint: 201127 ns, At safepoint: 32371 ns, Total: 233498 ns
[2022-09-06T08:02:15.250+0000][8][safepoint   ] Safepoint "Cleanup", Time since last: 1000500522 ns, Reaching safepoint: 162274 ns, At safepoint: 5781 ns, Total: 168055 ns
[2022-09-06T08:02:16.251+0000][8][safepoint   ] Safepoint "Cleanup", Time since last: 1000473591 ns, Reaching safepoint: 294673 ns, At safepoint: 35136 ns, Total: 329809 ns
[2022-09-06T08:02:17.252+0000][8][safepoint   ] Safepoint "Cleanup", Time since last: 1000587876 ns, Reaching safepoint: 184687 ns, At safepoint: 30597 ns, Total: 215284 ns
[2022-09-06T08:02:19.253+0000][8][safepoint   ] Safepoint "Cleanup", Time since last: 2000663500 ns, Reaching safepoint: 332113 ns, At safepoint: 42210 ns, Total: 374323 ns
[2022-09-06T08:02:21.254+0000][8][safepoint   ] Safepoint "Cleanup", Time since last: 2001295255 ns, Reaching safepoint: 216076 ns, At safepoint: 36358 ns, Total: 252434 ns
[2022-09-06T08:02:25.255+0000][8][safepoint   ] Safepoint "Cleanup", Time since last: 4000840898 ns, Reaching safepoint: 308658 ns, At safepoint: 36018 ns, Total: 344676 ns
[2022-09-06T08:02:26.256+0000][8][safepoint   ] Safepoint "Cleanup", Time since last: 1000575102 ns, Reaching safepoint: 204584 ns, At safepoint: 6392 ns, Total: 210976 ns
[2022-09-06T08:02:27.257+0000][8][safepoint   ] Safepoint "Cleanup", Time since last: 1000566756 ns, Reaching safepoint: 307086 ns, At safepoint: 35928 ns, Total: 343014 ns
[2022-09-06T08:02:28.258+0000][8][safepoint   ] Safepoint "Cleanup", Time since last: 1000548031 ns, Reaching safepoint: 251181 ns, At safepoint: 45235 ns, Total: 296416 ns
[2022-09-06T08:02:29.259+0000][8][safepoint   ] Safepoint "Cleanup", Time since last: 1000582415 ns, Reaching safepoint: 439235 ns, At safepoint: 47749 ns, Total: 486984 ns
[2022-09-06T08:02:30.260+0000][8][safepoint   ] Safepoint "Cleanup", Time since last: 1000519337 ns, Reaching safepoint: 168877 ns, At safepoint: 7605 ns, Total: 176482 ns
[2022-09-06T08:02:31.260+0000][8][safepoint   ] Safepoint "Cleanup", Time since last: 1000503166 ns, Reaching safepoint: 203152 ns, At safepoint: 31339 ns, Total: 234491 ns
[2022-09-06T08:02:32.261+0000][8][safepoint   ] Safepoint "Cleanup", Time since last: 1000561295 ns, Reaching safepoint: 269246 ns, At safepoint: 41317 ns, Total: 310563 ns
[2022-09-06T08:02:33.262+0000][8][safepoint   ] Safepoint "Cleanup", Time since last: 1000484682 ns, Reaching safepoint: 192221 ns, At safepoint: 10650 ns, Total: 202871 ns
[2022-09-06T08:02:34.263+0000][8][safepoint   ] Safepoint "Cleanup", Time since last: 1000516231 ns, Reaching safepoint: 268354 ns, At safepoint: 41077 ns, Total: 309431 ns
[2022-09-06T08:02:35.264+0000][8][safepoint   ] Safepoint "Cleanup", Time since last: 1000515981 ns, Reaching safepoint: 207740 ns, At safepoint: 33533 ns, Total: 241273 ns
[2022-09-06T08:02:36.264+0000][8][safepoint   ] Safepoint "Cleanup", Time since last: 1000543301 ns, Reaching safepoint: 201198 ns, At safepoint: 28524 ns, Total: 229722 ns
[2022-09-06T08:02:37.265+0000][8][safepoint   ] Safepoint "Cleanup", Time since last: 1000543202 ns, Reaching safepoint: 259266 ns, At safepoint: 32111 ns, Total: 291377 ns
[2022-09-06T08:02:38.266+0000][8][safepoint   ] Safepoint "Cleanup", Time since last: 1000542470 ns, Reaching safepoint: 196008 ns, At safepoint: 29175 ns, Total: 225183 ns
[2022-09-06T08:02:39.267+0000][8][safepoint   ] Safepoint "Cleanup", Time since last: 1000993296 ns, Reaching safepoint: 250390 ns, At safepoint: 56005 ns, Total: 306395 ns
[2022-09-06T08:02:41.276+0000][8][safepoint   ] Safepoint "Cleanup", Time since last: 2008837430 ns, Reaching safepoint: 215625 ns, At safepoint: 15699 ns, Total: 231324 ns
[2022-09-06T08:02:42.277+0000][8][safepoint   ] Safepoint "Cleanup", Time since last: 1000588898 ns, Reaching safepoint: 189386 ns, At safepoint: 9788 ns, Total: 199174 ns
[2022-09-06T08:02:44.278+0000][8][safepoint   ] Safepoint "Cleanup", Time since last: 2000636299 ns, Reaching safepoint: 274715 ns, At safepoint: 41148 ns, Total: 315863 ns
[2022-09-06T08:02:45.279+0000][8][safepoint   ] Safepoint "Cleanup", Time since last: 1000568109 ns, Reaching safepoint: 220273 ns, At safepoint: 39023 ns, Total: 259296 ns
[2022-09-06T08:02:47.280+0000][8][safepoint   ] Safepoint "Cleanup", Time since last: 2000852465 ns, Reaching safepoint: 207590 ns, At safepoint: 9106 ns, Total: 216696 ns
[2022-09-06T08:02:49.281+0000][8][safepoint   ] Safepoint "Cleanup", Time since last: 2000639325 ns, Reaching safepoint: 293361 ns, At safepoint: 39975 ns, Total: 333336 ns
[2022-09-06T08:02:50.282+0000][8][safepoint   ] Safepoint "Cleanup", Time since last: 1000654861 ns, Reaching safepoint: 250590 ns, At safepoint: 33964 ns, Total: 284554 ns
[2022-09-06T08:02:51.283+0000][8][safepoint   ] Safepoint "Cleanup", Time since last: 1000564081 ns, Reaching safepoint: 296506 ns, At safepoint: 73168 ns, Total: 369674 ns
[2022-09-06T08:02:53.284+0000][8][safepoint   ] Safepoint "Cleanup", Time since last: 2000847576 ns, Reaching safepoint: 205525 ns, At safepoint: 4289 ns, Total: 209814 ns
[2022-09-06T08:02:54.285+0000][8][safepoint   ] Safepoint "Cleanup", Time since last: 1000463151 ns, Reaching safepoint: 256060 ns, At safepoint: 36649 ns, Total: 292709 ns
[2022-09-06T08:02:57.286+0000][8][safepoint   ] Safepoint "Cleanup", Time since last: 3000813635 ns, Reaching safepoint: 297789 ns, At safepoint: 39774 ns, Total: 337563 ns
[2022-09-06T08:02:59.287+0000][8][safepoint   ] Safepoint "Cleanup", Time since last: 2000662859 ns, Reaching safepoint: 263925 ns, At safepoint: 42510 ns, Total: 306435 ns
[2022-09-06T08:03:03.288+0000][8][safepoint   ] Safepoint "Cleanup", Time since last: 4000938090 ns, Reaching safepoint: 237757 ns, At safepoint: 34494 ns, Total: 272251 ns
[2022-09-06T08:03:05.289+0000][8][safepoint   ] Safepoint "Cleanup", Time since last: 2000658632 ns, Reaching safepoint: 247123 ns, At safepoint: 41017 ns, Total: 288140 ns
[2022-09-06T08:03:07.290+0000][8][safepoint   ] Safepoint "Cleanup", Time since last: 2000648212 ns, Reaching safepoint: 256521 ns, At safepoint: 63078 ns, Total: 319599 ns
[2022-09-06T08:03:09.291+0000][8][safepoint   ] Safepoint "Cleanup", Time since last: 2000573822 ns, Reaching safepoint: 272031 ns, At safepoint: 36859 ns, Total: 308890 ns
[2022-09-06T08:03:10.292+0000][8][safepoint   ] Safepoint "Cleanup", Time since last: 1000593526 ns, Reaching safepoint: 219092 ns, At safepoint: 7504 ns, Total: 226596 ns
[2022-09-06T08:03:11.292+0000][8][safepoint   ] Safepoint "Cleanup", Time since last: 1000517593 ns, Reaching safepoint: 242946 ns, At safepoint: 43171 ns, Total: 286117 ns
[2022-09-06T08:03:12.293+0000][8][safepoint   ] Safepoint "Cleanup", Time since last: 1000617352 ns, Reaching safepoint: 221485 ns, At safepoint: 32391 ns, Total: 253876 ns
[2022-09-06T08:03:14.294+0000][8][safepoint   ] Safepoint "Cleanup", Time since last: 2000638764 ns, Reaching safepoint: 191529 ns, At safepoint: 4428 ns, Total: 195957 ns
[2022-09-06T08:03:15.295+0000][8][safepoint   ] Safepoint "Cleanup", Time since last: 1000476186 ns, Reaching safepoint: 284865 ns, At safepoint: 35948 ns, Total: 320813 ns
[2022-09-06T08:03:16.296+0000][8][safepoint   ] Safepoint "Cleanup", Time since last: 1000491344 ns, Reaching safepoint: 214833 ns, At safepoint: 35507 ns, Total: 250340 ns
[2022-09-06T08:03:17.297+0000][8][safepoint   ] Safepoint "Cleanup", Time since last: 1000549313 ns, Reaching safepoint: 282500 ns, At safepoint: 30458 ns, Total: 312958 ns
[2022-09-06T08:03:19.297+0000][8][safepoint   ] Safepoint "Cleanup", Time since last: 2000634185 ns, Reaching safepoint: 185608 ns, At safepoint: 7384 ns, Total: 192992 ns
[2022-09-06T08:03:20.298+0000][8][safepoint   ] Safepoint "Cleanup", Time since last: 1000719342 ns, Reaching safepoint: 317977 ns, At safepoint: 7003 ns, Total: 324980 ns
[2022-09-06T08:03:21.299+0000][8][safepoint   ] Safepoint "Cleanup", Time since last: 1000477810 ns, Reaching safepoint: 235932 ns, At safepoint: 7945 ns, Total: 243877 ns
[2022-09-06T08:03:22.128+0000][8][gc,start    ] GC(25) Pause Young (Concurrent Start) (G1 Evacuation Pause)
[2022-09-06T08:03:22.128+0000][8][gc,task     ] GC(25) Using 6 workers of 6 for evacuation
[2022-09-06T08:03:22.128+0000][8][gc,age      ] GC(25) Desired survivor size 8388608 bytes, new threshold 2 (max threshold 15)
[2022-09-06T08:03:22.169+0000][8][gc,age      ] GC(25) Age table with threshold 2 (max threshold 15)
[2022-09-06T08:03:22.169+0000][8][gc,age      ] GC(25) - age   1:    1531144 bytes,    1531144 total
[2022-09-06T08:03:22.170+0000][8][gc,age      ] GC(25) - age   2:    6539032 bytes,    8070176 total
[2022-09-06T08:03:22.170+0000][8][gc,phases   ] GC(25)   Pre Evacuate Collection Set: 0.4ms
[2022-09-06T08:03:22.170+0000][8][gc,phases   ] GC(25)   Merge Heap Roots: 0.2ms
[2022-09-06T08:03:22.171+0000][8][gc,phases   ] GC(25)   Evacuate Collection Set: 37.8ms
[2022-09-06T08:03:22.171+0000][8][gc,phases   ] GC(25)   Post Evacuate Collection Set: 1.9ms
[2022-09-06T08:03:22.171+0000][8][gc,phases   ] GC(25)   Other: 2.1ms
[2022-09-06T08:03:22.171+0000][8][gc,heap     ] GC(25) Eden regions: 25->0(25)
[2022-09-06T08:03:22.172+0000][8][gc,heap     ] GC(25) Survivor regions: 4->3(4)
[2022-09-06T08:03:22.172+0000][8][gc,heap     ] GC(25) Old regions: 16->18
[2022-09-06T08:03:22.172+0000][8][gc,heap     ] GC(25) Archive regions: 2->2
[2022-09-06T08:03:22.172+0000][8][gc,heap     ] GC(25) Humongous regions: 2->2
[2022-09-06T08:03:22.172+0000][8][gc,metaspace] GC(25) Metaspace: 93711K(98176K)->93711K(98176K) NonClass: 81187K(84480K)->81187K(84480K) Class: 12523K(13696K)->12523K(13696K)
[2022-09-06T08:03:22.173+0000][8][gc          ] GC(25) Pause Young (Concurrent Start) (G1 Evacuation Pause) 188M->90M(256M) 45.130ms
[2022-09-06T08:03:22.173+0000][8][gc,cpu      ] GC(25) User=0.18s Sys=0.05s Real=0.04s
[2022-09-06T08:03:22.173+0000][8][gc          ] GC(26) Concurrent Cycle
[2022-09-06T08:03:22.173+0000][8][safepoint   ] Safepoint "G1CollectForAllocation", Time since last: 828322086 ns, Reaching safepoint: 186991 ns, At safepoint: 45765638 ns, Total: 45952629 ns
[2022-09-06T08:03:22.174+0000][8][gc,marking  ] GC(26) Concurrent Clear Claimed Marks
[2022-09-06T08:03:22.175+0000][8][gc,marking  ] GC(26) Concurrent Clear Claimed Marks 1.176ms
[2022-09-06T08:03:22.175+0000][8][gc,marking  ] GC(26) Concurrent Scan Root Regions
[2022-09-06T08:03:22.184+0000][8][gc,marking  ] GC(26) Concurrent Scan Root Regions 8.850ms
[2022-09-06T08:03:22.187+0000][8][gc,marking  ] GC(26) Concurrent Mark (133.231s)
[2022-09-06T08:03:22.188+0000][8][gc,marking  ] GC(26) Concurrent Mark From Roots
[2022-09-06T08:03:22.188+0000][8][gc,task     ] GC(26) Using 2 workers of 2 for marking
[2022-09-06T08:03:22.251+0000][8][gc,marking  ] GC(26) Concurrent Mark From Roots 63.044ms
[2022-09-06T08:03:22.251+0000][8][gc,marking  ] GC(26) Concurrent Preclean
[2022-09-06T08:03:22.252+0000][8][gc,marking  ] GC(26) Concurrent Preclean 0.450ms
[2022-09-06T08:03:22.252+0000][8][gc,marking  ] GC(26) Concurrent Mark (133.231s, 133.296s) 64.891ms
[2022-09-06T08:03:22.252+0000][8][gc,start    ] GC(26) Pause Remark
[2022-09-06T08:03:22.259+0000][8][gc          ] GC(26) Pause Remark 90M->90M(256M) 6.202ms
[2022-09-06T08:03:22.259+0000][8][gc,cpu      ] GC(26) User=0.01s Sys=0.01s Real=0.01s
[2022-09-06T08:03:22.259+0000][8][safepoint   ] Safepoint "G1Concurrent", Time since last: 78704284 ns, Reaching safepoint: 257132 ns, At safepoint: 6928794 ns, Total: 7185926 ns
[2022-09-06T08:03:22.260+0000][8][gc,marking  ] GC(26) Concurrent Rebuild Remembered Sets
[2022-09-06T08:03:22.305+0000][8][gc,marking  ] GC(26) Concurrent Rebuild Remembered Sets 45.427ms
[2022-09-06T08:03:22.306+0000][8][gc,start    ] GC(26) Pause Cleanup
[2022-09-06T08:03:22.306+0000][8][gc          ] GC(26) Pause Cleanup 90M->90M(256M) 0.524ms
[2022-09-06T08:03:22.307+0000][8][gc,cpu      ] GC(26) User=0.00s Sys=0.00s Real=0.00s
[2022-09-06T08:03:22.307+0000][8][safepoint   ] Safepoint "G1Concurrent", Time since last: 46168814 ns, Reaching safepoint: 513804 ns, At safepoint: 1094965 ns, Total: 1608769 ns
[2022-09-06T08:03:22.307+0000][8][gc,marking  ] GC(26) Concurrent Cleanup for Next Mark
[2022-09-06T08:03:22.308+0000][8][gc,marking  ] GC(26) Concurrent Cleanup for Next Mark 0.627ms
[2022-09-06T08:03:22.308+0000][8][gc          ] GC(26) Concurrent Cycle 135.081ms
[2022-09-06T08:03:25.308+0000][8][safepoint   ] Safepoint "Cleanup", Time since last: 3000600985 ns, Reaching safepoint: 287028 ns, At safepoint: 40717 ns, Total: 327745 ns
[2022-09-06T08:03:27.309+0000][8][safepoint   ] Safepoint "Cleanup", Time since last: 2000616542 ns, Reaching safepoint: 191790 ns, At safepoint: 31769 ns, Total: 223559 ns
[2022-09-06T08:03:29.310+0000][8][safepoint   ] Safepoint "Cleanup", Time since last: 2000939348 ns, Reaching safepoint: 199274 ns, At safepoint: 7274 ns, Total: 206548 ns
[2022-09-06T08:03:31.311+0000][8][safepoint   ] Safepoint "Cleanup", Time since last: 2000640697 ns, Reaching safepoint: 210716 ns, At safepoint: 10409 ns, Total: 221125 ns
[2022-09-06T08:03:32.312+0000][8][safepoint   ] Safepoint "Cleanup", Time since last: 1000639683 ns, Reaching safepoint: 245411 ns, At safepoint: 40175 ns, Total: 285586 ns
[2022-09-06T08:03:33.313+0000][8][safepoint   ] Safepoint "Cleanup", Time since last: 1000589599 ns, Reaching safepoint: 259948 ns, At safepoint: 78778 ns, Total: 338726 ns
[2022-09-06T08:03:34.314+0000][8][safepoint   ] Safepoint "Cleanup", Time since last: 1000560253 ns, Reaching safepoint: 223380 ns, At safepoint: 9648 ns, Total: 233028 ns
[2022-09-06T08:03:35.314+0000][8][safepoint   ] Safepoint "Cleanup", Time since last: 1000532842 ns, Reaching safepoint: 250280 ns, At safepoint: 33794 ns, Total: 284074 ns
[2022-09-06T08:03:36.315+0000][8][safepoint   ] Safepoint "Cleanup", Time since last: 1000490553 ns, Reaching safepoint: 311304 ns, At safepoint: 43551 ns, Total: 354855 ns
[2022-09-06T08:03:37.316+0000][8][safepoint   ] Safepoint "Cleanup", Time since last: 1000565865 ns, Reaching safepoint: 255289 ns, At safepoint: 40025 ns, Total: 295314 ns
[2022-09-06T08:03:39.317+0000][8][safepoint   ] Safepoint "Cleanup", Time since last: 2000747738 ns, Reaching safepoint: 225023 ns, At safepoint: 3897 ns, Total: 228920 ns
[2022-09-06T08:03:41.318+0000][8][safepoint   ] Safepoint "Cleanup", Time since last: 2000732089 ns, Reaching safepoint: 382909 ns, At safepoint: 38882 ns, Total: 421791 ns
[2022-09-06T08:03:42.319+0000][8][safepoint   ] Safepoint "Cleanup", Time since last: 1000455488 ns, Reaching safepoint: 206537 ns, At safepoint: 5100 ns, Total: 211637 ns
[2022-09-06T08:03:47.320+0000][8][safepoint   ] Safepoint "Cleanup", Time since last: 5001125545 ns, Reaching safepoint: 191870 ns, At safepoint: 3436 ns, Total: 195306 ns
[2022-09-06T08:03:49.321+0000][8][safepoint   ] Safepoint "Cleanup", Time since last: 2000613727 ns, Reaching safepoint: 284434 ns, At safepoint: 34574 ns, Total: 319008 ns
[2022-09-06T08:03:51.322+0000][8][safepoint   ] Safepoint "Cleanup", Time since last: 2000645577 ns, Reaching safepoint: 244669 ns, At safepoint: 38933 ns, Total: 283602 ns
[2022-09-06T08:03:53.323+0000][8][safepoint   ] Safepoint "Cleanup", Time since last: 2000626351 ns, Reaching safepoint: 262152 ns, At safepoint: 35416 ns, Total: 297568 ns
[2022-09-06T08:03:58.324+0000][8][safepoint   ] Safepoint "Cleanup", Time since last: 5001025686 ns, Reaching safepoint: 202540 ns, At safepoint: 35417 ns, Total: 237957 ns
[2022-09-06T08:03:59.324+0000][8][safepoint   ] Safepoint "Cleanup", Time since last: 1000512083 ns, Reaching safepoint: 297018 ns, At safepoint: 49483 ns, Total: 346501 ns
[2022-09-06T08:04:03.325+0000][8][safepoint   ] Safepoint "Cleanup", Time since last: 4000782408 ns, Reaching safepoint: 192712 ns, At safepoint: 28343 ns, Total: 221055 ns
[2022-09-06T08:04:05.326+0000][8][safepoint   ] Safepoint "Cleanup", Time since last: 2000638102 ns, Reaching safepoint: 169468 ns, At safepoint: 7304 ns, Total: 176772 ns
[2022-09-06T08:04:07.327+0000][8][safepoint   ] Safepoint "Cleanup", Time since last: 2000694378 ns, Reaching safepoint: 356178 ns, At safepoint: 35958 ns, Total: 392136 ns
[2022-09-06T08:04:09.328+0000][8][safepoint   ] Safepoint "Cleanup", Time since last: 2000681964 ns, Reaching safepoint: 273584 ns, At safepoint: 38612 ns, Total: 312196 ns
[2022-09-06T08:04:15.330+0000][8][safepoint   ] Safepoint "Cleanup", Time since last: 6001471457 ns, Reaching safepoint: 228899 ns, At safepoint: 8216 ns, Total: 237115 ns
[2022-09-06T08:04:17.331+0000][8][safepoint   ] Safepoint "Cleanup", Time since last: 2000594962 ns, Reaching safepoint: 298570 ns, At safepoint: 43822 ns, Total: 342392 ns
[2022-09-06T08:04:18.332+0000][8][safepoint   ] Safepoint "Cleanup", Time since last: 1000491104 ns, Reaching safepoint: 202370 ns, At safepoint: 29325 ns, Total: 231695 ns
[2022-09-06T08:04:19.333+0000][8][safepoint   ] Safepoint "Cleanup", Time since last: 1000572347 ns, Reaching safepoint: 209142 ns, At safepoint: 32311 ns, Total: 241453 ns
[2022-09-06T08:04:20.334+0000][8][safepoint   ] Safepoint "Cleanup", Time since last: 1000852302 ns, Reaching safepoint: 226485 ns, At safepoint: 5320 ns, Total: 231805 ns
[2022-09-06T08:04:36.337+0000][8][safepoint   ] Safepoint "Cleanup", Time since last: 16002271411 ns, Reaching safepoint: 174418 ns, At safepoint: 10790 ns, Total: 185208 ns
[2022-09-06T08:04:37.338+0000][8][safepoint   ] Safepoint "Cleanup", Time since last: 1000676392 ns, Reaching safepoint: 322185 ns, At safepoint: 37279 ns, Total: 359464 ns
[2022-09-06T08:04:39.339+0000][8][safepoint   ] Safepoint "Cleanup", Time since last: 2000675563 ns, Reaching safepoint: 307287 ns, At safepoint: 9047 ns, Total: 316334 ns
[2022-09-06T08:04:40.340+0000][8][safepoint   ] Safepoint "Cleanup", Time since last: 1000638471 ns, Reaching safepoint: 217748 ns, At safepoint: 7745 ns, Total: 225493 ns
[2022-09-06T08:04:41.340+0000][8][safepoint   ] Safepoint "Cleanup", Time since last: 1000542621 ns, Reaching safepoint: 276899 ns, At safepoint: 43602 ns, Total: 320501 ns
[2022-09-06T08:04:42.341+0000][8][safepoint   ] Safepoint "Cleanup", Time since last: 1000525559 ns, Reaching safepoint: 205215 ns, At safepoint: 35637 ns, Total: 240852 ns
[2022-09-06T08:04:46.342+0000][8][safepoint   ] Safepoint "Cleanup", Time since last: 4000956896 ns, Reaching safepoint: 234279 ns, At safepoint: 37180 ns, Total: 271459 ns
[2022-09-06T08:04:48.343+0000][8][safepoint   ] Safepoint "Cleanup", Time since last: 2000644043 ns, Reaching safepoint: 278694 ns, At safepoint: 37089 ns, Total: 315783 ns
[2022-09-06T08:04:49.344+0000][8][safepoint   ] Safepoint "Cleanup", Time since last: 1000539535 ns, Reaching safepoint: 321864 ns, At safepoint: 67988 ns, Total: 389852 ns
[2022-09-06T08:04:51.345+0000][8][safepoint   ] Safepoint "Cleanup", Time since last: 2000729504 ns, Reaching safepoint: 288101 ns, At safepoint: 38011 ns, Total: 326112 ns
[2022-09-06T08:04:52.346+0000][8][safepoint   ] Safepoint "Cleanup", Time since last: 1000478420 ns, Reaching safepoint: 387508 ns, At safepoint: 36468 ns, Total: 423976 ns
[2022-09-06T08:04:56.348+0000][8][safepoint   ] Safepoint "Cleanup", Time since last: 4000994916 ns, Reaching safepoint: 293891 ns, At safepoint: 72106 ns, Total: 365997 ns
[2022-09-06T08:05:02.349+0000][8][safepoint   ] Safepoint "Cleanup", Time since last: 6001223461 ns, Reaching safepoint: 169258 ns, At safepoint: 10860 ns, Total: 180118 ns
[2022-09-06T08:05:03.350+0000][8][safepoint   ] Safepoint "Cleanup", Time since last: 1000581223 ns, Reaching safepoint: 242245 ns, At safepoint: 36559 ns, Total: 278804 ns
[2022-09-06T08:05:09.351+0000][8][safepoint   ] Safepoint "Cleanup", Time since last: 6001136126 ns, Reaching safepoint: 211417 ns, At safepoint: 13185 ns, Total: 224602 ns
[2022-09-06T08:05:10.352+0000][8][safepoint   ] Safepoint "Cleanup", Time since last: 1000720715 ns, Reaching safepoint: 302277 ns, At safepoint: 39965 ns, Total: 342242 ns
[2022-09-06T08:05:11.353+0000][8][safepoint   ] Safepoint "Cleanup", Time since last: 1000495653 ns, Reaching safepoint: 258375 ns, At safepoint: 45044 ns, Total: 303419 ns
[2022-09-06T08:05:12.354+0000][8][safepoint   ] Safepoint "Cleanup", Time since last: 1000503608 ns, Reaching safepoint: 356068 ns, At safepoint: 38722 ns, Total: 394790 ns
[2022-09-06T08:05:13.355+0000][8][safepoint   ] Safepoint "Cleanup", Time since last: 1000881838 ns, Reaching safepoint: 297860 ns, At safepoint: 36789 ns, Total: 334649 ns
[2022-09-06T08:05:14.356+0000][8][safepoint   ] Safepoint "Cleanup", Time since last: 1000891936 ns, Reaching safepoint: 221385 ns, At safepoint: 39124 ns, Total: 260509 ns
[2022-09-06T08:05:17.358+0000][8][safepoint   ] Safepoint "Cleanup", Time since last: 3000940472 ns, Reaching safepoint: 450505 ns, At safepoint: 64451 ns, Total: 514956 ns
[2022-09-06T08:05:19.359+0000][8][safepoint   ] Safepoint "Cleanup", Time since last: 2000744042 ns, Reaching safepoint: 223309 ns, At safepoint: 36037 ns, Total: 259346 ns
[2022-09-06T08:05:22.360+0000][8][safepoint   ] Safepoint "Cleanup", Time since last: 3000921928 ns, Reaching safepoint: 209383 ns, At safepoint: 11060 ns, Total: 220443 ns
[2022-09-06T08:05:35.362+0000][8][safepoint   ] Safepoint "Cleanup", Time since last: 13002208437 ns, Reaching safepoint: 252163 ns, At safepoint: 4228 ns, Total: 256391 ns
[2022-09-06T08:05:37.363+0000][8][safepoint   ] Safepoint "Cleanup", Time since last: 2000610491 ns, Reaching safepoint: 195256 ns, At safepoint: 3737 ns, Total: 198993 ns
[2022-09-06T08:05:42.365+0000][8][safepoint   ] Safepoint "Cleanup", Time since last: 5001222747 ns, Reaching safepoint: 309541 ns, At safepoint: 61215 ns, Total: 370756 ns
[2022-09-06T08:05:49.366+0000][8][safepoint   ] Safepoint "Cleanup", Time since last: 7001330875 ns, Reaching safepoint: 194655 ns, At safepoint: 7845 ns, Total: 202500 ns
[2022-09-06T08:05:55.368+0000][8][safepoint   ] Safepoint "Cleanup", Time since last: 6001170051 ns, Reaching safepoint: 232486 ns, At safepoint: 3737 ns, Total: 236223 ns
[2022-09-06T08:05:59.369+0000][8][safepoint   ] Safepoint "Cleanup", Time since last: 4000969650 ns, Reaching safepoint: 409428 ns, At safepoint: 57969 ns, Total: 467397 ns
[2022-09-06T08:06:03.370+0000][8][safepoint   ] Safepoint "Cleanup", Time since last: 4001026236 ns, Reaching safepoint: 310192 ns, At safepoint: 42099 ns, Total: 352291 ns
[2022-09-06T08:06:07.372+0000][8][safepoint   ] Safepoint "Cleanup", Time since last: 4000864692 ns, Reaching safepoint: 227447 ns, At safepoint: 3687 ns, Total: 231134 ns
[2022-09-06T08:06:08.372+0000][8][safepoint   ] Safepoint "Cleanup", Time since last: 1000559923 ns, Reaching safepoint: 201448 ns, At safepoint: 4159 ns, Total: 205607 ns
[2022-09-06T08:06:09.373+0000][8][safepoint   ] Safepoint "Cleanup", Time since last: 1000571765 ns, Reaching safepoint: 306264 ns, At safepoint: 55565 ns, Total: 361829 ns
[2022-09-06T08:06:11.374+0000][8][safepoint   ] Safepoint "Cleanup", Time since last: 2000775480 ns, Reaching safepoint: 273313 ns, At safepoint: 40977 ns, Total: 314290 ns
[2022-09-06T08:06:13.375+0000][8][safepoint   ] Safepoint "Cleanup", Time since last: 2000688497 ns, Reaching safepoint: 212289 ns, At safepoint: 31719 ns, Total: 244008 ns
[2022-09-06T08:06:16.126+0000][8][gc,start    ] GC(27) Pause Young (Normal) (G1 Evacuation Pause)
[2022-09-06T08:06:16.127+0000][8][gc,task     ] GC(27) Using 6 workers of 6 for evacuation
[2022-09-06T08:06:16.127+0000][8][gc,age      ] GC(27) Desired survivor size 8388608 bytes, new threshold 15 (max threshold 15)
[2022-09-06T08:06:16.139+0000][8][gc,age      ] GC(27) Age table with threshold 15 (max threshold 15)
[2022-09-06T08:06:16.139+0000][8][gc,age      ] GC(27) - age   1:      58928 bytes,      58928 total
[2022-09-06T08:06:16.139+0000][8][gc,age      ] GC(27) - age   2:    1495088 bytes,    1554016 total
[2022-09-06T08:06:16.140+0000][8][gc,age      ] GC(27) - age   3:    6514872 bytes,    8068888 total
[2022-09-06T08:06:16.140+0000][8][gc,phases   ] GC(27)   Pre Evacuate Collection Set: 0.2ms
[2022-09-06T08:06:16.140+0000][8][gc,phases   ] GC(27)   Merge Heap Roots: 0.2ms
[2022-09-06T08:06:16.140+0000][8][gc,phases   ] GC(27)   Evacuate Collection Set: 9.5ms
[2022-09-06T08:06:16.141+0000][8][gc,phases   ] GC(27)   Post Evacuate Collection Set: 1.7ms
[2022-09-06T08:06:16.141+0000][8][gc,phases   ] GC(27)   Other: 2.5ms
[2022-09-06T08:06:16.141+0000][8][gc,heap     ] GC(27) Eden regions: 25->0(27)
[2022-09-06T08:06:16.141+0000][8][gc,heap     ] GC(27) Survivor regions: 3->2(4)
[2022-09-06T08:06:16.142+0000][8][gc,heap     ] GC(27) Old regions: 18->18
[2022-09-06T08:06:16.142+0000][8][gc,heap     ] GC(27) Archive regions: 2->2
[2022-09-06T08:06:16.142+0000][8][gc,heap     ] GC(27) Humongous regions: 2->2
[2022-09-06T08:06:16.142+0000][8][gc,metaspace] GC(27) Metaspace: 94160K(98688K)->94160K(98688K) NonClass: 81636K(84992K)->81636K(84992K) Class: 12524K(13696K)->12524K(13696K)
[2022-09-06T08:06:16.143+0000][8][gc          ] GC(27) Pause Young (Normal) (G1 Evacuation Pause) 190M->88M(256M) 16.605ms
[2022-09-06T08:06:16.143+0000][8][gc,cpu      ] GC(27) User=0.04s Sys=0.00s Real=0.01s
[2022-09-06T08:06:16.143+0000][8][safepoint   ] Safepoint "G1CollectForAllocation", Time since last: 2750532624 ns, Reaching safepoint: 179677 ns, At safepoint: 17323581 ns, Total: 17503258 ns
[2022-09-06T08:06:19.145+0000][8][safepoint   ] Safepoint "Cleanup", Time since last: 3000767087 ns, Reaching safepoint: 494418 ns, At safepoint: 66755 ns, Total: 561173 ns
[2022-09-06T08:06:20.148+0000][8][safepoint   ] Safepoint "Cleanup", Time since last: 1003199437 ns, Reaching safepoint: 385874 ns, At safepoint: 51908 ns, Total: 437782 ns
[2022-09-06T08:06:24.150+0000][8][safepoint   ] Safepoint "Cleanup", Time since last: 4001091137 ns, Reaching safepoint: 297558 ns, At safepoint: 38843 ns, Total: 336401 ns
[2022-09-06T08:06:27.151+0000][8][safepoint   ] Safepoint "Cleanup", Time since last: 3000720750 ns, Reaching safepoint: 207389 ns, At safepoint: 6903 ns, Total: 214292 ns
[2022-09-06T08:06:28.151+0000][8][safepoint   ] Safepoint "Cleanup", Time since last: 1000604497 ns, Reaching safepoint: 310824 ns, At safepoint: 36638 ns, Total: 347462 ns
[2022-09-06T08:06:29.152+0000][8][safepoint   ] Safepoint "Cleanup", Time since last: 1000551207 ns, Reaching safepoint: 293891 ns, At safepoint: 44554 ns, Total: 338445 ns
[2022-09-06T08:06:32.154+0000][8][safepoint   ] Safepoint "Cleanup", Time since last: 3000825767 ns, Reaching safepoint: 310373 ns, At safepoint: 68448 ns, Total: 378821 ns
[2022-09-06T08:06:33.155+0000][8][safepoint   ] Safepoint "Cleanup", Time since last: 1000797370 ns, Reaching safepoint: 310061 ns, At safepoint: 36017 ns, Total: 346078 ns
[2022-09-06T08:06:35.156+0000][8][safepoint   ] Safepoint "Cleanup", Time since last: 2000895697 ns, Reaching safepoint: 365396 ns, At safepoint: 4588 ns, Total: 369984 ns
[2022-09-06T08:06:36.157+0000][8][safepoint   ] Safepoint "Cleanup", Time since last: 1000863984 ns, Reaching safepoint: 367670 ns, At safepoint: 49042 ns, Total: 416712 ns
[2022-09-06T08:06:40.558+0000][8][gc,heap,exit] Heap
[2022-09-06T08:06:40.558+0000][8][gc,heap,exit]  garbage-first heap   total 262144K, used 111491K [0x00000000f0000000, 0x0000000100000000)
[2022-09-06T08:06:40.558+0000][8][gc,heap,exit]   region size 4096K, 9 young (36864K), 2 survivors (8192K)
[2022-09-06T08:06:40.559+0000][8][gc,heap,exit]  Metaspace       used 94399K, capacity 97874K, committed 98944K, reserved 1134592K
[2022-09-06T08:06:40.559+0000][8][gc,heap,exit]   class space    used 12559K, capacity 13632K, committed 13696K, reserved 1048576K
