[2022-08-30T12:50:16.068+0000][7][gc] Using G1
[2022-08-30T12:50:23.049+0000][7][gc,init] Version: 15.0.1+9 (release)
[2022-08-30T12:50:23.050+0000][7][gc,init] CPUs: 6 total, 6 available
[2022-08-30T12:50:23.050+0000][7][gc,init] Memory: 5874M
[2022-08-30T12:50:23.050+0000][7][gc,init] Large Page Support: Disabled
[2022-08-30T12:50:23.051+0000][7][gc,init] NUMA Support: Disabled
[2022-08-30T12:50:23.051+0000][7][gc,init] Compressed Oops: Enabled (32-bit)
[2022-08-30T12:50:23.051+0000][7][gc,init] Heap Region Size: 4M
[2022-08-30T12:50:23.051+0000][7][gc,init] Heap Min Capacity: 256M
[2022-08-30T12:50:23.051+0000][7][gc,init] Heap Initial Capacity: 256M
[2022-08-30T12:50:23.062+0000][7][gc,init] Heap Max Capacity: 256M
[2022-08-30T12:50:23.062+0000][7][gc,init] Pre-touch: Enabled
[2022-08-30T12:50:23.062+0000][7][gc,init] Parallel Workers: 6
[2022-08-30T12:50:23.062+0000][7][gc,init] Concurrent Workers: 2
[2022-08-30T12:50:23.062+0000][7][gc,init] Concurrent Refinement Workers: 6
[2022-08-30T12:50:23.062+0000][7][gc,init] Periodic GC: Disabled
[2022-08-30T12:50:23.063+0000][7][gc,cds ] Mark closed archive regions in map: [0x00000000ffc00000, 0x00000000ffc7bff8]
[2022-08-30T12:50:23.063+0000][7][gc,cds ] Mark open archive regions in map: [0x00000000ffb00000, 0x00000000ffb51ff8]
[2022-08-30T12:50:23.063+0000][7][gc,metaspace] CDS archive(s) mapped at: [0x0000000800000000-0x0000000800b2a000-0x0000000800b2a000), size 11706368, SharedBaseAddress: 0x0000000800000000, ArchiveRelocationMode: 0.
[2022-08-30T12:50:23.063+0000][7][gc,metaspace] Compressed class space mapped at: 0x0000000800b2c000-0x0000000840b2c000, size: 1073741824
[2022-08-30T12:50:23.063+0000][7][gc,metaspace] Narrow klass base: 0x0000000800000000, Narrow klass shift: 3, Narrow klass range: 0x100000000
[2022-08-30T12:50:24.166+0000][7][gc,start    ] GC(0) Pause Young (Normal) (G1 Evacuation Pause)
[2022-08-30T12:50:24.166+0000][7][gc,task     ] GC(0) Using 6 workers of 6 for evacuation
[2022-08-30T12:50:24.167+0000][7][gc,age      ] GC(0) Desired survivor size 2097152 bytes, new threshold 15 (max threshold 15)
[2022-08-30T12:50:24.169+0000][7][gc,age      ] GC(0) Age table with threshold 15 (max threshold 15)
[2022-08-30T12:50:24.169+0000][7][gc,age      ] GC(0) - age   1:    3363776 bytes,    3363776 total
[2022-08-30T12:50:24.170+0000][7][gc,phases   ] GC(0)   Pre Evacuate Collection Set: 0.0ms
[2022-08-30T12:50:24.170+0000][7][gc,phases   ] GC(0)   Merge Heap Roots: 0.0ms
[2022-08-30T12:50:24.170+0000][7][gc,phases   ] GC(0)   Evacuate Collection Set: 2.0ms
[2022-08-30T12:50:24.170+0000][7][gc,phases   ] GC(0)   Post Evacuate Collection Set: 0.2ms
[2022-08-30T12:50:24.170+0000][7][gc,phases   ] GC(0)   Other: 1.7ms
[2022-08-30T12:50:24.170+0000][7][gc,heap     ] GC(0) Eden regions: 4->0(4)
[2022-08-30T12:50:24.170+0000][7][gc,heap     ] GC(0) Survivor regions: 0->1(1)
[2022-08-30T12:50:24.170+0000][7][gc,heap     ] GC(0) Old regions: 0->0
[2022-08-30T12:50:24.170+0000][7][gc,heap     ] GC(0) Archive regions: 2->2
[2022-08-30T12:50:24.171+0000][7][gc,heap     ] GC(0) Humongous regions: 0->0
[2022-08-30T12:50:24.171+0000][7][gc,metaspace] GC(0) Metaspace: 5064K(7680K)->5064K(7680K) NonClass: 4542K(6912K)->4542K(6912K) Class: 521K(768K)->521K(768K)
[2022-08-30T12:50:24.171+0000][7][gc          ] GC(0) Pause Young (Normal) (G1 Evacuation Pause) 19M->7M(256M) 5.292ms
[2022-08-30T12:50:24.171+0000][7][gc,cpu      ] GC(0) User=0.00s Sys=0.00s Real=0.00s
[2022-08-30T12:50:24.171+0000][7][safepoint   ] Safepoint "G1CollectForAllocation", Time since last: 1097468342 ns, Reaching safepoint: 167795 ns, At safepoint: 5580598 ns, Total: 5748393 ns
[2022-08-30T12:50:24.991+0000][7][safepoint   ] Safepoint "ICBufferFull", Time since last: 819234448 ns, Reaching safepoint: 338715 ns, At safepoint: 8807 ns, Total: 347522 ns
[2022-08-30T12:50:25.306+0000][7][gc,start    ] GC(1) Pause Young (Normal) (G1 Evacuation Pause)
[2022-08-30T12:50:25.307+0000][7][gc,task     ] GC(1) Using 6 workers of 6 for evacuation
[2022-08-30T12:50:25.307+0000][7][gc,age      ] GC(1) Desired survivor size 2097152 bytes, new threshold 1 (max threshold 15)
[2022-08-30T12:50:25.313+0000][7][gc,age      ] GC(1) Age table with threshold 1 (max threshold 15)
[2022-08-30T12:50:25.313+0000][7][gc,age      ] GC(1) - age   1:    1251368 bytes,    1251368 total
[2022-08-30T12:50:25.314+0000][7][gc,phases   ] GC(1)   Pre Evacuate Collection Set: 0.1ms
[2022-08-30T12:50:25.314+0000][7][gc,phases   ] GC(1)   Merge Heap Roots: 0.1ms
[2022-08-30T12:50:25.314+0000][7][gc,phases   ] GC(1)   Evacuate Collection Set: 5.4ms
[2022-08-30T12:50:25.314+0000][7][gc,phases   ] GC(1)   Post Evacuate Collection Set: 0.6ms
[2022-08-30T12:50:25.314+0000][7][gc,phases   ] GC(1)   Other: 1.1ms
[2022-08-30T12:50:25.314+0000][7][gc,heap     ] GC(1) Eden regions: 4->0(10)
[2022-08-30T12:50:25.314+0000][7][gc,heap     ] GC(1) Survivor regions: 1->1(1)
[2022-08-30T12:50:25.314+0000][7][gc,heap     ] GC(1) Old regions: 0->1
[2022-08-30T12:50:25.315+0000][7][gc,heap     ] GC(1) Archive regions: 2->2
[2022-08-30T12:50:25.315+0000][7][gc,heap     ] GC(1) Humongous regions: 0->0
[2022-08-30T12:50:25.315+0000][7][gc,metaspace] GC(1) Metaspace: 9764K(10496K)->9764K(10496K) NonClass: 8605K(9216K)->8605K(9216K) Class: 1159K(1280K)->1159K(1280K)
[2022-08-30T12:50:25.315+0000][7][gc          ] GC(1) Pause Young (Normal) (G1 Evacuation Pause) 23M->8M(256M) 8.505ms
[2022-08-30T12:50:25.315+0000][7][gc,cpu      ] GC(1) User=0.01s Sys=0.00s Real=0.01s
[2022-08-30T12:50:25.315+0000][7][safepoint   ] Safepoint "G1CollectForAllocation", Time since last: 315580851 ns, Reaching safepoint: 161733 ns, At safepoint: 8821849 ns, Total: 8983582 ns
[2022-08-30T12:50:26.422+0000][7][safepoint   ] Safepoint "Cleanup", Time since last: 1106197677 ns, Reaching safepoint: 191499 ns, At safepoint: 5089 ns, Total: 196588 ns
[2022-08-30T12:50:39.623+0000][7][safepoint   ] Safepoint "Cleanup", Time since last: 13200855617 ns, Reaching safepoint: 194134 ns, At safepoint: 2695 ns, Total: 196829 ns
[2022-08-30T12:50:40.798+0000][7][gc,start    ] GC(2) Pause Young (Normal) (G1 Evacuation Pause)
[2022-08-30T12:50:40.805+0000][7][gc,task     ] GC(2) Using 6 workers of 6 for evacuation
[2022-08-30T12:50:40.805+0000][7][gc,age      ] GC(2) Desired survivor size 4194304 bytes, new threshold 15 (max threshold 15)
[2022-08-30T12:50:40.817+0000][7][gc,age      ] GC(2) Age table with threshold 15 (max threshold 15)
[2022-08-30T12:50:40.818+0000][7][gc,age      ] GC(2) - age   1:    2409704 bytes,    2409704 total
[2022-08-30T12:50:40.818+0000][7][gc,age      ] GC(2) - age   2:    1202888 bytes,    3612592 total
[2022-08-30T12:50:40.818+0000][7][gc,phases   ] GC(2)   Pre Evacuate Collection Set: 0.1ms
[2022-08-30T12:50:40.818+0000][7][gc,phases   ] GC(2)   Merge Heap Roots: 0.0ms
[2022-08-30T12:50:40.818+0000][7][gc,phases   ] GC(2)   Evacuate Collection Set: 10.6ms
[2022-08-30T12:50:40.818+0000][7][gc,phases   ] GC(2)   Post Evacuate Collection Set: 1.3ms
[2022-08-30T12:50:40.818+0000][7][gc,phases   ] GC(2)   Other: 7.5ms
[2022-08-30T12:50:40.818+0000][7][gc,heap     ] GC(2) Eden regions: 10->0(34)
[2022-08-30T12:50:40.819+0000][7][gc,heap     ] GC(2) Survivor regions: 1->1(2)
[2022-08-30T12:50:40.819+0000][7][gc,heap     ] GC(2) Old regions: 1->1
[2022-08-30T12:50:40.819+0000][7][gc,heap     ] GC(2) Archive regions: 2->2
[2022-08-30T12:50:40.819+0000][7][gc,heap     ] GC(2) Humongous regions: 0->0
[2022-08-30T12:50:40.819+0000][7][gc,metaspace] GC(2) Metaspace: 14164K(14592K)->14164K(14592K) NonClass: 12488K(12800K)->12488K(12800K) Class: 1676K(1792K)->1676K(1792K)
[2022-08-30T12:50:40.819+0000][7][gc          ] GC(2) Pause Young (Normal) (G1 Evacuation Pause) 48M->10M(256M) 20.647ms
[2022-08-30T12:50:40.819+0000][7][gc,cpu      ] GC(2) User=0.02s Sys=0.00s Real=0.38s
[2022-08-30T12:50:40.819+0000][7][safepoint   ] Safepoint "G1CollectForAllocation", Time since last: 1175369773 ns, Reaching safepoint: 398838 ns, At safepoint: 21029458 ns, Total: 21428296 ns
[2022-08-30T12:50:43.969+0000][7][safepoint   ] Safepoint "Cleanup", Time since last: 3148869495 ns, Reaching safepoint: 1017990 ns, At safepoint: 4208 ns, Total: 1022198 ns
[2022-08-30T12:50:47.680+0000][7][safepoint   ] Safepoint "Cleanup", Time since last: 1156079988 ns, Reaching safepoint: 2554318930 ns, At safepoint: 33834 ns, Total: 2554352764 ns
[2022-08-30T12:50:47.937+0000][7][safepoint   ] Safepoint "ICBufferFull", Time since last: 257565763 ns, Reaching safepoint: 123091 ns, At safepoint: 3256 ns, Total: 126347 ns
[2022-08-30T12:50:47.940+0000][7][safepoint   ] Safepoint "ICBufferFull", Time since last: 2188345 ns, Reaching safepoint: 110718 ns, At safepoint: 10679 ns, Total: 121397 ns
[2022-08-30T12:50:50.593+0000][7][safepoint   ] Safepoint "ICBufferFull", Time since last: 2652603537 ns, Reaching safepoint: 94718 ns, At safepoint: 49362 ns, Total: 144080 ns
[2022-08-30T12:50:51.094+0000][7][safepoint   ] Safepoint "ICBufferFull", Time since last: 501434525 ns, Reaching safepoint: 93956 ns, At safepoint: 3066 ns, Total: 97022 ns
[2022-08-30T12:50:51.097+0000][7][safepoint   ] Safepoint "ICBufferFull", Time since last: 3157032 ns, Reaching safepoint: 139271 ns, At safepoint: 2675 ns, Total: 141946 ns
[2022-08-30T12:50:51.102+0000][7][safepoint   ] Safepoint "ICBufferFull", Time since last: 3296905 ns, Reaching safepoint: 1205220 ns, At safepoint: 6603 ns, Total: 1211823 ns
[2022-08-30T12:50:51.109+0000][7][safepoint   ] Safepoint "ICBufferFull", Time since last: 6728171 ns, Reaching safepoint: 169898 ns, At safepoint: 3096 ns, Total: 172994 ns
[2022-08-30T12:50:51.121+0000][7][safepoint   ] Safepoint "ICBufferFull", Time since last: 11723402 ns, Reaching safepoint: 67426 ns, At safepoint: 6853 ns, Total: 74279 ns
[2022-08-30T12:50:51.125+0000][7][safepoint   ] Safepoint "ICBufferFull", Time since last: 4307320 ns, Reaching safepoint: 67937 ns, At safepoint: 2515 ns, Total: 70452 ns
[2022-08-30T12:50:51.138+0000][7][safepoint   ] Safepoint "ICBufferFull", Time since last: 12875342 ns, Reaching safepoint: 96832 ns, At safepoint: 3616 ns, Total: 100448 ns
[2022-08-30T12:50:51.159+0000][7][safepoint   ] Safepoint "ICBufferFull", Time since last: 19532541 ns, Reaching safepoint: 1642932 ns, At safepoint: 6281 ns, Total: 1649213 ns
[2022-08-30T12:50:51.174+0000][7][safepoint   ] Safepoint "ICBufferFull", Time since last: 15002332 ns, Reaching safepoint: 176641 ns, At safepoint: 3096 ns, Total: 179737 ns
[2022-08-30T12:50:51.188+0000][7][safepoint   ] Safepoint "ICBufferFull", Time since last: 13621522 ns, Reaching safepoint: 494317 ns, At safepoint: 4830 ns, Total: 499147 ns
[2022-08-30T12:50:51.908+0000][7][safepoint   ] Safepoint "ICBufferFull", Time since last: 719500262 ns, Reaching safepoint: 142757 ns, At safepoint: 2665 ns, Total: 145422 ns
[2022-08-30T12:50:53.797+0000][7][safepoint   ] Safepoint "ICBufferFull", Time since last: 1889003480 ns, Reaching safepoint: 89117 ns, At safepoint: 3166 ns, Total: 92283 ns
[2022-08-30T12:50:53.822+0000][7][safepoint   ] Safepoint "ICBufferFull", Time since last: 24813878 ns, Reaching safepoint: 148538 ns, At safepoint: 28664 ns, Total: 177202 ns
[2022-08-30T12:50:53.833+0000][7][safepoint   ] Safepoint "ICBufferFull", Time since last: 11044297 ns, Reaching safepoint: 74480 ns, At safepoint: 4458 ns, Total: 78938 ns
[2022-08-30T12:50:53.838+0000][7][safepoint   ] Safepoint "ICBufferFull", Time since last: 4896525 ns, Reaching safepoint: 157496 ns, At safepoint: 8125 ns, Total: 165621 ns
[2022-08-30T12:50:54.401+0000][7][safepoint   ] Safepoint "ICBufferFull", Time since last: 534570211 ns, Reaching safepoint: 167193 ns, At safepoint: 6513 ns, Total: 173706 ns
[2022-08-30T12:50:54.497+0000][7][safepoint   ] Safepoint "ICBufferFull", Time since last: 95635006 ns, Reaching safepoint: 127810 ns, At safepoint: 22241 ns, Total: 150051 ns
[2022-08-30T12:50:54.498+0000][7][safepoint   ] Safepoint "ICBufferFull", Time since last: 963478 ns, Reaching safepoint: 67917 ns, At safepoint: 2956 ns, Total: 70873 ns
[2022-08-30T12:50:54.499+0000][7][safepoint   ] Safepoint "ICBufferFull", Time since last: 915948 ns, Reaching safepoint: 75713 ns, At safepoint: 22682 ns, Total: 98395 ns
[2022-08-30T12:50:54.500+0000][7][safepoint   ] Safepoint "ICBufferFull", Time since last: 1035823 ns, Reaching safepoint: 67016 ns, At safepoint: 21240 ns, Total: 88256 ns
[2022-08-30T12:50:54.501+0000][7][safepoint   ] Safepoint "ICBufferFull", Time since last: 956574 ns, Reaching safepoint: 154029 ns, At safepoint: 24195 ns, Total: 178224 ns
[2022-08-30T12:50:54.507+0000][7][safepoint   ] Safepoint "ICBufferFull", Time since last: 4486736 ns, Reaching safepoint: 833183 ns, At safepoint: 321935 ns, Total: 1155118 ns
[2022-08-30T12:50:54.511+0000][7][safepoint   ] Safepoint "ICBufferFull", Time since last: 3534700 ns, Reaching safepoint: 92293 ns, At safepoint: 4008 ns, Total: 96301 ns
[2022-08-30T12:50:54.515+0000][7][safepoint   ] Safepoint "ICBufferFull", Time since last: 4086285 ns, Reaching safepoint: 151634 ns, At safepoint: 5100 ns, Total: 156734 ns
[2022-08-30T12:50:54.518+0000][7][safepoint   ] Safepoint "ICBufferFull", Time since last: 3341768 ns, Reaching safepoint: 109345 ns, At safepoint: 3517 ns, Total: 112862 ns
[2022-08-30T12:50:54.520+0000][7][safepoint   ] Safepoint "ICBufferFull", Time since last: 1258872 ns, Reaching safepoint: 89718 ns, At safepoint: 2405 ns, Total: 92123 ns
[2022-08-30T12:50:54.522+0000][7][safepoint   ] Safepoint "ICBufferFull", Time since last: 1769158 ns, Reaching safepoint: 107802 ns, At safepoint: 21370 ns, Total: 129172 ns
[2022-08-30T12:50:54.523+0000][7][safepoint   ] Safepoint "ICBufferFull", Time since last: 1638003 ns, Reaching safepoint: 126297 ns, At safepoint: 39614 ns, Total: 165911 ns
[2022-08-30T12:50:54.525+0000][7][safepoint   ] Safepoint "ICBufferFull", Time since last: 1043037 ns, Reaching safepoint: 107381 ns, At safepoint: 23003 ns, Total: 130384 ns
[2022-08-30T12:50:54.526+0000][7][safepoint   ] Safepoint "ICBufferFull", Time since last: 993815 ns, Reaching safepoint: 113913 ns, At safepoint: 23454 ns, Total: 137367 ns
[2022-08-30T12:50:54.527+0000][7][safepoint   ] Safepoint "ICBufferFull", Time since last: 970110 ns, Reaching safepoint: 79830 ns, At safepoint: 22071 ns, Total: 101901 ns
[2022-08-30T12:50:54.528+0000][7][safepoint   ] Safepoint "ICBufferFull", Time since last: 964329 ns, Reaching safepoint: 190127 ns, At safepoint: 25468 ns, Total: 215595 ns
[2022-08-30T12:50:54.529+0000][7][safepoint   ] Safepoint "ICBufferFull", Time since last: 956774 ns, Reaching safepoint: 101481 ns, At safepoint: 15479 ns, Total: 116960 ns
[2022-08-30T12:50:54.530+0000][7][safepoint   ] Safepoint "ICBufferFull", Time since last: 1106094 ns, Reaching safepoint: 83226 ns, At safepoint: 11903 ns, Total: 95129 ns
[2022-08-30T12:50:54.533+0000][7][safepoint   ] Safepoint "ICBufferFull", Time since last: 2704152 ns, Reaching safepoint: 193053 ns, At safepoint: 17272 ns, Total: 210325 ns
[2022-08-30T12:50:54.535+0000][7][safepoint   ] Safepoint "ICBufferFull", Time since last: 1581176 ns, Reaching safepoint: 207359 ns, At safepoint: 16441 ns, Total: 223800 ns
[2022-08-30T12:50:54.546+0000][7][gc,start    ] GC(3) Pause Young (Normal) (G1 Evacuation Pause)
[2022-08-30T12:50:54.546+0000][7][gc,task     ] GC(3) Using 6 workers of 6 for evacuation
[2022-08-30T12:50:54.546+0000][7][gc,age      ] GC(3) Desired survivor size 10485760 bytes, new threshold 15 (max threshold 15)
[2022-08-30T12:50:54.559+0000][7][gc,age      ] GC(3) Age table with threshold 15 (max threshold 15)
[2022-08-30T12:50:54.560+0000][7][gc,age      ] GC(3) - age   1:    3927248 bytes,    3927248 total
[2022-08-30T12:50:54.560+0000][7][gc,age      ] GC(3) - age   2:    2337504 bytes,    6264752 total
[2022-08-30T12:50:54.561+0000][7][gc,age      ] GC(3) - age   3:    1186688 bytes,    7451440 total
[2022-08-30T12:50:54.561+0000][7][gc,phases   ] GC(3)   Pre Evacuate Collection Set: 0.1ms
[2022-08-30T12:50:54.561+0000][7][gc,phases   ] GC(3)   Merge Heap Roots: 0.1ms
[2022-08-30T12:50:54.562+0000][7][gc,phases   ] GC(3)   Evacuate Collection Set: 11.4ms
[2022-08-30T12:50:54.562+0000][7][gc,phases   ] GC(3)   Post Evacuate Collection Set: 1.4ms
[2022-08-30T12:50:54.563+0000][7][gc,phases   ] GC(3)   Other: 2.7ms
[2022-08-30T12:50:54.563+0000][7][gc,heap     ] GC(3) Eden regions: 34->0(36)
[2022-08-30T12:50:54.563+0000][7][gc,heap     ] GC(3) Survivor regions: 1->2(5)
[2022-08-30T12:50:54.564+0000][7][gc,heap     ] GC(3) Old regions: 1->1
[2022-08-30T12:50:54.564+0000][7][gc,heap     ] GC(3) Archive regions: 2->2
[2022-08-30T12:50:54.564+0000][7][gc,heap     ] GC(3) Humongous regions: 0->0
[2022-08-30T12:50:54.564+0000][7][gc,metaspace] GC(3) Metaspace: 17560K(18176K)->17560K(18176K) NonClass: 15437K(15872K)->15437K(15872K) Class: 2123K(2304K)->2123K(2304K)
[2022-08-30T12:50:54.564+0000][7][gc          ] GC(3) Pause Young (Normal) (G1 Evacuation Pause) 146M->14M(256M) 18.648ms
[2022-08-30T12:50:54.564+0000][7][gc,cpu      ] GC(3) User=0.06s Sys=0.00s Real=0.02s
[2022-08-30T12:50:54.565+0000][7][safepoint   ] Safepoint "G1CollectForAllocation", Time since last: 10429464 ns, Reaching safepoint: 109716 ns, At safepoint: 19042621 ns, Total: 19152337 ns
[2022-08-30T12:50:54.595+0000][7][safepoint   ] Safepoint "ICBufferFull", Time since last: 30604760 ns, Reaching safepoint: 126978 ns, At safepoint: 23825 ns, Total: 150803 ns
[2022-08-30T12:50:54.597+0000][7][safepoint   ] Safepoint "ICBufferFull", Time since last: 1491367 ns, Reaching safepoint: 112661 ns, At safepoint: 37431 ns, Total: 150092 ns
[2022-08-30T12:50:54.598+0000][7][safepoint   ] Safepoint "ICBufferFull", Time since last: 913584 ns, Reaching safepoint: 75040 ns, At safepoint: 5941 ns, Total: 80981 ns
[2022-08-30T12:50:54.599+0000][7][safepoint   ] Safepoint "ICBufferFull", Time since last: 814088 ns, Reaching safepoint: 92874 ns, At safepoint: 21169 ns, Total: 114043 ns
[2022-08-30T12:50:54.600+0000][7][safepoint   ] Safepoint "ICBufferFull", Time since last: 878699 ns, Reaching safepoint: 73017 ns, At safepoint: 20528 ns, Total: 93545 ns
[2022-08-30T12:50:54.607+0000][7][safepoint   ] Safepoint "ICBufferFull", Time since last: 5751519 ns, Reaching safepoint: 1468896 ns, At safepoint: 317125 ns, Total: 1786021 ns
[2022-08-30T12:50:54.611+0000][7][safepoint   ] Safepoint "ICBufferFull", Time since last: 3164767 ns, Reaching safepoint: 116368 ns, At safepoint: 40556 ns, Total: 156924 ns
[2022-08-30T12:50:54.612+0000][7][safepoint   ] Safepoint "ICBufferFull", Time since last: 1027928 ns, Reaching safepoint: 109034 ns, At safepoint: 32742 ns, Total: 141776 ns
[2022-08-30T12:50:54.613+0000][7][safepoint   ] Safepoint "ICBufferFull", Time since last: 843171 ns, Reaching safepoint: 74080 ns, At safepoint: 11691 ns, Total: 85771 ns
[2022-08-30T12:50:54.614+0000][7][safepoint   ] Safepoint "ICBufferFull", Time since last: 810290 ns, Reaching safepoint: 71023 ns, At safepoint: 10620 ns, Total: 81643 ns
[2022-08-30T12:50:54.615+0000][7][safepoint   ] Safepoint "ICBufferFull", Time since last: 734478 ns, Reaching safepoint: 67477 ns, At safepoint: 10349 ns, Total: 77826 ns
[2022-08-30T12:50:54.615+0000][7][safepoint   ] Safepoint "ICBufferFull", Time since last: 719440 ns, Reaching safepoint: 68728 ns, At safepoint: 10019 ns, Total: 78747 ns
[2022-08-30T12:50:54.616+0000][7][safepoint   ] Safepoint "ICBufferFull", Time since last: 717376 ns, Reaching safepoint: 205426 ns, At safepoint: 37580 ns, Total: 243006 ns
[2022-08-30T12:50:54.617+0000][7][safepoint   ] Safepoint "ICBufferFull", Time since last: 863950 ns, Reaching safepoint: 85912 ns, At safepoint: 12693 ns, Total: 98605 ns
[2022-08-30T12:50:54.618+0000][7][safepoint   ] Safepoint "ICBufferFull", Time since last: 818326 ns, Reaching safepoint: 70652 ns, At safepoint: 10971 ns, Total: 81623 ns
[2022-08-30T12:50:54.619+0000][7][safepoint   ] Safepoint "ICBufferFull", Time since last: 743865 ns, Reaching safepoint: 81573 ns, At safepoint: 11652 ns, Total: 93225 ns
[2022-08-30T12:50:54.620+0000][7][safepoint   ] Safepoint "ICBufferFull", Time since last: 879830 ns, Reaching safepoint: 74881 ns, At safepoint: 11351 ns, Total: 86232 ns
[2022-08-30T12:50:54.634+0000][7][safepoint   ] Safepoint "ICBufferFull", Time since last: 9617121 ns, Reaching safepoint: 4832454 ns, At safepoint: 47480 ns, Total: 4879934 ns
[2022-08-30T12:50:54.847+0000][7][gc,start    ] GC(4) Pause Young (Normal) (G1 Evacuation Pause)
[2022-08-30T12:50:54.847+0000][7][gc,task     ] GC(4) Using 6 workers of 6 for evacuation
[2022-08-30T12:50:54.848+0000][7][gc,age      ] GC(4) Desired survivor size 10485760 bytes, new threshold 15 (max threshold 15)
[2022-08-30T12:50:54.854+0000][7][gc,age      ] GC(4) Age table with threshold 15 (max threshold 15)
[2022-08-30T12:50:54.855+0000][7][gc,age      ] GC(4) - age   1:    2481472 bytes,    2481472 total
[2022-08-30T12:50:54.855+0000][7][gc,age      ] GC(4) - age   2:    3319432 bytes,    5800904 total
[2022-08-30T12:50:54.855+0000][7][gc,age      ] GC(4) - age   3:    2337504 bytes,    8138408 total
[2022-08-30T12:50:54.855+0000][7][gc,age      ] GC(4) - age   4:    1186688 bytes,    9325096 total
[2022-08-30T12:50:54.855+0000][7][gc,phases   ] GC(4)   Pre Evacuate Collection Set: 0.2ms
[2022-08-30T12:50:54.855+0000][7][gc,phases   ] GC(4)   Merge Heap Roots: 0.2ms
[2022-08-30T12:50:54.855+0000][7][gc,phases   ] GC(4)   Evacuate Collection Set: 5.0ms
[2022-08-30T12:50:54.855+0000][7][gc,phases   ] GC(4)   Post Evacuate Collection Set: 0.8ms
[2022-08-30T12:50:54.856+0000][7][gc,phases   ] GC(4)   Other: 1.7ms
[2022-08-30T12:50:54.856+0000][7][gc,heap     ] GC(4) Eden regions: 36->0(35)
[2022-08-30T12:50:54.856+0000][7][gc,heap     ] GC(4) Survivor regions: 2->3(5)
[2022-08-30T12:50:54.856+0000][7][gc,heap     ] GC(4) Old regions: 1->1
[2022-08-30T12:50:54.856+0000][7][gc,heap     ] GC(4) Archive regions: 2->2
[2022-08-30T12:50:54.856+0000][7][gc,heap     ] GC(4) Humongous regions: 0->0
[2022-08-30T12:50:54.856+0000][7][gc,metaspace] GC(4) Metaspace: 18175K(19072K)->18175K(19072K) NonClass: 15982K(16640K)->15982K(16640K) Class: 2193K(2432K)->2193K(2432K)
[2022-08-30T12:50:54.856+0000][7][gc          ] GC(4) Pause Young (Normal) (G1 Evacuation Pause) 158M->16M(256M) 9.357ms
[2022-08-30T12:50:54.857+0000][7][gc,cpu      ] GC(4) User=0.03s Sys=0.00s Real=0.01s
[2022-08-30T12:50:54.857+0000][7][safepoint   ] Safepoint "G1CollectForAllocation", Time since last: 212308849 ns, Reaching safepoint: 276909 ns, At safepoint: 9725553 ns, Total: 10002462 ns
[2022-08-30T12:50:55.484+0000][7][gc,start    ] GC(5) Pause Young (Normal) (G1 Evacuation Pause)
[2022-08-30T12:50:55.484+0000][7][gc,task     ] GC(5) Using 6 workers of 6 for evacuation
[2022-08-30T12:50:55.485+0000][7][gc,age      ] GC(5) Desired survivor size 10485760 bytes, new threshold 15 (max threshold 15)
[2022-08-30T12:50:55.492+0000][7][gc,age      ] GC(5) Age table with threshold 15 (max threshold 15)
[2022-08-30T12:50:55.493+0000][7][gc,age      ] GC(5) - age   1:    2066128 bytes,    2066128 total
[2022-08-30T12:50:55.493+0000][7][gc,age      ] GC(5) - age   2:    1882008 bytes,    3948136 total
[2022-08-30T12:50:55.493+0000][7][gc,age      ] GC(5) - age   3:    3318384 bytes,    7266520 total
[2022-08-30T12:50:55.493+0000][7][gc,age      ] GC(5) - age   4:    2337504 bytes,    9604024 total
[2022-08-30T12:50:55.493+0000][7][gc,age      ] GC(5) - age   5:    1186688 bytes,   10790712 total
[2022-08-30T12:50:55.493+0000][7][gc,phases   ] GC(5)   Pre Evacuate Collection Set: 0.9ms
[2022-08-30T12:50:55.494+0000][7][gc,phases   ] GC(5)   Merge Heap Roots: 0.4ms
[2022-08-30T12:50:55.494+0000][7][gc,phases   ] GC(5)   Evacuate Collection Set: 5.2ms
[2022-08-30T12:50:55.494+0000][7][gc,phases   ] GC(5)   Post Evacuate Collection Set: 0.9ms
[2022-08-30T12:50:55.494+0000][7][gc,phases   ] GC(5)   Other: 2.2ms
[2022-08-30T12:50:55.494+0000][7][gc,heap     ] GC(5) Eden regions: 35->0(35)
[2022-08-30T12:50:55.494+0000][7][gc,heap     ] GC(5) Survivor regions: 3->3(5)
[2022-08-30T12:50:55.495+0000][7][gc,heap     ] GC(5) Old regions: 1->1
[2022-08-30T12:50:55.495+0000][7][gc,heap     ] GC(5) Archive regions: 2->2
[2022-08-30T12:50:55.495+0000][7][gc,heap     ] GC(5) Humongous regions: 0->0
[2022-08-30T12:50:55.495+0000][7][gc,metaspace] GC(5) Metaspace: 18647K(19456K)->18647K(19456K) NonClass: 16379K(16896K)->16379K(16896K) Class: 2267K(2560K)->2267K(2560K)
[2022-08-30T12:50:55.495+0000][7][gc          ] GC(5) Pause Young (Normal) (G1 Evacuation Pause) 156M->17M(256M) 11.464ms
[2022-08-30T12:50:55.495+0000][7][gc,cpu      ] GC(5) User=0.03s Sys=0.00s Real=0.01s
[2022-08-30T12:50:55.496+0000][7][safepoint   ] Safepoint "G1CollectForAllocation", Time since last: 626692389 ns, Reaching safepoint: 243437 ns, At safepoint: 11932313 ns, Total: 12175750 ns
[2022-08-30T12:50:56.808+0000][7][gc,start    ] GC(6) Pause Young (Normal) (G1 Evacuation Pause)
[2022-08-30T12:50:56.989+0000][7][gc,task     ] GC(6) Using 6 workers of 6 for evacuation
[2022-08-30T12:50:57.120+0000][7][gc,age      ] GC(6) Desired survivor size 10485760 bytes, new threshold 5 (max threshold 15)
[2022-08-30T12:50:57.136+0000][7][gc,age      ] GC(6) Age table with threshold 5 (max threshold 15)
[2022-08-30T12:50:57.143+0000][7][gc,age      ] GC(6) - age   1:    1273136 bytes,    1273136 total
[2022-08-30T12:50:57.144+0000][7][gc,age      ] GC(6) - age   2:    1479176 bytes,    2752312 total
[2022-08-30T12:50:57.144+0000][7][gc,age      ] GC(6) - age   3:    1882008 bytes,    4634320 total
[2022-08-30T12:50:57.144+0000][7][gc,age      ] GC(6) - age   4:    3318328 bytes,    7952648 total
[2022-08-30T12:50:57.148+0000][7][gc,age      ] GC(6) - age   5:    2337504 bytes,   10290152 total
[2022-08-30T12:50:57.149+0000][7][gc,phases   ] GC(6)   Pre Evacuate Collection Set: 3.4ms
[2022-08-30T12:50:57.150+0000][7][gc,phases   ] GC(6)   Merge Heap Roots: 0.1ms
[2022-08-30T12:50:57.150+0000][7][gc,phases   ] GC(6)   Evacuate Collection Set: 9.9ms
[2022-08-30T12:50:57.151+0000][7][gc,phases   ] GC(6)   Post Evacuate Collection Set: 0.7ms
[2022-08-30T12:50:57.151+0000][7][gc,phases   ] GC(6)   Other: 327.5ms
[2022-08-30T12:50:57.151+0000][7][gc,heap     ] GC(6) Eden regions: 35->0(35)
[2022-08-30T12:50:57.151+0000][7][gc,heap     ] GC(6) Survivor regions: 3->3(5)
[2022-08-30T12:50:57.151+0000][7][gc,heap     ] GC(6) Old regions: 1->2
[2022-08-30T12:50:57.151+0000][7][gc,heap     ] GC(6) Archive regions: 2->2
[2022-08-30T12:50:57.151+0000][7][gc,heap     ] GC(6) Humongous regions: 0->0
[2022-08-30T12:50:57.152+0000][7][gc,metaspace] GC(6) Metaspace: 18951K(19968K)->18951K(19968K) NonClass: 16652K(17408K)->16652K(17408K) Class: 2298K(2560K)->2298K(2560K)
[2022-08-30T12:50:57.152+0000][7][gc          ] GC(6) Pause Young (Normal) (G1 Evacuation Pause) 157M->18M(256M) 344.152ms
[2022-08-30T12:50:57.152+0000][7][gc,cpu      ] GC(6) User=0.03s Sys=0.00s Real=0.45s
[2022-08-30T12:50:57.152+0000][7][safepoint   ] Safepoint "G1CollectForAllocation", Time since last: 1311955807 ns, Reaching safepoint: 90881 ns, At safepoint: 344592482 ns, Total: 344683363 ns
[2022-08-30T12:50:57.346+0000][7][gc,start    ] GC(7) Pause Young (Normal) (G1 Evacuation Pause)
[2022-08-30T12:50:57.346+0000][7][gc,task     ] GC(7) Using 6 workers of 6 for evacuation
[2022-08-30T12:50:57.607+0000][7][gc,age      ] GC(7) Desired survivor size 10485760 bytes, new threshold 15 (max threshold 15)
[2022-08-30T12:50:57.629+0000][7][gc,age      ] GC(7) Age table with threshold 15 (max threshold 15)
[2022-08-30T12:50:57.632+0000][7][gc,age      ] GC(7) - age   1:     843256 bytes,     843256 total
[2022-08-30T12:50:57.633+0000][7][gc,age      ] GC(7) - age   2:    1239920 bytes,    2083176 total
[2022-08-30T12:50:57.639+0000][7][gc,age      ] GC(7) - age   3:    1478568 bytes,    3561744 total
[2022-08-30T12:50:57.639+0000][7][gc,age      ] GC(7) - age   4:    1881976 bytes,    5443720 total
[2022-08-30T12:50:57.639+0000][7][gc,age      ] GC(7) - age   5:    3314376 bytes,    8758096 total
[2022-08-30T12:50:57.656+0000][7][gc,age      ] GC(7) - age   6:    2337504 bytes,   11095600 total
[2022-08-30T12:50:57.665+0000][7][gc,phases   ] GC(7)   Pre Evacuate Collection Set: 0.1ms
[2022-08-30T12:50:57.667+0000][7][gc,phases   ] GC(7)   Merge Heap Roots: 0.1ms
[2022-08-30T12:50:57.669+0000][7][gc,phases   ] GC(7)   Evacuate Collection Set: 19.4ms
[2022-08-30T12:50:57.669+0000][7][gc,phases   ] GC(7)   Post Evacuate Collection Set: 1.7ms
[2022-08-30T12:50:57.669+0000][7][gc,phases   ] GC(7)   Other: 298.3ms
[2022-08-30T12:50:57.670+0000][7][gc,heap     ] GC(7) Eden regions: 35->0(35)
[2022-08-30T12:50:57.670+0000][7][gc,heap     ] GC(7) Survivor regions: 3->3(5)
[2022-08-30T12:50:57.670+0000][7][gc,heap     ] GC(7) Old regions: 2->2
[2022-08-30T12:50:57.670+0000][7][gc,heap     ] GC(7) Archive regions: 2->2
[2022-08-30T12:50:57.670+0000][7][gc,heap     ] GC(7) Humongous regions: 0->0
[2022-08-30T12:50:57.670+0000][7][gc,metaspace] GC(7) Metaspace: 19090K(19968K)->19090K(19968K) NonClass: 16766K(17408K)->16766K(17408K) Class: 2324K(2560K)->2324K(2560K)
[2022-08-30T12:50:57.671+0000][7][gc          ] GC(7) Pause Young (Normal) (G1 Evacuation Pause) 158M->19M(256M) 324.887ms
[2022-08-30T12:50:57.671+0000][7][gc,cpu      ] GC(7) User=0.13s Sys=0.00s Real=0.33s
[2022-08-30T12:50:57.671+0000][7][safepoint   ] Safepoint "G1CollectForAllocation", Time since last: 192958591 ns, Reaching safepoint: 351819 ns, At safepoint: 325285667 ns, Total: 325637486 ns
[2022-08-30T12:50:57.868+0000][7][gc,start    ] GC(8) Pause Young (Normal) (G1 Evacuation Pause)
[2022-08-30T12:50:57.869+0000][7][gc,task     ] GC(8) Using 6 workers of 6 for evacuation
[2022-08-30T12:50:57.869+0000][7][gc,age      ] GC(8) Desired survivor size 10485760 bytes, new threshold 6 (max threshold 15)
[2022-08-30T12:50:57.881+0000][7][gc,age      ] GC(8) Age table with threshold 6 (max threshold 15)
[2022-08-30T12:50:57.881+0000][7][gc,age      ] GC(8) - age   1:     749288 bytes,     749288 total
[2022-08-30T12:50:57.881+0000][7][gc,age      ] GC(8) - age   2:     256384 bytes,    1005672 total
[2022-08-30T12:50:57.882+0000][7][gc,age      ] GC(8) - age   3:    1239920 bytes,    2245592 total
[2022-08-30T12:50:57.882+0000][7][gc,age      ] GC(8) - age   4:    1478568 bytes,    3724160 total
[2022-08-30T12:50:57.882+0000][7][gc,age      ] GC(8) - age   5:    1881976 bytes,    5606136 total
[2022-08-30T12:50:57.882+0000][7][gc,age      ] GC(8) - age   6:    3314376 bytes,    8920512 total
[2022-08-30T12:50:57.882+0000][7][gc,phases   ] GC(8)   Pre Evacuate Collection Set: 0.1ms
[2022-08-30T12:50:57.882+0000][7][gc,phases   ] GC(8)   Merge Heap Roots: 0.0ms
[2022-08-30T12:50:57.883+0000][7][gc,phases   ] GC(8)   Evacuate Collection Set: 10.5ms
[2022-08-30T12:50:57.883+0000][7][gc,phases   ] GC(8)   Post Evacuate Collection Set: 0.8ms
[2022-08-30T12:50:57.883+0000][7][gc,phases   ] GC(8)   Other: 2.3ms
[2022-08-30T12:50:57.883+0000][7][gc,heap     ] GC(8) Eden regions: 35->0(35)
[2022-08-30T12:50:57.883+0000][7][gc,heap     ] GC(8) Survivor regions: 3->3(5)
[2022-08-30T12:50:57.883+0000][7][gc,heap     ] GC(8) Old regions: 2->2
[2022-08-30T12:50:57.884+0000][7][gc,heap     ] GC(8) Archive regions: 2->2
[2022-08-30T12:50:57.884+0000][7][gc,heap     ] GC(8) Humongous regions: 0->0
[2022-08-30T12:50:57.884+0000][7][gc,metaspace] GC(8) Metaspace: 19313K(20352K)->19313K(20352K) NonClass: 16948K(17664K)->16948K(17664K) Class: 2365K(2688K)->2365K(2688K)
[2022-08-30T12:50:57.884+0000][7][gc          ] GC(8) Pause Young (Normal) (G1 Evacuation Pause) 159M->19M(256M) 15.607ms
[2022-08-30T12:50:57.884+0000][7][gc,cpu      ] GC(8) User=0.03s Sys=0.00s Real=0.02s
[2022-08-30T12:50:57.884+0000][7][safepoint   ] Safepoint "G1CollectForAllocation", Time since last: 197294464 ns, Reaching safepoint: 250871 ns, At safepoint: 15990415 ns, Total: 16241286 ns
[2022-08-30T12:50:58.079+0000][7][gc,start    ] GC(9) Pause Young (Normal) (G1 Evacuation Pause)
[2022-08-30T12:50:58.080+0000][7][gc,task     ] GC(9) Using 6 workers of 6 for evacuation
[2022-08-30T12:50:58.080+0000][7][gc,age      ] GC(9) Desired survivor size 10485760 bytes, new threshold 15 (max threshold 15)
[2022-08-30T12:50:58.087+0000][7][gc,age      ] GC(9) Age table with threshold 15 (max threshold 15)
[2022-08-30T12:50:58.087+0000][7][gc,age      ] GC(9) - age   1:     474032 bytes,     474032 total
[2022-08-30T12:50:58.087+0000][7][gc,age      ] GC(9) - age   2:     255160 bytes,     729192 total
[2022-08-30T12:50:58.087+0000][7][gc,age      ] GC(9) - age   3:     256232 bytes,     985424 total
[2022-08-30T12:50:58.088+0000][7][gc,age      ] GC(9) - age   4:    1239920 bytes,    2225344 total
[2022-08-30T12:50:58.088+0000][7][gc,age      ] GC(9) - age   5:    1477896 bytes,    3703240 total
[2022-08-30T12:50:58.088+0000][7][gc,age      ] GC(9) - age   6:    1881688 bytes,    5584928 total
[2022-08-30T12:50:58.089+0000][7][gc,age      ] GC(9) - age   7:    3314248 bytes,    8899176 total
[2022-08-30T12:50:58.089+0000][7][gc,phases   ] GC(9)   Pre Evacuate Collection Set: 0.1ms
[2022-08-30T12:50:58.089+0000][7][gc,phases   ] GC(9)   Merge Heap Roots: 0.0ms
[2022-08-30T12:50:58.089+0000][7][gc,phases   ] GC(9)   Evacuate Collection Set: 5.9ms
[2022-08-30T12:50:58.089+0000][7][gc,phases   ] GC(9)   Post Evacuate Collection Set: 0.5ms
[2022-08-30T12:50:58.089+0000][7][gc,phases   ] GC(9)   Other: 2.9ms
[2022-08-30T12:50:58.089+0000][7][gc,heap     ] GC(9) Eden regions: 35->0(35)
[2022-08-30T12:50:58.090+0000][7][gc,heap     ] GC(9) Survivor regions: 3->3(5)
[2022-08-30T12:50:58.090+0000][7][gc,heap     ] GC(9) Old regions: 2->2
[2022-08-30T12:50:58.090+0000][7][gc,heap     ] GC(9) Archive regions: 2->2
[2022-08-30T12:50:58.090+0000][7][gc,heap     ] GC(9) Humongous regions: 0->0
[2022-08-30T12:50:58.090+0000][7][gc,metaspace] GC(9) Metaspace: 19377K(20608K)->19377K(20608K) NonClass: 17000K(17920K)->17000K(17920K) Class: 2377K(2688K)->2377K(2688K)
[2022-08-30T12:50:58.095+0000][7][gc          ] GC(9) Pause Young (Normal) (G1 Evacuation Pause) 159M->19M(256M) 15.931ms
[2022-08-30T12:50:58.100+0000][7][gc,cpu      ] GC(9) User=0.02s Sys=0.00s Real=0.03s
[2022-08-30T12:50:58.100+0000][7][safepoint   ] Safepoint "G1CollectForAllocation", Time since last: 194587396 ns, Reaching safepoint: 322135 ns, At safepoint: 20674752 ns, Total: 20996887 ns
[2022-08-30T12:51:00.417+0000][7][safepoint   ] Safepoint "Cleanup", Time since last: 2316540313 ns, Reaching safepoint: 335510 ns, At safepoint: 49353 ns, Total: 384863 ns
[2022-08-30T12:51:02.358+0000][7][gc,start    ] GC(10) Pause Young (Normal) (G1 Evacuation Pause)
[2022-08-30T12:51:03.792+0000][7][gc,task     ] GC(10) Using 6 workers of 6 for evacuation
[2022-08-30T12:51:03.809+0000][7][gc,age      ] GC(10) Desired survivor size 10485760 bytes, new threshold 15 (max threshold 15)
[2022-08-30T12:51:03.822+0000][7][gc,age      ] GC(10) Age table with threshold 15 (max threshold 15)
[2022-08-30T12:51:03.826+0000][7][gc,age      ] GC(10) - age   1:    2229144 bytes,    2229144 total
[2022-08-30T12:51:03.829+0000][7][gc,age      ] GC(10) - age   2:     431128 bytes,    2660272 total
[2022-08-30T12:51:03.829+0000][7][gc,age      ] GC(10) - age   3:     255160 bytes,    2915432 total
[2022-08-30T12:51:03.829+0000][7][gc,age      ] GC(10) - age   4:     256168 bytes,    3171600 total
[2022-08-30T12:51:03.829+0000][7][gc,age      ] GC(10) - age   5:    1239920 bytes,    4411520 total
[2022-08-30T12:51:03.829+0000][7][gc,age      ] GC(10) - age   6:    1476856 bytes,    5888376 total
[2022-08-30T12:51:03.830+0000][7][gc,age      ] GC(10) - age   7:    1881496 bytes,    7769872 total
[2022-08-30T12:51:03.830+0000][7][gc,age      ] GC(10) - age   8:    3313952 bytes,   11083824 total
[2022-08-30T12:51:03.830+0000][7][gc,phases   ] GC(10)   Pre Evacuate Collection Set: 0.1ms
[2022-08-30T12:51:03.830+0000][7][gc,phases   ] GC(10)   Merge Heap Roots: 0.5ms
[2022-08-30T12:51:03.831+0000][7][gc,phases   ] GC(10)   Evacuate Collection Set: 10.4ms
[2022-08-30T12:51:03.831+0000][7][gc,phases   ] GC(10)   Post Evacuate Collection Set: 0.7ms
[2022-08-30T12:51:03.831+0000][7][gc,phases   ] GC(10)   Other: 1459.9ms
[2022-08-30T12:51:03.831+0000][7][gc,heap     ] GC(10) Eden regions: 35->0(35)
[2022-08-30T12:51:03.831+0000][7][gc,heap     ] GC(10) Survivor regions: 3->3(5)
[2022-08-30T12:51:03.832+0000][7][gc,heap     ] GC(10) Old regions: 2->2
[2022-08-30T12:51:03.832+0000][7][gc,heap     ] GC(10) Archive regions: 2->2
[2022-08-30T12:51:03.832+0000][7][gc,heap     ] GC(10) Humongous regions: 0->0
[2022-08-30T12:51:03.832+0000][7][gc,metaspace] GC(10) Metaspace: 19695K(20864K)->19695K(20864K) NonClass: 17263K(18176K)->17263K(18176K) Class: 2432K(2688K)->2432K(2688K)
[2022-08-30T12:51:03.832+0000][7][gc          ] GC(10) Pause Young (Normal) (G1 Evacuation Pause) 159M->21M(256M) 1473.741ms
[2022-08-30T12:51:03.833+0000][7][gc,cpu      ] GC(10) User=0.01s Sys=0.00s Real=1.76s
[2022-08-30T12:51:03.833+0000][7][safepoint   ] Safepoint "G1CollectForAllocation", Time since last: 1941352388 ns, Reaching safepoint: 183775 ns, At safepoint: 1474264002 ns, Total: 1474447777 ns
[2022-08-30T12:51:04.314+0000][7][gc,start    ] GC(11) Pause Young (Normal) (G1 Evacuation Pause)
[2022-08-30T12:51:04.318+0000][7][gc,task     ] GC(11) Using 6 workers of 6 for evacuation
[2022-08-30T12:51:04.318+0000][7][gc,age      ] GC(11) Desired survivor size 10485760 bytes, new threshold 8 (max threshold 15)
[2022-08-30T12:51:04.324+0000][7][gc,age      ] GC(11) Age table with threshold 8 (max threshold 15)
[2022-08-30T12:51:04.324+0000][7][gc,age      ] GC(11) - age   1:     557056 bytes,     557056 total
[2022-08-30T12:51:04.324+0000][7][gc,age      ] GC(11) - age   2:    1635328 bytes,    2192384 total
[2022-08-30T12:51:04.324+0000][7][gc,age      ] GC(11) - age   3:     430136 bytes,    2622520 total
[2022-08-30T12:51:04.325+0000][7][gc,age      ] GC(11) - age   4:     255096 bytes,    2877616 total
[2022-08-30T12:51:04.325+0000][7][gc,age      ] GC(11) - age   5:     256168 bytes,    3133784 total
[2022-08-30T12:51:04.325+0000][7][gc,age      ] GC(11) - age   6:    1239920 bytes,    4373704 total
[2022-08-30T12:51:04.325+0000][7][gc,age      ] GC(11) - age   7:    1476856 bytes,    5850560 total
[2022-08-30T12:51:04.325+0000][7][gc,age      ] GC(11) - age   8:    1881496 bytes,    7732056 total
[2022-08-30T12:51:04.325+0000][7][gc,phases   ] GC(11)   Pre Evacuate Collection Set: 0.1ms
[2022-08-30T12:51:04.325+0000][7][gc,phases   ] GC(11)   Merge Heap Roots: 0.0ms
[2022-08-30T12:51:04.325+0000][7][gc,phases   ] GC(11)   Evacuate Collection Set: 4.1ms
[2022-08-30T12:51:04.326+0000][7][gc,phases   ] GC(11)   Post Evacuate Collection Set: 1.4ms
[2022-08-30T12:51:04.326+0000][7][gc,phases   ] GC(11)   Other: 5.8ms
[2022-08-30T12:51:04.326+0000][7][gc,heap     ] GC(11) Eden regions: 35->0(36)
[2022-08-30T12:51:04.326+0000][7][gc,heap     ] GC(11) Survivor regions: 3->2(5)
[2022-08-30T12:51:04.326+0000][7][gc,heap     ] GC(11) Old regions: 2->3
[2022-08-30T12:51:04.326+0000][7][gc,heap     ] GC(11) Archive regions: 2->2
[2022-08-30T12:51:04.326+0000][7][gc,heap     ] GC(11) Humongous regions: 0->0
[2022-08-30T12:51:04.326+0000][7][gc,metaspace] GC(11) Metaspace: 19778K(21120K)->19778K(21120K) NonClass: 17334K(18432K)->17334K(18432K) Class: 2444K(2688K)->2444K(2688K)
[2022-08-30T12:51:04.326+0000][7][gc          ] GC(11) Pause Young (Normal) (G1 Evacuation Pause) 161M->21M(256M) 12.615ms
[2022-08-30T12:51:04.327+0000][7][gc,cpu      ] GC(11) User=0.02s Sys=0.00s Real=0.01s
[2022-08-30T12:51:04.327+0000][7][safepoint   ] Safepoint "G1CollectForAllocation", Time since last: 480911537 ns, Reaching safepoint: 186008 ns, At safepoint: 12909246 ns, Total: 13095254 ns
[2022-08-30T12:51:04.488+0000][7][gc,start    ] GC(12) Pause Young (Normal) (G1 Evacuation Pause)
[2022-08-30T12:51:04.488+0000][7][gc,task     ] GC(12) Using 6 workers of 6 for evacuation
[2022-08-30T12:51:04.488+0000][7][gc,age      ] GC(12) Desired survivor size 10485760 bytes, new threshold 15 (max threshold 15)
[2022-08-30T12:51:04.494+0000][7][gc,age      ] GC(12) Age table with threshold 15 (max threshold 15)
[2022-08-30T12:51:04.494+0000][7][gc,age      ] GC(12) - age   1:    1800632 bytes,    1800632 total
[2022-08-30T12:51:04.495+0000][7][gc,age      ] GC(12) - age   2:     509608 bytes,    2310240 total
[2022-08-30T12:51:04.495+0000][7][gc,age      ] GC(12) - age   3:    1635328 bytes,    3945568 total
[2022-08-30T12:51:04.495+0000][7][gc,age      ] GC(12) - age   4:     429920 bytes,    4375488 total
[2022-08-30T12:51:04.495+0000][7][gc,age      ] GC(12) - age   5:     255096 bytes,    4630584 total
[2022-08-30T12:51:04.495+0000][7][gc,age      ] GC(12) - age   6:     255624 bytes,    4886208 total
[2022-08-30T12:51:04.495+0000][7][gc,age      ] GC(12) - age   7:    1239920 bytes,    6126128 total
[2022-08-30T12:51:04.495+0000][7][gc,age      ] GC(12) - age   8:    1476856 bytes,    7602984 total
[2022-08-30T12:51:04.495+0000][7][gc,age      ] GC(12) - age   9:    1881496 bytes,    9484480 total
[2022-08-30T12:51:04.496+0000][7][gc,phases   ] GC(12)   Pre Evacuate Collection Set: 0.1ms
[2022-08-30T12:51:04.496+0000][7][gc,phases   ] GC(12)   Merge Heap Roots: 0.1ms
[2022-08-30T12:51:04.496+0000][7][gc,phases   ] GC(12)   Evacuate Collection Set: 4.4ms
[2022-08-30T12:51:04.496+0000][7][gc,phases   ] GC(12)   Post Evacuate Collection Set: 0.7ms
[2022-08-30T12:51:04.496+0000][7][gc,phases   ] GC(12)   Other: 2.7ms
[2022-08-30T12:51:04.496+0000][7][gc,heap     ] GC(12) Eden regions: 36->0(35)
[2022-08-30T12:51:04.497+0000][7][gc,heap     ] GC(12) Survivor regions: 2->3(5)
[2022-08-30T12:51:04.497+0000][7][gc,heap     ] GC(12) Old regions: 3->3
[2022-08-30T12:51:04.497+0000][7][gc,heap     ] GC(12) Archive regions: 2->2
[2022-08-30T12:51:04.497+0000][7][gc,heap     ] GC(12) Humongous regions: 0->0
[2022-08-30T12:51:04.497+0000][7][gc,metaspace] GC(12) Metaspace: 19819K(21248K)->19819K(21248K) NonClass: 17366K(18432K)->17366K(18432K) Class: 2453K(2816K)->2453K(2816K)
[2022-08-30T12:51:04.497+0000][7][gc          ] GC(12) Pause Young (Normal) (G1 Evacuation Pause) 165M->23M(256M) 9.470ms
[2022-08-30T12:51:04.497+0000][7][gc,cpu      ] GC(12) User=0.02s Sys=0.00s Real=0.01s
[2022-08-30T12:51:04.498+0000][7][safepoint   ] Safepoint "G1CollectForAllocation", Time since last: 160918760 ns, Reaching safepoint: 83396 ns, At safepoint: 9807086 ns, Total: 9890482 ns
[2022-08-30T12:51:04.585+0000][7][gc,start    ] GC(13) Pause Young (Concurrent Start) (Metadata GC Threshold)
[2022-08-30T12:51:04.586+0000][7][gc,task     ] GC(13) Using 6 workers of 6 for evacuation
[2022-08-30T12:51:04.586+0000][7][gc,age      ] GC(13) Desired survivor size 10485760 bytes, new threshold 15 (max threshold 15)
[2022-08-30T12:51:04.593+0000][7][gc,age      ] GC(13) Age table with threshold 15 (max threshold 15)
[2022-08-30T12:51:04.593+0000][7][gc,age      ] GC(13) - age   1:     398504 bytes,     398504 total
[2022-08-30T12:51:04.593+0000][7][gc,age      ] GC(13) - age   2:     288448 bytes,     686952 total
[2022-08-30T12:51:04.594+0000][7][gc,age      ] GC(13) - age   3:     509608 bytes,    1196560 total
[2022-08-30T12:51:04.594+0000][7][gc,age      ] GC(13) - age   4:    1635184 bytes,    2831744 total
[2022-08-30T12:51:04.594+0000][7][gc,age      ] GC(13) - age   5:     429920 bytes,    3261664 total
[2022-08-30T12:51:04.594+0000][7][gc,age      ] GC(13) - age   6:     254952 bytes,    3516616 total
[2022-08-30T12:51:04.594+0000][7][gc,age      ] GC(13) - age   7:     255624 bytes,    3772240 total
[2022-08-30T12:51:04.594+0000][7][gc,age      ] GC(13) - age   8:    1239776 bytes,    5012016 total
[2022-08-30T12:51:04.594+0000][7][gc,age      ] GC(13) - age   9:    1476400 bytes,    6488416 total
[2022-08-30T12:51:04.594+0000][7][gc,age      ] GC(13) - age  10:    1881176 bytes,    8369592 total
[2022-08-30T12:51:04.595+0000][7][gc,phases   ] GC(13)   Pre Evacuate Collection Set: 0.1ms
[2022-08-30T12:51:04.595+0000][7][gc,phases   ] GC(13)   Merge Heap Roots: 0.0ms
[2022-08-30T12:51:04.595+0000][7][gc,phases   ] GC(13)   Evacuate Collection Set: 5.8ms
[2022-08-30T12:51:04.595+0000][7][gc,phases   ] GC(13)   Post Evacuate Collection Set: 0.8ms
[2022-08-30T12:51:04.595+0000][7][gc,phases   ] GC(13)   Other: 2.5ms
[2022-08-30T12:51:04.595+0000][7][gc,heap     ] GC(13) Eden regions: 15->0(35)
[2022-08-30T12:51:04.595+0000][7][gc,heap     ] GC(13) Survivor regions: 3->3(5)
[2022-08-30T12:51:04.596+0000][7][gc,heap     ] GC(13) Old regions: 3->3
[2022-08-30T12:51:04.596+0000][7][gc,heap     ] GC(13) Archive regions: 2->2
[2022-08-30T12:51:04.596+0000][7][gc,heap     ] GC(13) Humongous regions: 0->0
[2022-08-30T12:51:04.596+0000][7][gc,metaspace] GC(13) Metaspace: 19925K(21248K)->19925K(21248K) NonClass: 17450K(18432K)->17450K(18432K) Class: 2475K(2816K)->2475K(2816K)
[2022-08-30T12:51:04.596+0000][7][gc          ] GC(13) Pause Young (Concurrent Start) (Metadata GC Threshold) 83M->22M(256M) 10.751ms
[2022-08-30T12:51:04.596+0000][7][gc,cpu      ] GC(13) User=0.02s Sys=0.00s Real=0.01s
[2022-08-30T12:51:04.597+0000][7][safepoint   ] Safepoint "CollectForMetadataAllocation", Time since last: 87674434 ns, Reaching safepoint: 208100 ns, At safepoint: 11413540 ns, Total: 11621640 ns
[2022-08-30T12:51:04.597+0000][7][gc          ] GC(14) Concurrent Cycle
[2022-08-30T12:51:04.597+0000][7][gc,marking  ] GC(14) Concurrent Clear Claimed Marks
[2022-08-30T12:51:04.597+0000][7][gc,marking  ] GC(14) Concurrent Clear Claimed Marks 0.164ms
[2022-08-30T12:51:04.598+0000][7][gc,marking  ] GC(14) Concurrent Scan Root Regions
[2022-08-30T12:51:04.601+0000][7][gc,marking  ] GC(14) Concurrent Scan Root Regions 3.492ms
[2022-08-30T12:51:04.604+0000][7][gc,marking  ] GC(14) Concurrent Mark (48.665s)
[2022-08-30T12:51:04.605+0000][7][gc,marking  ] GC(14) Concurrent Mark From Roots
[2022-08-30T12:51:04.605+0000][7][gc,task     ] GC(14) Using 2 workers of 2 for marking
[2022-08-30T12:51:04.627+0000][7][gc,marking  ] GC(14) Concurrent Mark From Roots 21.900ms
[2022-08-30T12:51:04.629+0000][7][gc,marking  ] GC(14) Concurrent Preclean
[2022-08-30T12:51:04.629+0000][7][gc,marking  ] GC(14) Concurrent Preclean 0.538ms
[2022-08-30T12:51:04.631+0000][7][gc,marking  ] GC(14) Concurrent Mark (48.665s, 48.693s) 27.636ms
[2022-08-30T12:51:04.633+0000][7][gc,start    ] GC(14) Pause Remark
[2022-08-30T12:51:04.642+0000][7][gc          ] GC(14) Pause Remark 24M->24M(256M) 8.380ms
[2022-08-30T12:51:04.642+0000][7][gc,cpu      ] GC(14) User=0.01s Sys=0.00s Real=0.01s
[2022-08-30T12:51:04.642+0000][7][safepoint   ] Safepoint "G1Concurrent", Time since last: 36543581 ns, Reaching safepoint: 104616 ns, At safepoint: 8967281 ns, Total: 9071897 ns
[2022-08-30T12:51:04.648+0000][7][gc,marking  ] GC(14) Concurrent Rebuild Remembered Sets
[2022-08-30T12:51:04.660+0000][7][gc,marking  ] GC(14) Concurrent Rebuild Remembered Sets 12.674ms
[2022-08-30T12:51:04.664+0000][7][gc,start    ] GC(14) Pause Cleanup
[2022-08-30T12:51:04.664+0000][7][gc          ] GC(14) Pause Cleanup 26M->26M(256M) 0.539ms
[2022-08-30T12:51:04.665+0000][7][gc,cpu      ] GC(14) User=0.00s Sys=0.00s Real=0.00s
[2022-08-30T12:51:04.665+0000][7][safepoint   ] Safepoint "G1Concurrent", Time since last: 19696868 ns, Reaching safepoint: 1655786 ns, At safepoint: 985198 ns, Total: 2640984 ns
[2022-08-30T12:51:04.668+0000][7][gc,marking  ] GC(14) Concurrent Cleanup for Next Mark
[2022-08-30T12:51:04.683+0000][7][gc,marking  ] GC(14) Concurrent Cleanup for Next Mark 15.087ms
[2022-08-30T12:51:04.684+0000][7][gc          ] GC(14) Concurrent Cycle 86.417ms
[2022-08-30T12:51:11.222+0000][7][safepoint   ] Safepoint "Cleanup", Time since last: 1699532813 ns, Reaching safepoint: 4857684710 ns, At safepoint: 94036 ns, Total: 4857778746 ns
[2022-08-30T12:51:13.580+0000][7][safepoint   ] Safepoint "Cleanup", Time since last: 2358211863 ns, Reaching safepoint: 143499 ns, At safepoint: 11802 ns, Total: 155301 ns
[2022-08-30T12:51:15.184+0000][7][safepoint   ] Safepoint "Cleanup", Time since last: 1603591872 ns, Reaching safepoint: 396474 ns, At safepoint: 41197 ns, Total: 437671 ns
[2022-08-30T12:51:16.199+0000][7][safepoint   ] Safepoint "Cleanup", Time since last: 1012319095 ns, Reaching safepoint: 1898181 ns, At safepoint: 6291 ns, Total: 1904472 ns
[2022-08-30T12:51:18.725+0000][7][safepoint   ] Safepoint "Cleanup", Time since last: 1015117124 ns, Reaching safepoint: 1505932007 ns, At safepoint: 4976225 ns, Total: 1510908232 ns
[2022-08-30T12:51:21.033+0000][7][safepoint   ] Safepoint "Cleanup", Time since last: 1014519443 ns, Reaching safepoint: 1290487175 ns, At safepoint: 3077783 ns, Total: 1293564958 ns
[2022-08-30T12:51:23.219+0000][7][safepoint   ] Safepoint "Cleanup", Time since last: 2077817948 ns, Reaching safepoint: 108078789 ns, At safepoint: 40856 ns, Total: 108119645 ns
[2022-08-30T12:51:24.421+0000][7][safepoint   ] Safepoint "ICBufferFull", Time since last: 1189103706 ns, Reaching safepoint: 13079045 ns, At safepoint: 133881 ns, Total: 13212926 ns
[2022-08-30T12:51:25.580+0000][7][gc,start    ] GC(15) Pause Young (Normal) (G1 Evacuation Pause)
[2022-08-30T12:51:25.585+0000][7][gc,task     ] GC(15) Using 6 workers of 6 for evacuation
[2022-08-30T12:51:25.585+0000][7][gc,age      ] GC(15) Desired survivor size 10485760 bytes, new threshold 15 (max threshold 15)
[2022-08-30T12:51:26.158+0000][7][gc,age      ] GC(15) Age table with threshold 15 (max threshold 15)
[2022-08-30T12:51:28.578+0000][7][gc,age      ] GC(15) - age   1:   12539936 bytes,   12539936 total
[2022-08-30T12:51:28.579+0000][7][gc,age      ] GC(15) - age   2:     371560 bytes,   12911496 total
[2022-08-30T12:51:28.580+0000][7][gc,age      ] GC(15) - age   3:     286360 bytes,   13197856 total
[2022-08-30T12:51:28.580+0000][7][gc,age      ] GC(15) - age   4:     509104 bytes,   13706960 total
[2022-08-30T12:51:28.581+0000][7][gc,age      ] GC(15) - age   5:    1631048 bytes,   15338008 total
[2022-08-30T12:51:28.581+0000][7][gc,age      ] GC(15) - age   6:     429360 bytes,   15767368 total
[2022-08-30T12:51:28.581+0000][7][gc,age      ] GC(15) - age   7:     254568 bytes,   16021936 total
[2022-08-30T12:51:28.581+0000][7][gc,age      ] GC(15) - age   8:     248608 bytes,   16270544 total
[2022-08-30T12:51:28.581+0000][7][gc,age      ] GC(15) - age   9:    1237072 bytes,   17507616 total
[2022-08-30T12:51:28.581+0000][7][gc,age      ] GC(15) - age  10:    1473224 bytes,   18980840 total
[2022-08-30T12:51:28.582+0000][7][gc,age      ] GC(15) - age  11:    1874176 bytes,   20855016 total
[2022-08-30T12:51:28.582+0000][7][gc,mmu      ] GC(15) MMU target violated: 201.0ms (200.0ms/201.0ms)
[2022-08-30T12:51:28.582+0000][7][gc,phases   ] GC(15)   Pre Evacuate Collection Set: 0.1ms
[2022-08-30T12:51:28.582+0000][7][gc,phases   ] GC(15)   Merge Heap Roots: 0.0ms
[2022-08-30T12:51:28.582+0000][7][gc,phases   ] GC(15)   Evacuate Collection Set: 562.0ms
[2022-08-30T12:51:28.583+0000][7][gc,phases   ] GC(15)   Post Evacuate Collection Set: 10.5ms
[2022-08-30T12:51:28.584+0000][7][gc,phases   ] GC(15)   Other: 2429.9ms
[2022-08-30T12:51:28.585+0000][7][gc,heap     ] GC(15) Eden regions: 35->0(1)
[2022-08-30T12:51:28.585+0000][7][gc,heap     ] GC(15) Survivor regions: 3->5(5)
[2022-08-30T12:51:28.585+0000][7][gc,heap     ] GC(15) Old regions: 3->4
[2022-08-30T12:51:28.586+0000][7][gc,heap     ] GC(15) Archive regions: 2->2
[2022-08-30T12:51:28.586+0000][7][gc,heap     ] GC(15) Humongous regions: 0->0
[2022-08-30T12:51:28.587+0000][7][gc,metaspace] GC(15) Metaspace: 29825K(31744K)->29825K(31744K) NonClass: 26089K(27392K)->26089K(27392K) Class: 3735K(4352K)->3735K(4352K)
[2022-08-30T12:51:28.587+0000][7][gc          ] GC(15) Pause Young (Normal) (G1 Evacuation Pause) 162M->38M(256M) 3007.276ms
[2022-08-30T12:51:28.588+0000][7][gc,cpu      ] GC(15) User=0.79s Sys=0.15s Real=3.01s
[2022-08-30T12:51:28.588+0000][7][safepoint   ] Safepoint "G1CollectForAllocation", Time since last: 1100789791 ns, Reaching safepoint: 115607 ns, At safepoint: 3008757467 ns, Total: 3008873074 ns
[2022-08-30T12:51:29.074+0000][7][gc,start    ] GC(16) Pause Young (Normal) (G1 Evacuation Pause)
[2022-08-30T12:51:29.078+0000][7][gc,task     ] GC(16) Using 6 workers of 6 for evacuation
[2022-08-30T12:51:29.078+0000][7][gc,age      ] GC(16) Desired survivor size 2097152 bytes, new threshold 1 (max threshold 15)
[2022-08-30T12:51:29.115+0000][7][gc,age      ] GC(16) Age table with threshold 1 (max threshold 15)
[2022-08-30T12:51:29.116+0000][7][gc,age      ] GC(16) - age   1:    1037648 bytes,    1037648 total
[2022-08-30T12:51:29.118+0000][7][gc,phases   ] GC(16)   Pre Evacuate Collection Set: 0.1ms
[2022-08-30T12:51:29.118+0000][7][gc,phases   ] GC(16)   Merge Heap Roots: 0.1ms
[2022-08-30T12:51:29.118+0000][7][gc,phases   ] GC(16)   Evacuate Collection Set: 35.8ms
[2022-08-30T12:51:29.118+0000][7][gc,phases   ] GC(16)   Post Evacuate Collection Set: 1.2ms
[2022-08-30T12:51:29.118+0000][7][gc,phases   ] GC(16)   Other: 6.0ms
[2022-08-30T12:51:29.118+0000][7][gc,heap     ] GC(16) Eden regions: 1->0(2)
[2022-08-30T12:51:29.119+0000][7][gc,heap     ] GC(16) Survivor regions: 5->1(1)
[2022-08-30T12:51:29.119+0000][7][gc,heap     ] GC(16) Old regions: 4->9
[2022-08-30T12:51:29.119+0000][7][gc,heap     ] GC(16) Archive regions: 2->2
[2022-08-30T12:51:29.119+0000][7][gc,heap     ] GC(16) Humongous regions: 0->0
[2022-08-30T12:51:29.119+0000][7][gc,metaspace] GC(16) Metaspace: 29832K(31744K)->29832K(31744K) NonClass: 26096K(27392K)->26096K(27392K) Class: 3735K(4352K)->3735K(4352K)
[2022-08-30T12:51:29.119+0000][7][gc          ] GC(16) Pause Young (Normal) (G1 Evacuation Pause) 42M->41M(256M) 44.804ms
[2022-08-30T12:51:29.119+0000][7][gc,cpu      ] GC(16) User=0.08s Sys=0.00s Real=0.05s
[2022-08-30T12:51:29.120+0000][7][safepoint   ] Safepoint "G1CollectForAllocation", Time since last: 27349423 ns, Reaching safepoint: 458752299 ns, At safepoint: 45138563 ns, Total: 503890862 ns
[2022-08-30T12:51:29.167+0000][7][gc,start    ] GC(17) Pause Young (Normal) (G1 Evacuation Pause)
[2022-08-30T12:51:29.167+0000][7][gc,task     ] GC(17) Using 6 workers of 6 for evacuation
[2022-08-30T12:51:29.169+0000][7][gc,age      ] GC(17) Desired survivor size 2097152 bytes, new threshold 15 (max threshold 15)
[2022-08-30T12:51:29.176+0000][7][gc,age      ] GC(17) Age table with threshold 15 (max threshold 15)
[2022-08-30T12:51:29.176+0000][7][gc,age      ] GC(17) - age   1:    1311584 bytes,    1311584 total
[2022-08-30T12:51:29.176+0000][7][gc,age      ] GC(17) - age   2:    1027968 bytes,    2339552 total
[2022-08-30T12:51:29.177+0000][7][gc,phases   ] GC(17)   Pre Evacuate Collection Set: 0.1ms
[2022-08-30T12:51:29.177+0000][7][gc,phases   ] GC(17)   Merge Heap Roots: 0.1ms
[2022-08-30T12:51:29.177+0000][7][gc,phases   ] GC(17)   Evacuate Collection Set: 6.2ms
[2022-08-30T12:51:29.177+0000][7][gc,phases   ] GC(17)   Post Evacuate Collection Set: 0.4ms
[2022-08-30T12:51:29.177+0000][7][gc,phases   ] GC(17)   Other: 3.2ms
[2022-08-30T12:51:29.177+0000][7][gc,heap     ] GC(17) Eden regions: 2->0(2)
[2022-08-30T12:51:29.177+0000][7][gc,heap     ] GC(17) Survivor regions: 1->1(1)
[2022-08-30T12:51:29.178+0000][7][gc,heap     ] GC(17) Old regions: 9->9
[2022-08-30T12:51:29.178+0000][7][gc,heap     ] GC(17) Archive regions: 2->2
[2022-08-30T12:51:29.178+0000][7][gc,heap     ] GC(17) Humongous regions: 0->0
[2022-08-30T12:51:29.178+0000][7][gc,metaspace] GC(17) Metaspace: 29840K(31744K)->29840K(31744K) NonClass: 26104K(27392K)->26104K(27392K) Class: 3735K(4352K)->3735K(4352K)
[2022-08-30T12:51:29.178+0000][7][gc          ] GC(17) Pause Young (Normal) (G1 Evacuation Pause) 49M->41M(256M) 11.490ms
[2022-08-30T12:51:29.178+0000][7][gc,cpu      ] GC(17) User=0.03s Sys=0.00s Real=0.02s
[2022-08-30T12:51:29.178+0000][7][safepoint   ] Safepoint "G1CollectForAllocation", Time since last: 46822742 ns, Reaching safepoint: 210465 ns, At safepoint: 11822507 ns, Total: 12032972 ns
[2022-08-30T12:51:29.214+0000][7][gc,start    ] GC(18) Pause Young (Normal) (G1 Evacuation Pause)
[2022-08-30T12:51:29.214+0000][7][gc,task     ] GC(18) Using 6 workers of 6 for evacuation
[2022-08-30T12:51:29.215+0000][7][gc,age      ] GC(18) Desired survivor size 2097152 bytes, new threshold 2 (max threshold 15)
[2022-08-30T12:51:29.219+0000][7][gc,age      ] GC(18) Age table with threshold 2 (max threshold 15)
[2022-08-30T12:51:29.220+0000][7][gc,age      ] GC(18) - age   1:    1077928 bytes,    1077928 total
[2022-08-30T12:51:29.220+0000][7][gc,age      ] GC(18) - age   2:    1078584 bytes,    2156512 total
[2022-08-30T12:51:29.220+0000][7][gc,phases   ] GC(18)   Pre Evacuate Collection Set: 0.3ms
[2022-08-30T12:51:29.220+0000][7][gc,phases   ] GC(18)   Merge Heap Roots: 0.0ms
[2022-08-30T12:51:29.220+0000][7][gc,phases   ] GC(18)   Evacuate Collection Set: 3.8ms
[2022-08-30T12:51:29.220+0000][7][gc,phases   ] GC(18)   Post Evacuate Collection Set: 0.5ms
[2022-08-30T12:51:29.220+0000][7][gc,phases   ] GC(18)   Other: 1.3ms
[2022-08-30T12:51:29.221+0000][7][gc,heap     ] GC(18) Eden regions: 2->0(2)
[2022-08-30T12:51:29.221+0000][7][gc,heap     ] GC(18) Survivor regions: 1->1(1)
[2022-08-30T12:51:29.221+0000][7][gc,heap     ] GC(18) Old regions: 9->10
[2022-08-30T12:51:29.221+0000][7][gc,heap     ] GC(18) Archive regions: 2->2
[2022-08-30T12:51:29.221+0000][7][gc,heap     ] GC(18) Humongous regions: 0->0
[2022-08-30T12:51:29.221+0000][7][gc,metaspace] GC(18) Metaspace: 29840K(31744K)->29840K(31744K) NonClass: 26104K(27392K)->26104K(27392K) Class: 3735K(4352K)->3735K(4352K)
[2022-08-30T12:51:29.221+0000][7][gc          ] GC(18) Pause Young (Normal) (G1 Evacuation Pause) 49M->42M(256M) 7.302ms
[2022-08-30T12:51:29.221+0000][7][gc,cpu      ] GC(18) User=0.01s Sys=0.00s Real=0.01s
[2022-08-30T12:51:29.222+0000][7][safepoint   ] Safepoint "G1CollectForAllocation", Time since last: 35326487 ns, Reaching safepoint: 246041 ns, At safepoint: 7634412 ns, Total: 7880453 ns
[2022-08-30T12:51:29.262+0000][7][gc,start    ] GC(19) Pause Young (Normal) (G1 Evacuation Pause)
[2022-08-30T12:51:29.263+0000][7][gc,task     ] GC(19) Using 6 workers of 6 for evacuation
[2022-08-30T12:51:29.263+0000][7][gc,age      ] GC(19) Desired survivor size 2097152 bytes, new threshold 2 (max threshold 15)
[2022-08-30T12:51:29.268+0000][7][gc,age      ] GC(19) Age table with threshold 2 (max threshold 15)
[2022-08-30T12:51:29.268+0000][7][gc,age      ] GC(19) - age   1:    1209704 bytes,    1209704 total
[2022-08-30T12:51:29.268+0000][7][gc,age      ] GC(19) - age   2:     777552 bytes,    1987256 total
[2022-08-30T12:51:29.268+0000][7][gc,phases   ] GC(19)   Pre Evacuate Collection Set: 0.1ms
[2022-08-30T12:51:29.269+0000][7][gc,phases   ] GC(19)   Merge Heap Roots: 0.1ms
[2022-08-30T12:51:29.269+0000][7][gc,phases   ] GC(19)   Evacuate Collection Set: 3.4ms
[2022-08-30T12:51:29.269+0000][7][gc,phases   ] GC(19)   Post Evacuate Collection Set: 1.1ms
[2022-08-30T12:51:29.269+0000][7][gc,phases   ] GC(19)   Other: 1.3ms
[2022-08-30T12:51:29.269+0000][7][gc,heap     ] GC(19) Eden regions: 2->0(2)
[2022-08-30T12:51:29.269+0000][7][gc,heap     ] GC(19) Survivor regions: 1->1(1)
[2022-08-30T12:51:29.269+0000][7][gc,heap     ] GC(19) Old regions: 10->10
[2022-08-30T12:51:29.270+0000][7][gc,heap     ] GC(19) Archive regions: 2->2
[2022-08-30T12:51:29.270+0000][7][gc,heap     ] GC(19) Humongous regions: 0->0
[2022-08-30T12:51:29.270+0000][7][gc,metaspace] GC(19) Metaspace: 29841K(31744K)->29841K(31744K) NonClass: 26105K(27392K)->26105K(27392K) Class: 3736K(4352K)->3736K(4352K)
[2022-08-30T12:51:29.270+0000][7][gc          ] GC(19) Pause Young (Normal) (G1 Evacuation Pause) 50M->43M(256M) 7.599ms
[2022-08-30T12:51:29.270+0000][7][gc,cpu      ] GC(19) User=0.01s Sys=0.00s Real=0.01s
[2022-08-30T12:51:29.270+0000][7][safepoint   ] Safepoint "G1CollectForAllocation", Time since last: 40652778 ns, Reaching safepoint: 126627 ns, At safepoint: 7984749 ns, Total: 8111376 ns
[2022-08-30T12:51:29.304+0000][7][gc,start    ] GC(20) Pause Young (Normal) (G1 Evacuation Pause)
[2022-08-30T12:51:29.305+0000][7][gc,task     ] GC(20) Using 6 workers of 6 for evacuation
[2022-08-30T12:51:29.305+0000][7][gc,age      ] GC(20) Desired survivor size 2097152 bytes, new threshold 15 (max threshold 15)
[2022-08-30T12:51:29.309+0000][7][gc,age      ] GC(20) Age table with threshold 15 (max threshold 15)
[2022-08-30T12:51:29.309+0000][7][gc,age      ] GC(20) - age   1:    1767984 bytes,    1767984 total
[2022-08-30T12:51:29.309+0000][7][gc,age      ] GC(20) - age   2:     779504 bytes,    2547488 total
[2022-08-30T12:51:29.309+0000][7][gc,age      ] GC(20) - age   3:     777552 bytes,    3325040 total
[2022-08-30T12:51:29.309+0000][7][gc,phases   ] GC(20)   Pre Evacuate Collection Set: 0.1ms
[2022-08-30T12:51:29.309+0000][7][gc,phases   ] GC(20)   Merge Heap Roots: 0.1ms
[2022-08-30T12:51:29.310+0000][7][gc,phases   ] GC(20)   Evacuate Collection Set: 2.8ms
[2022-08-30T12:51:29.310+0000][7][gc,phases   ] GC(20)   Post Evacuate Collection Set: 0.6ms
[2022-08-30T12:51:29.310+0000][7][gc,phases   ] GC(20)   Other: 1.3ms
[2022-08-30T12:51:29.310+0000][7][gc,heap     ] GC(20) Eden regions: 2->0(2)
[2022-08-30T12:51:29.310+0000][7][gc,heap     ] GC(20) Survivor regions: 1->1(1)
[2022-08-30T12:51:29.310+0000][7][gc,heap     ] GC(20) Old regions: 10->10
[2022-08-30T12:51:29.310+0000][7][gc,heap     ] GC(20) Archive regions: 2->2
[2022-08-30T12:51:29.311+0000][7][gc,heap     ] GC(20) Humongous regions: 0->0
[2022-08-30T12:51:29.311+0000][7][gc,metaspace] GC(20) Metaspace: 29841K(31744K)->29841K(31744K) NonClass: 26105K(27392K)->26105K(27392K) Class: 3736K(4352K)->3736K(4352K)
[2022-08-30T12:51:29.311+0000][7][gc          ] GC(20) Pause Young (Normal) (G1 Evacuation Pause) 51M->44M(256M) 6.376ms
[2022-08-30T12:51:29.311+0000][7][gc,cpu      ] GC(20) User=0.01s Sys=0.00s Real=0.01s
[2022-08-30T12:51:29.311+0000][7][safepoint   ] Safepoint "G1CollectForAllocation", Time since last: 33766340 ns, Reaching safepoint: 256161 ns, At safepoint: 6707181 ns, Total: 6963342 ns
[2022-08-30T12:51:29.347+0000][7][gc,start    ] GC(21) Pause Young (Normal) (G1 Evacuation Pause)
[2022-08-30T12:51:29.347+0000][7][gc,task     ] GC(21) Using 6 workers of 6 for evacuation
[2022-08-30T12:51:29.347+0000][7][gc,age      ] GC(21) Desired survivor size 2097152 bytes, new threshold 2 (max threshold 15)
[2022-08-30T12:51:29.351+0000][7][gc,age      ] GC(21) Age table with threshold 2 (max threshold 15)
[2022-08-30T12:51:29.352+0000][7][gc,age      ] GC(21) - age   1:    1601448 bytes,    1601448 total
[2022-08-30T12:51:29.352+0000][7][gc,age      ] GC(21) - age   2:     963160 bytes,    2564608 total
[2022-08-30T12:51:29.352+0000][7][gc,phases   ] GC(21)   Pre Evacuate Collection Set: 0.1ms
[2022-08-30T12:51:29.352+0000][7][gc,phases   ] GC(21)   Merge Heap Roots: 0.0ms
[2022-08-30T12:51:29.352+0000][7][gc,phases   ] GC(21)   Evacuate Collection Set: 3.0ms
[2022-08-30T12:51:29.352+0000][7][gc,phases   ] GC(21)   Post Evacuate Collection Set: 0.4ms
[2022-08-30T12:51:29.353+0000][7][gc,phases   ] GC(21)   Other: 1.4ms
[2022-08-30T12:51:29.353+0000][7][gc,heap     ] GC(21) Eden regions: 2->0(2)
[2022-08-30T12:51:29.353+0000][7][gc,heap     ] GC(21) Survivor regions: 1->1(1)
[2022-08-30T12:51:29.353+0000][7][gc,heap     ] GC(21) Old regions: 10->10
[2022-08-30T12:51:29.353+0000][7][gc,heap     ] GC(21) Archive regions: 2->2
[2022-08-30T12:51:29.353+0000][7][gc,heap     ] GC(21) Humongous regions: 0->0
[2022-08-30T12:51:29.353+0000][7][gc,metaspace] GC(21) Metaspace: 29841K(31744K)->29841K(31744K) NonClass: 26105K(27392K)->26105K(27392K) Class: 3736K(4352K)->3736K(4352K)
[2022-08-30T12:51:29.354+0000][7][gc          ] GC(21) Pause Young (Normal) (G1 Evacuation Pause) 52M->45M(256M) 6.613ms
[2022-08-30T12:51:29.354+0000][7][gc,cpu      ] GC(21) User=0.03s Sys=0.00s Real=0.01s
[2022-08-30T12:51:29.354+0000][7][safepoint   ] Safepoint "G1CollectForAllocation", Time since last: 35604950 ns, Reaching safepoint: 218119 ns, At safepoint: 6985704 ns, Total: 7203823 ns
[2022-08-30T12:51:29.393+0000][7][gc,start    ] GC(22) Pause Young (Normal) (G1 Evacuation Pause)
[2022-08-30T12:51:29.402+0000][7][gc,task     ] GC(22) Using 6 workers of 6 for evacuation
[2022-08-30T12:51:29.402+0000][7][gc,age      ] GC(22) Desired survivor size 2097152 bytes, new threshold 2 (max threshold 15)
[2022-08-30T12:51:29.406+0000][7][gc,age      ] GC(22) Age table with threshold 2 (max threshold 15)
[2022-08-30T12:51:29.409+0000][7][gc,age      ] GC(22) - age   1:    1084672 bytes,    1084672 total
[2022-08-30T12:51:29.410+0000][7][gc,age      ] GC(22) - age   2:    1370832 bytes,    2455504 total
[2022-08-30T12:51:29.410+0000][7][gc,phases   ] GC(22)   Pre Evacuate Collection Set: 0.1ms
[2022-08-30T12:51:29.410+0000][7][gc,phases   ] GC(22)   Merge Heap Roots: 0.0ms
[2022-08-30T12:51:29.410+0000][7][gc,phases   ] GC(22)   Evacuate Collection Set: 2.5ms
[2022-08-30T12:51:29.410+0000][7][gc,phases   ] GC(22)   Post Evacuate Collection Set: 0.6ms
[2022-08-30T12:51:29.410+0000][7][gc,phases   ] GC(22)   Other: 13.6ms
[2022-08-30T12:51:29.411+0000][7][gc,heap     ] GC(22) Eden regions: 2->0(2)
[2022-08-30T12:51:29.411+0000][7][gc,heap     ] GC(22) Survivor regions: 1->1(1)
[2022-08-30T12:51:29.411+0000][7][gc,heap     ] GC(22) Old regions: 10->10
[2022-08-30T12:51:29.411+0000][7][gc,heap     ] GC(22) Archive regions: 2->2
[2022-08-30T12:51:29.411+0000][7][gc,heap     ] GC(22) Humongous regions: 0->0
[2022-08-30T12:51:29.411+0000][7][gc,metaspace] GC(22) Metaspace: 29841K(31744K)->29841K(31744K) NonClass: 26105K(27392K)->26105K(27392K) Class: 3736K(4352K)->3736K(4352K)
[2022-08-30T12:51:29.411+0000][7][gc          ] GC(22) Pause Young (Normal) (G1 Evacuation Pause) 53M->46M(256M) 18.354ms
[2022-08-30T12:51:29.412+0000][7][gc,cpu      ] GC(22) User=0.01s Sys=0.00s Real=0.02s
[2022-08-30T12:51:29.412+0000][7][safepoint   ] Safepoint "G1CollectForAllocation", Time since last: 38875925 ns, Reaching safepoint: 149300 ns, At safepoint: 18700680 ns, Total: 18849980 ns
[2022-08-30T12:51:29.451+0000][7][gc,start    ] GC(23) Pause Young (Normal) (G1 Evacuation Pause)
[2022-08-30T12:51:29.451+0000][7][gc,task     ] GC(23) Using 6 workers of 6 for evacuation
[2022-08-30T12:51:29.451+0000][7][gc,age      ] GC(23) Desired survivor size 2097152 bytes, new threshold 2 (max threshold 15)
[2022-08-30T12:51:29.455+0000][7][gc,age      ] GC(23) Age table with threshold 2 (max threshold 15)
[2022-08-30T12:51:29.455+0000][7][gc,age      ] GC(23) - age   1:    1292760 bytes,    1292760 total
[2022-08-30T12:51:29.455+0000][7][gc,age      ] GC(23) - age   2:     777912 bytes,    2070672 total
[2022-08-30T12:51:29.455+0000][7][gc,phases   ] GC(23)   Pre Evacuate Collection Set: 0.1ms
[2022-08-30T12:51:29.456+0000][7][gc,phases   ] GC(23)   Merge Heap Roots: 0.1ms
[2022-08-30T12:51:29.456+0000][7][gc,phases   ] GC(23)   Evacuate Collection Set: 2.6ms
[2022-08-30T12:51:29.456+0000][7][gc,phases   ] GC(23)   Post Evacuate Collection Set: 0.6ms
[2022-08-30T12:51:29.456+0000][7][gc,phases   ] GC(23)   Other: 1.3ms
[2022-08-30T12:51:29.456+0000][7][gc,heap     ] GC(23) Eden regions: 2->0(28)
[2022-08-30T12:51:29.456+0000][7][gc,heap     ] GC(23) Survivor regions: 1->1(1)
[2022-08-30T12:51:29.456+0000][7][gc,heap     ] GC(23) Old regions: 10->11
[2022-08-30T12:51:29.456+0000][7][gc,heap     ] GC(23) Archive regions: 2->2
[2022-08-30T12:51:29.457+0000][7][gc,heap     ] GC(23) Humongous regions: 0->0
[2022-08-30T12:51:29.457+0000][7][gc,metaspace] GC(23) Metaspace: 29843K(31744K)->29843K(31744K) NonClass: 26106K(27392K)->26106K(27392K) Class: 3737K(4352K)->3737K(4352K)
[2022-08-30T12:51:29.457+0000][7][gc          ] GC(23) Pause Young (Normal) (G1 Evacuation Pause) 54M->47M(256M) 6.206ms
[2022-08-30T12:51:29.457+0000][7][gc,cpu      ] GC(23) User=0.01s Sys=0.00s Real=0.00s
[2022-08-30T12:51:29.457+0000][7][safepoint   ] Safepoint "G1CollectForAllocation", Time since last: 38818718 ns, Reaching safepoint: 114505 ns, At safepoint: 6549726 ns, Total: 6664231 ns
[2022-08-30T12:51:33.816+0000][7][safepoint   ] Safepoint "Cleanup", Time since last: 1000356575 ns, Reaching safepoint: 3358419709 ns, At safepoint: 94938 ns, Total: 3358514647 ns
[2022-08-30T12:51:34.820+0000][7][safepoint   ] Safepoint "Cleanup", Time since last: 1003561958 ns, Reaching safepoint: 248286 ns, At safepoint: 2615 ns, Total: 250901 ns
[2022-08-30T12:51:35.008+0000][7][gc,start    ] GC(24) Pause Young (Concurrent Start) (Metadata GC Threshold)
[2022-08-30T12:51:35.008+0000][7][gc,task     ] GC(24) Using 6 workers of 6 for evacuation
[2022-08-30T12:51:35.008+0000][7][gc,age      ] GC(24) Desired survivor size 8388608 bytes, new threshold 15 (max threshold 15)
[2022-08-30T12:51:35.058+0000][7][gc,age      ] GC(24) Age table with threshold 15 (max threshold 15)
[2022-08-30T12:51:35.059+0000][7][gc,age      ] GC(24) - age   1:   13193144 bytes,   13193144 total
[2022-08-30T12:51:35.059+0000][7][gc,age      ] GC(24) - age   2:     780328 bytes,   13973472 total
[2022-08-30T12:51:35.059+0000][7][gc,age      ] GC(24) - age   3:     777912 bytes,   14751384 total
[2022-08-30T12:51:35.059+0000][7][gc,phases   ] GC(24)   Pre Evacuate Collection Set: 0.3ms
[2022-08-30T12:51:35.059+0000][7][gc,phases   ] GC(24)   Merge Heap Roots: 0.1ms
[2022-08-30T12:51:35.059+0000][7][gc,phases   ] GC(24)   Evacuate Collection Set: 48.8ms
[2022-08-30T12:51:35.059+0000][7][gc,phases   ] GC(24)   Post Evacuate Collection Set: 0.9ms
[2022-08-30T12:51:35.060+0000][7][gc,phases   ] GC(24)   Other: 1.4ms
[2022-08-30T12:51:35.060+0000][7][gc,heap     ] GC(24) Eden regions: 24->0(26)
[2022-08-30T12:51:35.060+0000][7][gc,heap     ] GC(24) Survivor regions: 1->4(4)
[2022-08-30T12:51:35.062+0000][7][gc,heap     ] GC(24) Old regions: 11->11
[2022-08-30T12:51:35.063+0000][7][gc,heap     ] GC(24) Archive regions: 2->2
[2022-08-30T12:51:35.063+0000][7][gc,heap     ] GC(24) Humongous regions: 0->0
[2022-08-30T12:51:35.063+0000][7][gc,metaspace] GC(24) Metaspace: 33607K(35840K)->33607K(35840K) NonClass: 29248K(30848K)->29248K(30848K) Class: 4358K(4992K)->4358K(4992K)
[2022-08-30T12:51:35.063+0000][7][gc          ] GC(24) Pause Young (Concurrent Start) (Metadata GC Threshold) 141M->59M(256M) 55.651ms
[2022-08-30T12:51:35.063+0000][7][gc,cpu      ] GC(24) User=0.06s Sys=0.00s Real=0.05s
[2022-08-30T12:51:35.064+0000][7][safepoint   ] Safepoint "CollectForMetadataAllocation", Time since last: 187481987 ns, Reaching safepoint: 173806 ns, At safepoint: 56069258 ns, Total: 56243064 ns
[2022-08-30T12:51:35.067+0000][7][gc          ] GC(25) Concurrent Cycle
[2022-08-30T12:51:36.547+0000][7][gc,marking  ] GC(25) Concurrent Clear Claimed Marks
[2022-08-30T12:51:36.547+0000][7][safepoint   ] Safepoint "CollectForMetadataAllocation", Time since last: 17310682 ns, Reaching safepoint: 119243 ns, At safepoint: 1466425139 ns, Total: 1466544382 ns
[2022-08-30T12:51:36.551+0000][7][gc,marking  ] GC(25) Concurrent Clear Claimed Marks 3.313ms
[2022-08-30T12:51:36.555+0000][7][gc,marking  ] GC(25) Concurrent Scan Root Regions
[2022-08-30T12:51:36.560+0000][7][gc,marking  ] GC(25) Concurrent Scan Root Regions 5.466ms
[2022-08-30T12:51:36.561+0000][7][gc,marking  ] GC(25) Concurrent Mark (80.565s)
[2022-08-30T12:51:36.561+0000][7][gc,marking  ] GC(25) Concurrent Mark From Roots
[2022-08-30T12:51:36.561+0000][7][gc,task     ] GC(25) Using 2 workers of 2 for marking
[2022-08-30T12:51:36.869+0000][7][safepoint   ] Safepoint "CollectForMetadataAllocation", Time since last: 24954781 ns, Reaching safepoint: 17730009 ns, At safepoint: 278912426 ns, Total: 296642435 ns
[2022-08-30T12:51:36.897+0000][7][gc,marking  ] GC(25) Concurrent Mark From Roots 336.522ms
[2022-08-30T12:51:37.724+0000][7][safepoint   ] Safepoint "CollectForMetadataAllocation", Time since last: 854786218 ns, Reaching safepoint: 83597 ns, At safepoint: 77405 ns, Total: 161002 ns
[2022-08-30T12:51:37.724+0000][7][gc,marking  ] GC(25) Concurrent Preclean
[2022-08-30T12:51:37.727+0000][7][gc,marking  ] GC(25) Concurrent Preclean 3.173ms
[2022-08-30T12:51:37.743+0000][7][safepoint   ] Safepoint "CollectForMetadataAllocation", Time since last: 19149191 ns, Reaching safepoint: 102412 ns, At safepoint: 113884 ns, Total: 216296 ns
[2022-08-30T12:51:37.744+0000][7][gc,marking  ] GC(25) Concurrent Mark (80.565s, 81.748s) 1183.000ms
[2022-08-30T12:51:37.744+0000][7][gc,start    ] GC(25) Pause Remark
[2022-08-30T12:51:37.759+0000][7][gc          ] GC(25) Pause Remark 65M->65M(256M) 15.381ms
[2022-08-30T12:51:38.036+0000][7][gc,cpu      ] GC(25) User=0.00s Sys=0.02s Real=0.29s
[2022-08-30T12:51:38.037+0000][7][safepoint   ] Safepoint "G1Concurrent", Time since last: 569268 ns, Reaching safepoint: 176571 ns, At safepoint: 292781092 ns, Total: 292957663 ns
[2022-08-30T12:51:38.124+0000][7][gc,marking  ] GC(25) Concurrent Rebuild Remembered Sets
[2022-08-30T12:51:38.143+0000][7][gc,marking  ] GC(25) Concurrent Rebuild Remembered Sets 19.420ms
[2022-08-30T12:51:42.223+0000][7][gc,start    ] GC(25) Pause Cleanup
[2022-08-30T12:51:42.224+0000][7][gc          ] GC(25) Pause Cleanup 65M->65M(256M) 1.261ms
[2022-08-30T12:51:42.225+0000][7][gc,cpu      ] GC(25) User=0.00s Sys=0.00s Real=0.00s
[2022-08-30T12:51:42.232+0000][7][safepoint   ] Safepoint "G1Concurrent", Time since last: 521052745 ns, Reaching safepoint: 3664769935 ns, At safepoint: 9071357 ns, Total: 3673841292 ns
[2022-08-30T12:51:42.239+0000][7][gc,marking  ] GC(25) Concurrent Cleanup for Next Mark
[2022-08-30T12:51:45.677+0000][7][gc,start    ] GC(26) Pause Young (Normal) (G1 Evacuation Pause)
[2022-08-30T12:51:45.826+0000][7][gc,task     ] GC(26) Using 6 workers of 6 for evacuation
[2022-08-30T12:51:45.826+0000][7][gc,age      ] GC(26) Desired survivor size 8388608 bytes, new threshold 1 (max threshold 15)
[2022-08-30T12:51:45.842+0000][7][gc,age      ] GC(26) Age table with threshold 1 (max threshold 15)
[2022-08-30T12:51:45.851+0000][7][gc,age      ] GC(26) - age   1:     557304 bytes,     557304 total
[2022-08-30T12:51:45.853+0000][7][gc,phases   ] GC(26)   Pre Evacuate Collection Set: 0.1ms
[2022-08-30T12:51:45.854+0000][7][gc,phases   ] GC(26)   Merge Heap Roots: 0.1ms
[2022-08-30T12:51:45.856+0000][7][gc,phases   ] GC(26)   Evacuate Collection Set: 13.9ms
[2022-08-30T12:51:45.863+0000][7][gc,phases   ] GC(26)   Post Evacuate Collection Set: 0.7ms
[2022-08-30T12:51:45.864+0000][7][gc,phases   ] GC(26)   Other: 161.9ms
[2022-08-30T12:51:45.865+0000][7][gc,heap     ] GC(26) Eden regions: 26->0(27)
[2022-08-30T12:51:45.865+0000][7][gc,heap     ] GC(26) Survivor regions: 4->1(4)
[2022-08-30T12:51:45.865+0000][7][gc,heap     ] GC(26) Old regions: 11->14
[2022-08-30T12:51:45.865+0000][7][gc,heap     ] GC(26) Archive regions: 2->2
[2022-08-30T12:51:45.865+0000][7][gc,heap     ] GC(26) Humongous regions: 0->0
[2022-08-30T12:51:45.865+0000][7][gc,metaspace] GC(26) Metaspace: 35643K(37936K)->35643K(37936K) NonClass: 31085K(32740K)->31085K(32740K) Class: 4557K(5196K)->4557K(5196K)
[2022-08-30T12:51:45.866+0000][7][gc          ] GC(26) Pause Young (Normal) (G1 Evacuation Pause) 163M->60M(256M) 188.831ms
[2022-08-30T12:51:45.866+0000][7][gc,cpu      ] GC(26) User=0.00s Sys=0.03s Real=0.19s
[2022-08-30T12:51:45.866+0000][7][safepoint   ] Safepoint "G1CollectForAllocation", Time since last: 987128241 ns, Reaching safepoint: 2457846622 ns, At safepoint: 189269531 ns, Total: 2647116153 ns
[2022-08-30T12:51:45.872+0000][7][gc,marking  ] GC(25) Concurrent Cleanup for Next Mark 3632.268ms
[2022-08-30T12:51:45.874+0000][7][gc          ] GC(25) Concurrent Cycle 10806.111ms
[2022-08-30T12:52:01.316+0000][7][safepoint   ] Safepoint "Cleanup", Time since last: 15355471113 ns, Reaching safepoint: 94199043 ns, At safepoint: 45645 ns, Total: 94244688 ns
[2022-08-30T12:52:05.231+0000][7][safepoint   ] Safepoint "Cleanup", Time since last: 3732512590 ns, Reaching safepoint: 269476 ns, At safepoint: 54161 ns, Total: 323637 ns
[2022-08-30T12:52:07.617+0000][7][safepoint   ] Safepoint "Cleanup", Time since last: 1108359613 ns, Reaching safepoint: 1256902215 ns, At safepoint: 20886550 ns, Total: 1277788765 ns
[2022-08-30T12:52:11.737+0000][7][safepoint   ] Safepoint "Cleanup", Time since last: 3831100246 ns, Reaching safepoint: 288627300 ns, At safepoint: 20779 ns, Total: 288648079 ns
[2022-08-30T12:52:15.100+0000][7][safepoint   ] Safepoint "Cleanup", Time since last: 3362193147 ns, Reaching safepoint: 263284 ns, At safepoint: 44584 ns, Total: 307868 ns
[2022-08-30T12:52:16.512+0000][7][safepoint   ] Safepoint "Cleanup", Time since last: 1411832861 ns, Reaching safepoint: 204304 ns, At safepoint: 36378 ns, Total: 240682 ns
[2022-08-30T12:52:18.100+0000][7][safepoint   ] Safepoint "Cleanup", Time since last: 1588409692 ns, Reaching safepoint: 101110 ns, At safepoint: 22371 ns, Total: 123481 ns
[2022-08-30T12:52:22.157+0000][7][safepoint   ] Safepoint "Cleanup", Time since last: 1535184902 ns, Reaching safepoint: 2521464961 ns, At safepoint: 42449 ns, Total: 2521507410 ns
[2022-08-30T12:52:35.819+0000][7][safepoint   ] Safepoint "Cleanup", Time since last: 13931277544 ns, Reaching safepoint: 422293 ns, At safepoint: 8696 ns, Total: 430989 ns
[2022-08-30T12:52:36.522+0000][7][gc,start    ] GC(27) Pause Young (Concurrent Start) (G1 Evacuation Pause)
[2022-08-30T12:52:36.956+0000][7][gc,task     ] GC(27) Using 6 workers of 6 for evacuation
[2022-08-30T12:52:36.956+0000][7][gc,age      ] GC(27) Desired survivor size 8388608 bytes, new threshold 15 (max threshold 15)
[2022-08-30T12:52:36.989+0000][7][gc,age      ] GC(27) Age table with threshold 15 (max threshold 15)
[2022-08-30T12:52:36.990+0000][7][gc,age      ] GC(27) - age   1:    6003096 bytes,    6003096 total
[2022-08-30T12:52:36.990+0000][7][gc,age      ] GC(27) - age   2:     503552 bytes,    6506648 total
[2022-08-30T12:52:36.990+0000][7][gc,phases   ] GC(27)   Pre Evacuate Collection Set: 0.2ms
[2022-08-30T12:52:36.990+0000][7][gc,phases   ] GC(27)   Merge Heap Roots: 0.2ms
[2022-08-30T12:52:36.991+0000][7][gc,phases   ] GC(27)   Evacuate Collection Set: 14.9ms
[2022-08-30T12:52:36.996+0000][7][gc,phases   ] GC(27)   Post Evacuate Collection Set: 16.9ms
[2022-08-30T12:52:36.997+0000][7][gc,phases   ] GC(27)   Other: 435.9ms
[2022-08-30T12:52:36.998+0000][7][gc,heap     ] GC(27) Eden regions: 27->0(27)
[2022-08-30T12:52:36.998+0000][7][gc,heap     ] GC(27) Survivor regions: 1->2(4)
[2022-08-30T12:52:36.998+0000][7][gc,heap     ] GC(27) Old regions: 14->14
[2022-08-30T12:52:37.004+0000][7][gc,heap     ] GC(27) Archive regions: 2->2
[2022-08-30T12:52:37.007+0000][7][gc,heap     ] GC(27) Humongous regions: 0->0
[2022-08-30T12:52:37.009+0000][7][gc,metaspace] GC(27) Metaspace: 51725K(55088K)->51725K(55088K) NonClass: 44797K(47332K)->44797K(47332K) Class: 6928K(7756K)->6928K(7756K)
[2022-08-30T12:52:37.009+0000][7][gc          ] GC(27) Pause Young (Concurrent Start) (G1 Evacuation Pause) 168M->65M(256M) 487.127ms
[2022-08-30T12:52:37.010+0000][7][gc,cpu      ] GC(27) User=0.04s Sys=0.03s Real=0.59s
[2022-08-30T12:52:37.018+0000][7][safepoint   ] Safepoint "G1CollectForAllocation", Time since last: 703455074 ns, Reaching safepoint: 147085 ns, At safepoint: 496288832 ns, Total: 496435917 ns
[2022-08-30T12:52:37.019+0000][7][gc          ] GC(28) Concurrent Cycle
[2022-08-30T12:52:37.023+0000][7][gc,marking  ] GC(28) Concurrent Clear Claimed Marks
[2022-08-30T12:52:37.023+0000][7][gc,marking  ] GC(28) Concurrent Clear Claimed Marks 0.277ms
[2022-08-30T12:52:37.023+0000][7][gc,marking  ] GC(28) Concurrent Scan Root Regions
[2022-08-30T12:52:37.030+0000][7][gc,marking  ] GC(28) Concurrent Scan Root Regions 6.558ms
[2022-08-30T12:52:37.044+0000][7][gc,marking  ] GC(28) Concurrent Mark (141.135s)
[2022-08-30T12:52:37.049+0000][7][gc,marking  ] GC(28) Concurrent Mark From Roots
[2022-08-30T12:52:37.050+0000][7][gc,task     ] GC(28) Using 2 workers of 2 for marking
[2022-08-30T12:52:37.169+0000][7][gc,marking  ] GC(28) Concurrent Mark From Roots 119.323ms
[2022-08-30T12:52:37.169+0000][7][gc,marking  ] GC(28) Concurrent Preclean
[2022-08-30T12:52:37.169+0000][7][gc,marking  ] GC(28) Concurrent Preclean 0.439ms
[2022-08-30T12:52:37.170+0000][7][gc,marking  ] GC(28) Concurrent Mark (141.135s, 141.261s) 125.691ms
[2022-08-30T12:52:37.170+0000][7][gc,start    ] GC(28) Pause Remark
[2022-08-30T12:52:37.181+0000][7][gc          ] GC(28) Pause Remark 101M->101M(256M) 10.711ms
[2022-08-30T12:52:37.184+0000][7][gc,cpu      ] GC(28) User=0.00s Sys=0.03s Real=0.01s
[2022-08-30T12:52:37.186+0000][7][safepoint   ] Safepoint "G1Concurrent", Time since last: 151256144 ns, Reaching safepoint: 180729 ns, At safepoint: 16061458 ns, Total: 16242187 ns
[2022-08-30T12:52:37.187+0000][7][gc,marking  ] GC(28) Concurrent Rebuild Remembered Sets
[2022-08-30T12:52:37.243+0000][7][gc,marking  ] GC(28) Concurrent Rebuild Remembered Sets 55.699ms
[2022-08-30T12:52:37.250+0000][7][gc,start    ] GC(28) Pause Cleanup
[2022-08-30T12:52:37.252+0000][7][gc          ] GC(28) Pause Cleanup 119M->119M(256M) 2.335ms
[2022-08-30T12:52:37.252+0000][7][gc,cpu      ] GC(28) User=0.00s Sys=0.00s Real=0.01s
[2022-08-30T12:52:37.257+0000][7][safepoint   ] Safepoint "G1Concurrent", Time since last: 63011059 ns, Reaching safepoint: 655089 ns, At safepoint: 6957792 ns, Total: 7612881 ns
[2022-08-30T12:52:37.257+0000][7][gc,marking  ] GC(28) Concurrent Cleanup for Next Mark
[2022-08-30T12:52:37.258+0000][7][gc,marking  ] GC(28) Concurrent Cleanup for Next Mark 0.565ms
[2022-08-30T12:52:37.258+0000][7][gc          ] GC(28) Concurrent Cycle 239.421ms
[2022-08-30T12:52:40.380+0000][7][safepoint   ] Safepoint "Cleanup", Time since last: 1861652204 ns, Reaching safepoint: 1261703641 ns, At safepoint: 186240 ns, Total: 1261889881 ns
[2022-08-30T12:52:43.660+0000][7][safepoint   ] Safepoint "Cleanup", Time since last: 1879758618 ns, Reaching safepoint: 1400330865 ns, At safepoint: 15369 ns, Total: 1400346234 ns
[2022-08-30T12:52:45.611+0000][7][safepoint   ] Safepoint "Cleanup", Time since last: 1950103124 ns, Reaching safepoint: 566603 ns, At safepoint: 40045 ns, Total: 606648 ns
[2022-08-30T12:52:46.612+0000][7][safepoint   ] Safepoint "Cleanup", Time since last: 1000915884 ns, Reaching safepoint: 122690 ns, At safepoint: 30498 ns, Total: 153188 ns
[2022-08-30T12:52:49.830+0000][7][safepoint   ] Safepoint "Cleanup", Time since last: 3217618768 ns, Reaching safepoint: 111048 ns, At safepoint: 21781 ns, Total: 132829 ns
[2022-08-30T12:52:50.411+0000][7][gc,start    ] GC(29) Pause Young (Normal) (G1 Evacuation Pause)
[2022-08-30T12:52:50.426+0000][7][gc,task     ] GC(29) Using 6 workers of 6 for evacuation
[2022-08-30T12:52:50.427+0000][7][gc,age      ] GC(29) Desired survivor size 8388608 bytes, new threshold 15 (max threshold 15)
[2022-08-30T12:52:50.442+0000][7][gc,age      ] GC(29) Age table with threshold 15 (max threshold 15)
[2022-08-30T12:52:50.442+0000][7][gc,age      ] GC(29) - age   1:    3407128 bytes,    3407128 total
[2022-08-30T12:52:50.442+0000][7][gc,age      ] GC(29) - age   2:    5823520 bytes,    9230648 total
[2022-08-30T12:52:50.442+0000][7][gc,age      ] GC(29) - age   3:     502248 bytes,    9732896 total
[2022-08-30T12:52:50.442+0000][7][gc,phases   ] GC(29)   Pre Evacuate Collection Set: 0.4ms
[2022-08-30T12:52:50.443+0000][7][gc,phases   ] GC(29)   Merge Heap Roots: 0.1ms
[2022-08-30T12:52:50.443+0000][7][gc,phases   ] GC(29)   Evacuate Collection Set: 12.3ms
[2022-08-30T12:52:50.443+0000][7][gc,phases   ] GC(29)   Post Evacuate Collection Set: 1.5ms
[2022-08-30T12:52:50.443+0000][7][gc,phases   ] GC(29)   Other: 16.8ms
[2022-08-30T12:52:50.444+0000][7][gc,heap     ] GC(29) Eden regions: 27->0(28)
[2022-08-30T12:52:50.444+0000][7][gc,heap     ] GC(29) Survivor regions: 2->3(4)
[2022-08-30T12:52:50.444+0000][7][gc,heap     ] GC(29) Old regions: 14->14
[2022-08-30T12:52:50.445+0000][7][gc,heap     ] GC(29) Archive regions: 2->2
[2022-08-30T12:52:50.445+0000][7][gc,heap     ] GC(29) Humongous regions: 0->0
[2022-08-30T12:52:50.445+0000][7][gc,metaspace] GC(29) Metaspace: 57240K(60976K)->57240K(60976K) NonClass: 49691K(52452K)->49691K(52452K) Class: 7548K(8524K)->7548K(8524K)
[2022-08-30T12:52:50.445+0000][7][gc          ] GC(29) Pause Young (Normal) (G1 Evacuation Pause) 173M->68M(256M) 33.634ms
[2022-08-30T12:52:50.445+0000][7][gc,cpu      ] GC(29) User=0.02s Sys=0.03s Real=0.03s
[2022-08-30T12:52:50.446+0000][7][safepoint   ] Safepoint "G1CollectForAllocation", Time since last: 581273049 ns, Reaching safepoint: 391424 ns, At safepoint: 34138880 ns, Total: 34530304 ns
[2022-08-30T12:52:52.000+0000][7][safepoint   ] Safepoint "Cleanup", Time since last: 1000663100 ns, Reaching safepoint: 553561716 ns, At safepoint: 49563 ns, Total: 553611279 ns
[2022-08-30T12:52:56.430+0000][7][safepoint   ] Safepoint "Cleanup", Time since last: 4418396483 ns, Reaching safepoint: 12172514 ns, At safepoint: 7945 ns, Total: 12180459 ns
[2022-08-30T12:52:58.623+0000][7][safepoint   ] Safepoint "Cleanup", Time since last: 2191479939 ns, Reaching safepoint: 1303425 ns, At safepoint: 16751 ns, Total: 1320176 ns
[2022-08-30T12:53:07.508+0000][7][safepoint   ] Safepoint "Cleanup", Time since last: 5039085370 ns, Reaching safepoint: 3844428367 ns, At safepoint: 668083 ns, Total: 3845096450 ns
[2022-08-30T12:53:08.600+0000][7][safepoint   ] Safepoint "Cleanup", Time since last: 1086409848 ns, Reaching safepoint: 2444315 ns, At safepoint: 6372 ns, Total: 2450687 ns
[2022-08-30T12:53:09.529+0000][7][gc,start    ] GC(30) Pause Young (Normal) (G1 Evacuation Pause)
[2022-08-30T12:53:09.667+0000][7][gc,task     ] GC(30) Using 6 workers of 6 for evacuation
[2022-08-30T12:53:09.667+0000][7][gc,age      ] GC(30) Desired survivor size 8388608 bytes, new threshold 2 (max threshold 15)
[2022-08-30T12:53:09.697+0000][7][gc,age      ] GC(30) Age table with threshold 2 (max threshold 15)
[2022-08-30T12:53:09.697+0000][7][gc,age      ] GC(30) - age   1:    5767104 bytes,    5767104 total
[2022-08-30T12:53:09.697+0000][7][gc,age      ] GC(30) - age   2:    3359544 bytes,    9126648 total
[2022-08-30T12:53:09.698+0000][7][gc,phases   ] GC(30)   Pre Evacuate Collection Set: 0.1ms
[2022-08-30T12:53:09.698+0000][7][gc,phases   ] GC(30)   Merge Heap Roots: 0.3ms
[2022-08-30T12:53:09.698+0000][7][gc,phases   ] GC(30)   Evacuate Collection Set: 26.9ms
[2022-08-30T12:53:09.698+0000][7][gc,phases   ] GC(30)   Post Evacuate Collection Set: 1.7ms
[2022-08-30T12:53:09.698+0000][7][gc,phases   ] GC(30)   Other: 139.5ms
[2022-08-30T12:53:09.698+0000][7][gc,heap     ] GC(30) Eden regions: 28->0(27)
[2022-08-30T12:53:09.699+0000][7][gc,heap     ] GC(30) Survivor regions: 3->3(4)
[2022-08-30T12:53:09.699+0000][7][gc,heap     ] GC(30) Old regions: 14->16
[2022-08-30T12:53:09.699+0000][7][gc,heap     ] GC(30) Archive regions: 2->2
[2022-08-30T12:53:09.699+0000][7][gc,heap     ] GC(30) Humongous regions: 0->0
[2022-08-30T12:53:09.699+0000][7][gc,metaspace] GC(30) Metaspace: 74563K(78128K)->74563K(78128K) NonClass: 64559K(67044K)->64559K(67044K) Class: 10003K(11084K)->10003K(11084K)
[2022-08-30T12:53:09.700+0000][7][gc          ] GC(30) Pause Young (Normal) (G1 Evacuation Pause) 180M->74M(256M) 170.503ms
[2022-08-30T12:53:09.700+0000][7][gc,cpu      ] GC(30) User=0.06s Sys=0.00s Real=0.47s
[2022-08-30T12:53:09.700+0000][7][safepoint   ] Safepoint "G1CollectForAllocation", Time since last: 928958813 ns, Reaching safepoint: 164820 ns, At safepoint: 170991193 ns, Total: 171156013 ns
[2022-08-30T12:53:10.706+0000][7][safepoint   ] Safepoint "Cleanup", Time since last: 1004729849 ns, Reaching safepoint: 992522 ns, At safepoint: 38161 ns, Total: 1030683 ns
[2022-08-30T12:53:11.331+0000][7][safepoint   ] Safepoint "ICBufferFull", Time since last: 625223934 ns, Reaching safepoint: 315632 ns, At safepoint: 38252 ns, Total: 353884 ns
[2022-08-30T12:53:12.037+0000][7][safepoint   ] Safepoint "ICBufferFull", Time since last: 704798554 ns, Reaching safepoint: 232326 ns, At safepoint: 26580 ns, Total: 258906 ns
[2022-08-30T12:53:13.333+0000][7][safepoint   ] Safepoint "Cleanup", Time since last: 1000564194 ns, Reaching safepoint: 295868363 ns, At safepoint: 69501 ns, Total: 295937864 ns
[2022-08-30T12:53:14.335+0000][7][safepoint   ] Safepoint "Cleanup", Time since last: 1000965177 ns, Reaching safepoint: 355677 ns, At safepoint: 144641 ns, Total: 500318 ns
[2022-08-30T12:53:18.426+0000][7][safepoint   ] Safepoint "Cleanup", Time since last: 4090501282 ns, Reaching safepoint: 579237 ns, At safepoint: 30868 ns, Total: 610105 ns
[2022-08-30T12:53:21.752+0000][7][safepoint   ] Safepoint "Cleanup", Time since last: 3157293377 ns, Reaching safepoint: 169265305 ns, At safepoint: 43903 ns, Total: 169309208 ns
[2022-08-30T12:53:36.623+0000][7][safepoint   ] Safepoint "Cleanup", Time since last: 14259121370 ns, Reaching safepoint: 611326334 ns, At safepoint: 14397 ns, Total: 611340731 ns
[2022-08-30T12:53:37.217+0000][7][gc,start    ] GC(31) Pause Young (Concurrent Start) (G1 Humongous Allocation)
[2022-08-30T12:53:37.248+0000][7][gc,task     ] GC(31) Using 6 workers of 6 for evacuation
[2022-08-30T12:53:37.295+0000][7][gc,age      ] GC(31) Desired survivor size 8388608 bytes, new threshold 2 (max threshold 15)
[2022-08-30T12:53:37.704+0000][7][gc,age      ] GC(31) Age table with threshold 2 (max threshold 15)
[2022-08-30T12:53:47.000+0000][7][gc,age      ] GC(31) - age   1:    4847392 bytes,    4847392 total
[2022-08-30T12:53:47.010+0000][7][gc,age      ] GC(31) - age   2:    5239304 bytes,   10086696 total
[2022-08-30T12:53:50.032+0000][7][gc,mmu      ] GC(31) MMU target violated: 201.0ms (200.0ms/201.0ms)
[2022-08-30T12:53:50.032+0000][7][gc,phases   ] GC(31)   Pre Evacuate Collection Set: 0.5ms
[2022-08-30T12:53:50.033+0000][7][gc,phases   ] GC(31)   Merge Heap Roots: 0.1ms
[2022-08-30T12:53:50.033+0000][7][gc,phases   ] GC(31)   Evacuate Collection Set: 390.2ms
[2022-08-30T12:53:50.033+0000][7][gc,phases   ] GC(31)   Post Evacuate Collection Set: 1.7ms
[2022-08-30T12:53:50.033+0000][7][gc,phases   ] GC(31)   Other: 11310.8ms
[2022-08-30T12:53:50.033+0000][7][gc,heap     ] GC(31) Eden regions: 21->0(1)
[2022-08-30T12:53:50.034+0000][7][gc,heap     ] GC(31) Survivor regions: 3->3(4)
[2022-08-30T12:53:50.034+0000][7][gc,heap     ] GC(31) Old regions: 16->17
[2022-08-30T12:53:50.034+0000][7][gc,heap     ] GC(31) Archive regions: 2->2
[2022-08-30T12:53:50.034+0000][7][gc,heap     ] GC(31) Humongous regions: 1->1
[2022-08-30T12:53:50.034+0000][7][gc,metaspace] GC(31) Metaspace: 86755K(90928K)->86755K(90928K) NonClass: 75017K(78052K)->75017K(78052K) Class: 11737K(12876K)->11737K(12876K)
[2022-08-30T12:53:50.034+0000][7][gc          ] GC(31) Pause Young (Concurrent Start) (G1 Humongous Allocation) 160M->82M(256M) 11705.141ms
[2022-08-30T12:53:50.035+0000][7][gc,cpu      ] GC(31) User=10.35s Sys=2.01s Real=11.70s
[2022-08-30T12:53:50.035+0000][7][gc          ] GC(32) Concurrent Cycle
[2022-08-30T12:53:50.035+0000][7][safepoint   ] Safepoint "G1TryInitiateConcMark", Time since last: 585225853 ns, Reaching safepoint: 8897110 ns, At safepoint: 11706023340 ns, Total: 11714920450 ns
[2022-08-30T12:53:50.039+0000][7][gc,marking  ] GC(32) Concurrent Clear Claimed Marks
[2022-08-30T12:53:50.041+0000][7][gc,marking  ] GC(32) Concurrent Clear Claimed Marks 1.438ms
[2022-08-30T12:53:50.041+0000][7][gc,marking  ] GC(32) Concurrent Scan Root Regions
[2022-08-30T12:53:50.053+0000][7][gc,marking  ] GC(32) Concurrent Scan Root Regions 11.673ms
[2022-08-30T12:53:50.053+0000][7][gc,marking  ] GC(32) Concurrent Mark (213.028s)
[2022-08-30T12:53:50.053+0000][7][gc,marking  ] GC(32) Concurrent Mark From Roots
[2022-08-30T12:53:50.053+0000][7][gc,task     ] GC(32) Using 2 workers of 2 for marking
[2022-08-30T12:53:50.171+0000][7][gc,start    ] GC(33) Pause Young (Normal) (G1 Evacuation Pause)
[2022-08-30T12:53:50.172+0000][7][gc,task     ] GC(33) Using 6 workers of 6 for evacuation
[2022-08-30T12:53:50.173+0000][7][gc,age      ] GC(33) Desired survivor size 2097152 bytes, new threshold 1 (max threshold 15)
[2022-08-30T12:53:50.231+0000][7][gc,age      ] GC(33) Age table with threshold 1 (max threshold 15)
[2022-08-30T12:53:50.231+0000][7][gc,age      ] GC(33) - age   1:     453928 bytes,     453928 total
[2022-08-30T12:53:50.231+0000][7][gc,phases   ] GC(33)   Pre Evacuate Collection Set: 0.6ms
[2022-08-30T12:53:50.231+0000][7][gc,phases   ] GC(33)   Merge Heap Roots: 0.8ms
[2022-08-30T12:53:50.232+0000][7][gc,phases   ] GC(33)   Evacuate Collection Set: 52.0ms
[2022-08-30T12:53:50.233+0000][7][gc,phases   ] GC(33)   Post Evacuate Collection Set: 3.0ms
[2022-08-30T12:53:50.234+0000][7][gc,phases   ] GC(33)   Other: 3.9ms
[2022-08-30T12:53:50.236+0000][7][gc,heap     ] GC(33) Eden regions: 1->0(2)
[2022-08-30T12:53:50.237+0000][7][gc,heap     ] GC(33) Survivor regions: 3->1(1)
[2022-08-30T12:53:50.238+0000][7][gc,heap     ] GC(33) Old regions: 17->19
[2022-08-30T12:53:50.241+0000][7][gc,heap     ] GC(33) Archive regions: 2->2
[2022-08-30T12:53:50.241+0000][7][gc,heap     ] GC(33) Humongous regions: 2->2
[2022-08-30T12:53:50.242+0000][7][gc,metaspace] GC(33) Metaspace: 87461K(91816K)->87461K(91816K) NonClass: 75620K(78812K)->75620K(78812K) Class: 11841K(13004K)->11841K(13004K)
[2022-08-30T12:53:50.242+0000][7][gc          ] GC(33) Pause Young (Normal) (G1 Evacuation Pause) 90M->88M(256M) 71.220ms
[2022-08-30T12:53:50.242+0000][7][gc,cpu      ] GC(33) User=0.07s Sys=0.00s Real=0.07s
[2022-08-30T12:53:50.243+0000][7][safepoint   ] Safepoint "G1CollectForAllocation", Time since last: 111267120 ns, Reaching safepoint: 24596289 ns, At safepoint: 71859207 ns, Total: 96455496 ns
[2022-08-30T12:53:50.299+0000][7][gc,marking  ] GC(32) Concurrent Mark From Roots 246.212ms
[2022-08-30T12:53:50.306+0000][7][gc,marking  ] GC(32) Concurrent Preclean
[2022-08-30T12:53:50.309+0000][7][gc,marking  ] GC(32) Concurrent Preclean 2.739ms
[2022-08-30T12:53:50.321+0000][7][gc,marking  ] GC(32) Concurrent Mark (213.028s, 213.297s) 268.553ms
[2022-08-30T12:53:50.323+0000][7][gc,start    ] GC(32) Pause Remark
[2022-08-30T12:53:50.356+0000][7][gc          ] GC(32) Pause Remark 89M->89M(256M) 33.484ms
[2022-08-30T12:53:50.357+0000][7][gc,cpu      ] GC(32) User=0.11s Sys=0.00s Real=0.04s
[2022-08-30T12:53:50.357+0000][7][safepoint   ] Safepoint "G1Concurrent", Time since last: 79427613 ns, Reaching safepoint: 440336 ns, At safepoint: 34244518 ns, Total: 34684854 ns
[2022-08-30T12:53:51.080+0000][7][gc,marking  ] GC(32) Concurrent Rebuild Remembered Sets
[2022-08-30T12:53:54.209+0000][7][safepoint   ] Safepoint "Cleanup", Time since last: 3719036030 ns, Reaching safepoint: 132881926 ns, At safepoint: 24295 ns, Total: 132906221 ns
[2022-08-30T12:53:54.214+0000][7][gc,marking  ] GC(32) Concurrent Rebuild Remembered Sets 3133.701ms
[2022-08-30T12:53:54.519+0000][7][gc,start    ] GC(32) Pause Cleanup
[2022-08-30T12:53:54.520+0000][7][gc          ] GC(32) Pause Cleanup 91M->91M(256M) 0.738ms
[2022-08-30T12:53:54.520+0000][7][gc,cpu      ] GC(32) User=0.00s Sys=0.00s Real=0.00s
[2022-08-30T12:53:54.523+0000][7][safepoint   ] Safepoint "G1Concurrent", Time since last: 309739153 ns, Reaching safepoint: 149340 ns, At safepoint: 4203987 ns, Total: 4353327 ns
[2022-08-30T12:53:54.527+0000][7][gc,marking  ] GC(32) Concurrent Cleanup for Next Mark
[2022-08-30T12:53:56.244+0000][7][gc,marking  ] GC(32) Concurrent Cleanup for Next Mark 1716.972ms
[2022-08-30T12:53:56.246+0000][7][gc          ] GC(32) Concurrent Cycle 6211.319ms
[2022-08-30T12:53:56.529+0000][7][safepoint   ] Safepoint "Cleanup", Time since last: 2004217574 ns, Reaching safepoint: 1332149 ns, At safepoint: 21520 ns, Total: 1353669 ns
[2022-08-30T12:53:57.066+0000][7][gc,start    ] GC(34) Pause Young (Normal) (G1 Evacuation Pause)
[2022-08-30T12:53:57.066+0000][7][gc,task     ] GC(34) Using 6 workers of 6 for evacuation
[2022-08-30T12:53:57.066+0000][7][gc,age      ] GC(34) Desired survivor size 2097152 bytes, new threshold 15 (max threshold 15)
[2022-08-30T12:53:57.070+0000][7][gc,age      ] GC(34) Age table with threshold 15 (max threshold 15)
[2022-08-30T12:53:57.070+0000][7][gc,age      ] GC(34) - age   1:     530616 bytes,     530616 total
[2022-08-30T12:53:57.070+0000][7][gc,age      ] GC(34) - age   2:     407408 bytes,     938024 total
[2022-08-30T12:53:57.071+0000][7][gc,phases   ] GC(34)   Pre Evacuate Collection Set: 0.1ms
[2022-08-30T12:53:57.071+0000][7][gc,phases   ] GC(34)   Merge Heap Roots: 0.1ms
[2022-08-30T12:53:57.071+0000][7][gc,phases   ] GC(34)   Evacuate Collection Set: 2.5ms
[2022-08-30T12:53:57.071+0000][7][gc,phases   ] GC(34)   Post Evacuate Collection Set: 0.8ms
[2022-08-30T12:53:57.071+0000][7][gc,phases   ] GC(34)   Other: 1.3ms
[2022-08-30T12:53:57.071+0000][7][gc,heap     ] GC(34) Eden regions: 2->0(2)
[2022-08-30T12:53:57.071+0000][7][gc,heap     ] GC(34) Survivor regions: 1->1(1)
[2022-08-30T12:53:57.072+0000][7][gc,heap     ] GC(34) Old regions: 19->19
[2022-08-30T12:53:57.072+0000][7][gc,heap     ] GC(34) Archive regions: 2->2
[2022-08-30T12:53:57.072+0000][7][gc,heap     ] GC(34) Humongous regions: 2->2
[2022-08-30T12:53:57.072+0000][7][gc,metaspace] GC(34) Metaspace: 88704K(92968K)->88704K(92968K) NonClass: 76693K(79836K)->76693K(79836K) Class: 12010K(13132K)->12010K(13132K)
[2022-08-30T12:53:57.072+0000][7][gc          ] GC(34) Pause Young (Normal) (G1 Evacuation Pause) 96M->87M(256M) 6.405ms
[2022-08-30T12:53:57.072+0000][7][gc,cpu      ] GC(34) User=0.00s Sys=0.01s Real=0.01s
[2022-08-30T12:53:57.072+0000][7][safepoint   ] Safepoint "G1CollectForAllocation", Time since last: 527358173 ns, Reaching safepoint: 9789143 ns, At safepoint: 6824652 ns, Total: 16613795 ns
[2022-08-30T12:53:58.401+0000][7][safepoint   ] Safepoint "Cleanup", Time since last: 1328296721 ns, Reaching safepoint: 241382 ns, At safepoint: 47228 ns, Total: 288610 ns
[2022-08-30T12:53:59.212+0000][7][gc,start    ] GC(35) Pause Young (Concurrent Start) (G1 Evacuation Pause)
[2022-08-30T12:53:59.219+0000][7][gc,task     ] GC(35) Using 6 workers of 6 for evacuation
[2022-08-30T12:53:59.232+0000][7][gc,age      ] GC(35) Desired survivor size 2097152 bytes, new threshold 15 (max threshold 15)
[2022-08-30T12:53:59.627+0000][7][gc,age      ] GC(35) Age table with threshold 15 (max threshold 15)
[2022-08-30T12:53:59.822+0000][7][gc,age      ] GC(35) - age   1:     800592 bytes,     800592 total
[2022-08-30T12:53:59.828+0000][7][gc,age      ] GC(35) - age   2:     496432 bytes,    1297024 total
[2022-08-30T12:53:59.829+0000][7][gc,age      ] GC(35) - age   3:     407408 bytes,    1704432 total
[2022-08-30T12:53:59.829+0000][7][gc,mmu      ] GC(35) MMU target violated: 201.0ms (200.0ms/201.0ms)
[2022-08-30T12:53:59.829+0000][7][gc,phases   ] GC(35)   Pre Evacuate Collection Set: 0.2ms
[2022-08-30T12:53:59.830+0000][7][gc,phases   ] GC(35)   Merge Heap Roots: 0.1ms
[2022-08-30T12:53:59.830+0000][7][gc,phases   ] GC(35)   Evacuate Collection Set: 389.3ms
[2022-08-30T12:53:59.831+0000][7][gc,phases   ] GC(35)   Post Evacuate Collection Set: 0.7ms
[2022-08-30T12:53:59.831+0000][7][gc,phases   ] GC(35)   Other: 226.7ms
[2022-08-30T12:53:59.831+0000][7][gc,heap     ] GC(35) Eden regions: 2->0(2)
[2022-08-30T12:53:59.831+0000][7][gc,heap     ] GC(35) Survivor regions: 1->1(1)
[2022-08-30T12:53:59.831+0000][7][gc,heap     ] GC(35) Old regions: 19->19
[2022-08-30T12:53:59.831+0000][7][gc,heap     ] GC(35) Archive regions: 2->2
[2022-08-30T12:53:59.832+0000][7][gc,heap     ] GC(35) Humongous regions: 2->2
[2022-08-30T12:53:59.832+0000][7][gc,metaspace] GC(35) Metaspace: 89473K(93864K)->89473K(93864K) NonClass: 77335K(80604K)->77335K(80604K) Class: 12137K(13260K)->12137K(13260K)
[2022-08-30T12:53:59.832+0000][7][gc          ] GC(35) Pause Young (Concurrent Start) (G1 Evacuation Pause) 95M->88M(256M) 619.649ms
[2022-08-30T12:53:59.833+0000][7][gc,cpu      ] GC(35) User=0.10s Sys=0.13s Real=0.61s
[2022-08-30T12:53:59.833+0000][7][gc          ] GC(36) Concurrent Cycle
[2022-08-30T12:53:59.833+0000][7][safepoint   ] Safepoint "G1CollectForAllocation", Time since last: 810981949 ns, Reaching safepoint: 150001 ns, At safepoint: 620800546 ns, Total: 620950547 ns
[2022-08-30T12:53:59.833+0000][7][gc,marking  ] GC(36) Concurrent Clear Claimed Marks
[2022-08-30T12:53:59.834+0000][7][gc,marking  ] GC(36) Concurrent Clear Claimed Marks 0.509ms
[2022-08-30T12:53:59.834+0000][7][gc,marking  ] GC(36) Concurrent Scan Root Regions
[2022-08-30T12:53:59.859+0000][7][gc,marking  ] GC(36) Concurrent Scan Root Regions 25.390ms
[2022-08-30T12:54:02.613+0000][7][gc,marking  ] GC(36) Concurrent Mark (225.588s)
[2022-08-30T12:54:02.641+0000][7][gc,marking  ] GC(36) Concurrent Mark From Roots
[2022-08-30T12:54:02.659+0000][7][gc,task     ] GC(36) Using 2 workers of 2 for marking
[2022-08-30T12:54:03.031+0000][7][safepoint   ] Safepoint "Cleanup", Time since last: 3050916982 ns, Reaching safepoint: 146937231 ns, At safepoint: 23664 ns, Total: 146960895 ns
[2022-08-30T12:54:03.046+0000][7][gc,marking  ] GC(36) Concurrent Mark From Roots 405.426ms
[2022-08-30T12:54:03.056+0000][7][gc,marking  ] GC(36) Concurrent Preclean
[2022-08-30T12:54:03.058+0000][7][gc,marking  ] GC(36) Concurrent Preclean 1.781ms
[2022-08-30T12:54:03.061+0000][7][gc,marking  ] GC(36) Concurrent Mark (225.588s, 226.036s) 448.259ms
[2022-08-30T12:54:03.067+0000][7][gc,start    ] GC(36) Pause Remark
[2022-08-30T12:54:03.091+0000][7][gc          ] GC(36) Pause Remark 88M->88M(256M) 23.867ms
[2022-08-30T12:54:03.091+0000][7][gc,cpu      ] GC(36) User=0.05s Sys=0.00s Real=0.05s
[2022-08-30T12:54:03.091+0000][7][safepoint   ] Safepoint "G1Concurrent", Time since last: 35790899 ns, Reaching safepoint: 143328 ns, At safepoint: 24451357 ns, Total: 24594685 ns
[2022-08-30T12:54:03.092+0000][7][gc,marking  ] GC(36) Concurrent Rebuild Remembered Sets
[2022-08-30T12:54:03.143+0000][7][gc,marking  ] GC(36) Concurrent Rebuild Remembered Sets 51.182ms
[2022-08-30T12:54:03.162+0000][7][gc,start    ] GC(36) Pause Cleanup
[2022-08-30T12:54:03.162+0000][7][gc          ] GC(36) Pause Cleanup 88M->88M(256M) 0.346ms
[2022-08-30T12:54:03.162+0000][7][gc,cpu      ] GC(36) User=0.00s Sys=0.00s Real=0.00s
[2022-08-30T12:54:03.163+0000][7][safepoint   ] Safepoint "G1Concurrent", Time since last: 56191247 ns, Reaching safepoint: 14337114 ns, At safepoint: 794981 ns, Total: 15132095 ns
[2022-08-30T12:54:03.166+0000][7][gc,marking  ] GC(36) Concurrent Cleanup for Next Mark
[2022-08-30T12:54:04.060+0000][7][gc,marking  ] GC(36) Concurrent Cleanup for Next Mark 894.217ms
[2022-08-30T12:54:04.062+0000][7][gc          ] GC(36) Concurrent Cycle 4229.101ms
[2022-08-30T12:54:04.164+0000][7][safepoint   ] Safepoint "Cleanup", Time since last: 1000840713 ns, Reaching safepoint: 249388 ns, At safepoint: 3587 ns, Total: 252975 ns
[2022-08-30T12:54:04.331+0000][7][safepoint   ] Safepoint "ICBufferFull", Time since last: 166929755 ns, Reaching safepoint: 342983 ns, At safepoint: 28924 ns, Total: 371907 ns
[2022-08-30T12:54:04.647+0000][7][gc,start    ] GC(37) Pause Young (Normal) (G1 Evacuation Pause)
[2022-08-30T12:54:04.647+0000][7][gc,task     ] GC(37) Using 6 workers of 6 for evacuation
[2022-08-30T12:54:04.647+0000][7][gc,age      ] GC(37) Desired survivor size 2097152 bytes, new threshold 15 (max threshold 15)
[2022-08-30T12:54:04.650+0000][7][gc,age      ] GC(37) Age table with threshold 15 (max threshold 15)
[2022-08-30T12:54:04.651+0000][7][gc,age      ] GC(37) - age   1:     266872 bytes,     266872 total
[2022-08-30T12:54:04.651+0000][7][gc,age      ] GC(37) - age   2:     435320 bytes,     702192 total
[2022-08-30T12:54:04.651+0000][7][gc,age      ] GC(37) - age   3:     491032 bytes,    1193224 total
[2022-08-30T12:54:04.651+0000][7][gc,age      ] GC(37) - age   4:     407184 bytes,    1600408 total
[2022-08-30T12:54:04.651+0000][7][gc,phases   ] GC(37)   Pre Evacuate Collection Set: 0.2ms
[2022-08-30T12:54:04.652+0000][7][gc,phases   ] GC(37)   Merge Heap Roots: 0.1ms
[2022-08-30T12:54:04.652+0000][7][gc,phases   ] GC(37)   Evacuate Collection Set: 2.1ms
[2022-08-30T12:54:04.652+0000][7][gc,phases   ] GC(37)   Post Evacuate Collection Set: 0.8ms
[2022-08-30T12:54:04.652+0000][7][gc,phases   ] GC(37)   Other: 1.7ms
[2022-08-30T12:54:04.652+0000][7][gc,heap     ] GC(37) Eden regions: 2->0(2)
[2022-08-30T12:54:04.652+0000][7][gc,heap     ] GC(37) Survivor regions: 1->1(1)
[2022-08-30T12:54:04.653+0000][7][gc,heap     ] GC(37) Old regions: 19->19
[2022-08-30T12:54:04.653+0000][7][gc,heap     ] GC(37) Archive regions: 2->2
[2022-08-30T12:54:04.653+0000][7][gc,heap     ] GC(37) Humongous regions: 2->2
[2022-08-30T12:54:04.653+0000][7][gc,metaspace] GC(37) Metaspace: 89636K(93864K)->89636K(93864K) NonClass: 77480K(80604K)->77480K(80604K) Class: 12156K(13260K)->12156K(13260K)
[2022-08-30T12:54:04.654+0000][7][gc          ] GC(37) Pause Young (Normal) (G1 Evacuation Pause) 96M->88M(256M) 6.867ms
[2022-08-30T12:54:04.654+0000][7][gc,cpu      ] GC(37) User=0.01s Sys=0.00s Real=0.00s
[2022-08-30T12:54:04.654+0000][7][safepoint   ] Safepoint "G1CollectForAllocation", Time since last: 314896257 ns, Reaching safepoint: 749947 ns, At safepoint: 7380885 ns, Total: 8130832 ns
[2022-08-30T12:54:05.247+0000][7][gc,start    ] GC(38) Pause Young (Concurrent Start) (G1 Evacuation Pause)
[2022-08-30T12:54:05.247+0000][7][gc,task     ] GC(38) Using 6 workers of 6 for evacuation
[2022-08-30T12:54:05.247+0000][7][gc,age      ] GC(38) Desired survivor size 2097152 bytes, new threshold 15 (max threshold 15)
[2022-08-30T12:54:05.250+0000][7][gc,age      ] GC(38) Age table with threshold 15 (max threshold 15)
[2022-08-30T12:54:05.250+0000][7][gc,age      ] GC(38) - age   1:      63136 bytes,      63136 total
[2022-08-30T12:54:05.251+0000][7][gc,age      ] GC(38) - age   2:     206672 bytes,     269808 total
[2022-08-30T12:54:05.251+0000][7][gc,age      ] GC(38) - age   3:     425968 bytes,     695776 total
[2022-08-30T12:54:05.251+0000][7][gc,age      ] GC(38) - age   4:     490080 bytes,    1185856 total
[2022-08-30T12:54:05.251+0000][7][gc,age      ] GC(38) - age   5:     407184 bytes,    1593040 total
[2022-08-30T12:54:05.251+0000][7][gc,phases   ] GC(38)   Pre Evacuate Collection Set: 0.2ms
[2022-08-30T12:54:05.251+0000][7][gc,phases   ] GC(38)   Merge Heap Roots: 0.1ms
[2022-08-30T12:54:05.251+0000][7][gc,phases   ] GC(38)   Evacuate Collection Set: 1.8ms
[2022-08-30T12:54:05.252+0000][7][gc,phases   ] GC(38)   Post Evacuate Collection Set: 0.7ms
[2022-08-30T12:54:05.252+0000][7][gc,phases   ] GC(38)   Other: 1.8ms
[2022-08-30T12:54:05.252+0000][7][gc,heap     ] GC(38) Eden regions: 2->0(2)
[2022-08-30T12:54:05.252+0000][7][gc,heap     ] GC(38) Survivor regions: 1->1(1)
[2022-08-30T12:54:05.252+0000][7][gc,heap     ] GC(38) Old regions: 19->19
[2022-08-30T12:54:05.252+0000][7][gc,heap     ] GC(38) Archive regions: 2->2
[2022-08-30T12:54:05.252+0000][7][gc,heap     ] GC(38) Humongous regions: 2->2
[2022-08-30T12:54:05.253+0000][7][gc,metaspace] GC(38) Metaspace: 89683K(93864K)->89683K(93864K) NonClass: 77526K(80604K)->77526K(80604K) Class: 12156K(13260K)->12156K(13260K)
[2022-08-30T12:54:05.253+0000][7][gc          ] GC(38) Pause Young (Concurrent Start) (G1 Evacuation Pause) 96M->88M(256M) 6.204ms
[2022-08-30T12:54:05.253+0000][7][gc,cpu      ] GC(38) User=0.01s Sys=0.00s Real=0.00s
[2022-08-30T12:54:05.253+0000][7][gc          ] GC(39) Concurrent Cycle
[2022-08-30T12:54:05.253+0000][7][safepoint   ] Safepoint "G1CollectForAllocation", Time since last: 592367240 ns, Reaching safepoint: 195106 ns, At safepoint: 6577078 ns, Total: 6772184 ns
[2022-08-30T12:54:05.253+0000][7][gc,marking  ] GC(39) Concurrent Clear Claimed Marks
[2022-08-30T12:54:05.254+0000][7][gc,marking  ] GC(39) Concurrent Clear Claimed Marks 0.509ms
[2022-08-30T12:54:05.254+0000][7][gc,marking  ] GC(39) Concurrent Scan Root Regions
[2022-08-30T12:54:05.257+0000][7][gc,marking  ] GC(39) Concurrent Scan Root Regions 2.810ms
[2022-08-30T12:54:05.258+0000][7][gc,marking  ] GC(39) Concurrent Mark (228.233s)
[2022-08-30T12:54:05.258+0000][7][gc,marking  ] GC(39) Concurrent Mark From Roots
[2022-08-30T12:54:05.258+0000][7][gc,task     ] GC(39) Using 2 workers of 2 for marking
[2022-08-30T12:54:05.310+0000][7][gc,marking  ] GC(39) Concurrent Mark From Roots 52.113ms
[2022-08-30T12:54:05.310+0000][7][gc,marking  ] GC(39) Concurrent Preclean
[2022-08-30T12:54:05.311+0000][7][gc,marking  ] GC(39) Concurrent Preclean 0.417ms
[2022-08-30T12:54:05.311+0000][7][gc,marking  ] GC(39) Concurrent Mark (228.233s, 228.286s) 53.214ms
[2022-08-30T12:54:05.311+0000][7][gc,start    ] GC(39) Pause Remark
[2022-08-30T12:54:05.318+0000][7][gc          ] GC(39) Pause Remark 88M->88M(256M) 6.391ms
[2022-08-30T12:54:05.318+0000][7][gc,cpu      ] GC(39) User=0.02s Sys=0.00s Real=0.01s
[2022-08-30T12:54:05.318+0000][7][safepoint   ] Safepoint "G1Concurrent", Time since last: 57790205 ns, Reaching safepoint: 205055 ns, At safepoint: 6905994 ns, Total: 7111049 ns
[2022-08-30T12:54:05.318+0000][7][gc,marking  ] GC(39) Concurrent Rebuild Remembered Sets
[2022-08-30T12:54:05.360+0000][7][gc,marking  ] GC(39) Concurrent Rebuild Remembered Sets 41.555ms
[2022-08-30T12:54:05.360+0000][7][gc,start    ] GC(39) Pause Cleanup
[2022-08-30T12:54:05.361+0000][7][gc          ] GC(39) Pause Cleanup 88M->88M(256M) 0.288ms
[2022-08-30T12:54:05.361+0000][7][gc,cpu      ] GC(39) User=0.00s Sys=0.00s Real=0.00s
[2022-08-30T12:54:05.361+0000][7][safepoint   ] Safepoint "G1Concurrent", Time since last: 42045822 ns, Reaching safepoint: 136096 ns, At safepoint: 710442 ns, Total: 846538 ns
[2022-08-30T12:54:05.361+0000][7][gc,marking  ] GC(39) Concurrent Cleanup for Next Mark
[2022-08-30T12:54:05.362+0000][7][gc,marking  ] GC(39) Concurrent Cleanup for Next Mark 0.475ms
[2022-08-30T12:54:05.362+0000][7][gc          ] GC(39) Concurrent Cycle 108.849ms
[2022-08-30T12:54:06.361+0000][7][safepoint   ] Safepoint "Cleanup", Time since last: 1000265835 ns, Reaching safepoint: 184035 ns, At safepoint: 23234 ns, Total: 207269 ns
[2022-08-30T12:54:07.362+0000][7][safepoint   ] Safepoint "Cleanup", Time since last: 1000418271 ns, Reaching safepoint: 185668 ns, At safepoint: 4839 ns, Total: 190507 ns
[2022-08-30T12:54:08.065+0000][7][gc,start    ] GC(40) Pause Young (Normal) (G1 Evacuation Pause)
[2022-08-30T12:54:08.102+0000][7][gc,task     ] GC(40) Using 6 workers of 6 for evacuation
[2022-08-30T12:54:08.102+0000][7][gc,age      ] GC(40) Desired survivor size 2097152 bytes, new threshold 15 (max threshold 15)
[2022-08-30T12:54:08.107+0000][7][gc,age      ] GC(40) Age table with threshold 15 (max threshold 15)
[2022-08-30T12:54:08.401+0000][7][gc,age      ] GC(40) - age   1:     353848 bytes,     353848 total
[2022-08-30T12:54:08.402+0000][7][gc,age      ] GC(40) - age   2:      21008 bytes,     374856 total
[2022-08-30T12:54:08.402+0000][7][gc,age      ] GC(40) - age   3:     205496 bytes,     580352 total
[2022-08-30T12:54:08.403+0000][7][gc,age      ] GC(40) - age   4:     425136 bytes,    1005488 total
[2022-08-30T12:54:08.403+0000][7][gc,age      ] GC(40) - age   5:     489752 bytes,    1495240 total
[2022-08-30T12:54:08.403+0000][7][gc,age      ] GC(40) - age   6:     407184 bytes,    1902424 total
[2022-08-30T12:54:08.404+0000][7][gc,mmu      ] GC(40) MMU target violated: 201.0ms (200.0ms/201.0ms)
[2022-08-30T12:54:08.404+0000][7][gc,phases   ] GC(40)   Pre Evacuate Collection Set: 0.1ms
[2022-08-30T12:54:08.404+0000][7][gc,phases   ] GC(40)   Merge Heap Roots: 0.1ms
[2022-08-30T12:54:08.405+0000][7][gc,phases   ] GC(40)   Evacuate Collection Set: 2.8ms
[2022-08-30T12:54:08.405+0000][7][gc,phases   ] GC(40)   Post Evacuate Collection Set: 1.1ms
[2022-08-30T12:54:08.405+0000][7][gc,phases   ] GC(40)   Other: 335.3ms
[2022-08-30T12:54:08.405+0000][7][gc,heap     ] GC(40) Eden regions: 2->0(2)
[2022-08-30T12:54:08.405+0000][7][gc,heap     ] GC(40) Survivor regions: 1->1(1)
[2022-08-30T12:54:08.407+0000][7][gc,heap     ] GC(40) Old regions: 19->19
[2022-08-30T12:54:08.408+0000][7][gc,heap     ] GC(40) Archive regions: 2->2
[2022-08-30T12:54:08.409+0000][7][gc,heap     ] GC(40) Humongous regions: 2->2
[2022-08-30T12:54:08.409+0000][7][gc,metaspace] GC(40) Metaspace: 89862K(94120K)->89862K(94120K) NonClass: 77686K(80860K)->77686K(80860K) Class: 12176K(13260K)->12176K(13260K)
[2022-08-30T12:54:08.412+0000][7][gc          ] GC(40) Pause Young (Normal) (G1 Evacuation Pause) 96M->88M(256M) 347.091ms
[2022-08-30T12:54:08.412+0000][7][gc,cpu      ] GC(40) User=0.01s Sys=0.00s Real=0.35s
[2022-08-30T12:54:08.413+0000][7][safepoint   ] Safepoint "G1CollectForAllocation", Time since last: 702600020 ns, Reaching safepoint: 155511 ns, At safepoint: 348312902 ns, Total: 348468413 ns
[2022-08-30T12:54:10.649+0000][7][safepoint   ] Safepoint "Cleanup", Time since last: 2235831857 ns, Reaching safepoint: 260779 ns, At safepoint: 35737 ns, Total: 296516 ns
[2022-08-30T12:54:11.650+0000][7][safepoint   ] Safepoint "Cleanup", Time since last: 1000413382 ns, Reaching safepoint: 325330 ns, At safepoint: 121137 ns, Total: 446467 ns
[2022-08-30T12:54:12.651+0000][7][safepoint   ] Safepoint "Cleanup", Time since last: 1000468115 ns, Reaching safepoint: 144160 ns, At safepoint: 36860 ns, Total: 181020 ns
[2022-08-30T12:54:13.652+0000][7][safepoint   ] Safepoint "Cleanup", Time since last: 1000929689 ns, Reaching safepoint: 228699 ns, At safepoint: 37170 ns, Total: 265869 ns
[2022-08-30T12:54:20.646+0000][7][safepoint   ] Safepoint "Cleanup", Time since last: 8111789750 ns, Reaching safepoint: 298560 ns, At safepoint: 27652 ns, Total: 326212 ns
[2022-08-30T12:54:23.315+0000][7][safepoint   ] Safepoint "Cleanup", Time since last: 2668009696 ns, Reaching safepoint: 453871 ns, At safepoint: 2315 ns, Total: 456186 ns
[2022-08-30T12:54:24.317+0000][7][safepoint   ] Safepoint "Cleanup", Time since last: 1002216935 ns, Reaching safepoint: 277280 ns, At safepoint: 46467 ns, Total: 323747 ns
[2022-08-30T12:54:25.318+0000][7][safepoint   ] Safepoint "Cleanup", Time since last: 1000590524 ns, Reaching safepoint: 150703 ns, At safepoint: 23093 ns, Total: 173796 ns
[2022-08-30T12:54:27.320+0000][7][safepoint   ] Safepoint "Cleanup", Time since last: 2001111348 ns, Reaching safepoint: 231143 ns, At safepoint: 29535 ns, Total: 260678 ns
[2022-08-30T12:54:33.321+0000][7][safepoint   ] Safepoint "Cleanup", Time since last: 6001173650 ns, Reaching safepoint: 355176 ns, At safepoint: 11151 ns, Total: 366327 ns
[2022-08-30T12:54:34.322+0000][7][safepoint   ] Safepoint "Cleanup", Time since last: 1000716781 ns, Reaching safepoint: 409308 ns, At safepoint: 3807 ns, Total: 413115 ns
[2022-08-30T12:54:35.324+0000][7][safepoint   ] Safepoint "Cleanup", Time since last: 1000963203 ns, Reaching safepoint: 344466 ns, At safepoint: 3727 ns, Total: 348193 ns
[2022-08-30T12:54:36.325+0000][7][safepoint   ] Safepoint "Cleanup", Time since last: 1000964235 ns, Reaching safepoint: 431660 ns, At safepoint: 5761 ns, Total: 437421 ns
[2022-08-30T12:54:42.327+0000][7][safepoint   ] Safepoint "Cleanup", Time since last: 6001782822 ns, Reaching safepoint: 397305 ns, At safepoint: 13165 ns, Total: 410470 ns
[2022-08-30T12:54:43.329+0000][7][safepoint   ] Safepoint "Cleanup", Time since last: 1001037803 ns, Reaching safepoint: 543149 ns, At safepoint: 5951 ns, Total: 549100 ns
[2022-08-30T12:54:49.746+0000][7][safepoint   ] Safepoint "Cleanup", Time since last: 6412496207 ns, Reaching safepoint: 318247 ns, At safepoint: 52759 ns, Total: 371006 ns
[2022-08-30T12:54:50.804+0000][7][safepoint   ] Safepoint "Cleanup", Time since last: 1057727714 ns, Reaching safepoint: 218420 ns, At safepoint: 58930 ns, Total: 277350 ns
[2022-08-30T12:54:51.807+0000][7][safepoint   ] Safepoint "Cleanup", Time since last: 1001799072 ns, Reaching safepoint: 496131 ns, At safepoint: 94627 ns, Total: 590758 ns
[2022-08-30T12:54:54.632+0000][7][safepoint   ] Safepoint "Cleanup", Time since last: 2825258891 ns, Reaching safepoint: 153869 ns, At safepoint: 7464 ns, Total: 161333 ns
[2022-08-30T12:54:56.633+0000][7][safepoint   ] Safepoint "Cleanup", Time since last: 2000716166 ns, Reaching safepoint: 308829 ns, At safepoint: 46387 ns, Total: 355216 ns
[2022-08-30T12:54:57.949+0000][7][safepoint   ] Safepoint "Cleanup", Time since last: 1316060368 ns, Reaching safepoint: 154159 ns, At safepoint: 2274 ns, Total: 156433 ns
[2022-08-30T12:55:00.950+0000][7][safepoint   ] Safepoint "Cleanup", Time since last: 3000790612 ns, Reaching safepoint: 229530 ns, At safepoint: 29145 ns, Total: 258675 ns
[2022-08-30T12:55:10.363+0000][7][safepoint   ] Safepoint "Cleanup", Time since last: 9412873334 ns, Reaching safepoint: 226204 ns, At safepoint: 22432 ns, Total: 248636 ns
[2022-08-30T12:55:17.039+0000][7][safepoint   ] Safepoint "Cleanup", Time since last: 6675275832 ns, Reaching safepoint: 468498 ns, At safepoint: 5581 ns, Total: 474079 ns
[2022-08-30T12:55:22.043+0000][7][safepoint   ] Safepoint "Cleanup", Time since last: 5002983598 ns, Reaching safepoint: 408065 ns, At safepoint: 67106 ns, Total: 475171 ns
[2022-08-30T12:55:23.044+0000][7][safepoint   ] Safepoint "Cleanup", Time since last: 1000810918 ns, Reaching safepoint: 757080 ns, At safepoint: 57207 ns, Total: 814287 ns
[2022-08-30T12:55:25.054+0000][7][safepoint   ] Safepoint "Cleanup", Time since last: 2008954951 ns, Reaching safepoint: 324008 ns, At safepoint: 3587 ns, Total: 327595 ns
[2022-08-30T12:55:27.056+0000][7][safepoint   ] Safepoint "Cleanup", Time since last: 2001683269 ns, Reaching safepoint: 349997 ns, At safepoint: 42579 ns, Total: 392576 ns
[2022-08-30T12:55:30.275+0000][7][safepoint   ] Safepoint "Cleanup", Time since last: 3218543954 ns, Reaching safepoint: 392557 ns, At safepoint: 35326 ns, Total: 427883 ns
[2022-08-30T12:55:36.286+0000][7][safepoint   ] Safepoint "Cleanup", Time since last: 6011277944 ns, Reaching safepoint: 413445 ns, At safepoint: 5240 ns, Total: 418685 ns
[2022-08-30T12:55:37.288+0000][7][safepoint   ] Safepoint "Cleanup", Time since last: 1000686715 ns, Reaching safepoint: 459942 ns, At safepoint: 5481 ns, Total: 465423 ns
[2022-08-30T12:55:38.289+0000][7][safepoint   ] Safepoint "Cleanup", Time since last: 1001044916 ns, Reaching safepoint: 431319 ns, At safepoint: 5921 ns, Total: 437240 ns
[2022-08-30T12:55:42.291+0000][7][safepoint   ] Safepoint "Cleanup", Time since last: 4001192963 ns, Reaching safepoint: 284003 ns, At safepoint: 83156 ns, Total: 367159 ns
[2022-08-30T12:55:50.293+0000][7][safepoint   ] Safepoint "Cleanup", Time since last: 8003053307 ns, Reaching safepoint: 437320 ns, At safepoint: 3958 ns, Total: 441278 ns
[2022-08-30T12:55:51.295+0000][7][safepoint   ] Safepoint "Cleanup", Time since last: 1002222054 ns, Reaching safepoint: 264627 ns, At safepoint: 7634 ns, Total: 272261 ns
[2022-08-30T12:55:54.296+0000][7][safepoint   ] Safepoint "Cleanup", Time since last: 3000913051 ns, Reaching safepoint: 444995 ns, At safepoint: 5691 ns, Total: 450686 ns
[2022-08-30T12:55:57.300+0000][7][safepoint   ] Safepoint "Cleanup", Time since last: 3003651568 ns, Reaching safepoint: 219011 ns, At safepoint: 3497 ns, Total: 222508 ns
[2022-08-30T12:55:58.305+0000][7][safepoint   ] Safepoint "Cleanup", Time since last: 1004051887 ns, Reaching safepoint: 259907 ns, At safepoint: 3547 ns, Total: 263454 ns
[2022-08-30T12:55:59.306+0000][7][safepoint   ] Safepoint "Cleanup", Time since last: 1001310044 ns, Reaching safepoint: 356439 ns, At safepoint: 3576 ns, Total: 360015 ns
[2022-08-30T12:56:10.309+0000][7][safepoint   ] Safepoint "Cleanup", Time since last: 11002623991 ns, Reaching safepoint: 246893 ns, At safepoint: 4158 ns, Total: 251051 ns
[2022-08-30T12:56:20.312+0000][7][safepoint   ] Safepoint "Cleanup", Time since last: 10001777547 ns, Reaching safepoint: 568357 ns, At safepoint: 4999 ns, Total: 573356 ns
[2022-08-30T12:56:22.314+0000][7][safepoint   ] Safepoint "Cleanup", Time since last: 2001386103 ns, Reaching safepoint: 366277 ns, At safepoint: 15018 ns, Total: 381295 ns
[2022-08-30T12:56:24.315+0000][7][safepoint   ] Safepoint "Cleanup", Time since last: 2000960855 ns, Reaching safepoint: 477375 ns, At safepoint: 5691 ns, Total: 483066 ns
[2022-08-30T12:56:30.318+0000][7][safepoint   ] Safepoint "Cleanup", Time since last: 6001867411 ns, Reaching safepoint: 579036 ns, At safepoint: 5701 ns, Total: 584737 ns
[2022-08-30T12:56:38.320+0000][7][safepoint   ] Safepoint "Cleanup", Time since last: 8002221107 ns, Reaching safepoint: 201768 ns, At safepoint: 33543 ns, Total: 235311 ns
[2022-08-30T12:56:50.326+0000][7][safepoint   ] Safepoint "Cleanup", Time since last: 12002154727 ns, Reaching safepoint: 388339 ns, At safepoint: 53540 ns, Total: 441879 ns
[2022-08-30T12:57:01.646+0000][7][safepoint   ] Safepoint "Cleanup", Time since last: 11319876528 ns, Reaching safepoint: 165601 ns, At safepoint: 12323 ns, Total: 177924 ns
[2022-08-30T12:57:50.867+0000][7][gc,start    ] GC(41) Pause Young (Concurrent Start) (G1 Evacuation Pause)
[2022-08-30T12:57:50.870+0000][7][gc,task     ] GC(41) Using 6 workers of 6 for evacuation
[2022-08-30T12:57:50.872+0000][7][gc,age      ] GC(41) Desired survivor size 2097152 bytes, new threshold 15 (max threshold 15)
[2022-08-30T12:57:50.882+0000][7][gc,age      ] GC(41) Age table with threshold 15 (max threshold 15)
[2022-08-30T12:57:50.884+0000][7][gc,age      ] GC(41) - age   1:     156072 bytes,     156072 total
[2022-08-30T12:57:50.886+0000][7][gc,age      ] GC(41) - age   2:     349736 bytes,     505808 total
[2022-08-30T12:57:50.887+0000][7][gc,age      ] GC(41) - age   3:      20944 bytes,     526752 total
[2022-08-30T12:57:50.887+0000][7][gc,age      ] GC(41) - age   4:     205176 bytes,     731928 total
[2022-08-30T12:57:50.888+0000][7][gc,age      ] GC(41) - age   5:     424624 bytes,    1156552 total
[2022-08-30T12:57:50.888+0000][7][gc,age      ] GC(41) - age   6:     487528 bytes,    1644080 total
[2022-08-30T12:57:50.889+0000][7][gc,age      ] GC(41) - age   7:     406328 bytes,    2050408 total
[2022-08-30T12:57:50.891+0000][7][gc,phases   ] GC(41)   Pre Evacuate Collection Set: 0.3ms
[2022-08-30T12:57:50.891+0000][7][gc,phases   ] GC(41)   Merge Heap Roots: 0.1ms
[2022-08-30T12:57:50.892+0000][7][gc,phases   ] GC(41)   Evacuate Collection Set: 4.7ms
[2022-08-30T12:57:50.892+0000][7][gc,phases   ] GC(41)   Post Evacuate Collection Set: 2.2ms
[2022-08-30T12:57:50.893+0000][7][gc,phases   ] GC(41)   Other: 16.7ms
[2022-08-30T12:57:50.894+0000][7][gc,heap     ] GC(41) Eden regions: 2->0(2)
[2022-08-30T12:57:50.894+0000][7][gc,heap     ] GC(41) Survivor regions: 1->1(1)
[2022-08-30T12:57:50.894+0000][7][gc,heap     ] GC(41) Old regions: 19->19
[2022-08-30T12:57:50.896+0000][7][gc,heap     ] GC(41) Archive regions: 2->2
[2022-08-30T12:57:50.897+0000][7][gc,heap     ] GC(41) Humongous regions: 2->2
[2022-08-30T12:57:50.898+0000][7][gc,metaspace] GC(41) Metaspace: 90400K(94760K)->90400K(94760K) NonClass: 78181K(81372K)->78181K(81372K) Class: 12219K(13388K)->12219K(13388K)
[2022-08-30T12:57:50.898+0000][7][gc          ] GC(41) Pause Young (Concurrent Start) (G1 Evacuation Pause) 96M->88M(256M) 31.132ms
[2022-08-30T12:57:50.899+0000][7][gc,cpu      ] GC(41) User=0.02s Sys=0.00s Real=0.03s
[2022-08-30T12:57:50.899+0000][7][gc          ] GC(42) Concurrent Cycle
[2022-08-30T12:57:50.899+0000][7][gc,marking  ] GC(42) Concurrent Clear Claimed Marks
[2022-08-30T12:57:50.899+0000][7][safepoint   ] Safepoint "G1CollectForAllocation", Time since last: 49220397631 ns, Reaching safepoint: 823204 ns, At safepoint: 32142664 ns, Total: 32965868 ns
[2022-08-30T12:57:50.900+0000][7][gc,marking  ] GC(42) Concurrent Clear Claimed Marks 0.404ms
[2022-08-30T12:57:50.901+0000][7][gc,marking  ] GC(42) Concurrent Scan Root Regions
[2022-08-30T12:57:50.905+0000][7][gc,marking  ] GC(42) Concurrent Scan Root Regions 4.096ms
[2022-08-30T12:57:50.905+0000][7][gc,marking  ] GC(42) Concurrent Mark (454.992s)
[2022-08-30T12:57:50.905+0000][7][gc,marking  ] GC(42) Concurrent Mark From Roots
[2022-08-30T12:57:50.906+0000][7][gc,task     ] GC(42) Using 2 workers of 2 for marking
[2022-08-30T12:57:50.969+0000][7][gc,marking  ] GC(42) Concurrent Mark From Roots 63.587ms
[2022-08-30T12:57:50.969+0000][7][gc,marking  ] GC(42) Concurrent Preclean
[2022-08-30T12:57:50.970+0000][7][gc,marking  ] GC(42) Concurrent Preclean 0.940ms
[2022-08-30T12:57:50.971+0000][7][gc,marking  ] GC(42) Concurrent Mark (454.992s, 455.057s) 65.438ms
[2022-08-30T12:57:50.971+0000][7][gc,start    ] GC(42) Pause Remark
[2022-08-30T12:57:50.984+0000][7][gc          ] GC(42) Pause Remark 88M->88M(256M) 13.319ms
[2022-08-30T12:57:50.985+0000][7][gc,cpu      ] GC(42) User=0.05s Sys=0.00s Real=0.01s
[2022-08-30T12:57:50.985+0000][7][safepoint   ] Safepoint "G1Concurrent", Time since last: 71692565 ns, Reaching safepoint: 223870 ns, At safepoint: 13982329 ns, Total: 14206199 ns
[2022-08-30T12:57:50.985+0000][7][gc,marking  ] GC(42) Concurrent Rebuild Remembered Sets
[2022-08-30T12:57:51.019+0000][7][gc,marking  ] GC(42) Concurrent Rebuild Remembered Sets 33.146ms
[2022-08-30T12:57:51.019+0000][7][gc,start    ] GC(42) Pause Cleanup
[2022-08-30T12:57:51.019+0000][7][gc          ] GC(42) Pause Cleanup 88M->88M(256M) 0.377ms
[2022-08-30T12:57:51.020+0000][7][gc,cpu      ] GC(42) User=0.00s Sys=0.00s Real=0.00s
[2022-08-30T12:57:51.020+0000][7][safepoint   ] Safepoint "G1Concurrent", Time since last: 33846690 ns, Reaching safepoint: 196970 ns, At safepoint: 773010 ns, Total: 969980 ns
[2022-08-30T12:57:51.020+0000][7][gc,marking  ] GC(42) Concurrent Cleanup for Next Mark
[2022-08-30T12:57:51.021+0000][7][gc,marking  ] GC(42) Concurrent Cleanup for Next Mark 0.545ms
[2022-08-30T12:57:51.021+0000][7][gc          ] GC(42) Concurrent Cycle 121.826ms
[2022-08-30T12:57:52.427+0000][7][safepoint   ] Safepoint "Cleanup", Time since last: 1406535003 ns, Reaching safepoint: 246503 ns, At safepoint: 71353 ns, Total: 317856 ns
[2022-08-30T12:57:58.519+0000][7][safepoint   ] Safepoint "Cleanup", Time since last: 6091820730 ns, Reaching safepoint: 156604 ns, At safepoint: 3175 ns, Total: 159779 ns
[2022-08-30T12:58:08.549+0000][7][safepoint   ] Safepoint "Cleanup", Time since last: 10030113141 ns, Reaching safepoint: 202079 ns, At safepoint: 27752 ns, Total: 229831 ns
[2022-08-30T12:58:12.702+0000][7][safepoint   ] Safepoint "Cleanup", Time since last: 4152937272 ns, Reaching safepoint: 259617 ns, At safepoint: 29095 ns, Total: 288712 ns
[2022-08-30T12:58:15.294+0000][7][safepoint   ] Safepoint "Cleanup", Time since last: 2267960925 ns, Reaching safepoint: 474000 ns, At safepoint: 5830 ns, Total: 479830 ns
[2022-08-30T12:58:21.297+0000][7][safepoint   ] Safepoint "Cleanup", Time since last: 6002103424 ns, Reaching safepoint: 353693 ns, At safepoint: 9278 ns, Total: 362971 ns
[2022-08-30T12:58:24.298+0000][7][safepoint   ] Safepoint "Cleanup", Time since last: 3001208064 ns, Reaching safepoint: 341391 ns, At safepoint: 54031 ns, Total: 395422 ns
[2022-08-30T12:58:32.300+0000][7][safepoint   ] Safepoint "Cleanup", Time since last: 8001888684 ns, Reaching safepoint: 373761 ns, At safepoint: 3256 ns, Total: 377017 ns
[2022-08-30T12:58:57.978+0000][7][safepoint   ] Safepoint "Cleanup", Time since last: 26004512828 ns, Reaching safepoint: 460143 ns, At safepoint: 5851 ns, Total: 465994 ns
[2022-08-30T12:58:58.980+0000][7][safepoint   ] Safepoint "Cleanup", Time since last: 1001054274 ns, Reaching safepoint: 481243 ns, At safepoint: 5060 ns, Total: 486303 ns
[2022-08-30T12:59:02.982+0000][7][safepoint   ] Safepoint "Cleanup", Time since last: 4001820470 ns, Reaching safepoint: 304291 ns, At safepoint: 6081 ns, Total: 310372 ns
[2022-08-30T12:59:04.983+0000][7][safepoint   ] Safepoint "Cleanup", Time since last: 2000857832 ns, Reaching safepoint: 323657 ns, At safepoint: 3296 ns, Total: 326953 ns
[2022-08-30T12:59:07.985+0000][7][safepoint   ] Safepoint "Cleanup", Time since last: 3001081688 ns, Reaching safepoint: 570881 ns, At safepoint: 59191 ns, Total: 630072 ns
[2022-08-30T12:59:08.986+0000][7][safepoint   ] Safepoint "Cleanup", Time since last: 1000876229 ns, Reaching safepoint: 421271 ns, At safepoint: 50886 ns, Total: 472157 ns
[2022-08-30T12:59:21.723+0000][7][safepoint   ] Safepoint "Cleanup", Time since last: 12485862838 ns, Reaching safepoint: 404219 ns, At safepoint: 56195 ns, Total: 460414 ns
[2022-08-30T12:59:28.725+0000][7][safepoint   ] Safepoint "Cleanup", Time since last: 7001750908 ns, Reaching safepoint: 347763 ns, At safepoint: 54442 ns, Total: 402205 ns
[2022-08-30T12:59:38.728+0000][7][safepoint   ] Safepoint "Cleanup", Time since last: 10002202133 ns, Reaching safepoint: 329749 ns, At safepoint: 3386 ns, Total: 333135 ns
[2022-08-30T12:59:39.730+0000][7][safepoint   ] Safepoint "Cleanup", Time since last: 1001195008 ns, Reaching safepoint: 318397 ns, At safepoint: 52118 ns, Total: 370515 ns
[2022-08-30T12:59:51.483+0000][7][safepoint   ] Safepoint "Cleanup", Time since last: 12002520303 ns, Reaching safepoint: 336972 ns, At safepoint: 12093 ns, Total: 349065 ns
[2022-08-30T13:04:39.800+0000][7][safepoint   ] Safepoint "Cleanup", Time since last: 288315117563 ns, Reaching safepoint: 244860 ns, At safepoint: 3085 ns, Total: 247945 ns
[2022-08-30T13:04:42.669+0000][7][safepoint   ] Safepoint "Cleanup", Time since last: 1604019002 ns, Reaching safepoint: 563417 ns, At safepoint: 12263 ns, Total: 575680 ns
[2022-08-30T13:05:05.199+0000][7][safepoint   ] Safepoint "Cleanup", Time since last: 22528900896 ns, Reaching safepoint: 847920 ns, At safepoint: 28203 ns, Total: 876123 ns
[2022-08-30T13:05:08.236+0000][7][safepoint   ] Safepoint "Cleanup", Time since last: 3002658947 ns, Reaching safepoint: 34467065 ns, At safepoint: 81292 ns, Total: 34548357 ns
[2022-08-30T13:05:18.398+0000][7][safepoint   ] Safepoint "Cleanup", Time since last: 9615137190 ns, Reaching safepoint: 547442908 ns, At safepoint: 11251 ns, Total: 547454159 ns
[2022-08-30T13:05:35.303+0000][7][safepoint   ] Safepoint "Cleanup", Time since last: 19724698762 ns, Reaching safepoint: 217969 ns, At safepoint: 48210 ns, Total: 266179 ns
[2022-08-30T13:05:49.023+0000][7][safepoint   ] Safepoint "Cleanup", Time since last: 13720052150 ns, Reaching safepoint: 110687 ns, At safepoint: 1674 ns, Total: 112361 ns
[2022-08-30T13:06:04.919+0000][7][safepoint   ] Safepoint "Cleanup", Time since last: 14400667548 ns, Reaching safepoint: 270116 ns, At safepoint: 2215 ns, Total: 272331 ns
[2022-08-30T13:06:18.244+0000][7][safepoint   ] Safepoint "Cleanup", Time since last: 13325458431 ns, Reaching safepoint: 373822 ns, At safepoint: 5190 ns, Total: 379012 ns
[2022-08-30T13:06:43.497+0000][7][safepoint   ] Safepoint "Cleanup", Time since last: 25193321017 ns, Reaching safepoint: 158457 ns, At safepoint: 2515 ns, Total: 160972 ns
[2022-08-30T13:06:50.665+0000][7][gc,start    ] GC(43) Pause Young (Normal) (G1 Evacuation Pause)
[2022-08-30T13:06:50.666+0000][7][gc,task     ] GC(43) Using 6 workers of 6 for evacuation
[2022-08-30T13:06:51.948+0000][7][gc,age      ] GC(43) Desired survivor size 2097152 bytes, new threshold 15 (max threshold 15)
[2022-08-30T13:06:51.957+0000][7][gc,age      ] GC(43) Age table with threshold 15 (max threshold 15)
[2022-08-30T13:06:51.958+0000][7][gc,age      ] GC(43) - age   1:      66688 bytes,      66688 total
[2022-08-30T13:06:51.958+0000][7][gc,age      ] GC(43) - age   2:      91416 bytes,     158104 total
[2022-08-30T13:06:51.958+0000][7][gc,age      ] GC(43) - age   3:     347280 bytes,     505384 total
[2022-08-30T13:06:51.959+0000][7][gc,age      ] GC(43) - age   4:      20728 bytes,     526112 total
[2022-08-30T13:06:51.959+0000][7][gc,age      ] GC(43) - age   5:     194264 bytes,     720376 total
[2022-08-30T13:06:51.959+0000][7][gc,age      ] GC(43) - age   6:     370784 bytes,    1091160 total
[2022-08-30T13:06:51.959+0000][7][gc,age      ] GC(43) - age   7:     400104 bytes,    1491264 total
[2022-08-30T13:06:51.960+0000][7][gc,age      ] GC(43) - age   8:     396248 bytes,    1887512 total
[2022-08-30T13:06:51.960+0000][7][gc,phases   ] GC(43)   Pre Evacuate Collection Set: 1281.6ms
[2022-08-30T13:06:51.960+0000][7][gc,phases   ] GC(43)   Merge Heap Roots: 0.3ms
[2022-08-30T13:06:51.960+0000][7][gc,phases   ] GC(43)   Evacuate Collection Set: 6.3ms
[2022-08-30T13:06:51.961+0000][7][gc,phases   ] GC(43)   Post Evacuate Collection Set: 2.0ms
[2022-08-30T13:06:51.961+0000][7][gc,phases   ] GC(43)   Other: 4.4ms
[2022-08-30T13:06:51.961+0000][7][gc,heap     ] GC(43) Eden regions: 2->0(2)
[2022-08-30T13:06:51.961+0000][7][gc,heap     ] GC(43) Survivor regions: 1->1(1)
[2022-08-30T13:06:51.962+0000][7][gc,heap     ] GC(43) Old regions: 19->19
[2022-08-30T13:06:51.962+0000][7][gc,heap     ] GC(43) Archive regions: 2->2
[2022-08-30T13:06:51.962+0000][7][gc,heap     ] GC(43) Humongous regions: 2->2
[2022-08-30T13:06:51.963+0000][7][gc,metaspace] GC(43) Metaspace: 90465K(94760K)->90465K(94760K) NonClass: 78256K(81372K)->78256K(81372K) Class: 12209K(13388K)->12209K(13388K)
[2022-08-30T13:06:51.963+0000][7][gc          ] GC(43) Pause Young (Normal) (G1 Evacuation Pause) 96M->88M(256M) 1297.563ms
[2022-08-30T13:06:51.963+0000][7][gc,cpu      ] GC(43) User=0.97s Sys=0.35s Real=1.30s
[2022-08-30T13:06:51.964+0000][7][safepoint   ] Safepoint "G1CollectForAllocation", Time since last: 7168193188 ns, Reaching safepoint: 324249 ns, At safepoint: 1298376795 ns, Total: 1298701044 ns
[2022-08-30T13:06:52.965+0000][7][safepoint   ] Safepoint "Cleanup", Time since last: 1000594551 ns, Reaching safepoint: 338826 ns, At safepoint: 18645 ns, Total: 357471 ns
[2022-08-30T13:07:04.975+0000][7][safepoint   ] Safepoint "Cleanup", Time since last: 12008901673 ns, Reaching safepoint: 269495 ns, At safepoint: 7474 ns, Total: 276969 ns
[2022-08-30T13:07:34.980+0000][7][safepoint   ] Safepoint "Cleanup", Time since last: 30005803485 ns, Reaching safepoint: 370325 ns, At safepoint: 11291 ns, Total: 381616 ns
[2022-08-30T13:08:11.989+0000][7][safepoint   ] Safepoint "Cleanup", Time since last: 37006211825 ns, Reaching safepoint: 357220 ns, At safepoint: 52738 ns, Total: 409958 ns
[2022-08-30T13:08:17.993+0000][7][safepoint   ] Safepoint "Cleanup", Time since last: 6003543285 ns, Reaching safepoint: 301806 ns, At safepoint: 11923 ns, Total: 313729 ns
[2022-08-30T13:08:19.995+0000][7][safepoint   ] Safepoint "Cleanup", Time since last: 2001069789 ns, Reaching safepoint: 365335 ns, At safepoint: 40386 ns, Total: 405721 ns
[2022-08-30T13:08:20.286+0000][7][gc,heap,exit] Heap
[2022-08-30T13:08:20.286+0000][7][gc,heap,exit]  garbage-first heap   total 262144K, used 94811K [0x00000000f0000000, 0x0000000100000000)
[2022-08-30T13:08:20.287+0000][7][gc,heap,exit]   region size 4096K, 3 young (12288K), 1 survivors (4096K)
[2022-08-30T13:08:20.287+0000][7][gc,heap,exit]  Metaspace       used 90718K, capacity 94009K, committed 95016K, reserved 1130496K
[2022-08-30T13:08:20.287+0000][7][gc,heap,exit]   class space    used 12255K, capacity 13239K, committed 13388K, reserved 1048576K
