[2022-09-06T05:24:00.692+0000][7][gc] Using G1
[2022-09-06T05:24:00.847+0000][7][gc,init] Version: 15.0.1+9 (release)
[2022-09-06T05:24:00.847+0000][7][gc,init] CPUs: 6 total, 6 available
[2022-09-06T05:24:00.848+0000][7][gc,init] Memory: 5874M
[2022-09-06T05:24:00.848+0000][7][gc,init] Large Page Support: Disabled
[2022-09-06T05:24:00.848+0000][7][gc,init] NUMA Support: Disabled
[2022-09-06T05:24:00.849+0000][7][gc,init] Compressed Oops: Enabled (32-bit)
[2022-09-06T05:24:00.849+0000][7][gc,init] Heap Region Size: 4M
[2022-09-06T05:24:00.849+0000][7][gc,init] Heap Min Capacity: 256M
[2022-09-06T05:24:00.849+0000][7][gc,init] Heap Initial Capacity: 256M
[2022-09-06T05:24:00.850+0000][7][gc,init] Heap Max Capacity: 256M
[2022-09-06T05:24:00.850+0000][7][gc,init] Pre-touch: Enabled
[2022-09-06T05:24:00.850+0000][7][gc,init] Parallel Workers: 6
[2022-09-06T05:24:00.850+0000][7][gc,init] Concurrent Workers: 2
[2022-09-06T05:24:00.851+0000][7][gc,init] Concurrent Refinement Workers: 6
[2022-09-06T05:24:00.851+0000][7][gc,init] Periodic GC: Disabled
[2022-09-06T05:24:00.851+0000][7][gc,cds ] Mark closed archive regions in map: [0x00000000ffc00000, 0x00000000ffc7bff8]
[2022-09-06T05:24:00.852+0000][7][gc,cds ] Mark open archive regions in map: [0x00000000ffb00000, 0x00000000ffb51ff8]
[2022-09-06T05:24:00.852+0000][7][gc,metaspace] CDS archive(s) mapped at: [0x0000000800000000-0x0000000800b2a000-0x0000000800b2a000), size 11706368, SharedBaseAddress: 0x0000000800000000, ArchiveRelocationMode: 0.
[2022-09-06T05:24:00.853+0000][7][gc,metaspace] Compressed class space mapped at: 0x0000000800b2c000-0x0000000840b2c000, size: 1073741824
[2022-09-06T05:24:00.853+0000][7][gc,metaspace] Narrow klass base: 0x0000000800000000, Narrow klass shift: 3, Narrow klass range: 0x100000000
[2022-09-06T05:24:01.391+0000][7][gc,start    ] GC(0) Pause Young (Normal) (G1 Evacuation Pause)
[2022-09-06T05:24:01.393+0000][7][gc,task     ] GC(0) Using 6 workers of 6 for evacuation
[2022-09-06T05:24:01.393+0000][7][gc,age      ] GC(0) Desired survivor size 2097152 bytes, new threshold 15 (max threshold 15)
[2022-09-06T05:24:01.397+0000][7][gc,age      ] GC(0) Age table with threshold 15 (max threshold 15)
[2022-09-06T05:24:01.397+0000][7][gc,age      ] GC(0) - age   1:    3363496 bytes,    3363496 total
[2022-09-06T05:24:01.397+0000][7][gc,phases   ] GC(0)   Pre Evacuate Collection Set: 0.2ms
[2022-09-06T05:24:01.398+0000][7][gc,phases   ] GC(0)   Merge Heap Roots: 0.2ms
[2022-09-06T05:24:01.398+0000][7][gc,phases   ] GC(0)   Evacuate Collection Set: 2.0ms
[2022-09-06T05:24:01.398+0000][7][gc,phases   ] GC(0)   Post Evacuate Collection Set: 1.0ms
[2022-09-06T05:24:01.398+0000][7][gc,phases   ] GC(0)   Other: 2.9ms
[2022-09-06T05:24:01.399+0000][7][gc,heap     ] GC(0) Eden regions: 4->0(4)
[2022-09-06T05:24:01.399+0000][7][gc,heap     ] GC(0) Survivor regions: 0->1(1)
[2022-09-06T05:24:01.399+0000][7][gc,heap     ] GC(0) Old regions: 0->0
[2022-09-06T05:24:01.399+0000][7][gc,heap     ] GC(0) Archive regions: 2->2
[2022-09-06T05:24:01.400+0000][7][gc,heap     ] GC(0) Humongous regions: 0->0
[2022-09-06T05:24:01.400+0000][7][gc,metaspace] GC(0) Metaspace: 5119K(7680K)->5119K(7680K) NonClass: 4597K(6912K)->4597K(6912K) Class: 521K(768K)->521K(768K)
[2022-09-06T05:24:01.400+0000][7][gc          ] GC(0) Pause Young (Normal) (G1 Evacuation Pause) 19M->7M(256M) 9.215ms
[2022-09-06T05:24:01.401+0000][7][gc,cpu      ] GC(0) User=0.02s Sys=0.00s Real=0.01s
[2022-09-06T05:24:01.401+0000][7][safepoint   ] Safepoint "G1CollectForAllocation", Time since last: 529602361 ns, Reaching safepoint: 272080 ns, At safepoint: 9835098 ns, Total: 10107178 ns
[2022-09-06T05:24:02.430+0000][7][gc,start    ] GC(1) Pause Young (Normal) (G1 Evacuation Pause)
[2022-09-06T05:24:02.430+0000][7][gc,task     ] GC(1) Using 6 workers of 6 for evacuation
[2022-09-06T05:24:02.430+0000][7][gc,age      ] GC(1) Desired survivor size 2097152 bytes, new threshold 1 (max threshold 15)
[2022-09-06T05:24:02.435+0000][7][gc,age      ] GC(1) Age table with threshold 1 (max threshold 15)
[2022-09-06T05:24:02.436+0000][7][gc,age      ] GC(1) - age   1:    1292768 bytes,    1292768 total
[2022-09-06T05:24:02.436+0000][7][gc,phases   ] GC(1)   Pre Evacuate Collection Set: 0.2ms
[2022-09-06T05:24:02.436+0000][7][gc,phases   ] GC(1)   Merge Heap Roots: 0.2ms
[2022-09-06T05:24:02.437+0000][7][gc,phases   ] GC(1)   Evacuate Collection Set: 3.0ms
[2022-09-06T05:24:02.437+0000][7][gc,phases   ] GC(1)   Post Evacuate Collection Set: 1.0ms
[2022-09-06T05:24:02.437+0000][7][gc,phases   ] GC(1)   Other: 2.0ms
[2022-09-06T05:24:02.437+0000][7][gc,heap     ] GC(1) Eden regions: 4->0(10)
[2022-09-06T05:24:02.438+0000][7][gc,heap     ] GC(1) Survivor regions: 1->1(1)
[2022-09-06T05:24:02.438+0000][7][gc,heap     ] GC(1) Old regions: 0->1
[2022-09-06T05:24:02.438+0000][7][gc,heap     ] GC(1) Archive regions: 2->2
[2022-09-06T05:24:02.439+0000][7][gc,heap     ] GC(1) Humongous regions: 0->0
[2022-09-06T05:24:02.439+0000][7][gc,metaspace] GC(1) Metaspace: 9886K(10496K)->9886K(10496K) NonClass: 8720K(9216K)->8720K(9216K) Class: 1165K(1280K)->1165K(1280K)
[2022-09-06T05:24:02.439+0000][7][gc          ] GC(1) Pause Young (Normal) (G1 Evacuation Pause) 23M->8M(256M) 9.524ms
[2022-09-06T05:24:02.439+0000][7][gc,cpu      ] GC(1) User=0.02s Sys=0.00s Real=0.01s
[2022-09-06T05:24:02.440+0000][7][safepoint   ] Safepoint "G1CollectForAllocation", Time since last: 1028445726 ns, Reaching safepoint: 253345 ns, At safepoint: 10209631 ns, Total: 10462976 ns
[2022-09-06T05:24:03.290+0000][7][safepoint   ] Safepoint "ICBufferFull", Time since last: 850035675 ns, Reaching safepoint: 249488 ns, At safepoint: 30889 ns, Total: 280377 ns
[2022-09-06T05:24:03.583+0000][7][gc,start    ] GC(2) Pause Young (Normal) (G1 Evacuation Pause)
[2022-09-06T05:24:03.584+0000][7][gc,task     ] GC(2) Using 6 workers of 6 for evacuation
[2022-09-06T05:24:03.584+0000][7][gc,age      ] GC(2) Desired survivor size 4194304 bytes, new threshold 15 (max threshold 15)
[2022-09-06T05:24:03.590+0000][7][gc,age      ] GC(2) Age table with threshold 15 (max threshold 15)
[2022-09-06T05:24:03.590+0000][7][gc,age      ] GC(2) - age   1:    2440184 bytes,    2440184 total
[2022-09-06T05:24:03.591+0000][7][gc,age      ] GC(2) - age   2:    1244264 bytes,    3684448 total
[2022-09-06T05:24:03.591+0000][7][gc,phases   ] GC(2)   Pre Evacuate Collection Set: 0.1ms
[2022-09-06T05:24:03.591+0000][7][gc,phases   ] GC(2)   Merge Heap Roots: 0.1ms
[2022-09-06T05:24:03.591+0000][7][gc,phases   ] GC(2)   Evacuate Collection Set: 4.5ms
[2022-09-06T05:24:03.591+0000][7][gc,phases   ] GC(2)   Post Evacuate Collection Set: 1.4ms
[2022-09-06T05:24:03.591+0000][7][gc,phases   ] GC(2)   Other: 1.4ms
[2022-09-06T05:24:03.592+0000][7][gc,heap     ] GC(2) Eden regions: 10->0(34)
[2022-09-06T05:24:03.592+0000][7][gc,heap     ] GC(2) Survivor regions: 1->1(2)
[2022-09-06T05:24:03.592+0000][7][gc,heap     ] GC(2) Old regions: 1->1
[2022-09-06T05:24:03.592+0000][7][gc,heap     ] GC(2) Archive regions: 2->2
[2022-09-06T05:24:03.592+0000][7][gc,heap     ] GC(2) Humongous regions: 0->0
[2022-09-06T05:24:03.592+0000][7][gc,metaspace] GC(2) Metaspace: 14571K(14848K)->14571K(14848K) NonClass: 12884K(13056K)->12884K(13056K) Class: 1687K(1792K)->1687K(1792K)
[2022-09-06T05:24:03.593+0000][7][gc          ] GC(2) Pause Young (Normal) (G1 Evacuation Pause) 48M->10M(256M) 9.112ms
[2022-09-06T05:24:03.593+0000][7][gc,cpu      ] GC(2) User=0.01s Sys=0.00s Real=0.01s
[2022-09-06T05:24:03.593+0000][7][safepoint   ] Safepoint "G1CollectForAllocation", Time since last: 293102813 ns, Reaching safepoint: 169729 ns, At safepoint: 9493226 ns, Total: 9662955 ns
[2022-09-06T05:24:04.014+0000][7][safepoint   ] Safepoint "ICBufferFull", Time since last: 421394017 ns, Reaching safepoint: 180018 ns, At safepoint: 22913 ns, Total: 202931 ns
[2022-09-06T05:24:04.023+0000][7][safepoint   ] Safepoint "ICBufferFull", Time since last: 8537101 ns, Reaching safepoint: 129343 ns, At safepoint: 6162 ns, Total: 135505 ns
[2022-09-06T05:24:04.028+0000][7][safepoint   ] Safepoint "ICBufferFull", Time since last: 4907800 ns, Reaching safepoint: 160311 ns, At safepoint: 3947 ns, Total: 164258 ns
[2022-09-06T05:24:04.033+0000][7][safepoint   ] Safepoint "ICBufferFull", Time since last: 5116132 ns, Reaching safepoint: 171963 ns, At safepoint: 3737 ns, Total: 175700 ns
[2022-09-06T05:24:04.039+0000][7][safepoint   ] Safepoint "ICBufferFull", Time since last: 5169652 ns, Reaching safepoint: 81072 ns, At safepoint: 7163 ns, Total: 88235 ns
[2022-09-06T05:24:04.042+0000][7][safepoint   ] Safepoint "ICBufferFull", Time since last: 2949976 ns, Reaching safepoint: 87895 ns, At safepoint: 20719 ns, Total: 108614 ns
[2022-09-06T05:24:04.047+0000][7][safepoint   ] Safepoint "ICBufferFull", Time since last: 5044266 ns, Reaching safepoint: 161563 ns, At safepoint: 3016 ns, Total: 164579 ns
[2022-09-06T05:24:04.051+0000][7][safepoint   ] Safepoint "ICBufferFull", Time since last: 5709134 ns, Reaching safepoint: 164258 ns, At safepoint: 26380 ns, Total: 190638 ns
[2022-09-06T05:24:04.055+0000][7][safepoint   ] Safepoint "ICBufferFull", Time since last: 3732344 ns, Reaching safepoint: 220214 ns, At safepoint: 22903 ns, Total: 243117 ns
[2022-09-06T05:24:04.062+0000][7][safepoint   ] Safepoint "ICBufferFull", Time since last: 6776337 ns, Reaching safepoint: 77736 ns, At safepoint: 8295 ns, Total: 86031 ns
[2022-09-06T05:24:04.068+0000][7][safepoint   ] Safepoint "ICBufferFull", Time since last: 5092638 ns, Reaching safepoint: 187321 ns, At safepoint: 25979 ns, Total: 213300 ns
[2022-09-06T05:24:04.072+0000][7][safepoint   ] Safepoint "ICBufferFull", Time since last: 3732655 ns, Reaching safepoint: 144561 ns, At safepoint: 22212 ns, Total: 166773 ns
[2022-09-06T05:24:04.077+0000][7][safepoint   ] Safepoint "ICBufferFull", Time since last: 5592987 ns, Reaching safepoint: 111358 ns, At safepoint: 5601 ns, Total: 116959 ns
[2022-09-06T05:24:04.082+0000][7][safepoint   ] Safepoint "ICBufferFull", Time since last: 5124798 ns, Reaching safepoint: 105588 ns, At safepoint: 22422 ns, Total: 128010 ns
[2022-09-06T05:24:04.086+0000][7][safepoint   ] Safepoint "ICBufferFull", Time since last: 3484549 ns, Reaching safepoint: 89999 ns, At safepoint: 6392 ns, Total: 96391 ns
[2022-09-06T05:24:04.515+0000][7][gc,start    ] GC(3) Pause Young (Normal) (G1 Evacuation Pause)
[2022-09-06T05:24:04.515+0000][7][gc,task     ] GC(3) Using 6 workers of 6 for evacuation
[2022-09-06T05:24:04.515+0000][7][gc,age      ] GC(3) Desired survivor size 10485760 bytes, new threshold 15 (max threshold 15)
[2022-09-06T05:24:04.521+0000][7][gc,age      ] GC(3) Age table with threshold 15 (max threshold 15)
[2022-09-06T05:24:04.521+0000][7][gc,age      ] GC(3) - age   1:    3777024 bytes,    3777024 total
[2022-09-06T05:24:04.522+0000][7][gc,age      ] GC(3) - age   2:    2348088 bytes,    6125112 total
[2022-09-06T05:24:04.522+0000][7][gc,age      ] GC(3) - age   3:    1227792 bytes,    7352904 total
[2022-09-06T05:24:04.522+0000][7][gc,phases   ] GC(3)   Pre Evacuate Collection Set: 0.1ms
[2022-09-06T05:24:04.522+0000][7][gc,phases   ] GC(3)   Merge Heap Roots: 0.0ms
[2022-09-06T05:24:04.522+0000][7][gc,phases   ] GC(3)   Evacuate Collection Set: 4.6ms
[2022-09-06T05:24:04.522+0000][7][gc,phases   ] GC(3)   Post Evacuate Collection Set: 0.8ms
[2022-09-06T05:24:04.522+0000][7][gc,phases   ] GC(3)   Other: 1.7ms
[2022-09-06T05:24:04.523+0000][7][gc,heap     ] GC(3) Eden regions: 34->0(36)
[2022-09-06T05:24:04.523+0000][7][gc,heap     ] GC(3) Survivor regions: 1->2(5)
[2022-09-06T05:24:04.523+0000][7][gc,heap     ] GC(3) Old regions: 1->1
[2022-09-06T05:24:04.523+0000][7][gc,heap     ] GC(3) Archive regions: 2->2
[2022-09-06T05:24:04.523+0000][7][gc,heap     ] GC(3) Humongous regions: 0->0
[2022-09-06T05:24:04.523+0000][7][gc,metaspace] GC(3) Metaspace: 17990K(18432K)->17990K(18432K) NonClass: 15858K(16128K)->15858K(16128K) Class: 2132K(2304K)->2132K(2304K)
[2022-09-06T05:24:04.523+0000][7][gc          ] GC(3) Pause Young (Normal) (G1 Evacuation Pause) 146M->14M(256M) 8.733ms
[2022-09-06T05:24:04.524+0000][7][gc,cpu      ] GC(3) User=0.02s Sys=0.00s Real=0.01s
[2022-09-06T05:24:04.524+0000][7][safepoint   ] Safepoint "G1CollectForAllocation", Time since last: 428234645 ns, Reaching safepoint: 353423 ns, At safepoint: 9110828 ns, Total: 9464251 ns
[2022-09-06T05:24:04.862+0000][7][gc,start    ] GC(4) Pause Young (Normal) (G1 Evacuation Pause)
[2022-09-06T05:24:04.863+0000][7][gc,task     ] GC(4) Using 6 workers of 6 for evacuation
[2022-09-06T05:24:04.863+0000][7][gc,age      ] GC(4) Desired survivor size 10485760 bytes, new threshold 15 (max threshold 15)
[2022-09-06T05:24:04.869+0000][7][gc,age      ] GC(4) Age table with threshold 15 (max threshold 15)
[2022-09-06T05:24:04.870+0000][7][gc,age      ] GC(4) - age   1:    3381640 bytes,    3381640 total
[2022-09-06T05:24:04.870+0000][7][gc,age      ] GC(4) - age   2:    3284248 bytes,    6665888 total
[2022-09-06T05:24:04.870+0000][7][gc,age      ] GC(4) - age   3:    2348088 bytes,    9013976 total
[2022-09-06T05:24:04.870+0000][7][gc,age      ] GC(4) - age   4:    1227792 bytes,   10241768 total
[2022-09-06T05:24:04.871+0000][7][gc,phases   ] GC(4)   Pre Evacuate Collection Set: 0.1ms
[2022-09-06T05:24:04.871+0000][7][gc,phases   ] GC(4)   Merge Heap Roots: 0.1ms
[2022-09-06T05:24:04.871+0000][7][gc,phases   ] GC(4)   Evacuate Collection Set: 5.6ms
[2022-09-06T05:24:04.871+0000][7][gc,phases   ] GC(4)   Post Evacuate Collection Set: 0.6ms
[2022-09-06T05:24:04.872+0000][7][gc,phases   ] GC(4)   Other: 2.3ms
[2022-09-06T05:24:04.872+0000][7][gc,heap     ] GC(4) Eden regions: 36->0(35)
[2022-09-06T05:24:04.872+0000][7][gc,heap     ] GC(4) Survivor regions: 2->3(5)
[2022-09-06T05:24:04.872+0000][7][gc,heap     ] GC(4) Old regions: 1->1
[2022-09-06T05:24:04.872+0000][7][gc,heap     ] GC(4) Archive regions: 2->2
[2022-09-06T05:24:04.873+0000][7][gc,heap     ] GC(4) Humongous regions: 0->0
[2022-09-06T05:24:04.873+0000][7][gc,metaspace] GC(4) Metaspace: 18445K(19072K)->18445K(19072K) NonClass: 16254K(16640K)->16254K(16640K) Class: 2191K(2432K)->2191K(2432K)
[2022-09-06T05:24:04.873+0000][7][gc          ] GC(4) Pause Young (Normal) (G1 Evacuation Pause) 158M->17M(256M) 10.816ms
[2022-09-06T05:24:04.873+0000][7][gc,cpu      ] GC(4) User=0.02s Sys=0.01s Real=0.01s
[2022-09-06T05:24:04.873+0000][7][safepoint   ] Safepoint "G1CollectForAllocation", Time since last: 337926565 ns, Reaching safepoint: 279324 ns, At safepoint: 11312470 ns, Total: 11591794 ns
[2022-09-06T05:24:05.189+0000][7][gc,start    ] GC(5) Pause Young (Normal) (G1 Evacuation Pause)
[2022-09-06T05:24:05.189+0000][7][gc,task     ] GC(5) Using 6 workers of 6 for evacuation
[2022-09-06T05:24:05.189+0000][7][gc,age      ] GC(5) Desired survivor size 10485760 bytes, new threshold 15 (max threshold 15)
[2022-09-06T05:24:05.204+0000][7][gc,age      ] GC(5) Age table with threshold 15 (max threshold 15)
[2022-09-06T05:24:05.204+0000][7][gc,age      ] GC(5) - age   1:    1442256 bytes,    1442256 total
[2022-09-06T05:24:05.204+0000][7][gc,age      ] GC(5) - age   2:    1657584 bytes,    3099840 total
[2022-09-06T05:24:05.205+0000][7][gc,age      ] GC(5) - age   3:    3284192 bytes,    6384032 total
[2022-09-06T05:24:05.205+0000][7][gc,age      ] GC(5) - age   4:    2348088 bytes,    8732120 total
[2022-09-06T05:24:05.206+0000][7][gc,age      ] GC(5) - age   5:    1227792 bytes,    9959912 total
[2022-09-06T05:24:05.206+0000][7][gc,phases   ] GC(5)   Pre Evacuate Collection Set: 0.1ms
[2022-09-06T05:24:05.207+0000][7][gc,phases   ] GC(5)   Merge Heap Roots: 0.0ms
[2022-09-06T05:24:05.207+0000][7][gc,phases   ] GC(5)   Evacuate Collection Set: 7.5ms
[2022-09-06T05:24:05.207+0000][7][gc,phases   ] GC(5)   Post Evacuate Collection Set: 6.5ms
[2022-09-06T05:24:05.207+0000][7][gc,phases   ] GC(5)   Other: 3.2ms
[2022-09-06T05:24:05.207+0000][7][gc,heap     ] GC(5) Eden regions: 35->0(35)
[2022-09-06T05:24:05.207+0000][7][gc,heap     ] GC(5) Survivor regions: 3->3(5)
[2022-09-06T05:24:05.208+0000][7][gc,heap     ] GC(5) Old regions: 1->1
[2022-09-06T05:24:05.208+0000][7][gc,heap     ] GC(5) Archive regions: 2->2
[2022-09-06T05:24:05.208+0000][7][gc,heap     ] GC(5) Humongous regions: 0->0
[2022-09-06T05:24:05.208+0000][7][gc,metaspace] GC(5) Metaspace: 18844K(19712K)->18844K(19712K) NonClass: 16581K(17152K)->16581K(17152K) Class: 2263K(2560K)->2263K(2560K)
[2022-09-06T05:24:05.209+0000][7][gc          ] GC(5) Pause Young (Normal) (G1 Evacuation Pause) 157M->17M(256M) 19.565ms
[2022-09-06T05:24:05.209+0000][7][gc,cpu      ] GC(5) User=0.02s Sys=0.00s Real=0.02s
[2022-09-06T05:24:05.209+0000][7][safepoint   ] Safepoint "G1CollectForAllocation", Time since last: 315456514 ns, Reaching safepoint: 229120 ns, At safepoint: 20049307 ns, Total: 20278427 ns
[2022-09-06T05:24:05.603+0000][7][gc,start    ] GC(6) Pause Young (Normal) (G1 Evacuation Pause)
[2022-09-06T05:24:05.603+0000][7][gc,task     ] GC(6) Using 6 workers of 6 for evacuation
[2022-09-06T05:24:05.603+0000][7][gc,age      ] GC(6) Desired survivor size 10485760 bytes, new threshold 15 (max threshold 15)
[2022-09-06T05:24:05.621+0000][7][gc,age      ] GC(6) Age table with threshold 15 (max threshold 15)
[2022-09-06T05:24:05.621+0000][7][gc,age      ] GC(6) - age   1:    1444504 bytes,    1444504 total
[2022-09-06T05:24:05.627+0000][7][gc,age      ] GC(6) - age   2:    1217136 bytes,    2661640 total
[2022-09-06T05:24:05.627+0000][7][gc,age      ] GC(6) - age   3:    1657584 bytes,    4319224 total
[2022-09-06T05:24:05.627+0000][7][gc,age      ] GC(6) - age   4:    3283200 bytes,    7602424 total
[2022-09-06T05:24:05.628+0000][7][gc,age      ] GC(6) - age   5:    2348088 bytes,    9950512 total
[2022-09-06T05:24:05.628+0000][7][gc,age      ] GC(6) - age   6:    1227792 bytes,   11178304 total
[2022-09-06T05:24:05.628+0000][7][gc,phases   ] GC(6)   Pre Evacuate Collection Set: 0.1ms
[2022-09-06T05:24:05.639+0000][7][gc,phases   ] GC(6)   Merge Heap Roots: 0.1ms
[2022-09-06T05:24:05.640+0000][7][gc,phases   ] GC(6)   Evacuate Collection Set: 16.3ms
[2022-09-06T05:24:05.642+0000][7][gc,phases   ] GC(6)   Post Evacuate Collection Set: 0.8ms
[2022-09-06T05:24:05.642+0000][7][gc,phases   ] GC(6)   Other: 8.3ms
[2022-09-06T05:24:05.644+0000][7][gc,heap     ] GC(6) Eden regions: 35->0(35)
[2022-09-06T05:24:05.644+0000][7][gc,heap     ] GC(6) Survivor regions: 3->3(5)
[2022-09-06T05:24:05.645+0000][7][gc,heap     ] GC(6) Old regions: 1->1
[2022-09-06T05:24:05.645+0000][7][gc,heap     ] GC(6) Archive regions: 2->2
[2022-09-06T05:24:05.645+0000][7][gc,heap     ] GC(6) Humongous regions: 0->0
[2022-09-06T05:24:05.645+0000][7][gc,metaspace] GC(6) Metaspace: 19074K(19968K)->19074K(19968K) NonClass: 16791K(17408K)->16791K(17408K) Class: 2283K(2560K)->2283K(2560K)
[2022-09-06T05:24:05.645+0000][7][gc          ] GC(6) Pause Young (Normal) (G1 Evacuation Pause) 157M->18M(256M) 42.488ms
[2022-09-06T05:24:05.646+0000][7][gc,cpu      ] GC(6) User=0.08s Sys=0.00s Real=0.04s
[2022-09-06T05:24:05.646+0000][7][safepoint   ] Safepoint "G1CollectForAllocation", Time since last: 393407716 ns, Reaching safepoint: 387356 ns, At safepoint: 42896734 ns, Total: 43284090 ns
[2022-09-06T05:24:05.817+0000][7][gc,start    ] GC(7) Pause Young (Normal) (G1 Evacuation Pause)
[2022-09-06T05:24:05.817+0000][7][gc,task     ] GC(7) Using 6 workers of 6 for evacuation
[2022-09-06T05:24:05.817+0000][7][gc,age      ] GC(7) Desired survivor size 10485760 bytes, new threshold 6 (max threshold 15)
[2022-09-06T05:24:05.825+0000][7][gc,age      ] GC(7) Age table with threshold 6 (max threshold 15)
[2022-09-06T05:24:05.825+0000][7][gc,age      ] GC(7) - age   1:    1812360 bytes,    1812360 total
[2022-09-06T05:24:05.825+0000][7][gc,age      ] GC(7) - age   2:    1422144 bytes,    3234504 total
[2022-09-06T05:24:05.825+0000][7][gc,age      ] GC(7) - age   3:    1216440 bytes,    4450944 total
[2022-09-06T05:24:05.825+0000][7][gc,age      ] GC(7) - age   4:    1657584 bytes,    6108528 total
[2022-09-06T05:24:05.825+0000][7][gc,age      ] GC(7) - age   5:    3283200 bytes,    9391728 total
[2022-09-06T05:24:05.826+0000][7][gc,age      ] GC(7) - age   6:    2348088 bytes,   11739816 total
[2022-09-06T05:24:05.826+0000][7][gc,phases   ] GC(7)   Pre Evacuate Collection Set: 0.1ms
[2022-09-06T05:24:05.826+0000][7][gc,phases   ] GC(7)   Merge Heap Roots: 0.1ms
[2022-09-06T05:24:05.826+0000][7][gc,phases   ] GC(7)   Evacuate Collection Set: 6.0ms
[2022-09-06T05:24:05.826+0000][7][gc,phases   ] GC(7)   Post Evacuate Collection Set: 0.9ms
[2022-09-06T05:24:05.826+0000][7][gc,phases   ] GC(7)   Other: 1.9ms
[2022-09-06T05:24:05.826+0000][7][gc,heap     ] GC(7) Eden regions: 35->0(35)
[2022-09-06T05:24:05.827+0000][7][gc,heap     ] GC(7) Survivor regions: 3->3(5)
[2022-09-06T05:24:05.827+0000][7][gc,heap     ] GC(7) Old regions: 1->2
[2022-09-06T05:24:05.827+0000][7][gc,heap     ] GC(7) Archive regions: 2->2
[2022-09-06T05:24:05.827+0000][7][gc,heap     ] GC(7) Humongous regions: 0->0
[2022-09-06T05:24:05.827+0000][7][gc,metaspace] GC(7) Metaspace: 19333K(20224K)->19333K(20224K) NonClass: 17021K(17664K)->17021K(17664K) Class: 2311K(2560K)->2311K(2560K)
[2022-09-06T05:24:05.827+0000][7][gc          ] GC(7) Pause Young (Normal) (G1 Evacuation Pause) 158M->20M(256M) 10.341ms
[2022-09-06T05:24:05.827+0000][7][gc,cpu      ] GC(7) User=0.03s Sys=0.00s Real=0.01s
[2022-09-06T05:24:05.828+0000][7][safepoint   ] Safepoint "G1CollectForAllocation", Time since last: 170947386 ns, Reaching safepoint: 129723 ns, At safepoint: 10827029 ns, Total: 10956752 ns
[2022-09-06T05:24:05.974+0000][7][gc,start    ] GC(8) Pause Young (Normal) (G1 Evacuation Pause)
[2022-09-06T05:24:05.975+0000][7][gc,task     ] GC(8) Using 6 workers of 6 for evacuation
[2022-09-06T05:24:05.975+0000][7][gc,age      ] GC(8) Desired survivor size 10485760 bytes, new threshold 6 (max threshold 15)
[2022-09-06T05:24:05.981+0000][7][gc,age      ] GC(8) Age table with threshold 6 (max threshold 15)
[2022-09-06T05:24:05.981+0000][7][gc,age      ] GC(8) - age   1:     695592 bytes,     695592 total
[2022-09-06T05:24:05.982+0000][7][gc,age      ] GC(8) - age   2:     373720 bytes,    1069312 total
[2022-09-06T05:24:05.982+0000][7][gc,age      ] GC(8) - age   3:    1421720 bytes,    2491032 total
[2022-09-06T05:24:05.982+0000][7][gc,age      ] GC(8) - age   4:    1216120 bytes,    3707152 total
[2022-09-06T05:24:05.982+0000][7][gc,age      ] GC(8) - age   5:    1657520 bytes,    5364672 total
[2022-09-06T05:24:05.982+0000][7][gc,age      ] GC(8) - age   6:    3279280 bytes,    8643952 total
[2022-09-06T05:24:05.982+0000][7][gc,phases   ] GC(8)   Pre Evacuate Collection Set: 0.1ms
[2022-09-06T05:24:05.983+0000][7][gc,phases   ] GC(8)   Merge Heap Roots: 0.0ms
[2022-09-06T05:24:05.983+0000][7][gc,phases   ] GC(8)   Evacuate Collection Set: 5.3ms
[2022-09-06T05:24:05.983+0000][7][gc,phases   ] GC(8)   Post Evacuate Collection Set: 0.8ms
[2022-09-06T05:24:05.983+0000][7][gc,phases   ] GC(8)   Other: 2.0ms
[2022-09-06T05:24:05.983+0000][7][gc,heap     ] GC(8) Eden regions: 35->0(35)
[2022-09-06T05:24:05.983+0000][7][gc,heap     ] GC(8) Survivor regions: 3->3(5)
[2022-09-06T05:24:05.983+0000][7][gc,heap     ] GC(8) Old regions: 2->2
[2022-09-06T05:24:05.983+0000][7][gc,heap     ] GC(8) Archive regions: 2->2
[2022-09-06T05:24:05.983+0000][7][gc,heap     ] GC(8) Humongous regions: 0->0
[2022-09-06T05:24:05.984+0000][7][gc,metaspace] GC(8) Metaspace: 19468K(20480K)->19468K(20480K) NonClass: 17132K(17920K)->17132K(17920K) Class: 2336K(2560K)->2336K(2560K)
[2022-09-06T05:24:05.984+0000][7][gc          ] GC(8) Pause Young (Normal) (G1 Evacuation Pause) 160M->19M(256M) 9.587ms
[2022-09-06T05:24:05.984+0000][7][gc,cpu      ] GC(8) User=0.02s Sys=0.01s Real=0.01s
[2022-09-06T05:24:05.984+0000][7][safepoint   ] Safepoint "G1CollectForAllocation", Time since last: 146450222 ns, Reaching safepoint: 123642 ns, At safepoint: 10005919 ns, Total: 10129561 ns
[2022-09-06T05:24:06.151+0000][7][gc,start    ] GC(9) Pause Young (Normal) (G1 Evacuation Pause)
[2022-09-06T05:24:06.153+0000][7][gc,task     ] GC(9) Using 6 workers of 6 for evacuation
[2022-09-06T05:24:06.155+0000][7][gc,age      ] GC(9) Desired survivor size 10485760 bytes, new threshold 15 (max threshold 15)
[2022-09-06T05:24:06.164+0000][7][gc,age      ] GC(9) Age table with threshold 15 (max threshold 15)
[2022-09-06T05:24:06.164+0000][7][gc,age      ] GC(9) - age   1:    1653568 bytes,    1653568 total
[2022-09-06T05:24:06.165+0000][7][gc,age      ] GC(9) - age   2:     223752 bytes,    1877320 total
[2022-09-06T05:24:06.165+0000][7][gc,age      ] GC(9) - age   3:     373720 bytes,    2251040 total
[2022-09-06T05:24:06.165+0000][7][gc,age      ] GC(9) - age   4:    1421720 bytes,    3672760 total
[2022-09-06T05:24:06.165+0000][7][gc,age      ] GC(9) - age   5:    1216120 bytes,    4888880 total
[2022-09-06T05:24:06.165+0000][7][gc,age      ] GC(9) - age   6:    1657520 bytes,    6546400 total
[2022-09-06T05:24:06.165+0000][7][gc,age      ] GC(9) - age   7:    3279280 bytes,    9825680 total
[2022-09-06T05:24:06.166+0000][7][gc,phases   ] GC(9)   Pre Evacuate Collection Set: 0.1ms
[2022-09-06T05:24:06.166+0000][7][gc,phases   ] GC(9)   Merge Heap Roots: 0.0ms
[2022-09-06T05:24:06.166+0000][7][gc,phases   ] GC(9)   Evacuate Collection Set: 7.7ms
[2022-09-06T05:24:06.166+0000][7][gc,phases   ] GC(9)   Post Evacuate Collection Set: 0.6ms
[2022-09-06T05:24:06.166+0000][7][gc,phases   ] GC(9)   Other: 6.2ms
[2022-09-06T05:24:06.167+0000][7][gc,heap     ] GC(9) Eden regions: 35->0(35)
[2022-09-06T05:24:06.167+0000][7][gc,heap     ] GC(9) Survivor regions: 3->3(5)
[2022-09-06T05:24:06.167+0000][7][gc,heap     ] GC(9) Old regions: 2->2
[2022-09-06T05:24:06.167+0000][7][gc,heap     ] GC(9) Archive regions: 2->2
[2022-09-06T05:24:06.167+0000][7][gc,heap     ] GC(9) Humongous regions: 0->0
[2022-09-06T05:24:06.167+0000][7][gc,metaspace] GC(9) Metaspace: 19676K(20864K)->19676K(20864K) NonClass: 17300K(18176K)->17300K(18176K) Class: 2376K(2688K)->2376K(2688K)
[2022-09-06T05:24:06.168+0000][7][gc          ] GC(9) Pause Young (Normal) (G1 Evacuation Pause) 159M->20M(256M) 16.471ms
[2022-09-06T05:24:06.168+0000][7][gc,cpu      ] GC(9) User=0.04s Sys=0.00s Real=0.01s
[2022-09-06T05:24:06.168+0000][7][safepoint   ] Safepoint "G1CollectForAllocation", Time since last: 165702211 ns, Reaching safepoint: 1191967 ns, At safepoint: 16830326 ns, Total: 18022293 ns
[2022-09-06T05:24:06.591+0000][7][gc,start    ] GC(10) Pause Young (Normal) (G1 Evacuation Pause)
[2022-09-06T05:24:06.591+0000][7][gc,task     ] GC(10) Using 6 workers of 6 for evacuation
[2022-09-06T05:24:06.591+0000][7][gc,age      ] GC(10) Desired survivor size 10485760 bytes, new threshold 15 (max threshold 15)
[2022-09-06T05:24:06.610+0000][7][gc,age      ] GC(10) Age table with threshold 15 (max threshold 15)
[2022-09-06T05:24:06.612+0000][7][gc,age      ] GC(10) - age   1:     245608 bytes,     245608 total
[2022-09-06T05:24:06.612+0000][7][gc,age      ] GC(10) - age   2:     220712 bytes,     466320 total
[2022-09-06T05:24:06.612+0000][7][gc,age      ] GC(10) - age   3:     223600 bytes,     689920 total
[2022-09-06T05:24:06.617+0000][7][gc,age      ] GC(10) - age   4:     373720 bytes,    1063640 total
[2022-09-06T05:24:06.617+0000][7][gc,age      ] GC(10) - age   5:    1421720 bytes,    2485360 total
[2022-09-06T05:24:06.617+0000][7][gc,age      ] GC(10) - age   6:    1215448 bytes,    3700808 total
[2022-09-06T05:24:06.617+0000][7][gc,age      ] GC(10) - age   7:    1657232 bytes,    5358040 total
[2022-09-06T05:24:06.617+0000][7][gc,age      ] GC(10) - age   8:    3279152 bytes,    8637192 total
[2022-09-06T05:24:06.618+0000][7][gc,phases   ] GC(10)   Pre Evacuate Collection Set: 0.0ms
[2022-09-06T05:24:06.618+0000][7][gc,phases   ] GC(10)   Merge Heap Roots: 0.1ms
[2022-09-06T05:24:06.618+0000][7][gc,phases   ] GC(10)   Evacuate Collection Set: 8.7ms
[2022-09-06T05:24:06.618+0000][7][gc,phases   ] GC(10)   Post Evacuate Collection Set: 9.8ms
[2022-09-06T05:24:06.618+0000][7][gc,phases   ] GC(10)   Other: 8.3ms
[2022-09-06T05:24:06.619+0000][7][gc,heap     ] GC(10) Eden regions: 35->0(35)
[2022-09-06T05:24:06.619+0000][7][gc,heap     ] GC(10) Survivor regions: 3->3(5)
[2022-09-06T05:24:06.619+0000][7][gc,heap     ] GC(10) Old regions: 2->2
[2022-09-06T05:24:06.619+0000][7][gc,heap     ] GC(10) Archive regions: 2->2
[2022-09-06T05:24:06.619+0000][7][gc,heap     ] GC(10) Humongous regions: 0->0
[2022-09-06T05:24:06.619+0000][7][gc,metaspace] GC(10) Metaspace: 19730K(20864K)->19730K(20864K) NonClass: 17344K(18176K)->17344K(18176K) Class: 2386K(2688K)->2386K(2688K)
[2022-09-06T05:24:06.620+0000][7][gc          ] GC(10) Pause Young (Normal) (G1 Evacuation Pause) 160M->19M(256M) 28.821ms
[2022-09-06T05:24:06.620+0000][7][gc,cpu      ] GC(10) User=0.03s Sys=0.00s Real=0.02s
[2022-09-06T05:24:06.620+0000][7][safepoint   ] Safepoint "G1CollectForAllocation", Time since last: 422589851 ns, Reaching safepoint: 187582 ns, At safepoint: 29586174 ns, Total: 29773756 ns
[2022-09-06T05:24:06.979+0000][7][gc,start    ] GC(11) Pause Young (Normal) (G1 Evacuation Pause)
[2022-09-06T05:24:06.980+0000][7][gc,task     ] GC(11) Using 6 workers of 6 for evacuation
[2022-09-06T05:24:06.980+0000][7][gc,age      ] GC(11) Desired survivor size 10485760 bytes, new threshold 15 (max threshold 15)
[2022-09-06T05:24:06.987+0000][7][gc,age      ] GC(11) Age table with threshold 15 (max threshold 15)
[2022-09-06T05:24:06.988+0000][7][gc,age      ] GC(11) - age   1:    2354544 bytes,    2354544 total
[2022-09-06T05:24:06.988+0000][7][gc,age      ] GC(11) - age   2:     219808 bytes,    2574352 total
[2022-09-06T05:24:06.988+0000][7][gc,age      ] GC(11) - age   3:     220712 bytes,    2795064 total
[2022-09-06T05:24:06.988+0000][7][gc,age      ] GC(11) - age   4:     223600 bytes,    3018664 total
[2022-09-06T05:24:06.988+0000][7][gc,age      ] GC(11) - age   5:     373720 bytes,    3392384 total
[2022-09-06T05:24:06.988+0000][7][gc,age      ] GC(11) - age   6:    1420680 bytes,    4813064 total
[2022-09-06T05:24:06.989+0000][7][gc,age      ] GC(11) - age   7:    1215448 bytes,    6028512 total
[2022-09-06T05:24:06.989+0000][7][gc,age      ] GC(11) - age   8:    1657232 bytes,    7685744 total
[2022-09-06T05:24:06.989+0000][7][gc,age      ] GC(11) - age   9:    3279048 bytes,   10964792 total
[2022-09-06T05:24:06.989+0000][7][gc,phases   ] GC(11)   Pre Evacuate Collection Set: 1.6ms
[2022-09-06T05:24:06.989+0000][7][gc,phases   ] GC(11)   Merge Heap Roots: 0.1ms
[2022-09-06T05:24:06.990+0000][7][gc,phases   ] GC(11)   Evacuate Collection Set: 4.6ms
[2022-09-06T05:24:06.990+0000][7][gc,phases   ] GC(11)   Post Evacuate Collection Set: 1.0ms
[2022-09-06T05:24:06.990+0000][7][gc,phases   ] GC(11)   Other: 2.8ms
[2022-09-06T05:24:06.990+0000][7][gc,heap     ] GC(11) Eden regions: 35->0(35)
[2022-09-06T05:24:06.990+0000][7][gc,heap     ] GC(11) Survivor regions: 3->3(5)
[2022-09-06T05:24:06.990+0000][7][gc,heap     ] GC(11) Old regions: 2->2
[2022-09-06T05:24:06.990+0000][7][gc,heap     ] GC(11) Archive regions: 2->2
[2022-09-06T05:24:06.991+0000][7][gc,heap     ] GC(11) Humongous regions: 0->0
[2022-09-06T05:24:06.991+0000][7][gc,metaspace] GC(11) Metaspace: 19940K(21120K)->19940K(21120K) NonClass: 17517K(18432K)->17517K(18432K) Class: 2422K(2688K)->2422K(2688K)
[2022-09-06T05:24:06.991+0000][7][gc          ] GC(11) Pause Young (Normal) (G1 Evacuation Pause) 159M->21M(256M) 11.871ms
[2022-09-06T05:24:06.991+0000][7][gc,cpu      ] GC(11) User=0.02s Sys=0.00s Real=0.02s
[2022-09-06T05:24:06.992+0000][7][safepoint   ] Safepoint "G1CollectForAllocation", Time since last: 358733723 ns, Reaching safepoint: 206007 ns, At safepoint: 12310332 ns, Total: 12516339 ns
[2022-09-06T05:24:07.121+0000][7][gc,start    ] GC(12) Pause Young (Concurrent Start) (Metadata GC Threshold)
[2022-09-06T05:24:07.121+0000][7][gc,task     ] GC(12) Using 6 workers of 6 for evacuation
[2022-09-06T05:24:07.121+0000][7][gc,age      ] GC(12) Desired survivor size 10485760 bytes, new threshold 9 (max threshold 15)
[2022-09-06T05:24:07.127+0000][7][gc,age      ] GC(12) Age table with threshold 9 (max threshold 15)
[2022-09-06T05:24:07.127+0000][7][gc,age      ] GC(12) - age   1:     476264 bytes,     476264 total
[2022-09-06T05:24:07.128+0000][7][gc,age      ] GC(12) - age   2:    1413480 bytes,    1889744 total
[2022-09-06T05:24:07.128+0000][7][gc,age      ] GC(12) - age   3:     219200 bytes,    2108944 total
[2022-09-06T05:24:07.128+0000][7][gc,age      ] GC(12) - age   4:     220712 bytes,    2329656 total
[2022-09-06T05:24:07.128+0000][7][gc,age      ] GC(12) - age   5:     223536 bytes,    2553192 total
[2022-09-06T05:24:07.128+0000][7][gc,age      ] GC(12) - age   6:     373720 bytes,    2926912 total
[2022-09-06T05:24:07.129+0000][7][gc,age      ] GC(12) - age   7:    1420680 bytes,    4347592 total
[2022-09-06T05:24:07.129+0000][7][gc,age      ] GC(12) - age   8:    1215384 bytes,    5562976 total
[2022-09-06T05:24:07.129+0000][7][gc,age      ] GC(12) - age   9:    1657104 bytes,    7220080 total
[2022-09-06T05:24:07.129+0000][7][gc,phases   ] GC(12)   Pre Evacuate Collection Set: 0.1ms
[2022-09-06T05:24:07.129+0000][7][gc,phases   ] GC(12)   Merge Heap Roots: 0.1ms
[2022-09-06T05:24:07.129+0000][7][gc,phases   ] GC(12)   Evacuate Collection Set: 4.3ms
[2022-09-06T05:24:07.130+0000][7][gc,phases   ] GC(12)   Post Evacuate Collection Set: 0.6ms
[2022-09-06T05:24:07.130+0000][7][gc,phases   ] GC(12)   Other: 3.4ms
[2022-09-06T05:24:07.130+0000][7][gc,heap     ] GC(12) Eden regions: 16->0(36)
[2022-09-06T05:24:07.130+0000][7][gc,heap     ] GC(12) Survivor regions: 3->2(5)
[2022-09-06T05:24:07.130+0000][7][gc,heap     ] GC(12) Old regions: 2->3
[2022-09-06T05:24:07.130+0000][7][gc,heap     ] GC(12) Archive regions: 2->2
[2022-09-06T05:24:07.130+0000][7][gc,heap     ] GC(12) Humongous regions: 0->0
[2022-09-06T05:24:07.131+0000][7][gc,metaspace] GC(12) Metaspace: 20041K(21248K)->20041K(21248K) NonClass: 17603K(18432K)->17603K(18432K) Class: 2438K(2816K)->2438K(2816K)
[2022-09-06T05:24:07.131+0000][7][gc          ] GC(12) Pause Young (Concurrent Start) (Metadata GC Threshold) 85M->21M(256M) 10.610ms
[2022-09-06T05:24:07.131+0000][7][gc,cpu      ] GC(12) User=0.02s Sys=0.00s Real=0.01s
[2022-09-06T05:24:07.132+0000][7][gc          ] GC(13) Concurrent Cycle
[2022-09-06T05:24:07.132+0000][7][gc,marking  ] GC(13) Concurrent Clear Claimed Marks
[2022-09-06T05:24:07.132+0000][7][gc,marking  ] GC(13) Concurrent Clear Claimed Marks 0.221ms
[2022-09-06T05:24:07.133+0000][7][gc,marking  ] GC(13) Concurrent Scan Root Regions
[2022-09-06T05:24:07.135+0000][7][safepoint   ] Safepoint "CollectForMetadataAllocation", Time since last: 128822561 ns, Reaching safepoint: 217919 ns, At safepoint: 13979134 ns, Total: 14197053 ns
[2022-09-06T05:24:07.143+0000][7][gc,marking  ] GC(13) Concurrent Scan Root Regions 10.017ms
[2022-09-06T05:24:07.143+0000][7][gc,marking  ] GC(13) Concurrent Mark (6.526s)
[2022-09-06T05:24:07.143+0000][7][gc,marking  ] GC(13) Concurrent Mark From Roots
[2022-09-06T05:24:07.144+0000][7][gc,task     ] GC(13) Using 2 workers of 2 for marking
[2022-09-06T05:24:07.158+0000][7][gc,marking  ] GC(13) Concurrent Mark From Roots 14.194ms
[2022-09-06T05:24:07.158+0000][7][gc,marking  ] GC(13) Concurrent Preclean
[2022-09-06T05:24:07.158+0000][7][gc,marking  ] GC(13) Concurrent Preclean 0.265ms
[2022-09-06T05:24:07.158+0000][7][gc,marking  ] GC(13) Concurrent Mark (6.526s, 6.541s) 15.226ms
[2022-09-06T05:24:07.164+0000][7][gc,start    ] GC(13) Pause Remark
[2022-09-06T05:24:07.167+0000][7][gc          ] GC(13) Pause Remark 35M->35M(256M) 3.498ms
[2022-09-06T05:24:07.168+0000][7][gc,cpu      ] GC(13) User=0.00s Sys=0.00s Real=0.00s
[2022-09-06T05:24:07.168+0000][7][safepoint   ] Safepoint "G1Concurrent", Time since last: 25515565 ns, Reaching safepoint: 3894940 ns, At safepoint: 4066541 ns, Total: 7961481 ns
[2022-09-06T05:24:07.171+0000][7][gc,marking  ] GC(13) Concurrent Rebuild Remembered Sets
[2022-09-06T05:24:07.177+0000][7][gc,marking  ] GC(13) Concurrent Rebuild Remembered Sets 6.264ms
[2022-09-06T05:24:07.179+0000][7][gc,start    ] GC(13) Pause Cleanup
[2022-09-06T05:24:07.180+0000][7][gc          ] GC(13) Pause Cleanup 39M->39M(256M) 0.424ms
[2022-09-06T05:24:07.180+0000][7][gc,cpu      ] GC(13) User=0.00s Sys=0.00s Real=0.00s
[2022-09-06T05:24:07.180+0000][7][safepoint   ] Safepoint "G1Concurrent", Time since last: 10616103 ns, Reaching safepoint: 563087 ns, At safepoint: 708420 ns, Total: 1271507 ns
[2022-09-06T05:24:07.180+0000][7][gc,marking  ] GC(13) Concurrent Cleanup for Next Mark
[2022-09-06T05:24:07.181+0000][7][gc,marking  ] GC(13) Concurrent Cleanup for Next Mark 0.746ms
[2022-09-06T05:24:07.181+0000][7][gc          ] GC(13) Concurrent Cycle 49.587ms
[2022-09-06T05:24:07.855+0000][7][gc,start    ] GC(14) Pause Young (Normal) (G1 Evacuation Pause)
[2022-09-06T05:24:07.858+0000][7][gc,task     ] GC(14) Using 6 workers of 6 for evacuation
[2022-09-06T05:24:07.859+0000][7][gc,age      ] GC(14) Desired survivor size 10485760 bytes, new threshold 15 (max threshold 15)
[2022-09-06T05:24:07.882+0000][7][gc,age      ] GC(14) Age table with threshold 15 (max threshold 15)
[2022-09-06T05:24:07.883+0000][7][gc,age      ] GC(14) - age   1:     537224 bytes,     537224 total
[2022-09-06T05:24:07.887+0000][7][gc,age      ] GC(14) - age   2:     458144 bytes,     995368 total
[2022-09-06T05:24:07.888+0000][7][gc,age      ] GC(14) - age   3:    1413448 bytes,    2408816 total
[2022-09-06T05:24:07.889+0000][7][gc,age      ] GC(14) - age   4:     218208 bytes,    2627024 total
[2022-09-06T05:24:07.889+0000][7][gc,age      ] GC(14) - age   5:     220648 bytes,    2847672 total
[2022-09-06T05:24:07.889+0000][7][gc,age      ] GC(14) - age   6:     223536 bytes,    3071208 total
[2022-09-06T05:24:07.889+0000][7][gc,age      ] GC(14) - age   7:     373720 bytes,    3444928 total
[2022-09-06T05:24:07.889+0000][7][gc,age      ] GC(14) - age   8:    1420680 bytes,    4865608 total
[2022-09-06T05:24:07.890+0000][7][gc,age      ] GC(14) - age   9:    1215384 bytes,    6080992 total
[2022-09-06T05:24:07.891+0000][7][gc,age      ] GC(14) - age  10:    1657104 bytes,    7738096 total
[2022-09-06T05:24:07.891+0000][7][gc,phases   ] GC(14)   Pre Evacuate Collection Set: 2.3ms
[2022-09-06T05:24:07.891+0000][7][gc,phases   ] GC(14)   Merge Heap Roots: 0.2ms
[2022-09-06T05:24:07.891+0000][7][gc,phases   ] GC(14)   Evacuate Collection Set: 14.5ms
[2022-09-06T05:24:07.892+0000][7][gc,phases   ] GC(14)   Post Evacuate Collection Set: 1.7ms
[2022-09-06T05:24:07.892+0000][7][gc,phases   ] GC(14)   Other: 17.9ms
[2022-09-06T05:24:07.893+0000][7][gc,heap     ] GC(14) Eden regions: 36->0(36)
[2022-09-06T05:24:07.893+0000][7][gc,heap     ] GC(14) Survivor regions: 2->2(5)
[2022-09-06T05:24:07.894+0000][7][gc,heap     ] GC(14) Old regions: 3->3
[2022-09-06T05:24:07.894+0000][7][gc,heap     ] GC(14) Archive regions: 2->2
[2022-09-06T05:24:07.895+0000][7][gc,heap     ] GC(14) Humongous regions: 0->0
[2022-09-06T05:24:07.895+0000][7][gc,metaspace] GC(14) Metaspace: 20121K(21504K)->20121K(21504K) NonClass: 17665K(18688K)->17665K(18688K) Class: 2456K(2816K)->2456K(2816K)
[2022-09-06T05:24:07.895+0000][7][gc          ] GC(14) Pause Young (Normal) (G1 Evacuation Pause) 165M->21M(256M) 40.885ms
[2022-09-06T05:24:07.896+0000][7][gc,cpu      ] GC(14) User=0.02s Sys=0.00s Real=0.04s
[2022-09-06T05:24:07.910+0000][7][safepoint   ] Safepoint "G1CollectForAllocation", Time since last: 674339878 ns, Reaching safepoint: 193042 ns, At safepoint: 55578384 ns, Total: 55771426 ns
[2022-09-06T05:24:08.051+0000][7][gc,start    ] GC(15) Pause Young (Normal) (G1 Evacuation Pause)
[2022-09-06T05:24:08.051+0000][7][gc,task     ] GC(15) Using 6 workers of 6 for evacuation
[2022-09-06T05:24:08.051+0000][7][gc,age      ] GC(15) Desired survivor size 10485760 bytes, new threshold 15 (max threshold 15)
[2022-09-06T05:24:08.055+0000][7][gc,age      ] GC(15) Age table with threshold 15 (max threshold 15)
[2022-09-06T05:24:08.056+0000][7][gc,age      ] GC(15) - age   1:     844384 bytes,     844384 total
[2022-09-06T05:24:08.056+0000][7][gc,age      ] GC(15) - age   2:     506688 bytes,    1351072 total
[2022-09-06T05:24:08.056+0000][7][gc,age      ] GC(15) - age   3:     458144 bytes,    1809216 total
[2022-09-06T05:24:08.056+0000][7][gc,age      ] GC(15) - age   4:    1413448 bytes,    3222664 total
[2022-09-06T05:24:08.056+0000][7][gc,age      ] GC(15) - age   5:     217992 bytes,    3440656 total
[2022-09-06T05:24:08.057+0000][7][gc,age      ] GC(15) - age   6:     220648 bytes,    3661304 total
[2022-09-06T05:24:08.057+0000][7][gc,age      ] GC(15) - age   7:     222992 bytes,    3884296 total
[2022-09-06T05:24:08.057+0000][7][gc,age      ] GC(15) - age   8:     373720 bytes,    4258016 total
[2022-09-06T05:24:08.057+0000][7][gc,age      ] GC(15) - age   9:    1420680 bytes,    5678696 total
[2022-09-06T05:24:08.058+0000][7][gc,age      ] GC(15) - age  10:    1215384 bytes,    6894080 total
[2022-09-06T05:24:08.058+0000][7][gc,age      ] GC(15) - age  11:    1657104 bytes,    8551184 total
[2022-09-06T05:24:08.058+0000][7][gc,phases   ] GC(15)   Pre Evacuate Collection Set: 0.2ms
[2022-09-06T05:24:08.058+0000][7][gc,phases   ] GC(15)   Merge Heap Roots: 0.1ms
[2022-09-06T05:24:08.058+0000][7][gc,phases   ] GC(15)   Evacuate Collection Set: 2.9ms
[2022-09-06T05:24:08.059+0000][7][gc,phases   ] GC(15)   Post Evacuate Collection Set: 0.7ms
[2022-09-06T05:24:08.059+0000][7][gc,phases   ] GC(15)   Other: 3.5ms
[2022-09-06T05:24:08.059+0000][7][gc,heap     ] GC(15) Eden regions: 36->0(35)
[2022-09-06T05:24:08.059+0000][7][gc,heap     ] GC(15) Survivor regions: 2->3(5)
[2022-09-06T05:24:08.059+0000][7][gc,heap     ] GC(15) Old regions: 3->3
[2022-09-06T05:24:08.059+0000][7][gc,heap     ] GC(15) Archive regions: 2->2
[2022-09-06T05:24:08.059+0000][7][gc,heap     ] GC(15) Humongous regions: 0->0
[2022-09-06T05:24:08.060+0000][7][gc,metaspace] GC(15) Metaspace: 20137K(21504K)->20137K(21504K) NonClass: 17678K(18688K)->17678K(18688K) Class: 2459K(2816K)->2459K(2816K)
[2022-09-06T05:24:08.060+0000][7][gc          ] GC(15) Pause Young (Normal) (G1 Evacuation Pause) 165M->22M(256M) 9.071ms
[2022-09-06T05:24:08.061+0000][7][gc,cpu      ] GC(15) User=0.00s Sys=0.01s Real=0.01s
[2022-09-06T05:24:08.061+0000][7][safepoint   ] Safepoint "G1CollectForAllocation", Time since last: 140502711 ns, Reaching safepoint: 74540 ns, At safepoint: 10253863 ns, Total: 10328403 ns
[2022-09-06T05:24:09.258+0000][7][gc,start    ] GC(16) Pause Young (Normal) (G1 Evacuation Pause)
[2022-09-06T05:24:09.258+0000][7][gc,task     ] GC(16) Using 6 workers of 6 for evacuation
[2022-09-06T05:24:09.259+0000][7][gc,age      ] GC(16) Desired survivor size 10485760 bytes, new threshold 15 (max threshold 15)
[2022-09-06T05:24:09.267+0000][7][gc,age      ] GC(16) Age table with threshold 15 (max threshold 15)
[2022-09-06T05:24:09.267+0000][7][gc,age      ] GC(16) - age   1:    1112640 bytes,    1112640 total
[2022-09-06T05:24:09.267+0000][7][gc,age      ] GC(16) - age   2:     143400 bytes,    1256040 total
[2022-09-06T05:24:09.267+0000][7][gc,age      ] GC(16) - age   3:     506248 bytes,    1762288 total
[2022-09-06T05:24:09.267+0000][7][gc,age      ] GC(16) - age   4:     456128 bytes,    2218416 total
[2022-09-06T05:24:09.267+0000][7][gc,age      ] GC(16) - age   5:    1413360 bytes,    3631776 total
[2022-09-06T05:24:09.268+0000][7][gc,age      ] GC(16) - age   6:     217848 bytes,    3849624 total
[2022-09-06T05:24:09.268+0000][7][gc,age      ] GC(16) - age   7:     220648 bytes,    4070272 total
[2022-09-06T05:24:09.268+0000][7][gc,age      ] GC(16) - age   8:     222992 bytes,    4293264 total
[2022-09-06T05:24:09.268+0000][7][gc,age      ] GC(16) - age   9:     373520 bytes,    4666784 total
[2022-09-06T05:24:09.268+0000][7][gc,age      ] GC(16) - age  10:    1420384 bytes,    6087168 total
[2022-09-06T05:24:09.268+0000][7][gc,age      ] GC(16) - age  11:    1215048 bytes,    7302216 total
[2022-09-06T05:24:09.268+0000][7][gc,age      ] GC(16) - age  12:    1656624 bytes,    8958840 total
[2022-09-06T05:24:09.268+0000][7][gc,phases   ] GC(16)   Pre Evacuate Collection Set: 0.1ms
[2022-09-06T05:24:09.269+0000][7][gc,phases   ] GC(16)   Merge Heap Roots: 0.0ms
[2022-09-06T05:24:09.269+0000][7][gc,phases   ] GC(16)   Evacuate Collection Set: 7.0ms
[2022-09-06T05:24:09.269+0000][7][gc,phases   ] GC(16)   Post Evacuate Collection Set: 0.8ms
[2022-09-06T05:24:09.269+0000][7][gc,phases   ] GC(16)   Other: 3.0ms
[2022-09-06T05:24:09.269+0000][7][gc,heap     ] GC(16) Eden regions: 35->0(35)
[2022-09-06T05:24:09.269+0000][7][gc,heap     ] GC(16) Survivor regions: 3->3(5)
[2022-09-06T05:24:09.269+0000][7][gc,heap     ] GC(16) Old regions: 3->3
[2022-09-06T05:24:09.270+0000][7][gc,heap     ] GC(16) Archive regions: 2->2
[2022-09-06T05:24:09.270+0000][7][gc,heap     ] GC(16) Humongous regions: 0->0
[2022-09-06T05:24:09.270+0000][7][gc,metaspace] GC(16) Metaspace: 23077K(24448K)->23077K(24448K) NonClass: 20235K(21248K)->20235K(21248K) Class: 2842K(3200K)->2842K(3200K)
[2022-09-06T05:24:09.270+0000][7][gc          ] GC(16) Pause Young (Normal) (G1 Evacuation Pause) 162M->22M(256M) 12.472ms
[2022-09-06T05:24:09.270+0000][7][gc,cpu      ] GC(16) User=0.02s Sys=0.00s Real=0.02s
[2022-09-06T05:24:09.270+0000][7][safepoint   ] Safepoint "G1CollectForAllocation", Time since last: 1196308473 ns, Reaching safepoint: 460694 ns, At safepoint: 12770376 ns, Total: 13231070 ns
[2022-09-06T05:24:10.639+0000][7][safepoint   ] Safepoint "Cleanup", Time since last: 1367791695 ns, Reaching safepoint: 1153745 ns, At safepoint: 13105 ns, Total: 1166850 ns
[2022-09-06T05:24:11.644+0000][7][safepoint   ] Safepoint "Cleanup", Time since last: 1003809031 ns, Reaching safepoint: 330961 ns, At safepoint: 11321 ns, Total: 342282 ns
[2022-09-06T05:24:11.777+0000][7][gc,start    ] GC(17) Pause Young (Normal) (G1 Evacuation Pause)
[2022-09-06T05:24:11.777+0000][7][gc,task     ] GC(17) Using 6 workers of 6 for evacuation
[2022-09-06T05:24:11.777+0000][7][gc,age      ] GC(17) Desired survivor size 10485760 bytes, new threshold 15 (max threshold 15)
[2022-09-06T05:24:11.842+0000][7][gc,age      ] GC(17) Age table with threshold 15 (max threshold 15)
[2022-09-06T05:24:11.842+0000][7][gc,age      ] GC(17) - age   1:   11818232 bytes,   11818232 total
[2022-09-06T05:24:11.843+0000][7][gc,age      ] GC(17) - age   2:    1051672 bytes,   12869904 total
[2022-09-06T05:24:11.843+0000][7][gc,age      ] GC(17) - age   3:     143400 bytes,   13013304 total
[2022-09-06T05:24:11.843+0000][7][gc,age      ] GC(17) - age   4:     506120 bytes,   13519424 total
[2022-09-06T05:24:11.843+0000][7][gc,age      ] GC(17) - age   5:     455512 bytes,   13974936 total
[2022-09-06T05:24:11.843+0000][7][gc,age      ] GC(17) - age   6:    1411792 bytes,   15386728 total
[2022-09-06T05:24:11.843+0000][7][gc,age      ] GC(17) - age   7:     217424 bytes,   15604152 total
[2022-09-06T05:24:11.844+0000][7][gc,age      ] GC(17) - age   8:     220264 bytes,   15824416 total
[2022-09-06T05:24:11.844+0000][7][gc,age      ] GC(17) - age   9:     216072 bytes,   16040488 total
[2022-09-06T05:24:11.844+0000][7][gc,age      ] GC(17) - age  10:     371064 bytes,   16411552 total
[2022-09-06T05:24:11.844+0000][7][gc,age      ] GC(17) - age  11:    1418056 bytes,   17829608 total
[2022-09-06T05:24:11.844+0000][7][gc,age      ] GC(17) - age  12:    1213768 bytes,   19043376 total
[2022-09-06T05:24:11.844+0000][7][gc,age      ] GC(17) - age  13:    1650152 bytes,   20693528 total
[2022-09-06T05:24:11.844+0000][7][gc,phases   ] GC(17)   Pre Evacuate Collection Set: 0.1ms
[2022-09-06T05:24:11.845+0000][7][gc,phases   ] GC(17)   Merge Heap Roots: 0.0ms
[2022-09-06T05:24:11.845+0000][7][gc,phases   ] GC(17)   Evacuate Collection Set: 52.3ms
[2022-09-06T05:24:11.845+0000][7][gc,phases   ] GC(17)   Post Evacuate Collection Set: 11.8ms
[2022-09-06T05:24:11.845+0000][7][gc,phases   ] GC(17)   Other: 3.5ms
[2022-09-06T05:24:11.845+0000][7][gc,heap     ] GC(17) Eden regions: 35->0(33)
[2022-09-06T05:24:11.845+0000][7][gc,heap     ] GC(17) Survivor regions: 3->5(5)
[2022-09-06T05:24:11.846+0000][7][gc,heap     ] GC(17) Old regions: 3->4
[2022-09-06T05:24:11.846+0000][7][gc,heap     ] GC(17) Archive regions: 2->2
[2022-09-06T05:24:11.846+0000][7][gc,heap     ] GC(17) Humongous regions: 0->0
[2022-09-06T05:24:11.846+0000][7][gc,metaspace] GC(17) Metaspace: 30134K(32256K)->30134K(32256K) NonClass: 26373K(27904K)->26373K(27904K) Class: 3760K(4352K)->3760K(4352K)
[2022-09-06T05:24:11.846+0000][7][gc          ] GC(17) Pause Young (Normal) (G1 Evacuation Pause) 162M->39M(256M) 69.429ms
[2022-09-06T05:24:11.846+0000][7][gc,cpu      ] GC(17) User=0.17s Sys=0.01s Real=0.07s
[2022-09-06T05:24:11.847+0000][7][safepoint   ] Safepoint "G1CollectForAllocation", Time since last: 133038302 ns, Reaching safepoint: 177954 ns, At safepoint: 69874442 ns, Total: 70052396 ns
[2022-09-06T05:24:12.849+0000][7][safepoint   ] Safepoint "Cleanup", Time since last: 1000308502 ns, Reaching safepoint: 1742079 ns, At safepoint: 13516 ns, Total: 1755595 ns
[2022-09-06T05:24:12.941+0000][7][gc,start    ] GC(18) Pause Young (Normal) (G1 Evacuation Pause)
[2022-09-06T05:24:12.941+0000][7][gc,task     ] GC(18) Using 6 workers of 6 for evacuation
[2022-09-06T05:24:12.942+0000][7][gc,age      ] GC(18) Desired survivor size 10485760 bytes, new threshold 1 (max threshold 15)
[2022-09-06T05:24:12.980+0000][7][gc,age      ] GC(18) Age table with threshold 1 (max threshold 15)
[2022-09-06T05:24:12.981+0000][7][gc,age      ] GC(18) - age   1:   19340280 bytes,   19340280 total
[2022-09-06T05:24:12.981+0000][7][gc,phases   ] GC(18)   Pre Evacuate Collection Set: 0.1ms
[2022-09-06T05:24:12.981+0000][7][gc,phases   ] GC(18)   Merge Heap Roots: 0.1ms
[2022-09-06T05:24:12.981+0000][7][gc,phases   ] GC(18)   Evacuate Collection Set: 36.7ms
[2022-09-06T05:24:12.982+0000][7][gc,phases   ] GC(18)   Post Evacuate Collection Set: 1.7ms
[2022-09-06T05:24:12.982+0000][7][gc,phases   ] GC(18)   Other: 1.8ms
[2022-09-06T05:24:12.982+0000][7][gc,heap     ] GC(18) Eden regions: 33->0(30)
[2022-09-06T05:24:12.982+0000][7][gc,heap     ] GC(18) Survivor regions: 5->5(5)
[2022-09-06T05:24:12.982+0000][7][gc,heap     ] GC(18) Old regions: 4->9
[2022-09-06T05:24:12.982+0000][7][gc,heap     ] GC(18) Archive regions: 2->2
[2022-09-06T05:24:12.983+0000][7][gc,heap     ] GC(18) Humongous regions: 0->0
[2022-09-06T05:24:12.983+0000][7][gc,metaspace] GC(18) Metaspace: 33178K(35712K)->33178K(35712K) NonClass: 28911K(30720K)->28911K(30720K) Class: 4266K(4992K)->4266K(4992K)
[2022-09-06T05:24:12.983+0000][7][gc          ] GC(18) Pause Young (Normal) (G1 Evacuation Pause) 171M->59M(256M) 42.326ms
[2022-09-06T05:24:12.983+0000][7][gc,cpu      ] GC(18) User=0.09s Sys=0.00s Real=0.04s
[2022-09-06T05:24:12.984+0000][7][safepoint   ] Safepoint "G1CollectForAllocation", Time since last: 91395431 ns, Reaching safepoint: 610556 ns, At safepoint: 42887396 ns, Total: 43497952 ns
[2022-09-06T05:24:13.067+0000][7][gc,start    ] GC(19) Pause Young (Concurrent Start) (Metadata GC Threshold)
[2022-09-06T05:24:13.068+0000][7][gc,task     ] GC(19) Using 6 workers of 6 for evacuation
[2022-09-06T05:24:13.068+0000][7][gc,age      ] GC(19) Desired survivor size 10485760 bytes, new threshold 1 (max threshold 15)
[2022-09-06T05:24:13.086+0000][7][gc,age      ] GC(19) Age table with threshold 1 (max threshold 15)
[2022-09-06T05:24:13.086+0000][7][gc,age      ] GC(19) - age   1:     447168 bytes,     447168 total
[2022-09-06T05:24:13.087+0000][7][gc,phases   ] GC(19)   Pre Evacuate Collection Set: 0.2ms
[2022-09-06T05:24:13.087+0000][7][gc,phases   ] GC(19)   Merge Heap Roots: 0.1ms
[2022-09-06T05:24:13.087+0000][7][gc,phases   ] GC(19)   Evacuate Collection Set: 17.1ms
[2022-09-06T05:24:13.087+0000][7][gc,phases   ] GC(19)   Post Evacuate Collection Set: 0.6ms
[2022-09-06T05:24:13.087+0000][7][gc,phases   ] GC(19)   Other: 1.5ms
[2022-09-06T05:24:13.088+0000][7][gc,heap     ] GC(19) Eden regions: 3->0(30)
[2022-09-06T05:24:13.088+0000][7][gc,heap     ] GC(19) Survivor regions: 5->1(5)
[2022-09-06T05:24:13.088+0000][7][gc,heap     ] GC(19) Old regions: 9->14
[2022-09-06T05:24:13.088+0000][7][gc,heap     ] GC(19) Archive regions: 2->2
[2022-09-06T05:24:13.090+0000][7][gc,heap     ] GC(19) Humongous regions: 0->0
[2022-09-06T05:24:13.090+0000][7][gc,metaspace] GC(19) Metaspace: 33543K(35840K)->33543K(35840K) NonClass: 29213K(30848K)->29213K(30848K) Class: 4330K(4992K)->4330K(4992K)
[2022-09-06T05:24:13.090+0000][7][gc          ] GC(19) Pause Young (Concurrent Start) (Metadata GC Threshold) 69M->61M(256M) 22.897ms
[2022-09-06T05:24:13.090+0000][7][gc,cpu      ] GC(19) User=0.04s Sys=0.00s Real=0.03s
[2022-09-06T05:24:13.091+0000][7][gc          ] GC(20) Concurrent Cycle
[2022-09-06T05:24:13.091+0000][7][gc,marking  ] GC(20) Concurrent Clear Claimed Marks
[2022-09-06T05:24:13.091+0000][7][gc,marking  ] GC(20) Concurrent Clear Claimed Marks 0.225ms
[2022-09-06T05:24:13.091+0000][7][gc,marking  ] GC(20) Concurrent Scan Root Regions
[2022-09-06T05:24:13.094+0000][7][safepoint   ] Safepoint "CollectForMetadataAllocation", Time since last: 83578091 ns, Reaching safepoint: 128822 ns, At safepoint: 27145924 ns, Total: 27274746 ns
[2022-09-06T05:24:13.102+0000][7][gc,marking  ] GC(20) Concurrent Scan Root Regions 10.648ms
[2022-09-06T05:24:13.102+0000][7][gc,marking  ] GC(20) Concurrent Mark (12.485s)
[2022-09-06T05:24:13.103+0000][7][gc,marking  ] GC(20) Concurrent Mark From Roots
[2022-09-06T05:24:13.103+0000][7][gc,task     ] GC(20) Using 2 workers of 2 for marking
[2022-09-06T05:24:13.152+0000][7][safepoint   ] Safepoint "CollectForMetadataAllocation", Time since last: 53099130 ns, Reaching safepoint: 221196 ns, At safepoint: 4418452 ns, Total: 4639648 ns
[2022-09-06T05:24:13.165+0000][7][gc,marking  ] GC(20) Concurrent Mark From Roots 62.834ms
[2022-09-06T05:24:13.166+0000][7][gc,marking  ] GC(20) Concurrent Preclean
[2022-09-06T05:24:13.166+0000][7][gc,marking  ] GC(20) Concurrent Preclean 0.372ms
[2022-09-06T05:24:13.166+0000][7][gc,marking  ] GC(20) Concurrent Mark (12.485s, 12.549s) 64.023ms
[2022-09-06T05:24:13.167+0000][7][gc,start    ] GC(20) Pause Remark
[2022-09-06T05:24:13.181+0000][7][gc          ] GC(20) Pause Remark 63M->63M(256M) 14.201ms
[2022-09-06T05:24:13.182+0000][7][gc,cpu      ] GC(20) User=0.03s Sys=0.00s Real=0.02s
[2022-09-06T05:24:13.182+0000][7][safepoint   ] Safepoint "G1Concurrent", Time since last: 14443556 ns, Reaching safepoint: 427412 ns, At safepoint: 14849568 ns, Total: 15276980 ns
[2022-09-06T05:24:13.189+0000][7][gc,marking  ] GC(20) Concurrent Rebuild Remembered Sets
[2022-09-06T05:24:13.229+0000][7][gc,marking  ] GC(20) Concurrent Rebuild Remembered Sets 40.521ms
[2022-09-06T05:24:13.244+0000][7][gc,start    ] GC(20) Pause Cleanup
[2022-09-06T05:24:13.244+0000][7][gc          ] GC(20) Pause Cleanup 67M->67M(256M) 0.498ms
[2022-09-06T05:24:13.244+0000][7][gc,cpu      ] GC(20) User=0.00s Sys=0.00s Real=0.00s
[2022-09-06T05:24:13.245+0000][7][safepoint   ] Safepoint "G1Concurrent", Time since last: 61132056 ns, Reaching safepoint: 576142 ns, At safepoint: 936337 ns, Total: 1512479 ns
[2022-09-06T05:24:13.250+0000][7][gc,marking  ] GC(20) Concurrent Cleanup for Next Mark
[2022-09-06T05:24:13.261+0000][7][gc,marking  ] GC(20) Concurrent Cleanup for Next Mark 10.407ms
[2022-09-06T05:24:13.270+0000][7][gc          ] GC(20) Concurrent Cycle 179.462ms
[2022-09-06T05:24:13.570+0000][7][gc,start    ] GC(21) Pause Young (Concurrent Start) (G1 Evacuation Pause)
[2022-09-06T05:24:13.570+0000][7][gc,task     ] GC(21) Using 6 workers of 6 for evacuation
[2022-09-06T05:24:13.570+0000][7][gc,age      ] GC(21) Desired survivor size 8388608 bytes, new threshold 15 (max threshold 15)
[2022-09-06T05:24:13.576+0000][7][gc,age      ] GC(21) Age table with threshold 15 (max threshold 15)
[2022-09-06T05:24:13.576+0000][7][gc,age      ] GC(21) - age   1:    1662200 bytes,    1662200 total
[2022-09-06T05:24:13.576+0000][7][gc,age      ] GC(21) - age   2:     418280 bytes,    2080480 total
[2022-09-06T05:24:13.577+0000][7][gc,phases   ] GC(21)   Pre Evacuate Collection Set: 0.2ms
[2022-09-06T05:24:13.577+0000][7][gc,phases   ] GC(21)   Merge Heap Roots: 0.1ms
[2022-09-06T05:24:13.577+0000][7][gc,phases   ] GC(21)   Evacuate Collection Set: 3.8ms
[2022-09-06T05:24:13.577+0000][7][gc,phases   ] GC(21)   Post Evacuate Collection Set: 1.2ms
[2022-09-06T05:24:13.577+0000][7][gc,phases   ] GC(21)   Other: 1.6ms
[2022-09-06T05:24:13.578+0000][7][gc,heap     ] GC(21) Eden regions: 30->0(31)
[2022-09-06T05:24:13.578+0000][7][gc,heap     ] GC(21) Survivor regions: 1->1(4)
[2022-09-06T05:24:13.578+0000][7][gc,heap     ] GC(21) Old regions: 14->14
[2022-09-06T05:24:13.578+0000][7][gc,heap     ] GC(21) Archive regions: 2->2
[2022-09-06T05:24:13.579+0000][7][gc,heap     ] GC(21) Humongous regions: 0->0
[2022-09-06T05:24:13.579+0000][7][gc,metaspace] GC(21) Metaspace: 36124K(38784K)->36124K(38784K) NonClass: 31540K(33536K)->31540K(33536K) Class: 4583K(5248K)->4583K(5248K)
[2022-09-06T05:24:13.579+0000][7][gc          ] GC(21) Pause Young (Concurrent Start) (G1 Evacuation Pause) 181M->60M(256M) 9.497ms
[2022-09-06T05:24:13.579+0000][7][gc,cpu      ] GC(21) User=0.03s Sys=0.00s Real=0.01s
[2022-09-06T05:24:13.580+0000][7][gc          ] GC(22) Concurrent Cycle
[2022-09-06T05:24:13.580+0000][7][gc,marking  ] GC(22) Concurrent Clear Claimed Marks
[2022-09-06T05:24:13.580+0000][7][gc,marking  ] GC(22) Concurrent Clear Claimed Marks 0.240ms
[2022-09-06T05:24:13.580+0000][7][gc,marking  ] GC(22) Concurrent Scan Root Regions
[2022-09-06T05:24:13.580+0000][7][safepoint   ] Safepoint "G1CollectForAllocation", Time since last: 324837740 ns, Reaching safepoint: 274956 ns, At safepoint: 10098712 ns, Total: 10373668 ns
[2022-09-06T05:24:13.583+0000][7][gc,marking  ] GC(22) Concurrent Scan Root Regions 3.164ms
[2022-09-06T05:24:13.585+0000][7][gc,marking  ] GC(22) Concurrent Mark (12.968s)
[2022-09-06T05:24:13.585+0000][7][gc,marking  ] GC(22) Concurrent Mark From Roots
[2022-09-06T05:24:13.586+0000][7][gc,task     ] GC(22) Using 2 workers of 2 for marking
[2022-09-06T05:24:13.664+0000][7][gc,marking  ] GC(22) Concurrent Mark From Roots 79.099ms
[2022-09-06T05:24:13.664+0000][7][gc,marking  ] GC(22) Concurrent Preclean
[2022-09-06T05:24:13.665+0000][7][gc,marking  ] GC(22) Concurrent Preclean 0.252ms
[2022-09-06T05:24:13.665+0000][7][gc,marking  ] GC(22) Concurrent Mark (12.968s, 13.048s) 80.193ms
[2022-09-06T05:24:13.665+0000][7][gc,start    ] GC(22) Pause Remark
[2022-09-06T05:24:13.669+0000][7][gc          ] GC(22) Pause Remark 64M->64M(256M) 4.182ms
[2022-09-06T05:24:13.670+0000][7][gc,cpu      ] GC(22) User=0.01s Sys=0.00s Real=0.01s
[2022-09-06T05:24:13.670+0000][7][safepoint   ] Safepoint "G1Concurrent", Time since last: 85331181 ns, Reaching safepoint: 109896 ns, At safepoint: 5134896 ns, Total: 5244792 ns
[2022-09-06T05:24:13.671+0000][7][gc,marking  ] GC(22) Concurrent Rebuild Remembered Sets
[2022-09-06T05:24:13.728+0000][7][gc,marking  ] GC(22) Concurrent Rebuild Remembered Sets 57.956ms
[2022-09-06T05:24:13.740+0000][7][gc,start    ] GC(22) Pause Cleanup
[2022-09-06T05:24:13.741+0000][7][gc          ] GC(22) Pause Cleanup 66M->66M(256M) 0.489ms
[2022-09-06T05:24:13.741+0000][7][gc,cpu      ] GC(22) User=0.00s Sys=0.00s Real=0.00s
[2022-09-06T05:24:13.741+0000][7][safepoint   ] Safepoint "G1Concurrent", Time since last: 69816595 ns, Reaching safepoint: 306295 ns, At safepoint: 1000728 ns, Total: 1307023 ns
[2022-09-06T05:24:13.750+0000][7][gc,marking  ] GC(22) Concurrent Cleanup for Next Mark
[2022-09-06T05:24:13.761+0000][7][gc,marking  ] GC(22) Concurrent Cleanup for Next Mark 10.683ms
[2022-09-06T05:24:13.770+0000][7][gc          ] GC(22) Concurrent Cycle 190.384ms
[2022-09-06T05:24:15.087+0000][7][safepoint   ] Safepoint "Cleanup", Time since last: 1344783985 ns, Reaching safepoint: 438263 ns, At safepoint: 22893 ns, Total: 461156 ns
[2022-09-06T05:24:16.092+0000][7][safepoint   ] Safepoint "Cleanup", Time since last: 1003349008 ns, Reaching safepoint: 2235826 ns, At safepoint: 16210 ns, Total: 2252036 ns
[2022-09-06T05:24:16.667+0000][7][safepoint   ] Safepoint "ICBufferFull", Time since last: 573998369 ns, Reaching safepoint: 252634 ns, At safepoint: 24085 ns, Total: 276719 ns
[2022-09-06T05:24:16.699+0000][7][gc,start    ] GC(23) Pause Young (Normal) (G1 Evacuation Pause)
[2022-09-06T05:24:16.699+0000][7][gc,task     ] GC(23) Using 6 workers of 6 for evacuation
[2022-09-06T05:24:16.700+0000][7][gc,age      ] GC(23) Desired survivor size 8388608 bytes, new threshold 15 (max threshold 15)
[2022-09-06T05:24:16.709+0000][7][gc,age      ] GC(23) Age table with threshold 15 (max threshold 15)
[2022-09-06T05:24:16.709+0000][7][gc,age      ] GC(23) - age   1:    5227616 bytes,    5227616 total
[2022-09-06T05:24:16.709+0000][7][gc,age      ] GC(23) - age   2:    1363280 bytes,    6590896 total
[2022-09-06T05:24:16.710+0000][7][gc,age      ] GC(23) - age   3:     417768 bytes,    7008664 total
[2022-09-06T05:24:16.710+0000][7][gc,phases   ] GC(23)   Pre Evacuate Collection Set: 0.1ms
[2022-09-06T05:24:16.710+0000][7][gc,phases   ] GC(23)   Merge Heap Roots: 0.1ms
[2022-09-06T05:24:16.710+0000][7][gc,phases   ] GC(23)   Evacuate Collection Set: 7.3ms
[2022-09-06T05:24:16.710+0000][7][gc,phases   ] GC(23)   Post Evacuate Collection Set: 1.1ms
[2022-09-06T05:24:16.710+0000][7][gc,phases   ] GC(23)   Other: 2.1ms
[2022-09-06T05:24:16.711+0000][7][gc,heap     ] GC(23) Eden regions: 31->0(30)
[2022-09-06T05:24:16.711+0000][7][gc,heap     ] GC(23) Survivor regions: 1->2(4)
[2022-09-06T05:24:16.711+0000][7][gc,heap     ] GC(23) Old regions: 14->14
[2022-09-06T05:24:16.711+0000][7][gc,heap     ] GC(23) Archive regions: 2->2
[2022-09-06T05:24:16.711+0000][7][gc,heap     ] GC(23) Humongous regions: 0->0
[2022-09-06T05:24:16.712+0000][7][gc,metaspace] GC(23) Metaspace: 51871K(55424K)->51871K(55424K) NonClass: 44937K(47616K)->44937K(47616K) Class: 6933K(7808K)->6933K(7808K)
[2022-09-06T05:24:16.712+0000][7][gc          ] GC(23) Pause Young (Normal) (G1 Evacuation Pause) 184M->65M(256M) 12.765ms
[2022-09-06T05:24:16.712+0000][7][gc,cpu      ] GC(23) User=0.03s Sys=0.00s Real=0.02s
[2022-09-06T05:24:16.712+0000][7][safepoint   ] Safepoint "G1CollectForAllocation", Time since last: 32311639 ns, Reaching safepoint: 99907 ns, At safepoint: 13209030 ns, Total: 13308937 ns
[2022-09-06T05:24:18.052+0000][7][safepoint   ] Safepoint "Cleanup", Time since last: 1339347593 ns, Reaching safepoint: 550032 ns, At safepoint: 39565 ns, Total: 589597 ns
[2022-09-06T05:24:18.591+0000][7][gc,start    ] GC(24) Pause Young (Concurrent Start) (Metadata GC Threshold)
[2022-09-06T05:24:18.592+0000][7][gc,task     ] GC(24) Using 6 workers of 6 for evacuation
[2022-09-06T05:24:18.592+0000][7][gc,age      ] GC(24) Desired survivor size 8388608 bytes, new threshold 15 (max threshold 15)
[2022-09-06T05:24:18.627+0000][7][gc,age      ] GC(24) Age table with threshold 15 (max threshold 15)
[2022-09-06T05:24:18.628+0000][7][gc,age      ] GC(24) - age   1:    4271864 bytes,    4271864 total
[2022-09-06T05:24:18.628+0000][7][gc,age      ] GC(24) - age   2:    5043696 bytes,    9315560 total
[2022-09-06T05:24:18.628+0000][7][gc,age      ] GC(24) - age   3:    1361624 bytes,   10677184 total
[2022-09-06T05:24:18.628+0000][7][gc,age      ] GC(24) - age   4:     417768 bytes,   11094952 total
[2022-09-06T05:24:18.629+0000][7][gc,phases   ] GC(24)   Pre Evacuate Collection Set: 0.2ms
[2022-09-06T05:24:18.629+0000][7][gc,phases   ] GC(24)   Merge Heap Roots: 0.0ms
[2022-09-06T05:24:18.629+0000][7][gc,phases   ] GC(24)   Evacuate Collection Set: 27.5ms
[2022-09-06T05:24:18.629+0000][7][gc,phases   ] GC(24)   Post Evacuate Collection Set: 7.3ms
[2022-09-06T05:24:18.629+0000][7][gc,phases   ] GC(24)   Other: 2.3ms
[2022-09-06T05:24:18.630+0000][7][gc,heap     ] GC(24) Eden regions: 26->0(30)
[2022-09-06T05:24:18.630+0000][7][gc,heap     ] GC(24) Survivor regions: 2->3(4)
[2022-09-06T05:24:18.630+0000][7][gc,heap     ] GC(24) Old regions: 14->14
[2022-09-06T05:24:18.631+0000][7][gc,heap     ] GC(24) Archive regions: 2->2
[2022-09-06T05:24:18.631+0000][7][gc,heap     ] GC(24) Humongous regions: 0->0
[2022-09-06T05:24:18.631+0000][7][gc,metaspace] GC(24) Metaspace: 60993K(64640K)->60993K(64640K) NonClass: 52815K(55552K)->52815K(55552K) Class: 8178K(9088K)->8178K(9088K)
[2022-09-06T05:24:18.631+0000][7][gc          ] GC(24) Pause Young (Concurrent Start) (Metadata GC Threshold) 169M->69M(256M) 39.576ms
[2022-09-06T05:24:18.631+0000][7][gc,cpu      ] GC(24) User=0.04s Sys=0.01s Real=0.04s
[2022-09-06T05:24:18.631+0000][7][safepoint   ] Safepoint "CollectForMetadataAllocation", Time since last: 538908104 ns, Reaching safepoint: 358854 ns, At safepoint: 40048639 ns, Total: 40407493 ns
[2022-09-06T05:24:18.632+0000][7][gc          ] GC(25) Concurrent Cycle
[2022-09-06T05:24:18.633+0000][7][gc,marking  ] GC(25) Concurrent Clear Claimed Marks
[2022-09-06T05:24:18.633+0000][7][gc,marking  ] GC(25) Concurrent Clear Claimed Marks 0.271ms
[2022-09-06T05:24:18.634+0000][7][gc,marking  ] GC(25) Concurrent Scan Root Regions
[2022-09-06T05:24:18.639+0000][7][gc,marking  ] GC(25) Concurrent Scan Root Regions 5.582ms
[2022-09-06T05:24:18.640+0000][7][gc,marking  ] GC(25) Concurrent Mark (18.023s)
[2022-09-06T05:24:18.640+0000][7][gc,marking  ] GC(25) Concurrent Mark From Roots
[2022-09-06T05:24:18.640+0000][7][gc,task     ] GC(25) Using 2 workers of 2 for marking
[2022-09-06T05:24:18.710+0000][7][gc,marking  ] GC(25) Concurrent Mark From Roots 70.444ms
[2022-09-06T05:24:18.711+0000][7][gc,marking  ] GC(25) Concurrent Preclean
[2022-09-06T05:24:18.711+0000][7][gc,marking  ] GC(25) Concurrent Preclean 0.399ms
[2022-09-06T05:24:18.711+0000][7][gc,marking  ] GC(25) Concurrent Mark (18.023s, 18.094s) 71.707ms
[2022-09-06T05:24:18.720+0000][7][gc,start    ] GC(25) Pause Remark
[2022-09-06T05:24:18.727+0000][7][gc          ] GC(25) Pause Remark 72M->72M(256M) 6.421ms
[2022-09-06T05:24:18.727+0000][7][gc,cpu      ] GC(25) User=0.01s Sys=0.00s Real=0.00s
[2022-09-06T05:24:18.728+0000][7][safepoint   ] Safepoint "G1Concurrent", Time since last: 86402040 ns, Reaching safepoint: 2329632 ns, At safepoint: 7394026 ns, Total: 9723658 ns
[2022-09-06T05:24:18.728+0000][7][gc,marking  ] GC(25) Concurrent Rebuild Remembered Sets
[2022-09-06T05:24:18.757+0000][7][gc,marking  ] GC(25) Concurrent Rebuild Remembered Sets 29.672ms
[2022-09-06T05:24:18.759+0000][7][gc,start    ] GC(25) Pause Cleanup
[2022-09-06T05:24:18.759+0000][7][gc          ] GC(25) Pause Cleanup 75M->75M(256M) 0.443ms
[2022-09-06T05:24:18.760+0000][7][gc,cpu      ] GC(25) User=0.00s Sys=0.00s Real=0.00s
[2022-09-06T05:24:18.760+0000][7][safepoint   ] Safepoint "G1Concurrent", Time since last: 30389642 ns, Reaching safepoint: 912974 ns, At safepoint: 871565 ns, Total: 1784539 ns
[2022-09-06T05:24:18.760+0000][7][gc,marking  ] GC(25) Concurrent Cleanup for Next Mark
[2022-09-06T05:24:18.761+0000][7][gc,marking  ] GC(25) Concurrent Cleanup for Next Mark 0.711ms
[2022-09-06T05:24:18.761+0000][7][gc          ] GC(25) Concurrent Cycle 129.292ms
[2022-09-06T05:24:20.010+0000][7][safepoint   ] Safepoint "Cleanup", Time since last: 1248717569 ns, Reaching safepoint: 1155078 ns, At safepoint: 16391 ns, Total: 1171469 ns
[2022-09-06T05:24:21.826+0000][7][safepoint   ] Safepoint "ICBufferFull", Time since last: 1816630386 ns, Reaching safepoint: 214823 ns, At safepoint: 9438 ns, Total: 224261 ns
[2022-09-06T05:24:22.417+0000][7][gc,start    ] GC(26) Pause Young (Normal) (G1 Evacuation Pause)
[2022-09-06T05:24:22.417+0000][7][gc,task     ] GC(26) Using 6 workers of 6 for evacuation
[2022-09-06T05:24:22.418+0000][7][gc,age      ] GC(26) Desired survivor size 10485760 bytes, new threshold 3 (max threshold 15)
[2022-09-06T05:24:22.446+0000][7][gc,age      ] GC(26) Age table with threshold 3 (max threshold 15)
[2022-09-06T05:24:22.446+0000][7][gc,age      ] GC(26) - age   1:    6574616 bytes,    6574616 total
[2022-09-06T05:24:22.447+0000][7][gc,age      ] GC(26) - age   2:    4164160 bytes,   10738776 total
[2022-09-06T05:24:22.447+0000][7][gc,age      ] GC(26) - age   3:    5002640 bytes,   15741416 total
[2022-09-06T05:24:22.447+0000][7][gc,phases   ] GC(26)   Pre Evacuate Collection Set: 0.1ms
[2022-09-06T05:24:22.447+0000][7][gc,phases   ] GC(26)   Merge Heap Roots: 0.2ms
[2022-09-06T05:24:22.447+0000][7][gc,phases   ] GC(26)   Evacuate Collection Set: 22.1ms
[2022-09-06T05:24:22.448+0000][7][gc,phases   ] GC(26)   Post Evacuate Collection Set: 6.0ms
[2022-09-06T05:24:22.448+0000][7][gc,phases   ] GC(26)   Other: 1.6ms
[2022-09-06T05:24:22.448+0000][7][gc,heap     ] GC(26) Eden regions: 30->0(28)
[2022-09-06T05:24:22.448+0000][7][gc,heap     ] GC(26) Survivor regions: 3->4(5)
[2022-09-06T05:24:22.449+0000][7][gc,heap     ] GC(26) Old regions: 14->15
[2022-09-06T05:24:22.449+0000][7][gc,heap     ] GC(26) Archive regions: 2->2
[2022-09-06T05:24:22.449+0000][7][gc,heap     ] GC(26) Humongous regions: 0->0
[2022-09-06T05:24:22.449+0000][7][gc,metaspace] GC(26) Metaspace: 80562K(84556K)->80562K(84556K) NonClass: 69757K(72704K)->69757K(72704K) Class: 10804K(11852K)->10804K(11852K)
[2022-09-06T05:24:22.449+0000][7][gc          ] GC(26) Pause Young (Normal) (G1 Evacuation Pause) 189M->76M(256M) 32.471ms
[2022-09-06T05:24:22.450+0000][7][gc,cpu      ] GC(26) User=0.05s Sys=0.00s Real=0.03s
[2022-09-06T05:24:22.450+0000][7][safepoint   ] Safepoint "G1CollectForAllocation", Time since last: 590070270 ns, Reaching safepoint: 398628 ns, At safepoint: 32965226 ns, Total: 33363854 ns
[2022-09-06T05:24:23.552+0000][7][safepoint   ] Safepoint "Cleanup", Time since last: 1101605746 ns, Reaching safepoint: 200656 ns, At safepoint: 26550 ns, Total: 227206 ns
[2022-09-06T05:24:25.311+0000][7][safepoint   ] Safepoint "ICBufferFull", Time since last: 1759324962 ns, Reaching safepoint: 307758 ns, At safepoint: 42990 ns, Total: 350748 ns
[2022-09-06T05:24:26.329+0000][7][safepoint   ] Safepoint "Cleanup", Time since last: 1007427782 ns, Reaching safepoint: 10343642 ns, At safepoint: 68298 ns, Total: 10411940 ns
[2022-09-06T05:24:27.341+0000][7][safepoint   ] Safepoint "Cleanup", Time since last: 1011130431 ns, Reaching safepoint: 228749 ns, At safepoint: 4639 ns, Total: 233388 ns
[2022-09-06T05:24:28.834+0000][7][safepoint   ] Safepoint "Cleanup", Time since last: 1493437523 ns, Reaching safepoint: 399670 ns, At safepoint: 3687 ns, Total: 403357 ns
[2022-09-06T05:24:29.841+0000][7][safepoint   ] Safepoint "Cleanup", Time since last: 1006172977 ns, Reaching safepoint: 267432 ns, At safepoint: 7915 ns, Total: 275347 ns
[2022-09-06T05:24:30.848+0000][7][safepoint   ] Safepoint "Cleanup", Time since last: 1006650624 ns, Reaching safepoint: 125335 ns, At safepoint: 10119 ns, Total: 135454 ns
[2022-09-06T05:24:31.849+0000][7][safepoint   ] Safepoint "Cleanup", Time since last: 1000609075 ns, Reaching safepoint: 177093 ns, At safepoint: 22191 ns, Total: 199284 ns
[2022-09-06T05:24:32.849+0000][7][safepoint   ] Safepoint "Cleanup", Time since last: 1000501484 ns, Reaching safepoint: 118051 ns, At safepoint: 9238 ns, Total: 127289 ns
[2022-09-06T05:24:34.853+0000][7][safepoint   ] Safepoint "Cleanup", Time since last: 2002782746 ns, Reaching safepoint: 116820 ns, At safepoint: 3776 ns, Total: 120596 ns
[2022-09-06T05:24:35.854+0000][7][safepoint   ] Safepoint "Cleanup", Time since last: 1000399703 ns, Reaching safepoint: 188925 ns, At safepoint: 8796 ns, Total: 197721 ns
[2022-09-06T05:24:37.625+0000][7][gc,start    ] GC(27) Pause Young (Normal) (G1 Evacuation Pause)
[2022-09-06T05:24:37.625+0000][7][gc,task     ] GC(27) Using 6 workers of 6 for evacuation
[2022-09-06T05:24:37.625+0000][7][gc,age      ] GC(27) Desired survivor size 8388608 bytes, new threshold 2 (max threshold 15)
[2022-09-06T05:24:37.666+0000][7][gc,age      ] GC(27) Age table with threshold 2 (max threshold 15)
[2022-09-06T05:24:37.666+0000][7][gc,age      ] GC(27) - age   1:    5599720 bytes,    5599720 total
[2022-09-06T05:24:37.666+0000][7][gc,age      ] GC(27) - age   2:    6298744 bytes,   11898464 total
[2022-09-06T05:24:37.667+0000][7][gc,phases   ] GC(27)   Pre Evacuate Collection Set: 0.1ms
[2022-09-06T05:24:37.667+0000][7][gc,phases   ] GC(27)   Merge Heap Roots: 0.1ms
[2022-09-06T05:24:37.667+0000][7][gc,phases   ] GC(27)   Evacuate Collection Set: 35.7ms
[2022-09-06T05:24:37.667+0000][7][gc,phases   ] GC(27)   Post Evacuate Collection Set: 4.3ms
[2022-09-06T05:24:37.667+0000][7][gc,phases   ] GC(27)   Other: 1.6ms
[2022-09-06T05:24:37.667+0000][7][gc,heap     ] GC(27) Eden regions: 28->0(25)
[2022-09-06T05:24:37.668+0000][7][gc,heap     ] GC(27) Survivor regions: 4->4(4)
[2022-09-06T05:24:37.668+0000][7][gc,heap     ] GC(27) Old regions: 15->17
[2022-09-06T05:24:37.668+0000][7][gc,heap     ] GC(27) Archive regions: 2->2
[2022-09-06T05:24:37.668+0000][7][gc,heap     ] GC(27) Humongous regions: 2->2
[2022-09-06T05:24:37.668+0000][7][gc,metaspace] GC(27) Metaspace: 91608K(95948K)->91608K(95948K) NonClass: 79252K(82432K)->79252K(82432K) Class: 12356K(13516K)->12356K(13516K)
[2022-09-06T05:24:37.668+0000][7][gc          ] GC(27) Pause Young (Normal) (G1 Evacuation Pause) 196M->89M(256M) 43.502ms
[2022-09-06T05:24:37.671+0000][7][gc,cpu      ] GC(27) User=0.09s Sys=0.00s Real=0.05s
[2022-09-06T05:24:37.673+0000][7][safepoint   ] Safepoint "G1CollectForAllocation", Time since last: 1770624899 ns, Reaching safepoint: 156494 ns, At safepoint: 48131658 ns, Total: 48288152 ns
[2022-09-06T05:24:38.677+0000][7][safepoint   ] Safepoint "Cleanup", Time since last: 1003675660 ns, Reaching safepoint: 215695 ns, At safepoint: 3016 ns, Total: 218711 ns
[2022-09-06T05:24:40.354+0000][7][safepoint   ] Safepoint "Cleanup", Time since last: 1676864138 ns, Reaching safepoint: 131797 ns, At safepoint: 5862 ns, Total: 137659 ns
[2022-09-06T05:24:41.355+0000][7][safepoint   ] Safepoint "Cleanup", Time since last: 1000739880 ns, Reaching safepoint: 182022 ns, At safepoint: 24045 ns, Total: 206067 ns
[2022-09-06T05:24:42.355+0000][7][safepoint   ] Safepoint "Cleanup", Time since last: 1000339780 ns, Reaching safepoint: 177744 ns, At safepoint: 21761 ns, Total: 199505 ns
[2022-09-06T05:24:43.356+0000][7][safepoint   ] Safepoint "Cleanup", Time since last: 1000316867 ns, Reaching safepoint: 186500 ns, At safepoint: 32551 ns, Total: 219051 ns
[2022-09-06T05:24:45.357+0000][7][safepoint   ] Safepoint "Cleanup", Time since last: 2000682446 ns, Reaching safepoint: 311224 ns, At safepoint: 45134 ns, Total: 356358 ns
[2022-09-06T05:24:47.358+0000][7][safepoint   ] Safepoint "Cleanup", Time since last: 2000722862 ns, Reaching safepoint: 163747 ns, At safepoint: 6482 ns, Total: 170229 ns
[2022-09-06T05:24:48.359+0000][7][safepoint   ] Safepoint "Cleanup", Time since last: 1000598336 ns, Reaching safepoint: 327284 ns, At safepoint: 62136 ns, Total: 389420 ns
[2022-09-06T05:24:49.360+0000][7][safepoint   ] Safepoint "Cleanup", Time since last: 1000660753 ns, Reaching safepoint: 182773 ns, At safepoint: 10820 ns, Total: 193593 ns
[2022-09-06T05:24:50.360+0000][7][safepoint   ] Safepoint "Cleanup", Time since last: 1000568129 ns, Reaching safepoint: 175640 ns, At safepoint: 9678 ns, Total: 185318 ns
[2022-09-06T05:24:51.361+0000][7][safepoint   ] Safepoint "Cleanup", Time since last: 1000557519 ns, Reaching safepoint: 264335 ns, At safepoint: 42159 ns, Total: 306494 ns
[2022-09-06T05:24:52.362+0000][7][safepoint   ] Safepoint "Cleanup", Time since last: 1000658539 ns, Reaching safepoint: 165631 ns, At safepoint: 10410 ns, Total: 176041 ns
[2022-09-06T05:24:53.363+0000][7][safepoint   ] Safepoint "Cleanup", Time since last: 1000492256 ns, Reaching safepoint: 195938 ns, At safepoint: 32080 ns, Total: 228018 ns
[2022-09-06T05:24:54.364+0000][7][safepoint   ] Safepoint "Cleanup", Time since last: 1000507605 ns, Reaching safepoint: 277420 ns, At safepoint: 8516 ns, Total: 285936 ns
[2022-09-06T05:24:55.364+0000][7][safepoint   ] Safepoint "Cleanup", Time since last: 1000513657 ns, Reaching safepoint: 170290 ns, At safepoint: 6762 ns, Total: 177052 ns
[2022-09-06T05:24:56.365+0000][7][safepoint   ] Safepoint "Cleanup", Time since last: 1000329341 ns, Reaching safepoint: 256732 ns, At safepoint: 9257 ns, Total: 265989 ns
[2022-09-06T05:24:58.366+0000][7][safepoint   ] Safepoint "Cleanup", Time since last: 2000965988 ns, Reaching safepoint: 216055 ns, At safepoint: 6422 ns, Total: 222477 ns
[2022-09-06T05:24:59.369+0000][7][safepoint   ] Safepoint "Cleanup", Time since last: 1000709364 ns, Reaching safepoint: 1911357 ns, At safepoint: 20548 ns, Total: 1931905 ns
[2022-09-06T05:25:00.370+0000][7][safepoint   ] Safepoint "Cleanup", Time since last: 1000811095 ns, Reaching safepoint: 226144 ns, At safepoint: 7865 ns, Total: 234009 ns
[2022-09-06T05:25:01.371+0000][7][safepoint   ] Safepoint "Cleanup", Time since last: 1000595290 ns, Reaching safepoint: 267973 ns, At safepoint: 40015 ns, Total: 307988 ns
[2022-09-06T05:25:04.370+0000][7][safepoint   ] Safepoint "Cleanup", Time since last: 3000982390 ns, Reaching safepoint: 337674 ns, At safepoint: 37180 ns, Total: 374854 ns
[2022-09-06T05:25:05.371+0000][7][safepoint   ] Safepoint "Cleanup", Time since last: 1000625446 ns, Reaching safepoint: 181160 ns, At safepoint: 8446 ns, Total: 189606 ns
[2022-09-06T05:25:06.372+0000][7][safepoint   ] Safepoint "Cleanup", Time since last: 1000601542 ns, Reaching safepoint: 305522 ns, At safepoint: 38362 ns, Total: 343884 ns
[2022-09-06T05:25:07.373+0000][7][safepoint   ] Safepoint "Cleanup", Time since last: 1000572558 ns, Reaching safepoint: 194154 ns, At safepoint: 5320 ns, Total: 199474 ns
[2022-09-06T05:25:08.373+0000][7][safepoint   ] Safepoint "Cleanup", Time since last: 1000257356 ns, Reaching safepoint: 358803 ns, At safepoint: 8526 ns, Total: 367329 ns
[2022-09-06T05:25:09.374+0000][7][safepoint   ] Safepoint "Cleanup", Time since last: 1000694135 ns, Reaching safepoint: 206628 ns, At safepoint: 3847 ns, Total: 210475 ns
[2022-09-06T05:25:10.382+0000][7][safepoint   ] Safepoint "Cleanup", Time since last: 1007292027 ns, Reaching safepoint: 243207 ns, At safepoint: 39474 ns, Total: 282681 ns
[2022-09-06T05:25:11.382+0000][7][safepoint   ] Safepoint "Cleanup", Time since last: 1000548532 ns, Reaching safepoint: 192441 ns, At safepoint: 7614 ns, Total: 200055 ns
[2022-09-06T05:25:12.383+0000][7][safepoint   ] Safepoint "Cleanup", Time since last: 1000495983 ns, Reaching safepoint: 254989 ns, At safepoint: 37139 ns, Total: 292128 ns
[2022-09-06T05:25:17.384+0000][7][safepoint   ] Safepoint "Cleanup", Time since last: 5001008856 ns, Reaching safepoint: 224352 ns, At safepoint: 10679 ns, Total: 235031 ns
[2022-09-06T05:25:18.385+0000][7][safepoint   ] Safepoint "Cleanup", Time since last: 1000579951 ns, Reaching safepoint: 212950 ns, At safepoint: 37400 ns, Total: 250350 ns
[2022-09-06T05:25:20.392+0000][7][safepoint   ] Safepoint "Cleanup", Time since last: 2006315397 ns, Reaching safepoint: 225173 ns, At safepoint: 33162 ns, Total: 258335 ns
[2022-09-06T05:25:22.393+0000][7][safepoint   ] Safepoint "Cleanup", Time since last: 2000654062 ns, Reaching safepoint: 182793 ns, At safepoint: 7434 ns, Total: 190227 ns
[2022-09-06T05:25:23.394+0000][7][safepoint   ] Safepoint "Cleanup", Time since last: 1000569431 ns, Reaching safepoint: 218461 ns, At safepoint: 27150 ns, Total: 245611 ns
[2022-09-06T05:25:24.394+0000][7][safepoint   ] Safepoint "Cleanup", Time since last: 1000552640 ns, Reaching safepoint: 328527 ns, At safepoint: 63348 ns, Total: 391875 ns
[2022-09-06T05:25:25.396+0000][7][safepoint   ] Safepoint "Cleanup", Time since last: 1000684818 ns, Reaching safepoint: 299181 ns, At safepoint: 38934 ns, Total: 338115 ns
[2022-09-06T05:25:26.396+0000][7][safepoint   ] Safepoint "Cleanup", Time since last: 1000421904 ns, Reaching safepoint: 211957 ns, At safepoint: 11983 ns, Total: 223940 ns
[2022-09-06T05:25:27.397+0000][7][safepoint   ] Safepoint "Cleanup", Time since last: 1000539074 ns, Reaching safepoint: 195137 ns, At safepoint: 7213 ns, Total: 202350 ns
[2022-09-06T05:25:28.397+0000][7][safepoint   ] Safepoint "Cleanup", Time since last: 1000236056 ns, Reaching safepoint: 257352 ns, At safepoint: 13556 ns, Total: 270908 ns
[2022-09-06T05:25:30.399+0000][7][safepoint   ] Safepoint "Cleanup", Time since last: 2000894483 ns, Reaching safepoint: 283102 ns, At safepoint: 40446 ns, Total: 323548 ns
[2022-09-06T05:25:32.400+0000][7][safepoint   ] Safepoint "Cleanup", Time since last: 2000832918 ns, Reaching safepoint: 315191 ns, At safepoint: 32642 ns, Total: 347833 ns
[2022-09-06T05:25:33.401+0000][7][safepoint   ] Safepoint "Cleanup", Time since last: 1000530428 ns, Reaching safepoint: 198953 ns, At safepoint: 35216 ns, Total: 234169 ns
[2022-09-06T05:25:34.402+0000][7][safepoint   ] Safepoint "Cleanup", Time since last: 1000706327 ns, Reaching safepoint: 195046 ns, At safepoint: 31369 ns, Total: 226415 ns
[2022-09-06T05:25:35.403+0000][7][safepoint   ] Safepoint "Cleanup", Time since last: 1000504690 ns, Reaching safepoint: 181300 ns, At safepoint: 8596 ns, Total: 189896 ns
[2022-09-06T05:25:36.404+0000][7][safepoint   ] Safepoint "Cleanup", Time since last: 1000583748 ns, Reaching safepoint: 331743 ns, At safepoint: 63318 ns, Total: 395061 ns
[2022-09-06T05:25:37.405+0000][7][safepoint   ] Safepoint "Cleanup", Time since last: 1000653620 ns, Reaching safepoint: 173225 ns, At safepoint: 6922 ns, Total: 180147 ns
[2022-09-06T05:25:38.406+0000][7][safepoint   ] Safepoint "Cleanup", Time since last: 1000515711 ns, Reaching safepoint: 374814 ns, At safepoint: 38652 ns, Total: 413466 ns
[2022-09-06T05:25:40.407+0000][7][safepoint   ] Safepoint "Cleanup", Time since last: 2000704817 ns, Reaching safepoint: 254358 ns, At safepoint: 35907 ns, Total: 290265 ns
[2022-09-06T05:25:41.407+0000][7][safepoint   ] Safepoint "Cleanup", Time since last: 1000573880 ns, Reaching safepoint: 202269 ns, At safepoint: 34615 ns, Total: 236884 ns
[2022-09-06T05:25:42.408+0000][7][safepoint   ] Safepoint "Cleanup", Time since last: 1000654631 ns, Reaching safepoint: 191840 ns, At safepoint: 32040 ns, Total: 223880 ns
[2022-09-06T05:25:43.409+0000][7][safepoint   ] Safepoint "Cleanup", Time since last: 1000472770 ns, Reaching safepoint: 282650 ns, At safepoint: 42721 ns, Total: 325371 ns
[2022-09-06T05:25:46.410+0000][7][safepoint   ] Safepoint "Cleanup", Time since last: 3000843701 ns, Reaching safepoint: 231745 ns, At safepoint: 27922 ns, Total: 259667 ns
[2022-09-06T05:25:48.411+0000][7][safepoint   ] Safepoint "Cleanup", Time since last: 2000711270 ns, Reaching safepoint: 171462 ns, At safepoint: 12082 ns, Total: 183544 ns
[2022-09-06T05:25:50.412+0000][7][safepoint   ] Safepoint "Cleanup", Time since last: 2000705800 ns, Reaching safepoint: 167494 ns, At safepoint: 9858 ns, Total: 177352 ns
[2022-09-06T05:25:54.413+0000][7][safepoint   ] Safepoint "Cleanup", Time since last: 4000893998 ns, Reaching safepoint: 297318 ns, At safepoint: 38142 ns, Total: 335460 ns
[2022-09-06T05:25:55.414+0000][7][safepoint   ] Safepoint "Cleanup", Time since last: 1000465185 ns, Reaching safepoint: 338666 ns, At safepoint: 15879 ns, Total: 354545 ns
[2022-09-06T05:25:56.415+0000][7][safepoint   ] Safepoint "Cleanup", Time since last: 1000414581 ns, Reaching safepoint: 214843 ns, At safepoint: 50144 ns, Total: 264987 ns
[2022-09-06T05:25:58.416+0000][7][safepoint   ] Safepoint "Cleanup", Time since last: 2000640778 ns, Reaching safepoint: 319249 ns, At safepoint: 34375 ns, Total: 353624 ns
[2022-09-06T05:25:59.417+0000][7][safepoint   ] Safepoint "Cleanup", Time since last: 1000466778 ns, Reaching safepoint: 327965 ns, At safepoint: 58069 ns, Total: 386034 ns
[2022-09-06T05:26:01.417+0000][7][safepoint   ] Safepoint "Cleanup", Time since last: 2000637131 ns, Reaching safepoint: 273974 ns, At safepoint: 40667 ns, Total: 314641 ns
[2022-09-06T05:26:02.418+0000][7][safepoint   ] Safepoint "Cleanup", Time since last: 1000707530 ns, Reaching safepoint: 192601 ns, At safepoint: 10600 ns, Total: 203201 ns
[2022-09-06T05:26:03.419+0000][7][safepoint   ] Safepoint "Cleanup", Time since last: 1000532081 ns, Reaching safepoint: 395863 ns, At safepoint: 35246 ns, Total: 431109 ns
[2022-09-06T05:26:05.419+0000][7][safepoint   ] Safepoint "Cleanup", Time since last: 2000692013 ns, Reaching safepoint: 458029 ns, At safepoint: 62157 ns, Total: 520186 ns
[2022-09-06T05:26:08.420+0000][7][safepoint   ] Safepoint "Cleanup", Time since last: 3001167218 ns, Reaching safepoint: 253386 ns, At safepoint: 38202 ns, Total: 291588 ns
[2022-09-06T05:26:10.421+0000][7][safepoint   ] Safepoint "Cleanup", Time since last: 2000626260 ns, Reaching safepoint: 607790 ns, At safepoint: 39574 ns, Total: 647364 ns
[2022-09-06T05:26:11.422+0000][7][safepoint   ] Safepoint "Cleanup", Time since last: 1000569712 ns, Reaching safepoint: 191430 ns, At safepoint: 12162 ns, Total: 203592 ns
[2022-09-06T05:26:12.423+0000][7][safepoint   ] Safepoint "Cleanup", Time since last: 1000553592 ns, Reaching safepoint: 296496 ns, At safepoint: 4038 ns, Total: 300534 ns
[2022-09-06T05:26:17.424+0000][7][safepoint   ] Safepoint "Cleanup", Time since last: 5001245900 ns, Reaching safepoint: 231725 ns, At safepoint: 7364 ns, Total: 239089 ns
[2022-09-06T05:26:18.425+0000][7][safepoint   ] Safepoint "Cleanup", Time since last: 1000606621 ns, Reaching safepoint: 182282 ns, At safepoint: 12193 ns, Total: 194475 ns
[2022-09-06T05:26:20.426+0000][7][safepoint   ] Safepoint "Cleanup", Time since last: 2000642361 ns, Reaching safepoint: 325961 ns, At safepoint: 36979 ns, Total: 362940 ns
[2022-09-06T05:26:21.427+0000][7][safepoint   ] Safepoint "Cleanup", Time since last: 1000518296 ns, Reaching safepoint: 215424 ns, At safepoint: 32972 ns, Total: 248396 ns
[2022-09-06T05:26:22.428+0000][7][safepoint   ] Safepoint "Cleanup", Time since last: 1000484922 ns, Reaching safepoint: 190308 ns, At safepoint: 3997 ns, Total: 194305 ns
[2022-09-06T05:26:23.428+0000][7][safepoint   ] Safepoint "Cleanup", Time since last: 1000533985 ns, Reaching safepoint: 191960 ns, At safepoint: 34675 ns, Total: 226635 ns
[2022-09-06T05:26:24.429+0000][7][safepoint   ] Safepoint "Cleanup", Time since last: 1000574511 ns, Reaching safepoint: 209823 ns, At safepoint: 4739 ns, Total: 214562 ns
[2022-09-06T05:26:25.430+0000][7][safepoint   ] Safepoint "Cleanup", Time since last: 1000543964 ns, Reaching safepoint: 194024 ns, At safepoint: 31619 ns, Total: 225643 ns
[2022-09-06T05:26:26.431+0000][7][safepoint   ] Safepoint "Cleanup", Time since last: 1000579921 ns, Reaching safepoint: 204704 ns, At safepoint: 35957 ns, Total: 240661 ns
[2022-09-06T05:26:27.432+0000][7][safepoint   ] Safepoint "Cleanup", Time since last: 1000507696 ns, Reaching safepoint: 171492 ns, At safepoint: 7003 ns, Total: 178495 ns
[2022-09-06T05:26:28.432+0000][7][safepoint   ] Safepoint "Cleanup", Time since last: 1000572015 ns, Reaching safepoint: 182834 ns, At safepoint: 32821 ns, Total: 215655 ns
[2022-09-06T05:26:29.433+0000][7][safepoint   ] Safepoint "Cleanup", Time since last: 1000500682 ns, Reaching safepoint: 191420 ns, At safepoint: 32681 ns, Total: 224101 ns
[2022-09-06T05:26:30.434+0000][7][safepoint   ] Safepoint "Cleanup", Time since last: 1000535848 ns, Reaching safepoint: 197130 ns, At safepoint: 4609 ns, Total: 201739 ns
[2022-09-06T05:26:35.427+0000][7][safepoint   ] Safepoint "Cleanup", Time since last: 5001098122 ns, Reaching safepoint: 204694 ns, At safepoint: 7374 ns, Total: 212068 ns
[2022-09-06T05:26:36.428+0000][7][safepoint   ] Safepoint "Cleanup", Time since last: 1000561496 ns, Reaching safepoint: 198924 ns, At safepoint: 4388 ns, Total: 203312 ns
[2022-09-06T05:26:38.429+0000][7][safepoint   ] Safepoint "Cleanup", Time since last: 2000687585 ns, Reaching safepoint: 263976 ns, At safepoint: 40345 ns, Total: 304321 ns
[2022-09-06T05:26:40.430+0000][7][safepoint   ] Safepoint "Cleanup", Time since last: 2000634426 ns, Reaching safepoint: 195096 ns, At safepoint: 29175 ns, Total: 224271 ns
[2022-09-06T05:26:44.431+0000][7][safepoint   ] Safepoint "Cleanup", Time since last: 4000991320 ns, Reaching safepoint: 323767 ns, At safepoint: 6393 ns, Total: 330160 ns
[2022-09-06T05:26:47.587+0000][7][gc,start    ] GC(28) Pause Young (Concurrent Start) (G1 Evacuation Pause)
[2022-09-06T05:26:47.587+0000][7][gc,task     ] GC(28) Using 6 workers of 6 for evacuation
[2022-09-06T05:26:47.588+0000][7][gc,age      ] GC(28) Desired survivor size 8388608 bytes, new threshold 2 (max threshold 15)
[2022-09-06T05:26:47.608+0000][7][gc,age      ] GC(28) Age table with threshold 2 (max threshold 15)
[2022-09-06T05:26:47.609+0000][7][gc,age      ] GC(28) - age   1:     725424 bytes,     725424 total
[2022-09-06T05:26:47.609+0000][7][gc,age      ] GC(28) - age   2:    5447256 bytes,    6172680 total
[2022-09-06T05:26:47.609+0000][7][gc,phases   ] GC(28)   Pre Evacuate Collection Set: 0.4ms
[2022-09-06T05:26:47.609+0000][7][gc,phases   ] GC(28)   Merge Heap Roots: 0.2ms
[2022-09-06T05:26:47.610+0000][7][gc,phases   ] GC(28)   Evacuate Collection Set: 17.9ms
[2022-09-06T05:26:47.610+0000][7][gc,phases   ] GC(28)   Post Evacuate Collection Set: 1.5ms
[2022-09-06T05:26:47.610+0000][7][gc,phases   ] GC(28)   Other: 2.3ms
[2022-09-06T05:26:47.610+0000][7][gc,heap     ] GC(28) Eden regions: 25->0(26)
[2022-09-06T05:26:47.611+0000][7][gc,heap     ] GC(28) Survivor regions: 4->2(4)
[2022-09-06T05:26:47.611+0000][7][gc,heap     ] GC(28) Old regions: 17->18
[2022-09-06T05:26:47.611+0000][7][gc,heap     ] GC(28) Archive regions: 2->2
[2022-09-06T05:26:47.611+0000][7][gc,heap     ] GC(28) Humongous regions: 2->2
[2022-09-06T05:26:47.612+0000][7][gc,metaspace] GC(28) Metaspace: 93928K(98124K)->93928K(98124K) NonClass: 81412K(84480K)->81412K(84480K) Class: 12515K(13644K)->12515K(13644K)
[2022-09-06T05:26:47.612+0000][7][gc          ] GC(28) Pause Young (Concurrent Start) (G1 Evacuation Pause) 189M->90M(256M) 25.432ms
[2022-09-06T05:26:47.613+0000][7][gc,cpu      ] GC(28) User=0.09s Sys=0.01s Real=0.03s
[2022-09-06T05:26:47.613+0000][7][gc          ] GC(29) Concurrent Cycle
[2022-09-06T05:26:47.613+0000][7][safepoint   ] Safepoint "G1CollectForAllocation", Time since last: 3155348649 ns, Reaching safepoint: 285616 ns, At safepoint: 26179070 ns, Total: 26464686 ns
[2022-09-06T05:26:47.613+0000][7][gc,marking  ] GC(29) Concurrent Clear Claimed Marks
[2022-09-06T05:26:47.614+0000][7][gc,marking  ] GC(29) Concurrent Clear Claimed Marks 0.827ms
[2022-09-06T05:26:47.615+0000][7][gc,marking  ] GC(29) Concurrent Scan Root Regions
[2022-09-06T05:26:47.622+0000][7][gc,marking  ] GC(29) Concurrent Scan Root Regions 7.524ms
[2022-09-06T05:26:47.623+0000][7][gc,marking  ] GC(29) Concurrent Mark (167.015s)
[2022-09-06T05:26:47.623+0000][7][gc,marking  ] GC(29) Concurrent Mark From Roots
[2022-09-06T05:26:47.623+0000][7][gc,task     ] GC(29) Using 2 workers of 2 for marking
[2022-09-06T05:26:47.685+0000][7][gc,marking  ] GC(29) Concurrent Mark From Roots 62.467ms
[2022-09-06T05:26:47.686+0000][7][gc,marking  ] GC(29) Concurrent Preclean
[2022-09-06T05:26:47.686+0000][7][gc,marking  ] GC(29) Concurrent Preclean 0.440ms
[2022-09-06T05:26:47.686+0000][7][gc,marking  ] GC(29) Concurrent Mark (167.015s, 167.079s) 63.884ms
[2022-09-06T05:26:47.687+0000][7][gc,start    ] GC(29) Pause Remark
[2022-09-06T05:26:47.693+0000][7][gc          ] GC(29) Pause Remark 91M->91M(256M) 6.063ms
[2022-09-06T05:26:47.694+0000][7][gc,cpu      ] GC(29) User=0.02s Sys=0.00s Real=0.01s
[2022-09-06T05:26:47.694+0000][7][safepoint   ] Safepoint "G1Concurrent", Time since last: 73675877 ns, Reaching safepoint: 379913 ns, At safepoint: 6825249 ns, Total: 7205162 ns
[2022-09-06T05:26:47.694+0000][7][gc,marking  ] GC(29) Concurrent Rebuild Remembered Sets
[2022-09-06T05:26:47.745+0000][7][gc,marking  ] GC(29) Concurrent Rebuild Remembered Sets 51.065ms
[2022-09-06T05:26:47.747+0000][7][gc,start    ] GC(29) Pause Cleanup
[2022-09-06T05:26:47.747+0000][7][gc          ] GC(29) Pause Cleanup 91M->91M(256M) 0.477ms
[2022-09-06T05:26:47.747+0000][7][gc,cpu      ] GC(29) User=0.00s Sys=0.00s Real=0.00s
[2022-09-06T05:26:47.748+0000][7][safepoint   ] Safepoint "G1Concurrent", Time since last: 51941778 ns, Reaching safepoint: 616557 ns, At safepoint: 1059619 ns, Total: 1676176 ns
[2022-09-06T05:26:47.748+0000][7][gc,marking  ] GC(29) Concurrent Cleanup for Next Mark
[2022-09-06T05:26:47.749+0000][7][gc,marking  ] GC(29) Concurrent Cleanup for Next Mark 0.630ms
[2022-09-06T05:26:47.749+0000][7][gc          ] GC(29) Concurrent Cycle 135.862ms
[2022-09-06T05:26:49.748+0000][7][safepoint   ] Safepoint "Cleanup", Time since last: 2000541040 ns, Reaching safepoint: 254378 ns, At safepoint: 3727 ns, Total: 258105 ns
[2022-09-06T05:26:52.750+0000][7][safepoint   ] Safepoint "Cleanup", Time since last: 3001096825 ns, Reaching safepoint: 214463 ns, At safepoint: 6853 ns, Total: 221316 ns
[2022-09-06T05:26:54.751+0000][7][safepoint   ] Safepoint "Cleanup", Time since last: 2000713253 ns, Reaching safepoint: 177423 ns, At safepoint: 7334 ns, Total: 184757 ns
[2022-09-06T05:26:57.752+0000][7][safepoint   ] Safepoint "Cleanup", Time since last: 3000823372 ns, Reaching safepoint: 255320 ns, At safepoint: 73328 ns, Total: 328648 ns
[2022-09-06T05:26:58.752+0000][7][safepoint   ] Safepoint "Cleanup", Time since last: 1000203794 ns, Reaching safepoint: 160351 ns, At safepoint: 7204 ns, Total: 167555 ns
[2022-09-06T05:26:59.753+0000][7][safepoint   ] Safepoint "Cleanup", Time since last: 1000628231 ns, Reaching safepoint: 345458 ns, At safepoint: 62528 ns, Total: 407986 ns
[2022-09-06T05:27:06.764+0000][7][safepoint   ] Safepoint "Cleanup", Time since last: 7001654292 ns, Reaching safepoint: 207800 ns, At safepoint: 32551 ns, Total: 240351 ns
[2022-09-06T05:27:07.765+0000][7][safepoint   ] Safepoint "Cleanup", Time since last: 1000669909 ns, Reaching safepoint: 320823 ns, At safepoint: 41808 ns, Total: 362631 ns
[2022-09-06T05:27:09.766+0000][7][safepoint   ] Safepoint "Cleanup", Time since last: 2000757997 ns, Reaching safepoint: 189697 ns, At safepoint: 4498 ns, Total: 194195 ns
[2022-09-06T05:27:10.766+0000][7][safepoint   ] Safepoint "Cleanup", Time since last: 1000545987 ns, Reaching safepoint: 229891 ns, At safepoint: 33934 ns, Total: 263825 ns
[2022-09-06T05:27:17.768+0000][7][safepoint   ] Safepoint "Cleanup", Time since last: 7001242389 ns, Reaching safepoint: 285506 ns, At safepoint: 39163 ns, Total: 324669 ns
[2022-09-06T05:27:27.770+0000][7][safepoint   ] Safepoint "Cleanup", Time since last: 10001719442 ns, Reaching safepoint: 330300 ns, At safepoint: 70031 ns, Total: 400331 ns
[2022-09-06T05:27:28.771+0000][7][safepoint   ] Safepoint "Cleanup", Time since last: 1000832666 ns, Reaching safepoint: 383048 ns, At safepoint: 59682 ns, Total: 442730 ns
[2022-09-06T05:27:29.772+0000][7][safepoint   ] Safepoint "Cleanup", Time since last: 1000662145 ns, Reaching safepoint: 238077 ns, At safepoint: 37971 ns, Total: 276048 ns
[2022-09-06T05:27:30.773+0000][7][safepoint   ] Safepoint "Cleanup", Time since last: 1000602353 ns, Reaching safepoint: 254017 ns, At safepoint: 11431 ns, Total: 265448 ns
[2022-09-06T05:27:31.774+0000][7][safepoint   ] Safepoint "Cleanup", Time since last: 1000560064 ns, Reaching safepoint: 325120 ns, At safepoint: 45315 ns, Total: 370435 ns
[2022-09-06T05:27:32.775+0000][7][safepoint   ] Safepoint "Cleanup", Time since last: 1000665612 ns, Reaching safepoint: 207870 ns, At safepoint: 33833 ns, Total: 241703 ns
[2022-09-06T05:27:34.777+0000][7][safepoint   ] Safepoint "Cleanup", Time since last: 2000625098 ns, Reaching safepoint: 214162 ns, At safepoint: 3978 ns, Total: 218140 ns
[2022-09-06T05:27:35.778+0000][7][safepoint   ] Safepoint "Cleanup", Time since last: 1000829409 ns, Reaching safepoint: 257322 ns, At safepoint: 18866 ns, Total: 276188 ns
[2022-09-06T05:27:36.779+0000][7][safepoint   ] Safepoint "Cleanup", Time since last: 1000585722 ns, Reaching safepoint: 252914 ns, At safepoint: 8727 ns, Total: 261641 ns
[2022-09-06T05:27:37.780+0000][7][safepoint   ] Safepoint "Cleanup", Time since last: 1000583046 ns, Reaching safepoint: 289313 ns, At safepoint: 70072 ns, Total: 359385 ns
[2022-09-06T05:27:40.781+0000][7][safepoint   ] Safepoint "Cleanup", Time since last: 3000913672 ns, Reaching safepoint: 182152 ns, At safepoint: 7393 ns, Total: 189545 ns
[2022-09-06T05:27:45.782+0000][7][safepoint   ] Safepoint "Cleanup", Time since last: 5001033092 ns, Reaching safepoint: 272231 ns, At safepoint: 37410 ns, Total: 309641 ns
[2022-09-06T05:27:46.783+0000][7][safepoint   ] Safepoint "Cleanup", Time since last: 1000593736 ns, Reaching safepoint: 223109 ns, At safepoint: 52209 ns, Total: 275318 ns
[2022-09-06T05:27:47.784+0000][7][safepoint   ] Safepoint "Cleanup", Time since last: 1000701959 ns, Reaching safepoint: 199965 ns, At safepoint: 4629 ns, Total: 204594 ns
[2022-09-06T05:27:49.786+0000][7][safepoint   ] Safepoint "Cleanup", Time since last: 2000757006 ns, Reaching safepoint: 404428 ns, At safepoint: 68930 ns, Total: 473358 ns
[2022-09-06T05:27:50.786+0000][7][safepoint   ] Safepoint "Cleanup", Time since last: 1000662315 ns, Reaching safepoint: 160592 ns, At safepoint: 7614 ns, Total: 168206 ns
[2022-09-06T05:27:53.787+0000][7][safepoint   ] Safepoint "Cleanup", Time since last: 3000736730 ns, Reaching safepoint: 218620 ns, At safepoint: 5120 ns, Total: 223740 ns
[2022-09-06T05:27:57.789+0000][7][safepoint   ] Safepoint "Cleanup", Time since last: 4000957076 ns, Reaching safepoint: 266741 ns, At safepoint: 47429 ns, Total: 314170 ns
[2022-09-06T05:27:59.790+0000][7][safepoint   ] Safepoint "Cleanup", Time since last: 2000645366 ns, Reaching safepoint: 254477 ns, At safepoint: 67166 ns, Total: 321643 ns
[2022-09-06T05:28:04.791+0000][7][safepoint   ] Safepoint "Cleanup", Time since last: 5001082474 ns, Reaching safepoint: 367590 ns, At safepoint: 36258 ns, Total: 403848 ns
[2022-09-06T05:28:05.792+0000][7][safepoint   ] Safepoint "Cleanup", Time since last: 1000601311 ns, Reaching safepoint: 175720 ns, At safepoint: 7363 ns, Total: 183083 ns
[2022-09-06T05:28:07.793+0000][7][safepoint   ] Safepoint "Cleanup", Time since last: 2000670454 ns, Reaching safepoint: 332273 ns, At safepoint: 38522 ns, Total: 370795 ns
[2022-09-06T05:28:11.794+0000][7][safepoint   ] Safepoint "Cleanup", Time since last: 4000853412 ns, Reaching safepoint: 194134 ns, At safepoint: 7625 ns, Total: 201759 ns
[2022-09-06T05:28:17.795+0000][7][safepoint   ] Safepoint "Cleanup", Time since last: 6001209274 ns, Reaching safepoint: 228569 ns, At safepoint: 6863 ns, Total: 235432 ns
[2022-09-06T05:28:25.797+0000][7][safepoint   ] Safepoint "Cleanup", Time since last: 8001543296 ns, Reaching safepoint: 352421 ns, At safepoint: 39665 ns, Total: 392086 ns
[2022-09-06T05:28:27.798+0000][7][safepoint   ] Safepoint "Cleanup", Time since last: 2000687615 ns, Reaching safepoint: 322174 ns, At safepoint: 63119 ns, Total: 385293 ns
[2022-09-06T05:28:28.799+0000][7][safepoint   ] Safepoint "Cleanup", Time since last: 1000663017 ns, Reaching safepoint: 281939 ns, At safepoint: 37019 ns, Total: 318958 ns
[2022-09-06T05:28:32.800+0000][7][safepoint   ] Safepoint "Cleanup", Time since last: 4000828796 ns, Reaching safepoint: 219972 ns, At safepoint: 27983 ns, Total: 247955 ns
[2022-09-06T05:28:37.801+0000][7][safepoint   ] Safepoint "Cleanup", Time since last: 5001052166 ns, Reaching safepoint: 234951 ns, At safepoint: 38522 ns, Total: 273473 ns
[2022-09-06T05:28:38.802+0000][7][safepoint   ] Safepoint "Cleanup", Time since last: 1000475004 ns, Reaching safepoint: 183895 ns, At safepoint: 8096 ns, Total: 191991 ns
[2022-09-06T05:28:45.804+0000][7][safepoint   ] Safepoint "Cleanup", Time since last: 7001325875 ns, Reaching safepoint: 177874 ns, At safepoint: 29345 ns, Total: 207219 ns
[2022-09-06T05:28:47.805+0000][7][safepoint   ] Safepoint "Cleanup", Time since last: 2000643973 ns, Reaching safepoint: 253606 ns, At safepoint: 72867 ns, Total: 326473 ns
[2022-09-06T05:28:54.806+0000][7][safepoint   ] Safepoint "Cleanup", Time since last: 7001219667 ns, Reaching safepoint: 246302 ns, At safepoint: 11692 ns, Total: 257994 ns
[2022-09-06T05:28:57.807+0000][7][safepoint   ] Safepoint "Cleanup", Time since last: 3000777126 ns, Reaching safepoint: 213180 ns, At safepoint: 35015 ns, Total: 248195 ns
[2022-09-06T05:29:00.808+0000][7][safepoint   ] Safepoint "Cleanup", Time since last: 3000859430 ns, Reaching safepoint: 178295 ns, At safepoint: 10680 ns, Total: 188975 ns
[2022-09-06T05:29:05.810+0000][7][safepoint   ] Safepoint "Cleanup", Time since last: 5001083565 ns, Reaching safepoint: 253937 ns, At safepoint: 35637 ns, Total: 289574 ns
[2022-09-06T05:29:07.811+0000][7][safepoint   ] Safepoint "Cleanup", Time since last: 2000642400 ns, Reaching safepoint: 254929 ns, At safepoint: 84618 ns, Total: 339547 ns
[2022-09-06T05:29:09.812+0000][7][safepoint   ] Safepoint "Cleanup", Time since last: 2000698797 ns, Reaching safepoint: 175028 ns, At safepoint: 3828 ns, Total: 178856 ns
[2022-09-06T05:29:10.812+0000][7][safepoint   ] Safepoint "Cleanup", Time since last: 1000445729 ns, Reaching safepoint: 204363 ns, At safepoint: 8035 ns, Total: 212398 ns
[2022-09-06T05:29:16.814+0000][7][safepoint   ] Safepoint "Cleanup", Time since last: 6001107052 ns, Reaching safepoint: 265699 ns, At safepoint: 39705 ns, Total: 305404 ns
[2022-09-06T05:29:17.815+0000][7][safepoint   ] Safepoint "Cleanup", Time since last: 1000458693 ns, Reaching safepoint: 255710 ns, At safepoint: 34665 ns, Total: 290375 ns
[2022-09-06T05:29:27.569+0000][7][safepoint   ] Safepoint "Cleanup", Time since last: 9753669198 ns, Reaching safepoint: 341130 ns, At safepoint: 57237 ns, Total: 398367 ns
[2022-09-06T05:29:28.891+0000][7][safepoint   ] Safepoint "Cleanup", Time since last: 1321723198 ns, Reaching safepoint: 380715 ns, At safepoint: 40345 ns, Total: 421060 ns
[2022-09-06T05:29:31.892+0000][7][safepoint   ] Safepoint "Cleanup", Time since last: 3001053405 ns, Reaching safepoint: 232106 ns, At safepoint: 32781 ns, Total: 264887 ns
[2022-09-06T05:29:35.893+0000][7][safepoint   ] Safepoint "Cleanup", Time since last: 4000920186 ns, Reaching safepoint: 201038 ns, At safepoint: 8125 ns, Total: 209163 ns
[2022-09-06T05:29:37.601+0000][7][gc,start    ] GC(30) Pause Young (Normal) (G1 Evacuation Pause)
[2022-09-06T05:29:37.602+0000][7][gc,task     ] GC(30) Using 6 workers of 6 for evacuation
[2022-09-06T05:29:37.603+0000][7][gc,age      ] GC(30) Desired survivor size 8388608 bytes, new threshold 15 (max threshold 15)
[2022-09-06T05:29:37.627+0000][7][gc,age      ] GC(30) Age table with threshold 15 (max threshold 15)
[2022-09-06T05:29:37.627+0000][7][gc,age      ] GC(30) - age   1:      60208 bytes,      60208 total
[2022-09-06T05:29:37.627+0000][7][gc,age      ] GC(30) - age   2:     697336 bytes,     757544 total
[2022-09-06T05:29:37.628+0000][7][gc,age      ] GC(30) - age   3:    5353304 bytes,    6110848 total
[2022-09-06T05:29:37.628+0000][7][gc,phases   ] GC(30)   Pre Evacuate Collection Set: 0.6ms
[2022-09-06T05:29:37.628+0000][7][gc,phases   ] GC(30)   Merge Heap Roots: 0.6ms
[2022-09-06T05:29:37.629+0000][7][gc,phases   ] GC(30)   Evacuate Collection Set: 19.0ms
[2022-09-06T05:29:37.629+0000][7][gc,phases   ] GC(30)   Post Evacuate Collection Set: 1.5ms
[2022-09-06T05:29:37.629+0000][7][gc,phases   ] GC(30)   Other: 4.9ms
[2022-09-06T05:29:37.629+0000][7][gc,heap     ] GC(30) Eden regions: 26->0(27)
[2022-09-06T05:29:37.630+0000][7][gc,heap     ] GC(30) Survivor regions: 2->2(4)
[2022-09-06T05:29:37.630+0000][7][gc,heap     ] GC(30) Old regions: 18->18
[2022-09-06T05:29:37.630+0000][7][gc,heap     ] GC(30) Archive regions: 2->2
[2022-09-06T05:29:37.630+0000][7][gc,heap     ] GC(30) Humongous regions: 2->2
[2022-09-06T05:29:37.631+0000][7][gc,metaspace] GC(30) Metaspace: 94200K(98636K)->94200K(98636K) NonClass: 81682K(84992K)->81682K(84992K) Class: 12517K(13644K)->12517K(13644K)
[2022-09-06T05:29:37.631+0000][7][gc          ] GC(30) Pause Young (Normal) (G1 Evacuation Pause) 194M->90M(256M) 29.476ms
[2022-09-06T05:29:37.631+0000][7][gc,cpu      ] GC(30) User=0.07s Sys=0.01s Real=0.03s
[2022-09-06T05:29:37.632+0000][7][safepoint   ] Safepoint "G1CollectForAllocation", Time since last: 1705204173 ns, Reaching safepoint: 2858305 ns, At safepoint: 30267803 ns, Total: 33126108 ns
[2022-09-06T05:29:38.634+0000][7][safepoint   ] Safepoint "Cleanup", Time since last: 1001598643 ns, Reaching safepoint: 299151 ns, At safepoint: 36569 ns, Total: 335720 ns
[2022-09-06T05:29:42.635+0000][7][safepoint   ] Safepoint "Cleanup", Time since last: 4000956805 ns, Reaching safepoint: 236113 ns, At safepoint: 3858 ns, Total: 239971 ns
[2022-09-06T05:29:43.636+0000][7][safepoint   ] Safepoint "Cleanup", Time since last: 1001270276 ns, Reaching safepoint: 402716 ns, At safepoint: 45595 ns, Total: 448311 ns
[2022-09-06T05:29:46.637+0000][7][safepoint   ] Safepoint "Cleanup", Time since last: 3000784109 ns, Reaching safepoint: 201248 ns, At safepoint: 4368 ns, Total: 205616 ns
[2022-09-06T05:29:47.638+0000][7][safepoint   ] Safepoint "Cleanup", Time since last: 1000585491 ns, Reaching safepoint: 239159 ns, At safepoint: 34756 ns, Total: 273915 ns
[2022-09-06T05:29:55.640+0000][7][safepoint   ] Safepoint "Cleanup", Time since last: 8001340996 ns, Reaching safepoint: 179407 ns, At safepoint: 8696 ns, Total: 188103 ns
[2022-09-06T05:29:57.641+0000][7][safepoint   ] Safepoint "Cleanup", Time since last: 2000895395 ns, Reaching safepoint: 326022 ns, At safepoint: 57909 ns, Total: 383931 ns
[2022-09-06T05:30:05.643+0000][7][safepoint   ] Safepoint "Cleanup", Time since last: 8001464758 ns, Reaching safepoint: 212248 ns, At safepoint: 28685 ns, Total: 240933 ns
[2022-09-06T05:30:07.644+0000][7][safepoint   ] Safepoint "Cleanup", Time since last: 2000869486 ns, Reaching safepoint: 236394 ns, At safepoint: 35125 ns, Total: 271519 ns
[2022-09-06T05:30:24.647+0000][7][safepoint   ] Safepoint "Cleanup", Time since last: 17002542885 ns, Reaching safepoint: 313158 ns, At safepoint: 39013 ns, Total: 352171 ns
[2022-09-06T05:30:25.648+0000][7][safepoint   ] Safepoint "Cleanup", Time since last: 1000497826 ns, Reaching safepoint: 625715 ns, At safepoint: 3887 ns, Total: 629602 ns
[2022-09-06T05:30:27.649+0000][7][safepoint   ] Safepoint "Cleanup", Time since last: 2001146086 ns, Reaching safepoint: 310012 ns, At safepoint: 81753 ns, Total: 391765 ns
[2022-09-06T05:30:28.650+0000][7][safepoint   ] Safepoint "Cleanup", Time since last: 1000607102 ns, Reaching safepoint: 192501 ns, At safepoint: 71865 ns, Total: 264366 ns
[2022-09-06T05:30:35.652+0000][7][safepoint   ] Safepoint "Cleanup", Time since last: 7001570685 ns, Reaching safepoint: 309030 ns, At safepoint: 65643 ns, Total: 374673 ns
[2022-09-06T05:30:38.557+0000][7][safepoint   ] Safepoint "Cleanup", Time since last: 2904482891 ns, Reaching safepoint: 329559 ns, At safepoint: 32511 ns, Total: 362070 ns
[2022-09-06T05:30:39.558+0000][7][safepoint   ] Safepoint "Cleanup", Time since last: 1000420962 ns, Reaching safepoint: 536457 ns, At safepoint: 5931 ns, Total: 542388 ns
[2022-09-06T05:30:43.559+0000][7][safepoint   ] Safepoint "Cleanup", Time since last: 4001001169 ns, Reaching safepoint: 217738 ns, At safepoint: 31720 ns, Total: 249458 ns
[2022-09-06T05:30:45.560+0000][7][safepoint   ] Safepoint "Cleanup", Time since last: 2000723272 ns, Reaching safepoint: 324870 ns, At safepoint: 3787 ns, Total: 328657 ns
[2022-09-06T05:30:48.571+0000][7][safepoint   ] Safepoint "Cleanup", Time since last: 3010627522 ns, Reaching safepoint: 220314 ns, At safepoint: 29084 ns, Total: 249398 ns
[2022-09-06T05:30:58.573+0000][7][safepoint   ] Safepoint "Cleanup", Time since last: 10001622980 ns, Reaching safepoint: 175750 ns, At safepoint: 7494 ns, Total: 183244 ns
[2022-09-06T05:31:07.576+0000][7][safepoint   ] Safepoint "Cleanup", Time since last: 9002901157 ns, Reaching safepoint: 369773 ns, At safepoint: 102894 ns, Total: 472667 ns
[2022-09-06T05:31:08.589+0000][7][safepoint   ] Safepoint "Cleanup", Time since last: 1012887838 ns, Reaching safepoint: 233028 ns, At safepoint: 8065 ns, Total: 241093 ns
[2022-09-06T05:31:17.591+0000][7][safepoint   ] Safepoint "Cleanup", Time since last: 9001537919 ns, Reaching safepoint: 251962 ns, At safepoint: 38172 ns, Total: 290134 ns
[2022-09-06T05:31:19.592+0000][7][safepoint   ] Safepoint "Cleanup", Time since last: 2000865690 ns, Reaching safepoint: 181580 ns, At safepoint: 10901 ns, Total: 192481 ns
[2022-09-06T05:31:25.594+0000][7][safepoint   ] Safepoint "Cleanup", Time since last: 6001096893 ns, Reaching safepoint: 231625 ns, At safepoint: 6602 ns, Total: 238227 ns
[2022-09-06T05:31:26.595+0000][7][safepoint   ] Safepoint "Cleanup", Time since last: 1000545837 ns, Reaching safepoint: 292800 ns, At safepoint: 65593 ns, Total: 358393 ns
[2022-09-06T05:31:28.595+0000][7][safepoint   ] Safepoint "Cleanup", Time since last: 2000496907 ns, Reaching safepoint: 196699 ns, At safepoint: 7123 ns, Total: 203822 ns
[2022-09-06T05:31:31.597+0000][7][safepoint   ] Safepoint "Cleanup", Time since last: 3000848811 ns, Reaching safepoint: 256181 ns, At safepoint: 32831 ns, Total: 289012 ns
[2022-09-06T05:31:32.598+0000][7][safepoint   ] Safepoint "Cleanup", Time since last: 1000932242 ns, Reaching safepoint: 234951 ns, At safepoint: 3527 ns, Total: 238478 ns
[2022-09-06T05:31:35.599+0000][7][safepoint   ] Safepoint "Cleanup", Time since last: 3000893954 ns, Reaching safepoint: 275237 ns, At safepoint: 38853 ns, Total: 314090 ns
[2022-09-06T05:31:38.601+0000][7][safepoint   ] Safepoint "Cleanup", Time since last: 3001212423 ns, Reaching safepoint: 443352 ns, At safepoint: 37571 ns, Total: 480923 ns
[2022-09-06T05:31:41.602+0000][7][safepoint   ] Safepoint "Cleanup", Time since last: 3001194458 ns, Reaching safepoint: 194816 ns, At safepoint: 7464 ns, Total: 202280 ns
[2022-09-06T05:31:47.604+0000][7][safepoint   ] Safepoint "Cleanup", Time since last: 6001152488 ns, Reaching safepoint: 233648 ns, At safepoint: 8135 ns, Total: 241783 ns
[2022-09-06T05:31:49.604+0000][7][safepoint   ] Safepoint "Cleanup", Time since last: 2000530521 ns, Reaching safepoint: 226565 ns, At safepoint: 4298 ns, Total: 230863 ns
[2022-09-06T05:31:54.606+0000][7][safepoint   ] Safepoint "Cleanup", Time since last: 5001052889 ns, Reaching safepoint: 174707 ns, At safepoint: 7064 ns, Total: 181771 ns
[2022-09-06T05:31:55.607+0000][7][safepoint   ] Safepoint "Cleanup", Time since last: 1000589779 ns, Reaching safepoint: 203362 ns, At safepoint: 5470 ns, Total: 208832 ns
[2022-09-06T05:31:58.609+0000][7][safepoint   ] Safepoint "Cleanup", Time since last: 3001842595 ns, Reaching safepoint: 228419 ns, At safepoint: 3446 ns, Total: 231865 ns
[2022-09-06T05:32:02.610+0000][7][safepoint   ] Safepoint "Cleanup", Time since last: 4000950765 ns, Reaching safepoint: 205926 ns, At safepoint: 7114 ns, Total: 213040 ns
[2022-09-06T05:32:07.610+0000][7][safepoint   ] Safepoint "Cleanup", Time since last: 5001007723 ns, Reaching safepoint: 146585 ns, At safepoint: 48661 ns, Total: 195246 ns
[2022-09-06T05:32:10.612+0000][7][safepoint   ] Safepoint "Cleanup", Time since last: 3001554716 ns, Reaching safepoint: 180648 ns, At safepoint: 6883 ns, Total: 187531 ns
[2022-09-06T05:32:11.613+0000][7][safepoint   ] Safepoint "Cleanup", Time since last: 1000476607 ns, Reaching safepoint: 195307 ns, At safepoint: 6723 ns, Total: 202030 ns
[2022-09-06T05:32:12.614+0000][7][safepoint   ] Safepoint "Cleanup", Time since last: 1000573488 ns, Reaching safepoint: 221316 ns, At safepoint: 6903 ns, Total: 228219 ns
[2022-09-06T05:32:13.615+0000][7][safepoint   ] Safepoint "Cleanup", Time since last: 1000940918 ns, Reaching safepoint: 207269 ns, At safepoint: 28964 ns, Total: 236233 ns
[2022-09-06T05:32:19.616+0000][7][safepoint   ] Safepoint "Cleanup", Time since last: 6001139603 ns, Reaching safepoint: 373532 ns, At safepoint: 38843 ns, Total: 412375 ns
[2022-09-06T05:32:25.618+0000][7][safepoint   ] Safepoint "Cleanup", Time since last: 6001162516 ns, Reaching safepoint: 222708 ns, At safepoint: 3597 ns, Total: 226305 ns
[2022-09-06T05:32:27.917+0000][7][gc,start    ] GC(31) Pause Young (Concurrent Start) (G1 Evacuation Pause)
[2022-09-06T05:32:27.918+0000][7][gc,task     ] GC(31) Using 6 workers of 6 for evacuation
[2022-09-06T05:32:27.918+0000][7][gc,age      ] GC(31) Desired survivor size 8388608 bytes, new threshold 15 (max threshold 15)
[2022-09-06T05:32:27.933+0000][7][gc,age      ] GC(31) Age table with threshold 15 (max threshold 15)
[2022-09-06T05:32:27.934+0000][7][gc,age      ] GC(31) - age   1:      77896 bytes,      77896 total
[2022-09-06T05:32:27.934+0000][7][gc,age      ] GC(31) - age   2:      15984 bytes,      93880 total
[2022-09-06T05:32:27.934+0000][7][gc,age      ] GC(31) - age   3:     681000 bytes,     774880 total
[2022-09-06T05:32:27.935+0000][7][gc,age      ] GC(31) - age   4:    4983560 bytes,    5758440 total
[2022-09-06T05:32:27.935+0000][7][gc,phases   ] GC(31)   Pre Evacuate Collection Set: 0.4ms
[2022-09-06T05:32:27.935+0000][7][gc,phases   ] GC(31)   Merge Heap Roots: 0.2ms
[2022-09-06T05:32:27.935+0000][7][gc,phases   ] GC(31)   Evacuate Collection Set: 11.5ms
[2022-09-06T05:32:27.936+0000][7][gc,phases   ] GC(31)   Post Evacuate Collection Set: 3.1ms
[2022-09-06T05:32:27.936+0000][7][gc,phases   ] GC(31)   Other: 2.5ms
[2022-09-06T05:32:27.936+0000][7][gc,heap     ] GC(31) Eden regions: 27->0(27)
[2022-09-06T05:32:27.936+0000][7][gc,heap     ] GC(31) Survivor regions: 2->2(4)
[2022-09-06T05:32:27.937+0000][7][gc,heap     ] GC(31) Old regions: 18->18
[2022-09-06T05:32:27.937+0000][7][gc,heap     ] GC(31) Archive regions: 2->2
[2022-09-06T05:32:27.937+0000][7][gc,heap     ] GC(31) Humongous regions: 2->2
[2022-09-06T05:32:27.937+0000][7][gc,metaspace] GC(31) Metaspace: 94506K(98892K)->94506K(98892K) NonClass: 81981K(85248K)->81981K(85248K) Class: 12524K(13644K)->12524K(13644K)
[2022-09-06T05:32:27.937+0000][7][gc          ] GC(31) Pause Young (Concurrent Start) (G1 Evacuation Pause) 198M->89M(256M) 20.190ms
[2022-09-06T05:32:27.938+0000][7][gc,cpu      ] GC(31) User=0.04s Sys=0.01s Real=0.02s
[2022-09-06T05:32:27.938+0000][7][gc          ] GC(32) Concurrent Cycle
[2022-09-06T05:32:27.939+0000][7][gc,marking  ] GC(32) Concurrent Clear Claimed Marks
[2022-09-06T05:32:27.940+0000][7][gc,marking  ] GC(32) Concurrent Clear Claimed Marks 0.869ms
[2022-09-06T05:32:27.941+0000][7][gc,marking  ] GC(32) Concurrent Scan Root Regions
[2022-09-06T05:32:27.939+0000][7][safepoint   ] Safepoint "G1CollectForAllocation", Time since last: 2299279110 ns, Reaching safepoint: 185317 ns, At safepoint: 21514707 ns, Total: 21700024 ns
[2022-09-06T05:32:27.945+0000][7][gc,marking  ] GC(32) Concurrent Scan Root Regions 4.674ms
[2022-09-06T05:32:27.946+0000][7][gc,marking  ] GC(32) Concurrent Mark (507.329s)
[2022-09-06T05:32:27.946+0000][7][gc,marking  ] GC(32) Concurrent Mark From Roots
[2022-09-06T05:32:27.946+0000][7][gc,task     ] GC(32) Using 2 workers of 2 for marking
[2022-09-06T05:32:28.020+0000][7][gc,marking  ] GC(32) Concurrent Mark From Roots 74.293ms
[2022-09-06T05:32:28.021+0000][7][gc,marking  ] GC(32) Concurrent Preclean
[2022-09-06T05:32:28.021+0000][7][gc,marking  ] GC(32) Concurrent Preclean 0.954ms
[2022-09-06T05:32:28.022+0000][7][gc,marking  ] GC(32) Concurrent Mark (507.329s, 507.405s) 76.116ms
[2022-09-06T05:32:28.022+0000][7][gc,start    ] GC(32) Pause Remark
[2022-09-06T05:32:28.134+0000][7][gc          ] GC(32) Pause Remark 90M->90M(256M) 111.832ms
[2022-09-06T05:32:28.135+0000][7][gc,cpu      ] GC(32) User=0.58s Sys=0.00s Real=0.11s
[2022-09-06T05:32:28.135+0000][7][safepoint   ] Safepoint "G1Concurrent", Time since last: 83313744 ns, Reaching safepoint: 273233 ns, At safepoint: 112612819 ns, Total: 112886052 ns
[2022-09-06T05:32:28.135+0000][7][gc,marking  ] GC(32) Concurrent Rebuild Remembered Sets
[2022-09-06T05:32:28.183+0000][7][gc,marking  ] GC(32) Concurrent Rebuild Remembered Sets 47.340ms
[2022-09-06T05:32:28.183+0000][7][gc,start    ] GC(32) Pause Cleanup
[2022-09-06T05:32:28.184+0000][7][gc          ] GC(32) Pause Cleanup 90M->90M(256M) 0.570ms
[2022-09-06T05:32:28.184+0000][7][gc,cpu      ] GC(32) User=0.00s Sys=0.00s Real=0.00s
[2022-09-06T05:32:28.185+0000][7][safepoint   ] Safepoint "G1Concurrent", Time since last: 48249520 ns, Reaching safepoint: 285346 ns, At safepoint: 1233384 ns, Total: 1518730 ns
[2022-09-06T05:32:28.185+0000][7][gc,marking  ] GC(32) Concurrent Cleanup for Next Mark
[2022-09-06T05:32:28.186+0000][7][gc,marking  ] GC(32) Concurrent Cleanup for Next Mark 0.663ms
[2022-09-06T05:32:28.186+0000][7][gc          ] GC(32) Concurrent Cycle 248.012ms
[2022-09-06T05:32:29.185+0000][7][safepoint   ] Safepoint "Cleanup", Time since last: 1000439037 ns, Reaching safepoint: 308950 ns, At safepoint: 35837 ns, Total: 344787 ns
[2022-09-06T05:32:30.186+0000][7][safepoint   ] Safepoint "Cleanup", Time since last: 1000516241 ns, Reaching safepoint: 358723 ns, At safepoint: 35116 ns, Total: 393839 ns
[2022-09-06T05:32:31.187+0000][7][safepoint   ] Safepoint "Cleanup", Time since last: 1000492888 ns, Reaching safepoint: 192571 ns, At safepoint: 3306 ns, Total: 195877 ns
[2022-09-06T05:32:35.189+0000][7][safepoint   ] Safepoint "Cleanup", Time since last: 4001026286 ns, Reaching safepoint: 267932 ns, At safepoint: 39174 ns, Total: 307106 ns
[2022-09-06T05:32:37.189+0000][7][safepoint   ] Safepoint "Cleanup", Time since last: 2000669732 ns, Reaching safepoint: 223469 ns, At safepoint: 4098 ns, Total: 227567 ns
[2022-09-06T05:32:38.190+0000][7][safepoint   ] Safepoint "Cleanup", Time since last: 1000535808 ns, Reaching safepoint: 342663 ns, At safepoint: 55765 ns, Total: 398428 ns
[2022-09-06T05:32:48.192+0000][7][safepoint   ] Safepoint "Cleanup", Time since last: 10001617059 ns, Reaching safepoint: 223369 ns, At safepoint: 33573 ns, Total: 256942 ns
[2022-09-06T05:32:54.194+0000][7][safepoint   ] Safepoint "Cleanup", Time since last: 6001344018 ns, Reaching safepoint: 198623 ns, At safepoint: 6011 ns, Total: 204634 ns
[2022-09-06T05:32:56.195+0000][7][safepoint   ] Safepoint "Cleanup", Time since last: 2000837155 ns, Reaching safepoint: 456007 ns, At safepoint: 78056 ns, Total: 534063 ns
[2022-09-06T05:33:01.197+0000][7][safepoint   ] Safepoint "Cleanup", Time since last: 5001344736 ns, Reaching safepoint: 213510 ns, At safepoint: 33714 ns, Total: 247224 ns
[2022-09-06T05:33:07.198+0000][7][safepoint   ] Safepoint "Cleanup", Time since last: 6001505670 ns, Reaching safepoint: 203913 ns, At safepoint: 8366 ns, Total: 212279 ns
[2022-09-06T05:33:08.199+0000][7][safepoint   ] Safepoint "Cleanup", Time since last: 1000483199 ns, Reaching safepoint: 175720 ns, At safepoint: 4879 ns, Total: 180599 ns
[2022-09-06T05:33:10.200+0000][7][safepoint   ] Safepoint "Cleanup", Time since last: 2000589992 ns, Reaching safepoint: 210796 ns, At safepoint: 30908 ns, Total: 241704 ns
[2022-09-06T05:33:13.201+0000][7][safepoint   ] Safepoint "Cleanup", Time since last: 3000833571 ns, Reaching safepoint: 265268 ns, At safepoint: 40236 ns, Total: 305504 ns
[2022-09-06T05:33:28.204+0000][7][safepoint   ] Safepoint "Cleanup", Time since last: 15002134683 ns, Reaching safepoint: 337443 ns, At safepoint: 13716 ns, Total: 351159 ns
[2022-09-06T05:33:31.206+0000][7][safepoint   ] Safepoint "Cleanup", Time since last: 3001245014 ns, Reaching safepoint: 653987 ns, At safepoint: 36078 ns, Total: 690065 ns
[2022-09-06T05:33:35.207+0000][7][safepoint   ] Safepoint "Cleanup", Time since last: 4000975681 ns, Reaching safepoint: 315252 ns, At safepoint: 29705 ns, Total: 344957 ns
[2022-09-06T05:33:38.208+0000][7][safepoint   ] Safepoint "Cleanup", Time since last: 3000921527 ns, Reaching safepoint: 203923 ns, At safepoint: 7874 ns, Total: 211797 ns
[2022-09-06T05:33:43.209+0000][7][safepoint   ] Safepoint "Cleanup", Time since last: 5000746073 ns, Reaching safepoint: 229471 ns, At safepoint: 9077 ns, Total: 238548 ns
[2022-09-06T05:33:56.212+0000][7][safepoint   ] Safepoint "Cleanup", Time since last: 13002787353 ns, Reaching safepoint: 207539 ns, At safepoint: 7705 ns, Total: 215244 ns
[2022-09-06T05:33:58.213+0000][7][safepoint   ] Safepoint "Cleanup", Time since last: 2000872131 ns, Reaching safepoint: 290706 ns, At safepoint: 43311 ns, Total: 334017 ns
[2022-09-06T05:34:08.215+0000][7][safepoint   ] Safepoint "Cleanup", Time since last: 10001920979 ns, Reaching safepoint: 210846 ns, At safepoint: 38733 ns, Total: 249579 ns
[2022-09-06T05:34:16.218+0000][7][safepoint   ] Safepoint "Cleanup", Time since last: 8002077248 ns, Reaching safepoint: 338315 ns, At safepoint: 38282 ns, Total: 376597 ns
[2022-09-06T05:34:18.219+0000][7][safepoint   ] Safepoint "Cleanup", Time since last: 2001015600 ns, Reaching safepoint: 222247 ns, At safepoint: 9608 ns, Total: 231855 ns
[2022-09-06T05:34:20.220+0000][7][safepoint   ] Safepoint "Cleanup", Time since last: 2000585655 ns, Reaching safepoint: 240471 ns, At safepoint: 34755 ns, Total: 275226 ns
[2022-09-06T05:34:22.221+0000][7][safepoint   ] Safepoint "Cleanup", Time since last: 2000644435 ns, Reaching safepoint: 216826 ns, At safepoint: 8567 ns, Total: 225393 ns
[2022-09-06T05:34:25.222+0000][7][safepoint   ] Safepoint "Cleanup", Time since last: 3000762237 ns, Reaching safepoint: 216006 ns, At safepoint: 28554 ns, Total: 244560 ns
[2022-09-06T05:34:28.223+0000][7][safepoint   ] Safepoint "Cleanup", Time since last: 3000834393 ns, Reaching safepoint: 300343 ns, At safepoint: 52659 ns, Total: 353002 ns
[2022-09-06T05:34:32.225+0000][7][safepoint   ] Safepoint "Cleanup", Time since last: 4001537996 ns, Reaching safepoint: 368191 ns, At safepoint: 36178 ns, Total: 404369 ns
[2022-09-06T05:34:38.227+0000][7][safepoint   ] Safepoint "Cleanup", Time since last: 6001462129 ns, Reaching safepoint: 343695 ns, At safepoint: 40416 ns, Total: 384111 ns
[2022-09-06T05:34:44.229+0000][7][safepoint   ] Safepoint "Cleanup", Time since last: 6001328317 ns, Reaching safepoint: 255760 ns, At safepoint: 34956 ns, Total: 290716 ns
[2022-09-06T05:34:45.229+0000][7][safepoint   ] Safepoint "Cleanup", Time since last: 1000613684 ns, Reaching safepoint: 272942 ns, At safepoint: 38222 ns, Total: 311164 ns
[2022-09-06T05:34:48.231+0000][7][safepoint   ] Safepoint "Cleanup", Time since last: 3000801402 ns, Reaching safepoint: 298249 ns, At safepoint: 12414 ns, Total: 310663 ns
[2022-09-06T05:34:52.232+0000][7][safepoint   ] Safepoint "Cleanup", Time since last: 4000907864 ns, Reaching safepoint: 180949 ns, At safepoint: 10429 ns, Total: 191378 ns
[2022-09-06T05:34:53.233+0000][7][safepoint   ] Safepoint "Cleanup", Time since last: 1000605459 ns, Reaching safepoint: 264136 ns, At safepoint: 11862 ns, Total: 275998 ns
[2022-09-06T05:34:58.234+0000][7][safepoint   ] Safepoint "Cleanup", Time since last: 5000917765 ns, Reaching safepoint: 194906 ns, At safepoint: 4078 ns, Total: 198984 ns
[2022-09-06T05:34:59.235+0000][7][safepoint   ] Safepoint "Cleanup", Time since last: 1000733699 ns, Reaching safepoint: 424657 ns, At safepoint: 45886 ns, Total: 470543 ns
[2022-09-06T05:35:00.236+0000][7][safepoint   ] Safepoint "Cleanup", Time since last: 1000783182 ns, Reaching safepoint: 223028 ns, At safepoint: 3818 ns, Total: 226846 ns
[2022-09-06T05:35:01.237+0000][7][safepoint   ] Safepoint "Cleanup", Time since last: 1000546408 ns, Reaching safepoint: 184215 ns, At safepoint: 23074 ns, Total: 207289 ns
[2022-09-06T05:35:03.237+0000][7][safepoint   ] Safepoint "Cleanup", Time since last: 2000661847 ns, Reaching safepoint: 205014 ns, At safepoint: 7424 ns, Total: 212438 ns
[2022-09-06T05:35:08.238+0000][7][safepoint   ] Safepoint "Cleanup", Time since last: 5001079809 ns, Reaching safepoint: 326152 ns, At safepoint: 36950 ns, Total: 363102 ns
[2022-09-06T05:35:09.239+0000][7][safepoint   ] Safepoint "Cleanup", Time since last: 1000480253 ns, Reaching safepoint: 258205 ns, At safepoint: 38512 ns, Total: 296717 ns
[2022-09-06T05:35:10.240+0000][7][safepoint   ] Safepoint "Cleanup", Time since last: 1000454476 ns, Reaching safepoint: 378810 ns, At safepoint: 53040 ns, Total: 431850 ns
[2022-09-06T05:35:13.648+0000][7][gc,start    ] GC(33) Pause Young (Normal) (G1 Evacuation Pause)
[2022-09-06T05:35:13.648+0000][7][gc,task     ] GC(33) Using 6 workers of 6 for evacuation
[2022-09-06T05:35:13.649+0000][7][gc,age      ] GC(33) Desired survivor size 8388608 bytes, new threshold 15 (max threshold 15)
[2022-09-06T05:35:13.658+0000][7][gc,age      ] GC(33) Age table with threshold 15 (max threshold 15)
[2022-09-06T05:35:13.659+0000][7][gc,age      ] GC(33) - age   1:      33800 bytes,      33800 total
[2022-09-06T05:35:13.659+0000][7][gc,age      ] GC(33) - age   2:      64920 bytes,      98720 total
[2022-09-06T05:35:13.660+0000][7][gc,age      ] GC(33) - age   3:      14512 bytes,     113232 total
[2022-09-06T05:35:13.660+0000][7][gc,age      ] GC(33) - age   4:     680984 bytes,     794216 total
[2022-09-06T05:35:13.661+0000][7][gc,age      ] GC(33) - age   5:    4976520 bytes,    5770736 total
[2022-09-06T05:35:13.661+0000][7][gc,phases   ] GC(33)   Pre Evacuate Collection Set: 0.2ms
[2022-09-06T05:35:13.661+0000][7][gc,phases   ] GC(33)   Merge Heap Roots: 0.2ms
[2022-09-06T05:35:13.662+0000][7][gc,phases   ] GC(33)   Evacuate Collection Set: 7.2ms
[2022-09-06T05:35:13.662+0000][7][gc,phases   ] GC(33)   Post Evacuate Collection Set: 2.0ms
[2022-09-06T05:35:13.662+0000][7][gc,phases   ] GC(33)   Other: 3.6ms
[2022-09-06T05:35:13.663+0000][7][gc,heap     ] GC(33) Eden regions: 27->0(28)
[2022-09-06T05:35:13.663+0000][7][gc,heap     ] GC(33) Survivor regions: 2->2(4)
[2022-09-06T05:35:13.664+0000][7][gc,heap     ] GC(33) Old regions: 18->18
[2022-09-06T05:35:13.664+0000][7][gc,heap     ] GC(33) Archive regions: 2->2
[2022-09-06T05:35:13.665+0000][7][gc,heap     ] GC(33) Humongous regions: 2->2
[2022-09-06T05:35:13.665+0000][7][gc,metaspace] GC(33) Metaspace: 94555K(98892K)->94555K(98892K) NonClass: 82049K(85248K)->82049K(85248K) Class: 12506K(13644K)->12506K(13644K)
[2022-09-06T05:35:13.665+0000][7][gc          ] GC(33) Pause Young (Normal) (G1 Evacuation Pause) 197M->89M(256M) 17.492ms
[2022-09-06T05:35:13.666+0000][7][gc,cpu      ] GC(33) User=0.03s Sys=0.01s Real=0.02s
[2022-09-06T05:35:13.666+0000][7][safepoint   ] Safepoint "G1CollectForAllocation", Time since last: 3407759988 ns, Reaching safepoint: 239759 ns, At safepoint: 18637778 ns, Total: 18877537 ns
[2022-09-06T05:35:17.667+0000][7][safepoint   ] Safepoint "Cleanup", Time since last: 4000820590 ns, Reaching safepoint: 229681 ns, At safepoint: 37059 ns, Total: 266740 ns
[2022-09-06T05:35:18.669+0000][7][safepoint   ] Safepoint "Cleanup", Time since last: 1000569321 ns, Reaching safepoint: 463250 ns, At safepoint: 40496 ns, Total: 503746 ns
[2022-09-06T05:35:19.670+0000][7][safepoint   ] Safepoint "Cleanup", Time since last: 1000759267 ns, Reaching safepoint: 348324 ns, At safepoint: 39854 ns, Total: 388178 ns
[2022-09-06T05:35:26.672+0000][7][safepoint   ] Safepoint "Cleanup", Time since last: 7001749471 ns, Reaching safepoint: 185398 ns, At safepoint: 7113 ns, Total: 192511 ns
[2022-09-06T05:35:27.672+0000][7][safepoint   ] Safepoint "Cleanup", Time since last: 1000594889 ns, Reaching safepoint: 213731 ns, At safepoint: 7865 ns, Total: 221596 ns
[2022-09-06T05:35:28.673+0000][7][safepoint   ] Safepoint "Cleanup", Time since last: 1000522924 ns, Reaching safepoint: 221586 ns, At safepoint: 8496 ns, Total: 230082 ns
[2022-09-06T05:35:30.674+0000][7][safepoint   ] Safepoint "Cleanup", Time since last: 2000688327 ns, Reaching safepoint: 190146 ns, At safepoint: 3537 ns, Total: 193683 ns
[2022-09-06T05:35:37.677+0000][7][safepoint   ] Safepoint "Cleanup", Time since last: 7001269229 ns, Reaching safepoint: 274085 ns, At safepoint: 15699 ns, Total: 289784 ns
[2022-09-06T05:35:40.678+0000][7][safepoint   ] Safepoint "Cleanup", Time since last: 3000819595 ns, Reaching safepoint: 184957 ns, At safepoint: 3988 ns, Total: 188945 ns
[2022-09-06T05:35:42.679+0000][7][safepoint   ] Safepoint "Cleanup", Time since last: 2000703645 ns, Reaching safepoint: 426882 ns, At safepoint: 36518 ns, Total: 463400 ns
[2022-09-06T05:35:43.680+0000][7][safepoint   ] Safepoint "Cleanup", Time since last: 1000559613 ns, Reaching safepoint: 158156 ns, At safepoint: 7404 ns, Total: 165560 ns
[2022-09-06T05:35:44.680+0000][7][safepoint   ] Safepoint "Cleanup", Time since last: 1000545316 ns, Reaching safepoint: 298511 ns, At safepoint: 36608 ns, Total: 335119 ns
[2022-09-06T05:35:45.682+0000][7][safepoint   ] Safepoint "Cleanup", Time since last: 1001007073 ns, Reaching safepoint: 305163 ns, At safepoint: 37450 ns, Total: 342613 ns
[2022-09-06T05:35:47.683+0000][7][safepoint   ] Safepoint "Cleanup", Time since last: 2000624898 ns, Reaching safepoint: 197079 ns, At safepoint: 8005 ns, Total: 205084 ns
[2022-09-06T05:35:50.684+0000][7][safepoint   ] Safepoint "Cleanup", Time since last: 3000694611 ns, Reaching safepoint: 323397 ns, At safepoint: 54252 ns, Total: 377649 ns
[2022-09-06T05:35:54.685+0000][7][safepoint   ] Safepoint "Cleanup", Time since last: 4001024773 ns, Reaching safepoint: 319910 ns, At safepoint: 102843 ns, Total: 422753 ns
[2022-09-06T05:36:07.687+0000][7][safepoint   ] Safepoint "Cleanup", Time since last: 13002166618 ns, Reaching safepoint: 252665 ns, At safepoint: 6061 ns, Total: 258726 ns
[2022-09-06T05:36:17.690+0000][7][safepoint   ] Safepoint "Cleanup", Time since last: 10001894951 ns, Reaching safepoint: 190337 ns, At safepoint: 7464 ns, Total: 197801 ns
[2022-09-06T05:36:18.690+0000][7][safepoint   ] Safepoint "Cleanup", Time since last: 1000519287 ns, Reaching safepoint: 197411 ns, At safepoint: 7464 ns, Total: 204875 ns
[2022-09-06T05:36:20.691+0000][7][safepoint   ] Safepoint "Cleanup", Time since last: 2000779117 ns, Reaching safepoint: 288081 ns, At safepoint: 36408 ns, Total: 324489 ns
[2022-09-06T05:36:22.692+0000][7][safepoint   ] Safepoint "Cleanup", Time since last: 2000614839 ns, Reaching safepoint: 210034 ns, At safepoint: 31138 ns, Total: 241172 ns
[2022-09-06T05:36:27.694+0000][7][safepoint   ] Safepoint "Cleanup", Time since last: 5000974451 ns, Reaching safepoint: 292489 ns, At safepoint: 63920 ns, Total: 356409 ns
[2022-09-06T05:36:35.695+0000][7][safepoint   ] Safepoint "Cleanup", Time since last: 8001631992 ns, Reaching safepoint: 263504 ns, At safepoint: 37831 ns, Total: 301335 ns
[2022-09-06T05:36:37.696+0000][7][safepoint   ] Safepoint "Cleanup", Time since last: 2000699919 ns, Reaching safepoint: 391695 ns, At safepoint: 59932 ns, Total: 451627 ns
[2022-09-06T05:36:43.698+0000][7][safepoint   ] Safepoint "Cleanup", Time since last: 6001415371 ns, Reaching safepoint: 211878 ns, At safepoint: 39003 ns, Total: 250881 ns
[2022-09-06T05:36:47.699+0000][7][safepoint   ] Safepoint "Cleanup", Time since last: 4001172871 ns, Reaching safepoint: 152226 ns, At safepoint: 7414 ns, Total: 159640 ns
[2022-09-06T05:36:55.701+0000][7][safepoint   ] Safepoint "Cleanup", Time since last: 8001438520 ns, Reaching safepoint: 210945 ns, At safepoint: 6623 ns, Total: 217568 ns
[2022-09-06T05:37:02.703+0000][7][safepoint   ] Safepoint "Cleanup", Time since last: 7001383804 ns, Reaching safepoint: 178405 ns, At safepoint: 11872 ns, Total: 190277 ns
[2022-09-06T05:37:07.704+0000][7][safepoint   ] Safepoint "Cleanup", Time since last: 5001052618 ns, Reaching safepoint: 213851 ns, At safepoint: 7294 ns, Total: 221145 ns
[2022-09-06T05:37:15.706+0000][7][safepoint   ] Safepoint "Cleanup", Time since last: 8001716200 ns, Reaching safepoint: 268334 ns, At safepoint: 8736 ns, Total: 277070 ns
[2022-09-06T05:37:16.709+0000][7][safepoint   ] Safepoint "Cleanup", Time since last: 1002918089 ns, Reaching safepoint: 246342 ns, At safepoint: 31810 ns, Total: 278152 ns
[2022-09-06T05:37:17.710+0000][7][safepoint   ] Safepoint "Cleanup", Time since last: 1000535037 ns, Reaching safepoint: 172494 ns, At safepoint: 7283 ns, Total: 179777 ns
[2022-09-06T05:37:20.711+0000][7][safepoint   ] Safepoint "Cleanup", Time since last: 3000824445 ns, Reaching safepoint: 216145 ns, At safepoint: 19868 ns, Total: 236013 ns
[2022-09-06T05:37:30.713+0000][7][safepoint   ] Safepoint "Cleanup", Time since last: 10001834928 ns, Reaching safepoint: 214272 ns, At safepoint: 28544 ns, Total: 242816 ns
[2022-09-06T05:37:35.714+0000][7][safepoint   ] Safepoint "Cleanup", Time since last: 5001015837 ns, Reaching safepoint: 185699 ns, At safepoint: 3807 ns, Total: 189506 ns
[2022-09-06T05:37:45.716+0000][7][safepoint   ] Safepoint "Cleanup", Time since last: 10001672935 ns, Reaching safepoint: 223078 ns, At safepoint: 6863 ns, Total: 229941 ns
[2022-09-06T05:37:47.717+0000][7][safepoint   ] Safepoint "Cleanup", Time since last: 2000653922 ns, Reaching safepoint: 272982 ns, At safepoint: 45235 ns, Total: 318217 ns
[2022-09-06T05:37:49.718+0000][7][safepoint   ] Safepoint "Cleanup", Time since last: 2000714045 ns, Reaching safepoint: 200937 ns, At safepoint: 8426 ns, Total: 209363 ns
[2022-09-06T05:37:55.719+0000][7][safepoint   ] Safepoint "Cleanup", Time since last: 6001112603 ns, Reaching safepoint: 279675 ns, At safepoint: 38943 ns, Total: 318618 ns
[2022-09-06T05:37:57.720+0000][7][safepoint   ] Safepoint "Cleanup", Time since last: 2000675302 ns, Reaching safepoint: 300785 ns, At safepoint: 58570 ns, Total: 359355 ns
[2022-09-06T05:38:00.722+0000][7][safepoint   ] Safepoint "Cleanup", Time since last: 3000903453 ns, Reaching safepoint: 377167 ns, At safepoint: 9438 ns, Total: 386605 ns
[2022-09-06T05:38:05.723+0000][7][safepoint   ] Safepoint "Cleanup", Time since last: 5001011420 ns, Reaching safepoint: 268263 ns, At safepoint: 7004 ns, Total: 275267 ns
[2022-09-06T05:38:07.724+0000][7][safepoint   ] Safepoint "Cleanup", Time since last: 2000731037 ns, Reaching safepoint: 228217 ns, At safepoint: 66215 ns, Total: 294432 ns
[2022-09-06T05:38:17.649+0000][7][gc,start    ] GC(34) Pause Young (Concurrent Start) (G1 Evacuation Pause)
[2022-09-06T05:38:17.649+0000][7][gc,task     ] GC(34) Using 6 workers of 6 for evacuation
[2022-09-06T05:38:17.650+0000][7][gc,age      ] GC(34) Desired survivor size 8388608 bytes, new threshold 15 (max threshold 15)
[2022-09-06T05:38:17.659+0000][7][gc,age      ] GC(34) Age table with threshold 15 (max threshold 15)
[2022-09-06T05:38:17.660+0000][7][gc,age      ] GC(34) - age   1:      33944 bytes,      33944 total
[2022-09-06T05:38:17.660+0000][7][gc,age      ] GC(34) - age   2:      21808 bytes,      55752 total
[2022-09-06T05:38:17.660+0000][7][gc,age      ] GC(34) - age   3:      64864 bytes,     120616 total
[2022-09-06T05:38:17.661+0000][7][gc,age      ] GC(34) - age   4:      14512 bytes,     135128 total
[2022-09-06T05:38:17.661+0000][7][gc,age      ] GC(34) - age   5:     680984 bytes,     816112 total
[2022-09-06T05:38:17.661+0000][7][gc,age      ] GC(34) - age   6:    4976520 bytes,    5792632 total
[2022-09-06T05:38:17.662+0000][7][gc,phases   ] GC(34)   Pre Evacuate Collection Set: 0.3ms
[2022-09-06T05:38:17.662+0000][7][gc,phases   ] GC(34)   Merge Heap Roots: 0.1ms
[2022-09-06T05:38:17.662+0000][7][gc,phases   ] GC(34)   Evacuate Collection Set: 7.3ms
[2022-09-06T05:38:17.663+0000][7][gc,phases   ] GC(34)   Post Evacuate Collection Set: 1.8ms
[2022-09-06T05:38:17.663+0000][7][gc,phases   ] GC(34)   Other: 3.4ms
[2022-09-06T05:38:17.663+0000][7][gc,heap     ] GC(34) Eden regions: 28->0(28)
[2022-09-06T05:38:17.663+0000][7][gc,heap     ] GC(34) Survivor regions: 2->2(4)
[2022-09-06T05:38:17.664+0000][7][gc,heap     ] GC(34) Old regions: 18->18
[2022-09-06T05:38:17.664+0000][7][gc,heap     ] GC(34) Archive regions: 2->2
[2022-09-06T05:38:17.664+0000][7][gc,heap     ] GC(34) Humongous regions: 2->2
[2022-09-06T05:38:17.664+0000][7][gc,metaspace] GC(34) Metaspace: 94687K(98892K)->94687K(98892K) NonClass: 82179K(85248K)->82179K(85248K) Class: 12507K(13644K)->12507K(13644K)
[2022-09-06T05:38:17.665+0000][7][gc          ] GC(34) Pause Young (Concurrent Start) (G1 Evacuation Pause) 201M->89M(256M) 15.859ms
[2022-09-06T05:38:17.665+0000][7][gc,cpu      ] GC(34) User=0.04s Sys=0.01s Real=0.02s
[2022-09-06T05:38:17.665+0000][7][gc          ] GC(35) Concurrent Cycle
[2022-09-06T05:38:17.666+0000][7][gc,marking  ] GC(35) Concurrent Clear Claimed Marks
[2022-09-06T05:38:17.665+0000][7][safepoint   ] Safepoint "G1CollectForAllocation", Time since last: 9924016788 ns, Reaching safepoint: 251722 ns, At safepoint: 16691204 ns, Total: 16942926 ns
[2022-09-06T05:38:17.666+0000][7][gc,marking  ] GC(35) Concurrent Clear Claimed Marks 0.463ms
[2022-09-06T05:38:17.667+0000][7][gc,marking  ] GC(35) Concurrent Scan Root Regions
[2022-09-06T05:38:17.671+0000][7][gc,marking  ] GC(35) Concurrent Scan Root Regions 4.177ms
[2022-09-06T05:38:17.671+0000][7][gc,marking  ] GC(35) Concurrent Mark (857.054s)
[2022-09-06T05:38:17.672+0000][7][gc,marking  ] GC(35) Concurrent Mark From Roots
[2022-09-06T05:38:17.672+0000][7][gc,task     ] GC(35) Using 2 workers of 2 for marking
[2022-09-06T05:38:17.737+0000][7][gc,marking  ] GC(35) Concurrent Mark From Roots 64.882ms
[2022-09-06T05:38:17.737+0000][7][gc,marking  ] GC(35) Concurrent Preclean
[2022-09-06T05:38:17.738+0000][7][gc,marking  ] GC(35) Concurrent Preclean 0.553ms
[2022-09-06T05:38:17.738+0000][7][gc,marking  ] GC(35) Concurrent Mark (857.054s, 857.121s) 66.586ms
[2022-09-06T05:38:17.739+0000][7][gc,start    ] GC(35) Pause Remark
[2022-09-06T05:38:17.744+0000][7][gc          ] GC(35) Pause Remark 90M->90M(256M) 5.764ms
[2022-09-06T05:38:17.745+0000][7][gc,cpu      ] GC(35) User=0.02s Sys=0.00s Real=0.01s
[2022-09-06T05:38:17.745+0000][7][safepoint   ] Safepoint "G1Concurrent", Time since last: 72938764 ns, Reaching safepoint: 260899 ns, At safepoint: 6483448 ns, Total: 6744347 ns
[2022-09-06T05:38:17.745+0000][7][gc,marking  ] GC(35) Concurrent Rebuild Remembered Sets
[2022-09-06T05:38:17.795+0000][7][gc,marking  ] GC(35) Concurrent Rebuild Remembered Sets 49.968ms
[2022-09-06T05:38:17.796+0000][7][gc,start    ] GC(35) Pause Cleanup
[2022-09-06T05:38:17.797+0000][7][gc          ] GC(35) Pause Cleanup 90M->90M(256M) 0.423ms
[2022-09-06T05:38:17.797+0000][7][gc,cpu      ] GC(35) User=0.00s Sys=0.00s Real=0.00s
[2022-09-06T05:38:17.797+0000][7][safepoint   ] Safepoint "G1Concurrent", Time since last: 50770060 ns, Reaching safepoint: 297578 ns, At safepoint: 1039361 ns, Total: 1336939 ns
[2022-09-06T05:38:17.797+0000][7][gc,marking  ] GC(35) Concurrent Cleanup for Next Mark
[2022-09-06T05:38:17.798+0000][7][gc,marking  ] GC(35) Concurrent Cleanup for Next Mark 0.663ms
[2022-09-06T05:38:17.798+0000][7][gc          ] GC(35) Concurrent Cycle 133.121ms
[2022-09-06T05:38:27.799+0000][7][safepoint   ] Safepoint "Cleanup", Time since last: 10001551636 ns, Reaching safepoint: 276199 ns, At safepoint: 70502 ns, Total: 346701 ns
[2022-09-06T05:38:28.800+0000][7][safepoint   ] Safepoint "Cleanup", Time since last: 1000649882 ns, Reaching safepoint: 224622 ns, At safepoint: 35797 ns, Total: 260419 ns
[2022-09-06T05:38:30.801+0000][7][safepoint   ] Safepoint "Cleanup", Time since last: 2000614589 ns, Reaching safepoint: 195025 ns, At safepoint: 32151 ns, Total: 227176 ns
[2022-09-06T05:38:37.802+0000][7][safepoint   ] Safepoint "Cleanup", Time since last: 7001315755 ns, Reaching safepoint: 432162 ns, At safepoint: 40656 ns, Total: 472818 ns
[2022-09-06T05:38:47.804+0000][7][safepoint   ] Safepoint "Cleanup", Time since last: 10001763133 ns, Reaching safepoint: 189656 ns, At safepoint: 31319 ns, Total: 220975 ns
[2022-09-06T05:38:54.806+0000][7][safepoint   ] Safepoint "Cleanup", Time since last: 7001283486 ns, Reaching safepoint: 229922 ns, At safepoint: 29495 ns, Total: 259417 ns
[2022-09-06T05:38:57.807+0000][7][safepoint   ] Safepoint "Cleanup", Time since last: 3000944049 ns, Reaching safepoint: 550663 ns, At safepoint: 37681 ns, Total: 588344 ns
[2022-09-06T05:39:07.809+0000][7][safepoint   ] Safepoint "Cleanup", Time since last: 10001666932 ns, Reaching safepoint: 381196 ns, At safepoint: 73318 ns, Total: 454514 ns
[2022-09-06T05:39:24.812+0000][7][safepoint   ] Safepoint "Cleanup", Time since last: 17002820935 ns, Reaching safepoint: 202751 ns, At safepoint: 7765 ns, Total: 210516 ns
[2022-09-06T05:39:37.815+0000][7][safepoint   ] Safepoint "Cleanup", Time since last: 13002314646 ns, Reaching safepoint: 204333 ns, At safepoint: 70222 ns, Total: 274555 ns
[2022-09-06T05:39:38.816+0000][7][safepoint   ] Safepoint "Cleanup", Time since last: 1000625586 ns, Reaching safepoint: 234370 ns, At safepoint: 8566 ns, Total: 242936 ns
[2022-09-06T05:39:54.819+0000][7][safepoint   ] Safepoint "Cleanup", Time since last: 16002802660 ns, Reaching safepoint: 324749 ns, At safepoint: 81714 ns, Total: 406463 ns
[2022-09-06T05:39:57.820+0000][7][safepoint   ] Safepoint "Cleanup", Time since last: 3000867184 ns, Reaching safepoint: 237025 ns, At safepoint: 8516 ns, Total: 245541 ns
[2022-09-06T05:40:07.824+0000][7][safepoint   ] Safepoint "Cleanup", Time since last: 10001753074 ns, Reaching safepoint: 190728 ns, At safepoint: 8065 ns, Total: 198793 ns
[2022-09-06T05:40:10.825+0000][7][safepoint   ] Safepoint "Cleanup", Time since last: 3000771355 ns, Reaching safepoint: 193694 ns, At safepoint: 29024 ns, Total: 222718 ns
[2022-09-06T05:40:17.826+0000][7][safepoint   ] Safepoint "Cleanup", Time since last: 7001527784 ns, Reaching safepoint: 290055 ns, At safepoint: 40416 ns, Total: 330471 ns
[2022-09-06T05:40:25.828+0000][7][safepoint   ] Safepoint "Cleanup", Time since last: 8001521906 ns, Reaching safepoint: 255870 ns, At safepoint: 8686 ns, Total: 264556 ns
[2022-09-06T05:40:32.830+0000][7][safepoint   ] Safepoint "Cleanup", Time since last: 7001225748 ns, Reaching safepoint: 251462 ns, At safepoint: 37871 ns, Total: 289333 ns
[2022-09-06T05:40:37.830+0000][7][safepoint   ] Safepoint "Cleanup", Time since last: 5001250278 ns, Reaching safepoint: 308589 ns, At safepoint: 37771 ns, Total: 346360 ns
[2022-09-06T05:40:38.831+0000][7][safepoint   ] Safepoint "Cleanup", Time since last: 1000573328 ns, Reaching safepoint: 406424 ns, At safepoint: 40936 ns, Total: 447360 ns
[2022-09-06T05:40:44.833+0000][7][safepoint   ] Safepoint "Cleanup", Time since last: 6001498677 ns, Reaching safepoint: 235202 ns, At safepoint: 3386 ns, Total: 238588 ns
[2022-09-06T05:40:47.834+0000][7][safepoint   ] Safepoint "Cleanup", Time since last: 3000792665 ns, Reaching safepoint: 307217 ns, At safepoint: 35677 ns, Total: 342894 ns
[2022-09-06T05:40:50.835+0000][7][safepoint   ] Safepoint "Cleanup", Time since last: 3000878846 ns, Reaching safepoint: 221536 ns, At safepoint: 38683 ns, Total: 260219 ns
[2022-09-06T05:40:55.836+0000][7][safepoint   ] Safepoint "Cleanup", Time since last: 5001061334 ns, Reaching safepoint: 282200 ns, At safepoint: 2895 ns, Total: 285095 ns
[2022-09-06T05:41:07.839+0000][7][safepoint   ] Safepoint "Cleanup", Time since last: 12001965869 ns, Reaching safepoint: 176982 ns, At safepoint: 32100 ns, Total: 209082 ns
[2022-09-06T05:41:17.583+0000][7][gc,start    ] GC(36) Pause Young (Normal) (G1 Evacuation Pause)
[2022-09-06T05:41:17.583+0000][7][gc,task     ] GC(36) Using 6 workers of 6 for evacuation
[2022-09-06T05:41:17.583+0000][7][gc,age      ] GC(36) Desired survivor size 8388608 bytes, new threshold 15 (max threshold 15)
[2022-09-06T05:41:17.594+0000][7][gc,age      ] GC(36) Age table with threshold 15 (max threshold 15)
[2022-09-06T05:41:17.594+0000][7][gc,age      ] GC(36) - age   1:      47312 bytes,      47312 total
[2022-09-06T05:41:17.594+0000][7][gc,age      ] GC(36) - age   2:      22024 bytes,      69336 total
[2022-09-06T05:41:17.595+0000][7][gc,age      ] GC(36) - age   3:      15160 bytes,      84496 total
[2022-09-06T05:41:17.595+0000][7][gc,age      ] GC(36) - age   4:      64664 bytes,     149160 total
[2022-09-06T05:41:17.595+0000][7][gc,age      ] GC(36) - age   5:      14216 bytes,     163376 total
[2022-09-06T05:41:17.596+0000][7][gc,age      ] GC(36) - age   6:     680984 bytes,     844360 total
[2022-09-06T05:41:17.596+0000][7][gc,age      ] GC(36) - age   7:    4976032 bytes,    5820392 total
[2022-09-06T05:41:17.596+0000][7][gc,phases   ] GC(36)   Pre Evacuate Collection Set: 0.2ms
[2022-09-06T05:41:17.596+0000][7][gc,phases   ] GC(36)   Merge Heap Roots: 0.2ms
[2022-09-06T05:41:17.597+0000][7][gc,phases   ] GC(36)   Evacuate Collection Set: 7.6ms
[2022-09-06T05:41:17.597+0000][7][gc,phases   ] GC(36)   Post Evacuate Collection Set: 1.9ms
[2022-09-06T05:41:17.597+0000][7][gc,phases   ] GC(36)   Other: 3.5ms
[2022-09-06T05:41:17.598+0000][7][gc,heap     ] GC(36) Eden regions: 28->0(28)
[2022-09-06T05:41:17.598+0000][7][gc,heap     ] GC(36) Survivor regions: 2->2(4)
[2022-09-06T05:41:17.598+0000][7][gc,heap     ] GC(36) Old regions: 18->18
[2022-09-06T05:41:17.598+0000][7][gc,heap     ] GC(36) Archive regions: 2->2
[2022-09-06T05:41:17.598+0000][7][gc,heap     ] GC(36) Humongous regions: 2->2
[2022-09-06T05:41:17.599+0000][7][gc,metaspace] GC(36) Metaspace: 94823K(99148K)->94823K(99148K) NonClass: 82312K(85504K)->82312K(85504K) Class: 12511K(13644K)->12511K(13644K)
[2022-09-06T05:41:17.600+0000][7][gc          ] GC(36) Pause Young (Normal) (G1 Evacuation Pause) 201M->89M(256M) 17.636ms
[2022-09-06T05:41:17.601+0000][7][gc,cpu      ] GC(36) User=0.04s Sys=0.00s Real=0.02s
[2022-09-06T05:41:17.601+0000][7][safepoint   ] Safepoint "G1CollectForAllocation", Time since last: 9743771733 ns, Reaching safepoint: 277441 ns, At safepoint: 18925788 ns, Total: 19203229 ns
[2022-09-06T05:41:35.604+0000][7][safepoint   ] Safepoint "Cleanup", Time since last: 18002643735 ns, Reaching safepoint: 169639 ns, At safepoint: 7163 ns, Total: 176802 ns
[2022-09-06T05:41:37.605+0000][7][safepoint   ] Safepoint "Cleanup", Time since last: 2000620560 ns, Reaching safepoint: 243857 ns, At safepoint: 6533 ns, Total: 250390 ns
[2022-09-06T05:41:38.606+0000][7][safepoint   ] Safepoint "Cleanup", Time since last: 1000628712 ns, Reaching safepoint: 316073 ns, At safepoint: 45415 ns, Total: 361488 ns
[2022-09-06T05:42:05.601+0000][7][safepoint   ] Safepoint "Cleanup", Time since last: 27004253579 ns, Reaching safepoint: 190928 ns, At safepoint: 3367 ns, Total: 194295 ns
[2022-09-06T05:42:07.602+0000][7][safepoint   ] Safepoint "Cleanup", Time since last: 2000687705 ns, Reaching safepoint: 347663 ns, At safepoint: 7985 ns, Total: 355648 ns
[2022-09-06T05:42:25.605+0000][7][safepoint   ] Safepoint "Cleanup", Time since last: 18002694711 ns, Reaching safepoint: 216657 ns, At safepoint: 13455 ns, Total: 230112 ns
[2022-09-06T05:42:37.619+0000][7][safepoint   ] Safepoint "Cleanup", Time since last: 12002632230 ns, Reaching safepoint: 267812 ns, At safepoint: 37701 ns, Total: 305513 ns
[2022-09-06T05:42:54.622+0000][7][safepoint   ] Safepoint "Cleanup", Time since last: 17002733402 ns, Reaching safepoint: 229570 ns, At safepoint: 33083 ns, Total: 262653 ns
[2022-09-06T05:42:57.623+0000][7][safepoint   ] Safepoint "Cleanup", Time since last: 3000921296 ns, Reaching safepoint: 212148 ns, At safepoint: 34174 ns, Total: 246322 ns
[2022-09-06T05:42:58.624+0000][7][safepoint   ] Safepoint "Cleanup", Time since last: 1000662556 ns, Reaching safepoint: 171773 ns, At safepoint: 6873 ns, Total: 178646 ns
[2022-09-06T05:43:00.625+0000][7][safepoint   ] Safepoint "Cleanup", Time since last: 2000743310 ns, Reaching safepoint: 318096 ns, At safepoint: 40657 ns, Total: 358753 ns
[2022-09-06T05:43:05.625+0000][7][safepoint   ] Safepoint "Cleanup", Time since last: 5000980721 ns, Reaching safepoint: 280227 ns, At safepoint: 42169 ns, Total: 322396 ns
[2022-09-06T05:43:07.626+0000][7][safepoint   ] Safepoint "Cleanup", Time since last: 2000708234 ns, Reaching safepoint: 224832 ns, At safepoint: 36428 ns, Total: 261260 ns
[2022-09-06T05:43:08.626+0000][7][safepoint   ] Safepoint "Cleanup", Time since last: 1000298232 ns, Reaching safepoint: 188664 ns, At safepoint: 7294 ns, Total: 195958 ns
[2022-09-06T05:43:20.629+0000][7][safepoint   ] Safepoint "Cleanup", Time since last: 12002100922 ns, Reaching safepoint: 301306 ns, At safepoint: 64511 ns, Total: 365817 ns
[2022-09-06T05:43:24.630+0000][7][safepoint   ] Safepoint "Cleanup", Time since last: 4000901472 ns, Reaching safepoint: 267401 ns, At safepoint: 33333 ns, Total: 300734 ns
[2022-09-06T05:43:25.631+0000][7][safepoint   ] Safepoint "Cleanup", Time since last: 1000654951 ns, Reaching safepoint: 159810 ns, At safepoint: 3497 ns, Total: 163307 ns
[2022-09-06T05:43:30.632+0000][7][safepoint   ] Safepoint "Cleanup", Time since last: 5000874303 ns, Reaching safepoint: 305654 ns, At safepoint: 33984 ns, Total: 339638 ns
[2022-09-06T05:43:32.633+0000][7][safepoint   ] Safepoint "Cleanup", Time since last: 2000777083 ns, Reaching safepoint: 225473 ns, At safepoint: 38893 ns, Total: 264366 ns
[2022-09-06T05:43:37.634+0000][7][safepoint   ] Safepoint "Cleanup", Time since last: 5001140974 ns, Reaching safepoint: 164739 ns, At safepoint: 7674 ns, Total: 172413 ns
[2022-09-06T05:43:50.637+0000][7][safepoint   ] Safepoint "Cleanup", Time since last: 13002151079 ns, Reaching safepoint: 246623 ns, At safepoint: 72847 ns, Total: 319470 ns
[2022-09-06T05:44:05.640+0000][7][safepoint   ] Safepoint "Cleanup", Time since last: 15002380925 ns, Reaching safepoint: 308248 ns, At safepoint: 43211 ns, Total: 351459 ns
[2022-09-06T05:44:16.760+0000][7][safepoint   ] Safepoint "Cleanup", Time since last: 11119138734 ns, Reaching safepoint: 217478 ns, At safepoint: 32281 ns, Total: 249759 ns
[2022-09-06T05:44:17.761+0000][7][safepoint   ] Safepoint "Cleanup", Time since last: 1000639202 ns, Reaching safepoint: 282310 ns, At safepoint: 64661 ns, Total: 346971 ns
[2022-09-06T05:44:20.762+0000][7][safepoint   ] Safepoint "Cleanup", Time since last: 3000743293 ns, Reaching safepoint: 200827 ns, At safepoint: 31579 ns, Total: 232406 ns
[2022-09-06T05:44:25.763+0000][7][safepoint   ] Safepoint "Cleanup", Time since last: 5001003445 ns, Reaching safepoint: 181852 ns, At safepoint: 7664 ns, Total: 189516 ns
[2022-09-06T05:44:27.578+0000][7][gc,start    ] GC(37) Pause Young (Concurrent Start) (G1 Evacuation Pause)
[2022-09-06T05:44:27.579+0000][7][gc,task     ] GC(37) Using 6 workers of 6 for evacuation
[2022-09-06T05:44:27.579+0000][7][gc,age      ] GC(37) Desired survivor size 8388608 bytes, new threshold 15 (max threshold 15)
[2022-09-06T05:44:27.590+0000][7][gc,age      ] GC(37) Age table with threshold 15 (max threshold 15)
[2022-09-06T05:44:27.590+0000][7][gc,age      ] GC(37) - age   1:      26712 bytes,      26712 total
[2022-09-06T05:44:27.591+0000][7][gc,age      ] GC(37) - age   2:      30376 bytes,      57088 total
[2022-09-06T05:44:27.591+0000][7][gc,age      ] GC(37) - age   3:      21792 bytes,      78880 total
[2022-09-06T05:44:27.591+0000][7][gc,age      ] GC(37) - age   4:      14800 bytes,      93680 total
[2022-09-06T05:44:27.592+0000][7][gc,age      ] GC(37) - age   5:      64376 bytes,     158056 total
[2022-09-06T05:44:27.592+0000][7][gc,age      ] GC(37) - age   6:      14216 bytes,     172272 total
[2022-09-06T05:44:27.592+0000][7][gc,age      ] GC(37) - age   7:     664536 bytes,     836808 total
[2022-09-06T05:44:27.593+0000][7][gc,age      ] GC(37) - age   8:    4959840 bytes,    5796648 total
[2022-09-06T05:44:27.593+0000][7][gc,phases   ] GC(37)   Pre Evacuate Collection Set: 0.4ms
[2022-09-06T05:44:27.593+0000][7][gc,phases   ] GC(37)   Merge Heap Roots: 0.2ms
[2022-09-06T05:44:27.594+0000][7][gc,phases   ] GC(37)   Evacuate Collection Set: 7.6ms
[2022-09-06T05:44:27.594+0000][7][gc,phases   ] GC(37)   Post Evacuate Collection Set: 1.9ms
[2022-09-06T05:44:27.594+0000][7][gc,phases   ] GC(37)   Other: 4.4ms
[2022-09-06T05:44:27.594+0000][7][gc,heap     ] GC(37) Eden regions: 28->0(28)
[2022-09-06T05:44:27.595+0000][7][gc,heap     ] GC(37) Survivor regions: 2->2(4)
[2022-09-06T05:44:27.595+0000][7][gc,heap     ] GC(37) Old regions: 18->18
[2022-09-06T05:44:27.595+0000][7][gc,heap     ] GC(37) Archive regions: 2->2
[2022-09-06T05:44:27.596+0000][7][gc,heap     ] GC(37) Humongous regions: 2->2
[2022-09-06T05:44:27.596+0000][7][gc,metaspace] GC(37) Metaspace: 94903K(99148K)->94903K(99148K) NonClass: 82391K(85504K)->82391K(85504K) Class: 12512K(13644K)->12512K(13644K)
[2022-09-06T05:44:27.596+0000][7][gc          ] GC(37) Pause Young (Concurrent Start) (G1 Evacuation Pause) 201M->89M(256M) 17.664ms
[2022-09-06T05:44:27.597+0000][7][gc,cpu      ] GC(37) User=0.03s Sys=0.01s Real=0.02s
[2022-09-06T05:44:27.598+0000][7][gc          ] GC(38) Concurrent Cycle
[2022-09-06T05:44:27.598+0000][7][gc,marking  ] GC(38) Concurrent Clear Claimed Marks
[2022-09-06T05:44:27.598+0000][7][safepoint   ] Safepoint "G1CollectForAllocation", Time since last: 1815049800 ns, Reaching safepoint: 337073 ns, At safepoint: 19277117 ns, Total: 19614190 ns
[2022-09-06T05:44:27.598+0000][7][gc,marking  ] GC(38) Concurrent Clear Claimed Marks 0.429ms
[2022-09-06T05:44:27.599+0000][7][gc,marking  ] GC(38) Concurrent Scan Root Regions
[2022-09-06T05:44:27.604+0000][7][gc,marking  ] GC(38) Concurrent Scan Root Regions 4.866ms
[2022-09-06T05:44:27.604+0000][7][gc,marking  ] GC(38) Concurrent Mark (1226.986s)
[2022-09-06T05:44:27.605+0000][7][gc,marking  ] GC(38) Concurrent Mark From Roots
[2022-09-06T05:44:27.605+0000][7][gc,task     ] GC(38) Using 2 workers of 2 for marking
[2022-09-06T05:44:27.673+0000][7][gc,marking  ] GC(38) Concurrent Mark From Roots 68.583ms
[2022-09-06T05:44:27.674+0000][7][gc,marking  ] GC(38) Concurrent Preclean
[2022-09-06T05:44:27.674+0000][7][gc,marking  ] GC(38) Concurrent Preclean 0.443ms
[2022-09-06T05:44:27.674+0000][7][gc,marking  ] GC(38) Concurrent Mark (1226.986s, 1227.056s) 69.982ms
[2022-09-06T05:44:27.675+0000][7][gc,start    ] GC(38) Pause Remark
[2022-09-06T05:44:27.681+0000][7][gc          ] GC(38) Pause Remark 90M->90M(256M) 5.817ms
[2022-09-06T05:44:27.681+0000][7][gc,cpu      ] GC(38) User=0.02s Sys=0.00s Real=0.01s
[2022-09-06T05:44:27.681+0000][7][safepoint   ] Safepoint "G1Concurrent", Time since last: 76889578 ns, Reaching safepoint: 260208 ns, At safepoint: 6540174 ns, Total: 6800382 ns
[2022-09-06T05:44:27.682+0000][7][gc,marking  ] GC(38) Concurrent Rebuild Remembered Sets
[2022-09-06T05:44:27.729+0000][7][gc,marking  ] GC(38) Concurrent Rebuild Remembered Sets 47.345ms
[2022-09-06T05:44:27.730+0000][7][gc,start    ] GC(38) Pause Cleanup
[2022-09-06T05:44:27.730+0000][7][gc          ] GC(38) Pause Cleanup 90M->90M(256M) 0.541ms
[2022-09-06T05:44:27.731+0000][7][gc,cpu      ] GC(38) User=0.00s Sys=0.00s Real=0.00s
[2022-09-06T05:44:27.731+0000][7][safepoint   ] Safepoint "G1Concurrent", Time since last: 48171944 ns, Reaching safepoint: 301887 ns, At safepoint: 1081810 ns, Total: 1383697 ns
[2022-09-06T05:44:27.731+0000][7][gc,marking  ] GC(38) Concurrent Cleanup for Next Mark
[2022-09-06T05:44:27.732+0000][7][gc,marking  ] GC(38) Concurrent Cleanup for Next Mark 0.653ms
[2022-09-06T05:44:27.732+0000][7][gc          ] GC(38) Concurrent Cycle 134.556ms
[2022-09-06T05:44:30.732+0000][7][safepoint   ] Safepoint "Cleanup", Time since last: 3000665847 ns, Reaching safepoint: 190858 ns, At safepoint: 30467 ns, Total: 221325 ns
[2022-09-06T05:44:37.734+0000][7][safepoint   ] Safepoint "Cleanup", Time since last: 7001457433 ns, Reaching safepoint: 363712 ns, At safepoint: 61275 ns, Total: 424987 ns
[2022-09-06T05:44:45.736+0000][7][safepoint   ] Safepoint "Cleanup", Time since last: 8001765623 ns, Reaching safepoint: 244720 ns, At safepoint: 37150 ns, Total: 281870 ns
[2022-09-06T05:44:55.738+0000][7][safepoint   ] Safepoint "Cleanup", Time since last: 10001897375 ns, Reaching safepoint: 353063 ns, At safepoint: 64811 ns, Total: 417874 ns
[2022-09-06T05:45:05.740+0000][7][safepoint   ] Safepoint "Cleanup", Time since last: 10002218768 ns, Reaching safepoint: 312637 ns, At safepoint: 13004 ns, Total: 325641 ns
[2022-09-06T05:45:07.741+0000][7][safepoint   ] Safepoint "Cleanup", Time since last: 2000967831 ns, Reaching safepoint: 354075 ns, At safepoint: 66114 ns, Total: 420189 ns
[2022-09-06T05:45:12.743+0000][7][safepoint   ] Safepoint "Cleanup", Time since last: 5001556614 ns, Reaching safepoint: 298089 ns, At safepoint: 56616 ns, Total: 354705 ns
[2022-09-06T05:45:21.745+0000][7][safepoint   ] Safepoint "Cleanup", Time since last: 9002009965 ns, Reaching safepoint: 262622 ns, At safepoint: 18485 ns, Total: 281107 ns
[2022-09-06T05:45:24.747+0000][7][safepoint   ] Safepoint "Cleanup", Time since last: 3001004212 ns, Reaching safepoint: 376176 ns, At safepoint: 71474 ns, Total: 447650 ns
[2022-09-06T05:45:27.748+0000][7][safepoint   ] Safepoint "Cleanup", Time since last: 3001236488 ns, Reaching safepoint: 397346 ns, At safepoint: 72386 ns, Total: 469732 ns
[2022-09-06T05:45:35.751+0000][7][safepoint   ] Safepoint "Cleanup", Time since last: 8001918700 ns, Reaching safepoint: 391946 ns, At safepoint: 6432 ns, Total: 398378 ns
[2022-09-06T05:45:37.753+0000][7][safepoint   ] Safepoint "Cleanup", Time since last: 2000991105 ns, Reaching safepoint: 478558 ns, At safepoint: 64451 ns, Total: 543009 ns
[2022-09-06T05:45:47.755+0000][7][safepoint   ] Safepoint "Cleanup", Time since last: 10002202037 ns, Reaching safepoint: 520327 ns, At safepoint: 65102 ns, Total: 585429 ns
[2022-09-06T05:46:00.759+0000][7][safepoint   ] Safepoint "Cleanup", Time since last: 13002619468 ns, Reaching safepoint: 413356 ns, At safepoint: 54742 ns, Total: 468098 ns
[2022-09-06T05:46:07.761+0000][7][safepoint   ] Safepoint "Cleanup", Time since last: 7002238899 ns, Reaching safepoint: 442119 ns, At safepoint: 72506 ns, Total: 514625 ns
[2022-09-06T05:46:17.763+0000][7][safepoint   ] Safepoint "Cleanup", Time since last: 10002166340 ns, Reaching safepoint: 465625 ns, At safepoint: 66614 ns, Total: 532239 ns
[2022-09-06T05:46:18.765+0000][7][safepoint   ] Safepoint "Cleanup", Time since last: 1000901164 ns, Reaching safepoint: 403126 ns, At safepoint: 14668 ns, Total: 417794 ns
[2022-09-06T05:46:27.767+0000][7][safepoint   ] Safepoint "Cleanup", Time since last: 9002151891 ns, Reaching safepoint: 315722 ns, At safepoint: 67848 ns, Total: 383570 ns
[2022-09-06T05:46:30.769+0000][7][safepoint   ] Safepoint "Cleanup", Time since last: 3001080695 ns, Reaching safepoint: 263695 ns, At safepoint: 11952 ns, Total: 275647 ns
[2022-09-06T05:46:37.771+0000][7][safepoint   ] Safepoint "Cleanup", Time since last: 7001646747 ns, Reaching safepoint: 330871 ns, At safepoint: 13636 ns, Total: 344507 ns
[2022-09-06T05:46:40.773+0000][7][safepoint   ] Safepoint "Cleanup", Time since last: 3001416686 ns, Reaching safepoint: 384943 ns, At safepoint: 51025 ns, Total: 435968 ns
[2022-09-06T05:46:47.775+0000][7][safepoint   ] Safepoint "Cleanup", Time since last: 7001770760 ns, Reaching safepoint: 441620 ns, At safepoint: 71754 ns, Total: 513374 ns
[2022-09-06T05:46:49.776+0000][7][safepoint   ] Safepoint "Cleanup", Time since last: 2000855170 ns, Reaching safepoint: 380504 ns, At safepoint: 61095 ns, Total: 441599 ns
[2022-09-06T05:46:54.778+0000][7][safepoint   ] Safepoint "Cleanup", Time since last: 5001429815 ns, Reaching safepoint: 377539 ns, At safepoint: 61676 ns, Total: 439215 ns
[2022-09-06T05:46:57.780+0000][7][safepoint   ] Safepoint "Cleanup", Time since last: 3001024880 ns, Reaching safepoint: 374052 ns, At safepoint: 76524 ns, Total: 450576 ns
[2022-09-06T05:46:58.781+0000][7][safepoint   ] Safepoint "Cleanup", Time since last: 1000756131 ns, Reaching safepoint: 417584 ns, At safepoint: 74119 ns, Total: 491703 ns
[2022-09-06T05:47:00.782+0000][7][safepoint   ] Safepoint "Cleanup", Time since last: 2000851954 ns, Reaching safepoint: 442090 ns, At safepoint: 69390 ns, Total: 511480 ns
[2022-09-06T05:47:04.785+0000][7][safepoint   ] Safepoint "Cleanup", Time since last: 4001355343 ns, Reaching safepoint: 505449 ns, At safepoint: 69470 ns, Total: 574919 ns
[2022-09-06T05:47:05.786+0000][7][safepoint   ] Safepoint "Cleanup", Time since last: 1000788833 ns, Reaching safepoint: 302888 ns, At safepoint: 58901 ns, Total: 361789 ns
[2022-09-06T05:47:07.787+0000][7][safepoint   ] Safepoint "Cleanup", Time since last: 2000961629 ns, Reaching safepoint: 317255 ns, At safepoint: 59101 ns, Total: 376356 ns
[2022-09-06T05:47:10.789+0000][7][safepoint   ] Safepoint "Cleanup", Time since last: 3001216020 ns, Reaching safepoint: 455305 ns, At safepoint: 91561 ns, Total: 546866 ns
[2022-09-06T05:47:11.790+0000][7][safepoint   ] Safepoint "Cleanup", Time since last: 1000726476 ns, Reaching safepoint: 483568 ns, At safepoint: 73838 ns, Total: 557406 ns
[2022-09-06T05:47:16.792+0000][7][safepoint   ] Safepoint "Cleanup", Time since last: 5001462237 ns, Reaching safepoint: 623790 ns, At safepoint: 71434 ns, Total: 695224 ns
[2022-09-06T05:47:17.794+0000][7][safepoint   ] Safepoint "Cleanup", Time since last: 1000770880 ns, Reaching safepoint: 331372 ns, At safepoint: 63058 ns, Total: 394430 ns
[2022-09-06T05:47:18.795+0000][7][safepoint   ] Safepoint "Cleanup", Time since last: 1000753336 ns, Reaching safepoint: 541376 ns, At safepoint: 68759 ns, Total: 610135 ns
[2022-09-06T05:47:20.797+0000][7][safepoint   ] Safepoint "Cleanup", Time since last: 2001135887 ns, Reaching safepoint: 518242 ns, At safepoint: 116549 ns, Total: 634791 ns
[2022-09-06T05:47:21.798+0000][7][safepoint   ] Safepoint "Cleanup", Time since last: 1000881697 ns, Reaching safepoint: 413907 ns, At safepoint: 65954 ns, Total: 479861 ns
[2022-09-06T05:47:27.610+0000][7][gc,start    ] GC(39) Pause Young (Normal) (G1 Evacuation Pause)
[2022-09-06T05:47:27.611+0000][7][gc,task     ] GC(39) Using 6 workers of 6 for evacuation
[2022-09-06T05:47:27.611+0000][7][gc,age      ] GC(39) Desired survivor size 8388608 bytes, new threshold 15 (max threshold 15)
[2022-09-06T05:47:27.638+0000][7][gc,age      ] GC(39) Age table with threshold 15 (max threshold 15)
[2022-09-06T05:47:27.639+0000][7][gc,age      ] GC(39) - age   1:      27584 bytes,      27584 total
[2022-09-06T05:47:27.639+0000][7][gc,age      ] GC(39) - age   2:      10264 bytes,      37848 total
[2022-09-06T05:47:27.639+0000][7][gc,age      ] GC(39) - age   3:      27704 bytes,      65552 total
[2022-09-06T05:47:27.640+0000][7][gc,age      ] GC(39) - age   4:      21768 bytes,      87320 total
[2022-09-06T05:47:27.640+0000][7][gc,age      ] GC(39) - age   5:      14224 bytes,     101544 total
[2022-09-06T05:47:27.641+0000][7][gc,age      ] GC(39) - age   6:      64376 bytes,     165920 total
[2022-09-06T05:47:27.641+0000][7][gc,age      ] GC(39) - age   7:      14216 bytes,     180136 total
[2022-09-06T05:47:27.642+0000][7][gc,age      ] GC(39) - age   8:     664536 bytes,     844672 total
[2022-09-06T05:47:27.642+0000][7][gc,age      ] GC(39) - age   9:    4959752 bytes,    5804424 total
[2022-09-06T05:47:27.643+0000][7][gc,phases   ] GC(39)   Pre Evacuate Collection Set: 0.2ms
[2022-09-06T05:47:27.643+0000][7][gc,phases   ] GC(39)   Merge Heap Roots: 0.2ms
[2022-09-06T05:47:27.643+0000][7][gc,phases   ] GC(39)   Evacuate Collection Set: 19.4ms
[2022-09-06T05:47:27.644+0000][7][gc,phases   ] GC(39)   Post Evacuate Collection Set: 6.5ms
[2022-09-06T05:47:27.644+0000][7][gc,phases   ] GC(39)   Other: 6.2ms
[2022-09-06T05:47:27.645+0000][7][gc,heap     ] GC(39) Eden regions: 28->0(28)
[2022-09-06T05:47:27.645+0000][7][gc,heap     ] GC(39) Survivor regions: 2->2(4)
[2022-09-06T05:47:27.646+0000][7][gc,heap     ] GC(39) Old regions: 18->18
[2022-09-06T05:47:27.646+0000][7][gc,heap     ] GC(39) Archive regions: 2->2
[2022-09-06T05:47:27.646+0000][7][gc,heap     ] GC(39) Humongous regions: 2->2
[2022-09-06T05:47:27.647+0000][7][gc,metaspace] GC(39) Metaspace: 94976K(99404K)->94976K(99404K) NonClass: 82462K(85760K)->82462K(85760K) Class: 12513K(13644K)->12513K(13644K)
[2022-09-06T05:47:27.647+0000][7][gc          ] GC(39) Pause Young (Normal) (G1 Evacuation Pause) 201M->89M(256M) 37.317ms
[2022-09-06T05:47:27.648+0000][7][gc,cpu      ] GC(39) User=0.06s Sys=0.01s Real=0.04s
[2022-09-06T05:47:27.648+0000][7][safepoint   ] Safepoint "G1CollectForAllocation", Time since last: 5811599174 ns, Reaching safepoint: 368982 ns, At safepoint: 38470689 ns, Total: 38839671 ns
[2022-09-06T05:47:28.651+0000][7][safepoint   ] Safepoint "Cleanup", Time since last: 1002244604 ns, Reaching safepoint: 507092 ns, At safepoint: 70432 ns, Total: 577524 ns
[2022-09-06T05:47:34.653+0000][7][safepoint   ] Safepoint "Cleanup", Time since last: 6001809911 ns, Reaching safepoint: 324389 ns, At safepoint: 13626 ns, Total: 338015 ns
[2022-09-06T05:47:37.656+0000][7][safepoint   ] Safepoint "Cleanup", Time since last: 3002193424 ns, Reaching safepoint: 637997 ns, At safepoint: 205576 ns, Total: 843573 ns
[2022-09-06T05:47:57.661+0000][7][safepoint   ] Safepoint "Cleanup", Time since last: 20004649004 ns, Reaching safepoint: 515747 ns, At safepoint: 73128 ns, Total: 588875 ns
[2022-09-06T05:48:27.670+0000][7][safepoint   ] Safepoint "Cleanup", Time since last: 30007658326 ns, Reaching safepoint: 410561 ns, At safepoint: 68298 ns, Total: 478859 ns
[2022-09-06T05:48:37.679+0000][7][safepoint   ] Safepoint "Cleanup", Time since last: 10009171567 ns, Reaching safepoint: 283021 ns, At safepoint: 17873 ns, Total: 300894 ns
[2022-09-06T05:48:39.680+0000][7][safepoint   ] Safepoint "Cleanup", Time since last: 2001035779 ns, Reaching safepoint: 413526 ns, At safepoint: 69901 ns, Total: 483427 ns
[2022-09-06T05:48:41.681+0000][7][safepoint   ] Safepoint "Cleanup", Time since last: 2001047020 ns, Reaching safepoint: 256451 ns, At safepoint: 14167 ns, Total: 270618 ns
[2022-09-06T05:48:46.684+0000][7][safepoint   ] Safepoint "Cleanup", Time since last: 5002037296 ns, Reaching safepoint: 415920 ns, At safepoint: 67617 ns, Total: 483537 ns
[2022-09-06T05:48:47.685+0000][7][safepoint   ] Safepoint "Cleanup", Time since last: 1000831803 ns, Reaching safepoint: 422744 ns, At safepoint: 66354 ns, Total: 489098 ns
[2022-09-06T05:48:49.687+0000][7][safepoint   ] Safepoint "Cleanup", Time since last: 2000824563 ns, Reaching safepoint: 451277 ns, At safepoint: 65002 ns, Total: 516279 ns
[2022-09-06T05:48:54.692+0000][7][safepoint   ] Safepoint "Cleanup", Time since last: 5004492022 ns, Reaching safepoint: 426501 ns, At safepoint: 12393 ns, Total: 438894 ns
[2022-09-06T05:48:58.693+0000][7][safepoint   ] Safepoint "Cleanup", Time since last: 4001208859 ns, Reaching safepoint: 260188 ns, At safepoint: 12954 ns, Total: 273142 ns
[2022-09-06T05:49:01.694+0000][7][safepoint   ] Safepoint "Cleanup", Time since last: 3001025632 ns, Reaching safepoint: 286278 ns, At safepoint: 59571 ns, Total: 345849 ns
[2022-09-06T05:49:07.684+0000][7][safepoint   ] Safepoint "Cleanup", Time since last: 6001427113 ns, Reaching safepoint: 482876 ns, At safepoint: 70252 ns, Total: 553128 ns
[2022-09-06T05:49:21.688+0000][7][safepoint   ] Safepoint "Cleanup", Time since last: 14003114850 ns, Reaching safepoint: 330340 ns, At safepoint: 13766 ns, Total: 344106 ns
[2022-09-06T05:49:24.689+0000][7][safepoint   ] Safepoint "Cleanup", Time since last: 3001054206 ns, Reaching safepoint: 319610 ns, At safepoint: 11541 ns, Total: 331151 ns
[2022-09-06T05:49:31.691+0000][7][safepoint   ] Safepoint "Cleanup", Time since last: 7001733541 ns, Reaching safepoint: 438794 ns, At safepoint: 64160 ns, Total: 502954 ns
[2022-09-06T05:49:37.706+0000][7][safepoint   ] Safepoint "Cleanup", Time since last: 6001538662 ns, Reaching safepoint: 429125 ns, At safepoint: 70853 ns, Total: 499978 ns
[2022-09-06T05:49:41.707+0000][7][safepoint   ] Safepoint "Cleanup", Time since last: 4001159857 ns, Reaching safepoint: 330000 ns, At safepoint: 7053 ns, Total: 337053 ns
[2022-09-06T05:49:46.709+0000][7][safepoint   ] Safepoint "Cleanup", Time since last: 5001428042 ns, Reaching safepoint: 663896 ns, At safepoint: 170610 ns, Total: 834506 ns
[2022-09-06T05:49:58.713+0000][7][safepoint   ] Safepoint "Cleanup", Time since last: 12003031288 ns, Reaching safepoint: 273183 ns, At safepoint: 11903 ns, Total: 285086 ns
[2022-09-06T05:50:07.716+0000][7][safepoint   ] Safepoint "Cleanup", Time since last: 9002047254 ns, Reaching safepoint: 337764 ns, At safepoint: 12533 ns, Total: 350297 ns
[2022-09-06T05:50:10.717+0000][7][safepoint   ] Safepoint "Cleanup", Time since last: 3001065046 ns, Reaching safepoint: 393458 ns, At safepoint: 73268 ns, Total: 466726 ns
[2022-09-06T05:50:24.721+0000][7][safepoint   ] Safepoint "Cleanup", Time since last: 14002777718 ns, Reaching safepoint: 564910 ns, At safepoint: 127108 ns, Total: 692018 ns
[2022-09-06T05:50:27.941+0000][7][gc,start    ] GC(40) Pause Young (Concurrent Start) (G1 Evacuation Pause)
[2022-09-06T05:50:27.942+0000][7][gc,task     ] GC(40) Using 6 workers of 6 for evacuation
[2022-09-06T05:50:27.942+0000][7][gc,age      ] GC(40) Desired survivor size 8388608 bytes, new threshold 15 (max threshold 15)
[2022-09-06T05:50:27.969+0000][7][gc,age      ] GC(40) Age table with threshold 15 (max threshold 15)
[2022-09-06T05:50:27.969+0000][7][gc,age      ] GC(40) - age   1:      39232 bytes,      39232 total
[2022-09-06T05:50:27.970+0000][7][gc,age      ] GC(40) - age   2:       6352 bytes,      45584 total
[2022-09-06T05:50:27.970+0000][7][gc,age      ] GC(40) - age   3:       9360 bytes,      54944 total
[2022-09-06T05:50:27.970+0000][7][gc,age      ] GC(40) - age   4:      27320 bytes,      82264 total
[2022-09-06T05:50:27.971+0000][7][gc,age      ] GC(40) - age   5:      21768 bytes,     104032 total
[2022-09-06T05:50:27.971+0000][7][gc,age      ] GC(40) - age   6:      14224 bytes,     118256 total
[2022-09-06T05:50:27.972+0000][7][gc,age      ] GC(40) - age   7:      64376 bytes,     182632 total
[2022-09-06T05:50:27.972+0000][7][gc,age      ] GC(40) - age   8:      14016 bytes,     196648 total
[2022-09-06T05:50:27.973+0000][7][gc,age      ] GC(40) - age   9:     664536 bytes,     861184 total
[2022-09-06T05:50:27.973+0000][7][gc,age      ] GC(40) - age  10:    4959672 bytes,    5820856 total
[2022-09-06T05:50:27.974+0000][7][gc,phases   ] GC(40)   Pre Evacuate Collection Set: 0.6ms
[2022-09-06T05:50:27.974+0000][7][gc,phases   ] GC(40)   Merge Heap Roots: 0.5ms
[2022-09-06T05:50:27.975+0000][7][gc,phases   ] GC(40)   Evacuate Collection Set: 21.8ms
[2022-09-06T05:50:27.975+0000][7][gc,phases   ] GC(40)   Post Evacuate Collection Set: 3.4ms
[2022-09-06T05:50:27.975+0000][7][gc,phases   ] GC(40)   Other: 6.8ms
[2022-09-06T05:50:27.976+0000][7][gc,heap     ] GC(40) Eden regions: 28->0(28)
[2022-09-06T05:50:27.976+0000][7][gc,heap     ] GC(40) Survivor regions: 2->2(4)
[2022-09-06T05:50:27.976+0000][7][gc,heap     ] GC(40) Old regions: 18->18
[2022-09-06T05:50:27.977+0000][7][gc,heap     ] GC(40) Archive regions: 2->2
[2022-09-06T05:50:27.977+0000][7][gc,heap     ] GC(40) Humongous regions: 2->2
[2022-09-06T05:50:27.978+0000][7][gc,metaspace] GC(40) Metaspace: 95066K(99404K)->95066K(99404K) NonClass: 82552K(85760K)->82552K(85760K) Class: 12513K(13644K)->12513K(13644K)
[2022-09-06T05:50:27.978+0000][7][gc          ] GC(40) Pause Young (Concurrent Start) (G1 Evacuation Pause) 201M->89M(256M) 37.417ms
[2022-09-06T05:50:27.979+0000][7][gc,cpu      ] GC(40) User=0.09s Sys=0.00s Real=0.04s
[2022-09-06T05:50:27.979+0000][7][gc          ] GC(41) Concurrent Cycle
[2022-09-06T05:50:27.980+0000][7][gc,marking  ] GC(41) Concurrent Clear Claimed Marks
[2022-09-06T05:50:27.979+0000][7][safepoint   ] Safepoint "G1CollectForAllocation", Time since last: 3219425151 ns, Reaching safepoint: 321444 ns, At safepoint: 38559374 ns, Total: 38880818 ns
[2022-09-06T05:50:27.981+0000][7][gc,marking  ] GC(41) Concurrent Clear Claimed Marks 0.916ms
[2022-09-06T05:50:27.982+0000][7][gc,marking  ] GC(41) Concurrent Scan Root Regions
[2022-09-06T05:50:27.989+0000][7][gc,marking  ] GC(41) Concurrent Scan Root Regions 6.946ms
[2022-09-06T05:50:27.989+0000][7][gc,marking  ] GC(41) Concurrent Mark (1587.371s)
[2022-09-06T05:50:27.990+0000][7][gc,marking  ] GC(41) Concurrent Mark From Roots
[2022-09-06T05:50:27.991+0000][7][gc,task     ] GC(41) Using 2 workers of 2 for marking
[2022-09-06T05:50:28.086+0000][7][gc,marking  ] GC(41) Concurrent Mark From Roots 96.491ms
[2022-09-06T05:50:28.087+0000][7][gc,marking  ] GC(41) Concurrent Preclean
[2022-09-06T05:50:28.087+0000][7][gc,marking  ] GC(41) Concurrent Preclean 0.608ms
[2022-09-06T05:50:28.088+0000][7][gc,marking  ] GC(41) Concurrent Mark (1587.371s, 1587.470s) 98.549ms
[2022-09-06T05:50:28.089+0000][7][gc,start    ] GC(41) Pause Remark
[2022-09-06T05:50:28.098+0000][7][gc          ] GC(41) Pause Remark 90M->90M(256M) 9.440ms
[2022-09-06T05:50:28.099+0000][7][gc,cpu      ] GC(41) User=0.03s Sys=0.01s Real=0.01s
[2022-09-06T05:50:28.099+0000][7][safepoint   ] Safepoint "G1Concurrent", Time since last: 109150131 ns, Reaching safepoint: 354445 ns, At safepoint: 10422991 ns, Total: 10777436 ns
[2022-09-06T05:50:28.100+0000][7][gc,marking  ] GC(41) Concurrent Rebuild Remembered Sets
[2022-09-06T05:50:28.164+0000][7][gc,marking  ] GC(41) Concurrent Rebuild Remembered Sets 64.548ms
[2022-09-06T05:50:28.165+0000][7][gc,start    ] GC(41) Pause Cleanup
[2022-09-06T05:50:28.166+0000][7][gc          ] GC(41) Pause Cleanup 90M->90M(256M) 0.768ms
[2022-09-06T05:50:28.167+0000][7][gc,cpu      ] GC(41) User=0.00s Sys=0.00s Real=0.00s
[2022-09-06T05:50:28.167+0000][7][safepoint   ] Safepoint "G1Concurrent", Time since last: 65654974 ns, Reaching safepoint: 508043 ns, At safepoint: 1677418 ns, Total: 2185461 ns
[2022-09-06T05:50:28.167+0000][7][gc,marking  ] GC(41) Concurrent Cleanup for Next Mark
[2022-09-06T05:50:28.182+0000][7][gc,marking  ] GC(41) Concurrent Cleanup for Next Mark 14.831ms
[2022-09-06T05:50:28.183+0000][7][gc          ] GC(41) Concurrent Cycle 203.608ms
[2022-09-06T05:50:38.157+0000][7][safepoint   ] Safepoint "Cleanup", Time since last: 10002047197 ns, Reaching safepoint: 299582 ns, At safepoint: 54051 ns, Total: 353633 ns
[2022-09-06T05:50:58.160+0000][7][safepoint   ] Safepoint "Cleanup", Time since last: 20003564038 ns, Reaching safepoint: 295725 ns, At safepoint: 11642 ns, Total: 307367 ns
[2022-09-06T05:51:08.174+0000][7][safepoint   ] Safepoint "Cleanup", Time since last: 10002154648 ns, Reaching safepoint: 306015 ns, At safepoint: 12343 ns, Total: 318358 ns
[2022-09-06T05:51:21.177+0000][7][safepoint   ] Safepoint "Cleanup", Time since last: 13002424772 ns, Reaching safepoint: 399811 ns, At safepoint: 61225 ns, Total: 461036 ns
[2022-09-06T05:51:22.179+0000][7][safepoint   ] Safepoint "Cleanup", Time since last: 1001125194 ns, Reaching safepoint: 507272 ns, At safepoint: 62547 ns, Total: 569819 ns
[2022-09-06T05:51:38.183+0000][7][safepoint   ] Safepoint "Cleanup", Time since last: 16003137337 ns, Reaching safepoint: 303910 ns, At safepoint: 6012 ns, Total: 309922 ns
[2022-09-06T05:51:56.187+0000][7][safepoint   ] Safepoint "Cleanup", Time since last: 18003604499 ns, Reaching safepoint: 276359 ns, At safepoint: 17683 ns, Total: 294042 ns
[2022-09-06T05:52:08.190+0000][7][safepoint   ] Safepoint "Cleanup", Time since last: 12002336153 ns, Reaching safepoint: 348193 ns, At safepoint: 49082 ns, Total: 397275 ns
[2022-09-06T05:52:22.193+0000][7][safepoint   ] Safepoint "Cleanup", Time since last: 14002753522 ns, Reaching safepoint: 324820 ns, At safepoint: 59592 ns, Total: 384412 ns
[2022-09-06T05:52:26.195+0000][7][safepoint   ] Safepoint "Cleanup", Time since last: 4001233194 ns, Reaching safepoint: 524745 ns, At safepoint: 75481 ns, Total: 600226 ns
[2022-09-06T05:52:38.197+0000][7][safepoint   ] Safepoint "Cleanup", Time since last: 12002337757 ns, Reaching safepoint: 260909 ns, At safepoint: 5811 ns, Total: 266720 ns
[2022-09-06T05:52:58.201+0000][7][safepoint   ] Safepoint "Cleanup", Time since last: 20003777659 ns, Reaching safepoint: 332244 ns, At safepoint: 10890 ns, Total: 343134 ns
[2022-09-06T05:53:02.203+0000][7][safepoint   ] Safepoint "Cleanup", Time since last: 4001355534 ns, Reaching safepoint: 316113 ns, At safepoint: 6703 ns, Total: 322816 ns
[2022-09-06T05:53:08.208+0000][7][safepoint   ] Safepoint "Cleanup", Time since last: 6002287227 ns, Reaching safepoint: 312196 ns, At safepoint: 6552 ns, Total: 318748 ns
[2022-09-06T05:53:12.210+0000][7][safepoint   ] Safepoint "Cleanup", Time since last: 4001291694 ns, Reaching safepoint: 264276 ns, At safepoint: 18835 ns, Total: 283111 ns
[2022-09-06T05:53:35.212+0000][7][safepoint   ] Safepoint "Cleanup", Time since last: 23004263507 ns, Reaching safepoint: 239310 ns, At safepoint: 6732 ns, Total: 246042 ns
[2022-09-06T05:53:37.563+0000][7][gc,start    ] GC(42) Pause Young (Normal) (G1 Evacuation Pause)
[2022-09-06T05:53:37.568+0000][7][gc,task     ] GC(42) Using 6 workers of 6 for evacuation
[2022-09-06T05:53:37.573+0000][7][gc,age      ] GC(42) Desired survivor size 8388608 bytes, new threshold 15 (max threshold 15)
[2022-09-06T05:53:37.596+0000][7][gc,age      ] GC(42) Age table with threshold 15 (max threshold 15)
[2022-09-06T05:53:37.597+0000][7][gc,age      ] GC(42) - age   1:      35312 bytes,      35312 total
[2022-09-06T05:53:37.597+0000][7][gc,age      ] GC(42) - age   2:      27120 bytes,      62432 total
[2022-09-06T05:53:37.598+0000][7][gc,age      ] GC(42) - age   3:       6352 bytes,      68784 total
[2022-09-06T05:53:37.598+0000][7][gc,age      ] GC(42) - age   4:       9360 bytes,      78144 total
[2022-09-06T05:53:37.599+0000][7][gc,age      ] GC(42) - age   5:      27080 bytes,     105224 total
[2022-09-06T05:53:37.599+0000][7][gc,age      ] GC(42) - age   6:      21768 bytes,     126992 total
[2022-09-06T05:53:37.600+0000][7][gc,age      ] GC(42) - age   7:      14224 bytes,     141216 total
[2022-09-06T05:53:37.600+0000][7][gc,age      ] GC(42) - age   8:      64376 bytes,     205592 total
[2022-09-06T05:53:37.600+0000][7][gc,age      ] GC(42) - age   9:      14016 bytes,     219608 total
[2022-09-06T05:53:37.601+0000][7][gc,age      ] GC(42) - age  10:     664536 bytes,     884144 total
[2022-09-06T05:53:37.601+0000][7][gc,age      ] GC(42) - age  11:    4959456 bytes,    5843600 total
[2022-09-06T05:53:37.601+0000][7][gc,phases   ] GC(42)   Pre Evacuate Collection Set: 0.2ms
[2022-09-06T05:53:37.601+0000][7][gc,phases   ] GC(42)   Merge Heap Roots: 0.2ms
[2022-09-06T05:53:37.602+0000][7][gc,phases   ] GC(42)   Evacuate Collection Set: 18.6ms
[2022-09-06T05:53:37.602+0000][7][gc,phases   ] GC(42)   Post Evacuate Collection Set: 3.8ms
[2022-09-06T05:53:37.602+0000][7][gc,phases   ] GC(42)   Other: 15.7ms
[2022-09-06T05:53:37.602+0000][7][gc,heap     ] GC(42) Eden regions: 28->0(28)
[2022-09-06T05:53:37.603+0000][7][gc,heap     ] GC(42) Survivor regions: 2->2(4)
[2022-09-06T05:53:37.603+0000][7][gc,heap     ] GC(42) Old regions: 18->18
[2022-09-06T05:53:37.603+0000][7][gc,heap     ] GC(42) Archive regions: 2->2
[2022-09-06T05:53:37.604+0000][7][gc,heap     ] GC(42) Humongous regions: 2->2
[2022-09-06T05:53:37.604+0000][7][gc,metaspace] GC(42) Metaspace: 95131K(99404K)->95131K(99404K) NonClass: 82616K(85760K)->82616K(85760K) Class: 12514K(13644K)->12514K(13644K)
[2022-09-06T05:53:37.604+0000][7][gc          ] GC(42) Pause Young (Normal) (G1 Evacuation Pause) 201M->89M(256M) 41.512ms
[2022-09-06T05:53:37.605+0000][7][gc,cpu      ] GC(42) User=0.06s Sys=0.00s Real=0.04s
[2022-09-06T05:53:37.605+0000][7][safepoint   ] Safepoint "G1CollectForAllocation", Time since last: 2350908031 ns, Reaching safepoint: 227668 ns, At safepoint: 42234982 ns, Total: 42462650 ns
[2022-09-06T05:54:52.592+0000][7][safepoint   ] Safepoint "Cleanup", Time since last: 74969207357 ns, Reaching safepoint: 718277 ns, At safepoint: 60544 ns, Total: 778821 ns
[2022-09-06T05:54:53.596+0000][7][safepoint   ] Safepoint "Cleanup", Time since last: 1003619746 ns, Reaching safepoint: 462197 ns, At safepoint: 92684 ns, Total: 554881 ns
[2022-09-06T05:55:03.599+0000][7][safepoint   ] Safepoint "Cleanup", Time since last: 10002230721 ns, Reaching safepoint: 299532 ns, At safepoint: 51757 ns, Total: 351289 ns
[2022-09-06T05:55:07.601+0000][7][safepoint   ] Safepoint "Cleanup", Time since last: 4001039101 ns, Reaching safepoint: 460924 ns, At safepoint: 194886 ns, Total: 655810 ns
[2022-09-06T05:55:08.601+0000][7][safepoint   ] Safepoint "Cleanup", Time since last: 1000371790 ns, Reaching safepoint: 401504 ns, At safepoint: 12383 ns, Total: 413887 ns
[2022-09-06T05:55:35.596+0000][7][safepoint   ] Safepoint "Cleanup", Time since last: 27010760550 ns, Reaching safepoint: 308068 ns, At safepoint: 59061 ns, Total: 367129 ns
[2022-09-06T05:56:07.602+0000][7][safepoint   ] Safepoint "Cleanup", Time since last: 32005966866 ns, Reaching safepoint: 407174 ns, At safepoint: 149200 ns, Total: 556374 ns
[2022-09-06T05:56:08.603+0000][7][safepoint   ] Safepoint "Cleanup", Time since last: 1000872130 ns, Reaching safepoint: 442841 ns, At safepoint: 12844 ns, Total: 455685 ns
[2022-09-06T05:56:37.687+0000][7][gc,start    ] GC(43) Pause Young (Concurrent Start) (G1 Evacuation Pause)
[2022-09-06T05:56:37.688+0000][7][gc,task     ] GC(43) Using 6 workers of 6 for evacuation
[2022-09-06T05:56:37.688+0000][7][gc,age      ] GC(43) Desired survivor size 8388608 bytes, new threshold 15 (max threshold 15)
[2022-09-06T05:56:37.704+0000][7][gc,age      ] GC(43) Age table with threshold 15 (max threshold 15)
[2022-09-06T05:56:37.705+0000][7][gc,age      ] GC(43) - age   1:     118112 bytes,     118112 total
[2022-09-06T05:56:37.705+0000][7][gc,age      ] GC(43) - age   2:      10432 bytes,     128544 total
[2022-09-06T05:56:37.706+0000][7][gc,age      ] GC(43) - age   3:      26824 bytes,     155368 total
[2022-09-06T05:56:37.706+0000][7][gc,age      ] GC(43) - age   4:       5776 bytes,     161144 total
[2022-09-06T05:56:37.706+0000][7][gc,age      ] GC(43) - age   5:       9040 bytes,     170184 total
[2022-09-06T05:56:37.707+0000][7][gc,age      ] GC(43) - age   6:      26872 bytes,     197056 total
[2022-09-06T05:56:37.707+0000][7][gc,age      ] GC(43) - age   7:      21768 bytes,     218824 total
[2022-09-06T05:56:37.708+0000][7][gc,age      ] GC(43) - age   8:      14224 bytes,     233048 total
[2022-09-06T05:56:37.708+0000][7][gc,age      ] GC(43) - age   9:      64376 bytes,     297424 total
[2022-09-06T05:56:37.709+0000][7][gc,age      ] GC(43) - age  10:      14016 bytes,     311440 total
[2022-09-06T05:56:37.709+0000][7][gc,age      ] GC(43) - age  11:     664536 bytes,     975976 total
[2022-09-06T05:56:37.709+0000][7][gc,age      ] GC(43) - age  12:    4959456 bytes,    5935432 total
[2022-09-06T05:56:37.710+0000][7][gc,phases   ] GC(43)   Pre Evacuate Collection Set: 0.6ms
[2022-09-06T05:56:37.710+0000][7][gc,phases   ] GC(43)   Merge Heap Roots: 0.4ms
[2022-09-06T05:56:37.711+0000][7][gc,phases   ] GC(43)   Evacuate Collection Set: 10.1ms
[2022-09-06T05:56:37.711+0000][7][gc,phases   ] GC(43)   Post Evacuate Collection Set: 3.5ms
[2022-09-06T05:56:37.711+0000][7][gc,phases   ] GC(43)   Other: 8.1ms
[2022-09-06T05:56:37.712+0000][7][gc,heap     ] GC(43) Eden regions: 28->0(28)
[2022-09-06T05:56:37.712+0000][7][gc,heap     ] GC(43) Survivor regions: 2->2(4)
[2022-09-06T05:56:37.713+0000][7][gc,heap     ] GC(43) Old regions: 18->18
[2022-09-06T05:56:37.714+0000][7][gc,heap     ] GC(43) Archive regions: 2->2
[2022-09-06T05:56:37.714+0000][7][gc,heap     ] GC(43) Humongous regions: 2->2
[2022-09-06T05:56:37.715+0000][7][gc,metaspace] GC(43) Metaspace: 95182K(99660K)->95182K(99660K) NonClass: 82668K(86016K)->82668K(86016K) Class: 12514K(13644K)->12514K(13644K)
[2022-09-06T05:56:37.715+0000][7][gc          ] GC(43) Pause Young (Concurrent Start) (G1 Evacuation Pause) 201M->90M(256M) 28.050ms
[2022-09-06T05:56:37.716+0000][7][gc,cpu      ] GC(43) User=0.06s Sys=0.00s Real=0.03s
[2022-09-06T05:56:37.716+0000][7][gc          ] GC(44) Concurrent Cycle
[2022-09-06T05:56:37.716+0000][7][safepoint   ] Safepoint "G1CollectForAllocation", Time since last: 29083485508 ns, Reaching safepoint: 527419 ns, At safepoint: 29288777 ns, Total: 29816196 ns
[2022-09-06T05:56:37.717+0000][7][gc,marking  ] GC(44) Concurrent Clear Claimed Marks
[2022-09-06T05:56:37.718+0000][7][gc,marking  ] GC(44) Concurrent Clear Claimed Marks 1.033ms
[2022-09-06T05:56:37.719+0000][7][gc,marking  ] GC(44) Concurrent Scan Root Regions
[2022-09-06T05:56:37.728+0000][7][gc,marking  ] GC(44) Concurrent Scan Root Regions 9.496ms
[2022-09-06T05:56:37.729+0000][7][gc,marking  ] GC(44) Concurrent Mark (1957.112s)
[2022-09-06T05:56:37.729+0000][7][gc,marking  ] GC(44) Concurrent Mark From Roots
[2022-09-06T05:56:37.730+0000][7][gc,task     ] GC(44) Using 2 workers of 2 for marking
[2022-09-06T05:56:37.838+0000][7][gc,marking  ] GC(44) Concurrent Mark From Roots 108.917ms
[2022-09-06T05:56:37.839+0000][7][gc,marking  ] GC(44) Concurrent Preclean
[2022-09-06T05:56:37.840+0000][7][gc,marking  ] GC(44) Concurrent Preclean 0.706ms
[2022-09-06T05:56:37.840+0000][7][gc,marking  ] GC(44) Concurrent Mark (1957.112s, 1957.223s) 111.242ms
[2022-09-06T05:56:37.841+0000][7][gc,start    ] GC(44) Pause Remark
[2022-09-06T05:56:37.850+0000][7][gc          ] GC(44) Pause Remark 90M->90M(256M) 8.880ms
[2022-09-06T05:56:37.850+0000][7][gc,cpu      ] GC(44) User=0.03s Sys=0.01s Real=0.01s
[2022-09-06T05:56:37.850+0000][7][safepoint   ] Safepoint "G1Concurrent", Time since last: 124197460 ns, Reaching safepoint: 333837 ns, At safepoint: 9670548 ns, Total: 10004385 ns
[2022-09-06T05:56:37.851+0000][7][gc,marking  ] GC(44) Concurrent Rebuild Remembered Sets
[2022-09-06T05:56:37.917+0000][7][gc,marking  ] GC(44) Concurrent Rebuild Remembered Sets 66.529ms
[2022-09-06T05:56:37.919+0000][7][gc,start    ] GC(44) Pause Cleanup
[2022-09-06T05:56:37.919+0000][7][gc          ] GC(44) Pause Cleanup 90M->90M(256M) 0.746ms
[2022-09-06T05:56:37.920+0000][7][gc,cpu      ] GC(44) User=0.00s Sys=0.00s Real=0.00s
[2022-09-06T05:56:37.920+0000][7][safepoint   ] Safepoint "G1Concurrent", Time since last: 67575739 ns, Reaching safepoint: 504987 ns, At safepoint: 1490818 ns, Total: 1995805 ns
[2022-09-06T05:56:37.920+0000][7][gc,marking  ] GC(44) Concurrent Cleanup for Next Mark
[2022-09-06T05:56:37.937+0000][7][gc,marking  ] GC(44) Concurrent Cleanup for Next Mark 16.268ms
[2022-09-06T05:56:37.937+0000][7][gc          ] GC(44) Concurrent Cycle 221.206ms
[2022-09-06T05:57:05.926+0000][7][safepoint   ] Safepoint "Cleanup", Time since last: 28004764040 ns, Reaching safepoint: 376837 ns, At safepoint: 11502 ns, Total: 388339 ns
[2022-09-06T05:57:12.928+0000][7][safepoint   ] Safepoint "Cleanup", Time since last: 7001715126 ns, Reaching safepoint: 456787 ns, At safepoint: 63088 ns, Total: 519875 ns
[2022-09-06T05:57:37.933+0000][7][safepoint   ] Safepoint "Cleanup", Time since last: 25004681948 ns, Reaching safepoint: 450305 ns, At safepoint: 72536 ns, Total: 522841 ns
[2022-09-06T05:57:52.936+0000][7][safepoint   ] Safepoint "Cleanup", Time since last: 15002970382 ns, Reaching safepoint: 516960 ns, At safepoint: 64912 ns, Total: 581872 ns
[2022-09-06T05:57:57.938+0000][7][safepoint   ] Safepoint "Cleanup", Time since last: 5001398347 ns, Reaching safepoint: 402224 ns, At safepoint: 73318 ns, Total: 475542 ns
[2022-09-06T05:58:07.941+0000][7][safepoint   ] Safepoint "Cleanup", Time since last: 10002465181 ns, Reaching safepoint: 395282 ns, At safepoint: 63289 ns, Total: 458571 ns
[2022-09-06T05:58:21.943+0000][7][safepoint   ] Safepoint "Cleanup", Time since last: 14002240879 ns, Reaching safepoint: 173325 ns, At safepoint: 5310 ns, Total: 178635 ns
[2022-09-06T05:58:34.946+0000][7][safepoint   ] Safepoint "Cleanup", Time since last: 13001865954 ns, Reaching safepoint: 127018 ns, At safepoint: 19727 ns, Total: 146745 ns
[2022-09-06T05:58:35.946+0000][7][safepoint   ] Safepoint "Cleanup", Time since last: 1000364156 ns, Reaching safepoint: 183966 ns, At safepoint: 22211 ns, Total: 206177 ns
[2022-09-06T05:58:37.947+0000][7][safepoint   ] Safepoint "Cleanup", Time since last: 2000473644 ns, Reaching safepoint: 114655 ns, At safepoint: 4058 ns, Total: 118713 ns
[2022-09-06T05:58:51.949+0000][7][safepoint   ] Safepoint "Cleanup", Time since last: 14001745540 ns, Reaching safepoint: 156534 ns, At safepoint: 4067 ns, Total: 160601 ns
[2022-09-06T05:58:55.949+0000][7][safepoint   ] Safepoint "Cleanup", Time since last: 4000615305 ns, Reaching safepoint: 182532 ns, At safepoint: 26650 ns, Total: 209182 ns
[2022-09-06T05:59:07.951+0000][7][safepoint   ] Safepoint "Cleanup", Time since last: 12001682457 ns, Reaching safepoint: 227838 ns, At safepoint: 21240 ns, Total: 249078 ns
[2022-09-06T05:59:21.954+0000][7][safepoint   ] Safepoint "Cleanup", Time since last: 14002036285 ns, Reaching safepoint: 186410 ns, At safepoint: 22081 ns, Total: 208491 ns
[2022-09-06T05:59:22.954+0000][7][safepoint   ] Safepoint "Cleanup", Time since last: 1000380567 ns, Reaching safepoint: 253927 ns, At safepoint: 45385 ns, Total: 299312 ns
[2022-09-06T05:59:37.956+0000][7][safepoint   ] Safepoint "Cleanup", Time since last: 15001648020 ns, Reaching safepoint: 128100 ns, At safepoint: 2815 ns, Total: 130915 ns
[2022-09-06T05:59:42.592+0000][7][gc,start    ] GC(45) Pause Young (Normal) (G1 Evacuation Pause)
[2022-09-06T05:59:42.592+0000][7][gc,task     ] GC(45) Using 6 workers of 6 for evacuation
[2022-09-06T05:59:42.592+0000][7][gc,age      ] GC(45) Desired survivor size 8388608 bytes, new threshold 15 (max threshold 15)
[2022-09-06T05:59:42.602+0000][7][gc,age      ] GC(45) Age table with threshold 15 (max threshold 15)
[2022-09-06T05:59:42.602+0000][7][gc,age      ] GC(45) - age   1:      17896 bytes,      17896 total
[2022-09-06T05:59:42.602+0000][7][gc,age      ] GC(45) - age   2:       3112 bytes,      21008 total
[2022-09-06T05:59:42.603+0000][7][gc,age      ] GC(45) - age   3:      10432 bytes,      31440 total
[2022-09-06T05:59:42.603+0000][7][gc,age      ] GC(45) - age   4:      26584 bytes,      58024 total
[2022-09-06T05:59:42.603+0000][7][gc,age      ] GC(45) - age   5:       5776 bytes,      63800 total
[2022-09-06T05:59:42.603+0000][7][gc,age      ] GC(45) - age   6:       9040 bytes,      72840 total
[2022-09-06T05:59:42.603+0000][7][gc,age      ] GC(45) - age   7:      26680 bytes,      99520 total
[2022-09-06T05:59:42.604+0000][7][gc,age      ] GC(45) - age   8:      21768 bytes,     121288 total
[2022-09-06T05:59:42.604+0000][7][gc,age      ] GC(45) - age   9:      14224 bytes,     135512 total
[2022-09-06T05:59:42.604+0000][7][gc,age      ] GC(45) - age  10:      64376 bytes,     199888 total
[2022-09-06T05:59:42.604+0000][7][gc,age      ] GC(45) - age  11:      14016 bytes,     213904 total
[2022-09-06T05:59:42.604+0000][7][gc,age      ] GC(45) - age  12:     663800 bytes,     877704 total
[2022-09-06T05:59:42.605+0000][7][gc,age      ] GC(45) - age  13:    4958624 bytes,    5836328 total
[2022-09-06T05:59:42.605+0000][7][gc,phases   ] GC(45)   Pre Evacuate Collection Set: 0.2ms
[2022-09-06T05:59:42.605+0000][7][gc,phases   ] GC(45)   Merge Heap Roots: 0.2ms
[2022-09-06T05:59:42.605+0000][7][gc,phases   ] GC(45)   Evacuate Collection Set: 6.7ms
[2022-09-06T05:59:42.605+0000][7][gc,phases   ] GC(45)   Post Evacuate Collection Set: 2.5ms
[2022-09-06T05:59:42.606+0000][7][gc,phases   ] GC(45)   Other: 3.8ms
[2022-09-06T05:59:42.606+0000][7][gc,heap     ] GC(45) Eden regions: 28->0(28)
[2022-09-06T05:59:42.606+0000][7][gc,heap     ] GC(45) Survivor regions: 2->2(4)
[2022-09-06T05:59:42.606+0000][7][gc,heap     ] GC(45) Old regions: 18->18
[2022-09-06T05:59:42.606+0000][7][gc,heap     ] GC(45) Archive regions: 2->2
[2022-09-06T05:59:42.607+0000][7][gc,heap     ] GC(45) Humongous regions: 2->2
[2022-09-06T05:59:42.607+0000][7][gc,metaspace] GC(45) Metaspace: 95216K(99660K)->95216K(99660K) NonClass: 82700K(86016K)->82700K(86016K) Class: 12515K(13644K)->12515K(13644K)
[2022-09-06T05:59:42.607+0000][7][gc          ] GC(45) Pause Young (Normal) (G1 Evacuation Pause) 202M->90M(256M) 15.269ms
[2022-09-06T05:59:42.607+0000][7][gc,cpu      ] GC(45) User=0.00s Sys=0.03s Real=0.01s
[2022-09-06T05:59:42.607+0000][7][safepoint   ] Safepoint "G1CollectForAllocation", Time since last: 4635330270 ns, Reaching safepoint: 115737 ns, At safepoint: 15780726 ns, Total: 15896463 ns
[2022-09-06T05:59:52.609+0000][7][safepoint   ] Safepoint "Cleanup", Time since last: 10001121388 ns, Reaching safepoint: 210675 ns, At safepoint: 22442 ns, Total: 233117 ns
[2022-09-06T05:59:57.609+0000][7][safepoint   ] Safepoint "Cleanup", Time since last: 5000630256 ns, Reaching safepoint: 122129 ns, At safepoint: 20989 ns, Total: 143118 ns
[2022-09-06T06:00:07.611+0000][7][safepoint   ] Safepoint "Cleanup", Time since last: 10001187524 ns, Reaching safepoint: 151765 ns, At safepoint: 19637 ns, Total: 171402 ns
[2022-09-06T06:00:11.612+0000][7][safepoint   ] Safepoint "Cleanup", Time since last: 4001099923 ns, Reaching safepoint: 221686 ns, At safepoint: 44664 ns, Total: 266350 ns
[2022-09-06T06:00:27.615+0000][7][safepoint   ] Safepoint "Cleanup", Time since last: 16002282904 ns, Reaching safepoint: 412444 ns, At safepoint: 61916 ns, Total: 474360 ns
[2022-09-06T06:00:33.616+0000][7][safepoint   ] Safepoint "Cleanup", Time since last: 6001015270 ns, Reaching safepoint: 159129 ns, At safepoint: 6562 ns, Total: 165691 ns
[2022-09-06T06:00:37.617+0000][7][safepoint   ] Safepoint "Cleanup", Time since last: 4000600086 ns, Reaching safepoint: 126658 ns, At safepoint: 20078 ns, Total: 146736 ns
[2022-09-06T06:00:52.619+0000][7][safepoint   ] Safepoint "Cleanup", Time since last: 15001648480 ns, Reaching safepoint: 179577 ns, At safepoint: 23123 ns, Total: 202700 ns
[2022-09-06T06:00:54.619+0000][7][safepoint   ] Safepoint "Cleanup", Time since last: 2000492199 ns, Reaching safepoint: 162515 ns, At safepoint: 21350 ns, Total: 183865 ns
[2022-09-06T06:01:11.621+0000][7][safepoint   ] Safepoint "Cleanup", Time since last: 17001739486 ns, Reaching safepoint: 282501 ns, At safepoint: 44904 ns, Total: 327405 ns
[2022-09-06T06:01:14.622+0000][7][safepoint   ] Safepoint "Cleanup", Time since last: 3000622445 ns, Reaching safepoint: 135725 ns, At safepoint: 4178 ns, Total: 139903 ns
[2022-09-06T06:01:17.625+0000][7][safepoint   ] Safepoint "Cleanup", Time since last: 3001131822 ns, Reaching safepoint: 1862505 ns, At safepoint: 239219 ns, Total: 2101724 ns
[2022-09-06T06:01:37.633+0000][7][safepoint   ] Safepoint "Cleanup", Time since last: 20007266826 ns, Reaching safepoint: 167494 ns, At safepoint: 21781 ns, Total: 189275 ns
[2022-09-06T06:01:52.635+0000][7][safepoint   ] Safepoint "Cleanup", Time since last: 15001817217 ns, Reaching safepoint: 164108 ns, At safepoint: 18986 ns, Total: 183094 ns
[2022-09-06T06:01:53.636+0000][7][safepoint   ] Safepoint "Cleanup", Time since last: 1000402238 ns, Reaching safepoint: 186039 ns, At safepoint: 22232 ns, Total: 208271 ns
[2022-09-06T06:02:07.638+0000][7][safepoint   ] Safepoint "Cleanup", Time since last: 14001975031 ns, Reaching safepoint: 115817 ns, At safepoint: 5079 ns, Total: 120896 ns
[2022-09-06T06:02:20.640+0000][7][safepoint   ] Safepoint "Cleanup", Time since last: 13001614863 ns, Reaching safepoint: 129062 ns, At safepoint: 19006 ns, Total: 148068 ns
[2022-09-06T06:02:22.640+0000][7][safepoint   ] Safepoint "Cleanup", Time since last: 2000457894 ns, Reaching safepoint: 138700 ns, At safepoint: 5100 ns, Total: 143800 ns
[2022-09-06T06:02:27.641+0000][7][safepoint   ] Safepoint "Cleanup", Time since last: 5000711528 ns, Reaching safepoint: 135193 ns, At safepoint: 23364 ns, Total: 158557 ns
[2022-09-06T06:02:37.642+0000][7][safepoint   ] Safepoint "Cleanup", Time since last: 10001280618 ns, Reaching safepoint: 170320 ns, At safepoint: 21761 ns, Total: 192081 ns
[2022-09-06T06:02:43.643+0000][7][safepoint   ] Safepoint "Cleanup", Time since last: 6000908119 ns, Reaching safepoint: 238357 ns, At safepoint: 25738 ns, Total: 264095 ns
[2022-09-06T06:02:47.567+0000][7][gc,start    ] GC(46) Pause Young (Concurrent Start) (G1 Evacuation Pause)
[2022-09-06T06:02:47.567+0000][7][gc,task     ] GC(46) Using 6 workers of 6 for evacuation
[2022-09-06T06:02:47.567+0000][7][gc,age      ] GC(46) Desired survivor size 8388608 bytes, new threshold 15 (max threshold 15)
[2022-09-06T06:02:47.577+0000][7][gc,age      ] GC(46) Age table with threshold 15 (max threshold 15)
[2022-09-06T06:02:47.578+0000][7][gc,age      ] GC(46) - age   1:      19616 bytes,      19616 total
[2022-09-06T06:02:47.578+0000][7][gc,age      ] GC(46) - age   2:       4912 bytes,      24528 total
[2022-09-06T06:02:47.578+0000][7][gc,age      ] GC(46) - age   3:       3112 bytes,      27640 total
[2022-09-06T06:02:47.578+0000][7][gc,age      ] GC(46) - age   4:      10432 bytes,      38072 total
[2022-09-06T06:02:47.578+0000][7][gc,age      ] GC(46) - age   5:      26584 bytes,      64656 total
[2022-09-06T06:02:47.578+0000][7][gc,age      ] GC(46) - age   6:       5776 bytes,      70432 total
[2022-09-06T06:02:47.579+0000][7][gc,age      ] GC(46) - age   7:       9040 bytes,      79472 total
[2022-09-06T06:02:47.579+0000][7][gc,age      ] GC(46) - age   8:      26680 bytes,     106152 total
[2022-09-06T06:02:47.579+0000][7][gc,age      ] GC(46) - age   9:      21768 bytes,     127920 total
[2022-09-06T06:02:47.579+0000][7][gc,age      ] GC(46) - age  10:      14224 bytes,     142144 total
[2022-09-06T06:02:47.579+0000][7][gc,age      ] GC(46) - age  11:      64376 bytes,     206520 total
[2022-09-06T06:02:47.579+0000][7][gc,age      ] GC(46) - age  12:      14016 bytes,     220536 total
[2022-09-06T06:02:47.579+0000][7][gc,age      ] GC(46) - age  13:     663800 bytes,     884336 total
[2022-09-06T06:02:47.580+0000][7][gc,age      ] GC(46) - age  14:    4958624 bytes,    5842960 total
[2022-09-06T06:02:47.580+0000][7][gc,phases   ] GC(46)   Pre Evacuate Collection Set: 0.3ms
[2022-09-06T06:02:47.580+0000][7][gc,phases   ] GC(46)   Merge Heap Roots: 0.2ms
[2022-09-06T06:02:47.581+0000][7][gc,phases   ] GC(46)   Evacuate Collection Set: 8.1ms
[2022-09-06T06:02:47.581+0000][7][gc,phases   ] GC(46)   Post Evacuate Collection Set: 1.4ms
[2022-09-06T06:02:47.581+0000][7][gc,phases   ] GC(46)   Other: 3.3ms
[2022-09-06T06:02:47.581+0000][7][gc,heap     ] GC(46) Eden regions: 28->0(28)
[2022-09-06T06:02:47.581+0000][7][gc,heap     ] GC(46) Survivor regions: 2->2(4)
[2022-09-06T06:02:47.582+0000][7][gc,heap     ] GC(46) Old regions: 18->18
[2022-09-06T06:02:47.582+0000][7][gc,heap     ] GC(46) Archive regions: 2->2
[2022-09-06T06:02:47.582+0000][7][gc,heap     ] GC(46) Humongous regions: 2->2
[2022-09-06T06:02:47.582+0000][7][gc,metaspace] GC(46) Metaspace: 95347K(99660K)->95347K(99660K) NonClass: 82831K(86016K)->82831K(86016K) Class: 12515K(13644K)->12515K(13644K)
[2022-09-06T06:02:47.582+0000][7][gc          ] GC(46) Pause Young (Concurrent Start) (G1 Evacuation Pause) 202M->89M(256M) 15.054ms
[2022-09-06T06:02:47.582+0000][7][gc,cpu      ] GC(46) User=0.02s Sys=0.01s Real=0.02s
[2022-09-06T06:02:47.582+0000][7][gc          ] GC(47) Concurrent Cycle
[2022-09-06T06:02:47.582+0000][7][safepoint   ] Safepoint "G1CollectForAllocation", Time since last: 3923620149 ns, Reaching safepoint: 121919 ns, At safepoint: 15432352 ns, Total: 15554271 ns
[2022-09-06T06:02:47.583+0000][7][gc,marking  ] GC(47) Concurrent Clear Claimed Marks
[2022-09-06T06:02:47.583+0000][7][gc,marking  ] GC(47) Concurrent Clear Claimed Marks 0.363ms
[2022-09-06T06:02:47.583+0000][7][gc,marking  ] GC(47) Concurrent Scan Root Regions
[2022-09-06T06:02:47.587+0000][7][gc,marking  ] GC(47) Concurrent Scan Root Regions 3.557ms
[2022-09-06T06:02:47.587+0000][7][gc,marking  ] GC(47) Concurrent Mark (2326.970s)
[2022-09-06T06:02:47.587+0000][7][gc,marking  ] GC(47) Concurrent Mark From Roots
[2022-09-06T06:02:47.587+0000][7][gc,task     ] GC(47) Using 2 workers of 2 for marking
[2022-09-06T06:02:47.648+0000][7][gc,marking  ] GC(47) Concurrent Mark From Roots 61.081ms
[2022-09-06T06:02:47.649+0000][7][gc,marking  ] GC(47) Concurrent Preclean
[2022-09-06T06:02:47.649+0000][7][gc,marking  ] GC(47) Concurrent Preclean 0.418ms
[2022-09-06T06:02:47.649+0000][7][gc,marking  ] GC(47) Concurrent Mark (2326.970s, 2327.033s) 62.373ms
[2022-09-06T06:02:47.650+0000][7][gc,start    ] GC(47) Pause Remark
[2022-09-06T06:02:47.656+0000][7][gc          ] GC(47) Pause Remark 91M->91M(256M) 6.599ms
[2022-09-06T06:02:47.657+0000][7][gc,cpu      ] GC(47) User=0.02s Sys=0.00s Real=0.01s
[2022-09-06T06:02:47.657+0000][7][safepoint   ] Safepoint "G1Concurrent", Time since last: 67046615 ns, Reaching safepoint: 177484 ns, At safepoint: 7132535 ns, Total: 7310019 ns
[2022-09-06T06:02:47.657+0000][7][gc,marking  ] GC(47) Concurrent Rebuild Remembered Sets
[2022-09-06T06:02:47.692+0000][7][gc,marking  ] GC(47) Concurrent Rebuild Remembered Sets 35.186ms
[2022-09-06T06:02:47.693+0000][7][gc,start    ] GC(47) Pause Cleanup
[2022-09-06T06:02:47.693+0000][7][gc          ] GC(47) Pause Cleanup 91M->91M(256M) 0.325ms
[2022-09-06T06:02:47.693+0000][7][gc,cpu      ] GC(47) User=0.00s Sys=0.00s Real=0.00s
[2022-09-06T06:02:47.694+0000][7][safepoint   ] Safepoint "G1Concurrent", Time since last: 35828489 ns, Reaching safepoint: 219422 ns, At safepoint: 1014995 ns, Total: 1234417 ns
[2022-09-06T06:02:47.694+0000][7][gc,marking  ] GC(47) Concurrent Cleanup for Next Mark
[2022-09-06T06:02:47.701+0000][7][gc,marking  ] GC(47) Concurrent Cleanup for Next Mark 7.274ms
[2022-09-06T06:02:47.702+0000][7][gc          ] GC(47) Concurrent Cycle 119.331ms
[2022-09-06T06:02:53.695+0000][7][safepoint   ] Safepoint "Cleanup", Time since last: 6000754941 ns, Reaching safepoint: 129412 ns, At safepoint: 4599 ns, Total: 134011 ns
[2022-09-06T06:03:07.697+0000][7][safepoint   ] Safepoint "Cleanup", Time since last: 14001553009 ns, Reaching safepoint: 173326 ns, At safepoint: 41347 ns, Total: 214673 ns
[2022-09-06T06:03:37.700+0000][7][safepoint   ] Safepoint "Cleanup", Time since last: 30003192305 ns, Reaching safepoint: 151173 ns, At safepoint: 21741 ns, Total: 172914 ns
[2022-09-06T06:04:07.704+0000][7][safepoint   ] Safepoint "Cleanup", Time since last: 30003191172 ns, Reaching safepoint: 127359 ns, At safepoint: 4248 ns, Total: 131607 ns
[2022-09-06T06:04:22.705+0000][7][safepoint   ] Safepoint "Cleanup", Time since last: 15001653981 ns, Reaching safepoint: 245000 ns, At safepoint: 5370 ns, Total: 250370 ns
[2022-09-06T06:04:26.707+0000][7][safepoint   ] Safepoint "Cleanup", Time since last: 4001734976 ns, Reaching safepoint: 200175 ns, At safepoint: 22652 ns, Total: 222827 ns
[2022-09-06T06:04:39.359+0000][7][safepoint   ] Safepoint "Cleanup", Time since last: 12651235640 ns, Reaching safepoint: 536055 ns, At safepoint: 27442 ns, Total: 563497 ns
[2022-09-06T06:04:40.524+0000][7][safepoint   ] Safepoint "Cleanup", Time since last: 1164771197 ns, Reaching safepoint: 253486 ns, At safepoint: 21110 ns, Total: 274596 ns
[2022-09-06T06:04:41.525+0000][7][safepoint   ] Safepoint "Cleanup", Time since last: 1000456319 ns, Reaching safepoint: 125786 ns, At safepoint: 5340 ns, Total: 131126 ns
[2022-09-06T06:04:43.526+0000][7][safepoint   ] Safepoint "Cleanup", Time since last: 2000482560 ns, Reaching safepoint: 248847 ns, At safepoint: 45095 ns, Total: 293942 ns
[2022-09-06T06:04:46.527+0000][7][safepoint   ] Safepoint "Cleanup", Time since last: 3000643795 ns, Reaching safepoint: 393038 ns, At safepoint: 30968 ns, Total: 424006 ns
[2022-09-06T06:04:47.527+0000][7][safepoint   ] Safepoint "Cleanup", Time since last: 1000513606 ns, Reaching safepoint: 166142 ns, At safepoint: 4499 ns, Total: 170641 ns
[2022-09-06T06:04:48.528+0000][7][safepoint   ] Safepoint "Cleanup", Time since last: 1000738197 ns, Reaching safepoint: 233579 ns, At safepoint: 24796 ns, Total: 258375 ns
[2022-09-06T06:04:49.529+0000][7][safepoint   ] Safepoint "Cleanup", Time since last: 1000923687 ns, Reaching safepoint: 238888 ns, At safepoint: 2254 ns, Total: 241142 ns
[2022-09-06T06:04:50.530+0000][7][safepoint   ] Safepoint "Cleanup", Time since last: 1000562197 ns, Reaching safepoint: 253226 ns, At safepoint: 36047 ns, Total: 289273 ns
[2022-09-06T06:04:51.531+0000][7][safepoint   ] Safepoint "Cleanup", Time since last: 1000421333 ns, Reaching safepoint: 226435 ns, At safepoint: 22533 ns, Total: 248968 ns
[2022-09-06T06:04:52.700+0000][7][safepoint   ] Safepoint "Cleanup", Time since last: 1169306027 ns, Reaching safepoint: 257003 ns, At safepoint: 28724 ns, Total: 285727 ns
[2022-09-06T06:04:53.701+0000][7][safepoint   ] Safepoint "Cleanup", Time since last: 1000496244 ns, Reaching safepoint: 178224 ns, At safepoint: 4819 ns, Total: 183043 ns
[2022-09-06T06:04:54.702+0000][7][safepoint   ] Safepoint "Cleanup", Time since last: 1000369616 ns, Reaching safepoint: 148759 ns, At safepoint: 3226 ns, Total: 151985 ns
[2022-09-06T06:04:57.702+0000][7][safepoint   ] Safepoint "Cleanup", Time since last: 3000534170 ns, Reaching safepoint: 152997 ns, At safepoint: 4839 ns, Total: 157836 ns
[2022-09-06T06:05:03.703+0000][7][safepoint   ] Safepoint "Cleanup", Time since last: 6000897339 ns, Reaching safepoint: 176291 ns, At safepoint: 4919 ns, Total: 181210 ns
[2022-09-06T06:05:07.704+0000][7][safepoint   ] Safepoint "Cleanup", Time since last: 4000565802 ns, Reaching safepoint: 247565 ns, At safepoint: 49883 ns, Total: 297448 ns
[2022-09-06T06:05:09.705+0000][7][safepoint   ] Safepoint "Cleanup", Time since last: 2000540740 ns, Reaching safepoint: 212168 ns, At safepoint: 5571 ns, Total: 217739 ns
[2022-09-06T06:05:11.706+0000][7][safepoint   ] Safepoint "Cleanup", Time since last: 2000459347 ns, Reaching safepoint: 136426 ns, At safepoint: 2965 ns, Total: 139391 ns
[2022-09-06T06:05:13.706+0000][7][safepoint   ] Safepoint "Cleanup", Time since last: 2000503340 ns, Reaching safepoint: 142597 ns, At safepoint: 4629 ns, Total: 147226 ns
[2022-09-06T06:05:35.709+0000][7][safepoint   ] Safepoint "Cleanup", Time since last: 22002550441 ns, Reaching safepoint: 236323 ns, At safepoint: 24847 ns, Total: 261170 ns
[2022-09-06T06:05:37.561+0000][7][gc,start    ] GC(48) Pause Young (Normal) (G1 Evacuation Pause)
[2022-09-06T06:05:37.561+0000][7][gc,task     ] GC(48) Using 6 workers of 6 for evacuation
[2022-09-06T06:05:37.561+0000][7][gc,age      ] GC(48) Desired survivor size 8388608 bytes, new threshold 15 (max threshold 15)
[2022-09-06T06:05:37.572+0000][7][gc,age      ] GC(48) Age table with threshold 15 (max threshold 15)
[2022-09-06T06:05:37.573+0000][7][gc,age      ] GC(48) - age   1:     873208 bytes,     873208 total
[2022-09-06T06:05:37.573+0000][7][gc,age      ] GC(48) - age   2:       7688 bytes,     880896 total
[2022-09-06T06:05:37.573+0000][7][gc,age      ] GC(48) - age   3:       4680 bytes,     885576 total
[2022-09-06T06:05:37.573+0000][7][gc,age      ] GC(48) - age   4:       2184 bytes,     887760 total
[2022-09-06T06:05:37.573+0000][7][gc,age      ] GC(48) - age   5:      10264 bytes,     898024 total
[2022-09-06T06:05:37.574+0000][7][gc,age      ] GC(48) - age   6:      26584 bytes,     924608 total
[2022-09-06T06:05:37.574+0000][7][gc,age      ] GC(48) - age   7:       5576 bytes,     930184 total
[2022-09-06T06:05:37.574+0000][7][gc,age      ] GC(48) - age   8:       8656 bytes,     938840 total
[2022-09-06T06:05:37.574+0000][7][gc,age      ] GC(48) - age   9:      26560 bytes,     965400 total
[2022-09-06T06:05:37.575+0000][7][gc,age      ] GC(48) - age  10:      21768 bytes,     987168 total
[2022-09-06T06:05:37.575+0000][7][gc,age      ] GC(48) - age  11:      14224 bytes,    1001392 total
[2022-09-06T06:05:37.575+0000][7][gc,age      ] GC(48) - age  12:      64376 bytes,    1065768 total
[2022-09-06T06:05:37.575+0000][7][gc,age      ] GC(48) - age  13:      14016 bytes,    1079784 total
[2022-09-06T06:05:37.576+0000][7][gc,age      ] GC(48) - age  14:     612360 bytes,    1692144 total
[2022-09-06T06:05:37.576+0000][7][gc,age      ] GC(48) - age  15:    4955320 bytes,    6647464 total
[2022-09-06T06:05:37.576+0000][7][gc,phases   ] GC(48)   Pre Evacuate Collection Set: 0.2ms
[2022-09-06T06:05:37.576+0000][7][gc,phases   ] GC(48)   Merge Heap Roots: 0.1ms
[2022-09-06T06:05:37.576+0000][7][gc,phases   ] GC(48)   Evacuate Collection Set: 8.0ms
[2022-09-06T06:05:37.576+0000][7][gc,phases   ] GC(48)   Post Evacuate Collection Set: 2.4ms
[2022-09-06T06:05:37.577+0000][7][gc,phases   ] GC(48)   Other: 4.7ms
[2022-09-06T06:05:37.577+0000][7][gc,heap     ] GC(48) Eden regions: 28->0(28)
[2022-09-06T06:05:37.577+0000][7][gc,heap     ] GC(48) Survivor regions: 2->2(4)
[2022-09-06T06:05:37.577+0000][7][gc,heap     ] GC(48) Old regions: 18->18
[2022-09-06T06:05:37.578+0000][7][gc,heap     ] GC(48) Archive regions: 2->2
[2022-09-06T06:05:37.578+0000][7][gc,heap     ] GC(48) Humongous regions: 2->2
[2022-09-06T06:05:37.578+0000][7][gc,metaspace] GC(48) Metaspace: 97223K(101580K)->97223K(101580K) NonClass: 84399K(87552K)->84399K(87552K) Class: 12824K(14028K)->12824K(14028K)
[2022-09-06T06:05:37.578+0000][7][gc          ] GC(48) Pause Young (Normal) (G1 Evacuation Pause) 201M->90M(256M) 17.540ms
[2022-09-06T06:05:37.578+0000][7][gc,cpu      ] GC(48) User=0.03s Sys=0.01s Real=0.01s
[2022-09-06T06:05:37.578+0000][7][safepoint   ] Safepoint "G1CollectForAllocation", Time since last: 1850976754 ns, Reaching safepoint: 175439 ns, At safepoint: 18014688 ns, Total: 18190127 ns
[2022-09-06T06:05:38.579+0000][7][safepoint   ] Safepoint "Cleanup", Time since last: 1000247738 ns, Reaching safepoint: 172564 ns, At safepoint: 5079 ns, Total: 177643 ns
[2022-09-06T06:05:57.581+0000][7][safepoint   ] Safepoint "Cleanup", Time since last: 19001947522 ns, Reaching safepoint: 227888 ns, At safepoint: 22863 ns, Total: 250751 ns
[2022-09-06T06:06:04.582+0000][7][safepoint   ] Safepoint "Cleanup", Time since last: 7000894776 ns, Reaching safepoint: 167465 ns, At safepoint: 18053 ns, Total: 185518 ns
[2022-09-06T06:06:07.587+0000][7][safepoint   ] Safepoint "Cleanup", Time since last: 3000558947 ns, Reaching safepoint: 4391682 ns, At safepoint: 58710 ns, Total: 4450392 ns
[2022-09-06T06:06:08.590+0000][7][safepoint   ] Safepoint "Cleanup", Time since last: 1002477532 ns, Reaching safepoint: 186290 ns, At safepoint: 2674 ns, Total: 188964 ns
[2022-09-06T06:06:12.591+0000][7][safepoint   ] Safepoint "Cleanup", Time since last: 4000717918 ns, Reaching safepoint: 163496 ns, At safepoint: 22022 ns, Total: 185518 ns
[2022-09-06T06:06:13.592+0000][7][safepoint   ] Safepoint "Cleanup", Time since last: 1000435479 ns, Reaching safepoint: 228589 ns, At safepoint: 22032 ns, Total: 250621 ns
[2022-09-06T06:06:17.593+0000][7][safepoint   ] Safepoint "Cleanup", Time since last: 4000657213 ns, Reaching safepoint: 206618 ns, At safepoint: 24756 ns, Total: 231374 ns
[2022-09-06T06:06:20.594+0000][7][safepoint   ] Safepoint "Cleanup", Time since last: 3000659906 ns, Reaching safepoint: 234049 ns, At safepoint: 18765 ns, Total: 252814 ns
[2022-09-06T06:06:22.594+0000][7][safepoint   ] Safepoint "Cleanup", Time since last: 2001204846 ns, Reaching safepoint: 138911 ns, At safepoint: 2695 ns, Total: 141606 ns
[2022-09-06T06:06:23.595+0000][7][safepoint   ] Safepoint "Cleanup", Time since last: 1000357353 ns, Reaching safepoint: 235733 ns, At safepoint: 25528 ns, Total: 261261 ns
[2022-09-06T06:06:24.596+0000][7][safepoint   ] Safepoint "Cleanup", Time since last: 1000669508 ns, Reaching safepoint: 298301 ns, At safepoint: 5370 ns, Total: 303671 ns
[2022-09-06T06:06:27.597+0000][7][safepoint   ] Safepoint "Cleanup", Time since last: 3000639647 ns, Reaching safepoint: 259056 ns, At safepoint: 24346 ns, Total: 283402 ns
[2022-09-06T06:06:29.598+0000][7][safepoint   ] Safepoint "Cleanup", Time since last: 2000523978 ns, Reaching safepoint: 191890 ns, At safepoint: 22102 ns, Total: 213992 ns
[2022-09-06T06:06:30.598+0000][7][safepoint   ] Safepoint "Cleanup", Time since last: 1000370157 ns, Reaching safepoint: 197470 ns, At safepoint: 5861 ns, Total: 203331 ns
[2022-09-06T06:06:31.599+0000][7][safepoint   ] Safepoint "Cleanup", Time since last: 1000343288 ns, Reaching safepoint: 222026 ns, At safepoint: 22362 ns, Total: 244388 ns
[2022-09-06T06:06:32.599+0000][7][safepoint   ] Safepoint "Cleanup", Time since last: 1000351853 ns, Reaching safepoint: 173185 ns, At safepoint: 3206 ns, Total: 176391 ns
[2022-09-06T06:06:33.603+0000][7][safepoint   ] Safepoint "Cleanup", Time since last: 1003469253 ns, Reaching safepoint: 302988 ns, At safepoint: 46688 ns, Total: 349676 ns
[2022-09-06T06:06:35.605+0000][7][safepoint   ] Safepoint "Cleanup", Time since last: 2001218632 ns, Reaching safepoint: 178936 ns, At safepoint: 22943 ns, Total: 201879 ns
[2022-09-06T06:06:36.605+0000][7][safepoint   ] Safepoint "Cleanup", Time since last: 1000522222 ns, Reaching safepoint: 238328 ns, At safepoint: 25147 ns, Total: 263475 ns
[2022-09-06T06:06:37.607+0000][7][safepoint   ] Safepoint "Cleanup", Time since last: 1000828527 ns, Reaching safepoint: 508244 ns, At safepoint: 10650 ns, Total: 518894 ns
[2022-09-06T06:06:38.619+0000][7][safepoint   ] Safepoint "Cleanup", Time since last: 1011882953 ns, Reaching safepoint: 265378 ns, At safepoint: 23254 ns, Total: 288632 ns
[2022-09-06T06:06:40.620+0000][7][safepoint   ] Safepoint "Cleanup", Time since last: 2000617334 ns, Reaching safepoint: 238277 ns, At safepoint: 31719 ns, Total: 269996 ns
[2022-09-06T06:06:42.621+0000][7][safepoint   ] Safepoint "Cleanup", Time since last: 2000471540 ns, Reaching safepoint: 230643 ns, At safepoint: 38532 ns, Total: 269175 ns
[2022-09-06T06:06:47.622+0000][7][safepoint   ] Safepoint "Cleanup", Time since last: 5001418114 ns, Reaching safepoint: 327234 ns, At safepoint: 48481 ns, Total: 375715 ns
[2022-09-06T06:07:08.626+0000][7][safepoint   ] Safepoint "Cleanup", Time since last: 21002985374 ns, Reaching safepoint: 248667 ns, At safepoint: 42670 ns, Total: 291337 ns
[2022-09-06T06:07:17.628+0000][7][safepoint   ] Safepoint "Cleanup", Time since last: 9001572293 ns, Reaching safepoint: 237395 ns, At safepoint: 25078 ns, Total: 262473 ns
[2022-09-06T06:07:37.666+0000][7][safepoint   ] Safepoint "Cleanup", Time since last: 20004600983 ns, Reaching safepoint: 378159 ns, At safepoint: 43542 ns, Total: 421701 ns
[2022-09-06T06:07:52.637+0000][7][safepoint   ] Safepoint "Cleanup", Time since last: 15004478591 ns, Reaching safepoint: 213221 ns, At safepoint: 24245 ns, Total: 237466 ns
[2022-09-06T06:08:22.643+0000][7][safepoint   ] Safepoint "Cleanup", Time since last: 30003796098 ns, Reaching safepoint: 197701 ns, At safepoint: 2845 ns, Total: 200546 ns
[2022-09-06T06:08:23.644+0000][7][safepoint   ] Safepoint "Cleanup", Time since last: 1000689126 ns, Reaching safepoint: 357511 ns, At safepoint: 63178 ns, Total: 420689 ns
[2022-09-06T06:08:27.645+0000][7][safepoint   ] Safepoint "Cleanup", Time since last: 4000932911 ns, Reaching safepoint: 212829 ns, At safepoint: 26681 ns, Total: 239510 ns
[2022-09-06T06:08:32.826+0000][7][gc,start    ] GC(49) Pause Young (Concurrent Start) (G1 Evacuation Pause)
[2022-09-06T06:08:32.827+0000][7][gc,task     ] GC(49) Using 6 workers of 6 for evacuation
[2022-09-06T06:08:32.827+0000][7][gc,age      ] GC(49) Desired survivor size 8388608 bytes, new threshold 15 (max threshold 15)
[2022-09-06T06:08:32.877+0000][7][gc,age      ] GC(49) Age table with threshold 15 (max threshold 15)
[2022-09-06T06:08:32.877+0000][7][gc,age      ] GC(49) - age   1:      92352 bytes,      92352 total
[2022-09-06T06:08:32.877+0000][7][gc,age      ] GC(49) - age   2:     787256 bytes,     879608 total
[2022-09-06T06:08:32.878+0000][7][gc,age      ] GC(49) - age   3:       7688 bytes,     887296 total
[2022-09-06T06:08:32.878+0000][7][gc,age      ] GC(49) - age   4:       4656 bytes,     891952 total
[2022-09-06T06:08:32.878+0000][7][gc,age      ] GC(49) - age   5:       1944 bytes,     893896 total
[2022-09-06T06:08:32.878+0000][7][gc,age      ] GC(49) - age   6:       1832 bytes,     895728 total
[2022-09-06T06:08:32.878+0000][7][gc,age      ] GC(49) - age   7:       2416 bytes,     898144 total
[2022-09-06T06:08:32.879+0000][7][gc,age      ] GC(49) - age   8:       5576 bytes,     903720 total
[2022-09-06T06:08:32.879+0000][7][gc,age      ] GC(49) - age   9:       8656 bytes,     912376 total
[2022-09-06T06:08:32.879+0000][7][gc,age      ] GC(49) - age  10:      26560 bytes,     938936 total
[2022-09-06T06:08:32.879+0000][7][gc,age      ] GC(49) - age  11:      21768 bytes,     960704 total
[2022-09-06T06:08:32.879+0000][7][gc,age      ] GC(49) - age  12:      14224 bytes,     974928 total
[2022-09-06T06:08:32.880+0000][7][gc,age      ] GC(49) - age  13:      64376 bytes,    1039304 total
[2022-09-06T06:08:32.880+0000][7][gc,age      ] GC(49) - age  14:      14016 bytes,    1053320 total
[2022-09-06T06:08:32.880+0000][7][gc,age      ] GC(49) - age  15:     612360 bytes,    1665680 total
[2022-09-06T06:08:32.880+0000][7][gc,phases   ] GC(49)   Pre Evacuate Collection Set: 0.2ms
[2022-09-06T06:08:32.880+0000][7][gc,phases   ] GC(49)   Merge Heap Roots: 0.2ms
[2022-09-06T06:08:32.880+0000][7][gc,phases   ] GC(49)   Evacuate Collection Set: 47.7ms
[2022-09-06T06:08:32.881+0000][7][gc,phases   ] GC(49)   Post Evacuate Collection Set: 1.4ms
[2022-09-06T06:08:32.882+0000][7][gc,phases   ] GC(49)   Other: 4.1ms
[2022-09-06T06:08:32.882+0000][7][gc,heap     ] GC(49) Eden regions: 28->0(28)
[2022-09-06T06:08:32.882+0000][7][gc,heap     ] GC(49) Survivor regions: 2->1(4)
[2022-09-06T06:08:32.882+0000][7][gc,heap     ] GC(49) Old regions: 18->20
[2022-09-06T06:08:32.882+0000][7][gc,heap     ] GC(49) Archive regions: 2->2
[2022-09-06T06:08:32.882+0000][7][gc,heap     ] GC(49) Humongous regions: 2->2
[2022-09-06T06:08:32.883+0000][7][gc,metaspace] GC(49) Metaspace: 97410K(101836K)->97410K(101836K) NonClass: 84586K(87808K)->84586K(87808K) Class: 12824K(14028K)->12824K(14028K)
[2022-09-06T06:08:32.883+0000][7][gc          ] GC(49) Pause Young (Concurrent Start) (G1 Evacuation Pause) 202M->90M(256M) 56.273ms
[2022-09-06T06:08:32.883+0000][7][gc,cpu      ] GC(49) User=0.29s Sys=0.00s Real=0.06s
[2022-09-06T06:08:32.883+0000][7][gc          ] GC(50) Concurrent Cycle
[2022-09-06T06:08:32.883+0000][7][safepoint   ] Safepoint "G1CollectForAllocation", Time since last: 5180730307 ns, Reaching safepoint: 329428 ns, At safepoint: 56742529 ns, Total: 57071957 ns
[2022-09-06T06:08:32.883+0000][7][gc,marking  ] GC(50) Concurrent Clear Claimed Marks
[2022-09-06T06:08:32.884+0000][7][gc,marking  ] GC(50) Concurrent Clear Claimed Marks 0.384ms
[2022-09-06T06:08:32.884+0000][7][gc,marking  ] GC(50) Concurrent Scan Root Regions
[2022-09-06T06:08:32.888+0000][7][gc,marking  ] GC(50) Concurrent Scan Root Regions 3.908ms
[2022-09-06T06:08:32.888+0000][7][gc,marking  ] GC(50) Concurrent Mark (2672.269s)
[2022-09-06T06:08:32.888+0000][7][gc,marking  ] GC(50) Concurrent Mark From Roots
[2022-09-06T06:08:32.888+0000][7][gc,task     ] GC(50) Using 2 workers of 2 for marking
[2022-09-06T06:08:32.939+0000][7][gc,marking  ] GC(50) Concurrent Mark From Roots 50.629ms
[2022-09-06T06:08:32.939+0000][7][gc,marking  ] GC(50) Concurrent Preclean
[2022-09-06T06:08:32.939+0000][7][gc,marking  ] GC(50) Concurrent Preclean 0.371ms
[2022-09-06T06:08:32.940+0000][7][gc,marking  ] GC(50) Concurrent Mark (2672.269s, 2672.321s) 51.625ms
[2022-09-06T06:08:32.940+0000][7][gc,start    ] GC(50) Pause Remark
[2022-09-06T06:08:32.948+0000][7][gc          ] GC(50) Pause Remark 91M->91M(256M) 7.847ms
[2022-09-06T06:08:32.948+0000][7][gc,cpu      ] GC(50) User=0.01s Sys=0.01s Real=0.01s
[2022-09-06T06:08:32.949+0000][7][safepoint   ] Safepoint "G1Concurrent", Time since last: 56662428 ns, Reaching safepoint: 140864 ns, At safepoint: 9065102 ns, Total: 9205966 ns
[2022-09-06T06:08:32.949+0000][7][gc,marking  ] GC(50) Concurrent Rebuild Remembered Sets
[2022-09-06T06:08:32.986+0000][7][gc,marking  ] GC(50) Concurrent Rebuild Remembered Sets 36.630ms
[2022-09-06T06:08:32.987+0000][7][gc,start    ] GC(50) Pause Cleanup
[2022-09-06T06:08:32.987+0000][7][gc          ] GC(50) Pause Cleanup 91M->91M(256M) 0.385ms
[2022-09-06T06:08:32.988+0000][7][gc,cpu      ] GC(50) User=0.00s Sys=0.00s Real=0.00s
[2022-09-06T06:08:32.988+0000][7][safepoint   ] Safepoint "G1Concurrent", Time since last: 37259886 ns, Reaching safepoint: 678934 ns, At safepoint: 781566 ns, Total: 1460500 ns
[2022-09-06T06:08:32.988+0000][7][gc,marking  ] GC(50) Concurrent Cleanup for Next Mark
[2022-09-06T06:08:32.995+0000][7][gc,marking  ] GC(50) Concurrent Cleanup for Next Mark 7.317ms
[2022-09-06T06:08:32.996+0000][7][gc          ] GC(50) Concurrent Cycle 112.449ms
[2022-09-06T06:08:37.988+0000][7][safepoint   ] Safepoint "Cleanup", Time since last: 5000500262 ns, Reaching safepoint: 133801 ns, At safepoint: 20458 ns, Total: 154259 ns
[2022-09-06T06:08:45.990+0000][7][safepoint   ] Safepoint "Cleanup", Time since last: 8001452336 ns, Reaching safepoint: 148959 ns, At safepoint: 3707 ns, Total: 152666 ns
[2022-09-06T06:09:07.991+0000][7][safepoint   ] Safepoint "Cleanup", Time since last: 22002250057 ns, Reaching safepoint: 177663 ns, At safepoint: 20589 ns, Total: 198252 ns
[2022-09-06T06:09:37.994+0000][7][safepoint   ] Safepoint "Cleanup", Time since last: 30003074252 ns, Reaching safepoint: 126598 ns, At safepoint: 7213 ns, Total: 133811 ns
[2022-09-06T06:09:47.995+0000][7][safepoint   ] Safepoint "Cleanup", Time since last: 10001407567 ns, Reaching safepoint: 153397 ns, At safepoint: 35567 ns, Total: 188964 ns
[2022-09-06T06:09:51.987+0000][7][safepoint   ] Safepoint "Cleanup", Time since last: 4000580098 ns, Reaching safepoint: 142648 ns, At safepoint: 5049 ns, Total: 147697 ns
[2022-09-06T06:10:03.989+0000][7][safepoint   ] Safepoint "Cleanup", Time since last: 12001272448 ns, Reaching safepoint: 139372 ns, At safepoint: 5320 ns, Total: 144692 ns
[2022-09-06T06:10:04.989+0000][7][safepoint   ] Safepoint "Cleanup", Time since last: 1000441471 ns, Reaching safepoint: 144691 ns, At safepoint: 4388 ns, Total: 149079 ns
[2022-09-06T06:10:07.990+0000][7][safepoint   ] Safepoint "Cleanup", Time since last: 3000502461 ns, Reaching safepoint: 305493 ns, At safepoint: 11792 ns, Total: 317285 ns
[2022-09-06T06:10:38.002+0000][7][safepoint   ] Safepoint "Cleanup", Time since last: 30003430882 ns, Reaching safepoint: 164689 ns, At safepoint: 5170 ns, Total: 169859 ns
[2022-09-06T06:10:52.004+0000][7][safepoint   ] Safepoint "Cleanup", Time since last: 14001536888 ns, Reaching safepoint: 213942 ns, At safepoint: 23083 ns, Total: 237025 ns
[2022-09-06T06:11:22.008+0000][7][safepoint   ] Safepoint "Cleanup", Time since last: 30003039738 ns, Reaching safepoint: 202009 ns, At safepoint: 3787 ns, Total: 205796 ns
[2022-09-06T06:11:33.996+0000][7][gc,start    ] GC(51) Pause Young (Normal) (G1 Evacuation Pause)
[2022-09-06T06:11:33.996+0000][7][gc,task     ] GC(51) Using 6 workers of 6 for evacuation
[2022-09-06T06:11:33.996+0000][7][gc,age      ] GC(51) Desired survivor size 8388608 bytes, new threshold 15 (max threshold 15)
[2022-09-06T06:11:34.006+0000][7][gc,age      ] GC(51) Age table with threshold 15 (max threshold 15)
[2022-09-06T06:11:34.006+0000][7][gc,age      ] GC(51) - age   1:      13680 bytes,      13680 total
[2022-09-06T06:11:34.007+0000][7][gc,age      ] GC(51) - age   2:      32264 bytes,      45944 total
[2022-09-06T06:11:34.007+0000][7][gc,age      ] GC(51) - age   3:     673728 bytes,     719672 total
[2022-09-06T06:11:34.007+0000][7][gc,age      ] GC(51) - age   4:       7448 bytes,     727120 total
[2022-09-06T06:11:34.007+0000][7][gc,age      ] GC(51) - age   5:       4656 bytes,     731776 total
[2022-09-06T06:11:34.007+0000][7][gc,age      ] GC(51) - age   6:       1736 bytes,     733512 total
[2022-09-06T06:11:34.007+0000][7][gc,age      ] GC(51) - age   7:       1832 bytes,     735344 total
[2022-09-06T06:11:34.008+0000][7][gc,age      ] GC(51) - age   8:       2416 bytes,     737760 total
[2022-09-06T06:11:34.008+0000][7][gc,age      ] GC(51) - age   9:       5576 bytes,     743336 total
[2022-09-06T06:11:34.008+0000][7][gc,age      ] GC(51) - age  10:       8656 bytes,     751992 total
[2022-09-06T06:11:34.008+0000][7][gc,age      ] GC(51) - age  11:      26560 bytes,     778552 total
[2022-09-06T06:11:34.008+0000][7][gc,age      ] GC(51) - age  12:      21768 bytes,     800320 total
[2022-09-06T06:11:34.008+0000][7][gc,age      ] GC(51) - age  13:      14224 bytes,     814544 total
[2022-09-06T06:11:34.009+0000][7][gc,age      ] GC(51) - age  14:      64376 bytes,     878920 total
[2022-09-06T06:11:34.009+0000][7][gc,age      ] GC(51) - age  15:      14016 bytes,     892936 total
[2022-09-06T06:11:34.009+0000][7][gc,phases   ] GC(51)   Pre Evacuate Collection Set: 0.2ms
[2022-09-06T06:11:34.009+0000][7][gc,phases   ] GC(51)   Merge Heap Roots: 0.1ms
[2022-09-06T06:11:34.010+0000][7][gc,phases   ] GC(51)   Evacuate Collection Set: 7.0ms
[2022-09-06T06:11:34.010+0000][7][gc,phases   ] GC(51)   Post Evacuate Collection Set: 1.8ms
[2022-09-06T06:11:34.010+0000][7][gc,phases   ] GC(51)   Other: 4.4ms
[2022-09-06T06:11:34.011+0000][7][gc,heap     ] GC(51) Eden regions: 28->0(28)
[2022-09-06T06:11:34.011+0000][7][gc,heap     ] GC(51) Survivor regions: 1->1(4)
[2022-09-06T06:11:34.011+0000][7][gc,heap     ] GC(51) Old regions: 20->20
[2022-09-06T06:11:34.012+0000][7][gc,heap     ] GC(51) Archive regions: 2->2
[2022-09-06T06:11:34.012+0000][7][gc,heap     ] GC(51) Humongous regions: 2->2
[2022-09-06T06:11:34.012+0000][7][gc,metaspace] GC(51) Metaspace: 97424K(101836K)->97424K(101836K) NonClass: 84600K(87808K)->84600K(87808K) Class: 12824K(14028K)->12824K(14028K)
[2022-09-06T06:11:34.013+0000][7][gc          ] GC(51) Pause Young (Normal) (G1 Evacuation Pause) 202M->90M(256M) 17.052ms
[2022-09-06T06:11:34.013+0000][7][gc,cpu      ] GC(51) User=0.03s Sys=0.01s Real=0.02s
[2022-09-06T06:11:34.013+0000][7][safepoint   ] Safepoint "G1CollectForAllocation", Time since last: 11986872423 ns, Reaching safepoint: 276379 ns, At safepoint: 17639173 ns, Total: 17915552 ns
[2022-09-06T06:11:38.014+0000][7][safepoint   ] Safepoint "Cleanup", Time since last: 4000710003 ns, Reaching safepoint: 210625 ns, At safepoint: 28714 ns, Total: 239339 ns
[2022-09-06T06:12:08.017+0000][7][safepoint   ] Safepoint "Cleanup", Time since last: 30002903763 ns, Reaching safepoint: 331322 ns, At safepoint: 48340 ns, Total: 379662 ns
[2022-09-06T06:12:38.020+0000][7][safepoint   ] Safepoint "Cleanup", Time since last: 30003901677 ns, Reaching safepoint: 187962 ns, At safepoint: 20318 ns, Total: 208280 ns
[2022-09-06T06:13:38.028+0000][7][safepoint   ] Safepoint "Cleanup", Time since last: 60006334166 ns, Reaching safepoint: 191699 ns, At safepoint: 26680 ns, Total: 218379 ns
[2022-09-06T06:14:10.031+0000][7][safepoint   ] Safepoint "Cleanup", Time since last: 32003476473 ns, Reaching safepoint: 153668 ns, At safepoint: 5541 ns, Total: 159209 ns
[2022-09-06T06:14:11.032+0000][7][safepoint   ] Safepoint "Cleanup", Time since last: 1000549584 ns, Reaching safepoint: 239890 ns, At safepoint: 46277 ns, Total: 286167 ns
[2022-09-06T06:14:12.032+0000][7][safepoint   ] Safepoint "Cleanup", Time since last: 1000453123 ns, Reaching safepoint: 156844 ns, At safepoint: 29225 ns, Total: 186069 ns
[2022-09-06T06:14:13.033+0000][7][safepoint   ] Safepoint "Cleanup", Time since last: 1000326545 ns, Reaching safepoint: 158207 ns, At safepoint: 2775 ns, Total: 160982 ns
[2022-09-06T06:14:14.034+0000][7][safepoint   ] Safepoint "Cleanup", Time since last: 1000464915 ns, Reaching safepoint: 315522 ns, At safepoint: 61335 ns, Total: 376857 ns
[2022-09-06T06:14:35.037+0000][7][safepoint   ] Safepoint "Cleanup", Time since last: 21002377334 ns, Reaching safepoint: 234880 ns, At safepoint: 22222 ns, Total: 257102 ns
[2022-09-06T06:14:37.558+0000][7][gc,start    ] GC(52) Pause Young (Concurrent Start) (G1 Evacuation Pause)
[2022-09-06T06:14:37.558+0000][7][gc,task     ] GC(52) Using 6 workers of 6 for evacuation
[2022-09-06T06:14:37.559+0000][7][gc,age      ] GC(52) Desired survivor size 8388608 bytes, new threshold 15 (max threshold 15)
[2022-09-06T06:14:37.571+0000][7][gc,age      ] GC(52) Age table with threshold 15 (max threshold 15)
[2022-09-06T06:14:37.571+0000][7][gc,age      ] GC(52) - age   1:     123072 bytes,     123072 total
[2022-09-06T06:14:37.571+0000][7][gc,age      ] GC(52) - age   2:       1624 bytes,     124696 total
[2022-09-06T06:14:37.571+0000][7][gc,age      ] GC(52) - age   3:      17000 bytes,     141696 total
[2022-09-06T06:14:37.571+0000][7][gc,age      ] GC(52) - age   4:     673080 bytes,     814776 total
[2022-09-06T06:14:37.572+0000][7][gc,age      ] GC(52) - age   5:       7448 bytes,     822224 total
[2022-09-06T06:14:37.572+0000][7][gc,age      ] GC(52) - age   6:       4656 bytes,     826880 total
[2022-09-06T06:14:37.572+0000][7][gc,age      ] GC(52) - age   7:       1736 bytes,     828616 total
[2022-09-06T06:14:37.572+0000][7][gc,age      ] GC(52) - age   8:       1832 bytes,     830448 total
[2022-09-06T06:14:37.572+0000][7][gc,age      ] GC(52) - age   9:       2416 bytes,     832864 total
[2022-09-06T06:14:37.573+0000][7][gc,age      ] GC(52) - age  10:       5576 bytes,     838440 total
[2022-09-06T06:14:37.573+0000][7][gc,age      ] GC(52) - age  11:       8656 bytes,     847096 total
[2022-09-06T06:14:37.573+0000][7][gc,age      ] GC(52) - age  12:      26560 bytes,     873656 total
[2022-09-06T06:14:37.573+0000][7][gc,age      ] GC(52) - age  13:      21768 bytes,     895424 total
[2022-09-06T06:14:37.573+0000][7][gc,age      ] GC(52) - age  14:      14224 bytes,     909648 total
[2022-09-06T06:14:37.573+0000][7][gc,age      ] GC(52) - age  15:      64376 bytes,     974024 total
[2022-09-06T06:14:37.574+0000][7][gc,phases   ] GC(52)   Pre Evacuate Collection Set: 0.2ms
[2022-09-06T06:14:37.574+0000][7][gc,phases   ] GC(52)   Merge Heap Roots: 0.1ms
[2022-09-06T06:14:37.574+0000][7][gc,phases   ] GC(52)   Evacuate Collection Set: 9.6ms
[2022-09-06T06:14:37.575+0000][7][gc,phases   ] GC(52)   Post Evacuate Collection Set: 1.4ms
[2022-09-06T06:14:37.575+0000][7][gc,phases   ] GC(52)   Other: 4.1ms
[2022-09-06T06:14:37.575+0000][7][gc,heap     ] GC(52) Eden regions: 28->0(28)
[2022-09-06T06:14:37.575+0000][7][gc,heap     ] GC(52) Survivor regions: 1->1(4)
[2022-09-06T06:14:37.575+0000][7][gc,heap     ] GC(52) Old regions: 20->20
[2022-09-06T06:14:37.576+0000][7][gc,heap     ] GC(52) Archive regions: 2->2
[2022-09-06T06:14:37.576+0000][7][gc,heap     ] GC(52) Humongous regions: 2->2
[2022-09-06T06:14:37.576+0000][7][gc,metaspace] GC(52) Metaspace: 97479K(101836K)->97479K(101836K) NonClass: 84655K(87808K)->84655K(87808K) Class: 12824K(14028K)->12824K(14028K)
[2022-09-06T06:14:37.576+0000][7][gc          ] GC(52) Pause Young (Concurrent Start) (G1 Evacuation Pause) 202M->90M(256M) 17.927ms
[2022-09-06T06:14:37.576+0000][7][gc,cpu      ] GC(52) User=0.05s Sys=0.00s Real=0.02s
[2022-09-06T06:14:37.577+0000][7][gc          ] GC(53) Concurrent Cycle
[2022-09-06T06:14:37.579+0000][7][gc,marking  ] GC(53) Concurrent Clear Claimed Marks
[2022-09-06T06:14:37.580+0000][7][gc,marking  ] GC(53) Concurrent Clear Claimed Marks 0.990ms
[2022-09-06T06:14:37.580+0000][7][gc,marking  ] GC(53) Concurrent Scan Root Regions
[2022-09-06T06:14:37.577+0000][7][safepoint   ] Safepoint "G1CollectForAllocation", Time since last: 2518634092 ns, Reaching safepoint: 2901094 ns, At safepoint: 19115895 ns, Total: 22016989 ns
[2022-09-06T06:14:37.586+0000][7][gc,marking  ] GC(53) Concurrent Scan Root Regions 5.582ms
[2022-09-06T06:14:37.587+0000][7][gc,marking  ] GC(53) Concurrent Mark (3036.970s)
[2022-09-06T06:14:37.587+0000][7][gc,marking  ] GC(53) Concurrent Mark From Roots
[2022-09-06T06:14:37.587+0000][7][gc,task     ] GC(53) Using 2 workers of 2 for marking
[2022-09-06T06:14:37.683+0000][7][gc,marking  ] GC(53) Concurrent Mark From Roots 95.541ms
[2022-09-06T06:14:37.683+0000][7][gc,marking  ] GC(53) Concurrent Preclean
[2022-09-06T06:14:37.684+0000][7][gc,marking  ] GC(53) Concurrent Preclean 0.583ms
[2022-09-06T06:14:37.684+0000][7][gc,marking  ] GC(53) Concurrent Mark (3036.970s, 3037.067s) 96.899ms
[2022-09-06T06:14:37.684+0000][7][gc,start    ] GC(53) Pause Remark
[2022-09-06T06:14:38.161+0000][7][gc,mmu      ] GC(53) MMU target violated: 201.0ms (200.0ms/201.0ms)
[2022-09-06T06:14:38.161+0000][7][gc          ] GC(53) Pause Remark 101M->101M(256M) 477.053ms
[2022-09-06T06:14:38.161+0000][7][gc,cpu      ] GC(53) User=2.14s Sys=0.05s Real=0.48s
[2022-09-06T06:14:38.162+0000][7][safepoint   ] Safepoint "G1Concurrent", Time since last: 106732314 ns, Reaching safepoint: 161673 ns, At safepoint: 477535297 ns, Total: 477696970 ns
[2022-09-06T06:14:38.162+0000][7][gc,marking  ] GC(53) Concurrent Rebuild Remembered Sets
[2022-09-06T06:14:38.193+0000][7][gc,marking  ] GC(53) Concurrent Rebuild Remembered Sets 31.446ms
[2022-09-06T06:14:38.386+0000][7][gc,start    ] GC(53) Pause Cleanup
[2022-09-06T06:14:38.386+0000][7][gc          ] GC(53) Pause Cleanup 102M->102M(256M) 0.571ms
[2022-09-06T06:14:38.387+0000][7][gc,cpu      ] GC(53) User=0.00s Sys=0.00s Real=0.00s
[2022-09-06T06:14:38.387+0000][7][safepoint   ] Safepoint "G1Concurrent", Time since last: 32174061 ns, Reaching safepoint: 191965910 ns, At safepoint: 1157403 ns, Total: 193123313 ns
[2022-09-06T06:14:38.387+0000][7][gc,marking  ] GC(53) Concurrent Cleanup for Next Mark
[2022-09-06T06:14:38.396+0000][7][gc,marking  ] GC(53) Concurrent Cleanup for Next Mark 9.188ms
[2022-09-06T06:14:38.397+0000][7][gc          ] GC(53) Concurrent Cycle 819.588ms
[2022-09-06T06:14:39.387+0000][7][safepoint   ] Safepoint "Cleanup", Time since last: 1000321796 ns, Reaching safepoint: 147978 ns, At safepoint: 19867 ns, Total: 167845 ns
[2022-09-06T06:14:42.388+0000][7][safepoint   ] Safepoint "Cleanup", Time since last: 3000605274 ns, Reaching safepoint: 234459 ns, At safepoint: 21992 ns, Total: 256451 ns
[2022-09-06T06:14:43.389+0000][7][safepoint   ] Safepoint "Cleanup", Time since last: 1000362793 ns, Reaching safepoint: 253275 ns, At safepoint: 8407 ns, Total: 261682 ns
[2022-09-06T06:14:44.390+0000][7][safepoint   ] Safepoint "Cleanup", Time since last: 1000660231 ns, Reaching safepoint: 372960 ns, At safepoint: 5691 ns, Total: 378651 ns
[2022-09-06T06:14:46.392+0000][7][safepoint   ] Safepoint "Cleanup", Time since last: 2001556395 ns, Reaching safepoint: 172564 ns, At safepoint: 5801 ns, Total: 178365 ns
[2022-09-06T06:14:47.392+0000][7][safepoint   ] Safepoint "Cleanup", Time since last: 1000408469 ns, Reaching safepoint: 143088 ns, At safepoint: 21100 ns, Total: 164188 ns
[2022-09-06T06:14:48.393+0000][7][safepoint   ] Safepoint "Cleanup", Time since last: 1000384033 ns, Reaching safepoint: 138160 ns, At safepoint: 19346 ns, Total: 157506 ns
[2022-09-06T06:14:51.394+0000][7][safepoint   ] Safepoint "Cleanup", Time since last: 3000555510 ns, Reaching safepoint: 204864 ns, At safepoint: 30968 ns, Total: 235832 ns
[2022-09-06T06:14:52.394+0000][7][safepoint   ] Safepoint "Cleanup", Time since last: 1000555755 ns, Reaching safepoint: 194255 ns, At safepoint: 21952 ns, Total: 216207 ns
[2022-09-06T06:14:55.395+0000][7][safepoint   ] Safepoint "Cleanup", Time since last: 3000656178 ns, Reaching safepoint: 191499 ns, At safepoint: 19527 ns, Total: 211026 ns
[2022-09-06T06:14:56.396+0000][7][safepoint   ] Safepoint "Cleanup", Time since last: 1000363575 ns, Reaching safepoint: 162314 ns, At safepoint: 5421 ns, Total: 167735 ns
[2022-09-06T06:15:00.398+0000][7][safepoint   ] Safepoint "Cleanup", Time since last: 4001718645 ns, Reaching safepoint: 531207 ns, At safepoint: 4478 ns, Total: 535685 ns
[2022-09-06T06:15:01.400+0000][7][safepoint   ] Safepoint "Cleanup", Time since last: 1001393498 ns, Reaching safepoint: 152987 ns, At safepoint: 3306 ns, Total: 156293 ns
[2022-09-06T06:15:04.400+0000][7][safepoint   ] Safepoint "Cleanup", Time since last: 3000680946 ns, Reaching safepoint: 189615 ns, At safepoint: 65894 ns, Total: 255509 ns
[2022-09-06T06:15:05.401+0000][7][safepoint   ] Safepoint "Cleanup", Time since last: 1000444597 ns, Reaching safepoint: 145994 ns, At safepoint: 6703 ns, Total: 152697 ns
[2022-09-06T06:15:06.402+0000][7][safepoint   ] Safepoint "Cleanup", Time since last: 1000403639 ns, Reaching safepoint: 328186 ns, At safepoint: 40346 ns, Total: 368532 ns
[2022-09-06T06:15:08.403+0000][7][safepoint   ] Safepoint "Cleanup", Time since last: 2000569494 ns, Reaching safepoint: 373140 ns, At safepoint: 27231 ns, Total: 400371 ns
[2022-09-06T06:15:38.406+0000][7][safepoint   ] Safepoint "Cleanup", Time since last: 30002912339 ns, Reaching safepoint: 182984 ns, At safepoint: 4909 ns, Total: 187893 ns
[2022-09-06T06:16:08.409+0000][7][safepoint   ] Safepoint "Cleanup", Time since last: 30003202003 ns, Reaching safepoint: 220865 ns, At safepoint: 14567 ns, Total: 235432 ns
[2022-09-06T06:16:38.413+0000][7][safepoint   ] Safepoint "Cleanup", Time since last: 30003209577 ns, Reaching safepoint: 232185 ns, At safepoint: 23084 ns, Total: 255269 ns
[2022-09-06T06:17:08.416+0000][7][safepoint   ] Safepoint "Cleanup", Time since last: 30003232720 ns, Reaching safepoint: 134783 ns, At safepoint: 5230 ns, Total: 140013 ns
[2022-09-06T06:17:17.562+0000][7][gc,start    ] GC(54) Pause Young (Normal) (G1 Evacuation Pause)
[2022-09-06T06:17:17.564+0000][7][gc,task     ] GC(54) Using 6 workers of 6 for evacuation
[2022-09-06T06:17:17.564+0000][7][gc,age      ] GC(54) Desired survivor size 8388608 bytes, new threshold 15 (max threshold 15)
[2022-09-06T06:17:17.570+0000][7][gc,age      ] GC(54) Age table with threshold 15 (max threshold 15)
[2022-09-06T06:17:17.571+0000][7][gc,age      ] GC(54) - age   1:     200096 bytes,     200096 total
[2022-09-06T06:17:17.571+0000][7][gc,age      ] GC(54) - age   2:      99728 bytes,     299824 total
[2022-09-06T06:17:17.571+0000][7][gc,age      ] GC(54) - age   3:       1360 bytes,     301184 total
[2022-09-06T06:17:17.571+0000][7][gc,age      ] GC(54) - age   4:      14744 bytes,     315928 total
[2022-09-06T06:17:17.571+0000][7][gc,age      ] GC(54) - age   5:     672200 bytes,     988128 total
[2022-09-06T06:17:17.571+0000][7][gc,age      ] GC(54) - age   6:       7448 bytes,     995576 total
[2022-09-06T06:17:17.571+0000][7][gc,age      ] GC(54) - age   7:       4416 bytes,     999992 total
[2022-09-06T06:17:17.572+0000][7][gc,age      ] GC(54) - age   8:       1736 bytes,    1001728 total
[2022-09-06T06:17:17.572+0000][7][gc,age      ] GC(54) - age   9:       1832 bytes,    1003560 total
[2022-09-06T06:17:17.572+0000][7][gc,age      ] GC(54) - age  10:       2376 bytes,    1005936 total
[2022-09-06T06:17:17.572+0000][7][gc,age      ] GC(54) - age  11:       5576 bytes,    1011512 total
[2022-09-06T06:17:17.572+0000][7][gc,age      ] GC(54) - age  12:       8656 bytes,    1020168 total
[2022-09-06T06:17:17.572+0000][7][gc,age      ] GC(54) - age  13:      26560 bytes,    1046728 total
[2022-09-06T06:17:17.573+0000][7][gc,age      ] GC(54) - age  14:      21768 bytes,    1068496 total
[2022-09-06T06:17:17.573+0000][7][gc,age      ] GC(54) - age  15:      14224 bytes,    1082720 total
[2022-09-06T06:17:17.573+0000][7][gc,phases   ] GC(54)   Pre Evacuate Collection Set: 0.1ms
[2022-09-06T06:17:17.573+0000][7][gc,phases   ] GC(54)   Merge Heap Roots: 0.1ms
[2022-09-06T06:17:17.573+0000][7][gc,phases   ] GC(54)   Evacuate Collection Set: 4.5ms
[2022-09-06T06:17:17.573+0000][7][gc,phases   ] GC(54)   Post Evacuate Collection Set: 1.3ms
[2022-09-06T06:17:17.574+0000][7][gc,phases   ] GC(54)   Other: 5.5ms
[2022-09-06T06:17:17.574+0000][7][gc,heap     ] GC(54) Eden regions: 28->0(28)
[2022-09-06T06:17:17.574+0000][7][gc,heap     ] GC(54) Survivor regions: 1->1(4)
[2022-09-06T06:17:17.574+0000][7][gc,heap     ] GC(54) Old regions: 20->20
[2022-09-06T06:17:17.574+0000][7][gc,heap     ] GC(54) Archive regions: 2->2
[2022-09-06T06:17:17.575+0000][7][gc,heap     ] GC(54) Humongous regions: 2->2
[2022-09-06T06:17:17.575+0000][7][gc,metaspace] GC(54) Metaspace: 97645K(102092K)->97645K(102092K) NonClass: 84822K(88064K)->84822K(88064K) Class: 12823K(14028K)->12823K(14028K)
[2022-09-06T06:17:17.575+0000][7][gc          ] GC(54) Pause Young (Normal) (G1 Evacuation Pause) 202M->90M(256M) 13.300ms
[2022-09-06T06:17:17.575+0000][7][gc,cpu      ] GC(54) User=0.02s Sys=0.01s Real=0.01s
[2022-09-06T06:17:17.575+0000][7][safepoint   ] Safepoint "G1CollectForAllocation", Time since last: 9145225757 ns, Reaching safepoint: 206727 ns, At safepoint: 13671137 ns, Total: 13877864 ns
[2022-09-06T06:17:37.579+0000][7][safepoint   ] Safepoint "Cleanup", Time since last: 20001947303 ns, Reaching safepoint: 262683 ns, At safepoint: 53931 ns, Total: 316614 ns
[2022-09-06T06:18:37.583+0000][7][safepoint   ] Safepoint "Cleanup", Time since last: 60005593124 ns, Reaching safepoint: 251633 ns, At safepoint: 36508 ns, Total: 288141 ns
[2022-09-06T06:18:47.585+0000][7][safepoint   ] Safepoint "Cleanup", Time since last: 10001222048 ns, Reaching safepoint: 178926 ns, At safepoint: 22051 ns, Total: 200977 ns
[2022-09-06T06:18:54.586+0000][7][safepoint   ] Safepoint "Cleanup", Time since last: 7000875320 ns, Reaching safepoint: 144761 ns, At safepoint: 4649 ns, Total: 149410 ns
[2022-09-06T06:19:27.589+0000][7][safepoint   ] Safepoint "Cleanup", Time since last: 33003005782 ns, Reaching safepoint: 206738 ns, At safepoint: 21831 ns, Total: 228569 ns
[2022-09-06T06:19:37.592+0000][7][safepoint   ] Safepoint "Cleanup", Time since last: 10002789439 ns, Reaching safepoint: 236855 ns, At safepoint: 22332 ns, Total: 259187 ns
[2022-09-06T06:19:57.594+0000][7][safepoint   ] Safepoint "Cleanup", Time since last: 20002027714 ns, Reaching safepoint: 197140 ns, At safepoint: 22262 ns, Total: 219402 ns
[2022-09-06T06:20:08.595+0000][7][safepoint   ] Safepoint "Cleanup", Time since last: 11001207664 ns, Reaching safepoint: 115196 ns, At safepoint: 5681 ns, Total: 120877 ns
[2022-09-06T06:20:15.596+0000][7][safepoint   ] Safepoint "Cleanup", Time since last: 7000880950 ns, Reaching safepoint: 244379 ns, At safepoint: 25317 ns, Total: 269696 ns
[2022-09-06T06:20:16.598+0000][7][safepoint   ] Safepoint "Cleanup", Time since last: 1000941369 ns, Reaching safepoint: 276559 ns, At safepoint: 29316 ns, Total: 305875 ns
[2022-09-06T06:20:17.574+0000][7][gc,start    ] GC(55) Pause Young (Concurrent Start) (G1 Evacuation Pause)
[2022-09-06T06:20:17.575+0000][7][gc,task     ] GC(55) Using 6 workers of 6 for evacuation
[2022-09-06T06:20:17.575+0000][7][gc,age      ] GC(55) Desired survivor size 8388608 bytes, new threshold 15 (max threshold 15)
[2022-09-06T06:20:17.580+0000][7][gc,age      ] GC(55) Age table with threshold 15 (max threshold 15)
[2022-09-06T06:20:17.581+0000][7][gc,age      ] GC(55) - age   1:      20144 bytes,      20144 total
[2022-09-06T06:20:17.581+0000][7][gc,age      ] GC(55) - age   2:     183144 bytes,     203288 total
[2022-09-06T06:20:17.581+0000][7][gc,age      ] GC(55) - age   3:      99728 bytes,     303016 total
[2022-09-06T06:20:17.581+0000][7][gc,age      ] GC(55) - age   4:       1360 bytes,     304376 total
[2022-09-06T06:20:17.581+0000][7][gc,age      ] GC(55) - age   5:      14712 bytes,     319088 total
[2022-09-06T06:20:17.582+0000][7][gc,age      ] GC(55) - age   6:     672200 bytes,     991288 total
[2022-09-06T06:20:17.582+0000][7][gc,age      ] GC(55) - age   7:       7448 bytes,     998736 total
[2022-09-06T06:20:17.582+0000][7][gc,age      ] GC(55) - age   8:       4416 bytes,    1003152 total
[2022-09-06T06:20:17.582+0000][7][gc,age      ] GC(55) - age   9:       1736 bytes,    1004888 total
[2022-09-06T06:20:17.582+0000][7][gc,age      ] GC(55) - age  10:       1832 bytes,    1006720 total
[2022-09-06T06:20:17.582+0000][7][gc,age      ] GC(55) - age  11:       2376 bytes,    1009096 total
[2022-09-06T06:20:17.583+0000][7][gc,age      ] GC(55) - age  12:       5576 bytes,    1014672 total
[2022-09-06T06:20:17.583+0000][7][gc,age      ] GC(55) - age  13:       8656 bytes,    1023328 total
[2022-09-06T06:20:17.583+0000][7][gc,age      ] GC(55) - age  14:      26560 bytes,    1049888 total
[2022-09-06T06:20:17.583+0000][7][gc,age      ] GC(55) - age  15:      21768 bytes,    1071656 total
[2022-09-06T06:20:17.584+0000][7][gc,phases   ] GC(55)   Pre Evacuate Collection Set: 0.3ms
[2022-09-06T06:20:17.584+0000][7][gc,phases   ] GC(55)   Merge Heap Roots: 0.1ms
[2022-09-06T06:20:17.584+0000][7][gc,phases   ] GC(55)   Evacuate Collection Set: 2.4ms
[2022-09-06T06:20:17.585+0000][7][gc,phases   ] GC(55)   Post Evacuate Collection Set: 1.6ms
[2022-09-06T06:20:17.585+0000][7][gc,phases   ] GC(55)   Other: 4.7ms
[2022-09-06T06:20:17.585+0000][7][gc,heap     ] GC(55) Eden regions: 28->0(28)
[2022-09-06T06:20:17.586+0000][7][gc,heap     ] GC(55) Survivor regions: 1->1(4)
[2022-09-06T06:20:17.586+0000][7][gc,heap     ] GC(55) Old regions: 20->20
[2022-09-06T06:20:17.586+0000][7][gc,heap     ] GC(55) Archive regions: 2->2
[2022-09-06T06:20:17.586+0000][7][gc,heap     ] GC(55) Humongous regions: 2->2
[2022-09-06T06:20:17.586+0000][7][gc,metaspace] GC(55) Metaspace: 97680K(102092K)->97680K(102092K) NonClass: 84857K(88064K)->84857K(88064K) Class: 12823K(14028K)->12823K(14028K)
[2022-09-06T06:20:17.587+0000][7][gc          ] GC(55) Pause Young (Concurrent Start) (G1 Evacuation Pause) 202M->90M(256M) 12.500ms
[2022-09-06T06:20:17.587+0000][7][gc,cpu      ] GC(55) User=0.01s Sys=0.01s Real=0.01s
[2022-09-06T06:20:17.587+0000][7][gc          ] GC(56) Concurrent Cycle
[2022-09-06T06:20:17.587+0000][7][safepoint   ] Safepoint "G1CollectForAllocation", Time since last: 976518695 ns, Reaching safepoint: 251191 ns, At safepoint: 13130321 ns, Total: 13381512 ns
[2022-09-06T06:20:17.588+0000][7][gc,marking  ] GC(56) Concurrent Clear Claimed Marks
[2022-09-06T06:20:17.588+0000][7][gc,marking  ] GC(56) Concurrent Clear Claimed Marks 0.466ms
[2022-09-06T06:20:17.588+0000][7][gc,marking  ] GC(56) Concurrent Scan Root Regions
[2022-09-06T06:20:17.591+0000][7][gc,marking  ] GC(56) Concurrent Scan Root Regions 2.450ms
[2022-09-06T06:20:17.591+0000][7][gc,marking  ] GC(56) Concurrent Mark (3376.975s)
[2022-09-06T06:20:17.592+0000][7][gc,marking  ] GC(56) Concurrent Mark From Roots
[2022-09-06T06:20:17.592+0000][7][gc,task     ] GC(56) Using 2 workers of 2 for marking
[2022-09-06T06:20:17.668+0000][7][gc,marking  ] GC(56) Concurrent Mark From Roots 76.436ms
[2022-09-06T06:20:17.668+0000][7][gc,marking  ] GC(56) Concurrent Preclean
[2022-09-06T06:20:17.669+0000][7][gc,marking  ] GC(56) Concurrent Preclean 0.382ms
[2022-09-06T06:20:17.669+0000][7][gc,marking  ] GC(56) Concurrent Mark (3376.975s, 3377.053s) 77.749ms
[2022-09-06T06:20:17.669+0000][7][gc,start    ] GC(56) Pause Remark
[2022-09-06T06:20:17.679+0000][7][gc          ] GC(56) Pause Remark 91M->91M(256M) 9.693ms
[2022-09-06T06:20:17.679+0000][7][gc,cpu      ] GC(56) User=0.04s Sys=0.00s Real=0.01s
[2022-09-06T06:20:17.680+0000][7][safepoint   ] Safepoint "G1Concurrent", Time since last: 81753877 ns, Reaching safepoint: 178165 ns, At safepoint: 10220220 ns, Total: 10398385 ns
[2022-09-06T06:20:17.680+0000][7][gc,marking  ] GC(56) Concurrent Rebuild Remembered Sets
[2022-09-06T06:20:17.708+0000][7][gc,marking  ] GC(56) Concurrent Rebuild Remembered Sets 28.565ms
[2022-09-06T06:20:17.709+0000][7][gc,start    ] GC(56) Pause Cleanup
[2022-09-06T06:20:17.709+0000][7][gc          ] GC(56) Pause Cleanup 91M->91M(256M) 0.347ms
[2022-09-06T06:20:17.710+0000][7][gc,cpu      ] GC(56) User=0.00s Sys=0.00s Real=0.00s
[2022-09-06T06:20:17.713+0000][7][safepoint   ] Safepoint "G1Concurrent", Time since last: 29117375 ns, Reaching safepoint: 175469 ns, At safepoint: 4034552 ns, Total: 4210021 ns
[2022-09-06T06:20:17.715+0000][7][gc,marking  ] GC(56) Concurrent Cleanup for Next Mark
[2022-09-06T06:20:17.734+0000][7][gc,marking  ] GC(56) Concurrent Cleanup for Next Mark 18.332ms
[2022-09-06T06:20:17.734+0000][7][gc          ] GC(56) Concurrent Cycle 146.573ms
[2022-09-06T06:20:18.715+0000][7][safepoint   ] Safepoint "Cleanup", Time since last: 1002213656 ns, Reaching safepoint: 225083 ns, At safepoint: 23684 ns, Total: 248767 ns
[2022-09-06T06:20:20.716+0000][7][safepoint   ] Safepoint "Cleanup", Time since last: 2000609058 ns, Reaching safepoint: 221656 ns, At safepoint: 25017 ns, Total: 246673 ns
[2022-09-06T06:20:22.717+0000][7][safepoint   ] Safepoint "Cleanup", Time since last: 2000770330 ns, Reaching safepoint: 201929 ns, At safepoint: 23194 ns, Total: 225123 ns
[2022-09-06T06:20:24.718+0000][7][safepoint   ] Safepoint "Cleanup", Time since last: 2000469466 ns, Reaching safepoint: 181931 ns, At safepoint: 20198 ns, Total: 202129 ns
[2022-09-06T06:20:27.719+0000][7][safepoint   ] Safepoint "Cleanup", Time since last: 3000518540 ns, Reaching safepoint: 136867 ns, At safepoint: 20579 ns, Total: 157446 ns
[2022-09-06T06:20:35.720+0000][7][safepoint   ] Safepoint "Cleanup", Time since last: 8001017739 ns, Reaching safepoint: 176291 ns, At safepoint: 2876 ns, Total: 179167 ns
[2022-09-06T06:20:37.721+0000][7][safepoint   ] Safepoint "Cleanup", Time since last: 2000462352 ns, Reaching safepoint: 322776 ns, At safepoint: 2906 ns, Total: 325682 ns
[2022-09-06T06:20:38.722+0000][7][safepoint   ] Safepoint "Cleanup", Time since last: 1000551587 ns, Reaching safepoint: 241463 ns, At safepoint: 22252 ns, Total: 263715 ns
[2022-09-06T06:20:52.724+0000][7][safepoint   ] Safepoint "Cleanup", Time since last: 14001539033 ns, Reaching safepoint: 135203 ns, At safepoint: 4830 ns, Total: 140033 ns
[2022-09-06T06:20:56.725+0000][7][safepoint   ] Safepoint "Cleanup", Time since last: 4000757411 ns, Reaching safepoint: 181911 ns, At safepoint: 22182 ns, Total: 204093 ns
[2022-09-06T06:21:35.728+0000][7][safepoint   ] Safepoint "Cleanup", Time since last: 39003876752 ns, Reaching safepoint: 187362 ns, At safepoint: 2674 ns, Total: 190036 ns
[2022-09-06T06:21:37.729+0000][7][safepoint   ] Safepoint "Cleanup", Time since last: 2000559916 ns, Reaching safepoint: 417413 ns, At safepoint: 40607 ns, Total: 458020 ns
[2022-09-06T06:22:07.733+0000][7][safepoint   ] Safepoint "Cleanup", Time since last: 30003072480 ns, Reaching safepoint: 157034 ns, At safepoint: 3046 ns, Total: 160080 ns
[2022-09-06T06:22:52.738+0000][7][safepoint   ] Safepoint "Cleanup", Time since last: 45004503001 ns, Reaching safepoint: 180158 ns, At safepoint: 4478 ns, Total: 184636 ns
[2022-09-06T06:23:21.931+0000][7][safepoint   ] Safepoint "Cleanup", Time since last: 29193138273 ns, Reaching safepoint: 230382 ns, At safepoint: 24246 ns, Total: 254628 ns
[2022-09-06T06:23:27.566+0000][7][gc,start    ] GC(57) Pause Young (Normal) (G1 Evacuation Pause)
[2022-09-06T06:23:27.567+0000][7][gc,task     ] GC(57) Using 6 workers of 6 for evacuation
[2022-09-06T06:23:27.568+0000][7][gc,age      ] GC(57) Desired survivor size 8388608 bytes, new threshold 15 (max threshold 15)
[2022-09-06T06:23:27.572+0000][7][gc,age      ] GC(57) Age table with threshold 15 (max threshold 15)
[2022-09-06T06:23:27.572+0000][7][gc,age      ] GC(57) - age   1:     140344 bytes,     140344 total
[2022-09-06T06:23:27.572+0000][7][gc,age      ] GC(57) - age   2:       8312 bytes,     148656 total
[2022-09-06T06:23:27.572+0000][7][gc,age      ] GC(57) - age   3:     118320 bytes,     266976 total
[2022-09-06T06:23:27.572+0000][7][gc,age      ] GC(57) - age   4:       2624 bytes,     269600 total
[2022-09-06T06:23:27.573+0000][7][gc,age      ] GC(57) - age   5:       1360 bytes,     270960 total
[2022-09-06T06:23:27.573+0000][7][gc,age      ] GC(57) - age   6:      14472 bytes,     285432 total
[2022-09-06T06:23:27.573+0000][7][gc,age      ] GC(57) - age   7:     672200 bytes,     957632 total
[2022-09-06T06:23:27.573+0000][7][gc,age      ] GC(57) - age   8:       7448 bytes,     965080 total
[2022-09-06T06:23:27.573+0000][7][gc,age      ] GC(57) - age   9:       4416 bytes,     969496 total
[2022-09-06T06:23:27.573+0000][7][gc,age      ] GC(57) - age  10:       1736 bytes,     971232 total
[2022-09-06T06:23:27.574+0000][7][gc,age      ] GC(57) - age  11:       1592 bytes,     972824 total
[2022-09-06T06:23:27.574+0000][7][gc,age      ] GC(57) - age  12:       2376 bytes,     975200 total
[2022-09-06T06:23:27.574+0000][7][gc,age      ] GC(57) - age  13:       5576 bytes,     980776 total
[2022-09-06T06:23:27.574+0000][7][gc,age      ] GC(57) - age  14:       8656 bytes,     989432 total
[2022-09-06T06:23:27.574+0000][7][gc,age      ] GC(57) - age  15:      26560 bytes,    1015992 total
[2022-09-06T06:23:27.575+0000][7][gc,phases   ] GC(57)   Pre Evacuate Collection Set: 0.1ms
[2022-09-06T06:23:27.575+0000][7][gc,phases   ] GC(57)   Merge Heap Roots: 0.1ms
[2022-09-06T06:23:27.575+0000][7][gc,phases   ] GC(57)   Evacuate Collection Set: 2.4ms
[2022-09-06T06:23:27.575+0000][7][gc,phases   ] GC(57)   Post Evacuate Collection Set: 1.3ms
[2022-09-06T06:23:27.575+0000][7][gc,phases   ] GC(57)   Other: 4.3ms
[2022-09-06T06:23:27.575+0000][7][gc,heap     ] GC(57) Eden regions: 28->0(28)
[2022-09-06T06:23:27.575+0000][7][gc,heap     ] GC(57) Survivor regions: 1->1(4)
[2022-09-06T06:23:27.576+0000][7][gc,heap     ] GC(57) Old regions: 20->20
[2022-09-06T06:23:27.576+0000][7][gc,heap     ] GC(57) Archive regions: 2->2
[2022-09-06T06:23:27.576+0000][7][gc,heap     ] GC(57) Humongous regions: 2->2
[2022-09-06T06:23:27.576+0000][7][gc,metaspace] GC(57) Metaspace: 97697K(102092K)->97697K(102092K) NonClass: 84875K(88064K)->84875K(88064K) Class: 12821K(14028K)->12821K(14028K)
[2022-09-06T06:23:27.576+0000][7][gc          ] GC(57) Pause Young (Normal) (G1 Evacuation Pause) 202M->90M(256M) 9.988ms
[2022-09-06T06:23:27.577+0000][7][gc,cpu      ] GC(57) User=0.01s Sys=0.00s Real=0.01s
[2022-09-06T06:23:27.577+0000][7][safepoint   ] Safepoint "G1CollectForAllocation", Time since last: 5635457009 ns, Reaching safepoint: 228108 ns, At safepoint: 10395860 ns, Total: 10623968 ns
[2022-09-06T06:23:35.578+0000][7][safepoint   ] Safepoint "Cleanup", Time since last: 8000930806 ns, Reaching safepoint: 199645 ns, At safepoint: 22162 ns, Total: 221807 ns
[2022-09-06T06:24:37.585+0000][7][safepoint   ] Safepoint "Cleanup", Time since last: 62006288674 ns, Reaching safepoint: 403097 ns, At safepoint: 70683 ns, Total: 473780 ns
[2022-09-06T06:24:44.586+0000][7][safepoint   ] Safepoint "Cleanup", Time since last: 7001062771 ns, Reaching safepoint: 143700 ns, At safepoint: 2765 ns, Total: 146465 ns
[2022-09-06T06:24:52.588+0000][7][safepoint   ] Safepoint "Cleanup", Time since last: 8001093131 ns, Reaching safepoint: 200336 ns, At safepoint: 2394 ns, Total: 202730 ns
[2022-09-06T06:24:58.589+0000][7][safepoint   ] Safepoint "Cleanup", Time since last: 6001398620 ns, Reaching safepoint: 312276 ns, At safepoint: 20909 ns, Total: 333185 ns
[2022-09-06T06:25:07.591+0000][7][safepoint   ] Safepoint "Cleanup", Time since last: 9001311353 ns, Reaching safepoint: 195587 ns, At safepoint: 8236 ns, Total: 203823 ns
[2022-09-06T06:25:37.594+0000][7][safepoint   ] Safepoint "Cleanup", Time since last: 30003375658 ns, Reaching safepoint: 174037 ns, At safepoint: 3467 ns, Total: 177504 ns
[2022-09-06T06:26:27.565+0000][7][gc,start    ] GC(58) Pause Young (Concurrent Start) (G1 Evacuation Pause)
[2022-09-06T06:26:27.565+0000][7][gc,task     ] GC(58) Using 6 workers of 6 for evacuation
[2022-09-06T06:26:27.566+0000][7][gc,age      ] GC(58) Desired survivor size 8388608 bytes, new threshold 15 (max threshold 15)
[2022-09-06T06:26:27.570+0000][7][gc,age      ] GC(58) Age table with threshold 15 (max threshold 15)
[2022-09-06T06:26:27.570+0000][7][gc,age      ] GC(58) - age   1:      13392 bytes,      13392 total
[2022-09-06T06:26:27.571+0000][7][gc,age      ] GC(58) - age   2:     123776 bytes,     137168 total
[2022-09-06T06:26:27.571+0000][7][gc,age      ] GC(58) - age   3:       8312 bytes,     145480 total
[2022-09-06T06:26:27.571+0000][7][gc,age      ] GC(58) - age   4:     117552 bytes,     263032 total
[2022-09-06T06:26:27.571+0000][7][gc,age      ] GC(58) - age   5:       2496 bytes,     265528 total
[2022-09-06T06:26:27.571+0000][7][gc,age      ] GC(58) - age   6:       1152 bytes,     266680 total
[2022-09-06T06:26:27.571+0000][7][gc,age      ] GC(58) - age   7:      14472 bytes,     281152 total
[2022-09-06T06:26:27.571+0000][7][gc,age      ] GC(58) - age   8:     672200 bytes,     953352 total
[2022-09-06T06:26:27.572+0000][7][gc,age      ] GC(58) - age   9:       7448 bytes,     960800 total
[2022-09-06T06:26:27.572+0000][7][gc,age      ] GC(58) - age  10:       4416 bytes,     965216 total
[2022-09-06T06:26:27.572+0000][7][gc,age      ] GC(58) - age  11:       1736 bytes,     966952 total
[2022-09-06T06:26:27.572+0000][7][gc,age      ] GC(58) - age  12:       1592 bytes,     968544 total
[2022-09-06T06:26:27.572+0000][7][gc,age      ] GC(58) - age  13:       2376 bytes,     970920 total
[2022-09-06T06:26:27.572+0000][7][gc,age      ] GC(58) - age  14:       5576 bytes,     976496 total
[2022-09-06T06:26:27.573+0000][7][gc,age      ] GC(58) - age  15:       8656 bytes,     985152 total
[2022-09-06T06:26:27.573+0000][7][gc,phases   ] GC(58)   Pre Evacuate Collection Set: 0.4ms
[2022-09-06T06:26:27.573+0000][7][gc,phases   ] GC(58)   Merge Heap Roots: 0.1ms
[2022-09-06T06:26:27.573+0000][7][gc,phases   ] GC(58)   Evacuate Collection Set: 2.6ms
[2022-09-06T06:26:27.573+0000][7][gc,phases   ] GC(58)   Post Evacuate Collection Set: 1.2ms
[2022-09-06T06:26:27.573+0000][7][gc,phases   ] GC(58)   Other: 3.4ms
[2022-09-06T06:26:27.573+0000][7][gc,heap     ] GC(58) Eden regions: 28->0(28)
[2022-09-06T06:26:27.573+0000][7][gc,heap     ] GC(58) Survivor regions: 1->1(4)
[2022-09-06T06:26:27.574+0000][7][gc,heap     ] GC(58) Old regions: 20->20
[2022-09-06T06:26:27.574+0000][7][gc,heap     ] GC(58) Archive regions: 2->2
[2022-09-06T06:26:27.574+0000][7][gc,heap     ] GC(58) Humongous regions: 2->2
[2022-09-06T06:26:27.574+0000][7][gc,metaspace] GC(58) Metaspace: 97722K(102092K)->97722K(102092K) NonClass: 84901K(88064K)->84901K(88064K) Class: 12821K(14028K)->12821K(14028K)
[2022-09-06T06:26:27.575+0000][7][gc          ] GC(58) Pause Young (Concurrent Start) (G1 Evacuation Pause) 202M->90M(256M) 9.737ms
[2022-09-06T06:26:27.575+0000][7][gc,cpu      ] GC(58) User=0.00s Sys=0.02s Real=0.01s
[2022-09-06T06:26:27.575+0000][7][gc          ] GC(59) Concurrent Cycle
[2022-09-06T06:26:27.575+0000][7][safepoint   ] Safepoint "G1CollectForAllocation", Time since last: 49970731394 ns, Reaching safepoint: 251251 ns, At safepoint: 10235880 ns, Total: 10487131 ns
[2022-09-06T06:26:27.575+0000][7][gc,marking  ] GC(59) Concurrent Clear Claimed Marks
[2022-09-06T06:26:27.576+0000][7][gc,marking  ] GC(59) Concurrent Clear Claimed Marks 0.379ms
[2022-09-06T06:26:27.576+0000][7][gc,marking  ] GC(59) Concurrent Scan Root Regions
[2022-09-06T06:26:27.577+0000][7][gc,marking  ] GC(59) Concurrent Scan Root Regions 1.519ms
[2022-09-06T06:26:27.578+0000][7][gc,marking  ] GC(59) Concurrent Mark (3746.961s)
[2022-09-06T06:26:27.578+0000][7][gc,marking  ] GC(59) Concurrent Mark From Roots
[2022-09-06T06:26:27.578+0000][7][gc,task     ] GC(59) Using 2 workers of 2 for marking
[2022-09-06T06:26:27.630+0000][7][gc,marking  ] GC(59) Concurrent Mark From Roots 51.770ms
[2022-09-06T06:26:27.630+0000][7][gc,marking  ] GC(59) Concurrent Preclean
[2022-09-06T06:26:27.630+0000][7][gc,marking  ] GC(59) Concurrent Preclean 0.333ms
[2022-09-06T06:26:27.630+0000][7][gc,marking  ] GC(59) Concurrent Mark (3746.961s, 3747.014s) 52.712ms
[2022-09-06T06:26:27.631+0000][7][gc,start    ] GC(59) Pause Remark
[2022-09-06T06:26:27.649+0000][7][gc          ] GC(59) Pause Remark 91M->91M(256M) 17.582ms
[2022-09-06T06:26:27.649+0000][7][gc,cpu      ] GC(59) User=0.08s Sys=0.00s Real=0.01s
[2022-09-06T06:26:27.649+0000][7][safepoint   ] Safepoint "G1Concurrent", Time since last: 55460702 ns, Reaching safepoint: 326072 ns, At safepoint: 18151936 ns, Total: 18478008 ns
[2022-09-06T06:26:27.649+0000][7][gc,marking  ] GC(59) Concurrent Rebuild Remembered Sets
[2022-09-06T06:26:27.685+0000][7][gc,marking  ] GC(59) Concurrent Rebuild Remembered Sets 35.182ms
[2022-09-06T06:26:27.685+0000][7][gc,start    ] GC(59) Pause Cleanup
[2022-09-06T06:26:27.686+0000][7][gc          ] GC(59) Pause Cleanup 92M->92M(256M) 0.349ms
[2022-09-06T06:26:27.686+0000][7][gc,cpu      ] GC(59) User=0.00s Sys=0.00s Real=0.00s
[2022-09-06T06:26:27.686+0000][7][safepoint   ] Safepoint "G1Concurrent", Time since last: 35848436 ns, Reaching safepoint: 229411 ns, At safepoint: 739918 ns, Total: 969329 ns
[2022-09-06T06:26:27.686+0000][7][gc,marking  ] GC(59) Concurrent Cleanup for Next Mark
[2022-09-06T06:26:27.693+0000][7][gc,marking  ] GC(59) Concurrent Cleanup for Next Mark 6.756ms
[2022-09-06T06:26:27.693+0000][7][gc          ] GC(59) Concurrent Cycle 118.042ms
[2022-09-06T06:26:28.686+0000][7][safepoint   ] Safepoint "Cleanup", Time since last: 1000269650 ns, Reaching safepoint: 129462 ns, At safepoint: 3026 ns, Total: 132488 ns
[2022-09-06T06:26:34.687+0000][7][safepoint   ] Safepoint "Cleanup", Time since last: 6000752217 ns, Reaching safepoint: 235752 ns, At safepoint: 22573 ns, Total: 258325 ns
[2022-09-06T06:26:35.688+0000][7][safepoint   ] Safepoint "Cleanup", Time since last: 1000712980 ns, Reaching safepoint: 108964 ns, At safepoint: 5020 ns, Total: 113984 ns
[2022-09-06T06:26:37.689+0000][7][safepoint   ] Safepoint "Cleanup", Time since last: 2000426776 ns, Reaching safepoint: 245741 ns, At safepoint: 22362 ns, Total: 268103 ns
[2022-09-06T06:26:39.690+0000][7][safepoint   ] Safepoint "Cleanup", Time since last: 2000471189 ns, Reaching safepoint: 279444 ns, At safepoint: 8837 ns, Total: 288281 ns
[2022-09-06T06:26:52.691+0000][7][safepoint   ] Safepoint "Cleanup", Time since last: 13001423804 ns, Reaching safepoint: 146074 ns, At safepoint: 3176 ns, Total: 149250 ns
[2022-09-06T06:27:07.694+0000][7][safepoint   ] Safepoint "Cleanup", Time since last: 15002080030 ns, Reaching safepoint: 271139 ns, At safepoint: 45245 ns, Total: 316384 ns
[2022-09-06T06:27:22.696+0000][7][safepoint   ] Safepoint "Cleanup", Time since last: 15002097043 ns, Reaching safepoint: 203782 ns, At safepoint: 23404 ns, Total: 227186 ns
[2022-09-06T06:27:27.697+0000][7][safepoint   ] Safepoint "Cleanup", Time since last: 5001145151 ns, Reaching safepoint: 240652 ns, At safepoint: 23494 ns, Total: 264146 ns
[2022-09-06T06:27:30.698+0000][7][safepoint   ] Safepoint "Cleanup", Time since last: 3000582641 ns, Reaching safepoint: 123962 ns, At safepoint: 19407 ns, Total: 143369 ns
[2022-09-06T06:27:34.699+0000][7][safepoint   ] Safepoint "Cleanup", Time since last: 4000735170 ns, Reaching safepoint: 159579 ns, At safepoint: 2886 ns, Total: 162465 ns
[2022-09-06T06:27:38.700+0000][7][safepoint   ] Safepoint "Cleanup", Time since last: 4000654077 ns, Reaching safepoint: 209694 ns, At safepoint: 25157 ns, Total: 234851 ns
[2022-09-06T06:27:43.701+0000][7][safepoint   ] Safepoint "Cleanup", Time since last: 5000974852 ns, Reaching safepoint: 127289 ns, At safepoint: 5670 ns, Total: 132959 ns
[2022-09-06T06:27:44.702+0000][7][safepoint   ] Safepoint "Cleanup", Time since last: 1000570513 ns, Reaching safepoint: 258515 ns, At safepoint: 27261 ns, Total: 285776 ns
[2022-09-06T06:27:48.703+0000][7][safepoint   ] Safepoint "Cleanup", Time since last: 4001116876 ns, Reaching safepoint: 188544 ns, At safepoint: 29445 ns, Total: 217989 ns
[2022-09-06T06:27:49.704+0000][7][safepoint   ] Safepoint "Cleanup", Time since last: 1000489271 ns, Reaching safepoint: 139692 ns, At safepoint: 22352 ns, Total: 162044 ns
[2022-09-06T06:27:50.705+0000][7][safepoint   ] Safepoint "Cleanup", Time since last: 1000684006 ns, Reaching safepoint: 241884 ns, At safepoint: 49333 ns, Total: 291217 ns
[2022-09-06T06:27:51.706+0000][7][safepoint   ] Safepoint "Cleanup", Time since last: 1000542240 ns, Reaching safepoint: 286788 ns, At safepoint: 46748 ns, Total: 333536 ns
[2022-09-06T06:27:53.706+0000][7][safepoint   ] Safepoint "Cleanup", Time since last: 2000231830 ns, Reaching safepoint: 357100 ns, At safepoint: 6122 ns, Total: 363222 ns
[2022-09-06T06:27:56.707+0000][7][safepoint   ] Safepoint "Cleanup", Time since last: 3000773980 ns, Reaching safepoint: 250700 ns, At safepoint: 46036 ns, Total: 296736 ns
[2022-09-06T06:27:57.708+0000][7][safepoint   ] Safepoint "Cleanup", Time since last: 1000464605 ns, Reaching safepoint: 271369 ns, At safepoint: 45946 ns, Total: 317315 ns
[2022-09-06T06:27:59.709+0000][7][safepoint   ] Safepoint "Cleanup", Time since last: 2000368707 ns, Reaching safepoint: 150252 ns, At safepoint: 9057 ns, Total: 159309 ns
[2022-09-06T06:28:00.709+0000][7][safepoint   ] Safepoint "Cleanup", Time since last: 1000413589 ns, Reaching safepoint: 175990 ns, At safepoint: 37270 ns, Total: 213260 ns
[2022-09-06T06:28:01.710+0000][7][safepoint   ] Safepoint "Cleanup", Time since last: 1000554433 ns, Reaching safepoint: 344406 ns, At safepoint: 64341 ns, Total: 408747 ns
[2022-09-06T06:28:03.711+0000][7][safepoint   ] Safepoint "Cleanup", Time since last: 2000535931 ns, Reaching safepoint: 247545 ns, At safepoint: 10489 ns, Total: 258034 ns
[2022-09-06T06:28:04.711+0000][7][safepoint   ] Safepoint "Cleanup", Time since last: 1000392670 ns, Reaching safepoint: 134301 ns, At safepoint: 8246 ns, Total: 142547 ns
[2022-09-06T06:28:07.712+0000][7][safepoint   ] Safepoint "Cleanup", Time since last: 3000565889 ns, Reaching safepoint: 361469 ns, At safepoint: 51557 ns, Total: 413026 ns
[2022-09-06T06:28:11.713+0000][7][safepoint   ] Safepoint "Cleanup", Time since last: 4000460063 ns, Reaching safepoint: 113373 ns, At safepoint: 4969 ns, Total: 118342 ns
[2022-09-06T06:28:17.714+0000][7][safepoint   ] Safepoint "Cleanup", Time since last: 6001049164 ns, Reaching safepoint: 144190 ns, At safepoint: 23785 ns, Total: 167975 ns
[2022-09-06T06:28:18.714+0000][7][safepoint   ] Safepoint "Cleanup", Time since last: 1000160934 ns, Reaching safepoint: 131497 ns, At safepoint: 5120 ns, Total: 136617 ns
[2022-09-06T06:28:19.715+0000][7][safepoint   ] Safepoint "Cleanup", Time since last: 1000429508 ns, Reaching safepoint: 122440 ns, At safepoint: 6072 ns, Total: 128512 ns
[2022-09-06T06:28:21.716+0000][7][safepoint   ] Safepoint "Cleanup", Time since last: 2000498931 ns, Reaching safepoint: 172123 ns, At safepoint: 22221 ns, Total: 194344 ns
[2022-09-06T06:28:23.716+0000][7][safepoint   ] Safepoint "Cleanup", Time since last: 2000364939 ns, Reaching safepoint: 144762 ns, At safepoint: 22582 ns, Total: 167344 ns
[2022-09-06T06:28:28.717+0000][7][safepoint   ] Safepoint "Cleanup", Time since last: 5000823488 ns, Reaching safepoint: 151915 ns, At safepoint: 5701 ns, Total: 157616 ns
[2022-09-06T06:28:33.719+0000][7][safepoint   ] Safepoint "Cleanup", Time since last: 5000929927 ns, Reaching safepoint: 170450 ns, At safepoint: 22052 ns, Total: 192502 ns
[2022-09-06T06:28:35.720+0000][7][safepoint   ] Safepoint "Cleanup", Time since last: 2000287524 ns, Reaching safepoint: 703971 ns, At safepoint: 11402 ns, Total: 715373 ns
[2022-09-06T06:28:36.720+0000][7][safepoint   ] Safepoint "Cleanup", Time since last: 1000541829 ns, Reaching safepoint: 145363 ns, At safepoint: 29616 ns, Total: 174979 ns
[2022-09-06T06:28:37.721+0000][7][safepoint   ] Safepoint "Cleanup", Time since last: 1000457220 ns, Reaching safepoint: 148278 ns, At safepoint: 30127 ns, Total: 178405 ns
[2022-09-06T06:28:40.722+0000][7][safepoint   ] Safepoint "Cleanup", Time since last: 3000572882 ns, Reaching safepoint: 340469 ns, At safepoint: 61916 ns, Total: 402385 ns
[2022-09-06T06:28:49.724+0000][7][safepoint   ] Safepoint "Cleanup", Time since last: 9001805301 ns, Reaching safepoint: 208972 ns, At safepoint: 22172 ns, Total: 231144 ns
[2022-09-06T06:28:52.707+0000][7][gc,start    ] GC(60) Pause Young (Normal) (G1 Evacuation Pause)
[2022-09-06T06:28:52.707+0000][7][gc,task     ] GC(60) Using 6 workers of 6 for evacuation
[2022-09-06T06:28:52.708+0000][7][gc,age      ] GC(60) Desired survivor size 8388608 bytes, new threshold 15 (max threshold 15)
[2022-09-06T06:28:52.712+0000][7][gc,age      ] GC(60) Age table with threshold 15 (max threshold 15)
[2022-09-06T06:28:52.712+0000][7][gc,age      ] GC(60) - age   1:     252208 bytes,     252208 total
[2022-09-06T06:28:52.712+0000][7][gc,age      ] GC(60) - age   2:       1440 bytes,     253648 total
[2022-09-06T06:28:52.713+0000][7][gc,age      ] GC(60) - age   3:     123656 bytes,     377304 total
[2022-09-06T06:28:52.713+0000][7][gc,age      ] GC(60) - age   4:       8312 bytes,     385616 total
[2022-09-06T06:28:52.713+0000][7][gc,age      ] GC(60) - age   5:      94504 bytes,     480120 total
[2022-09-06T06:28:52.713+0000][7][gc,age      ] GC(60) - age   6:       2176 bytes,     482296 total
[2022-09-06T06:28:52.713+0000][7][gc,age      ] GC(60) - age   7:       1152 bytes,     483448 total
[2022-09-06T06:28:52.713+0000][7][gc,age      ] GC(60) - age   8:      14472 bytes,     497920 total
[2022-09-06T06:28:52.713+0000][7][gc,age      ] GC(60) - age   9:     672200 bytes,    1170120 total
[2022-09-06T06:28:52.713+0000][7][gc,age      ] GC(60) - age  10:       7448 bytes,    1177568 total
[2022-09-06T06:28:52.714+0000][7][gc,age      ] GC(60) - age  11:       4416 bytes,    1181984 total
[2022-09-06T06:28:52.714+0000][7][gc,age      ] GC(60) - age  12:       1736 bytes,    1183720 total
[2022-09-06T06:28:52.714+0000][7][gc,age      ] GC(60) - age  13:       1592 bytes,    1185312 total
[2022-09-06T06:28:52.714+0000][7][gc,age      ] GC(60) - age  14:       2376 bytes,    1187688 total
[2022-09-06T06:28:52.714+0000][7][gc,age      ] GC(60) - age  15:       5576 bytes,    1193264 total
[2022-09-06T06:28:52.715+0000][7][gc,phases   ] GC(60)   Pre Evacuate Collection Set: 0.1ms
[2022-09-06T06:28:52.715+0000][7][gc,phases   ] GC(60)   Merge Heap Roots: 0.1ms
[2022-09-06T06:28:52.715+0000][7][gc,phases   ] GC(60)   Evacuate Collection Set: 2.9ms
[2022-09-06T06:28:52.715+0000][7][gc,phases   ] GC(60)   Post Evacuate Collection Set: 1.2ms
[2022-09-06T06:28:52.716+0000][7][gc,phases   ] GC(60)   Other: 3.1ms
[2022-09-06T06:28:52.716+0000][7][gc,heap     ] GC(60) Eden regions: 28->0(28)
[2022-09-06T06:28:52.716+0000][7][gc,heap     ] GC(60) Survivor regions: 1->1(4)
[2022-09-06T06:28:52.716+0000][7][gc,heap     ] GC(60) Old regions: 20->20
[2022-09-06T06:28:52.716+0000][7][gc,heap     ] GC(60) Archive regions: 2->2
[2022-09-06T06:28:52.716+0000][7][gc,heap     ] GC(60) Humongous regions: 2->2
[2022-09-06T06:28:52.717+0000][7][gc,metaspace] GC(60) Metaspace: 98064K(102604K)->98064K(102604K) NonClass: 85244K(88576K)->85244K(88576K) Class: 12820K(14028K)->12820K(14028K)
[2022-09-06T06:28:52.717+0000][7][gc          ] GC(60) Pause Young (Normal) (G1 Evacuation Pause) 202M->91M(256M) 9.612ms
[2022-09-06T06:28:52.717+0000][7][gc,cpu      ] GC(60) User=0.01s Sys=0.01s Real=0.01s
[2022-09-06T06:28:52.717+0000][7][safepoint   ] Safepoint "G1CollectForAllocation", Time since last: 2981433112 ns, Reaching safepoint: 170450 ns, At safepoint: 10049269 ns, Total: 10219719 ns
[2022-09-06T06:29:00.719+0000][7][safepoint   ] Safepoint "Cleanup", Time since last: 8001195183 ns, Reaching safepoint: 143449 ns, At safepoint: 20599 ns, Total: 164048 ns
[2022-09-06T06:29:04.720+0000][7][safepoint   ] Safepoint "Cleanup", Time since last: 4000907413 ns, Reaching safepoint: 304050 ns, At safepoint: 79269 ns, Total: 383319 ns
[2022-09-06T06:29:05.720+0000][7][safepoint   ] Safepoint "Cleanup", Time since last: 1000253859 ns, Reaching safepoint: 187993 ns, At safepoint: 37741 ns, Total: 225734 ns
[2022-09-06T06:29:06.721+0000][7][safepoint   ] Safepoint "Cleanup", Time since last: 1000562558 ns, Reaching safepoint: 130154 ns, At safepoint: 22903 ns, Total: 153057 ns
[2022-09-06T06:29:07.722+0000][7][safepoint   ] Safepoint "Cleanup", Time since last: 1000459435 ns, Reaching safepoint: 208231 ns, At safepoint: 2505 ns, Total: 210736 ns
[2022-09-06T06:29:14.723+0000][7][safepoint   ] Safepoint "Cleanup", Time since last: 7001205749 ns, Reaching safepoint: 161584 ns, At safepoint: 25307 ns, Total: 186891 ns
[2022-09-06T06:29:15.724+0000][7][safepoint   ] Safepoint "Cleanup", Time since last: 1000434237 ns, Reaching safepoint: 192672 ns, At safepoint: 25549 ns, Total: 218221 ns
[2022-09-06T06:29:16.724+0000][7][safepoint   ] Safepoint "Cleanup", Time since last: 1000360197 ns, Reaching safepoint: 165331 ns, At safepoint: 17873 ns, Total: 183204 ns
[2022-09-06T06:29:18.725+0000][7][safepoint   ] Safepoint "Cleanup", Time since last: 2000387373 ns, Reaching safepoint: 168706 ns, At safepoint: 46157 ns, Total: 214863 ns
[2022-09-06T06:29:20.726+0000][7][safepoint   ] Safepoint "Cleanup", Time since last: 2000475156 ns, Reaching safepoint: 270869 ns, At safepoint: 46236 ns, Total: 317105 ns
[2022-09-06T06:29:25.725+0000][7][safepoint   ] Safepoint "Cleanup", Time since last: 5000852753 ns, Reaching safepoint: 120727 ns, At safepoint: 4618 ns, Total: 125345 ns
[2022-09-06T06:29:29.726+0000][7][safepoint   ] Safepoint "Cleanup", Time since last: 4000663365 ns, Reaching safepoint: 148849 ns, At safepoint: 18204 ns, Total: 167053 ns
[2022-09-06T06:29:32.727+0000][7][safepoint   ] Safepoint "Cleanup", Time since last: 3000690053 ns, Reaching safepoint: 161343 ns, At safepoint: 38441 ns, Total: 199784 ns
[2022-09-06T06:29:33.727+0000][7][safepoint   ] Safepoint "Cleanup", Time since last: 1000149724 ns, Reaching safepoint: 123141 ns, At safepoint: 4929 ns, Total: 128070 ns
[2022-09-06T06:29:34.728+0000][7][safepoint   ] Safepoint "Cleanup", Time since last: 1000428007 ns, Reaching safepoint: 146424 ns, At safepoint: 20599 ns, Total: 167023 ns
[2022-09-06T06:29:35.728+0000][7][safepoint   ] Safepoint "Cleanup", Time since last: 1000454485 ns, Reaching safepoint: 332674 ns, At safepoint: 31680 ns, Total: 364354 ns
[2022-09-06T06:29:36.729+0000][7][safepoint   ] Safepoint "Cleanup", Time since last: 1000223532 ns, Reaching safepoint: 293551 ns, At safepoint: 14237 ns, Total: 307788 ns
[2022-09-06T06:29:37.730+0000][7][safepoint   ] Safepoint "Cleanup", Time since last: 1000838245 ns, Reaching safepoint: 195287 ns, At safepoint: 7293 ns, Total: 202580 ns
[2022-09-06T06:29:38.731+0000][7][safepoint   ] Safepoint "Cleanup", Time since last: 1000591443 ns, Reaching safepoint: 137468 ns, At safepoint: 20679 ns, Total: 158147 ns
[2022-09-06T06:29:39.731+0000][7][safepoint   ] Safepoint "Cleanup", Time since last: 1000401636 ns, Reaching safepoint: 109255 ns, At safepoint: 4578 ns, Total: 113833 ns
[2022-09-06T06:29:40.732+0000][7][safepoint   ] Safepoint "Cleanup", Time since last: 1000356893 ns, Reaching safepoint: 127128 ns, At safepoint: 25558 ns, Total: 152686 ns
[2022-09-06T06:29:41.732+0000][7][safepoint   ] Safepoint "Cleanup", Time since last: 1000128654 ns, Reaching safepoint: 199444 ns, At safepoint: 6483 ns, Total: 205927 ns
[2022-09-06T06:29:45.734+0000][7][safepoint   ] Safepoint "Cleanup", Time since last: 4001367125 ns, Reaching safepoint: 190918 ns, At safepoint: 53020 ns, Total: 243938 ns
[2022-09-06T06:29:52.733+0000][7][safepoint   ] Safepoint "Cleanup", Time since last: 7000967613 ns, Reaching safepoint: 167384 ns, At safepoint: 22923 ns, Total: 190307 ns
[2022-09-06T06:29:53.734+0000][7][safepoint   ] Safepoint "Cleanup", Time since last: 1000663969 ns, Reaching safepoint: 206337 ns, At safepoint: 20448 ns, Total: 226785 ns
[2022-09-06T06:29:57.735+0000][7][safepoint   ] Safepoint "Cleanup", Time since last: 4000609684 ns, Reaching safepoint: 168306 ns, At safepoint: 23354 ns, Total: 191660 ns
[2022-09-06T06:29:58.735+0000][7][safepoint   ] Safepoint "Cleanup", Time since last: 1000145846 ns, Reaching safepoint: 129323 ns, At safepoint: 5320 ns, Total: 134643 ns
[2022-09-06T06:30:02.736+0000][7][safepoint   ] Safepoint "Cleanup", Time since last: 4000821050 ns, Reaching safepoint: 182102 ns, At safepoint: 24126 ns, Total: 206228 ns
[2022-09-06T06:30:08.737+0000][7][safepoint   ] Safepoint "Cleanup", Time since last: 6000870208 ns, Reaching safepoint: 203361 ns, At safepoint: 22442 ns, Total: 225803 ns
[2022-09-06T06:30:09.737+0000][7][safepoint   ] Safepoint "Cleanup", Time since last: 1000153060 ns, Reaching safepoint: 124884 ns, At safepoint: 5330 ns, Total: 130214 ns
[2022-09-06T06:30:14.739+0000][7][safepoint   ] Safepoint "Cleanup", Time since last: 5001079278 ns, Reaching safepoint: 263244 ns, At safepoint: 70933 ns, Total: 334177 ns
[2022-09-06T06:30:16.740+0000][7][safepoint   ] Safepoint "Cleanup", Time since last: 2001110169 ns, Reaching safepoint: 398398 ns, At safepoint: 41558 ns, Total: 439956 ns
[2022-09-06T06:30:24.744+0000][7][safepoint   ] Safepoint "Cleanup", Time since last: 8001472231 ns, Reaching safepoint: 153148 ns, At safepoint: 18464 ns, Total: 171612 ns
[2022-09-06T06:30:25.745+0000][7][safepoint   ] Safepoint "Cleanup", Time since last: 1000566286 ns, Reaching safepoint: 189195 ns, At safepoint: 22271 ns, Total: 211466 ns
[2022-09-06T06:30:26.746+0000][7][safepoint   ] Safepoint "Cleanup", Time since last: 1000445308 ns, Reaching safepoint: 197321 ns, At safepoint: 23965 ns, Total: 221286 ns
[2022-09-06T06:30:27.747+0000][7][safepoint   ] Safepoint "Cleanup", Time since last: 1000625546 ns, Reaching safepoint: 342673 ns, At safepoint: 58991 ns, Total: 401664 ns
[2022-09-06T06:30:31.747+0000][7][safepoint   ] Safepoint "Cleanup", Time since last: 4000731693 ns, Reaching safepoint: 142648 ns, At safepoint: 23714 ns, Total: 166362 ns
[2022-09-06T06:30:35.748+0000][7][safepoint   ] Safepoint "Cleanup", Time since last: 4000613281 ns, Reaching safepoint: 157195 ns, At safepoint: 20298 ns, Total: 177493 ns
[2022-09-06T06:30:37.749+0000][7][safepoint   ] Safepoint "Cleanup", Time since last: 2000513549 ns, Reaching safepoint: 146285 ns, At safepoint: 25487 ns, Total: 171772 ns
[2022-09-06T06:30:40.750+0000][7][safepoint   ] Safepoint "Cleanup", Time since last: 3000423983 ns, Reaching safepoint: 154060 ns, At safepoint: 19727 ns, Total: 173787 ns
[2022-09-06T06:30:42.750+0000][7][safepoint   ] Safepoint "Cleanup", Time since last: 2000609959 ns, Reaching safepoint: 147738 ns, At safepoint: 20228 ns, Total: 167966 ns
[2022-09-06T06:30:52.751+0000][7][safepoint   ] Safepoint "Cleanup", Time since last: 10001186000 ns, Reaching safepoint: 142186 ns, At safepoint: 21621 ns, Total: 163807 ns
[2022-09-06T06:30:57.633+0000][7][gc,start    ] GC(61) Pause Young (Concurrent Start) (G1 Evacuation Pause)
[2022-09-06T06:30:57.633+0000][7][gc,task     ] GC(61) Using 6 workers of 6 for evacuation
[2022-09-06T06:30:57.634+0000][7][gc,age      ] GC(61) Desired survivor size 8388608 bytes, new threshold 15 (max threshold 15)
[2022-09-06T06:30:57.639+0000][7][gc,age      ] GC(61) Age table with threshold 15 (max threshold 15)
[2022-09-06T06:30:57.639+0000][7][gc,age      ] GC(61) - age   1:     157936 bytes,     157936 total
[2022-09-06T06:30:57.639+0000][7][gc,age      ] GC(61) - age   2:     177728 bytes,     335664 total
[2022-09-06T06:30:57.639+0000][7][gc,age      ] GC(61) - age   3:       1440 bytes,     337104 total
[2022-09-06T06:30:57.640+0000][7][gc,age      ] GC(61) - age   4:     123656 bytes,     460760 total
[2022-09-06T06:30:57.640+0000][7][gc,age      ] GC(61) - age   5:       8312 bytes,     469072 total
[2022-09-06T06:30:57.640+0000][7][gc,age      ] GC(61) - age   6:      94504 bytes,     563576 total
[2022-09-06T06:30:57.640+0000][7][gc,age      ] GC(61) - age   7:       2176 bytes,     565752 total
[2022-09-06T06:30:57.640+0000][7][gc,age      ] GC(61) - age   8:       1152 bytes,     566904 total
[2022-09-06T06:30:57.640+0000][7][gc,age      ] GC(61) - age   9:      14472 bytes,     581376 total
[2022-09-06T06:30:57.641+0000][7][gc,age      ] GC(61) - age  10:     672200 bytes,    1253576 total
[2022-09-06T06:30:57.641+0000][7][gc,age      ] GC(61) - age  11:       7448 bytes,    1261024 total
[2022-09-06T06:30:57.641+0000][7][gc,age      ] GC(61) - age  12:       4416 bytes,    1265440 total
[2022-09-06T06:30:57.641+0000][7][gc,age      ] GC(61) - age  13:       1736 bytes,    1267176 total
[2022-09-06T06:30:57.641+0000][7][gc,age      ] GC(61) - age  14:       1592 bytes,    1268768 total
[2022-09-06T06:30:57.641+0000][7][gc,age      ] GC(61) - age  15:       2376 bytes,    1271144 total
[2022-09-06T06:30:57.641+0000][7][gc,phases   ] GC(61)   Pre Evacuate Collection Set: 0.3ms
[2022-09-06T06:30:57.641+0000][7][gc,phases   ] GC(61)   Merge Heap Roots: 0.1ms
[2022-09-06T06:30:57.642+0000][7][gc,phases   ] GC(61)   Evacuate Collection Set: 3.2ms
[2022-09-06T06:30:57.642+0000][7][gc,phases   ] GC(61)   Post Evacuate Collection Set: 1.4ms
[2022-09-06T06:30:57.642+0000][7][gc,phases   ] GC(61)   Other: 3.3ms
[2022-09-06T06:30:57.642+0000][7][gc,heap     ] GC(61) Eden regions: 28->0(28)
[2022-09-06T06:30:57.643+0000][7][gc,heap     ] GC(61) Survivor regions: 1->1(4)
[2022-09-06T06:30:57.643+0000][7][gc,heap     ] GC(61) Old regions: 20->20
[2022-09-06T06:30:57.643+0000][7][gc,heap     ] GC(61) Archive regions: 2->2
[2022-09-06T06:30:57.643+0000][7][gc,heap     ] GC(61) Humongous regions: 2->2
[2022-09-06T06:30:57.643+0000][7][gc,metaspace] GC(61) Metaspace: 98661K(103116K)->98661K(103116K) NonClass: 85836K(89088K)->85836K(89088K) Class: 12824K(14028K)->12824K(14028K)
[2022-09-06T06:30:57.644+0000][7][gc          ] GC(61) Pause Young (Concurrent Start) (G1 Evacuation Pause) 203M->91M(256M) 10.366ms
[2022-09-06T06:30:57.644+0000][7][gc,cpu      ] GC(61) User=0.01s Sys=0.00s Real=0.01s
[2022-09-06T06:30:57.644+0000][7][gc          ] GC(62) Concurrent Cycle
[2022-09-06T06:30:57.644+0000][7][safepoint   ] Safepoint "G1CollectForAllocation", Time since last: 4881623927 ns, Reaching safepoint: 247715 ns, At safepoint: 10877915 ns, Total: 11125630 ns
[2022-09-06T06:30:57.644+0000][7][gc,marking  ] GC(62) Concurrent Clear Claimed Marks
[2022-09-06T06:30:57.645+0000][7][gc,marking  ] GC(62) Concurrent Clear Claimed Marks 0.451ms
[2022-09-06T06:30:57.645+0000][7][gc,marking  ] GC(62) Concurrent Scan Root Regions
[2022-09-06T06:30:57.648+0000][7][gc,marking  ] GC(62) Concurrent Scan Root Regions 3.286ms
[2022-09-06T06:30:57.649+0000][7][gc,marking  ] GC(62) Concurrent Mark (4017.032s)
[2022-09-06T06:30:57.649+0000][7][gc,marking  ] GC(62) Concurrent Mark From Roots
[2022-09-06T06:30:57.649+0000][7][gc,task     ] GC(62) Using 2 workers of 2 for marking
[2022-09-06T06:30:57.701+0000][7][gc,marking  ] GC(62) Concurrent Mark From Roots 52.018ms
[2022-09-06T06:30:57.702+0000][7][gc,marking  ] GC(62) Concurrent Preclean
[2022-09-06T06:30:57.702+0000][7][gc,marking  ] GC(62) Concurrent Preclean 0.424ms
[2022-09-06T06:30:57.702+0000][7][gc,marking  ] GC(62) Concurrent Mark (4017.032s, 4017.086s) 53.525ms
[2022-09-06T06:30:57.703+0000][7][gc,start    ] GC(62) Pause Remark
[2022-09-06T06:30:57.713+0000][7][gc          ] GC(62) Pause Remark 91M->91M(256M) 10.601ms
[2022-09-06T06:30:57.714+0000][7][gc,cpu      ] GC(62) User=0.05s Sys=0.00s Real=0.01s
[2022-09-06T06:30:57.714+0000][7][safepoint   ] Safepoint "G1Concurrent", Time since last: 58507490 ns, Reaching safepoint: 266220 ns, At safepoint: 11170744 ns, Total: 11436964 ns
[2022-09-06T06:30:57.714+0000][7][gc,marking  ] GC(62) Concurrent Rebuild Remembered Sets
[2022-09-06T06:30:57.746+0000][7][gc,marking  ] GC(62) Concurrent Rebuild Remembered Sets 31.533ms
[2022-09-06T06:30:57.746+0000][7][gc,start    ] GC(62) Pause Cleanup
[2022-09-06T06:30:57.747+0000][7][gc          ] GC(62) Pause Cleanup 91M->91M(256M) 0.310ms
[2022-09-06T06:30:57.747+0000][7][gc,cpu      ] GC(62) User=0.00s Sys=0.00s Real=0.00s
[2022-09-06T06:30:57.747+0000][7][safepoint   ] Safepoint "G1Concurrent", Time since last: 32075626 ns, Reaching safepoint: 187993 ns, At safepoint: 708550 ns, Total: 896543 ns
[2022-09-06T06:30:57.747+0000][7][gc,marking  ] GC(62) Concurrent Cleanup for Next Mark
[2022-09-06T06:30:57.754+0000][7][gc,marking  ] GC(62) Concurrent Cleanup for Next Mark 7.351ms
[2022-09-06T06:30:57.755+0000][7][gc          ] GC(62) Concurrent Cycle 110.814ms
[2022-09-06T06:30:58.748+0000][7][safepoint   ] Safepoint "Cleanup", Time since last: 1000317107 ns, Reaching safepoint: 289794 ns, At safepoint: 23313 ns, Total: 313107 ns
[2022-09-06T06:31:01.748+0000][7][safepoint   ] Safepoint "Cleanup", Time since last: 3000567262 ns, Reaching safepoint: 197010 ns, At safepoint: 66345 ns, Total: 263355 ns
[2022-09-06T06:31:05.750+0000][7][safepoint   ] Safepoint "Cleanup", Time since last: 4001335636 ns, Reaching safepoint: 259277 ns, At safepoint: 25227 ns, Total: 284504 ns
[2022-09-06T06:31:07.751+0000][7][safepoint   ] Safepoint "Cleanup", Time since last: 2000454639 ns, Reaching safepoint: 285355 ns, At safepoint: 46738 ns, Total: 332093 ns
[2022-09-06T06:31:11.752+0000][7][safepoint   ] Safepoint "Cleanup", Time since last: 4000607109 ns, Reaching safepoint: 122690 ns, At safepoint: 5270 ns, Total: 127960 ns
[2022-09-06T06:31:12.752+0000][7][safepoint   ] Safepoint "Cleanup", Time since last: 1000496945 ns, Reaching safepoint: 165681 ns, At safepoint: 50986 ns, Total: 216667 ns
[2022-09-06T06:31:14.753+0000][7][safepoint   ] Safepoint "Cleanup", Time since last: 2000327599 ns, Reaching safepoint: 328066 ns, At safepoint: 10420 ns, Total: 338486 ns
[2022-09-06T06:31:18.754+0000][7][safepoint   ] Safepoint "Cleanup", Time since last: 4001036415 ns, Reaching safepoint: 205766 ns, At safepoint: 26399 ns, Total: 232165 ns
[2022-09-06T06:31:21.755+0000][7][safepoint   ] Safepoint "Cleanup", Time since last: 3000586108 ns, Reaching safepoint: 282850 ns, At safepoint: 72867 ns, Total: 355717 ns
[2022-09-06T06:31:22.756+0000][7][safepoint   ] Safepoint "Cleanup", Time since last: 1000517934 ns, Reaching safepoint: 118162 ns, At safepoint: 7113 ns, Total: 125275 ns
[2022-09-06T06:31:23.756+0000][7][safepoint   ] Safepoint "Cleanup", Time since last: 1000318300 ns, Reaching safepoint: 122149 ns, At safepoint: 6843 ns, Total: 128992 ns
[2022-09-06T06:31:37.759+0000][7][safepoint   ] Safepoint "Cleanup", Time since last: 14002145000 ns, Reaching safepoint: 176862 ns, At safepoint: 8276 ns, Total: 185138 ns
[2022-09-06T06:31:44.760+0000][7][safepoint   ] Safepoint "Cleanup", Time since last: 7001140026 ns, Reaching safepoint: 345909 ns, At safepoint: 14668 ns, Total: 360577 ns
[2022-09-06T06:31:46.761+0000][7][safepoint   ] Safepoint "Cleanup", Time since last: 2000825154 ns, Reaching safepoint: 138850 ns, At safepoint: 21080 ns, Total: 159930 ns
[2022-09-06T06:31:53.762+0000][7][safepoint   ] Safepoint "Cleanup", Time since last: 7000853598 ns, Reaching safepoint: 288722 ns, At safepoint: 70492 ns, Total: 359214 ns
[2022-09-06T06:31:57.764+0000][7][safepoint   ] Safepoint "Cleanup", Time since last: 4001309839 ns, Reaching safepoint: 117660 ns, At safepoint: 5661 ns, Total: 123321 ns
[2022-09-06T06:31:59.764+0000][7][safepoint   ] Safepoint "Cleanup", Time since last: 2000519410 ns, Reaching safepoint: 157655 ns, At safepoint: 22483 ns, Total: 180138 ns
[2022-09-06T06:32:00.765+0000][7][safepoint   ] Safepoint "Cleanup", Time since last: 1000516101 ns, Reaching safepoint: 151354 ns, At safepoint: 22512 ns, Total: 173866 ns
[2022-09-06T06:32:01.766+0000][7][safepoint   ] Safepoint "Cleanup", Time since last: 1000410693 ns, Reaching safepoint: 352772 ns, At safepoint: 71314 ns, Total: 424086 ns
[2022-09-06T06:32:05.767+0000][7][safepoint   ] Safepoint "Cleanup", Time since last: 4000917302 ns, Reaching safepoint: 167023 ns, At safepoint: 22673 ns, Total: 189696 ns
[2022-09-06T06:32:07.768+0000][7][safepoint   ] Safepoint "Cleanup", Time since last: 2000541240 ns, Reaching safepoint: 417063 ns, At safepoint: 62898 ns, Total: 479961 ns
[2022-09-06T06:32:09.769+0000][7][safepoint   ] Safepoint "Cleanup", Time since last: 2000759039 ns, Reaching safepoint: 132299 ns, At safepoint: 30347 ns, Total: 162646 ns
[2022-09-06T06:32:10.770+0000][7][safepoint   ] Safepoint "Cleanup", Time since last: 1000411624 ns, Reaching safepoint: 452269 ns, At safepoint: 65814 ns, Total: 518083 ns
[2022-09-06T06:32:13.771+0000][7][safepoint   ] Safepoint "Cleanup", Time since last: 3000706273 ns, Reaching safepoint: 115266 ns, At safepoint: 3928 ns, Total: 119194 ns
[2022-09-06T06:32:20.772+0000][7][safepoint   ] Safepoint "Cleanup", Time since last: 7000854360 ns, Reaching safepoint: 124975 ns, At safepoint: 5610 ns, Total: 130585 ns
[2022-09-06T06:32:26.772+0000][7][safepoint   ] Safepoint "Cleanup", Time since last: 6000562610 ns, Reaching safepoint: 247344 ns, At safepoint: 10270 ns, Total: 257614 ns
[2022-09-06T06:32:27.773+0000][7][safepoint   ] Safepoint "Cleanup", Time since last: 1000611039 ns, Reaching safepoint: 170550 ns, At safepoint: 22613 ns, Total: 193163 ns
[2022-09-06T06:32:28.774+0000][7][safepoint   ] Safepoint "Cleanup", Time since last: 1000336874 ns, Reaching safepoint: 142067 ns, At safepoint: 20799 ns, Total: 162866 ns
[2022-09-06T06:32:37.775+0000][7][safepoint   ] Safepoint "Cleanup", Time since last: 9000986333 ns, Reaching safepoint: 147728 ns, At safepoint: 2624 ns, Total: 150352 ns
[2022-09-06T06:32:52.778+0000][7][safepoint   ] Safepoint "Cleanup", Time since last: 15001617853 ns, Reaching safepoint: 177563 ns, At safepoint: 22894 ns, Total: 200457 ns
[2022-09-06T06:33:07.779+0000][7][safepoint   ] Safepoint "Cleanup", Time since last: 15001662827 ns, Reaching safepoint: 162155 ns, At safepoint: 5940 ns, Total: 168095 ns
[2022-09-06T06:33:17.562+0000][7][gc,start    ] GC(63) Pause Young (Normal) (G1 Evacuation Pause)
[2022-09-06T06:33:17.564+0000][7][gc,task     ] GC(63) Using 6 workers of 6 for evacuation
[2022-09-06T06:33:17.564+0000][7][gc,age      ] GC(63) Desired survivor size 8388608 bytes, new threshold 15 (max threshold 15)
[2022-09-06T06:33:17.570+0000][7][gc,age      ] GC(63) Age table with threshold 15 (max threshold 15)
[2022-09-06T06:33:17.570+0000][7][gc,age      ] GC(63) - age   1:      75872 bytes,      75872 total
[2022-09-06T06:33:17.570+0000][7][gc,age      ] GC(63) - age   2:      32656 bytes,     108528 total
[2022-09-06T06:33:17.571+0000][7][gc,age      ] GC(63) - age   3:     171312 bytes,     279840 total
[2022-09-06T06:33:17.571+0000][7][gc,age      ] GC(63) - age   4:       1440 bytes,     281280 total
[2022-09-06T06:33:17.571+0000][7][gc,age      ] GC(63) - age   5:     123656 bytes,     404936 total
[2022-09-06T06:33:17.571+0000][7][gc,age      ] GC(63) - age   6:       8312 bytes,     413248 total
[2022-09-06T06:33:17.571+0000][7][gc,age      ] GC(63) - age   7:      94504 bytes,     507752 total
[2022-09-06T06:33:17.571+0000][7][gc,age      ] GC(63) - age   8:       2176 bytes,     509928 total
[2022-09-06T06:33:17.571+0000][7][gc,age      ] GC(63) - age   9:        912 bytes,     510840 total
[2022-09-06T06:33:17.572+0000][7][gc,age      ] GC(63) - age  10:      14472 bytes,     525312 total
[2022-09-06T06:33:17.572+0000][7][gc,age      ] GC(63) - age  11:     672200 bytes,    1197512 total
[2022-09-06T06:33:17.572+0000][7][gc,age      ] GC(63) - age  12:       7448 bytes,    1204960 total
[2022-09-06T06:33:17.572+0000][7][gc,age      ] GC(63) - age  13:       4416 bytes,    1209376 total
[2022-09-06T06:33:17.573+0000][7][gc,age      ] GC(63) - age  14:       1736 bytes,    1211112 total
[2022-09-06T06:33:17.573+0000][7][gc,age      ] GC(63) - age  15:       1592 bytes,    1212704 total
[2022-09-06T06:33:17.573+0000][7][gc,phases   ] GC(63)   Pre Evacuate Collection Set: 0.2ms
[2022-09-06T06:33:17.573+0000][7][gc,phases   ] GC(63)   Merge Heap Roots: 0.1ms
[2022-09-06T06:33:17.574+0000][7][gc,phases   ] GC(63)   Evacuate Collection Set: 3.6ms
[2022-09-06T06:33:17.574+0000][7][gc,phases   ] GC(63)   Post Evacuate Collection Set: 1.3ms
[2022-09-06T06:33:17.574+0000][7][gc,phases   ] GC(63)   Other: 5.5ms
[2022-09-06T06:33:17.574+0000][7][gc,heap     ] GC(63) Eden regions: 28->0(28)
[2022-09-06T06:33:17.575+0000][7][gc,heap     ] GC(63) Survivor regions: 1->1(4)
[2022-09-06T06:33:17.575+0000][7][gc,heap     ] GC(63) Old regions: 20->20
[2022-09-06T06:33:17.576+0000][7][gc,heap     ] GC(63) Archive regions: 2->2
[2022-09-06T06:33:17.576+0000][7][gc,heap     ] GC(63) Humongous regions: 2->2
[2022-09-06T06:33:17.576+0000][7][gc,metaspace] GC(63) Metaspace: 98665K(103116K)->98665K(103116K) NonClass: 85842K(89088K)->85842K(89088K) Class: 12823K(14028K)->12823K(14028K)
[2022-09-06T06:33:17.576+0000][7][gc          ] GC(63) Pause Young (Normal) (G1 Evacuation Pause) 203M->91M(256M) 13.610ms
[2022-09-06T06:33:17.576+0000][7][gc,cpu      ] GC(63) User=0.02s Sys=0.00s Real=0.01s
[2022-09-06T06:33:17.576+0000][7][safepoint   ] Safepoint "G1CollectForAllocation", Time since last: 9782856333 ns, Reaching safepoint: 170410 ns, At safepoint: 14110060 ns, Total: 14280470 ns
[2022-09-06T06:33:21.577+0000][7][safepoint   ] Safepoint "Cleanup", Time since last: 4000534924 ns, Reaching safepoint: 122150 ns, At safepoint: 4879 ns, Total: 127029 ns
[2022-09-06T06:33:22.577+0000][7][safepoint   ] Safepoint "Cleanup", Time since last: 1000326945 ns, Reaching safepoint: 247775 ns, At safepoint: 37711 ns, Total: 285486 ns
[2022-09-06T06:33:25.578+0000][7][safepoint   ] Safepoint "Cleanup", Time since last: 3000576419 ns, Reaching safepoint: 123602 ns, At safepoint: 19397 ns, Total: 142999 ns
[2022-09-06T06:33:26.578+0000][7][safepoint   ] Safepoint "Cleanup", Time since last: 1000482608 ns, Reaching safepoint: 159479 ns, At safepoint: 22322 ns, Total: 181801 ns
[2022-09-06T06:33:29.579+0000][7][safepoint   ] Safepoint "Cleanup", Time since last: 3000528770 ns, Reaching safepoint: 154369 ns, At safepoint: 5631 ns, Total: 160000 ns
[2022-09-06T06:33:37.581+0000][7][safepoint   ] Safepoint "Cleanup", Time since last: 8001292696 ns, Reaching safepoint: 188553 ns, At safepoint: 23605 ns, Total: 212158 ns
[2022-09-06T06:33:38.581+0000][7][safepoint   ] Safepoint "Cleanup", Time since last: 1000426393 ns, Reaching safepoint: 129903 ns, At safepoint: 20088 ns, Total: 149991 ns
[2022-09-06T06:33:52.584+0000][7][safepoint   ] Safepoint "Cleanup", Time since last: 14001584618 ns, Reaching safepoint: 146595 ns, At safepoint: 3537 ns, Total: 150132 ns
[2022-09-06T06:34:02.586+0000][7][safepoint   ] Safepoint "Cleanup", Time since last: 10001423967 ns, Reaching safepoint: 292449 ns, At safepoint: 26860 ns, Total: 319309 ns
[2022-09-06T06:34:07.587+0000][7][safepoint   ] Safepoint "Cleanup", Time since last: 5001197880 ns, Reaching safepoint: 347903 ns, At safepoint: 62127 ns, Total: 410030 ns
[2022-09-06T06:34:19.590+0000][7][safepoint   ] Safepoint "Cleanup", Time since last: 12002585953 ns, Reaching safepoint: 258134 ns, At safepoint: 45065 ns, Total: 303199 ns
[2022-09-06T06:34:22.590+0000][7][safepoint   ] Safepoint "Cleanup", Time since last: 3000670635 ns, Reaching safepoint: 130815 ns, At safepoint: 3297 ns, Total: 134112 ns
[2022-09-06T06:34:23.591+0000][7][safepoint   ] Safepoint "Cleanup", Time since last: 1000373984 ns, Reaching safepoint: 141726 ns, At safepoint: 2745 ns, Total: 144471 ns
[2022-09-06T06:34:32.592+0000][7][safepoint   ] Safepoint "Cleanup", Time since last: 9001558688 ns, Reaching safepoint: 139341 ns, At safepoint: 5290 ns, Total: 144631 ns
[2022-09-06T06:34:37.593+0000][7][safepoint   ] Safepoint "Cleanup", Time since last: 5001005880 ns, Reaching safepoint: 184356 ns, At safepoint: 21901 ns, Total: 206257 ns
[2022-09-06T06:34:41.594+0000][7][safepoint   ] Safepoint "Cleanup", Time since last: 4000708710 ns, Reaching safepoint: 184366 ns, At safepoint: 23925 ns, Total: 208291 ns
[2022-09-06T06:34:42.595+0000][7][safepoint   ] Safepoint "Cleanup", Time since last: 1000361811 ns, Reaching safepoint: 180138 ns, At safepoint: 25859 ns, Total: 205997 ns
[2022-09-06T06:34:43.596+0000][7][safepoint   ] Safepoint "Cleanup", Time since last: 1000454295 ns, Reaching safepoint: 228990 ns, At safepoint: 4288 ns, Total: 233278 ns
[2022-09-06T06:34:52.599+0000][7][safepoint   ] Safepoint "Cleanup", Time since last: 9001718556 ns, Reaching safepoint: 192341 ns, At safepoint: 22112 ns, Total: 214453 ns
[2022-09-06T06:34:53.599+0000][7][safepoint   ] Safepoint "Cleanup", Time since last: 1000350911 ns, Reaching safepoint: 142687 ns, At safepoint: 27662 ns, Total: 170349 ns
[2022-09-06T06:35:00.600+0000][7][safepoint   ] Safepoint "Cleanup", Time since last: 7000946063 ns, Reaching safepoint: 219122 ns, At safepoint: 22161 ns, Total: 241283 ns
[2022-09-06T06:35:22.602+0000][7][safepoint   ] Safepoint "Cleanup", Time since last: 22002950411 ns, Reaching safepoint: 168777 ns, At safepoint: 27732 ns, Total: 196509 ns
[2022-09-06T06:35:24.666+0000][7][gc,start    ] GC(64) Pause Young (Concurrent Start) (G1 Evacuation Pause)
[2022-09-06T06:35:24.668+0000][7][gc,task     ] GC(64) Using 6 workers of 6 for evacuation
[2022-09-06T06:35:24.669+0000][7][gc,age      ] GC(64) Desired survivor size 8388608 bytes, new threshold 15 (max threshold 15)
[2022-09-06T06:35:24.706+0000][7][gc,age      ] GC(64) Age table with threshold 15 (max threshold 15)
[2022-09-06T06:35:24.706+0000][7][gc,age      ] GC(64) - age   1:     127112 bytes,     127112 total
[2022-09-06T06:35:24.706+0000][7][gc,age      ] GC(64) - age   2:       2904 bytes,     130016 total
[2022-09-06T06:35:24.706+0000][7][gc,age      ] GC(64) - age   3:      31928 bytes,     161944 total
[2022-09-06T06:35:24.706+0000][7][gc,age      ] GC(64) - age   4:     171144 bytes,     333088 total
[2022-09-06T06:35:24.707+0000][7][gc,age      ] GC(64) - age   5:        544 bytes,     333632 total
[2022-09-06T06:35:24.707+0000][7][gc,age      ] GC(64) - age   6:     123656 bytes,     457288 total
[2022-09-06T06:35:24.707+0000][7][gc,age      ] GC(64) - age   7:       8112 bytes,     465400 total
[2022-09-06T06:35:24.707+0000][7][gc,age      ] GC(64) - age   8:      94464 bytes,     559864 total
[2022-09-06T06:35:24.707+0000][7][gc,age      ] GC(64) - age   9:       2176 bytes,     562040 total
[2022-09-06T06:35:24.707+0000][7][gc,age      ] GC(64) - age  10:        912 bytes,     562952 total
[2022-09-06T06:35:24.707+0000][7][gc,age      ] GC(64) - age  11:      14472 bytes,     577424 total
[2022-09-06T06:35:24.708+0000][7][gc,age      ] GC(64) - age  12:     672200 bytes,    1249624 total
[2022-09-06T06:35:24.708+0000][7][gc,age      ] GC(64) - age  13:       7448 bytes,    1257072 total
[2022-09-06T06:35:24.708+0000][7][gc,age      ] GC(64) - age  14:       4416 bytes,    1261488 total
[2022-09-06T06:35:24.708+0000][7][gc,age      ] GC(64) - age  15:       1736 bytes,    1263224 total
[2022-09-06T06:35:24.709+0000][7][gc,phases   ] GC(64)   Pre Evacuate Collection Set: 0.3ms
[2022-09-06T06:35:24.709+0000][7][gc,phases   ] GC(64)   Merge Heap Roots: 0.1ms
[2022-09-06T06:35:24.709+0000][7][gc,phases   ] GC(64)   Evacuate Collection Set: 32.6ms
[2022-09-06T06:35:24.709+0000][7][gc,phases   ] GC(64)   Post Evacuate Collection Set: 1.7ms
[2022-09-06T06:35:24.709+0000][7][gc,phases   ] GC(64)   Other: 8.2ms
[2022-09-06T06:35:24.710+0000][7][gc,heap     ] GC(64) Eden regions: 28->0(28)
[2022-09-06T06:35:24.710+0000][7][gc,heap     ] GC(64) Survivor regions: 1->1(4)
[2022-09-06T06:35:24.710+0000][7][gc,heap     ] GC(64) Old regions: 20->20
[2022-09-06T06:35:24.710+0000][7][gc,heap     ] GC(64) Archive regions: 2->2
[2022-09-06T06:35:24.711+0000][7][gc,heap     ] GC(64) Humongous regions: 2->2
[2022-09-06T06:35:24.711+0000][7][gc,metaspace] GC(64) Metaspace: 98737K(103116K)->98737K(103116K) NonClass: 85913K(89088K)->85913K(89088K) Class: 12824K(14028K)->12824K(14028K)
[2022-09-06T06:35:24.711+0000][7][gc          ] GC(64) Pause Young (Concurrent Start) (G1 Evacuation Pause) 203M->91M(256M) 45.123ms
[2022-09-06T06:35:24.711+0000][7][gc,cpu      ] GC(64) User=0.09s Sys=0.02s Real=0.05s
[2022-09-06T06:35:24.711+0000][7][gc          ] GC(65) Concurrent Cycle
[2022-09-06T06:35:24.711+0000][7][safepoint   ] Safepoint "G1CollectForAllocation", Time since last: 2061108367 ns, Reaching safepoint: 2486857 ns, At safepoint: 45593765 ns, Total: 48080622 ns
[2022-09-06T06:35:24.711+0000][7][gc,marking  ] GC(65) Concurrent Clear Claimed Marks
[2022-09-06T06:35:24.712+0000][7][gc,marking  ] GC(65) Concurrent Clear Claimed Marks 0.505ms
[2022-09-06T06:35:24.712+0000][7][gc,marking  ] GC(65) Concurrent Scan Root Regions
[2022-09-06T06:35:24.726+0000][7][gc,marking  ] GC(65) Concurrent Scan Root Regions 14.231ms
[2022-09-06T06:35:24.728+0000][7][gc,marking  ] GC(65) Concurrent Mark (4284.111s)
[2022-09-06T06:35:24.729+0000][7][gc,marking  ] GC(65) Concurrent Mark From Roots
[2022-09-06T06:35:24.729+0000][7][gc,task     ] GC(65) Using 2 workers of 2 for marking
[2022-09-06T06:35:24.867+0000][7][gc,marking  ] GC(65) Concurrent Mark From Roots 137.731ms
[2022-09-06T06:35:24.867+0000][7][gc,marking  ] GC(65) Concurrent Preclean
[2022-09-06T06:35:24.868+0000][7][gc,marking  ] GC(65) Concurrent Preclean 0.421ms
[2022-09-06T06:35:24.868+0000][7][gc,marking  ] GC(65) Concurrent Mark (4284.111s, 4284.251s) 140.084ms
[2022-09-06T06:35:24.868+0000][7][gc,start    ] GC(65) Pause Remark
[2022-09-06T06:35:24.944+0000][7][gc          ] GC(65) Pause Remark 91M->91M(256M) 75.788ms
[2022-09-06T06:35:24.944+0000][7][gc,cpu      ] GC(65) User=0.44s Sys=0.00s Real=0.08s
[2022-09-06T06:35:24.944+0000][7][safepoint   ] Safepoint "G1Concurrent", Time since last: 156572008 ns, Reaching safepoint: 224551 ns, At safepoint: 76294321 ns, Total: 76518872 ns
[2022-09-06T06:35:24.945+0000][7][gc,marking  ] GC(65) Concurrent Rebuild Remembered Sets
[2022-09-06T06:35:24.982+0000][7][gc,marking  ] GC(65) Concurrent Rebuild Remembered Sets 37.629ms
[2022-09-06T06:35:24.983+0000][7][gc,start    ] GC(65) Pause Cleanup
[2022-09-06T06:35:24.983+0000][7][gc          ] GC(65) Pause Cleanup 91M->91M(256M) 0.358ms
[2022-09-06T06:35:24.983+0000][7][gc,cpu      ] GC(65) User=0.00s Sys=0.00s Real=0.00s
[2022-09-06T06:35:24.984+0000][7][safepoint   ] Safepoint "G1Concurrent", Time since last: 38206131 ns, Reaching safepoint: 182393 ns, At safepoint: 853622 ns, Total: 1036015 ns
[2022-09-06T06:35:24.984+0000][7][gc,marking  ] GC(65) Concurrent Cleanup for Next Mark
[2022-09-06T06:35:24.992+0000][7][gc,marking  ] GC(65) Concurrent Cleanup for Next Mark 8.549ms
[2022-09-06T06:35:24.993+0000][7][gc          ] GC(65) Concurrent Cycle 281.484ms
[2022-09-06T06:35:43.986+0000][7][safepoint   ] Safepoint "Cleanup", Time since last: 19002457369 ns, Reaching safepoint: 194495 ns, At safepoint: 23383 ns, Total: 217878 ns
[2022-09-06T06:35:44.987+0000][7][safepoint   ] Safepoint "Cleanup", Time since last: 1000400695 ns, Reaching safepoint: 193503 ns, At safepoint: 25077 ns, Total: 218580 ns
[2022-09-06T06:35:45.988+0000][7][safepoint   ] Safepoint "Cleanup", Time since last: 1000575212 ns, Reaching safepoint: 221696 ns, At safepoint: 45666 ns, Total: 267362 ns
[2022-09-06T06:35:46.988+0000][7][safepoint   ] Safepoint "Cleanup", Time since last: 1000225225 ns, Reaching safepoint: 154199 ns, At safepoint: 2605 ns, Total: 156804 ns
[2022-09-06T06:35:47.989+0000][7][safepoint   ] Safepoint "Cleanup", Time since last: 1000503517 ns, Reaching safepoint: 139141 ns, At safepoint: 3567 ns, Total: 142708 ns
[2022-09-06T06:35:56.991+0000][7][safepoint   ] Safepoint "Cleanup", Time since last: 9001183082 ns, Reaching safepoint: 250660 ns, At safepoint: 37831 ns, Total: 288491 ns
[2022-09-06T06:35:59.991+0000][7][safepoint   ] Safepoint "Cleanup", Time since last: 3000403375 ns, Reaching safepoint: 259427 ns, At safepoint: 10289 ns, Total: 269716 ns
[2022-09-06T06:36:00.992+0000][7][safepoint   ] Safepoint "Cleanup", Time since last: 1000534806 ns, Reaching safepoint: 140864 ns, At safepoint: 20920 ns, Total: 161784 ns
[2022-09-06T06:36:10.994+0000][7][safepoint   ] Safepoint "Cleanup", Time since last: 10002089807 ns, Reaching safepoint: 134822 ns, At safepoint: 3036 ns, Total: 137858 ns
[2022-09-06T06:36:19.996+0000][7][safepoint   ] Safepoint "Cleanup", Time since last: 9001209422 ns, Reaching safepoint: 216757 ns, At safepoint: 26840 ns, Total: 243597 ns
[2022-09-06T06:36:48.002+0000][7][safepoint   ] Safepoint "Cleanup", Time since last: 28006252333 ns, Reaching safepoint: 129193 ns, At safepoint: 19045 ns, Total: 148238 ns
[2022-09-06T06:36:50.002+0000][7][safepoint   ] Safepoint "Cleanup", Time since last: 2000526082 ns, Reaching safepoint: 202380 ns, At safepoint: 27452 ns, Total: 229832 ns
[2022-09-06T06:36:54.004+0000][7][safepoint   ] Safepoint "Cleanup", Time since last: 4000848933 ns, Reaching safepoint: 113974 ns, At safepoint: 6943 ns, Total: 120917 ns
[2022-09-06T06:36:58.004+0000][7][safepoint   ] Safepoint "Cleanup", Time since last: 4000569098 ns, Reaching safepoint: 141305 ns, At safepoint: 18354 ns, Total: 159659 ns
[2022-09-06T06:37:23.009+0000][7][safepoint   ] Safepoint "Cleanup", Time since last: 25004350306 ns, Reaching safepoint: 169919 ns, At safepoint: 23544 ns, Total: 193463 ns
[2022-09-06T06:37:30.011+0000][7][safepoint   ] Safepoint "Cleanup", Time since last: 7001354820 ns, Reaching safepoint: 149921 ns, At safepoint: 19757 ns, Total: 169678 ns
[2022-09-06T06:37:36.656+0000][7][gc,start    ] GC(66) Pause Young (Normal) (G1 Evacuation Pause)
[2022-09-06T06:37:36.656+0000][7][gc,task     ] GC(66) Using 6 workers of 6 for evacuation
[2022-09-06T06:37:36.656+0000][7][gc,age      ] GC(66) Desired survivor size 8388608 bytes, new threshold 15 (max threshold 15)
[2022-09-06T06:37:36.661+0000][7][gc,age      ] GC(66) Age table with threshold 15 (max threshold 15)
[2022-09-06T06:37:36.661+0000][7][gc,age      ] GC(66) - age   1:     132672 bytes,     132672 total
[2022-09-06T06:37:36.661+0000][7][gc,age      ] GC(66) - age   2:       6704 bytes,     139376 total
[2022-09-06T06:37:36.661+0000][7][gc,age      ] GC(66) - age   3:       2784 bytes,     142160 total
[2022-09-06T06:37:36.661+0000][7][gc,age      ] GC(66) - age   4:      31728 bytes,     173888 total
[2022-09-06T06:37:36.662+0000][7][gc,age      ] GC(66) - age   5:     171104 bytes,     344992 total
[2022-09-06T06:37:36.662+0000][7][gc,age      ] GC(66) - age   6:        544 bytes,     345536 total
[2022-09-06T06:37:36.662+0000][7][gc,age      ] GC(66) - age   7:     123656 bytes,     469192 total
[2022-09-06T06:37:36.662+0000][7][gc,age      ] GC(66) - age   8:       8112 bytes,     477304 total
[2022-09-06T06:37:36.662+0000][7][gc,age      ] GC(66) - age   9:      94464 bytes,     571768 total
[2022-09-06T06:37:36.662+0000][7][gc,age      ] GC(66) - age  10:       2176 bytes,     573944 total
[2022-09-06T06:37:36.662+0000][7][gc,age      ] GC(66) - age  11:        912 bytes,     574856 total
[2022-09-06T06:37:36.663+0000][7][gc,age      ] GC(66) - age  12:      14472 bytes,     589328 total
[2022-09-06T06:37:36.663+0000][7][gc,age      ] GC(66) - age  13:     672200 bytes,    1261528 total
[2022-09-06T06:37:36.663+0000][7][gc,age      ] GC(66) - age  14:       7448 bytes,    1268976 total
[2022-09-06T06:37:36.663+0000][7][gc,age      ] GC(66) - age  15:       4416 bytes,    1273392 total
[2022-09-06T06:37:36.663+0000][7][gc,phases   ] GC(66)   Pre Evacuate Collection Set: 0.1ms
[2022-09-06T06:37:36.663+0000][7][gc,phases   ] GC(66)   Merge Heap Roots: 0.1ms
[2022-09-06T06:37:36.664+0000][7][gc,phases   ] GC(66)   Evacuate Collection Set: 2.6ms
[2022-09-06T06:37:36.664+0000][7][gc,phases   ] GC(66)   Post Evacuate Collection Set: 1.5ms
[2022-09-06T06:37:36.664+0000][7][gc,phases   ] GC(66)   Other: 3.1ms
[2022-09-06T06:37:36.664+0000][7][gc,heap     ] GC(66) Eden regions: 28->0(28)
[2022-09-06T06:37:36.664+0000][7][gc,heap     ] GC(66) Survivor regions: 1->1(4)
[2022-09-06T06:37:36.664+0000][7][gc,heap     ] GC(66) Old regions: 20->20
[2022-09-06T06:37:36.664+0000][7][gc,heap     ] GC(66) Archive regions: 2->2
[2022-09-06T06:37:36.665+0000][7][gc,heap     ] GC(66) Humongous regions: 2->2
[2022-09-06T06:37:36.665+0000][7][gc,metaspace] GC(66) Metaspace: 99015K(103372K)->99015K(103372K) NonClass: 86189K(89344K)->86189K(89344K) Class: 12826K(14028K)->12826K(14028K)
[2022-09-06T06:37:36.665+0000][7][gc          ] GC(66) Pause Young (Normal) (G1 Evacuation Pause) 203M->91M(256M) 9.124ms
[2022-09-06T06:37:36.665+0000][7][gc,cpu      ] GC(66) User=0.00s Sys=0.02s Real=0.01s
[2022-09-06T06:37:36.666+0000][7][safepoint   ] Safepoint "G1CollectForAllocation", Time since last: 6644573531 ns, Reaching safepoint: 636925 ns, At safepoint: 10224809 ns, Total: 10861734 ns
[2022-09-06T06:37:52.668+0000][7][safepoint   ] Safepoint "Cleanup", Time since last: 16002399964 ns, Reaching safepoint: 216786 ns, At safepoint: 22172 ns, Total: 238958 ns
[2022-09-06T06:37:53.669+0000][7][safepoint   ] Safepoint "Cleanup", Time since last: 1000366320 ns, Reaching safepoint: 178165 ns, At safepoint: 4608 ns, Total: 182773 ns
[2022-09-06T06:38:20.674+0000][7][safepoint   ] Safepoint "Cleanup", Time since last: 27005307377 ns, Reaching safepoint: 179357 ns, At safepoint: 5550 ns, Total: 184907 ns
[2022-09-06T06:38:22.675+0000][7][safepoint   ] Safepoint "Cleanup", Time since last: 2000505884 ns, Reaching safepoint: 144761 ns, At safepoint: 38092 ns, Total: 182853 ns
[2022-09-06T06:38:24.676+0000][7][safepoint   ] Safepoint "Cleanup", Time since last: 2000279229 ns, Reaching safepoint: 124303 ns, At safepoint: 2976 ns, Total: 127279 ns
[2022-09-06T06:38:25.676+0000][7][safepoint   ] Safepoint "Cleanup", Time since last: 1000512794 ns, Reaching safepoint: 209113 ns, At safepoint: 27201 ns, Total: 236314 ns
[2022-09-06T06:38:41.679+0000][7][safepoint   ] Safepoint "Cleanup", Time since last: 16002117414 ns, Reaching safepoint: 145202 ns, At safepoint: 5310 ns, Total: 150512 ns
[2022-09-06T06:38:42.679+0000][7][safepoint   ] Safepoint "Cleanup", Time since last: 1000526200 ns, Reaching safepoint: 165210 ns, At safepoint: 6592 ns, Total: 171802 ns
[2022-09-06T06:38:45.680+0000][7][safepoint   ] Safepoint "Cleanup", Time since last: 3000416459 ns, Reaching safepoint: 165561 ns, At safepoint: 5030 ns, Total: 170591 ns
[2022-09-06T06:38:56.682+0000][7][safepoint   ] Safepoint "Cleanup", Time since last: 11001592635 ns, Reaching safepoint: 194896 ns, At safepoint: 23313 ns, Total: 218209 ns
[2022-09-06T06:38:57.682+0000][7][safepoint   ] Safepoint "Cleanup", Time since last: 1000407207 ns, Reaching safepoint: 156384 ns, At safepoint: 7153 ns, Total: 163537 ns
[2022-09-06T06:38:59.683+0000][7][safepoint   ] Safepoint "Cleanup", Time since last: 2000657860 ns, Reaching safepoint: 301796 ns, At safepoint: 69631 ns, Total: 371427 ns
[2022-09-06T06:39:07.685+0000][7][safepoint   ] Safepoint "Cleanup", Time since last: 8001530953 ns, Reaching safepoint: 136777 ns, At safepoint: 6402 ns, Total: 143179 ns
[2022-09-06T06:39:22.688+0000][7][safepoint   ] Safepoint "Cleanup", Time since last: 15002414347 ns, Reaching safepoint: 156614 ns, At safepoint: 2946 ns, Total: 159560 ns
[2022-09-06T06:39:47.565+0000][7][gc,start    ] GC(67) Pause Young (Concurrent Start) (G1 Evacuation Pause)
[2022-09-06T06:39:47.565+0000][7][gc,task     ] GC(67) Using 6 workers of 6 for evacuation
[2022-09-06T06:39:47.565+0000][7][gc,age      ] GC(67) Desired survivor size 8388608 bytes, new threshold 15 (max threshold 15)
[2022-09-06T06:39:47.571+0000][7][gc,age      ] GC(67) Age table with threshold 15 (max threshold 15)
[2022-09-06T06:39:47.571+0000][7][gc,age      ] GC(67) - age   1:      94512 bytes,      94512 total
[2022-09-06T06:39:47.571+0000][7][gc,age      ] GC(67) - age   2:       8224 bytes,     102736 total
[2022-09-06T06:39:47.571+0000][7][gc,age      ] GC(67) - age   3:       5864 bytes,     108600 total
[2022-09-06T06:39:47.572+0000][7][gc,age      ] GC(67) - age   4:       2784 bytes,     111384 total
[2022-09-06T06:39:47.572+0000][7][gc,age      ] GC(67) - age   5:      31728 bytes,     143112 total
[2022-09-06T06:39:47.572+0000][7][gc,age      ] GC(67) - age   6:     171104 bytes,     314216 total
[2022-09-06T06:39:47.572+0000][7][gc,age      ] GC(67) - age   7:        344 bytes,     314560 total
[2022-09-06T06:39:47.573+0000][7][gc,age      ] GC(67) - age   8:     123616 bytes,     438176 total
[2022-09-06T06:39:47.573+0000][7][gc,age      ] GC(67) - age   9:       8112 bytes,     446288 total
[2022-09-06T06:39:47.573+0000][7][gc,age      ] GC(67) - age  10:      94464 bytes,     540752 total
[2022-09-06T06:39:47.573+0000][7][gc,age      ] GC(67) - age  11:       2176 bytes,     542928 total
[2022-09-06T06:39:47.573+0000][7][gc,age      ] GC(67) - age  12:        912 bytes,     543840 total
[2022-09-06T06:39:47.573+0000][7][gc,age      ] GC(67) - age  13:      14472 bytes,     558312 total
[2022-09-06T06:39:47.574+0000][7][gc,age      ] GC(67) - age  14:     672200 bytes,    1230512 total
[2022-09-06T06:39:47.574+0000][7][gc,age      ] GC(67) - age  15:       7448 bytes,    1237960 total
[2022-09-06T06:39:47.574+0000][7][gc,phases   ] GC(67)   Pre Evacuate Collection Set: 0.3ms
[2022-09-06T06:39:47.574+0000][7][gc,phases   ] GC(67)   Merge Heap Roots: 0.1ms
[2022-09-06T06:39:47.574+0000][7][gc,phases   ] GC(67)   Evacuate Collection Set: 3.1ms
[2022-09-06T06:39:47.574+0000][7][gc,phases   ] GC(67)   Post Evacuate Collection Set: 1.4ms
[2022-09-06T06:39:47.575+0000][7][gc,phases   ] GC(67)   Other: 4.4ms
[2022-09-06T06:39:47.575+0000][7][gc,heap     ] GC(67) Eden regions: 28->0(28)
[2022-09-06T06:39:47.575+0000][7][gc,heap     ] GC(67) Survivor regions: 1->1(4)
[2022-09-06T06:39:47.575+0000][7][gc,heap     ] GC(67) Old regions: 20->20
[2022-09-06T06:39:47.576+0000][7][gc,heap     ] GC(67) Archive regions: 2->2
[2022-09-06T06:39:47.576+0000][7][gc,heap     ] GC(67) Humongous regions: 2->2
[2022-09-06T06:39:47.576+0000][7][gc,metaspace] GC(67) Metaspace: 99062K(103628K)->99062K(103628K) NonClass: 86236K(89600K)->86236K(89600K) Class: 12826K(14028K)->12826K(14028K)
[2022-09-06T06:39:47.577+0000][7][gc          ] GC(67) Pause Young (Concurrent Start) (G1 Evacuation Pause) 203M->91M(256M) 11.789ms
[2022-09-06T06:39:47.577+0000][7][gc,cpu      ] GC(67) User=0.02s Sys=0.00s Real=0.01s
[2022-09-06T06:39:47.577+0000][7][gc          ] GC(68) Concurrent Cycle
[2022-09-06T06:39:47.577+0000][7][safepoint   ] Safepoint "G1CollectForAllocation", Time since last: 24876445097 ns, Reaching safepoint: 671721 ns, At safepoint: 12568988 ns, Total: 13240709 ns
[2022-09-06T06:39:47.577+0000][7][gc,marking  ] GC(68) Concurrent Clear Claimed Marks
[2022-09-06T06:39:47.578+0000][7][gc,marking  ] GC(68) Concurrent Clear Claimed Marks 0.405ms
[2022-09-06T06:39:47.578+0000][7][gc,marking  ] GC(68) Concurrent Scan Root Regions
[2022-09-06T06:39:47.580+0000][7][gc,marking  ] GC(68) Concurrent Scan Root Regions 2.259ms
[2022-09-06T06:39:47.581+0000][7][gc,marking  ] GC(68) Concurrent Mark (4546.964s)
[2022-09-06T06:39:47.581+0000][7][gc,marking  ] GC(68) Concurrent Mark From Roots
[2022-09-06T06:39:47.581+0000][7][gc,task     ] GC(68) Using 2 workers of 2 for marking
[2022-09-06T06:39:47.632+0000][7][gc,marking  ] GC(68) Concurrent Mark From Roots 51.300ms
[2022-09-06T06:39:47.632+0000][7][gc,marking  ] GC(68) Concurrent Preclean
[2022-09-06T06:39:47.633+0000][7][gc,marking  ] GC(68) Concurrent Preclean 0.403ms
[2022-09-06T06:39:47.633+0000][7][gc,marking  ] GC(68) Concurrent Mark (4546.964s, 4547.017s) 52.440ms
[2022-09-06T06:39:47.634+0000][7][gc,start    ] GC(68) Pause Remark
[2022-09-06T06:39:47.640+0000][7][gc          ] GC(68) Pause Remark 91M->91M(256M) 6.543ms
[2022-09-06T06:39:47.641+0000][7][gc,cpu      ] GC(68) User=0.02s Sys=0.00s Real=0.01s
[2022-09-06T06:39:47.641+0000][7][safepoint   ] Safepoint "G1Concurrent", Time since last: 56000215 ns, Reaching safepoint: 625013 ns, At safepoint: 7111626 ns, Total: 7736639 ns
[2022-09-06T06:39:47.641+0000][7][gc,marking  ] GC(68) Concurrent Rebuild Remembered Sets
[2022-09-06T06:39:47.673+0000][7][gc,marking  ] GC(68) Concurrent Rebuild Remembered Sets 32.190ms
[2022-09-06T06:39:47.674+0000][7][gc,start    ] GC(68) Pause Cleanup
[2022-09-06T06:39:47.675+0000][7][gc          ] GC(68) Pause Cleanup 92M->92M(256M) 0.380ms
[2022-09-06T06:39:47.675+0000][7][gc,cpu      ] GC(68) User=0.00s Sys=0.00s Real=0.00s
[2022-09-06T06:39:47.675+0000][7][safepoint   ] Safepoint "G1Concurrent", Time since last: 32929940 ns, Reaching safepoint: 342472 ns, At safepoint: 943942 ns, Total: 1286414 ns
[2022-09-06T06:39:47.675+0000][7][gc,marking  ] GC(68) Concurrent Cleanup for Next Mark
[2022-09-06T06:39:47.682+0000][7][gc,marking  ] GC(68) Concurrent Cleanup for Next Mark 6.801ms
[2022-09-06T06:39:47.683+0000][7][gc          ] GC(68) Concurrent Cycle 105.375ms
[2022-09-06T06:39:52.676+0000][7][safepoint   ] Safepoint "Cleanup", Time since last: 5000589749 ns, Reaching safepoint: 172243 ns, At safepoint: 23604 ns, Total: 195847 ns
[2022-09-06T06:39:54.677+0000][7][safepoint   ] Safepoint "Cleanup", Time since last: 2000468364 ns, Reaching safepoint: 135003 ns, At safepoint: 5390 ns, Total: 140393 ns
[2022-09-06T06:40:18.681+0000][7][safepoint   ] Safepoint "Cleanup", Time since last: 24004477433 ns, Reaching safepoint: 180188 ns, At safepoint: 9247 ns, Total: 189435 ns
[2022-09-06T06:40:30.684+0000][7][safepoint   ] Safepoint "Cleanup", Time since last: 12001632543 ns, Reaching safepoint: 216817 ns, At safepoint: 23725 ns, Total: 240542 ns
[2022-09-06T06:40:31.684+0000][7][safepoint   ] Safepoint "Cleanup", Time since last: 1000190650 ns, Reaching safepoint: 138280 ns, At safepoint: 5099 ns, Total: 143379 ns
[2022-09-06T06:41:01.691+0000][7][safepoint   ] Safepoint "Cleanup", Time since last: 30005978724 ns, Reaching safepoint: 299322 ns, At safepoint: 46928 ns, Total: 346250 ns
[2022-09-06T06:41:05.692+0000][7][safepoint   ] Safepoint "Cleanup", Time since last: 4000829927 ns, Reaching safepoint: 117180 ns, At safepoint: 30598 ns, Total: 147778 ns
[2022-09-06T06:41:22.693+0000][7][safepoint   ] Safepoint "Cleanup", Time since last: 17001787195 ns, Reaching safepoint: 184756 ns, At safepoint: 28133 ns, Total: 212889 ns
[2022-09-06T06:41:51.697+0000][7][safepoint   ] Safepoint "Cleanup", Time since last: 29003886817 ns, Reaching safepoint: 232366 ns, At safepoint: 9077 ns, Total: 241443 ns
[2022-09-06T06:42:18.649+0000][7][gc,start    ] GC(69) Pause Young (Normal) (G1 Evacuation Pause)
[2022-09-06T06:42:18.649+0000][7][gc,task     ] GC(69) Using 6 workers of 6 for evacuation
[2022-09-06T06:42:18.650+0000][7][gc,age      ] GC(69) Desired survivor size 8388608 bytes, new threshold 15 (max threshold 15)
[2022-09-06T06:42:18.655+0000][7][gc,age      ] GC(69) Age table with threshold 15 (max threshold 15)
[2022-09-06T06:42:18.656+0000][7][gc,age      ] GC(69) - age   1:      63048 bytes,      63048 total
[2022-09-06T06:42:18.656+0000][7][gc,age      ] GC(69) - age   2:      12456 bytes,      75504 total
[2022-09-06T06:42:18.656+0000][7][gc,age      ] GC(69) - age   3:       7784 bytes,      83288 total
[2022-09-06T06:42:18.656+0000][7][gc,age      ] GC(69) - age   4:       5864 bytes,      89152 total
[2022-09-06T06:42:18.656+0000][7][gc,age      ] GC(69) - age   5:       2784 bytes,      91936 total
[2022-09-06T06:42:18.656+0000][7][gc,age      ] GC(69) - age   6:      31728 bytes,     123664 total
[2022-09-06T06:42:18.657+0000][7][gc,age      ] GC(69) - age   7:     171104 bytes,     294768 total
[2022-09-06T06:42:18.657+0000][7][gc,age      ] GC(69) - age   8:        136 bytes,     294904 total
[2022-09-06T06:42:18.657+0000][7][gc,age      ] GC(69) - age   9:     123616 bytes,     418520 total
[2022-09-06T06:42:18.657+0000][7][gc,age      ] GC(69) - age  10:       8112 bytes,     426632 total
[2022-09-06T06:42:18.657+0000][7][gc,age      ] GC(69) - age  11:      94464 bytes,     521096 total
[2022-09-06T06:42:18.657+0000][7][gc,age      ] GC(69) - age  12:       1936 bytes,     523032 total
[2022-09-06T06:42:18.657+0000][7][gc,age      ] GC(69) - age  13:        912 bytes,     523944 total
[2022-09-06T06:42:18.658+0000][7][gc,age      ] GC(69) - age  14:      14472 bytes,     538416 total
[2022-09-06T06:42:18.658+0000][7][gc,age      ] GC(69) - age  15:     672200 bytes,    1210616 total
[2022-09-06T06:42:18.658+0000][7][gc,phases   ] GC(69)   Pre Evacuate Collection Set: 0.1ms
[2022-09-06T06:42:18.658+0000][7][gc,phases   ] GC(69)   Merge Heap Roots: 0.1ms
[2022-09-06T06:42:18.658+0000][7][gc,phases   ] GC(69)   Evacuate Collection Set: 3.9ms
[2022-09-06T06:42:18.658+0000][7][gc,phases   ] GC(69)   Post Evacuate Collection Set: 1.4ms
[2022-09-06T06:42:18.659+0000][7][gc,phases   ] GC(69)   Other: 3.4ms
[2022-09-06T06:42:18.659+0000][7][gc,heap     ] GC(69) Eden regions: 28->0(28)
[2022-09-06T06:42:18.659+0000][7][gc,heap     ] GC(69) Survivor regions: 1->1(4)
[2022-09-06T06:42:18.659+0000][7][gc,heap     ] GC(69) Old regions: 20->20
[2022-09-06T06:42:18.659+0000][7][gc,heap     ] GC(69) Archive regions: 2->2
[2022-09-06T06:42:18.659+0000][7][gc,heap     ] GC(69) Humongous regions: 2->2
[2022-09-06T06:42:18.660+0000][7][gc,metaspace] GC(69) Metaspace: 99085K(103628K)->99085K(103628K) NonClass: 86258K(89600K)->86258K(89600K) Class: 12827K(14028K)->12827K(14028K)
[2022-09-06T06:42:18.660+0000][7][gc          ] GC(69) Pause Young (Normal) (G1 Evacuation Pause) 203M->91M(256M) 11.206ms
[2022-09-06T06:42:18.660+0000][7][gc,cpu      ] GC(69) User=0.01s Sys=0.00s Real=0.02s
[2022-09-06T06:42:18.661+0000][7][safepoint   ] Safepoint "G1CollectForAllocation", Time since last: 26951759874 ns, Reaching safepoint: 168226 ns, At safepoint: 11806908 ns, Total: 11975134 ns
[2022-09-06T06:42:37.663+0000][7][safepoint   ] Safepoint "Cleanup", Time since last: 19002106730 ns, Reaching safepoint: 180800 ns, At safepoint: 2415 ns, Total: 183215 ns
[2022-09-06T06:44:01.673+0000][7][safepoint   ] Safepoint "Cleanup", Time since last: 84009636671 ns, Reaching safepoint: 147346 ns, At safepoint: 21931 ns, Total: 169277 ns
[2022-09-06T06:44:05.673+0000][7][safepoint   ] Safepoint "Cleanup", Time since last: 4000641635 ns, Reaching safepoint: 128541 ns, At safepoint: 5690 ns, Total: 134231 ns
[2022-09-06T06:44:37.677+0000][7][safepoint   ] Safepoint "Cleanup", Time since last: 32003355406 ns, Reaching safepoint: 204975 ns, At safepoint: 6893 ns, Total: 211868 ns
[2022-09-06T06:45:01.680+0000][7][safepoint   ] Safepoint "Cleanup", Time since last: 24002736143 ns, Reaching safepoint: 121598 ns, At safepoint: 2716 ns, Total: 124314 ns
[2022-09-06T06:45:19.651+0000][7][gc,start    ] GC(70) Pause Young (Concurrent Start) (G1 Evacuation Pause)
[2022-09-06T06:45:19.651+0000][7][gc,task     ] GC(70) Using 6 workers of 6 for evacuation
[2022-09-06T06:45:19.651+0000][7][gc,age      ] GC(70) Desired survivor size 8388608 bytes, new threshold 15 (max threshold 15)
[2022-09-06T06:45:19.659+0000][7][gc,age      ] GC(70) Age table with threshold 15 (max threshold 15)
[2022-09-06T06:45:19.660+0000][7][gc,age      ] GC(70) - age   1:      40008 bytes,      40008 total
[2022-09-06T06:45:19.660+0000][7][gc,age      ] GC(70) - age   2:      51224 bytes,      91232 total
[2022-09-06T06:45:19.660+0000][7][gc,age      ] GC(70) - age   3:      12360 bytes,     103592 total
[2022-09-06T06:45:19.661+0000][7][gc,age      ] GC(70) - age   4:       7784 bytes,     111376 total
[2022-09-06T06:45:19.661+0000][7][gc,age      ] GC(70) - age   5:       4968 bytes,     116344 total
[2022-09-06T06:45:19.661+0000][7][gc,age      ] GC(70) - age   6:       2784 bytes,     119128 total
[2022-09-06T06:45:19.661+0000][7][gc,age      ] GC(70) - age   7:      31728 bytes,     150856 total
[2022-09-06T06:45:19.661+0000][7][gc,age      ] GC(70) - age   8:     171104 bytes,     321960 total
[2022-09-06T06:45:19.662+0000][7][gc,age      ] GC(70) - age   9:        136 bytes,     322096 total
[2022-09-06T06:45:19.662+0000][7][gc,age      ] GC(70) - age  10:     123376 bytes,     445472 total
[2022-09-06T06:45:19.662+0000][7][gc,age      ] GC(70) - age  11:       8112 bytes,     453584 total
[2022-09-06T06:45:19.662+0000][7][gc,age      ] GC(70) - age  12:      94464 bytes,     548048 total
[2022-09-06T06:45:19.662+0000][7][gc,age      ] GC(70) - age  13:       1904 bytes,     549952 total
[2022-09-06T06:45:19.662+0000][7][gc,age      ] GC(70) - age  14:        912 bytes,     550864 total
[2022-09-06T06:45:19.663+0000][7][gc,age      ] GC(70) - age  15:      14472 bytes,     565336 total
[2022-09-06T06:45:19.663+0000][7][gc,phases   ] GC(70)   Pre Evacuate Collection Set: 0.2ms
[2022-09-06T06:45:19.663+0000][7][gc,phases   ] GC(70)   Merge Heap Roots: 0.1ms
[2022-09-06T06:45:19.663+0000][7][gc,phases   ] GC(70)   Evacuate Collection Set: 6.4ms
[2022-09-06T06:45:19.664+0000][7][gc,phases   ] GC(70)   Post Evacuate Collection Set: 1.3ms
[2022-09-06T06:45:19.664+0000][7][gc,phases   ] GC(70)   Other: 4.1ms
[2022-09-06T06:45:19.664+0000][7][gc,heap     ] GC(70) Eden regions: 28->0(28)
[2022-09-06T06:45:19.664+0000][7][gc,heap     ] GC(70) Survivor regions: 1->1(4)
[2022-09-06T06:45:19.664+0000][7][gc,heap     ] GC(70) Old regions: 20->20
[2022-09-06T06:45:19.664+0000][7][gc,heap     ] GC(70) Archive regions: 2->2
[2022-09-06T06:45:19.664+0000][7][gc,heap     ] GC(70) Humongous regions: 2->2
[2022-09-06T06:45:19.665+0000][7][gc,metaspace] GC(70) Metaspace: 99092K(103628K)->99092K(103628K) NonClass: 86265K(89600K)->86265K(89600K) Class: 12827K(14028K)->12827K(14028K)
[2022-09-06T06:45:19.665+0000][7][gc          ] GC(70) Pause Young (Concurrent Start) (G1 Evacuation Pause) 203M->91M(256M) 14.715ms
[2022-09-06T06:45:19.666+0000][7][gc,cpu      ] GC(70) User=0.02s Sys=0.01s Real=0.01s
[2022-09-06T06:45:19.666+0000][7][gc          ] GC(71) Concurrent Cycle
[2022-09-06T06:45:19.666+0000][7][safepoint   ] Safepoint "G1CollectForAllocation", Time since last: 17969944038 ns, Reaching safepoint: 434355 ns, At safepoint: 15159780 ns, Total: 15594135 ns
[2022-09-06T06:45:19.666+0000][7][gc,marking  ] GC(71) Concurrent Clear Claimed Marks
[2022-09-06T06:45:19.666+0000][7][gc,marking  ] GC(71) Concurrent Clear Claimed Marks 0.495ms
[2022-09-06T06:45:19.667+0000][7][gc,marking  ] GC(71) Concurrent Scan Root Regions
[2022-09-06T06:45:19.669+0000][7][gc,marking  ] GC(71) Concurrent Scan Root Regions 2.413ms
[2022-09-06T06:45:19.669+0000][7][gc,marking  ] GC(71) Concurrent Mark (4879.053s)
[2022-09-06T06:45:19.669+0000][7][gc,marking  ] GC(71) Concurrent Mark From Roots
[2022-09-06T06:45:19.670+0000][7][gc,task     ] GC(71) Using 2 workers of 2 for marking
[2022-09-06T06:45:19.721+0000][7][gc,marking  ] GC(71) Concurrent Mark From Roots 51.269ms
[2022-09-06T06:45:19.721+0000][7][gc,marking  ] GC(71) Concurrent Preclean
[2022-09-06T06:45:19.721+0000][7][gc,marking  ] GC(71) Concurrent Preclean 0.399ms
[2022-09-06T06:45:19.722+0000][7][gc,marking  ] GC(71) Concurrent Mark (4879.053s, 4879.105s) 52.387ms
[2022-09-06T06:45:19.722+0000][7][gc,start    ] GC(71) Pause Remark
[2022-09-06T06:45:19.729+0000][7][gc          ] GC(71) Pause Remark 92M->92M(256M) 7.387ms
[2022-09-06T06:45:19.730+0000][7][gc,cpu      ] GC(71) User=0.03s Sys=0.00s Real=0.01s
[2022-09-06T06:45:19.730+0000][7][safepoint   ] Safepoint "G1Concurrent", Time since last: 56152211 ns, Reaching safepoint: 200326 ns, At safepoint: 8063763 ns, Total: 8264089 ns
[2022-09-06T06:45:19.730+0000][7][gc,marking  ] GC(71) Concurrent Rebuild Remembered Sets
[2022-09-06T06:45:19.763+0000][7][gc,marking  ] GC(71) Concurrent Rebuild Remembered Sets 32.931ms
[2022-09-06T06:45:19.764+0000][7][gc,start    ] GC(71) Pause Cleanup
[2022-09-06T06:45:19.764+0000][7][gc          ] GC(71) Pause Cleanup 92M->92M(256M) 0.510ms
[2022-09-06T06:45:19.765+0000][7][gc,cpu      ] GC(71) User=0.00s Sys=0.00s Real=0.00s
[2022-09-06T06:45:19.765+0000][7][safepoint   ] Safepoint "G1Concurrent", Time since last: 33566985 ns, Reaching safepoint: 168807 ns, At safepoint: 1146532 ns, Total: 1315339 ns
[2022-09-06T06:45:19.765+0000][7][gc,marking  ] GC(71) Concurrent Cleanup for Next Mark
[2022-09-06T06:45:19.766+0000][7][gc,marking  ] GC(71) Concurrent Cleanup for Next Mark 0.442ms
[2022-09-06T06:45:19.766+0000][7][gc          ] GC(71) Concurrent Cycle 100.472ms
[2022-09-06T06:45:43.767+0000][7][safepoint   ] Safepoint "Cleanup", Time since last: 24002619714 ns, Reaching safepoint: 150974 ns, At safepoint: 20408 ns, Total: 171382 ns
[2022-09-06T06:47:35.782+0000][7][safepoint   ] Safepoint "Cleanup", Time since last: 112013577536 ns, Reaching safepoint: 525337 ns, At safepoint: 23444 ns, Total: 548781 ns
[2022-09-06T06:48:32.055+0000][7][gc,start    ] GC(72) Pause Young (Normal) (G1 Evacuation Pause)
[2022-09-06T06:48:32.055+0000][7][gc,task     ] GC(72) Using 6 workers of 6 for evacuation
[2022-09-06T06:48:32.056+0000][7][gc,age      ] GC(72) Desired survivor size 8388608 bytes, new threshold 15 (max threshold 15)
[2022-09-06T06:48:32.084+0000][7][gc,age      ] GC(72) Age table with threshold 15 (max threshold 15)
[2022-09-06T06:48:32.084+0000][7][gc,age      ] GC(72) - age   1:      44792 bytes,      44792 total
[2022-09-06T06:48:32.084+0000][7][gc,age      ] GC(72) - age   2:       1432 bytes,      46224 total
[2022-09-06T06:48:32.084+0000][7][gc,age      ] GC(72) - age   3:      50832 bytes,      97056 total
[2022-09-06T06:48:32.085+0000][7][gc,age      ] GC(72) - age   4:      12360 bytes,     109416 total
[2022-09-06T06:48:32.085+0000][7][gc,age      ] GC(72) - age   5:       7784 bytes,     117200 total
[2022-09-06T06:48:32.085+0000][7][gc,age      ] GC(72) - age   6:       4968 bytes,     122168 total
[2022-09-06T06:48:32.085+0000][7][gc,age      ] GC(72) - age   7:       2544 bytes,     124712 total
[2022-09-06T06:48:32.085+0000][7][gc,age      ] GC(72) - age   8:      31728 bytes,     156440 total
[2022-09-06T06:48:32.085+0000][7][gc,age      ] GC(72) - age   9:       9392 bytes,     165832 total
[2022-09-06T06:48:32.085+0000][7][gc,age      ] GC(72) - age  10:        136 bytes,     165968 total
[2022-09-06T06:48:32.086+0000][7][gc,age      ] GC(72) - age  11:     123376 bytes,     289344 total
[2022-09-06T06:48:32.086+0000][7][gc,age      ] GC(72) - age  12:       8112 bytes,     297456 total
[2022-09-06T06:48:32.086+0000][7][gc,age      ] GC(72) - age  13:      94464 bytes,     391920 total
[2022-09-06T06:48:32.086+0000][7][gc,age      ] GC(72) - age  14:       1904 bytes,     393824 total
[2022-09-06T06:48:32.086+0000][7][gc,age      ] GC(72) - age  15:        912 bytes,     394736 total
[2022-09-06T06:48:32.087+0000][7][gc,phases   ] GC(72)   Pre Evacuate Collection Set: 0.9ms
[2022-09-06T06:48:32.087+0000][7][gc,phases   ] GC(72)   Merge Heap Roots: 0.4ms
[2022-09-06T06:48:32.087+0000][7][gc,phases   ] GC(72)   Evacuate Collection Set: 19.8ms
[2022-09-06T06:48:32.087+0000][7][gc,phases   ] GC(72)   Post Evacuate Collection Set: 6.5ms
[2022-09-06T06:48:32.087+0000][7][gc,phases   ] GC(72)   Other: 4.3ms
[2022-09-06T06:48:32.087+0000][7][gc,heap     ] GC(72) Eden regions: 28->0(28)
[2022-09-06T06:48:32.087+0000][7][gc,heap     ] GC(72) Survivor regions: 1->1(4)
[2022-09-06T06:48:32.088+0000][7][gc,heap     ] GC(72) Old regions: 20->20
[2022-09-06T06:48:32.088+0000][7][gc,heap     ] GC(72) Archive regions: 2->2
[2022-09-06T06:48:32.088+0000][7][gc,heap     ] GC(72) Humongous regions: 2->2
[2022-09-06T06:48:32.088+0000][7][gc,metaspace] GC(72) Metaspace: 99099K(103628K)->99099K(103628K) NonClass: 86272K(89600K)->86272K(89600K) Class: 12827K(14028K)->12827K(14028K)
[2022-09-06T06:48:32.088+0000][7][gc          ] GC(72) Pause Young (Normal) (G1 Evacuation Pause) 203M->91M(256M) 33.370ms
[2022-09-06T06:48:32.088+0000][7][gc,cpu      ] GC(72) User=0.08s Sys=0.03s Real=0.03s
[2022-09-06T06:48:32.089+0000][7][safepoint   ] Safepoint "G1CollectForAllocation", Time since last: 56272773528 ns, Reaching safepoint: 568307 ns, At safepoint: 34165598 ns, Total: 34733905 ns
[2022-09-06T06:49:08.093+0000][7][safepoint   ] Safepoint "Cleanup", Time since last: 36004379528 ns, Reaching safepoint: 426230 ns, At safepoint: 24696 ns, Total: 450926 ns
[2022-09-06T06:49:38.097+0000][7][safepoint   ] Safepoint "Cleanup", Time since last: 30003097046 ns, Reaching safepoint: 822944 ns, At safepoint: 22783 ns, Total: 845727 ns
[2022-09-06T06:49:45.098+0000][7][safepoint   ] Safepoint "Cleanup", Time since last: 7000932858 ns, Reaching safepoint: 226635 ns, At safepoint: 22102 ns, Total: 248737 ns
[2022-09-06T06:50:38.093+0000][7][safepoint   ] Safepoint "Cleanup", Time since last: 53004770122 ns, Reaching safepoint: 1025655 ns, At safepoint: 51777 ns, Total: 1077432 ns
[2022-09-06T06:51:34.965+0000][7][gc,start    ] GC(73) Pause Young (Concurrent Start) (G1 Evacuation Pause)
[2022-09-06T06:51:34.965+0000][7][gc,task     ] GC(73) Using 6 workers of 6 for evacuation
[2022-09-06T06:51:34.966+0000][7][gc,age      ] GC(73) Desired survivor size 8388608 bytes, new threshold 15 (max threshold 15)
[2022-09-06T06:51:34.990+0000][7][gc,age      ] GC(73) Age table with threshold 15 (max threshold 15)
[2022-09-06T06:51:34.991+0000][7][gc,age      ] GC(73) - age   1:      50992 bytes,      50992 total
[2022-09-06T06:51:34.991+0000][7][gc,age      ] GC(73) - age   2:      32776 bytes,      83768 total
[2022-09-06T06:51:34.991+0000][7][gc,age      ] GC(73) - age   3:       1360 bytes,      85128 total
[2022-09-06T06:51:34.991+0000][7][gc,age      ] GC(73) - age   4:      50832 bytes,     135960 total
[2022-09-06T06:51:34.992+0000][7][gc,age      ] GC(73) - age   5:      12120 bytes,     148080 total
[2022-09-06T06:51:34.992+0000][7][gc,age      ] GC(73) - age   6:       7784 bytes,     155864 total
[2022-09-06T06:51:34.992+0000][7][gc,age      ] GC(73) - age   7:       4968 bytes,     160832 total
[2022-09-06T06:51:34.992+0000][7][gc,age      ] GC(73) - age   8:       2544 bytes,     163376 total
[2022-09-06T06:51:34.992+0000][7][gc,age      ] GC(73) - age   9:      31728 bytes,     195104 total
[2022-09-06T06:51:34.992+0000][7][gc,age      ] GC(73) - age  10:       9392 bytes,     204496 total
[2022-09-06T06:51:34.992+0000][7][gc,age      ] GC(73) - age  11:        136 bytes,     204632 total
[2022-09-06T06:51:34.993+0000][7][gc,age      ] GC(73) - age  12:     123376 bytes,     328008 total
[2022-09-06T06:51:34.993+0000][7][gc,age      ] GC(73) - age  13:       8112 bytes,     336120 total
[2022-09-06T06:51:34.993+0000][7][gc,age      ] GC(73) - age  14:      94464 bytes,     430584 total
[2022-09-06T06:51:34.993+0000][7][gc,age      ] GC(73) - age  15:       1904 bytes,     432488 total
[2022-09-06T06:51:34.993+0000][7][gc,phases   ] GC(73)   Pre Evacuate Collection Set: 4.1ms
[2022-09-06T06:51:34.993+0000][7][gc,phases   ] GC(73)   Merge Heap Roots: 0.4ms
[2022-09-06T06:51:34.994+0000][7][gc,phases   ] GC(73)   Evacuate Collection Set: 15.4ms
[2022-09-06T06:51:34.994+0000][7][gc,phases   ] GC(73)   Post Evacuate Collection Set: 4.2ms
[2022-09-06T06:51:34.994+0000][7][gc,phases   ] GC(73)   Other: 4.7ms
[2022-09-06T06:51:34.994+0000][7][gc,heap     ] GC(73) Eden regions: 28->0(28)
[2022-09-06T06:51:34.994+0000][7][gc,heap     ] GC(73) Survivor regions: 1->1(4)
[2022-09-06T06:51:34.994+0000][7][gc,heap     ] GC(73) Old regions: 20->20
[2022-09-06T06:51:34.994+0000][7][gc,heap     ] GC(73) Archive regions: 2->2
[2022-09-06T06:51:34.995+0000][7][gc,heap     ] GC(73) Humongous regions: 2->2
[2022-09-06T06:51:34.995+0000][7][gc,metaspace] GC(73) Metaspace: 99126K(103628K)->99126K(103628K) NonClass: 86298K(89600K)->86298K(89600K) Class: 12827K(14028K)->12827K(14028K)
[2022-09-06T06:51:34.996+0000][7][gc          ] GC(73) Pause Young (Concurrent Start) (G1 Evacuation Pause) 203M->91M(256M) 30.770ms
[2022-09-06T06:51:34.996+0000][7][gc,cpu      ] GC(73) User=0.10s Sys=0.02s Real=0.03s
[2022-09-06T06:51:34.996+0000][7][gc          ] GC(74) Concurrent Cycle
[2022-09-06T06:51:34.996+0000][7][safepoint   ] Safepoint "G1CollectForAllocation", Time since last: 56857681662 ns, Reaching safepoint: 2015963 ns, At safepoint: 31732563 ns, Total: 33748526 ns
[2022-09-06T06:51:34.996+0000][7][gc,marking  ] GC(74) Concurrent Clear Claimed Marks
[2022-09-06T06:51:34.997+0000][7][gc,marking  ] GC(74) Concurrent Clear Claimed Marks 1.115ms
[2022-09-06T06:51:34.998+0000][7][gc,marking  ] GC(74) Concurrent Scan Root Regions
[2022-09-06T06:51:35.025+0000][7][gc,marking  ] GC(74) Concurrent Scan Root Regions 26.808ms
[2022-09-06T06:51:35.025+0000][7][gc,marking  ] GC(74) Concurrent Mark (5254.409s)
[2022-09-06T06:51:35.025+0000][7][gc,marking  ] GC(74) Concurrent Mark From Roots
[2022-09-06T06:51:35.025+0000][7][gc,task     ] GC(74) Using 2 workers of 2 for marking
[2022-09-06T06:51:35.216+0000][7][gc,marking  ] GC(74) Concurrent Mark From Roots 190.458ms
[2022-09-06T06:51:35.216+0000][7][gc,marking  ] GC(74) Concurrent Preclean
[2022-09-06T06:51:35.217+0000][7][gc,marking  ] GC(74) Concurrent Preclean 0.473ms
[2022-09-06T06:51:35.217+0000][7][gc,marking  ] GC(74) Concurrent Mark (5254.409s, 5254.600s) 191.575ms
[2022-09-06T06:51:35.217+0000][7][gc,start    ] GC(74) Pause Remark
[2022-09-06T06:51:35.255+0000][7][gc          ] GC(74) Pause Remark 91M->91M(256M) 37.817ms
[2022-09-06T06:51:35.255+0000][7][gc,cpu      ] GC(74) User=0.19s Sys=0.00s Real=0.04s
[2022-09-06T06:51:35.256+0000][7][safepoint   ] Safepoint "G1Concurrent", Time since last: 220799783 ns, Reaching safepoint: 173906 ns, At safepoint: 38403813 ns, Total: 38577719 ns
[2022-09-06T06:51:35.256+0000][7][gc,marking  ] GC(74) Concurrent Rebuild Remembered Sets
[2022-09-06T06:51:35.291+0000][7][gc,marking  ] GC(74) Concurrent Rebuild Remembered Sets 35.406ms
[2022-09-06T06:51:35.292+0000][7][gc,start    ] GC(74) Pause Cleanup
[2022-09-06T06:51:35.292+0000][7][gc          ] GC(74) Pause Cleanup 91M->91M(256M) 0.335ms
[2022-09-06T06:51:35.292+0000][7][gc,cpu      ] GC(74) User=0.00s Sys=0.00s Real=0.00s
[2022-09-06T06:51:35.292+0000][7][safepoint   ] Safepoint "G1Concurrent", Time since last: 35962149 ns, Reaching safepoint: 163818 ns, At safepoint: 669056 ns, Total: 832874 ns
[2022-09-06T06:51:35.293+0000][7][gc,marking  ] GC(74) Concurrent Cleanup for Next Mark
[2022-09-06T06:51:35.301+0000][7][gc,marking  ] GC(74) Concurrent Cleanup for Next Mark 8.817ms
[2022-09-06T06:51:35.302+0000][7][gc          ] GC(74) Concurrent Cycle 305.869ms
[2022-09-06T06:51:38.293+0000][7][safepoint   ] Safepoint "Cleanup", Time since last: 3000469879 ns, Reaching safepoint: 211697 ns, At safepoint: 22592 ns, Total: 234289 ns
[2022-09-06T06:52:08.296+0000][7][safepoint   ] Safepoint "Cleanup", Time since last: 30003118838 ns, Reaching safepoint: 117811 ns, At safepoint: 5160 ns, Total: 122971 ns
[2022-09-06T06:52:33.299+0000][7][safepoint   ] Safepoint "Cleanup", Time since last: 25002503960 ns, Reaching safepoint: 137107 ns, At safepoint: 2745 ns, Total: 139852 ns
[2022-09-06T06:52:45.301+0000][7][safepoint   ] Safepoint "Cleanup", Time since last: 12001341878 ns, Reaching safepoint: 235512 ns, At safepoint: 35747 ns, Total: 271259 ns
[2022-09-06T06:54:37.582+0000][7][gc,start    ] GC(75) Pause Young (Normal) (G1 Evacuation Pause)
[2022-09-06T06:54:37.583+0000][7][gc,task     ] GC(75) Using 6 workers of 6 for evacuation
[2022-09-06T06:54:37.583+0000][7][gc,age      ] GC(75) Desired survivor size 8388608 bytes, new threshold 15 (max threshold 15)
[2022-09-06T06:54:37.590+0000][7][gc,age      ] GC(75) Age table with threshold 15 (max threshold 15)
[2022-09-06T06:54:37.590+0000][7][gc,age      ] GC(75) - age   1:      42984 bytes,      42984 total
[2022-09-06T06:54:37.590+0000][7][gc,age      ] GC(75) - age   2:      33640 bytes,      76624 total
[2022-09-06T06:54:37.591+0000][7][gc,age      ] GC(75) - age   3:      32680 bytes,     109304 total
[2022-09-06T06:54:37.591+0000][7][gc,age      ] GC(75) - age   4:       1032 bytes,     110336 total
[2022-09-06T06:54:37.591+0000][7][gc,age      ] GC(75) - age   5:      50792 bytes,     161128 total
[2022-09-06T06:54:37.592+0000][7][gc,age      ] GC(75) - age   6:      12120 bytes,     173248 total
[2022-09-06T06:54:37.592+0000][7][gc,age      ] GC(75) - age   7:       7784 bytes,     181032 total
[2022-09-06T06:54:37.592+0000][7][gc,age      ] GC(75) - age   8:       4968 bytes,     186000 total
[2022-09-06T06:54:37.592+0000][7][gc,age      ] GC(75) - age   9:       2544 bytes,     188544 total
[2022-09-06T06:54:37.593+0000][7][gc,age      ] GC(75) - age  10:      31728 bytes,     220272 total
[2022-09-06T06:54:37.593+0000][7][gc,age      ] GC(75) - age  11:       9392 bytes,     229664 total
[2022-09-06T06:54:37.593+0000][7][gc,age      ] GC(75) - age  12:        136 bytes,     229800 total
[2022-09-06T06:54:37.593+0000][7][gc,age      ] GC(75) - age  13:     123376 bytes,     353176 total
[2022-09-06T06:54:37.594+0000][7][gc,age      ] GC(75) - age  14:         96 bytes,     353272 total
[2022-09-06T06:54:37.594+0000][7][gc,age      ] GC(75) - age  15:      69880 bytes,     423152 total
[2022-09-06T06:54:37.595+0000][7][gc,phases   ] GC(75)   Pre Evacuate Collection Set: 0.1ms
[2022-09-06T06:54:37.595+0000][7][gc,phases   ] GC(75)   Merge Heap Roots: 0.1ms
[2022-09-06T06:54:37.595+0000][7][gc,phases   ] GC(75)   Evacuate Collection Set: 3.8ms
[2022-09-06T06:54:37.596+0000][7][gc,phases   ] GC(75)   Post Evacuate Collection Set: 1.8ms
[2022-09-06T06:54:37.596+0000][7][gc,phases   ] GC(75)   Other: 6.5ms
[2022-09-06T06:54:37.596+0000][7][gc,heap     ] GC(75) Eden regions: 28->0(28)
[2022-09-06T06:54:37.597+0000][7][gc,heap     ] GC(75) Survivor regions: 1->1(4)
[2022-09-06T06:54:37.597+0000][7][gc,heap     ] GC(75) Old regions: 20->20
[2022-09-06T06:54:37.597+0000][7][gc,heap     ] GC(75) Archive regions: 2->2
[2022-09-06T06:54:37.597+0000][7][gc,heap     ] GC(75) Humongous regions: 2->2
[2022-09-06T06:54:37.598+0000][7][gc,metaspace] GC(75) Metaspace: 99133K(103628K)->99133K(103628K) NonClass: 86306K(89600K)->86306K(89600K) Class: 12827K(14028K)->12827K(14028K)
[2022-09-06T06:54:37.598+0000][7][gc          ] GC(75) Pause Young (Normal) (G1 Evacuation Pause) 203M->91M(256M) 15.482ms
[2022-09-06T06:54:37.598+0000][7][gc,cpu      ] GC(75) User=0.02s Sys=0.01s Real=0.01s
[2022-09-06T06:54:37.599+0000][7][safepoint   ] Safepoint "G1CollectForAllocation", Time since last: 112280754867 ns, Reaching safepoint: 841268 ns, At safepoint: 16149388 ns, Total: 16990656 ns
[2022-09-06T06:57:37.570+0000][7][gc,start    ] GC(76) Pause Young (Concurrent Start) (G1 Evacuation Pause)
[2022-09-06T06:57:37.570+0000][7][gc,task     ] GC(76) Using 6 workers of 6 for evacuation
[2022-09-06T06:57:37.571+0000][7][gc,age      ] GC(76) Desired survivor size 8388608 bytes, new threshold 15 (max threshold 15)
[2022-09-06T06:57:37.575+0000][7][gc,age      ] GC(76) Age table with threshold 15 (max threshold 15)
[2022-09-06T06:57:37.575+0000][7][gc,age      ] GC(76) - age   1:      80848 bytes,      80848 total
[2022-09-06T06:57:37.575+0000][7][gc,age      ] GC(76) - age   2:       4976 bytes,      85824 total
[2022-09-06T06:57:37.576+0000][7][gc,age      ] GC(76) - age   3:      33512 bytes,     119336 total
[2022-09-06T06:57:37.576+0000][7][gc,age      ] GC(76) - age   4:      32680 bytes,     152016 total
[2022-09-06T06:57:37.576+0000][7][gc,age      ] GC(76) - age   5:        264 bytes,     152280 total
[2022-09-06T06:57:37.577+0000][7][gc,age      ] GC(76) - age   6:      50584 bytes,     202864 total
[2022-09-06T06:57:37.577+0000][7][gc,age      ] GC(76) - age   7:      12120 bytes,     214984 total
[2022-09-06T06:57:37.577+0000][7][gc,age      ] GC(76) - age   8:       7544 bytes,     222528 total
[2022-09-06T06:57:37.578+0000][7][gc,age      ] GC(76) - age   9:       4968 bytes,     227496 total
[2022-09-06T06:57:37.578+0000][7][gc,age      ] GC(76) - age  10:       2544 bytes,     230040 total
[2022-09-06T06:57:37.578+0000][7][gc,age      ] GC(76) - age  11:      31728 bytes,     261768 total
[2022-09-06T06:57:37.578+0000][7][gc,age      ] GC(76) - age  12:       9392 bytes,     271160 total
[2022-09-06T06:57:37.579+0000][7][gc,age      ] GC(76) - age  13:        136 bytes,     271296 total
[2022-09-06T06:57:37.579+0000][7][gc,age      ] GC(76) - age  14:     123376 bytes,     394672 total
[2022-09-06T06:57:37.579+0000][7][gc,age      ] GC(76) - age  15:         96 bytes,     394768 total
[2022-09-06T06:57:37.580+0000][7][gc,phases   ] GC(76)   Pre Evacuate Collection Set: 0.4ms
[2022-09-06T06:57:37.580+0000][7][gc,phases   ] GC(76)   Merge Heap Roots: 0.2ms
[2022-09-06T06:57:37.581+0000][7][gc,phases   ] GC(76)   Evacuate Collection Set: 2.0ms
[2022-09-06T06:57:37.581+0000][7][gc,phases   ] GC(76)   Post Evacuate Collection Set: 1.2ms
[2022-09-06T06:57:37.582+0000][7][gc,phases   ] GC(76)   Other: 6.4ms
[2022-09-06T06:57:37.582+0000][7][gc,heap     ] GC(76) Eden regions: 28->0(28)
[2022-09-06T06:57:37.582+0000][7][gc,heap     ] GC(76) Survivor regions: 1->1(4)
[2022-09-06T06:57:37.583+0000][7][gc,heap     ] GC(76) Old regions: 20->20
[2022-09-06T06:57:37.583+0000][7][gc,heap     ] GC(76) Archive regions: 2->2
[2022-09-06T06:57:37.583+0000][7][gc,heap     ] GC(76) Humongous regions: 2->2
[2022-09-06T06:57:37.583+0000][7][gc,metaspace] GC(76) Metaspace: 99143K(103628K)->99143K(103628K) NonClass: 86315K(89600K)->86315K(89600K) Class: 12827K(14028K)->12827K(14028K)
[2022-09-06T06:57:37.584+0000][7][gc          ] GC(76) Pause Young (Concurrent Start) (G1 Evacuation Pause) 203M->91M(256M) 14.078ms
[2022-09-06T06:57:37.584+0000][7][gc,cpu      ] GC(76) User=0.02s Sys=0.00s Real=0.01s
[2022-09-06T06:57:37.585+0000][7][gc          ] GC(77) Concurrent Cycle
[2022-09-06T06:57:37.585+0000][7][gc,marking  ] GC(77) Concurrent Clear Claimed Marks
[2022-09-06T06:57:37.585+0000][7][safepoint   ] Safepoint "G1CollectForAllocation", Time since last: 179970730592 ns, Reaching safepoint: 691668 ns, At safepoint: 15099698 ns, Total: 15791366 ns
[2022-09-06T06:57:37.585+0000][7][gc,marking  ] GC(77) Concurrent Clear Claimed Marks 0.447ms
[2022-09-06T06:57:37.586+0000][7][gc,marking  ] GC(77) Concurrent Scan Root Regions
[2022-09-06T06:57:37.588+0000][7][gc,marking  ] GC(77) Concurrent Scan Root Regions 1.539ms
[2022-09-06T06:57:37.588+0000][7][gc,marking  ] GC(77) Concurrent Mark (5616.972s)
[2022-09-06T06:57:37.588+0000][7][gc,marking  ] GC(77) Concurrent Mark From Roots
[2022-09-06T06:57:37.589+0000][7][gc,task     ] GC(77) Using 2 workers of 2 for marking
[2022-09-06T06:57:37.662+0000][7][gc,marking  ] GC(77) Concurrent Mark From Roots 73.425ms
[2022-09-06T06:57:37.662+0000][7][gc,marking  ] GC(77) Concurrent Preclean
[2022-09-06T06:57:37.663+0000][7][gc,marking  ] GC(77) Concurrent Preclean 0.504ms
[2022-09-06T06:57:37.663+0000][7][gc,marking  ] GC(77) Concurrent Mark (5616.972s, 5617.047s) 74.897ms
[2022-09-06T06:57:37.663+0000][7][gc,start    ] GC(77) Pause Remark
[2022-09-06T06:57:37.671+0000][7][gc          ] GC(77) Pause Remark 96M->96M(256M) 7.421ms
[2022-09-06T06:57:37.671+0000][7][gc,cpu      ] GC(77) User=0.02s Sys=0.00s Real=0.01s
[2022-09-06T06:57:37.672+0000][7][safepoint   ] Safepoint "G1Concurrent", Time since last: 78376769 ns, Reaching safepoint: 234791 ns, At safepoint: 8302411 ns, Total: 8537202 ns
[2022-09-06T06:57:37.672+0000][7][gc,marking  ] GC(77) Concurrent Rebuild Remembered Sets
[2022-09-06T06:57:37.721+0000][7][gc,marking  ] GC(77) Concurrent Rebuild Remembered Sets 48.725ms
[2022-09-06T06:57:37.722+0000][7][gc,start    ] GC(77) Pause Cleanup
[2022-09-06T06:57:37.722+0000][7][gc          ] GC(77) Pause Cleanup 96M->96M(256M) 0.482ms
[2022-09-06T06:57:37.722+0000][7][gc,cpu      ] GC(77) User=0.00s Sys=0.00s Real=0.00s
[2022-09-06T06:57:37.723+0000][7][safepoint   ] Safepoint "G1Concurrent", Time since last: 49651861 ns, Reaching safepoint: 319028 ns, At safepoint: 1029402 ns, Total: 1348430 ns
[2022-09-06T06:57:37.723+0000][7][gc,marking  ] GC(77) Concurrent Cleanup for Next Mark
[2022-09-06T06:57:37.734+0000][7][gc,marking  ] GC(77) Concurrent Cleanup for Next Mark 10.641ms
[2022-09-06T06:57:37.734+0000][7][gc          ] GC(77) Concurrent Cycle 149.343ms
[2022-09-06T07:36:56.050+0000][7][safepoint   ] Safepoint "Cleanup", Time since last: 2358060723037 ns, Reaching safepoint: 106597360 ns, At safepoint: 63119 ns, Total: 106660479 ns
[2022-09-06T07:36:57.160+0000][7][safepoint   ] Safepoint "Cleanup", Time since last: 1107049481 ns, Reaching safepoint: 3127780 ns, At safepoint: 78477 ns, Total: 3206257 ns
[2022-09-06T07:36:57.189+0000][7][gc,start    ] GC(78) Pause Young (Normal) (G1 Evacuation Pause)
[2022-09-06T07:36:57.190+0000][7][gc,task     ] GC(78) Using 6 workers of 6 for evacuation
[2022-09-06T07:36:57.190+0000][7][gc,age      ] GC(78) Desired survivor size 8388608 bytes, new threshold 15 (max threshold 15)
[2022-09-06T07:36:57.197+0000][7][gc,age      ] GC(78) Age table with threshold 15 (max threshold 15)
[2022-09-06T07:36:57.197+0000][7][gc,age      ] GC(78) - age   1:      75016 bytes,      75016 total
[2022-09-06T07:36:57.198+0000][7][gc,age      ] GC(78) - age   2:        608 bytes,      75624 total
[2022-09-06T07:36:57.198+0000][7][gc,age      ] GC(78) - age   3:       4752 bytes,      80376 total
[2022-09-06T07:36:57.198+0000][7][gc,age      ] GC(78) - age   4:      33480 bytes,     113856 total
[2022-09-06T07:36:57.198+0000][7][gc,age      ] GC(78) - age   5:      32680 bytes,     146536 total
[2022-09-06T07:36:57.199+0000][7][gc,age      ] GC(78) - age   6:        240 bytes,     146776 total
[2022-09-06T07:36:57.199+0000][7][gc,age      ] GC(78) - age   7:      50584 bytes,     197360 total
[2022-09-06T07:36:57.199+0000][7][gc,age      ] GC(78) - age   8:      12120 bytes,     209480 total
[2022-09-06T07:36:57.202+0000][7][gc,age      ] GC(78) - age   9:       7544 bytes,     217024 total
[2022-09-06T07:36:57.202+0000][7][gc,age      ] GC(78) - age  10:       4968 bytes,     221992 total
[2022-09-06T07:36:57.203+0000][7][gc,age      ] GC(78) - age  11:       2544 bytes,     224536 total
[2022-09-06T07:36:57.203+0000][7][gc,age      ] GC(78) - age  12:      31728 bytes,     256264 total
[2022-09-06T07:36:57.204+0000][7][gc,age      ] GC(78) - age  13:       9392 bytes,     265656 total
[2022-09-06T07:36:57.204+0000][7][gc,age      ] GC(78) - age  14:        136 bytes,     265792 total
[2022-09-06T07:36:57.204+0000][7][gc,age      ] GC(78) - age  15:     123376 bytes,     389168 total
[2022-09-06T07:36:57.205+0000][7][gc,phases   ] GC(78)   Pre Evacuate Collection Set: 0.2ms
[2022-09-06T07:36:57.205+0000][7][gc,phases   ] GC(78)   Merge Heap Roots: 0.2ms
[2022-09-06T07:36:57.205+0000][7][gc,phases   ] GC(78)   Evacuate Collection Set: 3.9ms
[2022-09-06T07:36:57.206+0000][7][gc,phases   ] GC(78)   Post Evacuate Collection Set: 2.3ms
[2022-09-06T07:36:57.206+0000][7][gc,phases   ] GC(78)   Other: 8.8ms
[2022-09-06T07:36:57.206+0000][7][gc,heap     ] GC(78) Eden regions: 28->0(28)
[2022-09-06T07:36:57.207+0000][7][gc,heap     ] GC(78) Survivor regions: 1->1(4)
[2022-09-06T07:36:57.208+0000][7][gc,heap     ] GC(78) Old regions: 20->20
[2022-09-06T07:36:57.208+0000][7][gc,heap     ] GC(78) Archive regions: 2->2
[2022-09-06T07:36:57.208+0000][7][gc,heap     ] GC(78) Humongous regions: 2->2
[2022-09-06T07:36:57.209+0000][7][gc,metaspace] GC(78) Metaspace: 99210K(103628K)->99210K(103628K) NonClass: 86383K(89600K)->86383K(89600K) Class: 12827K(14028K)->12827K(14028K)
[2022-09-06T07:36:57.209+0000][7][gc          ] GC(78) Pause Young (Normal) (G1 Evacuation Pause) 203M->91M(256M) 19.770ms
[2022-09-06T07:36:57.209+0000][7][gc,cpu      ] GC(78) User=0.02s Sys=0.00s Real=0.02s
[2022-09-06T07:36:57.210+0000][7][safepoint   ] Safepoint "G1CollectForAllocation", Time since last: 26016806 ns, Reaching safepoint: 3017342 ns, At safepoint: 20788134 ns, Total: 23805476 ns
[2022-09-06T07:36:57.957+0000][7][gc,start    ] GC(79) Pause Young (Concurrent Start) (G1 Evacuation Pause)
[2022-09-06T07:36:57.957+0000][7][gc,task     ] GC(79) Using 6 workers of 6 for evacuation
[2022-09-06T07:36:57.960+0000][7][gc,age      ] GC(79) Desired survivor size 8388608 bytes, new threshold 15 (max threshold 15)
[2022-09-06T07:36:57.966+0000][7][gc,age      ] GC(79) Age table with threshold 15 (max threshold 15)
[2022-09-06T07:36:57.967+0000][7][gc,age      ] GC(79) - age   1:      42520 bytes,      42520 total
[2022-09-06T07:36:57.968+0000][7][gc,age      ] GC(79) - age   2:      55280 bytes,      97800 total
[2022-09-06T07:36:57.968+0000][7][gc,age      ] GC(79) - age   3:        608 bytes,      98408 total
[2022-09-06T07:36:57.968+0000][7][gc,age      ] GC(79) - age   4:       4752 bytes,     103160 total
[2022-09-06T07:36:57.969+0000][7][gc,age      ] GC(79) - age   5:      33480 bytes,     136640 total
[2022-09-06T07:36:57.969+0000][7][gc,age      ] GC(79) - age   6:      32680 bytes,     169320 total
[2022-09-06T07:36:57.969+0000][7][gc,age      ] GC(79) - age   7:        240 bytes,     169560 total
[2022-09-06T07:36:57.970+0000][7][gc,age      ] GC(79) - age   8:      50584 bytes,     220144 total
[2022-09-06T07:36:57.970+0000][7][gc,age      ] GC(79) - age   9:      12120 bytes,     232264 total
[2022-09-06T07:36:57.971+0000][7][gc,age      ] GC(79) - age  10:       7544 bytes,     239808 total
[2022-09-06T07:36:57.971+0000][7][gc,age      ] GC(79) - age  11:       4968 bytes,     244776 total
[2022-09-06T07:36:57.972+0000][7][gc,age      ] GC(79) - age  12:       2544 bytes,     247320 total
[2022-09-06T07:36:57.972+0000][7][gc,age      ] GC(79) - age  13:      31728 bytes,     279048 total
[2022-09-06T07:36:57.972+0000][7][gc,age      ] GC(79) - age  14:       9392 bytes,     288440 total
[2022-09-06T07:36:57.973+0000][7][gc,age      ] GC(79) - age  15:        136 bytes,     288576 total
[2022-09-06T07:36:57.973+0000][7][gc,phases   ] GC(79)   Pre Evacuate Collection Set: 0.3ms
[2022-09-06T07:36:57.974+0000][7][gc,phases   ] GC(79)   Merge Heap Roots: 0.1ms
[2022-09-06T07:36:57.974+0000][7][gc,phases   ] GC(79)   Evacuate Collection Set: 2.3ms
[2022-09-06T07:36:57.975+0000][7][gc,phases   ] GC(79)   Post Evacuate Collection Set: 2.9ms
[2022-09-06T07:36:57.975+0000][7][gc,phases   ] GC(79)   Other: 11.1ms
[2022-09-06T07:36:57.976+0000][7][gc,heap     ] GC(79) Eden regions: 28->0(28)
[2022-09-06T07:36:57.976+0000][7][gc,heap     ] GC(79) Survivor regions: 1->1(4)
[2022-09-06T07:36:57.976+0000][7][gc,heap     ] GC(79) Old regions: 20->20
[2022-09-06T07:36:57.977+0000][7][gc,heap     ] GC(79) Archive regions: 2->2
[2022-09-06T07:36:57.977+0000][7][gc,heap     ] GC(79) Humongous regions: 2->2
[2022-09-06T07:36:57.977+0000][7][gc,metaspace] GC(79) Metaspace: 99234K(103628K)->99234K(103628K) NonClass: 86407K(89600K)->86407K(89600K) Class: 12827K(14028K)->12827K(14028K)
[2022-09-06T07:36:57.978+0000][7][gc          ] GC(79) Pause Young (Concurrent Start) (G1 Evacuation Pause) 203M->91M(256M) 21.339ms
[2022-09-06T07:36:57.978+0000][7][gc,cpu      ] GC(79) User=0.02s Sys=0.01s Real=0.02s
[2022-09-06T07:36:57.979+0000][7][gc          ] GC(80) Concurrent Cycle
[2022-09-06T07:36:57.979+0000][7][safepoint   ] Safepoint "G1CollectForAllocation", Time since last: 744260407 ns, Reaching safepoint: 2239213 ns, At safepoint: 22552824 ns, Total: 24792037 ns
[2022-09-06T07:36:57.979+0000][7][gc,marking  ] GC(80) Concurrent Clear Claimed Marks
[2022-09-06T07:36:57.981+0000][7][gc,marking  ] GC(80) Concurrent Clear Claimed Marks 1.733ms
[2022-09-06T07:36:57.981+0000][7][gc,marking  ] GC(80) Concurrent Scan Root Regions
[2022-09-06T07:36:57.985+0000][7][gc,marking  ] GC(80) Concurrent Scan Root Regions 3.078ms
[2022-09-06T07:36:57.985+0000][7][gc,marking  ] GC(80) Concurrent Mark (7977.209s)
[2022-09-06T07:36:57.985+0000][7][gc,marking  ] GC(80) Concurrent Mark From Roots
[2022-09-06T07:36:57.986+0000][7][gc,task     ] GC(80) Using 2 workers of 2 for marking
[2022-09-06T07:36:58.126+0000][7][gc,marking  ] GC(80) Concurrent Mark From Roots 140.739ms
[2022-09-06T07:36:58.127+0000][7][gc,marking  ] GC(80) Concurrent Preclean
[2022-09-06T07:36:58.128+0000][7][gc,marking  ] GC(80) Concurrent Preclean 1.080ms
[2022-09-06T07:36:58.129+0000][7][gc,marking  ] GC(80) Concurrent Mark (7977.209s, 7977.353s) 143.730ms
[2022-09-06T07:36:58.134+0000][7][gc,start    ] GC(80) Pause Remark
[2022-09-06T07:36:58.150+0000][7][gc          ] GC(80) Pause Remark 110M->110M(256M) 15.905ms
[2022-09-06T07:36:58.151+0000][7][gc,cpu      ] GC(80) User=0.05s Sys=0.00s Real=0.02s
[2022-09-06T07:36:58.151+0000][7][safepoint   ] Safepoint "G1Concurrent", Time since last: 151522151 ns, Reaching safepoint: 3737955 ns, At safepoint: 16869138 ns, Total: 20607093 ns
[2022-09-06T07:36:58.151+0000][7][gc,marking  ] GC(80) Concurrent Rebuild Remembered Sets
[2022-09-06T07:36:58.225+0000][7][gc,marking  ] GC(80) Concurrent Rebuild Remembered Sets 73.351ms
[2022-09-06T07:36:58.230+0000][7][gc,start    ] GC(80) Pause Cleanup
[2022-09-06T07:36:58.230+0000][7][gc          ] GC(80) Pause Cleanup 116M->116M(256M) 0.723ms
[2022-09-06T07:36:58.231+0000][7][gc,cpu      ] GC(80) User=0.00s Sys=0.00s Real=0.00s
[2022-09-06T07:36:58.232+0000][7][safepoint   ] Safepoint "G1Concurrent", Time since last: 74851113 ns, Reaching safepoint: 3501110 ns, At safepoint: 2145457 ns, Total: 5646567 ns
[2022-09-06T07:36:58.232+0000][7][gc,marking  ] GC(80) Concurrent Cleanup for Next Mark
[2022-09-06T07:36:58.233+0000][7][gc,marking  ] GC(80) Concurrent Cleanup for Next Mark 1.317ms
[2022-09-06T07:36:58.235+0000][7][gc          ] GC(80) Concurrent Cycle 255.892ms
[2022-09-06T07:36:58.757+0000][7][gc,start    ] GC(81) Pause Young (Normal) (G1 Evacuation Pause)
[2022-09-06T07:36:58.758+0000][7][gc,task     ] GC(81) Using 6 workers of 6 for evacuation
[2022-09-06T07:36:58.758+0000][7][gc,age      ] GC(81) Desired survivor size 8388608 bytes, new threshold 15 (max threshold 15)
[2022-09-06T07:36:58.764+0000][7][gc,age      ] GC(81) Age table with threshold 15 (max threshold 15)
[2022-09-06T07:36:58.764+0000][7][gc,age      ] GC(81) - age   1:      83152 bytes,      83152 total
[2022-09-06T07:36:58.764+0000][7][gc,age      ] GC(81) - age   2:       1472 bytes,      84624 total
[2022-09-06T07:36:58.765+0000][7][gc,age      ] GC(81) - age   3:      54576 bytes,     139200 total
[2022-09-06T07:36:58.765+0000][7][gc,age      ] GC(81) - age   4:        608 bytes,     139808 total
[2022-09-06T07:36:58.765+0000][7][gc,age      ] GC(81) - age   5:       4752 bytes,     144560 total
[2022-09-06T07:36:58.765+0000][7][gc,age      ] GC(81) - age   6:      33240 bytes,     177800 total
[2022-09-06T07:36:58.766+0000][7][gc,age      ] GC(81) - age   7:      32680 bytes,     210480 total
[2022-09-06T07:36:58.766+0000][7][gc,age      ] GC(81) - age   8:        240 bytes,     210720 total
[2022-09-06T07:36:58.766+0000][7][gc,age      ] GC(81) - age   9:      50584 bytes,     261304 total
[2022-09-06T07:36:58.767+0000][7][gc,age      ] GC(81) - age  10:      12120 bytes,     273424 total
[2022-09-06T07:36:58.767+0000][7][gc,age      ] GC(81) - age  11:       7544 bytes,     280968 total
[2022-09-06T07:36:58.767+0000][7][gc,age      ] GC(81) - age  12:       4968 bytes,     285936 total
[2022-09-06T07:36:58.768+0000][7][gc,age      ] GC(81) - age  13:       2544 bytes,     288480 total
[2022-09-06T07:36:58.768+0000][7][gc,age      ] GC(81) - age  14:      31728 bytes,     320208 total
[2022-09-06T07:36:58.768+0000][7][gc,age      ] GC(81) - age  15:       9392 bytes,     329600 total
[2022-09-06T07:36:58.769+0000][7][gc,phases   ] GC(81)   Pre Evacuate Collection Set: 0.2ms
[2022-09-06T07:36:58.769+0000][7][gc,phases   ] GC(81)   Merge Heap Roots: 0.2ms
[2022-09-06T07:36:58.770+0000][7][gc,phases   ] GC(81)   Evacuate Collection Set: 2.5ms
[2022-09-06T07:36:58.770+0000][7][gc,phases   ] GC(81)   Post Evacuate Collection Set: 1.9ms
[2022-09-06T07:36:58.770+0000][7][gc,phases   ] GC(81)   Other: 6.5ms
[2022-09-06T07:36:58.770+0000][7][gc,heap     ] GC(81) Eden regions: 28->0(28)
[2022-09-06T07:36:58.771+0000][7][gc,heap     ] GC(81) Survivor regions: 1->1(4)
[2022-09-06T07:36:58.771+0000][7][gc,heap     ] GC(81) Old regions: 20->20
[2022-09-06T07:36:58.771+0000][7][gc,heap     ] GC(81) Archive regions: 2->2
[2022-09-06T07:36:58.772+0000][7][gc,heap     ] GC(81) Humongous regions: 2->2
[2022-09-06T07:36:58.772+0000][7][gc,metaspace] GC(81) Metaspace: 99277K(103628K)->99277K(103628K) NonClass: 86450K(89600K)->86450K(89600K) Class: 12827K(14028K)->12827K(14028K)
[2022-09-06T07:36:58.773+0000][7][gc          ] GC(81) Pause Young (Normal) (G1 Evacuation Pause) 203M->91M(256M) 15.264ms
[2022-09-06T07:36:58.773+0000][7][gc,cpu      ] GC(81) User=0.01s Sys=0.00s Real=0.02s
[2022-09-06T07:36:58.773+0000][7][safepoint   ] Safepoint "G1CollectForAllocation", Time since last: 525125328 ns, Reaching safepoint: 584357 ns, At safepoint: 16156861 ns, Total: 16741218 ns
[2022-09-06T07:36:59.372+0000][7][gc,start    ] GC(82) Pause Young (Concurrent Start) (G1 Evacuation Pause)
[2022-09-06T07:36:59.373+0000][7][gc,task     ] GC(82) Using 6 workers of 6 for evacuation
[2022-09-06T07:36:59.373+0000][7][gc,age      ] GC(82) Desired survivor size 8388608 bytes, new threshold 15 (max threshold 15)
[2022-09-06T07:36:59.378+0000][7][gc,age      ] GC(82) Age table with threshold 15 (max threshold 15)
[2022-09-06T07:36:59.379+0000][7][gc,age      ] GC(82) - age   1:      72800 bytes,      72800 total
[2022-09-06T07:36:59.379+0000][7][gc,age      ] GC(82) - age   2:       7968 bytes,      80768 total
[2022-09-06T07:36:59.380+0000][7][gc,age      ] GC(82) - age   3:       1376 bytes,      82144 total
[2022-09-06T07:36:59.380+0000][7][gc,age      ] GC(82) - age   4:      54544 bytes,     136688 total
[2022-09-06T07:36:59.381+0000][7][gc,age      ] GC(82) - age   5:        608 bytes,     137296 total
[2022-09-06T07:36:59.381+0000][7][gc,age      ] GC(82) - age   6:       4752 bytes,     142048 total
[2022-09-06T07:36:59.381+0000][7][gc,age      ] GC(82) - age   7:      33240 bytes,     175288 total
[2022-09-06T07:36:59.381+0000][7][gc,age      ] GC(82) - age   8:      32680 bytes,     207968 total
[2022-09-06T07:36:59.382+0000][7][gc,age      ] GC(82) - age   9:        240 bytes,     208208 total
[2022-09-06T07:36:59.382+0000][7][gc,age      ] GC(82) - age  10:      50584 bytes,     258792 total
[2022-09-06T07:36:59.382+0000][7][gc,age      ] GC(82) - age  11:      12120 bytes,     270912 total
[2022-09-06T07:36:59.383+0000][7][gc,age      ] GC(82) - age  12:       7544 bytes,     278456 total
[2022-09-06T07:36:59.383+0000][7][gc,age      ] GC(82) - age  13:       4968 bytes,     283424 total
[2022-09-06T07:36:59.383+0000][7][gc,age      ] GC(82) - age  14:       2544 bytes,     285968 total
[2022-09-06T07:36:59.383+0000][7][gc,age      ] GC(82) - age  15:      31728 bytes,     317696 total
[2022-09-06T07:36:59.384+0000][7][gc,phases   ] GC(82)   Pre Evacuate Collection Set: 0.2ms
[2022-09-06T07:36:59.384+0000][7][gc,phases   ] GC(82)   Merge Heap Roots: 0.2ms
[2022-09-06T07:36:59.384+0000][7][gc,phases   ] GC(82)   Evacuate Collection Set: 3.3ms
[2022-09-06T07:36:59.385+0000][7][gc,phases   ] GC(82)   Post Evacuate Collection Set: 1.1ms
[2022-09-06T07:36:59.385+0000][7][gc,phases   ] GC(82)   Other: 6.9ms
[2022-09-06T07:36:59.385+0000][7][gc,heap     ] GC(82) Eden regions: 28->0(28)
[2022-09-06T07:36:59.386+0000][7][gc,heap     ] GC(82) Survivor regions: 1->1(4)
[2022-09-06T07:36:59.386+0000][7][gc,heap     ] GC(82) Old regions: 20->20
[2022-09-06T07:36:59.386+0000][7][gc,heap     ] GC(82) Archive regions: 2->2
[2022-09-06T07:36:59.387+0000][7][gc,heap     ] GC(82) Humongous regions: 2->2
[2022-09-06T07:36:59.387+0000][7][gc,metaspace] GC(82) Metaspace: 99286K(103628K)->99286K(103628K) NonClass: 86459K(89600K)->86459K(89600K) Class: 12827K(14028K)->12827K(14028K)
[2022-09-06T07:36:59.388+0000][7][gc          ] GC(82) Pause Young (Concurrent Start) (G1 Evacuation Pause) 203M->91M(256M) 15.647ms
[2022-09-06T07:36:59.388+0000][7][gc,cpu      ] GC(82) User=0.02s Sys=0.00s Real=0.01s
[2022-09-06T07:36:59.388+0000][7][gc          ] GC(83) Concurrent Cycle
[2022-09-06T07:36:59.389+0000][7][gc,marking  ] GC(83) Concurrent Clear Claimed Marks
[2022-09-06T07:36:59.389+0000][7][safepoint   ] Safepoint "G1CollectForAllocation", Time since last: 598118765 ns, Reaching safepoint: 521860 ns, At safepoint: 16391562 ns, Total: 16913422 ns
[2022-09-06T07:36:59.389+0000][7][gc,marking  ] GC(83) Concurrent Clear Claimed Marks 0.407ms
[2022-09-06T07:36:59.390+0000][7][gc,marking  ] GC(83) Concurrent Scan Root Regions
[2022-09-06T07:36:59.392+0000][7][gc,marking  ] GC(83) Concurrent Scan Root Regions 2.212ms
[2022-09-06T07:36:59.392+0000][7][gc,marking  ] GC(83) Concurrent Mark (7978.616s)
[2022-09-06T07:36:59.393+0000][7][gc,marking  ] GC(83) Concurrent Mark From Roots
[2022-09-06T07:36:59.393+0000][7][gc,task     ] GC(83) Using 2 workers of 2 for marking
[2022-09-06T07:36:59.480+0000][7][gc,marking  ] GC(83) Concurrent Mark From Roots 87.269ms
[2022-09-06T07:36:59.481+0000][7][gc,marking  ] GC(83) Concurrent Preclean
[2022-09-06T07:36:59.481+0000][7][gc,marking  ] GC(83) Concurrent Preclean 0.714ms
[2022-09-06T07:36:59.482+0000][7][gc,marking  ] GC(83) Concurrent Mark (7978.616s, 7978.706s) 89.650ms
[2022-09-06T07:36:59.483+0000][7][gc,start    ] GC(83) Pause Remark
[2022-09-06T07:36:59.494+0000][7][gc          ] GC(83) Pause Remark 106M->106M(256M) 10.638ms
[2022-09-06T07:36:59.494+0000][7][gc,cpu      ] GC(83) User=0.03s Sys=0.00s Real=0.01s
[2022-09-06T07:36:59.494+0000][7][safepoint   ] Safepoint "G1Concurrent", Time since last: 93882769 ns, Reaching safepoint: 491793 ns, At safepoint: 11568891 ns, Total: 12060684 ns
[2022-09-06T07:36:59.495+0000][7][gc,marking  ] GC(83) Concurrent Rebuild Remembered Sets
[2022-09-06T07:36:59.555+0000][7][gc,marking  ] GC(83) Concurrent Rebuild Remembered Sets 59.934ms
[2022-09-06T07:36:59.556+0000][7][gc,start    ] GC(83) Pause Cleanup
[2022-09-06T07:36:59.556+0000][7][gc          ] GC(83) Pause Cleanup 115M->115M(256M) 0.576ms
[2022-09-06T07:36:59.557+0000][7][gc,cpu      ] GC(83) User=0.00s Sys=0.00s Real=0.00s
[2022-09-06T07:36:59.557+0000][7][safepoint   ] Safepoint "G1Concurrent", Time since last: 61010027 ns, Reaching safepoint: 228228 ns, At safepoint: 1339123 ns, Total: 1567351 ns
[2022-09-06T07:36:59.557+0000][7][gc,marking  ] GC(83) Concurrent Cleanup for Next Mark
[2022-09-06T07:36:59.559+0000][7][gc,marking  ] GC(83) Concurrent Cleanup for Next Mark 1.238ms
[2022-09-06T07:36:59.560+0000][7][gc          ] GC(83) Concurrent Cycle 171.160ms
[2022-09-06T07:36:59.947+0000][7][gc,start    ] GC(84) Pause Young (Normal) (G1 Evacuation Pause)
[2022-09-06T07:36:59.948+0000][7][gc,task     ] GC(84) Using 6 workers of 6 for evacuation
[2022-09-06T07:36:59.948+0000][7][gc,age      ] GC(84) Desired survivor size 8388608 bytes, new threshold 15 (max threshold 15)
[2022-09-06T07:36:59.951+0000][7][gc,age      ] GC(84) Age table with threshold 15 (max threshold 15)
[2022-09-06T07:36:59.952+0000][7][gc,age      ] GC(84) - age   1:      75712 bytes,      75712 total
[2022-09-06T07:36:59.952+0000][7][gc,age      ] GC(84) - age   2:       1112 bytes,      76824 total
[2022-09-06T07:36:59.952+0000][7][gc,age      ] GC(84) - age   3:       4720 bytes,      81544 total
[2022-09-06T07:36:59.952+0000][7][gc,age      ] GC(84) - age   4:       1352 bytes,      82896 total
[2022-09-06T07:36:59.953+0000][7][gc,age      ] GC(84) - age   5:      54512 bytes,     137408 total
[2022-09-06T07:36:59.953+0000][7][gc,age      ] GC(84) - age   6:        608 bytes,     138016 total
[2022-09-06T07:36:59.953+0000][7][gc,age      ] GC(84) - age   7:       4752 bytes,     142768 total
[2022-09-06T07:36:59.953+0000][7][gc,age      ] GC(84) - age   8:      33240 bytes,     176008 total
[2022-09-06T07:36:59.953+0000][7][gc,age      ] GC(84) - age   9:      32680 bytes,     208688 total
[2022-09-06T07:36:59.954+0000][7][gc,age      ] GC(84) - age  10:        240 bytes,     208928 total
[2022-09-06T07:36:59.954+0000][7][gc,age      ] GC(84) - age  11:      50584 bytes,     259512 total
[2022-09-06T07:36:59.954+0000][7][gc,age      ] GC(84) - age  12:      12120 bytes,     271632 total
[2022-09-06T07:36:59.954+0000][7][gc,age      ] GC(84) - age  13:       7544 bytes,     279176 total
[2022-09-06T07:36:59.954+0000][7][gc,age      ] GC(84) - age  14:       4968 bytes,     284144 total
[2022-09-06T07:36:59.955+0000][7][gc,age      ] GC(84) - age  15:       2544 bytes,     286688 total
[2022-09-06T07:36:59.955+0000][7][gc,phases   ] GC(84)   Pre Evacuate Collection Set: 0.2ms
[2022-09-06T07:36:59.955+0000][7][gc,phases   ] GC(84)   Merge Heap Roots: 0.1ms
[2022-09-06T07:36:59.955+0000][7][gc,phases   ] GC(84)   Evacuate Collection Set: 2.0ms
[2022-09-06T07:36:59.955+0000][7][gc,phases   ] GC(84)   Post Evacuate Collection Set: 0.9ms
[2022-09-06T07:36:59.958+0000][7][gc,phases   ] GC(84)   Other: 4.5ms
[2022-09-06T07:36:59.958+0000][7][gc,heap     ] GC(84) Eden regions: 28->0(28)
[2022-09-06T07:36:59.958+0000][7][gc,heap     ] GC(84) Survivor regions: 1->1(4)
[2022-09-06T07:36:59.958+0000][7][gc,heap     ] GC(84) Old regions: 20->20
[2022-09-06T07:36:59.959+0000][7][gc,heap     ] GC(84) Archive regions: 2->2
[2022-09-06T07:36:59.959+0000][7][gc,heap     ] GC(84) Humongous regions: 2->2
[2022-09-06T07:36:59.960+0000][7][gc,metaspace] GC(84) Metaspace: 99311K(103884K)->99311K(103884K) NonClass: 86484K(89856K)->86484K(89856K) Class: 12827K(14028K)->12827K(14028K)
[2022-09-06T07:36:59.960+0000][7][gc          ] GC(84) Pause Young (Normal) (G1 Evacuation Pause) 203M->91M(256M) 12.690ms
[2022-09-06T07:36:59.960+0000][7][gc,cpu      ] GC(84) User=0.01s Sys=0.00s Real=0.02s
[2022-09-06T07:36:59.961+0000][7][safepoint   ] Safepoint "G1CollectForAllocation", Time since last: 389765210 ns, Reaching safepoint: 362470 ns, At safepoint: 13366776 ns, Total: 13729246 ns
[2022-09-06T07:37:00.493+0000][7][gc,start    ] GC(85) Pause Young (Concurrent Start) (G1 Evacuation Pause)
[2022-09-06T07:37:00.496+0000][7][gc,task     ] GC(85) Using 6 workers of 6 for evacuation
[2022-09-06T07:37:00.499+0000][7][gc,age      ] GC(85) Desired survivor size 8388608 bytes, new threshold 15 (max threshold 15)
[2022-09-06T07:37:00.524+0000][7][gc,age      ] GC(85) Age table with threshold 15 (max threshold 15)
[2022-09-06T07:37:00.526+0000][7][gc,age      ] GC(85) - age   1:      72928 bytes,      72928 total
[2022-09-06T07:37:00.526+0000][7][gc,age      ] GC(85) - age   2:       2280 bytes,      75208 total
[2022-09-06T07:37:00.529+0000][7][gc,age      ] GC(85) - age   3:        624 bytes,      75832 total
[2022-09-06T07:37:00.530+0000][7][gc,age      ] GC(85) - age   4:       4688 bytes,      80520 total
[2022-09-06T07:37:00.530+0000][7][gc,age      ] GC(85) - age   5:       1352 bytes,      81872 total
[2022-09-06T07:37:00.530+0000][7][gc,age      ] GC(85) - age   6:      54512 bytes,     136384 total
[2022-09-06T07:37:00.530+0000][7][gc,age      ] GC(85) - age   7:        608 bytes,     136992 total
[2022-09-06T07:37:00.531+0000][7][gc,age      ] GC(85) - age   8:       4752 bytes,     141744 total
[2022-09-06T07:37:00.531+0000][7][gc,age      ] GC(85) - age   9:      33240 bytes,     174984 total
[2022-09-06T07:37:00.532+0000][7][gc,age      ] GC(85) - age  10:      32680 bytes,     207664 total
[2022-09-06T07:37:00.532+0000][7][gc,age      ] GC(85) - age  11:        240 bytes,     207904 total
[2022-09-06T07:37:00.532+0000][7][gc,age      ] GC(85) - age  12:      50584 bytes,     258488 total
[2022-09-06T07:37:00.532+0000][7][gc,age      ] GC(85) - age  13:      12120 bytes,     270608 total
[2022-09-06T07:37:00.533+0000][7][gc,age      ] GC(85) - age  14:       7544 bytes,     278152 total
[2022-09-06T07:37:00.533+0000][7][gc,age      ] GC(85) - age  15:       4968 bytes,     283120 total
[2022-09-06T07:37:00.533+0000][7][gc,phases   ] GC(85)   Pre Evacuate Collection Set: 0.3ms
[2022-09-06T07:37:00.534+0000][7][gc,phases   ] GC(85)   Merge Heap Roots: 0.2ms
[2022-09-06T07:37:00.535+0000][7][gc,phases   ] GC(85)   Evacuate Collection Set: 21.8ms
[2022-09-06T07:37:00.535+0000][7][gc,phases   ] GC(85)   Post Evacuate Collection Set: 1.2ms
[2022-09-06T07:37:00.536+0000][7][gc,phases   ] GC(85)   Other: 16.8ms
[2022-09-06T07:37:00.536+0000][7][gc,heap     ] GC(85) Eden regions: 28->0(28)
[2022-09-06T07:37:00.538+0000][7][gc,heap     ] GC(85) Survivor regions: 1->1(4)
[2022-09-06T07:37:00.538+0000][7][gc,heap     ] GC(85) Old regions: 20->20
[2022-09-06T07:37:00.538+0000][7][gc,heap     ] GC(85) Archive regions: 2->2
[2022-09-06T07:37:00.540+0000][7][gc,heap     ] GC(85) Humongous regions: 2->2
[2022-09-06T07:37:00.540+0000][7][gc,metaspace] GC(85) Metaspace: 99315K(103884K)->99315K(103884K) NonClass: 86488K(89856K)->86488K(89856K) Class: 12827K(14028K)->12827K(14028K)
[2022-09-06T07:37:00.541+0000][7][gc          ] GC(85) Pause Young (Concurrent Start) (G1 Evacuation Pause) 203M->91M(256M) 47.406ms
[2022-09-06T07:37:00.541+0000][7][gc,cpu      ] GC(85) User=0.06s Sys=0.00s Real=0.05s
[2022-09-06T07:37:00.542+0000][7][safepoint   ] Safepoint "G1CollectForAllocation", Time since last: 532167855 ns, Reaching safepoint: 401634 ns, At safepoint: 48703171 ns, Total: 49104805 ns
[2022-09-06T07:37:00.542+0000][7][gc          ] GC(86) Concurrent Cycle
[2022-09-06T07:37:00.543+0000][7][gc,marking  ] GC(86) Concurrent Clear Claimed Marks
[2022-09-06T07:37:00.543+0000][7][gc,marking  ] GC(86) Concurrent Clear Claimed Marks 0.670ms
[2022-09-06T07:37:00.544+0000][7][gc,marking  ] GC(86) Concurrent Scan Root Regions
[2022-09-06T07:37:00.546+0000][7][gc,marking  ] GC(86) Concurrent Scan Root Regions 1.995ms
[2022-09-06T07:37:00.546+0000][7][gc,marking  ] GC(86) Concurrent Mark (7979.770s)
[2022-09-06T07:37:00.547+0000][7][gc,marking  ] GC(86) Concurrent Mark From Roots
[2022-09-06T07:37:00.547+0000][7][gc,task     ] GC(86) Using 2 workers of 2 for marking
[2022-09-06T07:37:00.659+0000][7][gc,marking  ] GC(86) Concurrent Mark From Roots 112.387ms
[2022-09-06T07:37:00.663+0000][7][gc,marking  ] GC(86) Concurrent Preclean
[2022-09-06T07:37:00.665+0000][7][gc,marking  ] GC(86) Concurrent Preclean 1.921ms
[2022-09-06T07:37:00.666+0000][7][gc,marking  ] GC(86) Concurrent Mark (7979.770s, 7979.890s) 119.494ms
[2022-09-06T07:37:00.668+0000][7][gc,start    ] GC(86) Pause Remark
[2022-09-06T07:37:00.684+0000][7][gc          ] GC(86) Pause Remark 107M->107M(256M) 15.645ms
[2022-09-06T07:37:00.685+0000][7][gc,cpu      ] GC(86) User=0.03s Sys=0.02s Real=0.02s
[2022-09-06T07:37:00.686+0000][7][safepoint   ] Safepoint "G1Concurrent", Time since last: 125698848 ns, Reaching safepoint: 924845 ns, At safepoint: 17170915 ns, Total: 18095760 ns
[2022-09-06T07:37:00.687+0000][7][gc,marking  ] GC(86) Concurrent Rebuild Remembered Sets
[2022-09-06T07:37:00.766+0000][7][gc,marking  ] GC(86) Concurrent Rebuild Remembered Sets 79.558ms
[2022-09-06T07:37:00.767+0000][7][gc,start    ] GC(86) Pause Cleanup
[2022-09-06T07:37:00.768+0000][7][gc          ] GC(86) Pause Cleanup 120M->120M(256M) 0.554ms
[2022-09-06T07:37:00.768+0000][7][gc,cpu      ] GC(86) User=0.00s Sys=0.00s Real=0.00s
[2022-09-06T07:37:00.768+0000][7][safepoint   ] Safepoint "G1Concurrent", Time since last: 81109377 ns, Reaching safepoint: 349105 ns, At safepoint: 1351417 ns, Total: 1700522 ns
[2022-09-06T07:37:00.769+0000][7][gc,marking  ] GC(86) Concurrent Cleanup for Next Mark
[2022-09-06T07:37:00.770+0000][7][gc,marking  ] GC(86) Concurrent Cleanup for Next Mark 0.797ms
[2022-09-06T07:37:00.770+0000][7][gc          ] GC(86) Concurrent Cycle 227.881ms
[2022-09-06T07:37:01.147+0000][7][gc,start    ] GC(87) Pause Young (Normal) (G1 Evacuation Pause)
[2022-09-06T07:37:01.147+0000][7][gc,task     ] GC(87) Using 6 workers of 6 for evacuation
[2022-09-06T07:37:01.147+0000][7][gc,age      ] GC(87) Desired survivor size 8388608 bytes, new threshold 15 (max threshold 15)
[2022-09-06T07:37:01.151+0000][7][gc,age      ] GC(87) Age table with threshold 15 (max threshold 15)
[2022-09-06T07:37:01.151+0000][7][gc,age      ] GC(87) - age   1:      14592 bytes,      14592 total
[2022-09-06T07:37:01.152+0000][7][gc,age      ] GC(87) - age   2:       1864 bytes,      16456 total
[2022-09-06T07:37:01.152+0000][7][gc,age      ] GC(87) - age   3:        192 bytes,      16648 total
[2022-09-06T07:37:01.152+0000][7][gc,age      ] GC(87) - age   4:        592 bytes,      17240 total
[2022-09-06T07:37:01.152+0000][7][gc,age      ] GC(87) - age   5:       4688 bytes,      21928 total
[2022-09-06T07:37:01.153+0000][7][gc,age      ] GC(87) - age   6:       1352 bytes,      23280 total
[2022-09-06T07:37:01.153+0000][7][gc,age      ] GC(87) - age   7:      54032 bytes,      77312 total
[2022-09-06T07:37:01.153+0000][7][gc,age      ] GC(87) - age   8:        608 bytes,      77920 total
[2022-09-06T07:37:01.154+0000][7][gc,age      ] GC(87) - age   9:       4752 bytes,      82672 total
[2022-09-06T07:37:01.154+0000][7][gc,age      ] GC(87) - age  10:      33240 bytes,     115912 total
[2022-09-06T07:37:01.154+0000][7][gc,age      ] GC(87) - age  11:      32680 bytes,     148592 total
[2022-09-06T07:37:01.155+0000][7][gc,age      ] GC(87) - age  12:        240 bytes,     148832 total
[2022-09-06T07:37:01.155+0000][7][gc,age      ] GC(87) - age  13:      50584 bytes,     199416 total
[2022-09-06T07:37:01.155+0000][7][gc,age      ] GC(87) - age  14:      12120 bytes,     211536 total
[2022-09-06T07:37:01.155+0000][7][gc,age      ] GC(87) - age  15:       7544 bytes,     219080 total
[2022-09-06T07:37:01.156+0000][7][gc,phases   ] GC(87)   Pre Evacuate Collection Set: 0.2ms
[2022-09-06T07:37:01.156+0000][7][gc,phases   ] GC(87)   Merge Heap Roots: 0.2ms
[2022-09-06T07:37:01.156+0000][7][gc,phases   ] GC(87)   Evacuate Collection Set: 1.9ms
[2022-09-06T07:37:01.157+0000][7][gc,phases   ] GC(87)   Post Evacuate Collection Set: 1.2ms
[2022-09-06T07:37:01.157+0000][7][gc,phases   ] GC(87)   Other: 5.6ms
[2022-09-06T07:37:01.158+0000][7][gc,heap     ] GC(87) Eden regions: 28->0(28)
[2022-09-06T07:37:01.160+0000][7][gc,heap     ] GC(87) Survivor regions: 1->1(4)
[2022-09-06T07:37:01.160+0000][7][gc,heap     ] GC(87) Old regions: 20->20
[2022-09-06T07:37:01.161+0000][7][gc,heap     ] GC(87) Archive regions: 2->2
[2022-09-06T07:37:01.161+0000][7][gc,heap     ] GC(87) Humongous regions: 2->2
[2022-09-06T07:37:01.162+0000][7][gc,metaspace] GC(87) Metaspace: 99347K(103884K)->99347K(103884K) NonClass: 86520K(89856K)->86520K(89856K) Class: 12827K(14028K)->12827K(14028K)
[2022-09-06T07:37:01.162+0000][7][gc          ] GC(87) Pause Young (Normal) (G1 Evacuation Pause) 203M->91M(256M) 15.302ms
[2022-09-06T07:37:01.162+0000][7][gc,cpu      ] GC(87) User=0.01s Sys=0.01s Real=0.02s
[2022-09-06T07:37:01.163+0000][7][safepoint   ] Safepoint "G1CollectForAllocation", Time since last: 377840671 ns, Reaching safepoint: 393187 ns, At safepoint: 16570207 ns, Total: 16963394 ns
[2022-09-06T07:37:02.164+0000][7][safepoint   ] Safepoint "Cleanup", Time since last: 1000314593 ns, Reaching safepoint: 261762 ns, At safepoint: 9377 ns, Total: 271139 ns
[2022-09-06T07:37:02.232+0000][7][gc,start    ] GC(88) Pause Young (Concurrent Start) (G1 Evacuation Pause)
[2022-09-06T07:37:02.232+0000][7][gc,task     ] GC(88) Using 6 workers of 6 for evacuation
[2022-09-06T07:37:02.233+0000][7][gc,age      ] GC(88) Desired survivor size 8388608 bytes, new threshold 15 (max threshold 15)
[2022-09-06T07:37:02.240+0000][7][gc,age      ] GC(88) Age table with threshold 15 (max threshold 15)
[2022-09-06T07:37:02.240+0000][7][gc,age      ] GC(88) - age   1:      28720 bytes,      28720 total
[2022-09-06T07:37:02.240+0000][7][gc,age      ] GC(88) - age   2:       3184 bytes,      31904 total
[2022-09-06T07:37:02.240+0000][7][gc,age      ] GC(88) - age   3:        344 bytes,      32248 total
[2022-09-06T07:37:02.241+0000][7][gc,age      ] GC(88) - age   4:        192 bytes,      32440 total
[2022-09-06T07:37:02.241+0000][7][gc,age      ] GC(88) - age   5:        560 bytes,      33000 total
[2022-09-06T07:37:02.241+0000][7][gc,age      ] GC(88) - age   6:       4688 bytes,      37688 total
[2022-09-06T07:37:02.241+0000][7][gc,age      ] GC(88) - age   7:       1320 bytes,      39008 total
[2022-09-06T07:37:02.242+0000][7][gc,age      ] GC(88) - age   8:      54000 bytes,      93008 total
[2022-09-06T07:37:02.242+0000][7][gc,age      ] GC(88) - age   9:        608 bytes,      93616 total
[2022-09-06T07:37:02.243+0000][7][gc,age      ] GC(88) - age  10:       4752 bytes,      98368 total
[2022-09-06T07:37:02.243+0000][7][gc,age      ] GC(88) - age  11:      33240 bytes,     131608 total
[2022-09-06T07:37:02.243+0000][7][gc,age      ] GC(88) - age  12:      32680 bytes,     164288 total
[2022-09-06T07:37:02.243+0000][7][gc,age      ] GC(88) - age  13:        240 bytes,     164528 total
[2022-09-06T07:37:02.244+0000][7][gc,age      ] GC(88) - age  14:      50584 bytes,     215112 total
[2022-09-06T07:37:02.244+0000][7][gc,age      ] GC(88) - age  15:      12120 bytes,     227232 total
[2022-09-06T07:37:02.244+0000][7][gc,phases   ] GC(88)   Pre Evacuate Collection Set: 0.5ms
[2022-09-06T07:37:02.244+0000][7][gc,phases   ] GC(88)   Merge Heap Roots: 0.2ms
[2022-09-06T07:37:02.245+0000][7][gc,phases   ] GC(88)   Evacuate Collection Set: 3.3ms
[2022-09-06T07:37:02.245+0000][7][gc,phases   ] GC(88)   Post Evacuate Collection Set: 1.7ms
[2022-09-06T07:37:02.245+0000][7][gc,phases   ] GC(88)   Other: 7.2ms
[2022-09-06T07:37:02.246+0000][7][gc,heap     ] GC(88) Eden regions: 28->0(28)
[2022-09-06T07:37:02.247+0000][7][gc,heap     ] GC(88) Survivor regions: 1->1(4)
[2022-09-06T07:37:02.247+0000][7][gc,heap     ] GC(88) Old regions: 20->20
[2022-09-06T07:37:02.248+0000][7][gc,heap     ] GC(88) Archive regions: 2->2
[2022-09-06T07:37:02.249+0000][7][gc,heap     ] GC(88) Humongous regions: 2->2
[2022-09-06T07:37:02.249+0000][7][gc,metaspace] GC(88) Metaspace: 99355K(103884K)->99355K(103884K) NonClass: 86527K(89856K)->86527K(89856K) Class: 12827K(14028K)->12827K(14028K)
[2022-09-06T07:37:02.250+0000][7][gc          ] GC(88) Pause Young (Concurrent Start) (G1 Evacuation Pause) 203M->91M(256M) 18.331ms
[2022-09-06T07:37:02.250+0000][7][gc,cpu      ] GC(88) User=0.01s Sys=0.01s Real=0.02s
[2022-09-06T07:37:02.250+0000][7][gc          ] GC(89) Concurrent Cycle
[2022-09-06T07:37:02.251+0000][7][safepoint   ] Safepoint "G1CollectForAllocation", Time since last: 67248856 ns, Reaching safepoint: 247995 ns, At safepoint: 19261327 ns, Total: 19509322 ns
[2022-09-06T07:37:02.251+0000][7][gc,marking  ] GC(89) Concurrent Clear Claimed Marks
[2022-09-06T07:37:02.252+0000][7][gc,marking  ] GC(89) Concurrent Clear Claimed Marks 0.650ms
[2022-09-06T07:37:02.252+0000][7][gc,marking  ] GC(89) Concurrent Scan Root Regions
[2022-09-06T07:37:02.255+0000][7][gc,marking  ] GC(89) Concurrent Scan Root Regions 2.216ms
[2022-09-06T07:37:02.255+0000][7][gc,marking  ] GC(89) Concurrent Mark (7981.479s)
[2022-09-06T07:37:02.255+0000][7][gc,marking  ] GC(89) Concurrent Mark From Roots
[2022-09-06T07:37:02.256+0000][7][gc,task     ] GC(89) Using 2 workers of 2 for marking
[2022-09-06T07:37:02.455+0000][7][gc,marking  ] GC(89) Concurrent Mark From Roots 199.267ms
[2022-09-06T07:37:02.456+0000][7][gc,marking  ] GC(89) Concurrent Preclean
[2022-09-06T07:37:02.456+0000][7][gc,marking  ] GC(89) Concurrent Preclean 0.704ms
[2022-09-06T07:37:02.457+0000][7][gc,marking  ] GC(89) Concurrent Mark (7981.479s, 7981.681s) 202.004ms
[2022-09-06T07:37:02.459+0000][7][gc,start    ] GC(89) Pause Remark
[2022-09-06T07:37:02.470+0000][7][gc          ] GC(89) Pause Remark 105M->105M(256M) 10.855ms
[2022-09-06T07:37:02.470+0000][7][gc,cpu      ] GC(89) User=0.04s Sys=0.00s Real=0.02s
[2022-09-06T07:37:02.470+0000][7][safepoint   ] Safepoint "G1Concurrent", Time since last: 207105083 ns, Reaching safepoint: 1087711 ns, At safepoint: 11695940 ns, Total: 12783651 ns
[2022-09-06T07:37:02.471+0000][7][gc,marking  ] GC(89) Concurrent Rebuild Remembered Sets
[2022-09-06T07:37:02.561+0000][7][gc,marking  ] GC(89) Concurrent Rebuild Remembered Sets 90.593ms
[2022-09-06T07:37:02.563+0000][7][gc,start    ] GC(89) Pause Cleanup
[2022-09-06T07:37:02.565+0000][7][gc          ] GC(89) Pause Cleanup 114M->114M(256M) 1.999ms
[2022-09-06T07:37:02.566+0000][7][gc,cpu      ] GC(89) User=0.00s Sys=0.00s Real=0.00s
[2022-09-06T07:37:02.566+0000][7][safepoint   ] Safepoint "G1Concurrent", Time since last: 92373777 ns, Reaching safepoint: 437160 ns, At safepoint: 2808170 ns, Total: 3245330 ns
[2022-09-06T07:37:02.566+0000][7][gc,marking  ] GC(89) Concurrent Cleanup for Next Mark
[2022-09-06T07:37:02.573+0000][7][gc,marking  ] GC(89) Concurrent Cleanup for Next Mark 6.096ms
[2022-09-06T07:37:02.573+0000][7][gc          ] GC(89) Concurrent Cycle 322.721ms
[2022-09-06T07:41:03.672+0000][7][safepoint   ] Safepoint "Cleanup", Time since last: 7319016102 ns, Reaching safepoint: 214333 ns, At safepoint: 6612 ns, Total: 220945 ns
[2022-09-06T07:41:05.194+0000][7][gc,start    ] GC(90) Pause Young (Normal) (G1 Evacuation Pause)
[2022-09-06T07:41:05.195+0000][7][gc,task     ] GC(90) Using 6 workers of 6 for evacuation
[2022-09-06T07:41:05.195+0000][7][gc,age      ] GC(90) Desired survivor size 8388608 bytes, new threshold 15 (max threshold 15)
[2022-09-06T07:41:05.198+0000][7][gc,age      ] GC(90) Age table with threshold 15 (max threshold 15)
[2022-09-06T07:41:05.198+0000][7][gc,age      ] GC(90) - age   1:      38688 bytes,      38688 total
[2022-09-06T07:41:05.199+0000][7][gc,age      ] GC(90) - age   2:      25776 bytes,      64464 total
[2022-09-06T07:41:05.199+0000][7][gc,age      ] GC(90) - age   3:       2704 bytes,      67168 total
[2022-09-06T07:41:05.199+0000][7][gc,age      ] GC(90) - age   4:        344 bytes,      67512 total
[2022-09-06T07:41:05.199+0000][7][gc,age      ] GC(90) - age   5:        192 bytes,      67704 total
[2022-09-06T07:41:05.200+0000][7][gc,age      ] GC(90) - age   6:        560 bytes,      68264 total
[2022-09-06T07:41:05.200+0000][7][gc,age      ] GC(90) - age   7:       4584 bytes,      72848 total
[2022-09-06T07:41:05.200+0000][7][gc,age      ] GC(90) - age   8:       1288 bytes,      74136 total
[2022-09-06T07:41:05.200+0000][7][gc,age      ] GC(90) - age   9:      53624 bytes,     127760 total
[2022-09-06T07:41:05.200+0000][7][gc,age      ] GC(90) - age  10:        608 bytes,     128368 total
[2022-09-06T07:41:05.200+0000][7][gc,age      ] GC(90) - age  11:       4752 bytes,     133120 total
[2022-09-06T07:41:05.200+0000][7][gc,age      ] GC(90) - age  12:      33240 bytes,     166360 total
[2022-09-06T07:41:05.201+0000][7][gc,age      ] GC(90) - age  13:      32680 bytes,     199040 total
[2022-09-06T07:41:05.201+0000][7][gc,age      ] GC(90) - age  14:        240 bytes,     199280 total
[2022-09-06T07:41:05.201+0000][7][gc,age      ] GC(90) - age  15:      50584 bytes,     249864 total
[2022-09-06T07:41:05.201+0000][7][gc,phases   ] GC(90)   Pre Evacuate Collection Set: 0.1ms
[2022-09-06T07:41:05.201+0000][7][gc,phases   ] GC(90)   Merge Heap Roots: 0.1ms
[2022-09-06T07:41:05.201+0000][7][gc,phases   ] GC(90)   Evacuate Collection Set: 1.3ms
[2022-09-06T07:41:05.202+0000][7][gc,phases   ] GC(90)   Post Evacuate Collection Set: 0.8ms
[2022-09-06T07:41:05.202+0000][7][gc,phases   ] GC(90)   Other: 4.4ms
[2022-09-06T07:41:05.202+0000][7][gc,heap     ] GC(90) Eden regions: 28->0(28)
[2022-09-06T07:41:05.202+0000][7][gc,heap     ] GC(90) Survivor regions: 1->1(4)
[2022-09-06T07:41:05.202+0000][7][gc,heap     ] GC(90) Old regions: 20->20
[2022-09-06T07:41:05.203+0000][7][gc,heap     ] GC(90) Archive regions: 2->2
[2022-09-06T07:41:05.203+0000][7][gc,heap     ] GC(90) Humongous regions: 2->2
[2022-09-06T07:41:05.203+0000][7][gc,metaspace] GC(90) Metaspace: 99369K(103884K)->99369K(103884K) NonClass: 86538K(89856K)->86538K(89856K) Class: 12831K(14028K)->12831K(14028K)
[2022-09-06T07:41:05.204+0000][7][gc          ] GC(90) Pause Young (Normal) (G1 Evacuation Pause) 203M->91M(256M) 9.214ms
[2022-09-06T07:41:05.204+0000][7][gc,cpu      ] GC(90) User=0.01s Sys=0.01s Real=0.01s
[2022-09-06T07:41:05.204+0000][7][safepoint   ] Safepoint "G1CollectForAllocation", Time since last: 1522473494 ns, Reaching safepoint: 217429 ns, At safepoint: 10158905 ns, Total: 10376334 ns
[2022-09-06T07:41:06.205+0000][7][safepoint   ] Safepoint "Cleanup", Time since last: 1000341684 ns, Reaching safepoint: 218630 ns, At safepoint: 162184 ns, Total: 380814 ns
[2022-09-06T07:41:06.715+0000][7][gc,start    ] GC(91) Pause Young (Concurrent Start) (G1 Evacuation Pause)
[2022-09-06T07:41:06.716+0000][7][gc,task     ] GC(91) Using 6 workers of 6 for evacuation
[2022-09-06T07:41:06.716+0000][7][gc,age      ] GC(91) Desired survivor size 8388608 bytes, new threshold 15 (max threshold 15)
[2022-09-06T07:41:06.718+0000][7][gc,age      ] GC(91) Age table with threshold 15 (max threshold 15)
[2022-09-06T07:41:06.719+0000][7][gc,age      ] GC(91) - age   1:       6312 bytes,       6312 total
[2022-09-06T07:41:06.719+0000][7][gc,age      ] GC(91) - age   2:      28912 bytes,      35224 total
[2022-09-06T07:41:06.719+0000][7][gc,age      ] GC(91) - age   3:      25776 bytes,      61000 total
[2022-09-06T07:41:06.719+0000][7][gc,age      ] GC(91) - age   4:       2672 bytes,      63672 total
[2022-09-06T07:41:06.719+0000][7][gc,age      ] GC(91) - age   5:        344 bytes,      64016 total
[2022-09-06T07:41:06.719+0000][7][gc,age      ] GC(91) - age   6:        160 bytes,      64176 total
[2022-09-06T07:41:06.719+0000][7][gc,age      ] GC(91) - age   7:        560 bytes,      64736 total
[2022-09-06T07:41:06.720+0000][7][gc,age      ] GC(91) - age   8:       4584 bytes,      69320 total
[2022-09-06T07:41:06.720+0000][7][gc,age      ] GC(91) - age   9:       1288 bytes,      70608 total
[2022-09-06T07:41:06.720+0000][7][gc,age      ] GC(91) - age  10:      53624 bytes,     124232 total
[2022-09-06T07:41:06.720+0000][7][gc,age      ] GC(91) - age  11:        608 bytes,     124840 total
[2022-09-06T07:41:06.720+0000][7][gc,age      ] GC(91) - age  12:       4752 bytes,     129592 total
[2022-09-06T07:41:06.720+0000][7][gc,age      ] GC(91) - age  13:      33240 bytes,     162832 total
[2022-09-06T07:41:06.721+0000][7][gc,age      ] GC(91) - age  14:      32680 bytes,     195512 total
[2022-09-06T07:41:06.721+0000][7][gc,age      ] GC(91) - age  15:        240 bytes,     195752 total
[2022-09-06T07:41:06.721+0000][7][gc,phases   ] GC(91)   Pre Evacuate Collection Set: 0.2ms
[2022-09-06T07:41:06.721+0000][7][gc,phases   ] GC(91)   Merge Heap Roots: 0.1ms
[2022-09-06T07:41:06.721+0000][7][gc,phases   ] GC(91)   Evacuate Collection Set: 1.2ms
[2022-09-06T07:41:06.721+0000][7][gc,phases   ] GC(91)   Post Evacuate Collection Set: 0.7ms
[2022-09-06T07:41:06.722+0000][7][gc,phases   ] GC(91)   Other: 3.5ms
[2022-09-06T07:41:06.722+0000][7][gc,heap     ] GC(91) Eden regions: 28->0(28)
[2022-09-06T07:41:06.722+0000][7][gc,heap     ] GC(91) Survivor regions: 1->1(4)
[2022-09-06T07:41:06.722+0000][7][gc,heap     ] GC(91) Old regions: 20->20
[2022-09-06T07:41:06.722+0000][7][gc,heap     ] GC(91) Archive regions: 2->2
[2022-09-06T07:41:06.722+0000][7][gc,heap     ] GC(91) Humongous regions: 2->2
[2022-09-06T07:41:06.723+0000][7][gc,metaspace] GC(91) Metaspace: 99371K(103884K)->99371K(103884K) NonClass: 86539K(89856K)->86539K(89856K) Class: 12831K(14028K)->12831K(14028K)
[2022-09-06T07:41:06.723+0000][7][gc          ] GC(91) Pause Young (Concurrent Start) (G1 Evacuation Pause) 203M->91M(256M) 7.494ms
[2022-09-06T07:41:06.723+0000][7][gc,cpu      ] GC(91) User=0.00s Sys=0.01s Real=0.01s
[2022-09-06T07:41:06.723+0000][7][gc          ] GC(92) Concurrent Cycle
[2022-09-06T07:41:06.723+0000][7][safepoint   ] Safepoint "G1CollectForAllocation", Time since last: 509811019 ns, Reaching safepoint: 253655 ns, At safepoint: 7932528 ns, Total: 8186183 ns
[2022-09-06T07:41:06.723+0000][7][gc,marking  ] GC(92) Concurrent Clear Claimed Marks
[2022-09-06T07:41:06.724+0000][7][gc,marking  ] GC(92) Concurrent Clear Claimed Marks 0.480ms
[2022-09-06T07:41:06.724+0000][7][gc,marking  ] GC(92) Concurrent Scan Root Regions
[2022-09-06T07:41:06.725+0000][7][gc,marking  ] GC(92) Concurrent Scan Root Regions 1.227ms
[2022-09-06T07:41:06.726+0000][7][gc,marking  ] GC(92) Concurrent Mark (7992.163s)
[2022-09-06T07:41:06.726+0000][7][gc,marking  ] GC(92) Concurrent Mark From Roots
[2022-09-06T07:41:06.726+0000][7][gc,task     ] GC(92) Using 2 workers of 2 for marking
[2022-09-06T07:41:06.796+0000][7][gc,marking  ] GC(92) Concurrent Mark From Roots 70.218ms
[2022-09-06T07:41:06.797+0000][7][gc,marking  ] GC(92) Concurrent Preclean
[2022-09-06T07:41:06.798+0000][7][gc,marking  ] GC(92) Concurrent Preclean 0.936ms
[2022-09-06T07:41:06.798+0000][7][gc,marking  ] GC(92) Concurrent Mark (7992.163s, 7992.236s) 72.344ms
[2022-09-06T07:41:06.798+0000][7][gc,start    ] GC(92) Pause Remark
[2022-09-06T07:41:06.809+0000][7][gc          ] GC(92) Pause Remark 96M->96M(256M) 10.152ms
[2022-09-06T07:41:06.809+0000][7][gc,cpu      ] GC(92) User=0.03s Sys=0.00s Real=0.01s
[2022-09-06T07:41:06.809+0000][7][safepoint   ] Safepoint "G1Concurrent", Time since last: 75063421 ns, Reaching safepoint: 229049 ns, At safepoint: 10791653 ns, Total: 11020702 ns
[2022-09-06T07:41:06.809+0000][7][gc,marking  ] GC(92) Concurrent Rebuild Remembered Sets
[2022-09-06T07:41:06.844+0000][7][gc,marking  ] GC(92) Concurrent Rebuild Remembered Sets 34.439ms
[2022-09-06T07:41:06.844+0000][7][gc,start    ] GC(92) Pause Cleanup
[2022-09-06T07:41:06.845+0000][7][gc          ] GC(92) Pause Cleanup 96M->96M(256M) 0.359ms
[2022-09-06T07:41:06.845+0000][7][gc,cpu      ] GC(92) User=0.00s Sys=0.00s Real=0.00s
[2022-09-06T07:41:06.846+0000][7][safepoint   ] Safepoint "G1Concurrent", Time since last: 34982081 ns, Reaching safepoint: 228659 ns, At safepoint: 1300410 ns, Total: 1529069 ns
[2022-09-06T07:41:06.846+0000][7][gc,marking  ] GC(92) Concurrent Cleanup for Next Mark
[2022-09-06T07:41:06.847+0000][7][gc,marking  ] GC(92) Concurrent Cleanup for Next Mark 0.894ms
[2022-09-06T07:41:06.847+0000][7][gc          ] GC(92) Concurrent Cycle 124.387ms
[2022-09-06T07:41:57.854+0000][7][safepoint   ] Safepoint "Cleanup", Time since last: 51007646045 ns, Reaching safepoint: 246443 ns, At safepoint: 42600 ns, Total: 289043 ns
[2022-09-06T07:42:20.858+0000][7][safepoint   ] Safepoint "Cleanup", Time since last: 23003688308 ns, Reaching safepoint: 356459 ns, At safepoint: 25758 ns, Total: 382217 ns
[2022-09-06T07:43:21.867+0000][7][safepoint   ] Safepoint "Cleanup", Time since last: 61009105238 ns, Reaching safepoint: 199444 ns, At safepoint: 5070 ns, Total: 204514 ns
[2022-09-06T07:43:31.869+0000][7][safepoint   ] Safepoint "Cleanup", Time since last: 10001714983 ns, Reaching safepoint: 184366 ns, At safepoint: 28724 ns, Total: 213090 ns
[2022-09-06T07:44:01.517+0000][7][gc,start    ] GC(93) Pause Young (Normal) (G1 Evacuation Pause)
[2022-09-06T07:44:01.517+0000][7][gc,task     ] GC(93) Using 6 workers of 6 for evacuation
[2022-09-06T07:44:01.517+0000][7][gc,age      ] GC(93) Desired survivor size 8388608 bytes, new threshold 15 (max threshold 15)
[2022-09-06T07:44:01.521+0000][7][gc,age      ] GC(93) Age table with threshold 15 (max threshold 15)
[2022-09-06T07:44:01.521+0000][7][gc,age      ] GC(93) - age   1:     119192 bytes,     119192 total
[2022-09-06T07:44:01.521+0000][7][gc,age      ] GC(93) - age   3:      27984 bytes,     147176 total
[2022-09-06T07:44:01.522+0000][7][gc,age      ] GC(93) - age   4:      24256 bytes,     171432 total
[2022-09-06T07:44:01.522+0000][7][gc,age      ] GC(93) - age   5:       2672 bytes,     174104 total
[2022-09-06T07:44:01.522+0000][7][gc,age      ] GC(93) - age   6:        344 bytes,     174448 total
[2022-09-06T07:44:01.522+0000][7][gc,age      ] GC(93) - age   7:        160 bytes,     174608 total
[2022-09-06T07:44:01.523+0000][7][gc,age      ] GC(93) - age   8:        560 bytes,     175168 total
[2022-09-06T07:44:01.523+0000][7][gc,age      ] GC(93) - age   9:       4584 bytes,     179752 total
[2022-09-06T07:44:01.523+0000][7][gc,age      ] GC(93) - age  10:       1288 bytes,     181040 total
[2022-09-06T07:44:01.524+0000][7][gc,age      ] GC(93) - age  11:      48104 bytes,     229144 total
[2022-09-06T07:44:01.524+0000][7][gc,age      ] GC(93) - age  12:        608 bytes,     229752 total
[2022-09-06T07:44:01.524+0000][7][gc,age      ] GC(93) - age  13:       4752 bytes,     234504 total
[2022-09-06T07:44:01.525+0000][7][gc,age      ] GC(93) - age  14:      33240 bytes,     267744 total
[2022-09-06T07:44:01.525+0000][7][gc,age      ] GC(93) - age  15:      32680 bytes,     300424 total
[2022-09-06T07:44:01.525+0000][7][gc,phases   ] GC(93)   Pre Evacuate Collection Set: 0.3ms
[2022-09-06T07:44:01.525+0000][7][gc,phases   ] GC(93)   Merge Heap Roots: 0.1ms
[2022-09-06T07:44:01.526+0000][7][gc,phases   ] GC(93)   Evacuate Collection Set: 1.2ms
[2022-09-06T07:44:01.526+0000][7][gc,phases   ] GC(93)   Post Evacuate Collection Set: 1.2ms
[2022-09-06T07:44:01.526+0000][7][gc,phases   ] GC(93)   Other: 5.7ms
[2022-09-06T07:44:01.527+0000][7][gc,heap     ] GC(93) Eden regions: 28->0(28)
[2022-09-06T07:44:01.527+0000][7][gc,heap     ] GC(93) Survivor regions: 1->1(4)
[2022-09-06T07:44:01.528+0000][7][gc,heap     ] GC(93) Old regions: 20->20
[2022-09-06T07:44:01.528+0000][7][gc,heap     ] GC(93) Archive regions: 2->2
[2022-09-06T07:44:01.528+0000][7][gc,heap     ] GC(93) Humongous regions: 2->2
[2022-09-06T07:44:01.529+0000][7][gc,metaspace] GC(93) Metaspace: 99375K(103884K)->99375K(103884K) NonClass: 86543K(89856K)->86543K(89856K) Class: 12831K(14028K)->12831K(14028K)
[2022-09-06T07:44:01.529+0000][7][gc          ] GC(93) Pause Young (Normal) (G1 Evacuation Pause) 203M->91M(256M) 12.313ms
[2022-09-06T07:44:01.529+0000][7][gc,cpu      ] GC(93) User=0.01s Sys=0.00s Real=0.01s
[2022-09-06T07:44:01.530+0000][7][safepoint   ] Safepoint "G1CollectForAllocation", Time since last: 29647421933 ns, Reaching safepoint: 252604 ns, At safepoint: 13249746 ns, Total: 13502350 ns
[2022-09-06T07:45:01.530+0000][7][safepoint   ] Safepoint "Cleanup", Time since last: 60007841883 ns, Reaching safepoint: 260569 ns, At safepoint: 17183 ns, Total: 277752 ns
[2022-09-06T07:50:24.260+0000][7][safepoint   ] Safepoint "Cleanup", Time since last: 322627294984 ns, Reaching safepoint: 2961208 ns, At safepoint: 21390 ns, Total: 2982598 ns
[2022-09-06T07:50:24.375+0000][7][gc,start    ] GC(94) Pause Young (Concurrent Start) (G1 Evacuation Pause)
[2022-09-06T07:50:24.377+0000][7][gc,task     ] GC(94) Using 6 workers of 6 for evacuation
[2022-09-06T07:50:24.377+0000][7][gc,age      ] GC(94) Desired survivor size 8388608 bytes, new threshold 15 (max threshold 15)
[2022-09-06T07:50:24.384+0000][7][gc,age      ] GC(94) Age table with threshold 15 (max threshold 15)
[2022-09-06T07:50:24.384+0000][7][gc,age      ] GC(94) - age   1:      45200 bytes,      45200 total
[2022-09-06T07:50:24.385+0000][7][gc,age      ] GC(94) - age   2:      37952 bytes,      83152 total
[2022-09-06T07:50:24.385+0000][7][gc,age      ] GC(94) - age   4:      13584 bytes,      96736 total
[2022-09-06T07:50:24.386+0000][7][gc,age      ] GC(94) - age   5:      24256 bytes,     120992 total
[2022-09-06T07:50:24.386+0000][7][gc,age      ] GC(94) - age   6:       2672 bytes,     123664 total
[2022-09-06T07:50:24.386+0000][7][gc,age      ] GC(94) - age   7:        344 bytes,     124008 total
[2022-09-06T07:50:24.387+0000][7][gc,age      ] GC(94) - age   8:        160 bytes,     124168 total
[2022-09-06T07:50:24.387+0000][7][gc,age      ] GC(94) - age   9:        560 bytes,     124728 total
[2022-09-06T07:50:24.387+0000][7][gc,age      ] GC(94) - age  10:       4584 bytes,     129312 total
[2022-09-06T07:50:24.388+0000][7][gc,age      ] GC(94) - age  11:       1288 bytes,     130600 total
[2022-09-06T07:50:24.389+0000][7][gc,age      ] GC(94) - age  12:      47976 bytes,     178576 total
[2022-09-06T07:50:24.389+0000][7][gc,age      ] GC(94) - age  13:        608 bytes,     179184 total
[2022-09-06T07:50:24.390+0000][7][gc,age      ] GC(94) - age  14:       4752 bytes,     183936 total
[2022-09-06T07:50:24.391+0000][7][gc,age      ] GC(94) - age  15:      33240 bytes,     217176 total
[2022-09-06T07:50:24.393+0000][7][gc,phases   ] GC(94)   Pre Evacuate Collection Set: 0.5ms
[2022-09-06T07:50:24.394+0000][7][gc,phases   ] GC(94)   Merge Heap Roots: 0.2ms
[2022-09-06T07:50:24.395+0000][7][gc,phases   ] GC(94)   Evacuate Collection Set: 2.1ms
[2022-09-06T07:50:24.395+0000][7][gc,phases   ] GC(94)   Post Evacuate Collection Set: 3.2ms
[2022-09-06T07:50:24.395+0000][7][gc,phases   ] GC(94)   Other: 11.1ms
[2022-09-06T07:50:24.396+0000][7][gc,heap     ] GC(94) Eden regions: 28->0(28)
[2022-09-06T07:50:24.397+0000][7][gc,heap     ] GC(94) Survivor regions: 1->1(4)
[2022-09-06T07:50:24.398+0000][7][gc,heap     ] GC(94) Old regions: 20->20
[2022-09-06T07:50:24.398+0000][7][gc,heap     ] GC(94) Archive regions: 2->2
[2022-09-06T07:50:24.398+0000][7][gc,heap     ] GC(94) Humongous regions: 2->2
[2022-09-06T07:50:24.399+0000][7][gc,metaspace] GC(94) Metaspace: 99380K(103884K)->99380K(103884K) NonClass: 86549K(89856K)->86549K(89856K) Class: 12831K(14028K)->12831K(14028K)
[2022-09-06T07:50:24.399+0000][7][gc          ] GC(94) Pause Young (Concurrent Start) (G1 Evacuation Pause) 203M->91M(256M) 23.612ms
[2022-09-06T07:50:24.399+0000][7][gc,cpu      ] GC(94) User=0.01s Sys=0.00s Real=0.03s
[2022-09-06T07:50:24.400+0000][7][gc          ] GC(95) Concurrent Cycle
[2022-09-06T07:50:24.401+0000][7][gc,marking  ] GC(95) Concurrent Clear Claimed Marks
[2022-09-06T07:50:24.403+0000][7][gc,marking  ] GC(95) Concurrent Clear Claimed Marks 1.385ms
[2022-09-06T07:50:24.404+0000][7][gc,marking  ] GC(95) Concurrent Scan Root Regions
[2022-09-06T07:50:24.400+0000][7][safepoint   ] Safepoint "G1CollectForAllocation", Time since last: 114554343 ns, Reaching safepoint: 1049369 ns, At safepoint: 24779423 ns, Total: 25828792 ns
[2022-09-06T07:50:24.407+0000][7][gc,marking  ] GC(95) Concurrent Scan Root Regions 3.336ms
[2022-09-06T07:50:24.408+0000][7][gc,marking  ] GC(95) Concurrent Mark (8549.754s)
[2022-09-06T07:50:24.409+0000][7][gc,marking  ] GC(95) Concurrent Mark From Roots
[2022-09-06T07:50:24.410+0000][7][gc,task     ] GC(95) Using 2 workers of 2 for marking
[2022-09-06T07:50:24.541+0000][7][gc,marking  ] GC(95) Concurrent Mark From Roots 132.008ms
[2022-09-06T07:50:24.541+0000][7][gc,marking  ] GC(95) Concurrent Preclean
[2022-09-06T07:50:24.542+0000][7][gc,marking  ] GC(95) Concurrent Preclean 0.890ms
[2022-09-06T07:50:24.543+0000][7][gc,marking  ] GC(95) Concurrent Mark (8549.754s, 8549.889s) 134.755ms
[2022-09-06T07:50:24.546+0000][7][gc,start    ] GC(95) Pause Remark
[2022-09-06T07:50:25.332+0000][7][gc,mmu      ] GC(95) MMU target violated: 201.0ms (200.0ms/201.0ms)
[2022-09-06T07:50:25.332+0000][7][gc          ] GC(95) Pause Remark 109M->109M(256M) 786.605ms
[2022-09-06T07:50:25.333+0000][7][gc,cpu      ] GC(95) User=2.82s Sys=0.27s Real=0.79s
[2022-09-06T07:50:25.335+0000][7][safepoint   ] Safepoint "G1Concurrent", Time since last: 143352509 ns, Reaching safepoint: 2089081 ns, At safepoint: 789398268 ns, Total: 791487349 ns
[2022-09-06T07:50:25.338+0000][7][gc,marking  ] GC(95) Concurrent Rebuild Remembered Sets
[2022-09-06T07:50:25.452+0000][7][gc,marking  ] GC(95) Concurrent Rebuild Remembered Sets 114.390ms
[2022-09-06T07:50:25.795+0000][7][gc,start    ] GC(95) Pause Cleanup
[2022-09-06T07:50:25.796+0000][7][gc          ] GC(95) Pause Cleanup 116M->116M(256M) 0.712ms
[2022-09-06T07:50:25.796+0000][7][gc,cpu      ] GC(95) User=0.00s Sys=0.00s Real=0.00s
[2022-09-06T07:50:25.796+0000][7][safepoint   ] Safepoint "G1Concurrent", Time since last: 118341911 ns, Reaching safepoint: 341557248 ns, At safepoint: 1559376 ns, Total: 343116624 ns
[2022-09-06T07:50:25.797+0000][7][gc,marking  ] GC(95) Concurrent Cleanup for Next Mark
[2022-09-06T07:50:25.798+0000][7][gc,marking  ] GC(95) Concurrent Cleanup for Next Mark 1.156ms
[2022-09-06T07:50:25.799+0000][7][gc          ] GC(95) Concurrent Cycle 1398.694ms
[2022-09-06T07:50:26.888+0000][7][safepoint   ] Safepoint "Cleanup", Time since last: 1090852816 ns, Reaching safepoint: 222557 ns, At safepoint: 36319 ns, Total: 258876 ns
[2022-09-06T07:50:28.888+0000][7][safepoint   ] Safepoint "Cleanup", Time since last: 2000744892 ns, Reaching safepoint: 177704 ns, At safepoint: 7554 ns, Total: 185258 ns
[2022-09-06T07:50:29.891+0000][7][safepoint   ] Safepoint "Cleanup", Time since last: 1001656290 ns, Reaching safepoint: 356700 ns, At safepoint: 45896 ns, Total: 402596 ns
[2022-09-06T07:50:33.896+0000][7][safepoint   ] Safepoint "Cleanup", Time since last: 4004971230 ns, Reaching safepoint: 237456 ns, At safepoint: 33142 ns, Total: 270598 ns
[2022-09-06T07:50:40.897+0000][7][safepoint   ] Safepoint "Cleanup", Time since last: 7001360129 ns, Reaching safepoint: 198203 ns, At safepoint: 9738 ns, Total: 207941 ns
[2022-09-06T07:50:48.547+0000][7][gc,heap,exit] Heap
[2022-09-06T07:50:48.547+0000][7][gc,heap,exit]  garbage-first heap   total 262144K, used 199927K [0x00000000f0000000, 0x0000000100000000)
[2022-09-06T07:50:48.547+0000][7][gc,heap,exit]   region size 4096K, 29 young (118784K), 1 survivors (4096K)
[2022-09-06T07:50:48.548+0000][7][gc,heap,exit]  Metaspace       used 99567K, capacity 103001K, committed 104140K, reserved 1138688K
[2022-09-06T07:50:48.548+0000][7][gc,heap,exit]   class space    used 12869K, capacity 13932K, committed 14028K, reserved 1048576K
