[2022-09-08T03:59:29.100+0000][7][gc] Using G1
[2022-09-08T03:59:29.380+0000][7][gc,init] Version: 15.0.1+9 (release)
[2022-09-08T03:59:29.380+0000][7][gc,init] CPUs: 6 total, 6 available
[2022-09-08T03:59:29.380+0000][7][gc,init] Memory: 5874M
[2022-09-08T03:59:29.381+0000][7][gc,init] Large Page Support: Disabled
[2022-09-08T03:59:29.381+0000][7][gc,init] NUMA Support: Disabled
[2022-09-08T03:59:29.381+0000][7][gc,init] Compressed Oops: Enabled (32-bit)
[2022-09-08T03:59:29.382+0000][7][gc,init] Heap Region Size: 4M
[2022-09-08T03:59:29.382+0000][7][gc,init] Heap Min Capacity: 256M
[2022-09-08T03:59:29.382+0000][7][gc,init] Heap Initial Capacity: 256M
[2022-09-08T03:59:29.383+0000][7][gc,init] Heap Max Capacity: 256M
[2022-09-08T03:59:29.383+0000][7][gc,init] Pre-touch: Enabled
[2022-09-08T03:59:29.383+0000][7][gc,init] Parallel Workers: 6
[2022-09-08T03:59:29.383+0000][7][gc,init] Concurrent Workers: 2
[2022-09-08T03:59:29.384+0000][7][gc,init] Concurrent Refinement Workers: 6
[2022-09-08T03:59:29.384+0000][7][gc,init] Periodic GC: Disabled
[2022-09-08T03:59:29.385+0000][7][gc,cds ] Mark closed archive regions in map: [0x00000000ffc00000, 0x00000000ffc7bff8]
[2022-09-08T03:59:29.385+0000][7][gc,cds ] Mark open archive regions in map: [0x00000000ffb00000, 0x00000000ffb51ff8]
[2022-09-08T03:59:29.385+0000][7][gc,metaspace] CDS archive(s) mapped at: [0x0000000800000000-0x0000000800b2a000-0x0000000800b2a000), size 11706368, SharedBaseAddress: 0x0000000800000000, ArchiveRelocationMode: 0.
[2022-09-08T03:59:29.386+0000][7][gc,metaspace] Compressed class space mapped at: 0x0000000800b2c000-0x0000000840b2c000, size: 1073741824
[2022-09-08T03:59:29.386+0000][7][gc,metaspace] Narrow klass base: 0x0000000800000000, Narrow klass shift: 3, Narrow klass range: 0x100000000
[2022-09-08T03:59:30.030+0000][7][gc,start    ] GC(0) Pause Young (Normal) (G1 Evacuation Pause)
[2022-09-08T03:59:30.032+0000][7][gc,task     ] GC(0) Using 6 workers of 6 for evacuation
[2022-09-08T03:59:30.033+0000][7][gc,age      ] GC(0) Desired survivor size 2097152 bytes, new threshold 15 (max threshold 15)
[2022-09-08T03:59:30.043+0000][7][gc,age      ] GC(0) Age table with threshold 15 (max threshold 15)
[2022-09-08T03:59:30.043+0000][7][gc,age      ] GC(0) - age   1:    3427640 bytes,    3427640 total
[2022-09-08T03:59:30.044+0000][7][gc,phases   ] GC(0)   Pre Evacuate Collection Set: 0.2ms
[2022-09-08T03:59:30.044+0000][7][gc,phases   ] GC(0)   Merge Heap Roots: 0.9ms
[2022-09-08T03:59:30.045+0000][7][gc,phases   ] GC(0)   Evacuate Collection Set: 5.7ms
[2022-09-08T03:59:30.045+0000][7][gc,phases   ] GC(0)   Post Evacuate Collection Set: 1.9ms
[2022-09-08T03:59:30.045+0000][7][gc,phases   ] GC(0)   Other: 5.5ms
[2022-09-08T03:59:30.045+0000][7][gc,heap     ] GC(0) Eden regions: 4->0(4)
[2022-09-08T03:59:30.045+0000][7][gc,heap     ] GC(0) Survivor regions: 0->1(1)
[2022-09-08T03:59:30.046+0000][7][gc,heap     ] GC(0) Old regions: 0->0
[2022-09-08T03:59:30.046+0000][7][gc,heap     ] GC(0) Archive regions: 2->2
[2022-09-08T03:59:30.046+0000][7][gc,heap     ] GC(0) Humongous regions: 0->0
[2022-09-08T03:59:30.046+0000][7][gc,metaspace] GC(0) Metaspace: 5065K(7680K)->5065K(7680K) NonClass: 4544K(6912K)->4544K(6912K) Class: 521K(768K)->521K(768K)
[2022-09-08T03:59:30.047+0000][7][gc          ] GC(0) Pause Young (Normal) (G1 Evacuation Pause) 19M->7M(256M) 16.455ms
[2022-09-08T03:59:30.047+0000][7][gc,cpu      ] GC(0) User=0.05s Sys=0.00s Real=0.02s
[2022-09-08T03:59:30.048+0000][7][safepoint   ] Safepoint "G1CollectForAllocation", Time since last: 623428364 ns, Reaching safepoint: 2121313 ns, At safepoint: 18593031 ns, Total: 20714344 ns
[2022-09-08T03:59:30.638+0000][7][safepoint   ] Safepoint "ICBufferFull", Time since last: 590393418 ns, Reaching safepoint: 264947 ns, At safepoint: 40325 ns, Total: 305272 ns
[2022-09-08T03:59:30.926+0000][7][gc,start    ] GC(1) Pause Young (Normal) (G1 Evacuation Pause)
[2022-09-08T03:59:30.926+0000][7][gc,task     ] GC(1) Using 6 workers of 6 for evacuation
[2022-09-08T03:59:30.927+0000][7][gc,age      ] GC(1) Desired survivor size 2097152 bytes, new threshold 1 (max threshold 15)
[2022-09-08T03:59:30.932+0000][7][gc,age      ] GC(1) Age table with threshold 1 (max threshold 15)
[2022-09-08T03:59:30.932+0000][7][gc,age      ] GC(1) - age   1:    1298888 bytes,    1298888 total
[2022-09-08T03:59:30.932+0000][7][gc,phases   ] GC(1)   Pre Evacuate Collection Set: 0.2ms
[2022-09-08T03:59:30.932+0000][7][gc,phases   ] GC(1)   Merge Heap Roots: 0.2ms
[2022-09-08T03:59:30.933+0000][7][gc,phases   ] GC(1)   Evacuate Collection Set: 3.1ms
[2022-09-08T03:59:30.933+0000][7][gc,phases   ] GC(1)   Post Evacuate Collection Set: 1.0ms
[2022-09-08T03:59:30.933+0000][7][gc,phases   ] GC(1)   Other: 1.8ms
[2022-09-08T03:59:30.934+0000][7][gc,heap     ] GC(1) Eden regions: 4->0(10)
[2022-09-08T03:59:30.934+0000][7][gc,heap     ] GC(1) Survivor regions: 1->1(1)
[2022-09-08T03:59:30.934+0000][7][gc,heap     ] GC(1) Old regions: 0->1
[2022-09-08T03:59:30.935+0000][7][gc,heap     ] GC(1) Archive regions: 2->2
[2022-09-08T03:59:30.935+0000][7][gc,heap     ] GC(1) Humongous regions: 0->0
[2022-09-08T03:59:30.935+0000][7][gc,metaspace] GC(1) Metaspace: 9871K(10752K)->9871K(10752K) NonClass: 8701K(9472K)->8701K(9472K) Class: 1169K(1280K)->1169K(1280K)
[2022-09-08T03:59:30.936+0000][7][gc          ] GC(1) Pause Young (Normal) (G1 Evacuation Pause) 23M->8M(256M) 9.822ms
[2022-09-08T03:59:30.936+0000][7][gc,cpu      ] GC(1) User=0.02s Sys=0.01s Real=0.01s
[2022-09-08T03:59:30.936+0000][7][safepoint   ] Safepoint "G1CollectForAllocation", Time since last: 287715109 ns, Reaching safepoint: 206557 ns, At safepoint: 10383391 ns, Total: 10589948 ns
[2022-09-08T03:59:31.969+0000][7][safepoint   ] Safepoint "Cleanup", Time since last: 1032083290 ns, Reaching safepoint: 194795 ns, At safepoint: 2004 ns, Total: 196799 ns
[2022-09-08T03:59:32.757+0000][7][gc,start    ] GC(2) Pause Young (Normal) (G1 Evacuation Pause)
[2022-09-08T03:59:32.758+0000][7][gc,task     ] GC(2) Using 6 workers of 6 for evacuation
[2022-09-08T03:59:32.760+0000][7][gc,age      ] GC(2) Desired survivor size 4194304 bytes, new threshold 15 (max threshold 15)
[2022-09-08T03:59:32.798+0000][7][gc,age      ] GC(2) Age table with threshold 15 (max threshold 15)
[2022-09-08T03:59:32.798+0000][7][gc,age      ] GC(2) - age   1:    2417168 bytes,    2417168 total
[2022-09-08T03:59:32.798+0000][7][gc,age      ] GC(2) - age   2:    1250256 bytes,    3667424 total
[2022-09-08T03:59:32.799+0000][7][gc,phases   ] GC(2)   Pre Evacuate Collection Set: 0.2ms
[2022-09-08T03:59:32.799+0000][7][gc,phases   ] GC(2)   Merge Heap Roots: 0.0ms
[2022-09-08T03:59:32.799+0000][7][gc,phases   ] GC(2)   Evacuate Collection Set: 18.8ms
[2022-09-08T03:59:32.799+0000][7][gc,phases   ] GC(2)   Post Evacuate Collection Set: 18.4ms
[2022-09-08T03:59:32.800+0000][7][gc,phases   ] GC(2)   Other: 4.0ms
[2022-09-08T03:59:32.800+0000][7][gc,heap     ] GC(2) Eden regions: 10->0(34)
[2022-09-08T03:59:32.800+0000][7][gc,heap     ] GC(2) Survivor regions: 1->1(2)
[2022-09-08T03:59:32.800+0000][7][gc,heap     ] GC(2) Old regions: 1->1
[2022-09-08T03:59:32.801+0000][7][gc,heap     ] GC(2) Archive regions: 2->2
[2022-09-08T03:59:32.805+0000][7][gc,heap     ] GC(2) Humongous regions: 0->0
[2022-09-08T03:59:32.805+0000][7][gc,metaspace] GC(2) Metaspace: 14456K(14848K)->14456K(14848K) NonClass: 12769K(13056K)->12769K(13056K) Class: 1686K(1792K)->1686K(1792K)
[2022-09-08T03:59:32.814+0000][7][gc          ] GC(2) Pause Young (Normal) (G1 Evacuation Pause) 48M->10M(256M) 56.559ms
[2022-09-08T03:59:32.815+0000][7][gc,cpu      ] GC(2) User=0.04s Sys=0.01s Real=0.05s
[2022-09-08T03:59:32.816+0000][7][safepoint   ] Safepoint "G1CollectForAllocation", Time since last: 787230334 ns, Reaching safepoint: 1465626 ns, At safepoint: 58993753 ns, Total: 60459379 ns
[2022-09-08T03:59:33.382+0000][7][safepoint   ] Safepoint "ICBufferFull", Time since last: 565300041 ns, Reaching safepoint: 226164 ns, At safepoint: 10670 ns, Total: 236834 ns
[2022-09-08T03:59:33.388+0000][7][safepoint   ] Safepoint "ICBufferFull", Time since last: 5825443 ns, Reaching safepoint: 183674 ns, At safepoint: 3897 ns, Total: 187571 ns
[2022-09-08T03:59:33.392+0000][7][safepoint   ] Safepoint "ICBufferFull", Time since last: 3895758 ns, Reaching safepoint: 189144 ns, At safepoint: 5551 ns, Total: 194695 ns
[2022-09-08T03:59:33.396+0000][7][safepoint   ] Safepoint "ICBufferFull", Time since last: 3866413 ns, Reaching safepoint: 166191 ns, At safepoint: 24476 ns, Total: 190667 ns
[2022-09-08T03:59:33.401+0000][7][safepoint   ] Safepoint "ICBufferFull", Time since last: 4884090 ns, Reaching safepoint: 87764 ns, At safepoint: 6702 ns, Total: 94466 ns
[2022-09-08T03:59:33.405+0000][7][safepoint   ] Safepoint "ICBufferFull", Time since last: 4430199 ns, Reaching safepoint: 102001 ns, At safepoint: 23154 ns, Total: 125155 ns
[2022-09-08T03:59:33.410+0000][7][safepoint   ] Safepoint "ICBufferFull", Time since last: 4042422 ns, Reaching safepoint: 145082 ns, At safepoint: 27742 ns, Total: 172824 ns
[2022-09-08T03:59:33.417+0000][7][safepoint   ] Safepoint "ICBufferFull", Time since last: 7455306 ns, Reaching safepoint: 201097 ns, At safepoint: 8055 ns, Total: 209152 ns
[2022-09-08T03:59:33.425+0000][7][safepoint   ] Safepoint "ICBufferFull", Time since last: 5682726 ns, Reaching safepoint: 2446232 ns, At safepoint: 29927 ns, Total: 2476159 ns
[2022-09-08T03:59:33.438+0000][7][safepoint   ] Safepoint "ICBufferFull", Time since last: 11098661 ns, Reaching safepoint: 1704483 ns, At safepoint: 122810 ns, Total: 1827293 ns
[2022-09-08T03:59:33.444+0000][7][safepoint   ] Safepoint "ICBufferFull", Time since last: 4154703 ns, Reaching safepoint: 921035 ns, At safepoint: 88315 ns, Total: 1009350 ns
[2022-09-08T03:59:33.448+0000][7][safepoint   ] Safepoint "ICBufferFull", Time since last: 4041872 ns, Reaching safepoint: 131887 ns, At safepoint: 27411 ns, Total: 159298 ns
[2022-09-08T03:59:33.451+0000][7][safepoint   ] Safepoint "ICBufferFull", Time since last: 3470241 ns, Reaching safepoint: 198762 ns, At safepoint: 7545 ns, Total: 206307 ns
[2022-09-08T03:59:33.457+0000][7][safepoint   ] Safepoint "ICBufferFull", Time since last: 4817544 ns, Reaching safepoint: 343724 ns, At safepoint: 28804 ns, Total: 372528 ns
[2022-09-08T03:59:33.460+0000][7][safepoint   ] Safepoint "ICBufferFull", Time since last: 2762956 ns, Reaching safepoint: 186219 ns, At safepoint: 26981 ns, Total: 213200 ns
[2022-09-08T03:59:33.463+0000][7][safepoint   ] Safepoint "ICBufferFull", Time since last: 2975053 ns, Reaching safepoint: 234179 ns, At safepoint: 9347 ns, Total: 243526 ns
[2022-09-08T03:59:33.466+0000][7][safepoint   ] Safepoint "ICBufferFull", Time since last: 3326973 ns, Reaching safepoint: 128470 ns, At safepoint: 26390 ns, Total: 154860 ns
[2022-09-08T03:59:33.471+0000][7][safepoint   ] Safepoint "ICBufferFull", Time since last: 4729068 ns, Reaching safepoint: 159088 ns, At safepoint: 13125 ns, Total: 172213 ns
[2022-09-08T03:59:33.478+0000][7][safepoint   ] Safepoint "ICBufferFull", Time since last: 6653705 ns, Reaching safepoint: 221444 ns, At safepoint: 4339 ns, Total: 225783 ns
[2022-09-08T03:59:33.481+0000][7][safepoint   ] Safepoint "ICBufferFull", Time since last: 2974502 ns, Reaching safepoint: 113232 ns, At safepoint: 23574 ns, Total: 136806 ns
[2022-09-08T03:59:33.483+0000][7][safepoint   ] Safepoint "ICBufferFull", Time since last: 1694174 ns, Reaching safepoint: 142556 ns, At safepoint: 3878 ns, Total: 146434 ns
[2022-09-08T03:59:33.484+0000][7][safepoint   ] Safepoint "ICBufferFull", Time since last: 876452 ns, Reaching safepoint: 132388 ns, At safepoint: 3356 ns, Total: 135744 ns
[2022-09-08T03:59:33.485+0000][7][safepoint   ] Safepoint "ICBufferFull", Time since last: 920985 ns, Reaching safepoint: 159770 ns, At safepoint: 4779 ns, Total: 164549 ns
[2022-09-08T03:59:33.487+0000][7][safepoint   ] Safepoint "ICBufferFull", Time since last: 1180772 ns, Reaching safepoint: 274724 ns, At safepoint: 8266 ns, Total: 282990 ns
[2022-09-08T03:59:33.488+0000][7][safepoint   ] Safepoint "ICBufferFull", Time since last: 1105751 ns, Reaching safepoint: 157205 ns, At safepoint: 4538 ns, Total: 161743 ns
[2022-09-08T03:59:33.489+0000][7][safepoint   ] Safepoint "ICBufferFull", Time since last: 1184770 ns, Reaching safepoint: 165941 ns, At safepoint: 42299 ns, Total: 208240 ns
[2022-09-08T03:59:33.490+0000][7][safepoint   ] Safepoint "ICBufferFull", Time since last: 994382 ns, Reaching safepoint: 174577 ns, At safepoint: 25158 ns, Total: 199735 ns
[2022-09-08T03:59:33.492+0000][7][safepoint   ] Safepoint "ICBufferFull", Time since last: 920684 ns, Reaching safepoint: 163657 ns, At safepoint: 7414 ns, Total: 171071 ns
[2022-09-08T03:59:33.493+0000][7][safepoint   ] Safepoint "ICBufferFull", Time since last: 1139134 ns, Reaching safepoint: 186489 ns, At safepoint: 23855 ns, Total: 210344 ns
[2022-09-08T03:59:33.494+0000][7][safepoint   ] Safepoint "ICBufferFull", Time since last: 1056529 ns, Reaching safepoint: 239759 ns, At safepoint: 28253 ns, Total: 268012 ns
[2022-09-08T03:59:33.496+0000][7][safepoint   ] Safepoint "ICBufferFull", Time since last: 1099500 ns, Reaching safepoint: 220763 ns, At safepoint: 7595 ns, Total: 228358 ns
[2022-09-08T03:59:33.498+0000][7][safepoint   ] Safepoint "ICBufferFull", Time since last: 1278204 ns, Reaching safepoint: 1374134 ns, At safepoint: 31629 ns, Total: 1405763 ns
[2022-09-08T03:59:33.500+0000][7][safepoint   ] Safepoint "ICBufferFull", Time since last: 1452892 ns, Reaching safepoint: 205916 ns, At safepoint: 5490 ns, Total: 211406 ns
[2022-09-08T03:59:33.508+0000][7][safepoint   ] Safepoint "ICBufferFull", Time since last: 7576053 ns, Reaching safepoint: 265106 ns, At safepoint: 29636 ns, Total: 294742 ns
[2022-09-08T03:59:33.509+0000][7][safepoint   ] Safepoint "ICBufferFull", Time since last: 1115139 ns, Reaching safepoint: 251160 ns, At safepoint: 28975 ns, Total: 280135 ns
[2022-09-08T03:59:33.511+0000][7][safepoint   ] Safepoint "ICBufferFull", Time since last: 1232719 ns, Reaching safepoint: 104476 ns, At safepoint: 23223 ns, Total: 127699 ns
[2022-09-08T03:59:33.514+0000][7][safepoint   ] Safepoint "ICBufferFull", Time since last: 3277400 ns, Reaching safepoint: 167383 ns, At safepoint: 4358 ns, Total: 171741 ns
[2022-09-08T03:59:33.519+0000][7][safepoint   ] Safepoint "ICBufferFull", Time since last: 4879301 ns, Reaching safepoint: 120034 ns, At safepoint: 25629 ns, Total: 145663 ns
[2022-09-08T03:59:33.525+0000][7][safepoint   ] Safepoint "ICBufferFull", Time since last: 6213590 ns, Reaching safepoint: 116087 ns, At safepoint: 27582 ns, Total: 143669 ns
[2022-09-08T03:59:33.527+0000][7][safepoint   ] Safepoint "ICBufferFull", Time since last: 1838003 ns, Reaching safepoint: 72075 ns, At safepoint: 3326 ns, Total: 75401 ns
[2022-09-08T03:59:33.826+0000][7][safepoint   ] Safepoint "ICBufferFull", Time since last: 298840500 ns, Reaching safepoint: 235722 ns, At safepoint: 2875 ns, Total: 238597 ns
[2022-09-08T03:59:33.828+0000][7][safepoint   ] Safepoint "ICBufferFull", Time since last: 1098017 ns, Reaching safepoint: 242314 ns, At safepoint: 4248 ns, Total: 246562 ns
[2022-09-08T03:59:33.830+0000][7][safepoint   ] Safepoint "ICBufferFull", Time since last: 2214819 ns, Reaching safepoint: 158517 ns, At safepoint: 2425 ns, Total: 160942 ns
[2022-09-08T03:59:33.831+0000][7][safepoint   ] Safepoint "ICBufferFull", Time since last: 1158981 ns, Reaching safepoint: 164177 ns, At safepoint: 3667 ns, Total: 167844 ns
[2022-09-08T03:59:33.833+0000][7][safepoint   ] Safepoint "ICBufferFull", Time since last: 1256504 ns, Reaching safepoint: 161623 ns, At safepoint: 3216 ns, Total: 164839 ns
[2022-09-08T03:59:33.869+0000][7][safepoint   ] Safepoint "ICBufferFull", Time since last: 35609136 ns, Reaching safepoint: 217568 ns, At safepoint: 4338 ns, Total: 221906 ns
[2022-09-08T03:59:33.870+0000][7][safepoint   ] Safepoint "ICBufferFull", Time since last: 1618592 ns, Reaching safepoint: 181300 ns, At safepoint: 4228 ns, Total: 185528 ns
[2022-09-08T03:59:33.874+0000][7][safepoint   ] Safepoint "ICBufferFull", Time since last: 948818 ns, Reaching safepoint: 2400696 ns, At safepoint: 11843 ns, Total: 2412539 ns
[2022-09-08T03:59:33.885+0000][7][safepoint   ] Safepoint "ICBufferFull", Time since last: 11479945 ns, Reaching safepoint: 97282 ns, At safepoint: 3216 ns, Total: 100498 ns
[2022-09-08T03:59:33.917+0000][7][safepoint   ] Safepoint "ICBufferFull", Time since last: 31148812 ns, Reaching safepoint: 118742 ns, At safepoint: 2976 ns, Total: 121718 ns
[2022-09-08T03:59:33.920+0000][7][safepoint   ] Safepoint "ICBufferFull", Time since last: 3702906 ns, Reaching safepoint: 102703 ns, At safepoint: 3236 ns, Total: 105939 ns
[2022-09-08T03:59:33.923+0000][7][safepoint   ] Safepoint "ICBufferFull", Time since last: 2041795 ns, Reaching safepoint: 276588 ns, At safepoint: 3426 ns, Total: 280014 ns
[2022-09-08T03:59:33.925+0000][7][safepoint   ] Safepoint "ICBufferFull", Time since last: 1111302 ns, Reaching safepoint: 770083 ns, At safepoint: 10470 ns, Total: 780553 ns
[2022-09-08T03:59:33.927+0000][7][safepoint   ] Safepoint "ICBufferFull", Time since last: 1657214 ns, Reaching safepoint: 246181 ns, At safepoint: 5661 ns, Total: 251842 ns
[2022-09-08T03:59:33.929+0000][7][safepoint   ] Safepoint "ICBufferFull", Time since last: 1867719 ns, Reaching safepoint: 622947 ns, At safepoint: 7153 ns, Total: 630100 ns
[2022-09-08T03:59:33.934+0000][7][safepoint   ] Safepoint "ICBufferFull", Time since last: 1196391 ns, Reaching safepoint: 3267020 ns, At safepoint: 38192 ns, Total: 3305212 ns
[2022-09-08T03:59:33.935+0000][7][safepoint   ] Safepoint "ICBufferFull", Time since last: 1261844 ns, Reaching safepoint: 146394 ns, At safepoint: 4468 ns, Total: 150862 ns
[2022-09-08T03:59:33.936+0000][7][safepoint   ] Safepoint "ICBufferFull", Time since last: 1122463 ns, Reaching safepoint: 216746 ns, At safepoint: 5340 ns, Total: 222086 ns
[2022-09-08T03:59:33.938+0000][7][safepoint   ] Safepoint "ICBufferFull", Time since last: 1130728 ns, Reaching safepoint: 163056 ns, At safepoint: 4518 ns, Total: 167574 ns
[2022-09-08T03:59:33.939+0000][7][safepoint   ] Safepoint "ICBufferFull", Time since last: 1156397 ns, Reaching safepoint: 163756 ns, At safepoint: 3096 ns, Total: 166852 ns
[2022-09-08T03:59:33.940+0000][7][safepoint   ] Safepoint "ICBufferFull", Time since last: 1039918 ns, Reaching safepoint: 157025 ns, At safepoint: 3416 ns, Total: 160441 ns
[2022-09-08T03:59:33.942+0000][7][safepoint   ] Safepoint "ICBufferFull", Time since last: 1046771 ns, Reaching safepoint: 321712 ns, At safepoint: 9508 ns, Total: 331220 ns
[2022-09-08T03:59:33.943+0000][7][safepoint   ] Safepoint "ICBufferFull", Time since last: 1022295 ns, Reaching safepoint: 175048 ns, At safepoint: 4068 ns, Total: 179116 ns
[2022-09-08T03:59:33.944+0000][7][safepoint   ] Safepoint "ICBufferFull", Time since last: 1316325 ns, Reaching safepoint: 168225 ns, At safepoint: 3668 ns, Total: 171893 ns
[2022-09-08T03:59:33.947+0000][7][safepoint   ] Safepoint "ICBufferFull", Time since last: 2185033 ns, Reaching safepoint: 126076 ns, At safepoint: 2655 ns, Total: 128731 ns
[2022-09-08T03:59:33.955+0000][7][gc,start    ] GC(3) Pause Young (Normal) (G1 Evacuation Pause)
[2022-09-08T03:59:33.956+0000][7][gc,task     ] GC(3) Using 6 workers of 6 for evacuation
[2022-09-08T03:59:33.956+0000][7][gc,age      ] GC(3) Desired survivor size 10485760 bytes, new threshold 15 (max threshold 15)
[2022-09-08T03:59:33.968+0000][7][gc,age      ] GC(3) Age table with threshold 15 (max threshold 15)
[2022-09-08T03:59:33.973+0000][7][gc,age      ] GC(3) - age   1:    3931000 bytes,    3931000 total
[2022-09-08T03:59:33.974+0000][7][gc,age      ] GC(3) - age   2:    2338672 bytes,    6269672 total
[2022-09-08T03:59:33.976+0000][7][gc,age      ] GC(3) - age   3:    1233752 bytes,    7503424 total
[2022-09-08T03:59:33.977+0000][7][gc,phases   ] GC(3)   Pre Evacuate Collection Set: 0.1ms
[2022-09-08T03:59:33.978+0000][7][gc,phases   ] GC(3)   Merge Heap Roots: 0.1ms
[2022-09-08T03:59:33.979+0000][7][gc,phases   ] GC(3)   Evacuate Collection Set: 10.3ms
[2022-09-08T03:59:33.979+0000][7][gc,phases   ] GC(3)   Post Evacuate Collection Set: 1.0ms
[2022-09-08T03:59:33.979+0000][7][gc,phases   ] GC(3)   Other: 10.4ms
[2022-09-08T03:59:33.979+0000][7][gc,heap     ] GC(3) Eden regions: 34->0(36)
[2022-09-08T03:59:33.979+0000][7][gc,heap     ] GC(3) Survivor regions: 1->2(5)
[2022-09-08T03:59:33.979+0000][7][gc,heap     ] GC(3) Old regions: 1->1
[2022-09-08T03:59:33.980+0000][7][gc,heap     ] GC(3) Archive regions: 2->2
[2022-09-08T03:59:33.980+0000][7][gc,heap     ] GC(3) Humongous regions: 0->0
[2022-09-08T03:59:33.980+0000][7][gc,metaspace] GC(3) Metaspace: 17918K(18432K)->17918K(18432K) NonClass: 15784K(16128K)->15784K(16128K) Class: 2133K(2304K)->2133K(2304K)
[2022-09-08T03:59:33.980+0000][7][gc          ] GC(3) Pause Young (Normal) (G1 Evacuation Pause) 146M->14M(256M) 24.630ms
[2022-09-08T03:59:33.987+0000][7][gc,cpu      ] GC(3) User=0.07s Sys=0.00s Real=0.04s
[2022-09-08T03:59:33.987+0000][7][safepoint   ] Safepoint "G1CollectForAllocation", Time since last: 8601884 ns, Reaching safepoint: 227386 ns, At safepoint: 31569439 ns, Total: 31796825 ns
[2022-09-08T03:59:34.038+0000][7][safepoint   ] Safepoint "ICBufferFull", Time since last: 51341198 ns, Reaching safepoint: 172052 ns, At safepoint: 35507 ns, Total: 207559 ns
[2022-09-08T03:59:34.040+0000][7][safepoint   ] Safepoint "ICBufferFull", Time since last: 1067750 ns, Reaching safepoint: 212598 ns, At safepoint: 5350 ns, Total: 217948 ns
[2022-09-08T03:59:34.041+0000][7][safepoint   ] Safepoint "ICBufferFull", Time since last: 1129436 ns, Reaching safepoint: 204523 ns, At safepoint: 5881 ns, Total: 210404 ns
[2022-09-08T03:59:34.042+0000][7][safepoint   ] Safepoint "ICBufferFull", Time since last: 1069985 ns, Reaching safepoint: 244748 ns, At safepoint: 38151 ns, Total: 282899 ns
[2022-09-08T03:59:34.047+0000][7][safepoint   ] Safepoint "ICBufferFull", Time since last: 1017677 ns, Reaching safepoint: 3007193 ns, At safepoint: 66625 ns, Total: 3073818 ns
[2022-09-08T03:59:34.058+0000][7][safepoint   ] Safepoint "ICBufferFull", Time since last: 1610387 ns, Reaching safepoint: 9314339 ns, At safepoint: 9718 ns, Total: 9324057 ns
[2022-09-08T03:59:34.059+0000][7][safepoint   ] Safepoint "ICBufferFull", Time since last: 1119818 ns, Reaching safepoint: 171891 ns, At safepoint: 4549 ns, Total: 176440 ns
[2022-09-08T03:59:34.060+0000][7][safepoint   ] Safepoint "ICBufferFull", Time since last: 1164462 ns, Reaching safepoint: 145753 ns, At safepoint: 2725 ns, Total: 148478 ns
[2022-09-08T03:59:34.061+0000][7][safepoint   ] Safepoint "ICBufferFull", Time since last: 1173528 ns, Reaching safepoint: 180689 ns, At safepoint: 3346 ns, Total: 184035 ns
[2022-09-08T03:59:34.063+0000][7][safepoint   ] Safepoint "ICBufferFull", Time since last: 1015833 ns, Reaching safepoint: 167393 ns, At safepoint: 3527 ns, Total: 170920 ns
[2022-09-08T03:59:34.064+0000][7][safepoint   ] Safepoint "ICBufferFull", Time since last: 1018208 ns, Reaching safepoint: 163956 ns, At safepoint: 4539 ns, Total: 168495 ns
[2022-09-08T03:59:34.065+0000][7][safepoint   ] Safepoint "ICBufferFull", Time since last: 965789 ns, Reaching safepoint: 146946 ns, At safepoint: 4037 ns, Total: 150983 ns
[2022-09-08T03:59:34.066+0000][7][safepoint   ] Safepoint "ICBufferFull", Time since last: 990676 ns, Reaching safepoint: 143379 ns, At safepoint: 5370 ns, Total: 148749 ns
[2022-09-08T03:59:34.067+0000][7][safepoint   ] Safepoint "ICBufferFull", Time since last: 1182515 ns, Reaching safepoint: 171641 ns, At safepoint: 3657 ns, Total: 175298 ns
[2022-09-08T03:59:34.069+0000][7][safepoint   ] Safepoint "ICBufferFull", Time since last: 1076967 ns, Reaching safepoint: 165190 ns, At safepoint: 3567 ns, Total: 168757 ns
[2022-09-08T03:59:34.070+0000][7][safepoint   ] Safepoint "ICBufferFull", Time since last: 1223151 ns, Reaching safepoint: 216837 ns, At safepoint: 5450 ns, Total: 222287 ns
[2022-09-08T03:59:34.071+0000][7][safepoint   ] Safepoint "ICBufferFull", Time since last: 1101824 ns, Reaching safepoint: 183985 ns, At safepoint: 4337 ns, Total: 188322 ns
[2022-09-08T03:59:34.073+0000][7][safepoint   ] Safepoint "ICBufferFull", Time since last: 1136510 ns, Reaching safepoint: 155391 ns, At safepoint: 3366 ns, Total: 158757 ns
[2022-09-08T03:59:34.075+0000][7][safepoint   ] Safepoint "ICBufferFull", Time since last: 2248973 ns, Reaching safepoint: 75972 ns, At safepoint: 4288 ns, Total: 80260 ns
[2022-09-08T03:59:34.124+0000][7][safepoint   ] Safepoint "ICBufferFull", Time since last: 48945049 ns, Reaching safepoint: 224160 ns, At safepoint: 6703 ns, Total: 230863 ns
[2022-09-08T03:59:34.126+0000][7][safepoint   ] Safepoint "ICBufferFull", Time since last: 1788881 ns, Reaching safepoint: 202329 ns, At safepoint: 6913 ns, Total: 209242 ns
[2022-09-08T03:59:34.137+0000][7][safepoint   ] Safepoint "ICBufferFull", Time since last: 10313871 ns, Reaching safepoint: 156042 ns, At safepoint: 2916 ns, Total: 158958 ns
[2022-09-08T03:59:34.138+0000][7][safepoint   ] Safepoint "ICBufferFull", Time since last: 1070395 ns, Reaching safepoint: 54542 ns, At safepoint: 4027 ns, Total: 58569 ns
[2022-09-08T03:59:34.139+0000][7][safepoint   ] Safepoint "ICBufferFull", Time since last: 1031823 ns, Reaching safepoint: 52729 ns, At safepoint: 2495 ns, Total: 55224 ns
[2022-09-08T03:59:34.140+0000][7][safepoint   ] Safepoint "ICBufferFull", Time since last: 917098 ns, Reaching safepoint: 43381 ns, At safepoint: 2345 ns, Total: 45726 ns
[2022-09-08T03:59:34.141+0000][7][safepoint   ] Safepoint "ICBufferFull", Time since last: 1030620 ns, Reaching safepoint: 51587 ns, At safepoint: 3076 ns, Total: 54663 ns
[2022-09-08T03:59:34.142+0000][7][safepoint   ] Safepoint "ICBufferFull", Time since last: 1115950 ns, Reaching safepoint: 44564 ns, At safepoint: 2755 ns, Total: 47319 ns
[2022-09-08T03:59:34.143+0000][7][safepoint   ] Safepoint "ICBufferFull", Time since last: 1031642 ns, Reaching safepoint: 58380 ns, At safepoint: 2354 ns, Total: 60734 ns
[2022-09-08T03:59:34.144+0000][7][safepoint   ] Safepoint "ICBufferFull", Time since last: 987330 ns, Reaching safepoint: 74880 ns, At safepoint: 4869 ns, Total: 79749 ns
[2022-09-08T03:59:34.146+0000][7][safepoint   ] Safepoint "ICBufferFull", Time since last: 1231888 ns, Reaching safepoint: 139912 ns, At safepoint: 2685 ns, Total: 142597 ns
[2022-09-08T03:59:34.147+0000][7][safepoint   ] Safepoint "ICBufferFull", Time since last: 1025230 ns, Reaching safepoint: 121338 ns, At safepoint: 2264 ns, Total: 123602 ns
[2022-09-08T03:59:34.150+0000][7][safepoint   ] Safepoint "ICBufferFull", Time since last: 2690370 ns, Reaching safepoint: 86221 ns, At safepoint: 3006 ns, Total: 89227 ns
[2022-09-08T03:59:34.157+0000][7][safepoint   ] Safepoint "ICBufferFull", Time since last: 6949448 ns, Reaching safepoint: 79570 ns, At safepoint: 33653 ns, Total: 113223 ns
[2022-09-08T03:59:34.167+0000][7][safepoint   ] Safepoint "ICBufferFull", Time since last: 9859149 ns, Reaching safepoint: 95789 ns, At safepoint: 23274 ns, Total: 119063 ns
[2022-09-08T03:59:34.514+0000][7][gc,start    ] GC(4) Pause Young (Normal) (G1 Evacuation Pause)
[2022-09-08T03:59:34.514+0000][7][gc,task     ] GC(4) Using 6 workers of 6 for evacuation
[2022-09-08T03:59:34.514+0000][7][gc,age      ] GC(4) Desired survivor size 10485760 bytes, new threshold 15 (max threshold 15)
[2022-09-08T03:59:34.526+0000][7][gc,age      ] GC(4) Age table with threshold 15 (max threshold 15)
[2022-09-08T03:59:34.527+0000][7][gc,age      ] GC(4) - age   1:    2482024 bytes,    2482024 total
[2022-09-08T03:59:34.527+0000][7][gc,age      ] GC(4) - age   2:    3320216 bytes,    5802240 total
[2022-09-08T03:59:34.527+0000][7][gc,age      ] GC(4) - age   3:    2338672 bytes,    8140912 total
[2022-09-08T03:59:34.527+0000][7][gc,age      ] GC(4) - age   4:    1233752 bytes,    9374664 total
[2022-09-08T03:59:34.527+0000][7][gc,phases   ] GC(4)   Pre Evacuate Collection Set: 0.0ms
[2022-09-08T03:59:34.528+0000][7][gc,phases   ] GC(4)   Merge Heap Roots: 0.0ms
[2022-09-08T03:59:34.528+0000][7][gc,phases   ] GC(4)   Evacuate Collection Set: 9.6ms
[2022-09-08T03:59:34.528+0000][7][gc,phases   ] GC(4)   Post Evacuate Collection Set: 2.1ms
[2022-09-08T03:59:34.528+0000][7][gc,phases   ] GC(4)   Other: 1.7ms
[2022-09-08T03:59:34.528+0000][7][gc,heap     ] GC(4) Eden regions: 36->0(35)
[2022-09-08T03:59:34.528+0000][7][gc,heap     ] GC(4) Survivor regions: 2->3(5)
[2022-09-08T03:59:34.528+0000][7][gc,heap     ] GC(4) Old regions: 1->1
[2022-09-08T03:59:34.529+0000][7][gc,heap     ] GC(4) Archive regions: 2->2
[2022-09-08T03:59:34.529+0000][7][gc,heap     ] GC(4) Humongous regions: 0->0
[2022-09-08T03:59:34.529+0000][7][gc,metaspace] GC(4) Metaspace: 18494K(19328K)->18494K(19328K) NonClass: 16290K(16896K)->16290K(16896K) Class: 2203K(2432K)->2203K(2432K)
[2022-09-08T03:59:34.529+0000][7][gc          ] GC(4) Pause Young (Normal) (G1 Evacuation Pause) 158M->16M(256M) 15.324ms
[2022-09-08T03:59:34.529+0000][7][gc,cpu      ] GC(4) User=0.04s Sys=0.00s Real=0.02s
[2022-09-08T03:59:34.530+0000][7][safepoint   ] Safepoint "G1CollectForAllocation", Time since last: 347135552 ns, Reaching safepoint: 139672 ns, At safepoint: 15765243 ns, Total: 15904915 ns
[2022-09-08T03:59:34.897+0000][7][gc,start    ] GC(5) Pause Young (Normal) (G1 Evacuation Pause)
[2022-09-08T03:59:34.897+0000][7][gc,task     ] GC(5) Using 6 workers of 6 for evacuation
[2022-09-08T03:59:34.897+0000][7][gc,age      ] GC(5) Desired survivor size 10485760 bytes, new threshold 15 (max threshold 15)
[2022-09-08T03:59:34.908+0000][7][gc,age      ] GC(5) Age table with threshold 15 (max threshold 15)
[2022-09-08T03:59:34.908+0000][7][gc,age      ] GC(5) - age   1:    2015592 bytes,    2015592 total
[2022-09-08T03:59:34.908+0000][7][gc,age      ] GC(5) - age   2:    1881664 bytes,    3897256 total
[2022-09-08T03:59:34.909+0000][7][gc,age      ] GC(5) - age   3:    3319112 bytes,    7216368 total
[2022-09-08T03:59:34.909+0000][7][gc,age      ] GC(5) - age   4:    2338672 bytes,    9555040 total
[2022-09-08T03:59:34.909+0000][7][gc,age      ] GC(5) - age   5:    1233752 bytes,   10788792 total
[2022-09-08T03:59:34.909+0000][7][gc,phases   ] GC(5)   Pre Evacuate Collection Set: 0.1ms
[2022-09-08T03:59:34.909+0000][7][gc,phases   ] GC(5)   Merge Heap Roots: 0.0ms
[2022-09-08T03:59:34.909+0000][7][gc,phases   ] GC(5)   Evacuate Collection Set: 9.4ms
[2022-09-08T03:59:34.910+0000][7][gc,phases   ] GC(5)   Post Evacuate Collection Set: 0.8ms
[2022-09-08T03:59:34.910+0000][7][gc,phases   ] GC(5)   Other: 2.2ms
[2022-09-08T03:59:34.910+0000][7][gc,heap     ] GC(5) Eden regions: 35->0(35)
[2022-09-08T03:59:34.910+0000][7][gc,heap     ] GC(5) Survivor regions: 3->3(5)
[2022-09-08T03:59:34.911+0000][7][gc,heap     ] GC(5) Old regions: 1->1
[2022-09-08T03:59:34.911+0000][7][gc,heap     ] GC(5) Archive regions: 2->2
[2022-09-08T03:59:34.911+0000][7][gc,heap     ] GC(5) Humongous regions: 0->0
[2022-09-08T03:59:34.911+0000][7][gc,metaspace] GC(5) Metaspace: 18970K(19712K)->18970K(19712K) NonClass: 16692K(17152K)->16692K(17152K) Class: 2278K(2560K)->2278K(2560K)
[2022-09-08T03:59:34.912+0000][7][gc          ] GC(5) Pause Young (Normal) (G1 Evacuation Pause) 156M->17M(256M) 14.960ms
[2022-09-08T03:59:34.912+0000][7][gc,cpu      ] GC(5) User=0.02s Sys=0.00s Real=0.01s
[2022-09-08T03:59:34.912+0000][7][safepoint   ] Safepoint "G1CollectForAllocation", Time since last: 356868214 ns, Reaching safepoint: 9986137 ns, At safepoint: 15377056 ns, Total: 25363193 ns
[2022-09-08T03:59:35.341+0000][7][gc,start    ] GC(6) Pause Young (Normal) (G1 Evacuation Pause)
[2022-09-08T03:59:35.341+0000][7][gc,task     ] GC(6) Using 6 workers of 6 for evacuation
[2022-09-08T03:59:35.342+0000][7][gc,age      ] GC(6) Desired survivor size 10485760 bytes, new threshold 5 (max threshold 15)
[2022-09-08T03:59:35.362+0000][7][gc,age      ] GC(6) Age table with threshold 5 (max threshold 15)
[2022-09-08T03:59:35.362+0000][7][gc,age      ] GC(6) - age   1:    1270728 bytes,    1270728 total
[2022-09-08T03:59:35.362+0000][7][gc,age      ] GC(6) - age   2:    1479040 bytes,    2749768 total
[2022-09-08T03:59:35.362+0000][7][gc,age      ] GC(6) - age   3:    1881664 bytes,    4631432 total
[2022-09-08T03:59:35.362+0000][7][gc,age      ] GC(6) - age   4:    3319112 bytes,    7950544 total
[2022-09-08T03:59:35.363+0000][7][gc,age      ] GC(6) - age   5:    2338672 bytes,   10289216 total
[2022-09-08T03:59:35.363+0000][7][gc,phases   ] GC(6)   Pre Evacuate Collection Set: 1.1ms
[2022-09-08T03:59:35.364+0000][7][gc,phases   ] GC(6)   Merge Heap Roots: 0.7ms
[2022-09-08T03:59:35.364+0000][7][gc,phases   ] GC(6)   Evacuate Collection Set: 16.9ms
[2022-09-08T03:59:35.364+0000][7][gc,phases   ] GC(6)   Post Evacuate Collection Set: 0.9ms
[2022-09-08T03:59:35.365+0000][7][gc,phases   ] GC(6)   Other: 2.9ms
[2022-09-08T03:59:35.365+0000][7][gc,heap     ] GC(6) Eden regions: 35->0(35)
[2022-09-08T03:59:35.365+0000][7][gc,heap     ] GC(6) Survivor regions: 3->3(5)
[2022-09-08T03:59:35.365+0000][7][gc,heap     ] GC(6) Old regions: 1->2
[2022-09-08T03:59:35.365+0000][7][gc,heap     ] GC(6) Archive regions: 2->2
[2022-09-08T03:59:35.365+0000][7][gc,heap     ] GC(6) Humongous regions: 0->0
[2022-09-08T03:59:35.366+0000][7][gc,metaspace] GC(6) Metaspace: 19266K(20224K)->19266K(20224K) NonClass: 16957K(17664K)->16957K(17664K) Class: 2309K(2560K)->2309K(2560K)
[2022-09-08T03:59:35.366+0000][7][gc          ] GC(6) Pause Young (Normal) (G1 Evacuation Pause) 157M->18M(256M) 24.740ms
[2022-09-08T03:59:35.366+0000][7][gc,cpu      ] GC(6) User=0.03s Sys=0.00s Real=0.02s
[2022-09-08T03:59:35.366+0000][7][safepoint   ] Safepoint "G1CollectForAllocation", Time since last: 428450669 ns, Reaching safepoint: 631423 ns, At safepoint: 25070425 ns, Total: 25701848 ns
[2022-09-08T03:59:35.548+0000][7][gc,start    ] GC(7) Pause Young (Normal) (G1 Evacuation Pause)
[2022-09-08T03:59:35.548+0000][7][gc,task     ] GC(7) Using 6 workers of 6 for evacuation
[2022-09-08T03:59:35.549+0000][7][gc,age      ] GC(7) Desired survivor size 10485760 bytes, new threshold 15 (max threshold 15)
[2022-09-08T03:59:35.564+0000][7][gc,age      ] GC(7) Age table with threshold 15 (max threshold 15)
[2022-09-08T03:59:35.565+0000][7][gc,age      ] GC(7) - age   1:     853056 bytes,     853056 total
[2022-09-08T03:59:35.565+0000][7][gc,age      ] GC(7) - age   2:    1239920 bytes,    2092976 total
[2022-09-08T03:59:35.565+0000][7][gc,age      ] GC(7) - age   3:    1478432 bytes,    3571408 total
[2022-09-08T03:59:35.566+0000][7][gc,age      ] GC(7) - age   4:    1881632 bytes,    5453040 total
[2022-09-08T03:59:35.566+0000][7][gc,age      ] GC(7) - age   5:    3315160 bytes,    8768200 total
[2022-09-08T03:59:35.566+0000][7][gc,age      ] GC(7) - age   6:    2338672 bytes,   11106872 total
[2022-09-08T03:59:35.566+0000][7][gc,phases   ] GC(7)   Pre Evacuate Collection Set: 0.1ms
[2022-09-08T03:59:35.566+0000][7][gc,phases   ] GC(7)   Merge Heap Roots: 0.1ms
[2022-09-08T03:59:35.567+0000][7][gc,phases   ] GC(7)   Evacuate Collection Set: 7.7ms
[2022-09-08T03:59:35.567+0000][7][gc,phases   ] GC(7)   Post Evacuate Collection Set: 7.9ms
[2022-09-08T03:59:35.567+0000][7][gc,phases   ] GC(7)   Other: 2.6ms
[2022-09-08T03:59:35.567+0000][7][gc,heap     ] GC(7) Eden regions: 35->0(35)
[2022-09-08T03:59:35.567+0000][7][gc,heap     ] GC(7) Survivor regions: 3->3(5)
[2022-09-08T03:59:35.567+0000][7][gc,heap     ] GC(7) Old regions: 2->2
[2022-09-08T03:59:35.568+0000][7][gc,heap     ] GC(7) Archive regions: 2->2
[2022-09-08T03:59:35.568+0000][7][gc,heap     ] GC(7) Humongous regions: 0->0
[2022-09-08T03:59:35.568+0000][7][gc,metaspace] GC(7) Metaspace: 19400K(20480K)->19400K(20480K) NonClass: 17066K(17920K)->17066K(17920K) Class: 2334K(2560K)->2334K(2560K)
[2022-09-08T03:59:35.568+0000][7][gc          ] GC(7) Pause Young (Normal) (G1 Evacuation Pause) 158M->19M(256M) 20.026ms
[2022-09-08T03:59:35.568+0000][7][gc,cpu      ] GC(7) User=0.02s Sys=0.01s Real=0.02s
[2022-09-08T03:59:35.568+0000][7][safepoint   ] Safepoint "G1CollectForAllocation", Time since last: 181635920 ns, Reaching safepoint: 249838 ns, At safepoint: 20419783 ns, Total: 20669621 ns
[2022-09-08T03:59:35.825+0000][7][gc,start    ] GC(8) Pause Young (Normal) (G1 Evacuation Pause)
[2022-09-08T03:59:35.826+0000][7][gc,task     ] GC(8) Using 6 workers of 6 for evacuation
[2022-09-08T03:59:35.826+0000][7][gc,age      ] GC(8) Desired survivor size 10485760 bytes, new threshold 6 (max threshold 15)
[2022-09-08T03:59:35.849+0000][7][gc,age      ] GC(8) Age table with threshold 6 (max threshold 15)
[2022-09-08T03:59:35.849+0000][7][gc,age      ] GC(8) - age   1:     691600 bytes,     691600 total
[2022-09-08T03:59:35.850+0000][7][gc,age      ] GC(8) - age   2:     256384 bytes,     947984 total
[2022-09-08T03:59:35.850+0000][7][gc,age      ] GC(8) - age   3:    1239920 bytes,    2187904 total
[2022-09-08T03:59:35.850+0000][7][gc,age      ] GC(8) - age   4:    1478432 bytes,    3666336 total
[2022-09-08T03:59:35.851+0000][7][gc,age      ] GC(8) - age   5:    1881632 bytes,    5547968 total
[2022-09-08T03:59:35.851+0000][7][gc,age      ] GC(8) - age   6:    3315160 bytes,    8863128 total
[2022-09-08T03:59:35.852+0000][7][gc,phases   ] GC(8)   Pre Evacuate Collection Set: 0.1ms
[2022-09-08T03:59:35.852+0000][7][gc,phases   ] GC(8)   Merge Heap Roots: 0.0ms
[2022-09-08T03:59:35.852+0000][7][gc,phases   ] GC(8)   Evacuate Collection Set: 21.6ms
[2022-09-08T03:59:35.852+0000][7][gc,phases   ] GC(8)   Post Evacuate Collection Set: 1.2ms
[2022-09-08T03:59:35.852+0000][7][gc,phases   ] GC(8)   Other: 3.3ms
[2022-09-08T03:59:35.852+0000][7][gc,heap     ] GC(8) Eden regions: 35->0(35)
[2022-09-08T03:59:35.852+0000][7][gc,heap     ] GC(8) Survivor regions: 3->3(5)
[2022-09-08T03:59:35.853+0000][7][gc,heap     ] GC(8) Old regions: 2->2
[2022-09-08T03:59:35.853+0000][7][gc,heap     ] GC(8) Archive regions: 2->2
[2022-09-08T03:59:35.853+0000][7][gc,heap     ] GC(8) Humongous regions: 0->0
[2022-09-08T03:59:35.853+0000][7][gc,metaspace] GC(8) Metaspace: 19618K(20864K)->19618K(20864K) NonClass: 17242K(18176K)->17242K(18176K) Class: 2375K(2688K)->2375K(2688K)
[2022-09-08T03:59:35.853+0000][7][gc          ] GC(8) Pause Young (Normal) (G1 Evacuation Pause) 159M->19M(256M) 27.871ms
[2022-09-08T03:59:35.853+0000][7][gc,cpu      ] GC(8) User=0.05s Sys=0.01s Real=0.03s
[2022-09-08T03:59:35.854+0000][7][safepoint   ] Safepoint "G1CollectForAllocation", Time since last: 256914710 ns, Reaching safepoint: 102442 ns, At safepoint: 28276701 ns, Total: 28379143 ns
[2022-09-08T03:59:36.095+0000][7][gc,start    ] GC(9) Pause Young (Normal) (G1 Evacuation Pause)
[2022-09-08T03:59:36.096+0000][7][gc,task     ] GC(9) Using 6 workers of 6 for evacuation
[2022-09-08T03:59:36.099+0000][7][gc,age      ] GC(9) Desired survivor size 10485760 bytes, new threshold 15 (max threshold 15)
[2022-09-08T03:59:36.143+0000][7][gc,age      ] GC(9) Age table with threshold 15 (max threshold 15)
[2022-09-08T03:59:36.143+0000][7][gc,age      ] GC(9) - age   1:     436672 bytes,     436672 total
[2022-09-08T03:59:36.144+0000][7][gc,age      ] GC(9) - age   2:     255160 bytes,     691832 total
[2022-09-08T03:59:36.144+0000][7][gc,age      ] GC(9) - age   3:     256232 bytes,     948064 total
[2022-09-08T03:59:36.144+0000][7][gc,age      ] GC(9) - age   4:    1239920 bytes,    2187984 total
[2022-09-08T03:59:36.144+0000][7][gc,age      ] GC(9) - age   5:    1477760 bytes,    3665744 total
[2022-09-08T03:59:36.145+0000][7][gc,age      ] GC(9) - age   6:    1881344 bytes,    5547088 total
[2022-09-08T03:59:36.146+0000][7][gc,age      ] GC(9) - age   7:    3315032 bytes,    8862120 total
[2022-09-08T03:59:36.147+0000][7][gc,phases   ] GC(9)   Pre Evacuate Collection Set: 0.2ms
[2022-09-08T03:59:36.148+0000][7][gc,phases   ] GC(9)   Merge Heap Roots: 0.7ms
[2022-09-08T03:59:36.150+0000][7][gc,phases   ] GC(9)   Evacuate Collection Set: 5.1ms
[2022-09-08T03:59:36.151+0000][7][gc,phases   ] GC(9)   Post Evacuate Collection Set: 36.3ms
[2022-09-08T03:59:36.151+0000][7][gc,phases   ] GC(9)   Other: 9.7ms
[2022-09-08T03:59:36.151+0000][7][gc,heap     ] GC(9) Eden regions: 35->0(35)
[2022-09-08T03:59:36.151+0000][7][gc,heap     ] GC(9) Survivor regions: 3->3(5)
[2022-09-08T03:59:36.151+0000][7][gc,heap     ] GC(9) Old regions: 2->2
[2022-09-08T03:59:36.152+0000][7][gc,heap     ] GC(9) Archive regions: 2->2
[2022-09-08T03:59:36.152+0000][7][gc,heap     ] GC(9) Humongous regions: 0->0
[2022-09-08T03:59:36.152+0000][7][gc,metaspace] GC(9) Metaspace: 19682K(20864K)->19682K(20864K) NonClass: 17294K(18176K)->17294K(18176K) Class: 2387K(2688K)->2387K(2688K)
[2022-09-08T03:59:36.152+0000][7][gc          ] GC(9) Pause Young (Normal) (G1 Evacuation Pause) 159M->19M(256M) 57.597ms
[2022-09-08T03:59:36.154+0000][7][gc,cpu      ] GC(9) User=0.11s Sys=0.02s Real=0.06s
[2022-09-08T03:59:36.154+0000][7][safepoint   ] Safepoint "G1CollectForAllocation", Time since last: 241083153 ns, Reaching safepoint: 89237 ns, At safepoint: 59315827 ns, Total: 59405064 ns
[2022-09-08T03:59:36.547+0000][7][gc,start    ] GC(10) Pause Young (Concurrent Start) (Metadata GC Threshold)
[2022-09-08T03:59:36.547+0000][7][gc,task     ] GC(10) Using 6 workers of 6 for evacuation
[2022-09-08T03:59:36.547+0000][7][gc,age      ] GC(10) Desired survivor size 10485760 bytes, new threshold 15 (max threshold 15)
[2022-09-08T03:59:36.556+0000][7][gc,age      ] GC(10) Age table with threshold 15 (max threshold 15)
[2022-09-08T03:59:36.557+0000][7][gc,age      ] GC(10) - age   1:    1663368 bytes,    1663368 total
[2022-09-08T03:59:36.557+0000][7][gc,age      ] GC(10) - age   2:     414600 bytes,    2077968 total
[2022-09-08T03:59:36.557+0000][7][gc,age      ] GC(10) - age   3:     255160 bytes,    2333128 total
[2022-09-08T03:59:36.557+0000][7][gc,age      ] GC(10) - age   4:     256168 bytes,    2589296 total
[2022-09-08T03:59:36.558+0000][7][gc,age      ] GC(10) - age   5:    1239920 bytes,    3829216 total
[2022-09-08T03:59:36.558+0000][7][gc,age      ] GC(10) - age   6:    1476720 bytes,    5305936 total
[2022-09-08T03:59:36.558+0000][7][gc,age      ] GC(10) - age   7:    1881152 bytes,    7187088 total
[2022-09-08T03:59:36.558+0000][7][gc,age      ] GC(10) - age   8:    3314736 bytes,   10501824 total
[2022-09-08T03:59:36.558+0000][7][gc,phases   ] GC(10)   Pre Evacuate Collection Set: 0.9ms
[2022-09-08T03:59:36.559+0000][7][gc,phases   ] GC(10)   Merge Heap Roots: 0.5ms
[2022-09-08T03:59:36.559+0000][7][gc,phases   ] GC(10)   Evacuate Collection Set: 6.0ms
[2022-09-08T03:59:36.559+0000][7][gc,phases   ] GC(10)   Post Evacuate Collection Set: 0.7ms
[2022-09-08T03:59:36.559+0000][7][gc,phases   ] GC(10)   Other: 3.6ms
[2022-09-08T03:59:36.560+0000][7][gc,heap     ] GC(10) Eden regions: 35->0(35)
[2022-09-08T03:59:36.560+0000][7][gc,heap     ] GC(10) Survivor regions: 3->3(5)
[2022-09-08T03:59:36.560+0000][7][gc,heap     ] GC(10) Old regions: 2->2
[2022-09-08T03:59:36.560+0000][7][gc,heap     ] GC(10) Archive regions: 2->2
[2022-09-08T03:59:36.560+0000][7][gc,heap     ] GC(10) Humongous regions: 0->0
[2022-09-08T03:59:36.560+0000][7][gc,metaspace] GC(10) Metaspace: 19979K(21248K)->19979K(21248K) NonClass: 17542K(18432K)->17542K(18432K) Class: 2436K(2816K)->2436K(2816K)
[2022-09-08T03:59:36.560+0000][7][gc          ] GC(10) Pause Young (Concurrent Start) (Metadata GC Threshold) 157M->21M(256M) 13.621ms
[2022-09-08T03:59:36.561+0000][7][gc,cpu      ] GC(10) User=0.00s Sys=0.01s Real=0.01s
[2022-09-08T03:59:36.561+0000][7][gc          ] GC(11) Concurrent Cycle
[2022-09-08T03:59:36.561+0000][7][gc,marking  ] GC(11) Concurrent Clear Claimed Marks
[2022-09-08T03:59:36.562+0000][7][gc,marking  ] GC(11) Concurrent Clear Claimed Marks 0.757ms
[2022-09-08T03:59:36.562+0000][7][gc,marking  ] GC(11) Concurrent Scan Root Regions
[2022-09-08T03:59:36.571+0000][7][safepoint   ] Safepoint "CollectForMetadataAllocation", Time since last: 392347988 ns, Reaching safepoint: 328415 ns, At safepoint: 24521247 ns, Total: 24849662 ns
[2022-09-08T03:59:36.574+0000][7][gc,marking  ] GC(11) Concurrent Scan Root Regions 12.364ms
[2022-09-08T03:59:36.575+0000][7][gc,marking  ] GC(11) Concurrent Mark (7.576s)
[2022-09-08T03:59:36.575+0000][7][gc,marking  ] GC(11) Concurrent Mark From Roots
[2022-09-08T03:59:36.575+0000][7][gc,task     ] GC(11) Using 2 workers of 2 for marking
[2022-09-08T03:59:36.597+0000][7][gc,marking  ] GC(11) Concurrent Mark From Roots 21.740ms
[2022-09-08T03:59:36.597+0000][7][gc,marking  ] GC(11) Concurrent Preclean
[2022-09-08T03:59:36.598+0000][7][gc,marking  ] GC(11) Concurrent Preclean 0.572ms
[2022-09-08T03:59:36.598+0000][7][gc,marking  ] GC(11) Concurrent Mark (7.576s, 7.599s) 23.059ms
[2022-09-08T03:59:36.599+0000][7][gc,start    ] GC(11) Pause Remark
[2022-09-08T03:59:36.605+0000][7][gc          ] GC(11) Pause Remark 45M->45M(256M) 5.447ms
[2022-09-08T03:59:36.605+0000][7][gc,cpu      ] GC(11) User=0.01s Sys=0.00s Real=0.00s
[2022-09-08T03:59:36.605+0000][7][safepoint   ] Safepoint "G1Concurrent", Time since last: 26985111 ns, Reaching safepoint: 841476 ns, At safepoint: 6017363 ns, Total: 6858839 ns
[2022-09-08T03:59:36.617+0000][7][gc,marking  ] GC(11) Concurrent Rebuild Remembered Sets
[2022-09-08T03:59:36.621+0000][7][gc,marking  ] GC(11) Concurrent Rebuild Remembered Sets 4.429ms
[2022-09-08T03:59:36.630+0000][7][gc,start    ] GC(11) Pause Cleanup
[2022-09-08T03:59:36.630+0000][7][gc          ] GC(11) Pause Cleanup 47M->47M(256M) 0.461ms
[2022-09-08T03:59:36.637+0000][7][gc,cpu      ] GC(11) User=0.00s Sys=0.00s Real=0.01s
[2022-09-08T03:59:36.637+0000][7][safepoint   ] Safepoint "G1Concurrent", Time since last: 21357639 ns, Reaching safepoint: 2998257 ns, At safepoint: 7469042 ns, Total: 10467299 ns
[2022-09-08T03:59:36.647+0000][7][gc,marking  ] GC(11) Concurrent Cleanup for Next Mark
[2022-09-08T03:59:36.648+0000][7][gc,marking  ] GC(11) Concurrent Cleanup for Next Mark 1.379ms
[2022-09-08T03:59:36.648+0000][7][gc          ] GC(11) Concurrent Cycle 87.617ms
[2022-09-08T03:59:36.816+0000][7][gc,start    ] GC(12) Pause Young (Normal) (G1 Evacuation Pause)
[2022-09-08T03:59:36.817+0000][7][gc,task     ] GC(12) Using 6 workers of 6 for evacuation
[2022-09-08T03:59:36.817+0000][7][gc,age      ] GC(12) Desired survivor size 10485760 bytes, new threshold 8 (max threshold 15)
[2022-09-08T03:59:36.830+0000][7][gc,age      ] GC(12) Age table with threshold 8 (max threshold 15)
[2022-09-08T03:59:36.830+0000][7][gc,age      ] GC(12) - age   1:    2069928 bytes,    2069928 total
[2022-09-08T03:59:36.831+0000][7][gc,age      ] GC(12) - age   2:    1642464 bytes,    3712392 total
[2022-09-08T03:59:36.831+0000][7][gc,age      ] GC(12) - age   3:     413608 bytes,    4126000 total
[2022-09-08T03:59:36.831+0000][7][gc,age      ] GC(12) - age   4:     255096 bytes,    4381096 total
[2022-09-08T03:59:36.831+0000][7][gc,age      ] GC(12) - age   5:     256168 bytes,    4637264 total
[2022-09-08T03:59:36.831+0000][7][gc,age      ] GC(12) - age   6:    1239920 bytes,    5877184 total
[2022-09-08T03:59:36.831+0000][7][gc,age      ] GC(12) - age   7:    1476720 bytes,    7353904 total
[2022-09-08T03:59:36.831+0000][7][gc,age      ] GC(12) - age   8:    1881152 bytes,    9235056 total
[2022-09-08T03:59:36.832+0000][7][gc,phases   ] GC(12)   Pre Evacuate Collection Set: 0.0ms
[2022-09-08T03:59:36.832+0000][7][gc,phases   ] GC(12)   Merge Heap Roots: 0.0ms
[2022-09-08T03:59:36.832+0000][7][gc,phases   ] GC(12)   Evacuate Collection Set: 11.2ms
[2022-09-08T03:59:36.832+0000][7][gc,phases   ] GC(12)   Post Evacuate Collection Set: 1.7ms
[2022-09-08T03:59:36.832+0000][7][gc,phases   ] GC(12)   Other: 2.9ms
[2022-09-08T03:59:36.833+0000][7][gc,heap     ] GC(12) Eden regions: 35->0(35)
[2022-09-08T03:59:36.834+0000][7][gc,heap     ] GC(12) Survivor regions: 3->3(5)
[2022-09-08T03:59:36.834+0000][7][gc,heap     ] GC(12) Old regions: 2->3
[2022-09-08T03:59:36.834+0000][7][gc,heap     ] GC(12) Archive regions: 2->2
[2022-09-08T03:59:36.834+0000][7][gc,heap     ] GC(12) Humongous regions: 0->0
[2022-09-08T03:59:36.834+0000][7][gc,metaspace] GC(12) Metaspace: 20063K(21504K)->20063K(21504K) NonClass: 17609K(18688K)->17609K(18688K) Class: 2454K(2816K)->2454K(2816K)
[2022-09-08T03:59:36.834+0000][7][gc          ] GC(12) Pause Young (Normal) (G1 Evacuation Pause) 161M->22M(256M) 18.375ms
[2022-09-08T03:59:36.834+0000][7][gc,cpu      ] GC(12) User=0.03s Sys=0.00s Real=0.02s
[2022-09-08T03:59:36.835+0000][7][safepoint   ] Safepoint "G1CollectForAllocation", Time since last: 177494040 ns, Reaching safepoint: 1315585 ns, At safepoint: 18810708 ns, Total: 20126293 ns
[2022-09-08T03:59:36.992+0000][7][gc,start    ] GC(13) Pause Young (Normal) (G1 Evacuation Pause)
[2022-09-08T03:59:36.993+0000][7][gc,task     ] GC(13) Using 6 workers of 6 for evacuation
[2022-09-08T03:59:36.994+0000][7][gc,age      ] GC(13) Desired survivor size 10485760 bytes, new threshold 15 (max threshold 15)
[2022-09-08T03:59:37.003+0000][7][gc,age      ] GC(13) Age table with threshold 15 (max threshold 15)
[2022-09-08T03:59:37.003+0000][7][gc,age      ] GC(13) - age   1:     937320 bytes,     937320 total
[2022-09-08T03:59:37.004+0000][7][gc,age      ] GC(13) - age   2:     507096 bytes,    1444416 total
[2022-09-08T03:59:37.004+0000][7][gc,age      ] GC(13) - age   3:    1642464 bytes,    3086880 total
[2022-09-08T03:59:37.004+0000][7][gc,age      ] GC(13) - age   4:     413392 bytes,    3500272 total
[2022-09-08T03:59:37.004+0000][7][gc,age      ] GC(13) - age   5:     255096 bytes,    3755368 total
[2022-09-08T03:59:37.004+0000][7][gc,age      ] GC(13) - age   6:     255624 bytes,    4010992 total
[2022-09-08T03:59:37.005+0000][7][gc,age      ] GC(13) - age   7:    1239920 bytes,    5250912 total
[2022-09-08T03:59:37.005+0000][7][gc,age      ] GC(13) - age   8:    1476720 bytes,    6727632 total
[2022-09-08T03:59:37.005+0000][7][gc,age      ] GC(13) - age   9:    1881152 bytes,    8608784 total
[2022-09-08T03:59:37.005+0000][7][gc,phases   ] GC(13)   Pre Evacuate Collection Set: 0.1ms
[2022-09-08T03:59:37.005+0000][7][gc,phases   ] GC(13)   Merge Heap Roots: 0.1ms
[2022-09-08T03:59:37.005+0000][7][gc,phases   ] GC(13)   Evacuate Collection Set: 7.3ms
[2022-09-08T03:59:37.005+0000][7][gc,phases   ] GC(13)   Post Evacuate Collection Set: 1.7ms
[2022-09-08T03:59:37.006+0000][7][gc,phases   ] GC(13)   Other: 3.8ms
[2022-09-08T03:59:37.006+0000][7][gc,heap     ] GC(13) Eden regions: 35->0(35)
[2022-09-08T03:59:37.006+0000][7][gc,heap     ] GC(13) Survivor regions: 3->3(5)
[2022-09-08T03:59:37.006+0000][7][gc,heap     ] GC(13) Old regions: 3->3
[2022-09-08T03:59:37.006+0000][7][gc,heap     ] GC(13) Archive regions: 2->2
[2022-09-08T03:59:37.007+0000][7][gc,heap     ] GC(13) Humongous regions: 0->0
[2022-09-08T03:59:37.007+0000][7][gc,metaspace] GC(13) Metaspace: 20097K(21504K)->20097K(21504K) NonClass: 17634K(18688K)->17634K(18688K) Class: 2463K(2816K)->2463K(2816K)
[2022-09-08T03:59:37.007+0000][7][gc          ] GC(13) Pause Young (Normal) (G1 Evacuation Pause) 162M->22M(256M) 14.724ms
[2022-09-08T03:59:37.007+0000][7][gc,cpu      ] GC(13) User=0.04s Sys=0.00s Real=0.02s
[2022-09-08T03:59:37.007+0000][7][safepoint   ] Safepoint "G1CollectForAllocation", Time since last: 157226484 ns, Reaching safepoint: 263834 ns, At safepoint: 15117530 ns, Total: 15381364 ns
[2022-09-08T03:59:38.010+0000][7][safepoint   ] Safepoint "Cleanup", Time since last: 1000284090 ns, Reaching safepoint: 2472591 ns, At safepoint: 106069 ns, Total: 2578660 ns
[2022-09-08T03:59:39.225+0000][7][safepoint   ] Safepoint "Cleanup", Time since last: 1213898886 ns, Reaching safepoint: 1363324 ns, At safepoint: 20439 ns, Total: 1383763 ns
[2022-09-08T03:59:39.767+0000][7][safepoint   ] Safepoint "ICBufferFull", Time since last: 541393867 ns, Reaching safepoint: 583273 ns, At safepoint: 13014 ns, Total: 596287 ns
[2022-09-08T03:59:39.814+0000][7][gc,start    ] GC(14) Pause Young (Normal) (G1 Evacuation Pause)
[2022-09-08T03:59:39.814+0000][7][gc,task     ] GC(14) Using 6 workers of 6 for evacuation
[2022-09-08T03:59:39.814+0000][7][gc,age      ] GC(14) Desired survivor size 10485760 bytes, new threshold 15 (max threshold 15)
[2022-09-08T03:59:39.866+0000][7][gc,age      ] GC(14) Age table with threshold 15 (max threshold 15)
[2022-09-08T03:59:39.869+0000][7][gc,age      ] GC(14) - age   1:    9506968 bytes,    9506968 total
[2022-09-08T03:59:39.870+0000][7][gc,age      ] GC(14) - age   2:     298272 bytes,    9805240 total
[2022-09-08T03:59:39.872+0000][7][gc,age      ] GC(14) - age   3:     506560 bytes,   10311800 total
[2022-09-08T03:59:39.874+0000][7][gc,age      ] GC(14) - age   4:    1638312 bytes,   11950112 total
[2022-09-08T03:59:39.874+0000][7][gc,age      ] GC(14) - age   5:     412832 bytes,   12362944 total
[2022-09-08T03:59:39.874+0000][7][gc,age      ] GC(14) - age   6:     254568 bytes,   12617512 total
[2022-09-08T03:59:39.875+0000][7][gc,age      ] GC(14) - age   7:     248640 bytes,   12866152 total
[2022-09-08T03:59:39.875+0000][7][gc,age      ] GC(14) - age   8:    1237072 bytes,   14103224 total
[2022-09-08T03:59:39.875+0000][7][gc,age      ] GC(14) - age   9:    1473088 bytes,   15576312 total
[2022-09-08T03:59:39.875+0000][7][gc,age      ] GC(14) - age  10:    1873800 bytes,   17450112 total
[2022-09-08T03:59:39.875+0000][7][gc,phases   ] GC(14)   Pre Evacuate Collection Set: 0.6ms
[2022-09-08T03:59:39.876+0000][7][gc,phases   ] GC(14)   Merge Heap Roots: 0.5ms
[2022-09-08T03:59:39.876+0000][7][gc,phases   ] GC(14)   Evacuate Collection Set: 25.1ms
[2022-09-08T03:59:39.876+0000][7][gc,phases   ] GC(14)   Post Evacuate Collection Set: 25.0ms
[2022-09-08T03:59:39.878+0000][7][gc,phases   ] GC(14)   Other: 10.8ms
[2022-09-08T03:59:39.879+0000][7][gc,heap     ] GC(14) Eden regions: 35->0(33)
[2022-09-08T03:59:39.887+0000][7][gc,heap     ] GC(14) Survivor regions: 3->5(5)
[2022-09-08T03:59:39.889+0000][7][gc,heap     ] GC(14) Old regions: 3->3
[2022-09-08T03:59:39.898+0000][7][gc,heap     ] GC(14) Archive regions: 2->2
[2022-09-08T03:59:39.899+0000][7][gc,heap     ] GC(14) Humongous regions: 0->0
[2022-09-08T03:59:39.899+0000][7][gc,metaspace] GC(14) Metaspace: 30011K(32000K)->30011K(32000K) NonClass: 26258K(27648K)->26258K(27648K) Class: 3752K(4352K)->3752K(4352K)
[2022-09-08T03:59:39.901+0000][7][gc          ] GC(14) Pause Young (Normal) (G1 Evacuation Pause) 162M->30M(256M) 87.629ms
[2022-09-08T03:59:39.902+0000][7][gc,cpu      ] GC(14) User=0.05s Sys=0.00s Real=0.09s
[2022-09-08T03:59:39.903+0000][7][safepoint   ] Safepoint "G1CollectForAllocation", Time since last: 46005793 ns, Reaching safepoint: 123852 ns, At safepoint: 89037585 ns, Total: 89161437 ns
[2022-09-08T03:59:40.720+0000][7][gc,start    ] GC(15) Pause Young (Normal) (G1 Evacuation Pause)
[2022-09-08T03:59:40.721+0000][7][gc,task     ] GC(15) Using 6 workers of 6 for evacuation
[2022-09-08T03:59:40.721+0000][7][gc,age      ] GC(15) Desired survivor size 10485760 bytes, new threshold 4 (max threshold 15)
[2022-09-08T03:59:40.758+0000][7][gc,age      ] GC(15) Age table with threshold 4 (max threshold 15)
[2022-09-08T03:59:40.758+0000][7][gc,age      ] GC(15) - age   1:   12427024 bytes,   12427024 total
[2022-09-08T03:59:40.759+0000][7][gc,age      ] GC(15) - age   2:    7714136 bytes,   20141160 total
[2022-09-08T03:59:40.759+0000][7][gc,age      ] GC(15) - age   3:     298272 bytes,   20439432 total
[2022-09-08T03:59:40.759+0000][7][gc,age      ] GC(15) - age   4:     506560 bytes,   20945992 total
[2022-09-08T03:59:40.759+0000][7][gc,phases   ] GC(15)   Pre Evacuate Collection Set: 0.1ms
[2022-09-08T03:59:40.759+0000][7][gc,phases   ] GC(15)   Merge Heap Roots: 0.0ms
[2022-09-08T03:59:40.759+0000][7][gc,phases   ] GC(15)   Evacuate Collection Set: 36.3ms
[2022-09-08T03:59:40.760+0000][7][gc,phases   ] GC(15)   Post Evacuate Collection Set: 0.8ms
[2022-09-08T03:59:40.760+0000][7][gc,phases   ] GC(15)   Other: 1.9ms
[2022-09-08T03:59:40.760+0000][7][gc,heap     ] GC(15) Eden regions: 33->0(33)
[2022-09-08T03:59:40.760+0000][7][gc,heap     ] GC(15) Survivor regions: 5->5(5)
[2022-09-08T03:59:40.760+0000][7][gc,heap     ] GC(15) Old regions: 3->6
[2022-09-08T03:59:40.760+0000][7][gc,heap     ] GC(15) Archive regions: 2->2
[2022-09-08T03:59:40.761+0000][7][gc,heap     ] GC(15) Humongous regions: 0->0
[2022-09-08T03:59:40.761+0000][7][gc,metaspace] GC(15) Metaspace: 30172K(32256K)->30172K(32256K) NonClass: 26398K(27904K)->26398K(27904K) Class: 3773K(4352K)->3773K(4352K)
[2022-09-08T03:59:40.761+0000][7][gc          ] GC(15) Pause Young (Normal) (G1 Evacuation Pause) 162M->46M(256M) 40.894ms
[2022-09-08T03:59:40.761+0000][7][gc,cpu      ] GC(15) User=0.09s Sys=0.00s Real=0.04s
[2022-09-08T03:59:40.761+0000][7][safepoint   ] Safepoint "G1CollectForAllocation", Time since last: 813977350 ns, Reaching safepoint: 3505747 ns, At safepoint: 41361803 ns, Total: 44867550 ns
[2022-09-08T03:59:41.651+0000][7][gc,start    ] GC(16) Pause Young (Concurrent Start) (Metadata GC Threshold)
[2022-09-08T03:59:41.652+0000][7][gc,task     ] GC(16) Using 6 workers of 6 for evacuation
[2022-09-08T03:59:41.652+0000][7][gc,age      ] GC(16) Desired survivor size 10485760 bytes, new threshold 1 (max threshold 15)
[2022-09-08T03:59:41.674+0000][7][gc,age      ] GC(16) Age table with threshold 1 (max threshold 15)
[2022-09-08T03:59:41.681+0000][7][gc,age      ] GC(16) - age   1:   12332176 bytes,   12332176 total
[2022-09-08T03:59:41.682+0000][7][gc,phases   ] GC(16)   Pre Evacuate Collection Set: 0.2ms
[2022-09-08T03:59:41.697+0000][7][gc,phases   ] GC(16)   Merge Heap Roots: 0.2ms
[2022-09-08T03:59:41.697+0000][7][gc,phases   ] GC(16)   Evacuate Collection Set: 20.4ms
[2022-09-08T03:59:41.697+0000][7][gc,phases   ] GC(16)   Post Evacuate Collection Set: 1.0ms
[2022-09-08T03:59:41.697+0000][7][gc,phases   ] GC(16)   Other: 8.7ms
[2022-09-08T03:59:41.697+0000][7][gc,heap     ] GC(16) Eden regions: 22->0(28)
[2022-09-08T03:59:41.698+0000][7][gc,heap     ] GC(16) Survivor regions: 5->4(5)
[2022-09-08T03:59:41.698+0000][7][gc,heap     ] GC(16) Old regions: 6->11
[2022-09-08T03:59:41.698+0000][7][gc,heap     ] GC(16) Archive regions: 2->2
[2022-09-08T03:59:41.698+0000][7][gc,heap     ] GC(16) Humongous regions: 0->0
[2022-09-08T03:59:41.698+0000][7][gc,metaspace] GC(16) Metaspace: 33533K(35840K)->33533K(35840K) NonClass: 29197K(30848K)->29197K(30848K) Class: 4335K(4992K)->4335K(4992K)
[2022-09-08T03:59:41.699+0000][7][gc          ] GC(16) Pause Young (Concurrent Start) (Metadata GC Threshold) 134M->61M(256M) 47.273ms
[2022-09-08T03:59:41.699+0000][7][gc,cpu      ] GC(16) User=0.08s Sys=0.00s Real=0.05s
[2022-09-08T03:59:41.699+0000][7][gc          ] GC(17) Concurrent Cycle
[2022-09-08T03:59:41.699+0000][7][gc,marking  ] GC(17) Concurrent Clear Claimed Marks
[2022-09-08T03:59:41.700+0000][7][gc,marking  ] GC(17) Concurrent Clear Claimed Marks 0.288ms
[2022-09-08T03:59:41.700+0000][7][gc,marking  ] GC(17) Concurrent Scan Root Regions
[2022-09-08T03:59:41.703+0000][7][safepoint   ] Safepoint "CollectForMetadataAllocation", Time since last: 889793988 ns, Reaching safepoint: 165410 ns, At safepoint: 51401010 ns, Total: 51566420 ns
[2022-09-08T03:59:41.716+0000][7][gc,marking  ] GC(17) Concurrent Scan Root Regions 16.466ms
[2022-09-08T03:59:41.717+0000][7][gc,marking  ] GC(17) Concurrent Mark (12.718s)
[2022-09-08T03:59:41.717+0000][7][gc,marking  ] GC(17) Concurrent Mark From Roots
[2022-09-08T03:59:41.717+0000][7][gc,task     ] GC(17) Using 2 workers of 2 for marking
[2022-09-08T03:59:41.736+0000][7][safepoint   ] Safepoint "CollectForMetadataAllocation", Time since last: 29290189 ns, Reaching safepoint: 168897 ns, At safepoint: 3717835 ns, Total: 3886732 ns
[2022-09-08T03:59:41.747+0000][7][gc,marking  ] GC(17) Concurrent Mark From Roots 29.730ms
[2022-09-08T03:59:41.747+0000][7][gc,marking  ] GC(17) Concurrent Preclean
[2022-09-08T03:59:41.748+0000][7][gc,marking  ] GC(17) Concurrent Preclean 0.849ms
[2022-09-08T03:59:41.748+0000][7][gc,marking  ] GC(17) Concurrent Mark (12.718s, 12.750s) 31.495ms
[2022-09-08T03:59:41.751+0000][7][gc,start    ] GC(17) Pause Remark
[2022-09-08T03:59:41.759+0000][7][gc          ] GC(17) Pause Remark 63M->63M(256M) 8.227ms
[2022-09-08T03:59:41.759+0000][7][gc,cpu      ] GC(17) User=0.02s Sys=0.00s Real=0.01s
[2022-09-08T03:59:41.760+0000][7][safepoint   ] Safepoint "G1Concurrent", Time since last: 12504404 ns, Reaching safepoint: 2266777 ns, At safepoint: 8802570 ns, Total: 11069347 ns
[2022-09-08T03:59:41.760+0000][7][gc,marking  ] GC(17) Concurrent Rebuild Remembered Sets
[2022-09-08T03:59:41.795+0000][7][gc,marking  ] GC(17) Concurrent Rebuild Remembered Sets 35.230ms
[2022-09-08T03:59:41.800+0000][7][gc,start    ] GC(17) Pause Cleanup
[2022-09-08T03:59:41.800+0000][7][gc          ] GC(17) Pause Cleanup 65M->65M(256M) 0.376ms
[2022-09-08T03:59:41.801+0000][7][gc,cpu      ] GC(17) User=0.00s Sys=0.00s Real=0.00s
[2022-09-08T03:59:41.801+0000][7][safepoint   ] Safepoint "G1Concurrent", Time since last: 35832705 ns, Reaching safepoint: 4754307 ns, At safepoint: 756226 ns, Total: 5510533 ns
[2022-09-08T03:59:41.801+0000][7][gc,marking  ] GC(17) Concurrent Cleanup for Next Mark
[2022-09-08T03:59:41.804+0000][7][gc,marking  ] GC(17) Concurrent Cleanup for Next Mark 3.161ms
[2022-09-08T03:59:41.805+0000][7][gc          ] GC(17) Concurrent Cycle 105.962ms
[2022-09-08T03:59:42.059+0000][7][gc,start    ] GC(18) Pause Young (Concurrent Start) (G1 Evacuation Pause)
[2022-09-08T03:59:42.059+0000][7][gc,task     ] GC(18) Using 6 workers of 6 for evacuation
[2022-09-08T03:59:42.060+0000][7][gc,age      ] GC(18) Desired survivor size 8388608 bytes, new threshold 1 (max threshold 15)
[2022-09-08T03:59:42.107+0000][7][gc,age      ] GC(18) Age table with threshold 1 (max threshold 15)
[2022-09-08T03:59:42.107+0000][7][gc,age      ] GC(18) - age   1:     602040 bytes,     602040 total
[2022-09-08T03:59:42.107+0000][7][gc,phases   ] GC(18)   Pre Evacuate Collection Set: 0.2ms
[2022-09-08T03:59:42.108+0000][7][gc,phases   ] GC(18)   Merge Heap Roots: 0.1ms
[2022-09-08T03:59:42.108+0000][7][gc,phases   ] GC(18)   Evacuate Collection Set: 36.4ms
[2022-09-08T03:59:42.108+0000][7][gc,phases   ] GC(18)   Post Evacuate Collection Set: 10.0ms
[2022-09-08T03:59:42.108+0000][7][gc,phases   ] GC(18)   Other: 1.6ms
[2022-09-08T03:59:42.109+0000][7][gc,heap     ] GC(18) Eden regions: 28->0(30)
[2022-09-08T03:59:42.109+0000][7][gc,heap     ] GC(18) Survivor regions: 4->1(4)
[2022-09-08T03:59:42.109+0000][7][gc,heap     ] GC(18) Old regions: 11->14
[2022-09-08T03:59:42.109+0000][7][gc,heap     ] GC(18) Archive regions: 2->2
[2022-09-08T03:59:42.109+0000][7][gc,heap     ] GC(18) Humongous regions: 0->0
[2022-09-08T03:59:42.110+0000][7][gc,metaspace] GC(18) Metaspace: 35845K(38272K)->35845K(38272K) NonClass: 31273K(33024K)->31273K(33024K) Class: 4572K(5248K)->4572K(5248K)
[2022-09-08T03:59:42.110+0000][7][gc          ] GC(18) Pause Young (Concurrent Start) (G1 Evacuation Pause) 173M->61M(256M) 50.706ms
[2022-09-08T03:59:42.110+0000][7][gc,cpu      ] GC(18) User=0.05s Sys=0.00s Real=0.05s
[2022-09-08T03:59:42.110+0000][7][safepoint   ] Safepoint "G1CollectForAllocation", Time since last: 258040300 ns, Reaching safepoint: 137006 ns, At safepoint: 51030065 ns, Total: 51167071 ns
[2022-09-08T03:59:42.118+0000][7][gc          ] GC(19) Concurrent Cycle
[2022-09-08T03:59:42.119+0000][7][gc,marking  ] GC(19) Concurrent Clear Claimed Marks
[2022-09-08T03:59:42.119+0000][7][gc,marking  ] GC(19) Concurrent Clear Claimed Marks 0.244ms
[2022-09-08T03:59:42.119+0000][7][gc,marking  ] GC(19) Concurrent Scan Root Regions
[2022-09-08T03:59:42.127+0000][7][gc,marking  ] GC(19) Concurrent Scan Root Regions 8.122ms
[2022-09-08T03:59:42.137+0000][7][gc,marking  ] GC(19) Concurrent Mark (13.139s)
[2022-09-08T03:59:42.138+0000][7][gc,marking  ] GC(19) Concurrent Mark From Roots
[2022-09-08T03:59:42.140+0000][7][gc,task     ] GC(19) Using 2 workers of 2 for marking
[2022-09-08T03:59:42.217+0000][7][gc,marking  ] GC(19) Concurrent Mark From Roots 78.548ms
[2022-09-08T03:59:42.218+0000][7][gc,marking  ] GC(19) Concurrent Preclean
[2022-09-08T03:59:42.219+0000][7][gc,marking  ] GC(19) Concurrent Preclean 1.536ms
[2022-09-08T03:59:42.220+0000][7][gc,marking  ] GC(19) Concurrent Mark (13.139s, 13.221s) 82.682ms
[2022-09-08T03:59:42.221+0000][7][gc,start    ] GC(19) Pause Remark
[2022-09-08T03:59:42.227+0000][7][gc          ] GC(19) Pause Remark 65M->65M(256M) 5.911ms
[2022-09-08T03:59:42.227+0000][7][gc,cpu      ] GC(19) User=0.01s Sys=0.00s Real=0.01s
[2022-09-08T03:59:42.230+0000][7][safepoint   ] Safepoint "G1Concurrent", Time since last: 110637077 ns, Reaching safepoint: 220924 ns, At safepoint: 9524823 ns, Total: 9745747 ns
[2022-09-08T03:59:42.231+0000][7][gc,marking  ] GC(19) Concurrent Rebuild Remembered Sets
[2022-09-08T03:59:42.345+0000][7][gc,marking  ] GC(19) Concurrent Rebuild Remembered Sets 113.392ms
[2022-09-08T03:59:42.346+0000][7][gc,start    ] GC(19) Pause Cleanup
[2022-09-08T03:59:42.347+0000][7][gc          ] GC(19) Pause Cleanup 65M->65M(256M) 1.136ms
[2022-09-08T03:59:42.348+0000][7][gc,cpu      ] GC(19) User=0.00s Sys=0.00s Real=0.01s
[2022-09-08T03:59:42.348+0000][7][safepoint   ] Safepoint "G1Concurrent", Time since last: 114699638 ns, Reaching safepoint: 348773 ns, At safepoint: 2992456 ns, Total: 3341229 ns
[2022-09-08T03:59:42.353+0000][7][gc,marking  ] GC(19) Concurrent Cleanup for Next Mark
[2022-09-08T03:59:42.363+0000][7][gc,marking  ] GC(19) Concurrent Cleanup for Next Mark 9.809ms
[2022-09-08T03:59:42.375+0000][7][gc          ] GC(19) Concurrent Cycle 256.778ms
[2022-09-08T03:59:43.498+0000][7][safepoint   ] Safepoint "Cleanup", Time since last: 1149733575 ns, Reaching safepoint: 177602 ns, At safepoint: 1663 ns, Total: 179265 ns
[2022-09-08T03:59:44.841+0000][7][safepoint   ] Safepoint "Cleanup", Time since last: 1342209512 ns, Reaching safepoint: 397404 ns, At safepoint: 13516 ns, Total: 410920 ns
[2022-09-08T03:59:45.287+0000][7][gc,start    ] GC(20) Pause Young (Normal) (G1 Evacuation Pause)
[2022-09-08T03:59:45.292+0000][7][gc,task     ] GC(20) Using 6 workers of 6 for evacuation
[2022-09-08T03:59:45.293+0000][7][gc,age      ] GC(20) Desired survivor size 8388608 bytes, new threshold 15 (max threshold 15)
[2022-09-08T03:59:45.310+0000][7][gc,age      ] GC(20) Age table with threshold 15 (max threshold 15)
[2022-09-08T03:59:45.310+0000][7][gc,age      ] GC(20) - age   1:    5996496 bytes,    5996496 total
[2022-09-08T03:59:45.311+0000][7][gc,age      ] GC(20) - age   2:     591096 bytes,    6587592 total
[2022-09-08T03:59:45.311+0000][7][gc,phases   ] GC(20)   Pre Evacuate Collection Set: 0.1ms
[2022-09-08T03:59:45.311+0000][7][gc,phases   ] GC(20)   Merge Heap Roots: 0.0ms
[2022-09-08T03:59:45.311+0000][7][gc,phases   ] GC(20)   Evacuate Collection Set: 9.7ms
[2022-09-08T03:59:45.311+0000][7][gc,phases   ] GC(20)   Post Evacuate Collection Set: 7.2ms
[2022-09-08T03:59:45.312+0000][7][gc,phases   ] GC(20)   Other: 7.1ms
[2022-09-08T03:59:45.312+0000][7][gc,heap     ] GC(20) Eden regions: 30->0(29)
[2022-09-08T03:59:45.312+0000][7][gc,heap     ] GC(20) Survivor regions: 1->2(4)
[2022-09-08T03:59:45.312+0000][7][gc,heap     ] GC(20) Old regions: 14->14
[2022-09-08T03:59:45.312+0000][7][gc,heap     ] GC(20) Archive regions: 2->2
[2022-09-08T03:59:45.313+0000][7][gc,heap     ] GC(20) Humongous regions: 0->0
[2022-09-08T03:59:45.313+0000][7][gc,metaspace] GC(20) Metaspace: 51847K(55424K)->51847K(55424K) NonClass: 44910K(47616K)->44910K(47616K) Class: 6936K(7808K)->6936K(7808K)
[2022-09-08T03:59:45.313+0000][7][gc          ] GC(20) Pause Young (Normal) (G1 Evacuation Pause) 181M->66M(256M) 26.287ms
[2022-09-08T03:59:45.313+0000][7][gc,cpu      ] GC(20) User=0.03s Sys=0.00s Real=0.02s
[2022-09-08T03:59:45.313+0000][7][safepoint   ] Safepoint "G1CollectForAllocation", Time since last: 445525316 ns, Reaching safepoint: 121458 ns, At safepoint: 26792400 ns, Total: 26913858 ns
[2022-09-08T03:59:47.167+0000][7][safepoint   ] Safepoint "Cleanup", Time since last: 1852606291 ns, Reaching safepoint: 943037 ns, At safepoint: 74690 ns, Total: 1017727 ns
[2022-09-08T03:59:47.414+0000][7][gc,start    ] GC(21) Pause Young (Concurrent Start) (Metadata GC Threshold)
[2022-09-08T03:59:47.414+0000][7][gc,task     ] GC(21) Using 6 workers of 6 for evacuation
[2022-09-08T03:59:47.414+0000][7][gc,age      ] GC(21) Desired survivor size 8388608 bytes, new threshold 15 (max threshold 15)
[2022-09-08T03:59:47.433+0000][7][gc,age      ] GC(21) Age table with threshold 15 (max threshold 15)
[2022-09-08T03:59:47.434+0000][7][gc,age      ] GC(21) - age   1:    4161664 bytes,    4161664 total
[2022-09-08T03:59:47.434+0000][7][gc,age      ] GC(21) - age   2:    5813800 bytes,    9975464 total
[2022-09-08T03:59:47.434+0000][7][gc,age      ] GC(21) - age   3:     589480 bytes,   10564944 total
[2022-09-08T03:59:47.434+0000][7][gc,phases   ] GC(21)   Pre Evacuate Collection Set: 0.2ms
[2022-09-08T03:59:47.435+0000][7][gc,phases   ] GC(21)   Merge Heap Roots: 0.2ms
[2022-09-08T03:59:47.435+0000][7][gc,phases   ] GC(21)   Evacuate Collection Set: 14.6ms
[2022-09-08T03:59:47.435+0000][7][gc,phases   ] GC(21)   Post Evacuate Collection Set: 3.5ms
[2022-09-08T03:59:47.435+0000][7][gc,phases   ] GC(21)   Other: 2.4ms
[2022-09-08T03:59:47.436+0000][7][gc,heap     ] GC(21) Eden regions: 29->0(29)
[2022-09-08T03:59:47.436+0000][7][gc,heap     ] GC(21) Survivor regions: 2->3(4)
[2022-09-08T03:59:47.436+0000][7][gc,heap     ] GC(21) Old regions: 14->14
[2022-09-08T03:59:47.438+0000][7][gc,heap     ] GC(21) Archive regions: 2->2
[2022-09-08T03:59:47.438+0000][7][gc,heap     ] GC(21) Humongous regions: 0->0
[2022-09-08T03:59:47.439+0000][7][gc,metaspace] GC(21) Metaspace: 60606K(64216K)->60606K(64216K) NonClass: 52491K(55256K)->52491K(55256K) Class: 8115K(8960K)->8115K(8960K)
[2022-09-08T03:59:47.439+0000][7][gc          ] GC(21) Pause Young (Concurrent Start) (Metadata GC Threshold) 180M->69M(256M) 25.818ms
[2022-09-08T03:59:47.440+0000][7][gc,cpu      ] GC(21) User=0.07s Sys=0.00s Real=0.03s
[2022-09-08T03:59:47.441+0000][7][gc          ] GC(22) Concurrent Cycle
[2022-09-08T03:59:47.442+0000][7][gc,marking  ] GC(22) Concurrent Clear Claimed Marks
[2022-09-08T03:59:47.443+0000][7][safepoint   ] Safepoint "CollectForMetadataAllocation", Time since last: 245967222 ns, Reaching safepoint: 491170 ns, At safepoint: 29425072 ns, Total: 29916242 ns
[2022-09-08T03:59:47.443+0000][7][gc,marking  ] GC(22) Concurrent Clear Claimed Marks 1.206ms
[2022-09-08T03:59:47.447+0000][7][gc,marking  ] GC(22) Concurrent Scan Root Regions
[2022-09-08T03:59:47.455+0000][7][gc,marking  ] GC(22) Concurrent Scan Root Regions 8.464ms
[2022-09-08T03:59:47.456+0000][7][gc,marking  ] GC(22) Concurrent Mark (18.458s)
[2022-09-08T03:59:47.457+0000][7][gc,marking  ] GC(22) Concurrent Mark From Roots
[2022-09-08T03:59:47.457+0000][7][gc,task     ] GC(22) Using 2 workers of 2 for marking
[2022-09-08T03:59:47.490+0000][7][safepoint   ] Safepoint "CollectForMetadataAllocation", Time since last: 43873619 ns, Reaching safepoint: 174898 ns, At safepoint: 2523928 ns, Total: 2698826 ns
[2022-09-08T03:59:47.500+0000][7][gc,marking  ] GC(22) Concurrent Mark From Roots 43.521ms
[2022-09-08T03:59:47.500+0000][7][gc,marking  ] GC(22) Concurrent Preclean
[2022-09-08T03:59:47.501+0000][7][gc,marking  ] GC(22) Concurrent Preclean 0.357ms
[2022-09-08T03:59:47.501+0000][7][gc,marking  ] GC(22) Concurrent Mark (18.458s, 18.503s) 44.713ms
[2022-09-08T03:59:47.501+0000][7][gc,start    ] GC(22) Pause Remark
[2022-09-08T03:59:47.506+0000][7][gc          ] GC(22) Pause Remark 73M->73M(256M) 4.239ms
[2022-09-08T03:59:47.506+0000][7][gc,cpu      ] GC(22) User=0.01s Sys=0.00s Real=0.00s
[2022-09-08T03:59:47.506+0000][7][safepoint   ] Safepoint "G1Concurrent", Time since last: 11652228 ns, Reaching safepoint: 95279 ns, At safepoint: 4719821 ns, Total: 4815100 ns
[2022-09-08T03:59:47.507+0000][7][gc,marking  ] GC(22) Concurrent Rebuild Remembered Sets
[2022-09-08T03:59:47.542+0000][7][gc,marking  ] GC(22) Concurrent Rebuild Remembered Sets 34.604ms
[2022-09-08T03:59:47.543+0000][7][gc,start    ] GC(22) Pause Cleanup
[2022-09-08T03:59:47.544+0000][7][gc          ] GC(22) Pause Cleanup 75M->75M(256M) 0.464ms
[2022-09-08T03:59:47.544+0000][7][gc,cpu      ] GC(22) User=0.00s Sys=0.00s Real=0.00s
[2022-09-08T03:59:47.544+0000][7][safepoint   ] Safepoint "G1Concurrent", Time since last: 36284192 ns, Reaching safepoint: 996767 ns, At safepoint: 824665 ns, Total: 1821432 ns
[2022-09-08T03:59:47.544+0000][7][gc,marking  ] GC(22) Concurrent Cleanup for Next Mark
[2022-09-08T03:59:47.545+0000][7][gc,marking  ] GC(22) Concurrent Cleanup for Next Mark 0.562ms
[2022-09-08T03:59:47.545+0000][7][gc          ] GC(22) Concurrent Cycle 104.043ms
[2022-09-08T03:59:48.918+0000][7][safepoint   ] Safepoint "Cleanup", Time since last: 1367085943 ns, Reaching safepoint: 6949247 ns, At safepoint: 55875 ns, Total: 7005122 ns
[2022-09-08T03:59:50.459+0000][7][safepoint   ] Safepoint "ICBufferFull", Time since last: 1540240254 ns, Reaching safepoint: 208992 ns, At safepoint: 35546 ns, Total: 244538 ns
[2022-09-08T03:59:50.713+0000][7][gc,start    ] GC(23) Pause Young (Concurrent Start) (G1 Evacuation Pause)
[2022-09-08T03:59:50.713+0000][7][gc,task     ] GC(23) Using 6 workers of 6 for evacuation
[2022-09-08T03:59:50.713+0000][7][gc,age      ] GC(23) Desired survivor size 8388608 bytes, new threshold 2 (max threshold 15)
[2022-09-08T03:59:50.738+0000][7][gc,age      ] GC(23) Age table with threshold 2 (max threshold 15)
[2022-09-08T03:59:50.738+0000][7][gc,age      ] GC(23) - age   1:    6171904 bytes,    6171904 total
[2022-09-08T03:59:50.739+0000][7][gc,age      ] GC(23) - age   2:    4055688 bytes,   10227592 total
[2022-09-08T03:59:50.739+0000][7][gc,phases   ] GC(23)   Pre Evacuate Collection Set: 0.6ms
[2022-09-08T03:59:50.739+0000][7][gc,phases   ] GC(23)   Merge Heap Roots: 0.1ms
[2022-09-08T03:59:50.739+0000][7][gc,phases   ] GC(23)   Evacuate Collection Set: 22.1ms
[2022-09-08T03:59:50.739+0000][7][gc,phases   ] GC(23)   Post Evacuate Collection Set: 1.8ms
[2022-09-08T03:59:50.739+0000][7][gc,phases   ] GC(23)   Other: 1.5ms
[2022-09-08T03:59:50.739+0000][7][gc,heap     ] GC(23) Eden regions: 29->0(28)
[2022-09-08T03:59:50.740+0000][7][gc,heap     ] GC(23) Survivor regions: 3->3(4)
[2022-09-08T03:59:50.740+0000][7][gc,heap     ] GC(23) Old regions: 14->16
[2022-09-08T03:59:50.740+0000][7][gc,heap     ] GC(23) Archive regions: 2->2
[2022-09-08T03:59:50.740+0000][7][gc,heap     ] GC(23) Humongous regions: 0->0
[2022-09-08T03:59:50.740+0000][7][gc,metaspace] GC(23) Metaspace: 78898K(83236K)->78898K(83236K) NonClass: 68275K(71588K)->68275K(71588K) Class: 10623K(11648K)->10623K(11648K)
[2022-09-08T03:59:50.740+0000][7][gc          ] GC(23) Pause Young (Concurrent Start) (G1 Evacuation Pause) 185M->75M(256M) 27.571ms
[2022-09-08T03:59:50.741+0000][7][gc,cpu      ] GC(23) User=0.04s Sys=0.00s Real=0.03s
[2022-09-08T03:59:50.741+0000][7][gc          ] GC(24) Concurrent Cycle
[2022-09-08T03:59:50.744+0000][7][gc,marking  ] GC(24) Concurrent Clear Claimed Marks
[2022-09-08T03:59:50.744+0000][7][gc,marking  ] GC(24) Concurrent Clear Claimed Marks 0.565ms
[2022-09-08T03:59:50.745+0000][7][gc,marking  ] GC(24) Concurrent Scan Root Regions
[2022-09-08T03:59:50.751+0000][7][gc,marking  ] GC(24) Concurrent Scan Root Regions 6.314ms
[2022-09-08T03:59:50.751+0000][7][gc,marking  ] GC(24) Concurrent Mark (21.753s)
[2022-09-08T03:59:50.751+0000][7][gc,marking  ] GC(24) Concurrent Mark From Roots
[2022-09-08T03:59:50.751+0000][7][gc,task     ] GC(24) Using 2 workers of 2 for marking
[2022-09-08T03:59:50.741+0000][7][safepoint   ] Safepoint "G1CollectForAllocation", Time since last: 253538686 ns, Reaching safepoint: 495398 ns, At safepoint: 28036501 ns, Total: 28531899 ns
[2022-09-08T03:59:50.826+0000][7][gc,marking  ] GC(24) Concurrent Mark From Roots 75.036ms
[2022-09-08T03:59:50.827+0000][7][gc,marking  ] GC(24) Concurrent Preclean
[2022-09-08T03:59:50.827+0000][7][gc,marking  ] GC(24) Concurrent Preclean 0.366ms
[2022-09-08T03:59:50.827+0000][7][gc,marking  ] GC(24) Concurrent Mark (21.753s, 21.829s) 75.945ms
[2022-09-08T03:59:50.828+0000][7][gc,start    ] GC(24) Pause Remark
[2022-09-08T03:59:50.834+0000][7][gc          ] GC(24) Pause Remark 79M->79M(256M) 6.466ms
[2022-09-08T03:59:50.834+0000][7][gc,cpu      ] GC(24) User=0.01s Sys=0.01s Real=0.00s
[2022-09-08T03:59:50.835+0000][7][safepoint   ] Safepoint "G1Concurrent", Time since last: 86628162 ns, Reaching safepoint: 201668 ns, At safepoint: 7103035 ns, Total: 7304703 ns
[2022-09-08T03:59:50.835+0000][7][gc,marking  ] GC(24) Concurrent Rebuild Remembered Sets
[2022-09-08T03:59:50.867+0000][7][gc,marking  ] GC(24) Concurrent Rebuild Remembered Sets 32.077ms
[2022-09-08T03:59:50.868+0000][7][gc,start    ] GC(24) Pause Cleanup
[2022-09-08T03:59:50.868+0000][7][gc          ] GC(24) Pause Cleanup 79M->79M(256M) 0.377ms
[2022-09-08T03:59:50.868+0000][7][gc,cpu      ] GC(24) User=0.00s Sys=0.00s Real=0.00s
[2022-09-08T03:59:50.869+0000][7][safepoint   ] Safepoint "G1Concurrent", Time since last: 32786039 ns, Reaching safepoint: 302978 ns, At safepoint: 781593 ns, Total: 1084571 ns
[2022-09-08T03:59:50.869+0000][7][gc,marking  ] GC(24) Concurrent Cleanup for Next Mark
[2022-09-08T03:59:50.870+0000][7][gc,marking  ] GC(24) Concurrent Cleanup for Next Mark 0.810ms
[2022-09-08T03:59:50.870+0000][7][gc          ] GC(24) Concurrent Cycle 129.241ms
[2022-09-08T03:59:51.902+0000][7][safepoint   ] Safepoint "ICBufferFull", Time since last: 1033514101 ns, Reaching safepoint: 217647 ns, At safepoint: 37070 ns, Total: 254717 ns
[2022-09-08T03:59:52.897+0000][7][safepoint   ] Safepoint "ICBufferFull", Time since last: 983066266 ns, Reaching safepoint: 11117216 ns, At safepoint: 62336 ns, Total: 11179552 ns
[2022-09-08T03:59:53.188+0000][7][gc,start    ] GC(25) Pause Young (Concurrent Start) (G1 Humongous Allocation)
[2022-09-08T03:59:53.189+0000][7][gc,task     ] GC(25) Using 6 workers of 6 for evacuation
[2022-09-08T03:59:53.189+0000][7][gc,age      ] GC(25) Desired survivor size 8388608 bytes, new threshold 2 (max threshold 15)
[2022-09-08T03:59:53.206+0000][7][gc,age      ] GC(25) Age table with threshold 2 (max threshold 15)
[2022-09-08T03:59:53.206+0000][7][gc,age      ] GC(25) - age   1:    3221576 bytes,    3221576 total
[2022-09-08T03:59:53.206+0000][7][gc,age      ] GC(25) - age   2:    5999512 bytes,    9221088 total
[2022-09-08T03:59:53.207+0000][7][gc,phases   ] GC(25)   Pre Evacuate Collection Set: 0.2ms
[2022-09-08T03:59:53.207+0000][7][gc,phases   ] GC(25)   Merge Heap Roots: 0.1ms
[2022-09-08T03:59:53.207+0000][7][gc,phases   ] GC(25)   Evacuate Collection Set: 15.1ms
[2022-09-08T03:59:53.207+0000][7][gc,phases   ] GC(25)   Post Evacuate Collection Set: 1.1ms
[2022-09-08T03:59:53.207+0000][7][gc,phases   ] GC(25)   Other: 1.6ms
[2022-09-08T03:59:53.207+0000][7][gc,heap     ] GC(25) Eden regions: 15->0(26)
[2022-09-08T03:59:53.207+0000][7][gc,heap     ] GC(25) Survivor regions: 3->3(4)
[2022-09-08T03:59:53.208+0000][7][gc,heap     ] GC(25) Old regions: 16->17
[2022-09-08T03:59:53.208+0000][7][gc,heap     ] GC(25) Archive regions: 2->2
[2022-09-08T03:59:53.208+0000][7][gc,heap     ] GC(25) Humongous regions: 1->1
[2022-09-08T03:59:53.208+0000][7][gc,metaspace] GC(25) Metaspace: 86575K(91300K)->86575K(91300K) NonClass: 74869K(78500K)->74869K(78500K) Class: 11706K(12800K)->11706K(12800K)
[2022-09-08T03:59:53.208+0000][7][gc          ] GC(25) Pause Young (Concurrent Start) (G1 Humongous Allocation) 139M->84M(256M) 19.887ms
[2022-09-08T03:59:53.208+0000][7][gc,cpu      ] GC(25) User=0.04s Sys=0.00s Real=0.02s
[2022-09-08T03:59:53.209+0000][7][safepoint   ] Safepoint "G1TryInitiateConcMark", Time since last: 291641174 ns, Reaching safepoint: 169477 ns, At safepoint: 20291723 ns, Total: 20461200 ns
[2022-09-08T03:59:53.209+0000][7][gc          ] GC(26) Concurrent Cycle
[2022-09-08T03:59:53.209+0000][7][gc,marking  ] GC(26) Concurrent Clear Claimed Marks
[2022-09-08T03:59:53.210+0000][7][gc,marking  ] GC(26) Concurrent Clear Claimed Marks 0.438ms
[2022-09-08T03:59:53.210+0000][7][gc,marking  ] GC(26) Concurrent Scan Root Regions
[2022-09-08T03:59:53.218+0000][7][gc,marking  ] GC(26) Concurrent Scan Root Regions 8.138ms
[2022-09-08T03:59:53.218+0000][7][gc,marking  ] GC(26) Concurrent Mark (24.220s)
[2022-09-08T03:59:53.219+0000][7][gc,marking  ] GC(26) Concurrent Mark From Roots
[2022-09-08T03:59:53.219+0000][7][gc,task     ] GC(26) Using 2 workers of 2 for marking
[2022-09-08T03:59:53.276+0000][7][gc,marking  ] GC(26) Concurrent Mark From Roots 57.591ms
[2022-09-08T03:59:53.277+0000][7][gc,marking  ] GC(26) Concurrent Preclean
[2022-09-08T03:59:53.277+0000][7][gc,marking  ] GC(26) Concurrent Preclean 0.281ms
[2022-09-08T03:59:53.277+0000][7][gc,marking  ] GC(26) Concurrent Mark (24.220s, 24.278s) 58.465ms
[2022-09-08T03:59:53.279+0000][7][gc,start    ] GC(26) Pause Remark
[2022-09-08T03:59:53.289+0000][7][gc          ] GC(26) Pause Remark 90M->90M(256M) 9.835ms
[2022-09-08T03:59:53.290+0000][7][gc,cpu      ] GC(26) User=0.01s Sys=0.00s Real=0.01s
[2022-09-08T03:59:53.290+0000][7][safepoint   ] Safepoint "G1Concurrent", Time since last: 68377943 ns, Reaching safepoint: 2303856 ns, At safepoint: 10463130 ns, Total: 12766986 ns
[2022-09-08T03:59:53.290+0000][7][gc,marking  ] GC(26) Concurrent Rebuild Remembered Sets
[2022-09-08T03:59:53.325+0000][7][gc,marking  ] GC(26) Concurrent Rebuild Remembered Sets 34.471ms
[2022-09-08T03:59:53.325+0000][7][gc,start    ] GC(26) Pause Cleanup
[2022-09-08T03:59:53.326+0000][7][gc          ] GC(26) Pause Cleanup 90M->90M(256M) 0.380ms
[2022-09-08T03:59:53.326+0000][7][gc,cpu      ] GC(26) User=0.00s Sys=0.00s Real=0.00s
[2022-09-08T03:59:53.326+0000][7][safepoint   ] Safepoint "G1Concurrent", Time since last: 35071440 ns, Reaching safepoint: 266078 ns, At safepoint: 957955 ns, Total: 1224033 ns
[2022-09-08T03:59:53.326+0000][7][gc,marking  ] GC(26) Concurrent Cleanup for Next Mark
[2022-09-08T03:59:53.327+0000][7][gc,marking  ] GC(26) Concurrent Cleanup for Next Mark 0.876ms
[2022-09-08T03:59:53.328+0000][7][gc          ] GC(26) Concurrent Cycle 118.916ms
[2022-09-08T03:59:54.337+0000][7][safepoint   ] Safepoint "Cleanup", Time since last: 1010422372 ns, Reaching safepoint: 536886 ns, At safepoint: 68178 ns, Total: 605064 ns
[2022-09-08T03:59:55.337+0000][7][safepoint   ] Safepoint "Cleanup", Time since last: 1000063837 ns, Reaching safepoint: 200786 ns, At safepoint: 1803 ns, Total: 202589 ns
[2022-09-08T03:59:56.338+0000][7][safepoint   ] Safepoint "Cleanup", Time since last: 1000562442 ns, Reaching safepoint: 315591 ns, At safepoint: 16461 ns, Total: 332052 ns
[2022-09-08T03:59:57.339+0000][7][safepoint   ] Safepoint "Cleanup", Time since last: 1000604139 ns, Reaching safepoint: 186710 ns, At safepoint: 1864 ns, Total: 188574 ns
[2022-09-08T03:59:58.344+0000][7][safepoint   ] Safepoint "Cleanup", Time since last: 1004688781 ns, Reaching safepoint: 262451 ns, At safepoint: 44183 ns, Total: 306634 ns
[2022-09-08T03:59:59.486+0000][7][safepoint   ] Safepoint "Cleanup", Time since last: 1141415192 ns, Reaching safepoint: 404027 ns, At safepoint: 62958 ns, Total: 466985 ns
[2022-09-08T04:00:00.487+0000][7][safepoint   ] Safepoint "Cleanup", Time since last: 1000636951 ns, Reaching safepoint: 96570 ns, At safepoint: 3467 ns, Total: 100037 ns
[2022-09-08T04:00:01.488+0000][7][safepoint   ] Safepoint "Cleanup", Time since last: 1000622373 ns, Reaching safepoint: 171171 ns, At safepoint: 6993 ns, Total: 178164 ns
[2022-09-08T04:00:02.488+0000][7][safepoint   ] Safepoint "Cleanup", Time since last: 1000510986 ns, Reaching safepoint: 156242 ns, At safepoint: 8867 ns, Total: 165109 ns
[2022-09-08T04:00:07.489+0000][7][safepoint   ] Safepoint "Cleanup", Time since last: 5000961460 ns, Reaching safepoint: 146805 ns, At safepoint: 7965 ns, Total: 154770 ns
[2022-09-08T04:00:11.495+0000][7][safepoint   ] Safepoint "Cleanup", Time since last: 4004966464 ns, Reaching safepoint: 213971 ns, At safepoint: 2805 ns, Total: 216776 ns
[2022-09-08T04:00:12.496+0000][7][safepoint   ] Safepoint "Cleanup", Time since last: 1000563483 ns, Reaching safepoint: 273773 ns, At safepoint: 54983 ns, Total: 328756 ns
[2022-09-08T04:00:17.497+0000][7][safepoint   ] Safepoint "Cleanup", Time since last: 5001165232 ns, Reaching safepoint: 201047 ns, At safepoint: 35155 ns, Total: 236202 ns
[2022-09-08T04:00:18.498+0000][7][safepoint   ] Safepoint "Cleanup", Time since last: 1000546242 ns, Reaching safepoint: 202559 ns, At safepoint: 33884 ns, Total: 236443 ns
[2022-09-08T04:00:21.499+0000][7][safepoint   ] Safepoint "Cleanup", Time since last: 3000768582 ns, Reaching safepoint: 219842 ns, At safepoint: 7294 ns, Total: 227136 ns
[2022-09-08T04:00:22.500+0000][7][safepoint   ] Safepoint "Cleanup", Time since last: 1000871851 ns, Reaching safepoint: 304741 ns, At safepoint: 41097 ns, Total: 345838 ns
[2022-09-08T04:00:23.501+0000][7][safepoint   ] Safepoint "Cleanup", Time since last: 1000600282 ns, Reaching safepoint: 236233 ns, At safepoint: 38211 ns, Total: 274444 ns
[2022-09-08T04:00:24.502+0000][7][safepoint   ] Safepoint "Cleanup", Time since last: 1000596074 ns, Reaching safepoint: 239900 ns, At safepoint: 8115 ns, Total: 248015 ns
[2022-09-08T04:00:25.502+0000][7][safepoint   ] Safepoint "Cleanup", Time since last: 1000489956 ns, Reaching safepoint: 221805 ns, At safepoint: 33443 ns, Total: 255248 ns
[2022-09-08T04:00:29.503+0000][7][safepoint   ] Safepoint "Cleanup", Time since last: 4000872064 ns, Reaching safepoint: 350396 ns, At safepoint: 38172 ns, Total: 388568 ns
[2022-09-08T04:00:31.504+0000][7][safepoint   ] Safepoint "Cleanup", Time since last: 2000656815 ns, Reaching safepoint: 184145 ns, At safepoint: 7865 ns, Total: 192010 ns
[2022-09-08T04:00:32.507+0000][7][safepoint   ] Safepoint "Cleanup", Time since last: 1002328320 ns, Reaching safepoint: 347180 ns, At safepoint: 59281 ns, Total: 406461 ns
[2022-09-08T04:00:35.508+0000][7][safepoint   ] Safepoint "Cleanup", Time since last: 3000818957 ns, Reaching safepoint: 212468 ns, At safepoint: 11763 ns, Total: 224231 ns
[2022-09-08T04:00:40.509+0000][7][safepoint   ] Safepoint "Cleanup", Time since last: 5001008036 ns, Reaching safepoint: 307877 ns, At safepoint: 35797 ns, Total: 343674 ns
[2022-09-08T04:00:42.510+0000][7][safepoint   ] Safepoint "Cleanup", Time since last: 2000647158 ns, Reaching safepoint: 276268 ns, At safepoint: 40846 ns, Total: 317114 ns
[2022-09-08T04:00:44.511+0000][7][safepoint   ] Safepoint "Cleanup", Time since last: 2000683145 ns, Reaching safepoint: 274234 ns, At safepoint: 44434 ns, Total: 318668 ns
[2022-09-08T04:00:45.512+0000][7][safepoint   ] Safepoint "Cleanup", Time since last: 1000491468 ns, Reaching safepoint: 180127 ns, At safepoint: 7213 ns, Total: 187340 ns
[2022-09-08T04:00:46.512+0000][7][safepoint   ] Safepoint "Cleanup", Time since last: 1000561771 ns, Reaching safepoint: 181300 ns, At safepoint: 7473 ns, Total: 188773 ns
[2022-09-08T04:00:50.514+0000][7][safepoint   ] Safepoint "Cleanup", Time since last: 4000877114 ns, Reaching safepoint: 192832 ns, At safepoint: 6231 ns, Total: 199063 ns
[2022-09-08T04:00:52.515+0000][7][safepoint   ] Safepoint "Cleanup", Time since last: 2000607704 ns, Reaching safepoint: 432150 ns, At safepoint: 61575 ns, Total: 493725 ns
[2022-09-08T04:00:53.515+0000][7][safepoint   ] Safepoint "Cleanup", Time since last: 1000580706 ns, Reaching safepoint: 230201 ns, At safepoint: 35306 ns, Total: 265507 ns
[2022-09-08T04:00:54.517+0000][7][safepoint   ] Safepoint "Cleanup", Time since last: 1001352261 ns, Reaching safepoint: 211867 ns, At safepoint: 32471 ns, Total: 244338 ns
[2022-09-08T04:00:55.518+0000][7][safepoint   ] Safepoint "Cleanup", Time since last: 1000370712 ns, Reaching safepoint: 188723 ns, At safepoint: 6973 ns, Total: 195696 ns
[2022-09-08T04:06:56.358+0000][7][safepoint   ] Safepoint "Cleanup", Time since last: 360945158177 ns, Reaching safepoint: 590246 ns, At safepoint: 68027 ns, Total: 658273 ns
[2022-09-08T04:06:57.365+0000][7][safepoint   ] Safepoint "Cleanup", Time since last: 1006622173 ns, Reaching safepoint: 360967 ns, At safepoint: 8736 ns, Total: 369703 ns
[2022-09-08T04:06:59.366+0000][7][safepoint   ] Safepoint "Cleanup", Time since last: 2000831152 ns, Reaching safepoint: 283401 ns, At safepoint: 39805 ns, Total: 323206 ns
[2022-09-08T04:07:01.367+0000][7][safepoint   ] Safepoint "Cleanup", Time since last: 2000690218 ns, Reaching safepoint: 298359 ns, At safepoint: 37841 ns, Total: 336200 ns
[2022-09-08T04:07:06.368+0000][7][safepoint   ] Safepoint "Cleanup", Time since last: 5001083028 ns, Reaching safepoint: 240390 ns, At safepoint: 3266 ns, Total: 243656 ns
[2022-09-08T04:07:07.369+0000][7][safepoint   ] Safepoint "Cleanup", Time since last: 1000627824 ns, Reaching safepoint: 223989 ns, At safepoint: 34565 ns, Total: 258554 ns
[2022-09-08T04:07:16.371+0000][7][safepoint   ] Safepoint "Cleanup", Time since last: 9001550955 ns, Reaching safepoint: 200486 ns, At safepoint: 32150 ns, Total: 232636 ns
[2022-09-08T04:07:22.372+0000][7][safepoint   ] Safepoint "Cleanup", Time since last: 6001095790 ns, Reaching safepoint: 235300 ns, At safepoint: 29896 ns, Total: 265196 ns
[2022-09-08T04:07:26.480+0000][7][safepoint   ] Safepoint "Cleanup", Time since last: 4000934220 ns, Reaching safepoint: 254938 ns, At safepoint: 6672 ns, Total: 261610 ns
[2022-09-08T04:07:29.498+0000][7][safepoint   ] Safepoint "Cleanup", Time since last: 3017387916 ns, Reaching safepoint: 348333 ns, At safepoint: 67146 ns, Total: 415479 ns
[2022-09-08T04:07:31.498+0000][7][safepoint   ] Safepoint "Cleanup", Time since last: 2000671213 ns, Reaching safepoint: 194885 ns, At safepoint: 30778 ns, Total: 225663 ns
[2022-09-08T04:07:36.500+0000][7][safepoint   ] Safepoint "Cleanup", Time since last: 5000959987 ns, Reaching safepoint: 210243 ns, At safepoint: 32541 ns, Total: 242784 ns
[2022-09-08T04:07:41.501+0000][7][safepoint   ] Safepoint "Cleanup", Time since last: 5001068240 ns, Reaching safepoint: 349204 ns, At safepoint: 98294 ns, Total: 447498 ns
[2022-09-08T04:07:46.503+0000][7][safepoint   ] Safepoint "Cleanup", Time since last: 5001168869 ns, Reaching safepoint: 357940 ns, At safepoint: 40456 ns, Total: 398396 ns
[2022-09-08T04:07:55.505+0000][7][safepoint   ] Safepoint "Cleanup", Time since last: 9001599777 ns, Reaching safepoint: 187270 ns, At safepoint: 7685 ns, Total: 194955 ns
[2022-09-08T04:07:56.506+0000][7][safepoint   ] Safepoint "Cleanup", Time since last: 1000481228 ns, Reaching safepoint: 211176 ns, At safepoint: 30537 ns, Total: 241713 ns
[2022-09-08T04:08:06.509+0000][7][safepoint   ] Safepoint "Cleanup", Time since last: 10002176104 ns, Reaching safepoint: 198211 ns, At safepoint: 7675 ns, Total: 205886 ns
[2022-09-08T04:08:09.510+0000][7][safepoint   ] Safepoint "Cleanup", Time since last: 3000648858 ns, Reaching safepoint: 199745 ns, At safepoint: 7293 ns, Total: 207038 ns
[2022-09-08T04:08:21.525+0000][7][safepoint   ] Safepoint "Cleanup", Time since last: 12014707004 ns, Reaching safepoint: 299631 ns, At safepoint: 39995 ns, Total: 339626 ns
[2022-09-08T04:08:23.526+0000][7][safepoint   ] Safepoint "Cleanup", Time since last: 2000806156 ns, Reaching safepoint: 304109 ns, At safepoint: 42670 ns, Total: 346779 ns
[2022-09-08T04:08:26.526+0000][7][safepoint   ] Safepoint "Cleanup", Time since last: 3000832793 ns, Reaching safepoint: 226785 ns, At safepoint: 36018 ns, Total: 262803 ns
[2022-09-08T04:08:43.528+0000][7][safepoint   ] Safepoint "Cleanup", Time since last: 17002274331 ns, Reaching safepoint: 197019 ns, At safepoint: 9809 ns, Total: 206828 ns
[2022-09-08T04:08:56.531+0000][7][safepoint   ] Safepoint "Cleanup", Time since last: 13002269782 ns, Reaching safepoint: 247323 ns, At safepoint: 12794 ns, Total: 260117 ns
[2022-09-08T04:08:57.532+0000][7][safepoint   ] Safepoint "Cleanup", Time since last: 1000560287 ns, Reaching safepoint: 286406 ns, At safepoint: 46818 ns, Total: 333224 ns
[2022-09-08T04:08:58.534+0000][7][safepoint   ] Safepoint "Cleanup", Time since last: 1000493663 ns, Reaching safepoint: 1783671 ns, At safepoint: 39093 ns, Total: 1822764 ns
[2022-09-08T04:08:59.546+0000][7][safepoint   ] Safepoint "Cleanup", Time since last: 1011984058 ns, Reaching safepoint: 276307 ns, At safepoint: 48311 ns, Total: 324618 ns
[2022-09-08T04:09:04.548+0000][7][safepoint   ] Safepoint "Cleanup", Time since last: 5001416853 ns, Reaching safepoint: 234139 ns, At safepoint: 45274 ns, Total: 279413 ns
[2022-09-08T04:09:06.549+0000][7][safepoint   ] Safepoint "Cleanup", Time since last: 2000643061 ns, Reaching safepoint: 183093 ns, At safepoint: 28854 ns, Total: 211947 ns
[2022-09-08T04:09:12.550+0000][7][safepoint   ] Safepoint "Cleanup", Time since last: 6001125655 ns, Reaching safepoint: 234800 ns, At safepoint: 11311 ns, Total: 246111 ns
[2022-09-08T04:09:15.551+0000][7][safepoint   ] Safepoint "Cleanup", Time since last: 3000850576 ns, Reaching safepoint: 176802 ns, At safepoint: 21400 ns, Total: 198202 ns
[2022-09-08T04:09:16.633+0000][7][safepoint   ] Safepoint "Cleanup", Time since last: 1080974778 ns, Reaching safepoint: 317184 ns, At safepoint: 6312 ns, Total: 323496 ns
[2022-09-08T04:09:18.634+0000][7][safepoint   ] Safepoint "Cleanup", Time since last: 2000737647 ns, Reaching safepoint: 324558 ns, At safepoint: 94077 ns, Total: 418635 ns
[2022-09-08T04:09:19.634+0000][7][safepoint   ] Safepoint "Cleanup", Time since last: 1000542263 ns, Reaching safepoint: 184937 ns, At safepoint: 4578 ns, Total: 189515 ns
[2022-09-08T04:09:20.635+0000][7][safepoint   ] Safepoint "Cleanup", Time since last: 1000578702 ns, Reaching safepoint: 210855 ns, At safepoint: 7544 ns, Total: 218399 ns
[2022-09-08T04:09:21.636+0000][7][safepoint   ] Safepoint "Cleanup", Time since last: 1000427218 ns, Reaching safepoint: 191980 ns, At safepoint: 32861 ns, Total: 224841 ns
[2022-09-08T04:09:22.637+0000][7][safepoint   ] Safepoint "Cleanup", Time since last: 1000523549 ns, Reaching safepoint: 299761 ns, At safepoint: 37170 ns, Total: 336931 ns
[2022-09-08T04:09:24.638+0000][7][safepoint   ] Safepoint "Cleanup", Time since last: 2000898819 ns, Reaching safepoint: 161693 ns, At safepoint: 7093 ns, Total: 168786 ns
[2022-09-08T04:09:25.639+0000][7][safepoint   ] Safepoint "Cleanup", Time since last: 1000572481 ns, Reaching safepoint: 406691 ns, At safepoint: 4409 ns, Total: 411100 ns
[2022-09-08T04:09:25.680+0000][7][gc,start    ] GC(27) Pause Young (Normal) (G1 Evacuation Pause)
[2022-09-08T04:09:25.680+0000][7][gc,task     ] GC(27) Using 6 workers of 6 for evacuation
[2022-09-08T04:09:25.681+0000][7][gc,age      ] GC(27) Desired survivor size 8388608 bytes, new threshold 2 (max threshold 15)
[2022-09-08T04:09:25.800+0000][7][gc,age      ] GC(27) Age table with threshold 2 (max threshold 15)
[2022-09-08T04:09:25.801+0000][7][gc,age      ] GC(27) - age   1:    3541784 bytes,    3541784 total
[2022-09-08T04:09:25.801+0000][7][gc,age      ] GC(27) - age   2:    2886592 bytes,    6428376 total
[2022-09-08T04:09:25.801+0000][7][gc,phases   ] GC(27)   Pre Evacuate Collection Set: 1.2ms
[2022-09-08T04:09:25.801+0000][7][gc,phases   ] GC(27)   Merge Heap Roots: 0.5ms
[2022-09-08T04:09:25.802+0000][7][gc,phases   ] GC(27)   Evacuate Collection Set: 115.4ms
[2022-09-08T04:09:25.802+0000][7][gc,phases   ] GC(27)   Post Evacuate Collection Set: 2.1ms
[2022-09-08T04:09:25.802+0000][7][gc,phases   ] GC(27)   Other: 2.6ms
[2022-09-08T04:09:25.802+0000][7][gc,heap     ] GC(27) Eden regions: 26->0(25)
[2022-09-08T04:09:25.803+0000][7][gc,heap     ] GC(27) Survivor regions: 3->2(4)
[2022-09-08T04:09:25.803+0000][7][gc,heap     ] GC(27) Old regions: 17->19
[2022-09-08T04:09:25.803+0000][7][gc,heap     ] GC(27) Archive regions: 2->2
[2022-09-08T04:09:25.803+0000][7][gc,heap     ] GC(27) Humongous regions: 2->2
[2022-09-08T04:09:25.804+0000][7][gc,metaspace] GC(27) Metaspace: 93341K(98084K)->93341K(98084K) NonClass: 80803K(84388K)->80803K(84388K) Class: 12537K(13696K)->12537K(13696K)
[2022-09-08T04:09:25.804+0000][7][gc          ] GC(27) Pause Young (Normal) (G1 Evacuation Pause) 192M->91M(256M) 124.197ms
[2022-09-08T04:09:25.804+0000][7][gc,cpu      ] GC(27) User=0.67s Sys=0.02s Real=0.12s
[2022-09-08T04:09:25.804+0000][7][safepoint   ] Safepoint "G1CollectForAllocation", Time since last: 40434767 ns, Reaching safepoint: 284403 ns, At safepoint: 124885518 ns, Total: 125169921 ns
[2022-09-08T04:09:26.806+0000][7][safepoint   ] Safepoint "Cleanup", Time since last: 1001197250 ns, Reaching safepoint: 272731 ns, At safepoint: 9838 ns, Total: 282569 ns
[2022-09-08T04:09:27.807+0000][7][safepoint   ] Safepoint "Cleanup", Time since last: 1000522938 ns, Reaching safepoint: 351719 ns, At safepoint: 35947 ns, Total: 387666 ns
[2022-09-08T04:09:28.808+0000][7][safepoint   ] Safepoint "Cleanup", Time since last: 1000589963 ns, Reaching safepoint: 206326 ns, At safepoint: 31229 ns, Total: 237555 ns
[2022-09-08T04:09:30.809+0000][7][safepoint   ] Safepoint "Cleanup", Time since last: 2000845870 ns, Reaching safepoint: 251191 ns, At safepoint: 60693 ns, Total: 311884 ns
[2022-09-08T04:09:31.810+0000][7][safepoint   ] Safepoint "Cleanup", Time since last: 1000582770 ns, Reaching safepoint: 343483 ns, At safepoint: 39113 ns, Total: 382596 ns
[2022-09-08T04:09:33.811+0000][7][safepoint   ] Safepoint "Cleanup", Time since last: 2000533575 ns, Reaching safepoint: 340018 ns, At safepoint: 37540 ns, Total: 377558 ns
[2022-09-08T04:09:34.811+0000][7][safepoint   ] Safepoint "Cleanup", Time since last: 1000543225 ns, Reaching safepoint: 197640 ns, At safepoint: 35136 ns, Total: 232776 ns
[2022-09-08T04:09:35.812+0000][7][safepoint   ] Safepoint "Cleanup", Time since last: 1000474427 ns, Reaching safepoint: 179666 ns, At safepoint: 13495 ns, Total: 193161 ns
[2022-09-08T04:09:36.813+0000][7][safepoint   ] Safepoint "Cleanup", Time since last: 1000622033 ns, Reaching safepoint: 189175 ns, At safepoint: 29836 ns, Total: 219011 ns
[2022-09-08T04:09:39.814+0000][7][safepoint   ] Safepoint "Cleanup", Time since last: 3000901582 ns, Reaching safepoint: 285825 ns, At safepoint: 42329 ns, Total: 328154 ns
[2022-09-08T04:09:40.815+0000][7][safepoint   ] Safepoint "Cleanup", Time since last: 1000550149 ns, Reaching safepoint: 201578 ns, At safepoint: 3697 ns, Total: 205275 ns
[2022-09-08T04:09:45.817+0000][7][safepoint   ] Safepoint "Cleanup", Time since last: 5001278533 ns, Reaching safepoint: 265327 ns, At safepoint: 13616 ns, Total: 278943 ns
[2022-09-08T04:09:46.817+0000][7][safepoint   ] Safepoint "Cleanup", Time since last: 1000530842 ns, Reaching safepoint: 201347 ns, At safepoint: 6883 ns, Total: 208230 ns
[2022-09-08T04:09:48.818+0000][7][safepoint   ] Safepoint "Cleanup", Time since last: 2000759197 ns, Reaching safepoint: 342582 ns, At safepoint: 37220 ns, Total: 379802 ns
[2022-09-08T04:09:51.820+0000][7][safepoint   ] Safepoint "Cleanup", Time since last: 3001689598 ns, Reaching safepoint: 227667 ns, At safepoint: 36027 ns, Total: 263694 ns
[2022-09-08T04:09:52.821+0000][7][safepoint   ] Safepoint "Cleanup", Time since last: 1000469278 ns, Reaching safepoint: 205655 ns, At safepoint: 3687 ns, Total: 209342 ns
[2022-09-08T04:09:54.822+0000][7][safepoint   ] Safepoint "Cleanup", Time since last: 2000649271 ns, Reaching safepoint: 199184 ns, At safepoint: 4538 ns, Total: 203722 ns
[2022-09-08T04:09:55.823+0000][7][safepoint   ] Safepoint "Cleanup", Time since last: 1000955217 ns, Reaching safepoint: 287298 ns, At safepoint: 41899 ns, Total: 329197 ns
[2022-09-08T04:09:56.824+0000][7][safepoint   ] Safepoint "Cleanup", Time since last: 1000525151 ns, Reaching safepoint: 183414 ns, At safepoint: 48050 ns, Total: 231464 ns
[2022-09-08T04:09:57.825+0000][7][safepoint   ] Safepoint "Cleanup", Time since last: 1000513700 ns, Reaching safepoint: 246581 ns, At safepoint: 4599 ns, Total: 251180 ns
[2022-09-08T04:09:58.826+0000][7][safepoint   ] Safepoint "Cleanup", Time since last: 1000581417 ns, Reaching safepoint: 344185 ns, At safepoint: 61746 ns, Total: 405931 ns
[2022-09-08T04:09:59.827+0000][7][safepoint   ] Safepoint "Cleanup", Time since last: 1000660425 ns, Reaching safepoint: 338283 ns, At safepoint: 38442 ns, Total: 376725 ns
[2022-09-08T04:10:00.828+0000][7][safepoint   ] Safepoint "Cleanup", Time since last: 1000576588 ns, Reaching safepoint: 288841 ns, At safepoint: 44954 ns, Total: 333795 ns
[2022-09-08T04:10:02.828+0000][7][safepoint   ] Safepoint "Cleanup", Time since last: 2000604138 ns, Reaching safepoint: 195496 ns, At safepoint: 31198 ns, Total: 226694 ns
[2022-09-08T04:10:03.829+0000][7][safepoint   ] Safepoint "Cleanup", Time since last: 1000584332 ns, Reaching safepoint: 236654 ns, At safepoint: 37641 ns, Total: 274295 ns
[2022-09-08T04:10:05.830+0000][7][safepoint   ] Safepoint "Cleanup", Time since last: 2000698794 ns, Reaching safepoint: 331872 ns, At safepoint: 42589 ns, Total: 374461 ns
[2022-09-08T04:10:06.831+0000][7][safepoint   ] Safepoint "Cleanup", Time since last: 1000422840 ns, Reaching safepoint: 178866 ns, At safepoint: 10870 ns, Total: 189736 ns
[2022-09-08T04:10:11.832+0000][7][safepoint   ] Safepoint "Cleanup", Time since last: 5001077988 ns, Reaching safepoint: 325269 ns, At safepoint: 6452 ns, Total: 331721 ns
[2022-09-08T04:10:12.838+0000][7][safepoint   ] Safepoint "Cleanup", Time since last: 1005538142 ns, Reaching safepoint: 202360 ns, At safepoint: 7374 ns, Total: 209734 ns
[2022-09-08T04:10:15.839+0000][7][safepoint   ] Safepoint "Cleanup", Time since last: 3000821953 ns, Reaching safepoint: 340979 ns, At safepoint: 13034 ns, Total: 354013 ns
[2022-09-08T04:10:16.840+0000][7][safepoint   ] Safepoint "Cleanup", Time since last: 1000614699 ns, Reaching safepoint: 193462 ns, At safepoint: 4669 ns, Total: 198131 ns
[2022-09-08T04:10:18.841+0000][7][safepoint   ] Safepoint "Cleanup", Time since last: 2000719844 ns, Reaching safepoint: 270738 ns, At safepoint: 52438 ns, Total: 323176 ns
[2022-09-08T04:10:19.842+0000][7][safepoint   ] Safepoint "Cleanup", Time since last: 1000582729 ns, Reaching safepoint: 196168 ns, At safepoint: 7975 ns, Total: 204143 ns
[2022-09-08T04:10:20.843+0000][7][safepoint   ] Safepoint "Cleanup", Time since last: 1000558333 ns, Reaching safepoint: 203982 ns, At safepoint: 32721 ns, Total: 236703 ns
[2022-09-08T04:10:24.844+0000][7][safepoint   ] Safepoint "Cleanup", Time since last: 4000962084 ns, Reaching safepoint: 266850 ns, At safepoint: 38592 ns, Total: 305442 ns
[2022-09-08T04:10:25.845+0000][7][safepoint   ] Safepoint "Cleanup", Time since last: 1000565196 ns, Reaching safepoint: 257392 ns, At safepoint: 14107 ns, Total: 271499 ns
[2022-09-08T04:10:26.845+0000][7][safepoint   ] Safepoint "Cleanup", Time since last: 1000606613 ns, Reaching safepoint: 173395 ns, At safepoint: 9668 ns, Total: 183063 ns
[2022-09-08T04:10:28.846+0000][7][safepoint   ] Safepoint "Cleanup", Time since last: 2000593527 ns, Reaching safepoint: 181180 ns, At safepoint: 9377 ns, Total: 190557 ns
[2022-09-08T04:10:30.847+0000][7][safepoint   ] Safepoint "Cleanup", Time since last: 2000677695 ns, Reaching safepoint: 176902 ns, At safepoint: 6953 ns, Total: 183855 ns
[2022-09-08T04:10:31.848+0000][7][safepoint   ] Safepoint "Cleanup", Time since last: 1000574403 ns, Reaching safepoint: 186290 ns, At safepoint: 4107 ns, Total: 190397 ns
[2022-09-08T04:10:32.848+0000][7][safepoint   ] Safepoint "Cleanup", Time since last: 1000589072 ns, Reaching safepoint: 220112 ns, At safepoint: 9928 ns, Total: 230040 ns
[2022-09-08T04:10:35.850+0000][7][safepoint   ] Safepoint "Cleanup", Time since last: 3000815411 ns, Reaching safepoint: 242284 ns, At safepoint: 8286 ns, Total: 250570 ns
[2022-09-08T04:10:36.850+0000][7][safepoint   ] Safepoint "Cleanup", Time since last: 1000628034 ns, Reaching safepoint: 206156 ns, At safepoint: 3878 ns, Total: 210034 ns
[2022-09-08T04:10:37.851+0000][7][safepoint   ] Safepoint "Cleanup", Time since last: 1000552983 ns, Reaching safepoint: 255639 ns, At safepoint: 40596 ns, Total: 296235 ns
[2022-09-08T04:10:39.852+0000][7][safepoint   ] Safepoint "Cleanup", Time since last: 2000621810 ns, Reaching safepoint: 372749 ns, At safepoint: 37770 ns, Total: 410519 ns
[2022-09-08T04:10:44.854+0000][7][safepoint   ] Safepoint "Cleanup", Time since last: 5001068741 ns, Reaching safepoint: 245761 ns, At safepoint: 6592 ns, Total: 252353 ns
[2022-09-08T04:10:45.854+0000][7][safepoint   ] Safepoint "Cleanup", Time since last: 1000574814 ns, Reaching safepoint: 308167 ns, At safepoint: 12875 ns, Total: 321042 ns
[2022-09-08T04:10:46.856+0000][7][safepoint   ] Safepoint "Cleanup", Time since last: 1000775971 ns, Reaching safepoint: 290735 ns, At safepoint: 39133 ns, Total: 329868 ns
[2022-09-08T04:10:47.856+0000][7][safepoint   ] Safepoint "Cleanup", Time since last: 1000519481 ns, Reaching safepoint: 268172 ns, At safepoint: 7223 ns, Total: 275395 ns
[2022-09-08T04:10:53.858+0000][7][safepoint   ] Safepoint "Cleanup", Time since last: 6001266660 ns, Reaching safepoint: 287769 ns, At safepoint: 61145 ns, Total: 348914 ns
[2022-09-08T04:10:55.859+0000][7][safepoint   ] Safepoint "Cleanup", Time since last: 2000649532 ns, Reaching safepoint: 269375 ns, At safepoint: 35987 ns, Total: 305362 ns
[2022-09-08T04:10:56.860+0000][7][safepoint   ] Safepoint "Cleanup", Time since last: 1000530451 ns, Reaching safepoint: 216936 ns, At safepoint: 5130 ns, Total: 222066 ns
[2022-09-08T04:10:57.861+0000][7][safepoint   ] Safepoint "Cleanup", Time since last: 1000496508 ns, Reaching safepoint: 222296 ns, At safepoint: 3787 ns, Total: 226083 ns
[2022-09-08T04:10:58.862+0000][7][safepoint   ] Safepoint "Cleanup", Time since last: 1000540651 ns, Reaching safepoint: 324568 ns, At safepoint: 65723 ns, Total: 390291 ns
[2022-09-08T04:11:03.863+0000][7][safepoint   ] Safepoint "Cleanup", Time since last: 5001018096 ns, Reaching safepoint: 502521 ns, At safepoint: 63539 ns, Total: 566060 ns
[2022-09-08T04:11:05.864+0000][7][safepoint   ] Safepoint "Cleanup", Time since last: 2000629795 ns, Reaching safepoint: 326382 ns, At safepoint: 61355 ns, Total: 387737 ns
[2022-09-08T04:11:06.865+0000][7][safepoint   ] Safepoint "Cleanup", Time since last: 1000526013 ns, Reaching safepoint: 358421 ns, At safepoint: 37932 ns, Total: 396353 ns
[2022-09-08T04:11:15.867+0000][7][safepoint   ] Safepoint "Cleanup", Time since last: 9001623631 ns, Reaching safepoint: 402393 ns, At safepoint: 41589 ns, Total: 443982 ns
[2022-09-08T04:11:16.868+0000][7][safepoint   ] Safepoint "Cleanup", Time since last: 1000677085 ns, Reaching safepoint: 168005 ns, At safepoint: 7073 ns, Total: 175078 ns
[2022-09-08T04:11:17.869+0000][7][safepoint   ] Safepoint "Cleanup", Time since last: 1000500696 ns, Reaching safepoint: 173866 ns, At safepoint: 6652 ns, Total: 180518 ns
[2022-09-08T04:11:20.870+0000][7][safepoint   ] Safepoint "Cleanup", Time since last: 3000776819 ns, Reaching safepoint: 225212 ns, At safepoint: 32611 ns, Total: 257823 ns
[2022-09-08T04:11:21.871+0000][7][safepoint   ] Safepoint "Cleanup", Time since last: 1000508460 ns, Reaching safepoint: 198261 ns, At safepoint: 3577 ns, Total: 201838 ns
[2022-09-08T04:11:22.871+0000][7][safepoint   ] Safepoint "Cleanup", Time since last: 1000567551 ns, Reaching safepoint: 208170 ns, At safepoint: 34966 ns, Total: 243136 ns
[2022-09-08T04:11:23.872+0000][7][safepoint   ] Safepoint "Cleanup", Time since last: 1000622433 ns, Reaching safepoint: 275256 ns, At safepoint: 8035 ns, Total: 283291 ns
[2022-09-08T04:11:25.873+0000][7][safepoint   ] Safepoint "Cleanup", Time since last: 2000644753 ns, Reaching safepoint: 202289 ns, At safepoint: 33142 ns, Total: 235431 ns
[2022-09-08T04:11:26.874+0000][7][safepoint   ] Safepoint "Cleanup", Time since last: 1000520613 ns, Reaching safepoint: 300983 ns, At safepoint: 44774 ns, Total: 345757 ns
[2022-09-08T04:11:27.875+0000][7][safepoint   ] Safepoint "Cleanup", Time since last: 1000547544 ns, Reaching safepoint: 327914 ns, At safepoint: 35356 ns, Total: 363270 ns
[2022-09-08T04:11:35.876+0000][7][safepoint   ] Safepoint "Cleanup", Time since last: 8001456170 ns, Reaching safepoint: 241111 ns, At safepoint: 3327 ns, Total: 244438 ns
[2022-09-08T04:11:36.877+0000][7][safepoint   ] Safepoint "Cleanup", Time since last: 1000555628 ns, Reaching safepoint: 210805 ns, At safepoint: 29205 ns, Total: 240010 ns
[2022-09-08T04:11:41.879+0000][7][safepoint   ] Safepoint "Cleanup", Time since last: 5001032643 ns, Reaching safepoint: 464881 ns, At safepoint: 63519 ns, Total: 528400 ns
[2022-09-08T04:11:45.880+0000][7][safepoint   ] Safepoint "Cleanup", Time since last: 4000930304 ns, Reaching safepoint: 211506 ns, At safepoint: 7885 ns, Total: 219391 ns
[2022-09-08T04:11:46.881+0000][7][safepoint   ] Safepoint "Cleanup", Time since last: 1000598819 ns, Reaching safepoint: 220183 ns, At safepoint: 6812 ns, Total: 226995 ns
[2022-09-08T04:11:47.881+0000][7][safepoint   ] Safepoint "Cleanup", Time since last: 1000474667 ns, Reaching safepoint: 231053 ns, At safepoint: 6442 ns, Total: 237495 ns
[2022-09-08T04:11:48.882+0000][7][safepoint   ] Safepoint "Cleanup", Time since last: 1000514702 ns, Reaching safepoint: 228979 ns, At safepoint: 6643 ns, Total: 235622 ns
[2022-09-08T04:11:51.883+0000][7][safepoint   ] Safepoint "Cleanup", Time since last: 3000814659 ns, Reaching safepoint: 259666 ns, At safepoint: 3457 ns, Total: 263123 ns
[2022-09-08T04:11:55.885+0000][7][safepoint   ] Safepoint "Cleanup", Time since last: 4001324422 ns, Reaching safepoint: 185017 ns, At safepoint: 7043 ns, Total: 192060 ns
[2022-09-08T04:11:56.886+0000][7][safepoint   ] Safepoint "Cleanup", Time since last: 1000628104 ns, Reaching safepoint: 158256 ns, At safepoint: 6642 ns, Total: 164898 ns
[2022-09-08T04:11:58.887+0000][7][safepoint   ] Safepoint "Cleanup", Time since last: 2000739290 ns, Reaching safepoint: 204383 ns, At safepoint: 7574 ns, Total: 211957 ns
[2022-09-08T04:12:02.888+0000][7][safepoint   ] Safepoint "Cleanup", Time since last: 4000853941 ns, Reaching safepoint: 184556 ns, At safepoint: 5150 ns, Total: 189706 ns
[2022-09-08T04:12:03.889+0000][7][safepoint   ] Safepoint "Cleanup", Time since last: 1000608858 ns, Reaching safepoint: 185137 ns, At safepoint: 7744 ns, Total: 192881 ns
[2022-09-08T04:12:04.889+0000][7][safepoint   ] Safepoint "Cleanup", Time since last: 1000517878 ns, Reaching safepoint: 203211 ns, At safepoint: 21931 ns, Total: 225142 ns
[2022-09-08T04:12:05.890+0000][7][safepoint   ] Safepoint "Cleanup", Time since last: 1000596315 ns, Reaching safepoint: 257492 ns, At safepoint: 38552 ns, Total: 296044 ns
[2022-09-08T04:12:06.891+0000][7][safepoint   ] Safepoint "Cleanup", Time since last: 1000492741 ns, Reaching safepoint: 198372 ns, At safepoint: 4849 ns, Total: 203221 ns
[2022-09-08T04:12:09.892+0000][7][safepoint   ] Safepoint "Cleanup", Time since last: 3000772090 ns, Reaching safepoint: 254927 ns, At safepoint: 44303 ns, Total: 299230 ns
[2022-09-08T04:12:14.893+0000][7][safepoint   ] Safepoint "Cleanup", Time since last: 5001056778 ns, Reaching safepoint: 200616 ns, At safepoint: 6242 ns, Total: 206858 ns
[2022-09-08T04:12:15.894+0000][7][safepoint   ] Safepoint "Cleanup", Time since last: 1000544247 ns, Reaching safepoint: 208200 ns, At safepoint: 35987 ns, Total: 244187 ns
[2022-09-08T04:12:20.895+0000][7][safepoint   ] Safepoint "Cleanup", Time since last: 5001106131 ns, Reaching safepoint: 247995 ns, At safepoint: 33202 ns, Total: 281197 ns
[2022-09-08T04:12:22.896+0000][7][safepoint   ] Safepoint "Cleanup", Time since last: 2000653510 ns, Reaching safepoint: 199263 ns, At safepoint: 7013 ns, Total: 206276 ns
[2022-09-08T04:12:25.898+0000][7][safepoint   ] Safepoint "Cleanup", Time since last: 3001012200 ns, Reaching safepoint: 276037 ns, At safepoint: 4688 ns, Total: 280725 ns
[2022-09-08T04:12:26.899+0000][7][safepoint   ] Safepoint "Cleanup", Time since last: 1000770601 ns, Reaching safepoint: 265157 ns, At safepoint: 40486 ns, Total: 305643 ns
[2022-09-08T04:12:28.517+0000][7][gc,start    ] GC(28) Pause Young (Concurrent Start) (G1 Evacuation Pause)
[2022-09-08T04:12:28.518+0000][7][gc,task     ] GC(28) Using 6 workers of 6 for evacuation
[2022-09-08T04:12:28.519+0000][7][gc,age      ] GC(28) Desired survivor size 8388608 bytes, new threshold 15 (max threshold 15)
[2022-09-08T04:12:28.546+0000][7][gc,age      ] GC(28) Age table with threshold 15 (max threshold 15)
[2022-09-08T04:12:28.546+0000][7][gc,age      ] GC(28) - age   1:     136280 bytes,     136280 total
[2022-09-08T04:12:28.547+0000][7][gc,age      ] GC(28) - age   2:    3262984 bytes,    3399264 total
[2022-09-08T04:12:28.547+0000][7][gc,age      ] GC(28) - age   3:    2692056 bytes,    6091320 total
[2022-09-08T04:12:28.547+0000][7][gc,phases   ] GC(28)   Pre Evacuate Collection Set: 1.6ms
[2022-09-08T04:12:28.548+0000][7][gc,phases   ] GC(28)   Merge Heap Roots: 0.3ms
[2022-09-08T04:12:28.548+0000][7][gc,phases   ] GC(28)   Evacuate Collection Set: 20.7ms
[2022-09-08T04:12:28.548+0000][7][gc,phases   ] GC(28)   Post Evacuate Collection Set: 3.5ms
[2022-09-08T04:12:28.548+0000][7][gc,phases   ] GC(28)   Other: 3.9ms
[2022-09-08T04:12:28.549+0000][7][gc,heap     ] GC(28) Eden regions: 25->0(26)
[2022-09-08T04:12:28.549+0000][7][gc,heap     ] GC(28) Survivor regions: 2->2(4)
[2022-09-08T04:12:28.549+0000][7][gc,heap     ] GC(28) Old regions: 19->19
[2022-09-08T04:12:28.549+0000][7][gc,heap     ] GC(28) Archive regions: 2->2
[2022-09-08T04:12:28.550+0000][7][gc,heap     ] GC(28) Humongous regions: 2->2
[2022-09-08T04:12:28.550+0000][7][gc,metaspace] GC(28) Metaspace: 94249K(98852K)->94249K(98852K) NonClass: 81709K(85156K)->81709K(85156K) Class: 12539K(13696K)->12539K(13696K)
[2022-09-08T04:12:28.550+0000][7][gc          ] GC(28) Pause Young (Concurrent Start) (G1 Evacuation Pause) 191M->90M(256M) 32.905ms
[2022-09-08T04:12:28.550+0000][7][gc,cpu      ] GC(28) User=0.09s Sys=0.03s Real=0.03s
[2022-09-08T04:12:28.552+0000][7][safepoint   ] Safepoint "G1CollectForAllocation", Time since last: 1618394080 ns, Reaching safepoint: 185878 ns, At safepoint: 34692309 ns, Total: 34878187 ns
[2022-09-08T04:12:28.553+0000][7][gc          ] GC(29) Concurrent Cycle
[2022-09-08T04:12:28.555+0000][7][gc,marking  ] GC(29) Concurrent Clear Claimed Marks
[2022-09-08T04:12:28.556+0000][7][gc,marking  ] GC(29) Concurrent Clear Claimed Marks 0.651ms
[2022-09-08T04:12:28.556+0000][7][gc,marking  ] GC(29) Concurrent Scan Root Regions
[2022-09-08T04:12:28.573+0000][7][gc,marking  ] GC(29) Concurrent Scan Root Regions 17.264ms
[2022-09-08T04:12:28.573+0000][7][gc,marking  ] GC(29) Concurrent Mark (779.575s)
[2022-09-08T04:12:28.574+0000][7][gc,marking  ] GC(29) Concurrent Mark From Roots
[2022-09-08T04:12:28.574+0000][7][gc,task     ] GC(29) Using 2 workers of 2 for marking
[2022-09-08T04:12:28.792+0000][7][gc,marking  ] GC(29) Concurrent Mark From Roots 218.525ms
[2022-09-08T04:12:28.793+0000][7][gc,marking  ] GC(29) Concurrent Preclean
[2022-09-08T04:12:28.794+0000][7][gc,marking  ] GC(29) Concurrent Preclean 1.108ms
[2022-09-08T04:12:28.794+0000][7][gc,marking  ] GC(29) Concurrent Mark (779.575s, 779.796s) 220.608ms
[2022-09-08T04:12:28.795+0000][7][gc,start    ] GC(29) Pause Remark
[2022-09-08T04:12:28.913+0000][7][gc          ] GC(29) Pause Remark 92M->92M(256M) 117.758ms
[2022-09-08T04:12:28.913+0000][7][gc,cpu      ] GC(29) User=0.57s Sys=0.01s Real=0.12s
[2022-09-08T04:12:28.913+0000][7][safepoint   ] Safepoint "G1Concurrent", Time since last: 242495880 ns, Reaching safepoint: 282920 ns, At safepoint: 118406922 ns, Total: 118689842 ns
[2022-09-08T04:12:28.913+0000][7][gc,marking  ] GC(29) Concurrent Rebuild Remembered Sets
[2022-09-08T04:12:28.962+0000][7][gc,marking  ] GC(29) Concurrent Rebuild Remembered Sets 48.621ms
[2022-09-08T04:12:28.963+0000][7][gc,start    ] GC(29) Pause Cleanup
[2022-09-08T04:12:28.964+0000][7][gc          ] GC(29) Pause Cleanup 92M->92M(256M) 0.633ms
[2022-09-08T04:12:28.964+0000][7][gc,cpu      ] GC(29) User=0.00s Sys=0.00s Real=0.00s
[2022-09-08T04:12:28.965+0000][7][safepoint   ] Safepoint "G1Concurrent", Time since last: 49596169 ns, Reaching safepoint: 725188 ns, At safepoint: 1135678 ns, Total: 1860866 ns
[2022-09-08T04:12:28.965+0000][7][gc,marking  ] GC(29) Concurrent Cleanup for Next Mark
[2022-09-08T04:12:28.980+0000][7][gc,marking  ] GC(29) Concurrent Cleanup for Next Mark 14.694ms
[2022-09-08T04:12:28.980+0000][7][gc          ] GC(29) Concurrent Cycle 427.060ms
[2022-09-08T04:12:29.965+0000][7][safepoint   ] Safepoint "Cleanup", Time since last: 1000377876 ns, Reaching safepoint: 353682 ns, At safepoint: 35206 ns, Total: 388888 ns
[2022-09-08T04:12:30.966+0000][7][safepoint   ] Safepoint "Cleanup", Time since last: 1000451564 ns, Reaching safepoint: 186820 ns, At safepoint: 7414 ns, Total: 194234 ns
[2022-09-08T04:12:35.967+0000][7][safepoint   ] Safepoint "Cleanup", Time since last: 5001030088 ns, Reaching safepoint: 312345 ns, At safepoint: 9188 ns, Total: 321533 ns
[2022-09-08T04:12:36.968+0000][7][safepoint   ] Safepoint "Cleanup", Time since last: 1000608878 ns, Reaching safepoint: 308458 ns, At safepoint: 41598 ns, Total: 350056 ns
[2022-09-08T04:12:41.969+0000][7][safepoint   ] Safepoint "Cleanup", Time since last: 5000890667 ns, Reaching safepoint: 222467 ns, At safepoint: 4227 ns, Total: 226694 ns
[2022-09-08T04:12:42.970+0000][7][safepoint   ] Safepoint "Cleanup", Time since last: 1000578612 ns, Reaching safepoint: 203150 ns, At safepoint: 5100 ns, Total: 208250 ns
[2022-09-08T04:12:43.971+0000][7][safepoint   ] Safepoint "Cleanup", Time since last: 1000536042 ns, Reaching safepoint: 250279 ns, At safepoint: 33994 ns, Total: 284273 ns
[2022-09-08T04:12:45.972+0000][7][safepoint   ] Safepoint "Cleanup", Time since last: 2000675050 ns, Reaching safepoint: 368991 ns, At safepoint: 61946 ns, Total: 430937 ns
[2022-09-08T04:31:38.341+0000][7][safepoint   ] Safepoint "Cleanup", Time since last: 1132263712651 ns, Reaching safepoint: 13580350 ns, At safepoint: 31910 ns, Total: 13612260 ns
[2022-09-08T04:31:39.365+0000][7][safepoint   ] Safepoint "Cleanup", Time since last: 1013467727 ns, Reaching safepoint: 10658296 ns, At safepoint: 22993 ns, Total: 10681289 ns
[2022-09-08T04:31:40.167+0000][7][gc,start    ] GC(30) Pause Young (Normal) (G1 Evacuation Pause)
[2022-09-08T04:31:40.169+0000][7][gc,task     ] GC(30) Using 6 workers of 6 for evacuation
[2022-09-08T04:31:40.170+0000][7][gc,age      ] GC(30) Desired survivor size 8388608 bytes, new threshold 15 (max threshold 15)
[2022-09-08T04:31:40.221+0000][7][gc,age      ] GC(30) Age table with threshold 15 (max threshold 15)
[2022-09-08T04:31:40.221+0000][7][gc,age      ] GC(30) - age   1:     414360 bytes,     414360 total
[2022-09-08T04:31:40.222+0000][7][gc,age      ] GC(30) - age   2:      89296 bytes,     503656 total
[2022-09-08T04:31:40.222+0000][7][gc,age      ] GC(30) - age   3:    3111744 bytes,    3615400 total
[2022-09-08T04:31:40.222+0000][7][gc,age      ] GC(30) - age   4:    2678224 bytes,    6293624 total
[2022-09-08T04:31:40.223+0000][7][gc,phases   ] GC(30)   Pre Evacuate Collection Set: 0.2ms
[2022-09-08T04:31:40.224+0000][7][gc,phases   ] GC(30)   Merge Heap Roots: 0.9ms
[2022-09-08T04:31:40.225+0000][7][gc,phases   ] GC(30)   Evacuate Collection Set: 39.6ms
[2022-09-08T04:31:40.226+0000][7][gc,phases   ] GC(30)   Post Evacuate Collection Set: 10.5ms
[2022-09-08T04:31:40.226+0000][7][gc,phases   ] GC(30)   Other: 4.7ms
[2022-09-08T04:31:40.226+0000][7][gc,heap     ] GC(30) Eden regions: 26->0(26)
[2022-09-08T04:31:40.226+0000][7][gc,heap     ] GC(30) Survivor regions: 2->2(4)
[2022-09-08T04:31:40.227+0000][7][gc,heap     ] GC(30) Old regions: 19->19
[2022-09-08T04:31:40.228+0000][7][gc,heap     ] GC(30) Archive regions: 2->2
[2022-09-08T04:31:40.229+0000][7][gc,heap     ] GC(30) Humongous regions: 2->2
[2022-09-08T04:31:40.229+0000][7][gc,metaspace] GC(30) Metaspace: 94427K(99108K)->94427K(99108K) NonClass: 81901K(85412K)->81901K(85412K) Class: 12526K(13696K)->12526K(13696K)
[2022-09-08T04:31:40.230+0000][7][gc          ] GC(30) Pause Young (Normal) (G1 Evacuation Pause) 194M->90M(256M) 62.371ms
[2022-09-08T04:31:40.230+0000][7][gc,cpu      ] GC(30) User=0.10s Sys=0.00s Real=0.07s
[2022-09-08T04:31:40.230+0000][7][safepoint   ] Safepoint "G1CollectForAllocation", Time since last: 800876508 ns, Reaching safepoint: 1324141 ns, At safepoint: 63172622 ns, Total: 64496763 ns
[2022-09-08T04:31:41.253+0000][7][safepoint   ] Safepoint "Cleanup", Time since last: 1022015038 ns, Reaching safepoint: 1163059 ns, At safepoint: 38702 ns, Total: 1201761 ns
[2022-09-08T04:31:41.531+0000][7][gc,start    ] GC(31) Pause Young (Concurrent Start) (G1 Evacuation Pause)
[2022-09-08T04:31:41.532+0000][7][gc,task     ] GC(31) Using 6 workers of 6 for evacuation
[2022-09-08T04:31:41.532+0000][7][gc,age      ] GC(31) Desired survivor size 8388608 bytes, new threshold 15 (max threshold 15)
[2022-09-08T04:31:41.568+0000][7][gc,age      ] GC(31) Age table with threshold 15 (max threshold 15)
[2022-09-08T04:31:41.568+0000][7][gc,age      ] GC(31) - age   1:      22048 bytes,      22048 total
[2022-09-08T04:31:41.568+0000][7][gc,age      ] GC(31) - age   2:     260424 bytes,     282472 total
[2022-09-08T04:31:41.568+0000][7][gc,age      ] GC(31) - age   3:      81040 bytes,     363512 total
[2022-09-08T04:31:41.569+0000][7][gc,age      ] GC(31) - age   4:    3095376 bytes,    3458888 total
[2022-09-08T04:31:41.569+0000][7][gc,age      ] GC(31) - age   5:    2678224 bytes,    6137112 total
[2022-09-08T04:31:41.569+0000][7][gc,phases   ] GC(31)   Pre Evacuate Collection Set: 1.7ms
[2022-09-08T04:31:41.569+0000][7][gc,phases   ] GC(31)   Merge Heap Roots: 0.3ms
[2022-09-08T04:31:41.570+0000][7][gc,phases   ] GC(31)   Evacuate Collection Set: 19.8ms
[2022-09-08T04:31:41.570+0000][7][gc,phases   ] GC(31)   Post Evacuate Collection Set: 10.2ms
[2022-09-08T04:31:41.570+0000][7][gc,phases   ] GC(31)   Other: 6.4ms
[2022-09-08T04:31:41.570+0000][7][gc,heap     ] GC(31) Eden regions: 26->0(27)
[2022-09-08T04:31:41.571+0000][7][gc,heap     ] GC(31) Survivor regions: 2->2(4)
[2022-09-08T04:31:41.571+0000][7][gc,heap     ] GC(31) Old regions: 19->19
[2022-09-08T04:31:41.572+0000][7][gc,heap     ] GC(31) Archive regions: 2->2
[2022-09-08T04:31:41.573+0000][7][gc,heap     ] GC(31) Humongous regions: 2->2
[2022-09-08T04:31:41.573+0000][7][gc,metaspace] GC(31) Metaspace: 94608K(99364K)->94608K(99364K) NonClass: 82082K(85668K)->82082K(85668K) Class: 12526K(13696K)->12526K(13696K)
[2022-09-08T04:31:41.573+0000][7][gc          ] GC(31) Pause Young (Concurrent Start) (G1 Evacuation Pause) 194M->90M(256M) 42.707ms
[2022-09-08T04:31:41.574+0000][7][gc,cpu      ] GC(31) User=0.08s Sys=0.01s Real=0.04s
[2022-09-08T04:31:41.574+0000][7][gc          ] GC(32) Concurrent Cycle
[2022-09-08T04:31:41.574+0000][7][gc,marking  ] GC(32) Concurrent Clear Claimed Marks
[2022-09-08T04:31:41.575+0000][7][gc,marking  ] GC(32) Concurrent Clear Claimed Marks 0.863ms
[2022-09-08T04:31:41.576+0000][7][gc,marking  ] GC(32) Concurrent Scan Root Regions
[2022-09-08T04:31:41.574+0000][7][safepoint   ] Safepoint "G1CollectForAllocation", Time since last: 276878659 ns, Reaching safepoint: 380002 ns, At safepoint: 43340430 ns, Total: 43720432 ns
[2022-09-08T04:31:41.580+0000][7][gc,marking  ] GC(32) Concurrent Scan Root Regions 4.782ms
[2022-09-08T04:31:41.581+0000][7][gc,marking  ] GC(32) Concurrent Mark (1932.491s)
[2022-09-08T04:31:41.581+0000][7][gc,marking  ] GC(32) Concurrent Mark From Roots
[2022-09-08T04:31:41.582+0000][7][gc,task     ] GC(32) Using 2 workers of 2 for marking
[2022-09-08T04:31:41.741+0000][7][gc,marking  ] GC(32) Concurrent Mark From Roots 159.309ms
[2022-09-08T04:31:41.741+0000][7][gc,marking  ] GC(32) Concurrent Preclean
[2022-09-08T04:31:41.743+0000][7][gc,marking  ] GC(32) Concurrent Preclean 1.831ms
[2022-09-08T04:31:41.744+0000][7][gc,marking  ] GC(32) Concurrent Mark (1932.491s, 1932.654s) 163.382ms
[2022-09-08T04:31:41.745+0000][7][gc,start    ] GC(32) Pause Remark
[2022-09-08T04:31:41.759+0000][7][gc          ] GC(32) Pause Remark 101M->101M(256M) 13.602ms
[2022-09-08T04:31:41.760+0000][7][gc,cpu      ] GC(32) User=0.03s Sys=0.00s Real=0.02s
[2022-09-08T04:31:41.760+0000][7][safepoint   ] Safepoint "G1Concurrent", Time since last: 171176527 ns, Reaching safepoint: 230772 ns, At safepoint: 14401679 ns, Total: 14632451 ns
[2022-09-08T04:31:41.760+0000][7][gc,marking  ] GC(32) Concurrent Rebuild Remembered Sets
[2022-09-08T04:31:41.829+0000][7][gc,marking  ] GC(32) Concurrent Rebuild Remembered Sets 68.679ms
[2022-09-08T04:31:41.830+0000][7][gc,start    ] GC(32) Pause Cleanup
[2022-09-08T04:31:41.830+0000][7][gc          ] GC(32) Pause Cleanup 108M->108M(256M) 0.491ms
[2022-09-08T04:31:41.831+0000][7][gc,cpu      ] GC(32) User=0.00s Sys=0.00s Real=0.00s
[2022-09-08T04:31:41.831+0000][7][safepoint   ] Safepoint "G1Concurrent", Time since last: 69674842 ns, Reaching safepoint: 172313 ns, At safepoint: 1171435 ns, Total: 1343748 ns
[2022-09-08T04:31:41.831+0000][7][gc,marking  ] GC(32) Concurrent Cleanup for Next Mark
[2022-09-08T04:31:41.852+0000][7][gc,marking  ] GC(32) Concurrent Cleanup for Next Mark 20.707ms
[2022-09-08T04:31:41.853+0000][7][gc          ] GC(32) Concurrent Cycle 278.806ms
[2022-09-08T04:31:42.748+0000][7][gc,start    ] GC(33) Pause Young (Normal) (G1 Evacuation Pause)
[2022-09-08T04:31:42.748+0000][7][gc,task     ] GC(33) Using 6 workers of 6 for evacuation
[2022-09-08T04:31:42.748+0000][7][gc,age      ] GC(33) Desired survivor size 8388608 bytes, new threshold 15 (max threshold 15)
[2022-09-08T04:31:42.763+0000][7][gc,age      ] GC(33) Age table with threshold 15 (max threshold 15)
[2022-09-08T04:31:42.764+0000][7][gc,age      ] GC(33) - age   1:     204504 bytes,     204504 total
[2022-09-08T04:31:42.764+0000][7][gc,age      ] GC(33) - age   2:       3896 bytes,     208400 total
[2022-09-08T04:31:42.764+0000][7][gc,age      ] GC(33) - age   3:     259880 bytes,     468280 total
[2022-09-08T04:31:42.764+0000][7][gc,age      ] GC(33) - age   4:      81040 bytes,     549320 total
[2022-09-08T04:31:42.764+0000][7][gc,age      ] GC(33) - age   5:    3095376 bytes,    3644696 total
[2022-09-08T04:31:42.765+0000][7][gc,age      ] GC(33) - age   6:    2678224 bytes,    6322920 total
[2022-09-08T04:31:42.766+0000][7][gc,phases   ] GC(33)   Pre Evacuate Collection Set: 0.1ms
[2022-09-08T04:31:42.766+0000][7][gc,phases   ] GC(33)   Merge Heap Roots: 0.2ms
[2022-09-08T04:31:42.766+0000][7][gc,phases   ] GC(33)   Evacuate Collection Set: 10.9ms
[2022-09-08T04:31:42.767+0000][7][gc,phases   ] GC(33)   Post Evacuate Collection Set: 3.5ms
[2022-09-08T04:31:42.767+0000][7][gc,phases   ] GC(33)   Other: 3.6ms
[2022-09-08T04:31:42.767+0000][7][gc,heap     ] GC(33) Eden regions: 27->0(27)
[2022-09-08T04:31:42.767+0000][7][gc,heap     ] GC(33) Survivor regions: 2->2(4)
[2022-09-08T04:31:42.767+0000][7][gc,heap     ] GC(33) Old regions: 19->19
[2022-09-08T04:31:42.768+0000][7][gc,heap     ] GC(33) Archive regions: 2->2
[2022-09-08T04:31:42.768+0000][7][gc,heap     ] GC(33) Humongous regions: 2->2
[2022-09-08T04:31:42.768+0000][7][gc,metaspace] GC(33) Metaspace: 94700K(99364K)->94700K(99364K) NonClass: 82174K(85668K)->82174K(85668K) Class: 12526K(13696K)->12526K(13696K)
[2022-09-08T04:31:42.768+0000][7][gc          ] GC(33) Pause Young (Normal) (G1 Evacuation Pause) 198M->90M(256M) 20.758ms
[2022-09-08T04:31:42.769+0000][7][gc,cpu      ] GC(33) User=0.04s Sys=0.01s Real=0.03s
[2022-09-08T04:31:42.769+0000][7][safepoint   ] Safepoint "G1CollectForAllocation", Time since last: 916319237 ns, Reaching safepoint: 322815 ns, At safepoint: 21457286 ns, Total: 21780101 ns
[2022-09-08T04:31:43.773+0000][7][safepoint   ] Safepoint "Cleanup", Time since last: 1002837333 ns, Reaching safepoint: 675065 ns, At safepoint: 40385 ns, Total: 715450 ns
[2022-09-08T04:31:44.774+0000][7][safepoint   ] Safepoint "Cleanup", Time since last: 1000622424 ns, Reaching safepoint: 391403 ns, At safepoint: 88015 ns, Total: 479418 ns
[2022-09-08T04:31:44.783+0000][7][gc,start    ] GC(34) Pause Young (Concurrent Start) (G1 Evacuation Pause)
[2022-09-08T04:31:44.783+0000][7][gc,task     ] GC(34) Using 6 workers of 6 for evacuation
[2022-09-08T04:31:44.784+0000][7][gc,age      ] GC(34) Desired survivor size 8388608 bytes, new threshold 15 (max threshold 15)
[2022-09-08T04:31:44.797+0000][7][gc,age      ] GC(34) Age table with threshold 15 (max threshold 15)
[2022-09-08T04:31:44.797+0000][7][gc,age      ] GC(34) - age   1:      75320 bytes,      75320 total
[2022-09-08T04:31:44.798+0000][7][gc,age      ] GC(34) - age   2:      18720 bytes,      94040 total
[2022-09-08T04:31:44.798+0000][7][gc,age      ] GC(34) - age   3:       3864 bytes,      97904 total
[2022-09-08T04:31:44.798+0000][7][gc,age      ] GC(34) - age   4:     259752 bytes,     357656 total
[2022-09-08T04:31:44.799+0000][7][gc,age      ] GC(34) - age   5:      81040 bytes,     438696 total
[2022-09-08T04:31:44.799+0000][7][gc,age      ] GC(34) - age   6:    3095248 bytes,    3533944 total
[2022-09-08T04:31:44.799+0000][7][gc,age      ] GC(34) - age   7:    2678224 bytes,    6212168 total
[2022-09-08T04:31:44.800+0000][7][gc,phases   ] GC(34)   Pre Evacuate Collection Set: 0.6ms
[2022-09-08T04:31:44.801+0000][7][gc,phases   ] GC(34)   Merge Heap Roots: 0.5ms
[2022-09-08T04:31:44.801+0000][7][gc,phases   ] GC(34)   Evacuate Collection Set: 7.7ms
[2022-09-08T04:31:44.802+0000][7][gc,phases   ] GC(34)   Post Evacuate Collection Set: 3.2ms
[2022-09-08T04:31:44.802+0000][7][gc,phases   ] GC(34)   Other: 5.3ms
[2022-09-08T04:31:44.802+0000][7][gc,heap     ] GC(34) Eden regions: 27->0(27)
[2022-09-08T04:31:44.803+0000][7][gc,heap     ] GC(34) Survivor regions: 2->2(4)
[2022-09-08T04:31:44.803+0000][7][gc,heap     ] GC(34) Old regions: 19->19
[2022-09-08T04:31:44.803+0000][7][gc,heap     ] GC(34) Archive regions: 2->2
[2022-09-08T04:31:44.803+0000][7][gc,heap     ] GC(34) Humongous regions: 2->2
[2022-09-08T04:31:44.804+0000][7][gc,metaspace] GC(34) Metaspace: 94767K(99364K)->94767K(99364K) NonClass: 82237K(85668K)->82237K(85668K) Class: 12529K(13696K)->12529K(13696K)
[2022-09-08T04:31:44.804+0000][7][gc          ] GC(34) Pause Young (Concurrent Start) (G1 Evacuation Pause) 198M->90M(256M) 21.775ms
[2022-09-08T04:31:44.805+0000][7][gc,cpu      ] GC(34) User=0.05s Sys=0.00s Real=0.02s
[2022-09-08T04:31:44.805+0000][7][gc          ] GC(35) Concurrent Cycle
[2022-09-08T04:31:44.806+0000][7][gc,marking  ] GC(35) Concurrent Clear Claimed Marks
[2022-09-08T04:31:44.806+0000][7][gc,marking  ] GC(35) Concurrent Clear Claimed Marks 0.288ms
[2022-09-08T04:31:44.806+0000][7][gc,marking  ] GC(35) Concurrent Scan Root Regions
[2022-09-08T04:31:44.808+0000][7][safepoint   ] Safepoint "G1CollectForAllocation", Time since last: 8584171 ns, Reaching safepoint: 300223 ns, At safepoint: 25079491 ns, Total: 25379714 ns
[2022-09-08T04:31:44.811+0000][7][gc,marking  ] GC(35) Concurrent Scan Root Regions 4.967ms
[2022-09-08T04:31:44.820+0000][7][gc,marking  ] GC(35) Concurrent Mark (1935.731s)
[2022-09-08T04:31:44.822+0000][7][gc,marking  ] GC(35) Concurrent Mark From Roots
[2022-09-08T04:31:44.822+0000][7][gc,task     ] GC(35) Using 2 workers of 2 for marking
[2022-09-08T04:31:44.915+0000][7][gc,marking  ] GC(35) Concurrent Mark From Roots 93.699ms
[2022-09-08T04:31:44.916+0000][7][gc,marking  ] GC(35) Concurrent Preclean
[2022-09-08T04:31:44.916+0000][7][gc,marking  ] GC(35) Concurrent Preclean 0.671ms
[2022-09-08T04:31:44.917+0000][7][gc,marking  ] GC(35) Concurrent Mark (1935.731s, 1935.827s) 96.458ms
[2022-09-08T04:31:44.919+0000][7][gc,start    ] GC(35) Pause Remark
[2022-09-08T04:31:44.925+0000][7][gc          ] GC(35) Pause Remark 94M->94M(256M) 6.087ms
[2022-09-08T04:31:44.925+0000][7][gc,cpu      ] GC(35) User=0.02s Sys=0.00s Real=0.00s
[2022-09-08T04:31:44.925+0000][7][safepoint   ] Safepoint "G1Concurrent", Time since last: 110481526 ns, Reaching safepoint: 420708 ns, At safepoint: 6991076 ns, Total: 7411784 ns
[2022-09-08T04:31:44.926+0000][7][gc,marking  ] GC(35) Concurrent Rebuild Remembered Sets
[2022-09-08T04:31:44.980+0000][7][gc,marking  ] GC(35) Concurrent Rebuild Remembered Sets 53.624ms
[2022-09-08T04:31:44.981+0000][7][gc,start    ] GC(35) Pause Cleanup
[2022-09-08T04:31:44.982+0000][7][gc          ] GC(35) Pause Cleanup 96M->96M(256M) 0.940ms
[2022-09-08T04:31:44.982+0000][7][gc,cpu      ] GC(35) User=0.00s Sys=0.00s Real=0.00s
[2022-09-08T04:31:44.983+0000][7][safepoint   ] Safepoint "G1Concurrent", Time since last: 55048884 ns, Reaching safepoint: 363771 ns, At safepoint: 1839787 ns, Total: 2203558 ns
[2022-09-08T04:31:44.984+0000][7][gc,marking  ] GC(35) Concurrent Cleanup for Next Mark
[2022-09-08T04:31:44.986+0000][7][gc,marking  ] GC(35) Concurrent Cleanup for Next Mark 1.228ms
[2022-09-08T04:31:44.987+0000][7][gc          ] GC(35) Concurrent Cycle 181.237ms
[2022-09-08T04:31:45.985+0000][7][safepoint   ] Safepoint "Cleanup", Time since last: 1001575669 ns, Reaching safepoint: 360606 ns, At safepoint: 45655 ns, Total: 406261 ns
[2022-09-08T04:31:46.986+0000][7][safepoint   ] Safepoint "Cleanup", Time since last: 1000734594 ns, Reaching safepoint: 202079 ns, At safepoint: 13285 ns, Total: 215364 ns
[2022-09-08T04:31:47.987+0000][7][safepoint   ] Safepoint "Cleanup", Time since last: 1000507268 ns, Reaching safepoint: 286096 ns, At safepoint: 44413 ns, Total: 330509 ns
[2022-09-08T04:31:48.987+0000][7][safepoint   ] Safepoint "Cleanup", Time since last: 1000577439 ns, Reaching safepoint: 339145 ns, At safepoint: 71865 ns, Total: 411010 ns
[2022-09-08T04:31:52.989+0000][7][safepoint   ] Safepoint "Cleanup", Time since last: 4000965630 ns, Reaching safepoint: 301625 ns, At safepoint: 37150 ns, Total: 338775 ns
[2022-09-08T04:31:54.990+0000][7][safepoint   ] Safepoint "Cleanup", Time since last: 2000646035 ns, Reaching safepoint: 194164 ns, At safepoint: 4419 ns, Total: 198583 ns
[2022-09-08T04:31:55.991+0000][7][safepoint   ] Safepoint "Cleanup", Time since last: 1000657910 ns, Reaching safepoint: 290534 ns, At safepoint: 33693 ns, Total: 324227 ns
[2022-09-08T04:31:58.992+0000][7][safepoint   ] Safepoint "Cleanup", Time since last: 3000727927 ns, Reaching safepoint: 313377 ns, At safepoint: 35877 ns, Total: 349254 ns
[2022-09-08T04:32:07.902+0000][7][safepoint   ] Safepoint "Cleanup", Time since last: 9001420831 ns, Reaching safepoint: 197350 ns, At safepoint: 8456 ns, Total: 205806 ns
[2022-09-08T04:32:11.903+0000][7][safepoint   ] Safepoint "Cleanup", Time since last: 4000857026 ns, Reaching safepoint: 199845 ns, At safepoint: 3526 ns, Total: 203371 ns
[2022-09-08T04:32:15.904+0000][7][safepoint   ] Safepoint "Cleanup", Time since last: 4001070887 ns, Reaching safepoint: 182542 ns, At safepoint: 6943 ns, Total: 189485 ns
[2022-09-08T04:32:18.905+0000][7][safepoint   ] Safepoint "Cleanup", Time since last: 3000840799 ns, Reaching safepoint: 200565 ns, At safepoint: 6432 ns, Total: 206997 ns
[2022-09-08T04:32:24.907+0000][7][safepoint   ] Safepoint "Cleanup", Time since last: 6001195807 ns, Reaching safepoint: 179276 ns, At safepoint: 7273 ns, Total: 186549 ns
[2022-09-08T04:32:28.500+0000][7][gc,start    ] GC(36) Pause Young (Normal) (G1 Evacuation Pause)
[2022-09-08T04:32:28.500+0000][7][gc,task     ] GC(36) Using 6 workers of 6 for evacuation
[2022-09-08T04:32:28.500+0000][7][gc,age      ] GC(36) Desired survivor size 8388608 bytes, new threshold 15 (max threshold 15)
[2022-09-08T04:32:28.511+0000][7][gc,age      ] GC(36) Age table with threshold 15 (max threshold 15)
[2022-09-08T04:32:28.511+0000][7][gc,age      ] GC(36) - age   1:      87312 bytes,      87312 total
[2022-09-08T04:32:28.511+0000][7][gc,age      ] GC(36) - age   2:      64976 bytes,     152288 total
[2022-09-08T04:32:28.511+0000][7][gc,age      ] GC(36) - age   3:      18208 bytes,     170496 total
[2022-09-08T04:32:28.512+0000][7][gc,age      ] GC(36) - age   4:       3760 bytes,     174256 total
[2022-09-08T04:32:28.512+0000][7][gc,age      ] GC(36) - age   5:     255096 bytes,     429352 total
[2022-09-08T04:32:28.512+0000][7][gc,age      ] GC(36) - age   6:      81040 bytes,     510392 total
[2022-09-08T04:32:28.513+0000][7][gc,age      ] GC(36) - age   7:    3095248 bytes,    3605640 total
[2022-09-08T04:32:28.513+0000][7][gc,age      ] GC(36) - age   8:    2678224 bytes,    6283864 total
[2022-09-08T04:32:28.513+0000][7][gc,phases   ] GC(36)   Pre Evacuate Collection Set: 0.2ms
[2022-09-08T04:32:28.513+0000][7][gc,phases   ] GC(36)   Merge Heap Roots: 0.2ms
[2022-09-08T04:32:28.514+0000][7][gc,phases   ] GC(36)   Evacuate Collection Set: 6.8ms
[2022-09-08T04:32:28.514+0000][7][gc,phases   ] GC(36)   Post Evacuate Collection Set: 2.7ms
[2022-09-08T04:32:28.514+0000][7][gc,phases   ] GC(36)   Other: 3.7ms
[2022-09-08T04:32:28.515+0000][7][gc,heap     ] GC(36) Eden regions: 27->0(27)
[2022-09-08T04:32:28.515+0000][7][gc,heap     ] GC(36) Survivor regions: 2->2(4)
[2022-09-08T04:32:28.515+0000][7][gc,heap     ] GC(36) Old regions: 19->19
[2022-09-08T04:32:28.515+0000][7][gc,heap     ] GC(36) Archive regions: 2->2
[2022-09-08T04:32:28.516+0000][7][gc,heap     ] GC(36) Humongous regions: 2->2
[2022-09-08T04:32:28.516+0000][7][gc,metaspace] GC(36) Metaspace: 94866K(99620K)->94866K(99620K) NonClass: 82333K(85924K)->82333K(85924K) Class: 12532K(13696K)->12532K(13696K)
[2022-09-08T04:32:28.516+0000][7][gc          ] GC(36) Pause Young (Normal) (G1 Evacuation Pause) 198M->90M(256M) 16.599ms
[2022-09-08T04:32:28.517+0000][7][gc,cpu      ] GC(36) User=0.04s Sys=0.00s Real=0.02s
[2022-09-08T04:32:28.517+0000][7][safepoint   ] Safepoint "G1CollectForAllocation", Time since last: 3592525106 ns, Reaching safepoint: 237094 ns, At safepoint: 17482820 ns, Total: 17719914 ns
[2022-09-08T04:32:31.519+0000][7][safepoint   ] Safepoint "Cleanup", Time since last: 3001188780 ns, Reaching safepoint: 308498 ns, At safepoint: 52038 ns, Total: 360536 ns
[2022-09-08T04:32:36.520+0000][7][safepoint   ] Safepoint "Cleanup", Time since last: 5001162376 ns, Reaching safepoint: 204954 ns, At safepoint: 55153 ns, Total: 260107 ns
[2022-09-08T04:32:37.521+0000][7][safepoint   ] Safepoint "Cleanup", Time since last: 1000653482 ns, Reaching safepoint: 280605 ns, At safepoint: 103264 ns, Total: 383869 ns
[2022-09-08T04:32:38.522+0000][7][safepoint   ] Safepoint "Cleanup", Time since last: 1000641059 ns, Reaching safepoint: 228117 ns, At safepoint: 37290 ns, Total: 265407 ns
[2022-09-08T04:32:46.523+0000][7][safepoint   ] Safepoint "Cleanup", Time since last: 8001258339 ns, Reaching safepoint: 181219 ns, At safepoint: 3697 ns, Total: 184916 ns
[2022-09-08T04:32:47.524+0000][7][safepoint   ] Safepoint "Cleanup", Time since last: 1000488473 ns, Reaching safepoint: 193953 ns, At safepoint: 37010 ns, Total: 230963 ns
[2022-09-08T04:32:49.525+0000][7][safepoint   ] Safepoint "Cleanup", Time since last: 2000702872 ns, Reaching safepoint: 333044 ns, At safepoint: 35246 ns, Total: 368290 ns
[2022-09-08T04:32:50.526+0000][7][safepoint   ] Safepoint "Cleanup", Time since last: 1000560748 ns, Reaching safepoint: 269926 ns, At safepoint: 38662 ns, Total: 308588 ns
[2022-09-08T04:32:55.527+0000][7][safepoint   ] Safepoint "Cleanup", Time since last: 5001064733 ns, Reaching safepoint: 191319 ns, At safepoint: 28684 ns, Total: 220003 ns
[2022-09-08T04:32:58.528+0000][7][safepoint   ] Safepoint "Cleanup", Time since last: 3000808547 ns, Reaching safepoint: 205335 ns, At safepoint: 35707 ns, Total: 241042 ns
[2022-09-08T04:33:01.530+0000][7][safepoint   ] Safepoint "Cleanup", Time since last: 3000924806 ns, Reaching safepoint: 185948 ns, At safepoint: 7384 ns, Total: 193332 ns
[2022-09-08T04:33:02.530+0000][7][safepoint   ] Safepoint "Cleanup", Time since last: 1000509392 ns, Reaching safepoint: 212518 ns, At safepoint: 35947 ns, Total: 248465 ns
[2022-09-08T04:33:06.532+0000][7][safepoint   ] Safepoint "Cleanup", Time since last: 4000999083 ns, Reaching safepoint: 460342 ns, At safepoint: 35437 ns, Total: 495779 ns
[2022-09-08T04:33:07.534+0000][7][safepoint   ] Safepoint "Cleanup", Time since last: 1001642244 ns, Reaching safepoint: 367979 ns, At safepoint: 57467 ns, Total: 425446 ns
[2022-09-08T04:33:08.534+0000][7][safepoint   ] Safepoint "Cleanup", Time since last: 1000512207 ns, Reaching safepoint: 209653 ns, At safepoint: 43282 ns, Total: 252935 ns
[2022-09-08T04:33:12.536+0000][7][safepoint   ] Safepoint "Cleanup", Time since last: 4000949228 ns, Reaching safepoint: 373761 ns, At safepoint: 60593 ns, Total: 434354 ns
[2022-09-08T04:33:16.537+0000][7][safepoint   ] Safepoint "Cleanup", Time since last: 4001106404 ns, Reaching safepoint: 185487 ns, At safepoint: 3327 ns, Total: 188814 ns
[2022-09-08T04:33:26.540+0000][7][safepoint   ] Safepoint "Cleanup", Time since last: 10002216479 ns, Reaching safepoint: 217187 ns, At safepoint: 55253 ns, Total: 272440 ns
[2022-09-08T04:33:28.541+0000][7][safepoint   ] Safepoint "Cleanup", Time since last: 2000751393 ns, Reaching safepoint: 255690 ns, At safepoint: 45545 ns, Total: 301235 ns
[2022-09-08T04:33:29.542+0000][7][safepoint   ] Safepoint "Cleanup", Time since last: 1000804705 ns, Reaching safepoint: 283211 ns, At safepoint: 41828 ns, Total: 325039 ns
[2022-09-08T04:33:31.543+0000][7][safepoint   ] Safepoint "Cleanup", Time since last: 2000774917 ns, Reaching safepoint: 195717 ns, At safepoint: 31619 ns, Total: 227336 ns
[2022-09-08T04:33:36.544+0000][7][safepoint   ] Safepoint "Cleanup", Time since last: 5001092916 ns, Reaching safepoint: 165149 ns, At safepoint: 31119 ns, Total: 196268 ns
[2022-09-08T04:33:37.545+0000][7][safepoint   ] Safepoint "Cleanup", Time since last: 1000610391 ns, Reaching safepoint: 202649 ns, At safepoint: 33794 ns, Total: 236443 ns
[2022-09-08T04:33:38.546+0000][7][safepoint   ] Safepoint "Cleanup", Time since last: 1000495425 ns, Reaching safepoint: 245530 ns, At safepoint: 34956 ns, Total: 280486 ns
[2022-09-08T04:33:46.548+0000][7][safepoint   ] Safepoint "Cleanup", Time since last: 8001507946 ns, Reaching safepoint: 276609 ns, At safepoint: 70842 ns, Total: 347451 ns
[2022-09-08T04:33:58.550+0000][7][safepoint   ] Safepoint "Cleanup", Time since last: 12001863174 ns, Reaching safepoint: 214431 ns, At safepoint: 37610 ns, Total: 252041 ns
[2022-09-08T04:33:59.550+0000][7][safepoint   ] Safepoint "Cleanup", Time since last: 1000405227 ns, Reaching safepoint: 179286 ns, At safepoint: 3697 ns, Total: 182983 ns
[2022-09-08T04:34:06.552+0000][7][safepoint   ] Safepoint "Cleanup", Time since last: 7001438008 ns, Reaching safepoint: 189104 ns, At safepoint: 33243 ns, Total: 222347 ns
[2022-09-08T04:34:07.553+0000][7][safepoint   ] Safepoint "Cleanup", Time since last: 1000565216 ns, Reaching safepoint: 299460 ns, At safepoint: 39494 ns, Total: 338954 ns
[2022-09-08T04:34:13.555+0000][7][safepoint   ] Safepoint "Cleanup", Time since last: 6001495499 ns, Reaching safepoint: 292718 ns, At safepoint: 36678 ns, Total: 329396 ns
[2022-09-08T04:34:16.556+0000][7][safepoint   ] Safepoint "Cleanup", Time since last: 3000747334 ns, Reaching safepoint: 182652 ns, At safepoint: 31399 ns, Total: 214051 ns
[2022-09-08T04:34:19.557+0000][7][safepoint   ] Safepoint "Cleanup", Time since last: 3000761990 ns, Reaching safepoint: 192320 ns, At safepoint: 5230 ns, Total: 197550 ns
[2022-09-08T04:34:24.558+0000][7][safepoint   ] Safepoint "Cleanup", Time since last: 5000940040 ns, Reaching safepoint: 257021 ns, At safepoint: 42540 ns, Total: 299561 ns
[2022-09-08T04:34:26.559+0000][7][safepoint   ] Safepoint "Cleanup", Time since last: 2000628984 ns, Reaching safepoint: 191409 ns, At safepoint: 4328 ns, Total: 195737 ns
[2022-09-08T04:34:28.560+0000][7][safepoint   ] Safepoint "Cleanup", Time since last: 2000657988 ns, Reaching safepoint: 282158 ns, At safepoint: 39104 ns, Total: 321262 ns
[2022-09-08T04:34:36.562+0000][7][safepoint   ] Safepoint "Cleanup", Time since last: 8001695828 ns, Reaching safepoint: 224711 ns, At safepoint: 6933 ns, Total: 231644 ns
[2022-09-08T04:34:37.563+0000][7][safepoint   ] Safepoint "Cleanup", Time since last: 1000562130 ns, Reaching safepoint: 261349 ns, At safepoint: 75412 ns, Total: 336761 ns
[2022-09-08T04:34:38.563+0000][7][safepoint   ] Safepoint "Cleanup", Time since last: 1000583250 ns, Reaching safepoint: 234980 ns, At safepoint: 36689 ns, Total: 271669 ns
[2022-09-08T04:34:46.565+0000][7][safepoint   ] Safepoint "Cleanup", Time since last: 8001293756 ns, Reaching safepoint: 193883 ns, At safepoint: 3707 ns, Total: 197590 ns
[2022-09-08T04:34:47.566+0000][7][safepoint   ] Safepoint "Cleanup", Time since last: 1000514281 ns, Reaching safepoint: 174757 ns, At safepoint: 6532 ns, Total: 181289 ns
[2022-09-08T04:34:48.567+0000][7][safepoint   ] Safepoint "Cleanup", Time since last: 1000552443 ns, Reaching safepoint: 375213 ns, At safepoint: 38973 ns, Total: 414186 ns
[2022-09-08T04:34:53.568+0000][7][safepoint   ] Safepoint "Cleanup", Time since last: 5000973252 ns, Reaching safepoint: 234810 ns, At safepoint: 34474 ns, Total: 269284 ns
[2022-09-08T04:34:58.569+0000][7][safepoint   ] Safepoint "Cleanup", Time since last: 5001143842 ns, Reaching safepoint: 262531 ns, At safepoint: 36178 ns, Total: 298709 ns
[2022-09-08T04:35:07.573+0000][7][safepoint   ] Safepoint "Cleanup", Time since last: 9001622549 ns, Reaching safepoint: 337893 ns, At safepoint: 58890 ns, Total: 396783 ns
[2022-09-08T04:35:08.575+0000][7][safepoint   ] Safepoint "Cleanup", Time since last: 1000642131 ns, Reaching safepoint: 315290 ns, At safepoint: 85982 ns, Total: 401272 ns
[2022-09-08T04:35:14.576+0000][7][safepoint   ] Safepoint "Cleanup", Time since last: 6001246130 ns, Reaching safepoint: 231574 ns, At safepoint: 35216 ns, Total: 266790 ns
[2022-09-08T04:35:16.577+0000][7][safepoint   ] Safepoint "Cleanup", Time since last: 2000692012 ns, Reaching safepoint: 340418 ns, At safepoint: 19887 ns, Total: 360305 ns
[2022-09-08T04:35:36.581+0000][7][safepoint   ] Safepoint "Cleanup", Time since last: 20003226409 ns, Reaching safepoint: 276778 ns, At safepoint: 43372 ns, Total: 320150 ns
[2022-09-08T04:35:45.607+0000][7][gc,start    ] GC(37) Pause Young (Concurrent Start) (G1 Evacuation Pause)
[2022-09-08T04:35:45.608+0000][7][gc,task     ] GC(37) Using 6 workers of 6 for evacuation
[2022-09-08T04:35:45.608+0000][7][gc,age      ] GC(37) Desired survivor size 8388608 bytes, new threshold 15 (max threshold 15)
[2022-09-08T04:35:45.619+0000][7][gc,age      ] GC(37) Age table with threshold 15 (max threshold 15)
[2022-09-08T04:35:45.620+0000][7][gc,age      ] GC(37) - age   1:     230072 bytes,     230072 total
[2022-09-08T04:35:45.620+0000][7][gc,age      ] GC(37) - age   2:      71848 bytes,     301920 total
[2022-09-08T04:35:45.620+0000][7][gc,age      ] GC(37) - age   3:      64816 bytes,     366736 total
[2022-09-08T04:35:45.621+0000][7][gc,age      ] GC(37) - age   4:      18208 bytes,     384944 total
[2022-09-08T04:35:45.621+0000][7][gc,age      ] GC(37) - age   5:       3760 bytes,     388704 total
[2022-09-08T04:35:45.621+0000][7][gc,age      ] GC(37) - age   6:     254008 bytes,     642712 total
[2022-09-08T04:35:45.621+0000][7][gc,age      ] GC(37) - age   7:      81040 bytes,     723752 total
[2022-09-08T04:35:45.622+0000][7][gc,age      ] GC(37) - age   8:    3095048 bytes,    3818800 total
[2022-09-08T04:35:45.622+0000][7][gc,age      ] GC(37) - age   9:    2678096 bytes,    6496896 total
[2022-09-08T04:35:45.623+0000][7][gc,phases   ] GC(37)   Pre Evacuate Collection Set: 0.4ms
[2022-09-08T04:35:45.623+0000][7][gc,phases   ] GC(37)   Merge Heap Roots: 0.2ms
[2022-09-08T04:35:45.623+0000][7][gc,phases   ] GC(37)   Evacuate Collection Set: 8.3ms
[2022-09-08T04:35:45.624+0000][7][gc,phases   ] GC(37)   Post Evacuate Collection Set: 2.1ms
[2022-09-08T04:35:45.624+0000][7][gc,phases   ] GC(37)   Other: 4.4ms
[2022-09-08T04:35:45.624+0000][7][gc,heap     ] GC(37) Eden regions: 27->0(27)
[2022-09-08T04:35:45.624+0000][7][gc,heap     ] GC(37) Survivor regions: 2->2(4)
[2022-09-08T04:35:45.625+0000][7][gc,heap     ] GC(37) Old regions: 19->19
[2022-09-08T04:35:45.625+0000][7][gc,heap     ] GC(37) Archive regions: 2->2
[2022-09-08T04:35:45.625+0000][7][gc,heap     ] GC(37) Humongous regions: 2->2
[2022-09-08T04:35:45.625+0000][7][gc,metaspace] GC(37) Metaspace: 94972K(99620K)->94972K(99620K) NonClass: 82438K(85924K)->82438K(85924K) Class: 12534K(13696K)->12534K(13696K)
[2022-09-08T04:35:45.626+0000][7][gc          ] GC(37) Pause Young (Concurrent Start) (G1 Evacuation Pause) 198M->90M(256M) 18.117ms
[2022-09-08T04:35:45.626+0000][7][gc,cpu      ] GC(37) User=0.04s Sys=0.02s Real=0.01s
[2022-09-08T04:35:45.626+0000][7][gc          ] GC(38) Concurrent Cycle
[2022-09-08T04:35:45.626+0000][7][safepoint   ] Safepoint "G1CollectForAllocation", Time since last: 9027844590 ns, Reaching safepoint: 401302 ns, At safepoint: 18793396 ns, Total: 19194698 ns
[2022-09-08T04:35:45.626+0000][7][gc,marking  ] GC(38) Concurrent Clear Claimed Marks
[2022-09-08T04:35:45.628+0000][7][gc,marking  ] GC(38) Concurrent Clear Claimed Marks 1.207ms
[2022-09-08T04:35:45.628+0000][7][gc,marking  ] GC(38) Concurrent Scan Root Regions
[2022-09-08T04:35:45.633+0000][7][gc,marking  ] GC(38) Concurrent Scan Root Regions 4.601ms
[2022-09-08T04:35:45.633+0000][7][gc,marking  ] GC(38) Concurrent Mark (2176.634s)
[2022-09-08T04:35:45.633+0000][7][gc,marking  ] GC(38) Concurrent Mark From Roots
[2022-09-08T04:35:45.634+0000][7][gc,task     ] GC(38) Using 2 workers of 2 for marking
[2022-09-08T04:35:45.705+0000][7][gc,marking  ] GC(38) Concurrent Mark From Roots 71.286ms
[2022-09-08T04:35:45.706+0000][7][gc,marking  ] GC(38) Concurrent Preclean
[2022-09-08T04:35:45.706+0000][7][gc,marking  ] GC(38) Concurrent Preclean 0.345ms
[2022-09-08T04:35:45.706+0000][7][gc,marking  ] GC(38) Concurrent Mark (2176.634s, 2176.707s) 73.080ms
[2022-09-08T04:35:45.707+0000][7][gc,start    ] GC(38) Pause Remark
[2022-09-08T04:35:45.713+0000][7][gc          ] GC(38) Pause Remark 93M->93M(256M) 6.488ms
[2022-09-08T04:35:45.714+0000][7][gc,cpu      ] GC(38) User=0.01s Sys=0.01s Real=0.01s
[2022-09-08T04:35:45.714+0000][7][safepoint   ] Safepoint "G1Concurrent", Time since last: 80310706 ns, Reaching safepoint: 159769 ns, At safepoint: 7221448 ns, Total: 7381217 ns
[2022-09-08T04:35:45.714+0000][7][gc,marking  ] GC(38) Concurrent Rebuild Remembered Sets
[2022-09-08T04:35:45.756+0000][7][gc,marking  ] GC(38) Concurrent Rebuild Remembered Sets 42.242ms
[2022-09-08T04:35:45.758+0000][7][gc,start    ] GC(38) Pause Cleanup
[2022-09-08T04:35:45.758+0000][7][gc          ] GC(38) Pause Cleanup 93M->93M(256M) 0.452ms
[2022-09-08T04:35:45.758+0000][7][gc,cpu      ] GC(38) User=0.00s Sys=0.00s Real=0.00s
[2022-09-08T04:35:45.759+0000][7][safepoint   ] Safepoint "G1Concurrent", Time since last: 43378041 ns, Reaching safepoint: 319178 ns, At safepoint: 1025711 ns, Total: 1344889 ns
[2022-09-08T04:35:45.759+0000][7][gc,marking  ] GC(38) Concurrent Cleanup for Next Mark
[2022-09-08T04:35:45.759+0000][7][gc,marking  ] GC(38) Concurrent Cleanup for Next Mark 0.558ms
[2022-09-08T04:35:45.760+0000][7][gc          ] GC(38) Concurrent Cycle 133.615ms
[2022-09-08T04:35:48.759+0000][7][safepoint   ] Safepoint "Cleanup", Time since last: 3000537350 ns, Reaching safepoint: 248366 ns, At safepoint: 35065 ns, Total: 283431 ns
[2022-09-08T04:35:58.761+0000][7][safepoint   ] Safepoint "Cleanup", Time since last: 10001521097 ns, Reaching safepoint: 271509 ns, At safepoint: 38331 ns, Total: 309840 ns
[2022-09-08T04:36:07.765+0000][7][safepoint   ] Safepoint "Cleanup", Time since last: 9002215731 ns, Reaching safepoint: 187862 ns, At safepoint: 6742 ns, Total: 194604 ns
[2022-09-08T04:36:15.768+0000][7][safepoint   ] Safepoint "Cleanup", Time since last: 8002689170 ns, Reaching safepoint: 273543 ns, At safepoint: 36247 ns, Total: 309790 ns
[2022-09-08T04:36:18.769+0000][7][safepoint   ] Safepoint "Cleanup", Time since last: 3000862850 ns, Reaching safepoint: 305642 ns, At safepoint: 81252 ns, Total: 386894 ns
[2022-09-08T04:36:19.770+0000][7][safepoint   ] Safepoint "Cleanup", Time since last: 1000568884 ns, Reaching safepoint: 373029 ns, At safepoint: 9959 ns, Total: 382988 ns
[2022-09-08T04:36:21.771+0000][7][safepoint   ] Safepoint "Cleanup", Time since last: 2000822175 ns, Reaching safepoint: 382937 ns, At safepoint: 63178 ns, Total: 446115 ns
[2022-09-08T04:36:25.773+0000][7][safepoint   ] Safepoint "Cleanup", Time since last: 4001102727 ns, Reaching safepoint: 391914 ns, At safepoint: 65453 ns, Total: 457367 ns
[2022-09-08T04:36:37.775+0000][7][safepoint   ] Safepoint "Cleanup", Time since last: 12003344689 ns, Reaching safepoint: 201377 ns, At safepoint: 4849 ns, Total: 206226 ns
[2022-09-08T04:36:39.775+0000][7][safepoint   ] Safepoint "Cleanup", Time since last: 2000671403 ns, Reaching safepoint: 291226 ns, At safepoint: 14066 ns, Total: 305292 ns
[2022-09-08T04:36:55.779+0000][7][safepoint   ] Safepoint "Cleanup", Time since last: 16002967793 ns, Reaching safepoint: 245691 ns, At safepoint: 59501 ns, Total: 305192 ns
[2022-09-08T04:36:58.780+0000][7][safepoint   ] Safepoint "Cleanup", Time since last: 3000794221 ns, Reaching safepoint: 331651 ns, At safepoint: 38733 ns, Total: 370384 ns
[2022-09-08T04:37:03.782+0000][7][safepoint   ] Safepoint "Cleanup", Time since last: 5001093627 ns, Reaching safepoint: 354765 ns, At safepoint: 127318 ns, Total: 482083 ns
[2022-09-08T04:37:07.783+0000][7][safepoint   ] Safepoint "Cleanup", Time since last: 4001016175 ns, Reaching safepoint: 382827 ns, At safepoint: 39213 ns, Total: 422040 ns
[2022-09-08T04:37:09.784+0000][7][safepoint   ] Safepoint "Cleanup", Time since last: 2000565004 ns, Reaching safepoint: 137337 ns, At safepoint: 3998 ns, Total: 141335 ns
[2022-09-08T04:37:15.785+0000][7][safepoint   ] Safepoint "Cleanup", Time since last: 6001056536 ns, Reaching safepoint: 153076 ns, At safepoint: 24937 ns, Total: 178013 ns
[2022-09-08T04:37:19.786+0000][7][safepoint   ] Safepoint "Cleanup", Time since last: 4001173560 ns, Reaching safepoint: 247063 ns, At safepoint: 33392 ns, Total: 280455 ns
[2022-09-08T04:37:27.790+0000][7][safepoint   ] Safepoint "Cleanup", Time since last: 8003380925 ns, Reaching safepoint: 303930 ns, At safepoint: 58569 ns, Total: 362499 ns
[2022-09-08T04:37:31.791+0000][7][safepoint   ] Safepoint "Cleanup", Time since last: 4000797155 ns, Reaching safepoint: 264345 ns, At safepoint: 40235 ns, Total: 304580 ns
[2022-09-08T04:37:32.792+0000][7][safepoint   ] Safepoint "Cleanup", Time since last: 1000507258 ns, Reaching safepoint: 275576 ns, At safepoint: 46908 ns, Total: 322484 ns
[2022-09-08T04:37:41.794+0000][7][safepoint   ] Safepoint "Cleanup", Time since last: 9001476776 ns, Reaching safepoint: 297737 ns, At safepoint: 66184 ns, Total: 363921 ns
[2022-09-08T04:37:45.795+0000][7][safepoint   ] Safepoint "Cleanup", Time since last: 4000778850 ns, Reaching safepoint: 249197 ns, At safepoint: 8676 ns, Total: 257873 ns
[2022-09-08T04:37:47.796+0000][7][safepoint   ] Safepoint "Cleanup", Time since last: 2001126266 ns, Reaching safepoint: 249257 ns, At safepoint: 32661 ns, Total: 281918 ns
[2022-09-08T04:37:52.798+0000][7][safepoint   ] Safepoint "Cleanup", Time since last: 5000972801 ns, Reaching safepoint: 221024 ns, At safepoint: 6512 ns, Total: 227536 ns
[2022-09-08T04:37:55.799+0000][7][safepoint   ] Safepoint "Cleanup", Time since last: 3000798159 ns, Reaching safepoint: 200134 ns, At safepoint: 3527 ns, Total: 203661 ns
[2022-09-08T04:37:58.800+0000][7][safepoint   ] Safepoint "Cleanup", Time since last: 3000802196 ns, Reaching safepoint: 225743 ns, At safepoint: 37560 ns, Total: 263303 ns
[2022-09-08T04:38:03.801+0000][7][safepoint   ] Safepoint "Cleanup", Time since last: 5001077508 ns, Reaching safepoint: 214952 ns, At safepoint: 36619 ns, Total: 251571 ns
[2022-09-08T04:38:07.802+0000][7][safepoint   ] Safepoint "Cleanup", Time since last: 4001009551 ns, Reaching safepoint: 206918 ns, At safepoint: 8125 ns, Total: 215043 ns
[2022-09-08T04:38:09.803+0000][7][safepoint   ] Safepoint "Cleanup", Time since last: 2000931110 ns, Reaching safepoint: 330169 ns, At safepoint: 42129 ns, Total: 372298 ns
[2022-09-08T04:38:15.805+0000][7][safepoint   ] Safepoint "Cleanup", Time since last: 6001212788 ns, Reaching safepoint: 278482 ns, At safepoint: 38812 ns, Total: 317294 ns
[2022-09-08T04:38:28.807+0000][7][safepoint   ] Safepoint "Cleanup", Time since last: 13002226201 ns, Reaching safepoint: 237876 ns, At safepoint: 39213 ns, Total: 277089 ns
[2022-09-08T04:38:37.651+0000][7][safepoint   ] Safepoint "Cleanup", Time since last: 8843238847 ns, Reaching safepoint: 385362 ns, At safepoint: 41698 ns, Total: 427060 ns
[2022-09-08T04:38:38.652+0000][7][safepoint   ] Safepoint "Cleanup", Time since last: 1000572791 ns, Reaching safepoint: 331051 ns, At safepoint: 41357 ns, Total: 372408 ns
[2022-09-08T04:38:50.654+0000][7][safepoint   ] Safepoint "Cleanup", Time since last: 12001928916 ns, Reaching safepoint: 200035 ns, At safepoint: 33533 ns, Total: 233568 ns
[2022-09-08T04:38:56.656+0000][7][safepoint   ] Safepoint "Cleanup", Time since last: 6001156052 ns, Reaching safepoint: 265437 ns, At safepoint: 37701 ns, Total: 303138 ns
[2022-09-08T04:39:08.656+0000][7][safepoint   ] Safepoint "Cleanup", Time since last: 12001890344 ns, Reaching safepoint: 245630 ns, At safepoint: 37580 ns, Total: 283210 ns
[2022-09-08T04:39:14.658+0000][7][safepoint   ] Safepoint "Cleanup", Time since last: 6001301434 ns, Reaching safepoint: 228999 ns, At safepoint: 42029 ns, Total: 271028 ns
[2022-09-08T04:39:15.596+0000][7][gc,start    ] GC(39) Pause Young (Normal) (G1 Evacuation Pause)
[2022-09-08T04:39:15.596+0000][7][gc,task     ] GC(39) Using 6 workers of 6 for evacuation
[2022-09-08T04:39:15.596+0000][7][gc,age      ] GC(39) Desired survivor size 8388608 bytes, new threshold 15 (max threshold 15)
[2022-09-08T04:39:15.617+0000][7][gc,age      ] GC(39) Age table with threshold 15 (max threshold 15)
[2022-09-08T04:39:15.618+0000][7][gc,age      ] GC(39) - age   1:      51592 bytes,      51592 total
[2022-09-08T04:39:15.618+0000][7][gc,age      ] GC(39) - age   2:      25320 bytes,      76912 total
[2022-09-08T04:39:15.618+0000][7][gc,age      ] GC(39) - age   3:      71400 bytes,     148312 total
[2022-09-08T04:39:15.619+0000][7][gc,age      ] GC(39) - age   4:      60464 bytes,     208776 total
[2022-09-08T04:39:15.619+0000][7][gc,age      ] GC(39) - age   5:      18208 bytes,     226984 total
[2022-09-08T04:39:15.619+0000][7][gc,age      ] GC(39) - age   6:       3760 bytes,     230744 total
[2022-09-08T04:39:15.620+0000][7][gc,age      ] GC(39) - age   7:     229544 bytes,     460288 total
[2022-09-08T04:39:15.620+0000][7][gc,age      ] GC(39) - age   8:      72824 bytes,     533112 total
[2022-09-08T04:39:15.620+0000][7][gc,age      ] GC(39) - age   9:    3062272 bytes,    3595384 total
[2022-09-08T04:39:15.620+0000][7][gc,age      ] GC(39) - age  10:    2678096 bytes,    6273480 total
[2022-09-08T04:39:15.621+0000][7][gc,phases   ] GC(39)   Pre Evacuate Collection Set: 0.1ms
[2022-09-08T04:39:15.621+0000][7][gc,phases   ] GC(39)   Merge Heap Roots: 0.1ms
[2022-09-08T04:39:15.622+0000][7][gc,phases   ] GC(39)   Evacuate Collection Set: 18.4ms
[2022-09-08T04:39:15.622+0000][7][gc,phases   ] GC(39)   Post Evacuate Collection Set: 1.9ms
[2022-09-08T04:39:15.622+0000][7][gc,phases   ] GC(39)   Other: 4.7ms
[2022-09-08T04:39:15.623+0000][7][gc,heap     ] GC(39) Eden regions: 27->0(27)
[2022-09-08T04:39:15.623+0000][7][gc,heap     ] GC(39) Survivor regions: 2->2(4)
[2022-09-08T04:39:15.623+0000][7][gc,heap     ] GC(39) Old regions: 19->19
[2022-09-08T04:39:15.623+0000][7][gc,heap     ] GC(39) Archive regions: 2->2
[2022-09-08T04:39:15.624+0000][7][gc,heap     ] GC(39) Humongous regions: 2->2
[2022-09-08T04:39:15.624+0000][7][gc,metaspace] GC(39) Metaspace: 95050K(99620K)->95050K(99620K) NonClass: 82516K(85924K)->82516K(85924K) Class: 12534K(13696K)->12534K(13696K)
[2022-09-08T04:39:15.624+0000][7][gc          ] GC(39) Pause Young (Normal) (G1 Evacuation Pause) 198M->90M(256M) 28.393ms
[2022-09-08T04:39:15.624+0000][7][gc,cpu      ] GC(39) User=0.06s Sys=0.00s Real=0.02s
[2022-09-08T04:39:15.626+0000][7][safepoint   ] Safepoint "G1CollectForAllocation", Time since last: 934128560 ns, Reaching safepoint: 3706293 ns, At safepoint: 30218439 ns, Total: 33924732 ns
[2022-09-08T04:39:16.806+0000][7][safepoint   ] Safepoint "Cleanup", Time since last: 1179589234 ns, Reaching safepoint: 303168 ns, At safepoint: 37390 ns, Total: 340558 ns
[2022-09-08T04:39:26.808+0000][7][safepoint   ] Safepoint "Cleanup", Time since last: 10001576300 ns, Reaching safepoint: 171782 ns, At safepoint: 6041 ns, Total: 177823 ns
[2022-09-08T04:39:29.809+0000][7][safepoint   ] Safepoint "Cleanup", Time since last: 3001081720 ns, Reaching safepoint: 191278 ns, At safepoint: 11221 ns, Total: 202499 ns
[2022-09-08T04:39:30.810+0000][7][safepoint   ] Safepoint "Cleanup", Time since last: 1000714787 ns, Reaching safepoint: 159058 ns, At safepoint: 6983 ns, Total: 166041 ns
[2022-09-08T04:39:32.810+0000][7][safepoint   ] Safepoint "Cleanup", Time since last: 2000654862 ns, Reaching safepoint: 167474 ns, At safepoint: 4138 ns, Total: 171612 ns
[2022-09-08T04:39:35.811+0000][7][safepoint   ] Safepoint "Cleanup", Time since last: 3000732124 ns, Reaching safepoint: 189946 ns, At safepoint: 6512 ns, Total: 196458 ns
[2022-09-08T04:39:36.812+0000][7][safepoint   ] Safepoint "Cleanup", Time since last: 1000553615 ns, Reaching safepoint: 178314 ns, At safepoint: 21620 ns, Total: 199934 ns
[2022-09-08T04:39:37.815+0000][7][safepoint   ] Safepoint "Cleanup", Time since last: 1000529450 ns, Reaching safepoint: 205545 ns, At safepoint: 35877 ns, Total: 241422 ns
[2022-09-08T04:39:39.606+0000][7][safepoint   ] Safepoint "Cleanup", Time since last: 1791377060 ns, Reaching safepoint: 230052 ns, At safepoint: 46417 ns, Total: 276469 ns
[2022-09-08T04:39:42.607+0000][7][safepoint   ] Safepoint "Cleanup", Time since last: 3000843483 ns, Reaching safepoint: 169347 ns, At safepoint: 9087 ns, Total: 178434 ns
[2022-09-08T04:39:45.609+0000][7][safepoint   ] Safepoint "Cleanup", Time since last: 3001396149 ns, Reaching safepoint: 329457 ns, At safepoint: 8646 ns, Total: 338103 ns
[2022-09-08T04:39:46.610+0000][7][safepoint   ] Safepoint "Cleanup", Time since last: 1000639546 ns, Reaching safepoint: 219641 ns, At safepoint: 32832 ns, Total: 252473 ns
[2022-09-08T04:39:53.612+0000][7][safepoint   ] Safepoint "Cleanup", Time since last: 7001555598 ns, Reaching safepoint: 250609 ns, At safepoint: 64080 ns, Total: 314689 ns
[2022-09-08T04:39:56.613+0000][7][safepoint   ] Safepoint "Cleanup", Time since last: 3000874973 ns, Reaching safepoint: 300222 ns, At safepoint: 41809 ns, Total: 342031 ns
[2022-09-08T04:40:05.631+0000][7][safepoint   ] Safepoint "Cleanup", Time since last: 9017671643 ns, Reaching safepoint: 230162 ns, At safepoint: 34825 ns, Total: 264987 ns
[2022-09-08T04:40:08.632+0000][7][safepoint   ] Safepoint "Cleanup", Time since last: 3000726824 ns, Reaching safepoint: 289392 ns, At safepoint: 37851 ns, Total: 327243 ns
[2022-09-08T04:40:09.633+0000][7][safepoint   ] Safepoint "Cleanup", Time since last: 1000428621 ns, Reaching safepoint: 206948 ns, At safepoint: 7464 ns, Total: 214412 ns
[2022-09-08T04:40:15.634+0000][7][safepoint   ] Safepoint "Cleanup", Time since last: 6001055233 ns, Reaching safepoint: 253595 ns, At safepoint: 36809 ns, Total: 290404 ns
[2022-09-08T04:40:25.636+0000][7][safepoint   ] Safepoint "Cleanup", Time since last: 10001733134 ns, Reaching safepoint: 198642 ns, At safepoint: 34515 ns, Total: 233157 ns
[2022-09-08T04:40:26.637+0000][7][safepoint   ] Safepoint "Cleanup", Time since last: 1000743230 ns, Reaching safepoint: 225022 ns, At safepoint: 36608 ns, Total: 261630 ns
[2022-09-08T04:40:28.638+0000][7][safepoint   ] Safepoint "Cleanup", Time since last: 2000893439 ns, Reaching safepoint: 263173 ns, At safepoint: 36949 ns, Total: 300122 ns
[2022-09-08T04:40:31.639+0000][7][safepoint   ] Safepoint "Cleanup", Time since last: 3000755299 ns, Reaching safepoint: 254967 ns, At safepoint: 39514 ns, Total: 294481 ns
[2022-09-08T04:40:38.641+0000][7][safepoint   ] Safepoint "Cleanup", Time since last: 7001312222 ns, Reaching safepoint: 284934 ns, At safepoint: 39554 ns, Total: 324488 ns
[2022-09-08T04:40:45.643+0000][7][safepoint   ] Safepoint "Cleanup", Time since last: 7001373738 ns, Reaching safepoint: 211856 ns, At safepoint: 62117 ns, Total: 273973 ns
[2022-09-08T04:41:07.646+0000][7][safepoint   ] Safepoint "Cleanup", Time since last: 22003967622 ns, Reaching safepoint: 186710 ns, At safepoint: 7114 ns, Total: 193824 ns
[2022-09-08T04:41:15.648+0000][7][safepoint   ] Safepoint "Cleanup", Time since last: 8001307040 ns, Reaching safepoint: 208992 ns, At safepoint: 34965 ns, Total: 243957 ns
[2022-09-08T04:41:28.650+0000][7][safepoint   ] Safepoint "Cleanup", Time since last: 13002244044 ns, Reaching safepoint: 247043 ns, At safepoint: 36919 ns, Total: 283962 ns
[2022-09-08T04:41:40.653+0000][7][safepoint   ] Safepoint "Cleanup", Time since last: 12001818529 ns, Reaching safepoint: 251161 ns, At safepoint: 36348 ns, Total: 287509 ns
[2022-09-08T04:41:41.655+0000][7][safepoint   ] Safepoint "Cleanup", Time since last: 1000917466 ns, Reaching safepoint: 279524 ns, At safepoint: 41488 ns, Total: 321012 ns
[2022-09-08T04:41:44.656+0000][7][safepoint   ] Safepoint "Cleanup", Time since last: 3001486578 ns, Reaching safepoint: 362750 ns, At safepoint: 59090 ns, Total: 421840 ns
[2022-09-08T04:41:45.657+0000][7][safepoint   ] Safepoint "Cleanup", Time since last: 1000551301 ns, Reaching safepoint: 199934 ns, At safepoint: 35597 ns, Total: 235531 ns
[2022-09-08T04:41:47.659+0000][7][safepoint   ] Safepoint "Cleanup", Time since last: 2001566881 ns, Reaching safepoint: 284222 ns, At safepoint: 9909 ns, Total: 294131 ns
[2022-09-08T04:42:15.663+0000][7][safepoint   ] Safepoint "Cleanup", Time since last: 28004153016 ns, Reaching safepoint: 216225 ns, At safepoint: 38442 ns, Total: 254667 ns
[2022-09-08T04:42:19.664+0000][7][safepoint   ] Safepoint "Cleanup", Time since last: 4000849532 ns, Reaching safepoint: 199474 ns, At safepoint: 31609 ns, Total: 231083 ns
[2022-09-08T04:42:32.737+0000][7][gc,start    ] GC(40) Pause Young (Concurrent Start) (G1 Evacuation Pause)
[2022-09-08T04:42:32.738+0000][7][gc,task     ] GC(40) Using 6 workers of 6 for evacuation
[2022-09-08T04:42:32.738+0000][7][gc,age      ] GC(40) Desired survivor size 8388608 bytes, new threshold 15 (max threshold 15)
[2022-09-08T04:42:32.754+0000][7][gc,age      ] GC(40) Age table with threshold 15 (max threshold 15)
[2022-09-08T04:42:32.754+0000][7][gc,age      ] GC(40) - age   1:      63096 bytes,      63096 total
[2022-09-08T04:42:32.754+0000][7][gc,age      ] GC(40) - age   2:       9752 bytes,      72848 total
[2022-09-08T04:42:32.755+0000][7][gc,age      ] GC(40) - age   3:      25288 bytes,      98136 total
[2022-09-08T04:42:32.755+0000][7][gc,age      ] GC(40) - age   4:      71400 bytes,     169536 total
[2022-09-08T04:42:32.755+0000][7][gc,age      ] GC(40) - age   5:      60464 bytes,     230000 total
[2022-09-08T04:42:32.755+0000][7][gc,age      ] GC(40) - age   6:      18208 bytes,     248208 total
[2022-09-08T04:42:32.756+0000][7][gc,age      ] GC(40) - age   7:       3760 bytes,     251968 total
[2022-09-08T04:42:32.757+0000][7][gc,age      ] GC(40) - age   8:     228648 bytes,     480616 total
[2022-09-08T04:42:32.757+0000][7][gc,age      ] GC(40) - age   9:      72824 bytes,     553440 total
[2022-09-08T04:42:32.757+0000][7][gc,age      ] GC(40) - age  10:    3062144 bytes,    3615584 total
[2022-09-08T04:42:32.758+0000][7][gc,age      ] GC(40) - age  11:    2678096 bytes,    6293680 total
[2022-09-08T04:42:32.758+0000][7][gc,phases   ] GC(40)   Pre Evacuate Collection Set: 0.5ms
[2022-09-08T04:42:32.758+0000][7][gc,phases   ] GC(40)   Merge Heap Roots: 0.3ms
[2022-09-08T04:42:32.759+0000][7][gc,phases   ] GC(40)   Evacuate Collection Set: 12.4ms
[2022-09-08T04:42:32.759+0000][7][gc,phases   ] GC(40)   Post Evacuate Collection Set: 2.2ms
[2022-09-08T04:42:32.759+0000][7][gc,phases   ] GC(40)   Other: 5.3ms
[2022-09-08T04:42:32.759+0000][7][gc,heap     ] GC(40) Eden regions: 27->0(27)
[2022-09-08T04:42:32.760+0000][7][gc,heap     ] GC(40) Survivor regions: 2->2(4)
[2022-09-08T04:42:32.760+0000][7][gc,heap     ] GC(40) Old regions: 19->19
[2022-09-08T04:42:32.760+0000][7][gc,heap     ] GC(40) Archive regions: 2->2
[2022-09-08T04:42:32.761+0000][7][gc,heap     ] GC(40) Humongous regions: 2->2
[2022-09-08T04:42:32.761+0000][7][gc,metaspace] GC(40) Metaspace: 95139K(99876K)->95139K(99876K) NonClass: 82603K(86180K)->82603K(86180K) Class: 12535K(13696K)->12535K(13696K)
[2022-09-08T04:42:32.761+0000][7][gc          ] GC(40) Pause Young (Concurrent Start) (G1 Evacuation Pause) 198M->90M(256M) 23.784ms
[2022-09-08T04:42:32.761+0000][7][gc,cpu      ] GC(40) User=0.07s Sys=0.00s Real=0.02s
[2022-09-08T04:42:32.762+0000][7][gc          ] GC(41) Concurrent Cycle
[2022-09-08T04:42:32.762+0000][7][safepoint   ] Safepoint "G1CollectForAllocation", Time since last: 13072976438 ns, Reaching safepoint: 206828 ns, At safepoint: 24526776 ns, Total: 24733604 ns
[2022-09-08T04:42:32.762+0000][7][gc,marking  ] GC(41) Concurrent Clear Claimed Marks
[2022-09-08T04:42:32.763+0000][7][gc,marking  ] GC(41) Concurrent Clear Claimed Marks 0.712ms
[2022-09-08T04:42:32.763+0000][7][gc,marking  ] GC(41) Concurrent Scan Root Regions
[2022-09-08T04:42:32.768+0000][7][gc,marking  ] GC(41) Concurrent Scan Root Regions 4.531ms
[2022-09-08T04:42:32.768+0000][7][gc,marking  ] GC(41) Concurrent Mark (2583.770s)
[2022-09-08T04:42:32.768+0000][7][gc,marking  ] GC(41) Concurrent Mark From Roots
[2022-09-08T04:42:32.769+0000][7][gc,task     ] GC(41) Using 2 workers of 2 for marking
[2022-09-08T04:42:32.836+0000][7][gc,marking  ] GC(41) Concurrent Mark From Roots 67.837ms
[2022-09-08T04:42:32.836+0000][7][gc,marking  ] GC(41) Concurrent Preclean
[2022-09-08T04:42:32.837+0000][7][gc,marking  ] GC(41) Concurrent Preclean 0.425ms
[2022-09-08T04:42:32.837+0000][7][gc,marking  ] GC(41) Concurrent Mark (2583.770s, 2583.839s) 69.168ms
[2022-09-08T04:42:32.838+0000][7][gc,start    ] GC(41) Pause Remark
[2022-09-08T04:42:32.844+0000][7][gc          ] GC(41) Pause Remark 90M->90M(256M) 6.864ms
[2022-09-08T04:42:32.845+0000][7][gc,cpu      ] GC(41) User=0.03s Sys=0.01s Real=0.00s
[2022-09-08T04:42:32.845+0000][7][safepoint   ] Safepoint "G1Concurrent", Time since last: 75556079 ns, Reaching safepoint: 184957 ns, At safepoint: 7671321 ns, Total: 7856278 ns
[2022-09-08T04:42:32.846+0000][7][gc,marking  ] GC(41) Concurrent Rebuild Remembered Sets
[2022-09-08T04:42:32.890+0000][7][gc,marking  ] GC(41) Concurrent Rebuild Remembered Sets 44.077ms
[2022-09-08T04:42:32.890+0000][7][gc,start    ] GC(41) Pause Cleanup
[2022-09-08T04:42:32.891+0000][7][gc          ] GC(41) Pause Cleanup 90M->90M(256M) 0.483ms
[2022-09-08T04:42:32.891+0000][7][gc,cpu      ] GC(41) User=0.00s Sys=0.00s Real=0.00s
[2022-09-08T04:42:32.891+0000][7][safepoint   ] Safepoint "G1Concurrent", Time since last: 44845529 ns, Reaching safepoint: 288240 ns, At safepoint: 1035981 ns, Total: 1324221 ns
[2022-09-08T04:42:32.892+0000][7][gc,marking  ] GC(41) Concurrent Cleanup for Next Mark
[2022-09-08T04:42:32.902+0000][7][gc,marking  ] GC(41) Concurrent Cleanup for Next Mark 10.265ms
[2022-09-08T04:42:32.902+0000][7][gc          ] GC(41) Concurrent Cycle 140.607ms
[2022-09-08T04:42:38.889+0000][7][safepoint   ] Safepoint "Cleanup", Time since last: 6001061214 ns, Reaching safepoint: 209342 ns, At safepoint: 7183 ns, Total: 216525 ns
[2022-09-08T04:42:45.891+0000][7][safepoint   ] Safepoint "Cleanup", Time since last: 7001140401 ns, Reaching safepoint: 254978 ns, At safepoint: 35877 ns, Total: 290855 ns
[2022-09-08T04:42:50.893+0000][7][safepoint   ] Safepoint "Cleanup", Time since last: 5001437381 ns, Reaching safepoint: 205525 ns, At safepoint: 34815 ns, Total: 240340 ns
[2022-09-08T04:43:07.899+0000][7][safepoint   ] Safepoint "Cleanup", Time since last: 17002771153 ns, Reaching safepoint: 318226 ns, At safepoint: 68548 ns, Total: 386774 ns
[2022-09-08T04:43:15.901+0000][7][safepoint   ] Safepoint "Cleanup", Time since last: 8001537032 ns, Reaching safepoint: 354424 ns, At safepoint: 11090 ns, Total: 365514 ns
[2022-09-08T04:43:45.906+0000][7][safepoint   ] Safepoint "Cleanup", Time since last: 30005344063 ns, Reaching safepoint: 334276 ns, At safepoint: 37861 ns, Total: 372137 ns
[2022-09-08T04:43:46.907+0000][7][safepoint   ] Safepoint "Cleanup", Time since last: 1000608578 ns, Reaching safepoint: 275716 ns, At safepoint: 33613 ns, Total: 309329 ns
[2022-09-08T04:43:55.909+0000][7][safepoint   ] Safepoint "Cleanup", Time since last: 9001554212 ns, Reaching safepoint: 338894 ns, At safepoint: 38122 ns, Total: 377016 ns
[2022-09-08T04:44:15.913+0000][7][safepoint   ] Safepoint "Cleanup", Time since last: 20003276672 ns, Reaching safepoint: 218469 ns, At safepoint: 8025 ns, Total: 226494 ns
[2022-09-08T04:44:39.917+0000][7][safepoint   ] Safepoint "Cleanup", Time since last: 24004016179 ns, Reaching safepoint: 207288 ns, At safepoint: 28574 ns, Total: 235862 ns
[2022-09-08T04:44:40.919+0000][7][safepoint   ] Safepoint "Cleanup", Time since last: 1001127250 ns, Reaching safepoint: 215023 ns, At safepoint: 32210 ns, Total: 247233 ns
[2022-09-08T04:44:43.920+0000][7][safepoint   ] Safepoint "Cleanup", Time since last: 3000785985 ns, Reaching safepoint: 237716 ns, At safepoint: 45455 ns, Total: 283171 ns
[2022-09-08T04:44:44.921+0000][7][safepoint   ] Safepoint "Cleanup", Time since last: 1000539709 ns, Reaching safepoint: 659796 ns, At safepoint: 3226 ns, Total: 663022 ns
[2022-09-08T04:44:45.922+0000][7][safepoint   ] Safepoint "Cleanup", Time since last: 1000963953 ns, Reaching safepoint: 334777 ns, At safepoint: 43502 ns, Total: 378279 ns
[2022-09-08T04:44:46.923+0000][7][safepoint   ] Safepoint "Cleanup", Time since last: 1000553595 ns, Reaching safepoint: 303398 ns, At safepoint: 44113 ns, Total: 347511 ns
[2022-09-08T04:44:49.924+0000][7][safepoint   ] Safepoint "Cleanup", Time since last: 3000834706 ns, Reaching safepoint: 247464 ns, At safepoint: 11071 ns, Total: 258535 ns
[2022-09-08T04:44:50.925+0000][7][safepoint   ] Safepoint "Cleanup", Time since last: 1000528498 ns, Reaching safepoint: 189454 ns, At safepoint: 10260 ns, Total: 199714 ns
[2022-09-08T04:45:07.928+0000][7][safepoint   ] Safepoint "Cleanup", Time since last: 17003083968 ns, Reaching safepoint: 199704 ns, At safepoint: 33513 ns, Total: 233217 ns
[2022-09-08T04:45:15.930+0000][7][safepoint   ] Safepoint "Cleanup", Time since last: 8001375639 ns, Reaching safepoint: 336741 ns, At safepoint: 40125 ns, Total: 376866 ns
[2022-09-08T04:45:45.934+0000][7][safepoint   ] Safepoint "Cleanup", Time since last: 30004134908 ns, Reaching safepoint: 228808 ns, At safepoint: 3437 ns, Total: 232245 ns
[2022-09-08T04:45:49.601+0000][7][gc,start    ] GC(42) Pause Young (Normal) (G1 Evacuation Pause)
[2022-09-08T04:45:49.601+0000][7][gc,task     ] GC(42) Using 6 workers of 6 for evacuation
[2022-09-08T04:45:49.602+0000][7][gc,age      ] GC(42) Desired survivor size 8388608 bytes, new threshold 15 (max threshold 15)
[2022-09-08T04:45:49.613+0000][7][gc,age      ] GC(42) Age table with threshold 15 (max threshold 15)
[2022-09-08T04:45:49.614+0000][7][gc,age      ] GC(42) - age   1:      22240 bytes,      22240 total
[2022-09-08T04:45:49.614+0000][7][gc,age      ] GC(42) - age   2:      41840 bytes,      64080 total
[2022-09-08T04:45:49.614+0000][7][gc,age      ] GC(42) - age   3:       9656 bytes,      73736 total
[2022-09-08T04:45:49.615+0000][7][gc,age      ] GC(42) - age   4:      25048 bytes,      98784 total
[2022-09-08T04:45:49.615+0000][7][gc,age      ] GC(42) - age   5:      71400 bytes,     170184 total
[2022-09-08T04:45:49.615+0000][7][gc,age      ] GC(42) - age   6:      60464 bytes,     230648 total
[2022-09-08T04:45:49.616+0000][7][gc,age      ] GC(42) - age   7:      18208 bytes,     248856 total
[2022-09-08T04:45:49.616+0000][7][gc,age      ] GC(42) - age   8:       3760 bytes,     252616 total
[2022-09-08T04:45:49.616+0000][7][gc,age      ] GC(42) - age   9:     228456 bytes,     481072 total
[2022-09-08T04:45:49.617+0000][7][gc,age      ] GC(42) - age  10:      72824 bytes,     553896 total
[2022-09-08T04:45:49.617+0000][7][gc,age      ] GC(42) - age  11:    3062032 bytes,    3615928 total
[2022-09-08T04:45:49.617+0000][7][gc,age      ] GC(42) - age  12:    2678096 bytes,    6294024 total
[2022-09-08T04:45:49.618+0000][7][gc,phases   ] GC(42)   Pre Evacuate Collection Set: 0.2ms
[2022-09-08T04:45:49.618+0000][7][gc,phases   ] GC(42)   Merge Heap Roots: 0.2ms
[2022-09-08T04:45:49.619+0000][7][gc,phases   ] GC(42)   Evacuate Collection Set: 8.4ms
[2022-09-08T04:45:49.619+0000][7][gc,phases   ] GC(42)   Post Evacuate Collection Set: 2.4ms
[2022-09-08T04:45:49.619+0000][7][gc,phases   ] GC(42)   Other: 5.7ms
[2022-09-08T04:45:49.619+0000][7][gc,heap     ] GC(42) Eden regions: 27->0(27)
[2022-09-08T04:45:49.620+0000][7][gc,heap     ] GC(42) Survivor regions: 2->2(4)
[2022-09-08T04:45:49.620+0000][7][gc,heap     ] GC(42) Old regions: 19->19
[2022-09-08T04:45:49.621+0000][7][gc,heap     ] GC(42) Archive regions: 2->2
[2022-09-08T04:45:49.621+0000][7][gc,heap     ] GC(42) Humongous regions: 2->2
[2022-09-08T04:45:49.621+0000][7][gc,metaspace] GC(42) Metaspace: 95226K(99876K)->95226K(99876K) NonClass: 82690K(86180K)->82690K(86180K) Class: 12536K(13696K)->12536K(13696K)
[2022-09-08T04:45:49.621+0000][7][gc          ] GC(42) Pause Young (Normal) (G1 Evacuation Pause) 198M->90M(256M) 20.467ms
[2022-09-08T04:45:49.622+0000][7][gc,cpu      ] GC(42) User=0.05s Sys=0.00s Real=0.02s
[2022-09-08T04:45:49.622+0000][7][safepoint   ] Safepoint "G1CollectForAllocation", Time since last: 3666359830 ns, Reaching safepoint: 267481 ns, At safepoint: 21159288 ns, Total: 21426769 ns
[2022-09-08T04:45:56.624+0000][7][safepoint   ] Safepoint "Cleanup", Time since last: 7001686934 ns, Reaching safepoint: 282409 ns, At safepoint: 33183 ns, Total: 315592 ns
[2022-09-08T04:46:16.631+0000][7][safepoint   ] Safepoint "Cleanup", Time since last: 20006371139 ns, Reaching safepoint: 335278 ns, At safepoint: 43471 ns, Total: 378749 ns
[2022-09-08T04:46:29.634+0000][7][safepoint   ] Safepoint "Cleanup", Time since last: 13002456683 ns, Reaching safepoint: 209072 ns, At safepoint: 33442 ns, Total: 242514 ns
[2022-09-08T04:46:38.636+0000][7][safepoint   ] Safepoint "Cleanup", Time since last: 9001825369 ns, Reaching safepoint: 310721 ns, At safepoint: 38052 ns, Total: 348773 ns
[2022-09-08T04:46:45.637+0000][7][safepoint   ] Safepoint "Cleanup", Time since last: 7001258612 ns, Reaching safepoint: 231994 ns, At safepoint: 7184 ns, Total: 239178 ns
[2022-09-08T04:46:46.638+0000][7][safepoint   ] Safepoint "Cleanup", Time since last: 1000483563 ns, Reaching safepoint: 204764 ns, At safepoint: 3787 ns, Total: 208551 ns
[2022-09-08T04:46:59.640+0000][7][safepoint   ] Safepoint "Cleanup", Time since last: 13001967136 ns, Reaching safepoint: 326161 ns, At safepoint: 37129 ns, Total: 363290 ns
[2022-09-08T04:47:08.658+0000][7][safepoint   ] Safepoint "Cleanup", Time since last: 9016910317 ns, Reaching safepoint: 468448 ns, At safepoint: 59521 ns, Total: 527969 ns
[2022-09-08T04:47:15.659+0000][7][safepoint   ] Safepoint "Cleanup", Time since last: 7001168153 ns, Reaching safepoint: 263263 ns, At safepoint: 7554 ns, Total: 270817 ns
[2022-09-08T04:47:45.665+0000][7][safepoint   ] Safepoint "Cleanup", Time since last: 30005166209 ns, Reaching safepoint: 614882 ns, At safepoint: 62537 ns, Total: 677419 ns
[2022-09-08T04:48:31.671+0000][7][safepoint   ] Safepoint "Cleanup", Time since last: 46005924985 ns, Reaching safepoint: 332412 ns, At safepoint: 34024 ns, Total: 366436 ns
[2022-09-08T04:48:45.674+0000][7][safepoint   ] Safepoint "Cleanup", Time since last: 14002651466 ns, Reaching safepoint: 208290 ns, At safepoint: 28022 ns, Total: 236312 ns
[2022-09-08T04:48:55.676+0000][7][safepoint   ] Safepoint "Cleanup", Time since last: 10001658254 ns, Reaching safepoint: 302497 ns, At safepoint: 38231 ns, Total: 340728 ns
[2022-09-08T04:49:10.679+0000][7][safepoint   ] Safepoint "Cleanup", Time since last: 15002490251 ns, Reaching safepoint: 205084 ns, At safepoint: 30968 ns, Total: 236052 ns
[2022-09-08T04:49:15.606+0000][7][gc,start    ] GC(43) Pause Young (Concurrent Start) (G1 Evacuation Pause)
[2022-09-08T04:49:15.606+0000][7][gc,task     ] GC(43) Using 6 workers of 6 for evacuation
[2022-09-08T04:49:15.607+0000][7][gc,age      ] GC(43) Desired survivor size 8388608 bytes, new threshold 15 (max threshold 15)
[2022-09-08T04:49:15.619+0000][7][gc,age      ] GC(43) Age table with threshold 15 (max threshold 15)
[2022-09-08T04:49:15.620+0000][7][gc,age      ] GC(43) - age   1:      95072 bytes,      95072 total
[2022-09-08T04:49:15.620+0000][7][gc,age      ] GC(43) - age   2:       3952 bytes,      99024 total
[2022-09-08T04:49:15.620+0000][7][gc,age      ] GC(43) - age   3:      41792 bytes,     140816 total
[2022-09-08T04:49:15.621+0000][7][gc,age      ] GC(43) - age   4:       9656 bytes,     150472 total
[2022-09-08T04:49:15.621+0000][7][gc,age      ] GC(43) - age   5:      24808 bytes,     175280 total
[2022-09-08T04:49:15.621+0000][7][gc,age      ] GC(43) - age   6:      71400 bytes,     246680 total
[2022-09-08T04:49:15.621+0000][7][gc,age      ] GC(43) - age   7:      60464 bytes,     307144 total
[2022-09-08T04:49:15.622+0000][7][gc,age      ] GC(43) - age   8:      18208 bytes,     325352 total
[2022-09-08T04:49:15.622+0000][7][gc,age      ] GC(43) - age   9:       3760 bytes,     329112 total
[2022-09-08T04:49:15.622+0000][7][gc,age      ] GC(43) - age  10:     228248 bytes,     557360 total
[2022-09-08T04:49:15.622+0000][7][gc,age      ] GC(43) - age  11:      72824 bytes,     630184 total
[2022-09-08T04:49:15.623+0000][7][gc,age      ] GC(43) - age  12:    3062032 bytes,    3692216 total
[2022-09-08T04:49:15.623+0000][7][gc,age      ] GC(43) - age  13:    2678096 bytes,    6370312 total
[2022-09-08T04:49:15.623+0000][7][gc,phases   ] GC(43)   Pre Evacuate Collection Set: 0.4ms
[2022-09-08T04:49:15.624+0000][7][gc,phases   ] GC(43)   Merge Heap Roots: 0.2ms
[2022-09-08T04:49:15.624+0000][7][gc,phases   ] GC(43)   Evacuate Collection Set: 8.9ms
[2022-09-08T04:49:15.624+0000][7][gc,phases   ] GC(43)   Post Evacuate Collection Set: 2.4ms
[2022-09-08T04:49:15.624+0000][7][gc,phases   ] GC(43)   Other: 5.4ms
[2022-09-08T04:49:15.625+0000][7][gc,heap     ] GC(43) Eden regions: 27->0(27)
[2022-09-08T04:49:15.625+0000][7][gc,heap     ] GC(43) Survivor regions: 2->2(4)
[2022-09-08T04:49:15.625+0000][7][gc,heap     ] GC(43) Old regions: 19->19
[2022-09-08T04:49:15.625+0000][7][gc,heap     ] GC(43) Archive regions: 2->2
[2022-09-08T04:49:15.626+0000][7][gc,heap     ] GC(43) Humongous regions: 2->2
[2022-09-08T04:49:15.626+0000][7][gc,metaspace] GC(43) Metaspace: 95265K(99876K)->95265K(99876K) NonClass: 82729K(86180K)->82729K(86180K) Class: 12536K(13696K)->12536K(13696K)
[2022-09-08T04:49:15.626+0000][7][gc          ] GC(43) Pause Young (Concurrent Start) (G1 Evacuation Pause) 198M->90M(256M) 20.195ms
[2022-09-08T04:49:15.626+0000][7][gc,cpu      ] GC(43) User=0.02s Sys=0.02s Real=0.02s
[2022-09-08T04:49:15.627+0000][7][gc          ] GC(44) Concurrent Cycle
[2022-09-08T04:49:15.627+0000][7][gc,marking  ] GC(44) Concurrent Clear Claimed Marks
[2022-09-08T04:49:15.628+0000][7][gc,marking  ] GC(44) Concurrent Clear Claimed Marks 0.560ms
[2022-09-08T04:49:15.628+0000][7][gc,marking  ] GC(44) Concurrent Scan Root Regions
[2022-09-08T04:49:15.627+0000][7][safepoint   ] Safepoint "G1CollectForAllocation", Time since last: 4925976670 ns, Reaching safepoint: 959618 ns, At safepoint: 20979291 ns, Total: 21938909 ns
[2022-09-08T04:49:15.634+0000][7][gc,marking  ] GC(44) Concurrent Scan Root Regions 6.152ms
[2022-09-08T04:49:15.635+0000][7][gc,marking  ] GC(44) Concurrent Mark (2986.636s)
[2022-09-08T04:49:15.635+0000][7][gc,marking  ] GC(44) Concurrent Mark From Roots
[2022-09-08T04:49:15.635+0000][7][gc,task     ] GC(44) Using 2 workers of 2 for marking
[2022-09-08T04:49:15.715+0000][7][gc,marking  ] GC(44) Concurrent Mark From Roots 79.895ms
[2022-09-08T04:49:15.715+0000][7][gc,marking  ] GC(44) Concurrent Preclean
[2022-09-08T04:49:15.716+0000][7][gc,marking  ] GC(44) Concurrent Preclean 0.394ms
[2022-09-08T04:49:15.716+0000][7][gc,marking  ] GC(44) Concurrent Mark (2986.636s, 2986.717s) 81.154ms
[2022-09-08T04:49:15.716+0000][7][gc,start    ] GC(44) Pause Remark
[2022-09-08T04:49:15.721+0000][7][gc          ] GC(44) Pause Remark 96M->96M(256M) 4.708ms
[2022-09-08T04:49:15.722+0000][7][gc,cpu      ] GC(44) User=0.02s Sys=0.00s Real=0.01s
[2022-09-08T04:49:15.722+0000][7][safepoint   ] Safepoint "G1Concurrent", Time since last: 89281992 ns, Reaching safepoint: 235291 ns, At safepoint: 5458105 ns, Total: 5693396 ns
[2022-09-08T04:49:15.722+0000][7][gc,marking  ] GC(44) Concurrent Rebuild Remembered Sets
[2022-09-08T04:49:15.767+0000][7][gc,marking  ] GC(44) Concurrent Rebuild Remembered Sets 45.212ms
[2022-09-08T04:49:15.768+0000][7][gc,start    ] GC(44) Pause Cleanup
[2022-09-08T04:49:15.769+0000][7][gc          ] GC(44) Pause Cleanup 96M->96M(256M) 0.614ms
[2022-09-08T04:49:15.769+0000][7][gc,cpu      ] GC(44) User=0.01s Sys=0.00s Real=0.00s
[2022-09-08T04:49:15.769+0000][7][safepoint   ] Safepoint "G1Concurrent", Time since last: 46020771 ns, Reaching safepoint: 308628 ns, At safepoint: 1248548 ns, Total: 1557176 ns
[2022-09-08T04:49:15.770+0000][7][gc,marking  ] GC(44) Concurrent Cleanup for Next Mark
[2022-09-08T04:49:15.781+0000][7][gc,marking  ] GC(44) Concurrent Cleanup for Next Mark 10.957ms
[2022-09-08T04:49:15.781+0000][7][gc          ] GC(44) Concurrent Cycle 154.351ms
[2022-09-08T04:49:25.771+0000][7][safepoint   ] Safepoint "Cleanup", Time since last: 10001489558 ns, Reaching safepoint: 212499 ns, At safepoint: 30026 ns, Total: 242525 ns
[2022-09-08T04:49:38.773+0000][7][safepoint   ] Safepoint "Cleanup", Time since last: 13001956094 ns, Reaching safepoint: 234078 ns, At safepoint: 36048 ns, Total: 270126 ns
[2022-09-08T04:49:45.775+0000][7][safepoint   ] Safepoint "Cleanup", Time since last: 7001414043 ns, Reaching safepoint: 224440 ns, At safepoint: 34275 ns, Total: 258715 ns
[2022-09-08T04:49:46.776+0000][7][safepoint   ] Safepoint "Cleanup", Time since last: 1000539478 ns, Reaching safepoint: 291306 ns, At safepoint: 66524 ns, Total: 357830 ns
[2022-09-08T04:49:50.777+0000][7][safepoint   ] Safepoint "Cleanup", Time since last: 4000919724 ns, Reaching safepoint: 215193 ns, At safepoint: 34385 ns, Total: 249578 ns
[2022-09-08T04:49:55.778+0000][7][safepoint   ] Safepoint "Cleanup", Time since last: 5001011213 ns, Reaching safepoint: 374682 ns, At safepoint: 58890 ns, Total: 433572 ns
[2022-09-08T04:49:58.780+0000][7][safepoint   ] Safepoint "Cleanup", Time since last: 3000949582 ns, Reaching safepoint: 338213 ns, At safepoint: 13916 ns, Total: 352129 ns
[2022-09-08T04:50:10.782+0000][7][safepoint   ] Safepoint "Cleanup", Time since last: 12001914639 ns, Reaching safepoint: 222557 ns, At safepoint: 6252 ns, Total: 228809 ns
[2022-09-08T04:50:15.783+0000][7][safepoint   ] Safepoint "Cleanup", Time since last: 5001062399 ns, Reaching safepoint: 265417 ns, At safepoint: 70071 ns, Total: 335488 ns
[2022-09-08T04:50:28.786+0000][7][safepoint   ] Safepoint "Cleanup", Time since last: 13002275584 ns, Reaching safepoint: 436848 ns, At safepoint: 58269 ns, Total: 495117 ns
[2022-09-08T04:50:37.788+0000][7][safepoint   ] Safepoint "Cleanup", Time since last: 9001458963 ns, Reaching safepoint: 290884 ns, At safepoint: 52669 ns, Total: 343553 ns
[2022-09-08T04:50:38.789+0000][7][safepoint   ] Safepoint "Cleanup", Time since last: 1000588600 ns, Reaching safepoint: 301165 ns, At safepoint: 35887 ns, Total: 337052 ns
[2022-09-08T04:57:06.674+0000][7][safepoint   ] Safepoint "Cleanup", Time since last: 387793451984 ns, Reaching safepoint: 91445876 ns, At safepoint: 52027 ns, Total: 91497903 ns
[2022-09-08T04:57:08.293+0000][7][safepoint   ] Safepoint "Cleanup", Time since last: 2006270271 ns, Reaching safepoint: 426579 ns, At safepoint: 16140 ns, Total: 442719 ns
[2022-09-08T04:57:08.575+0000][7][gc,start    ] GC(45) Pause Young (Normal) (G1 Evacuation Pause)
[2022-09-08T04:57:08.581+0000][7][gc,task     ] GC(45) Using 6 workers of 6 for evacuation
[2022-09-08T04:57:08.583+0000][7][gc,age      ] GC(45) Desired survivor size 8388608 bytes, new threshold 15 (max threshold 15)
[2022-09-08T04:57:08.611+0000][7][gc,age      ] GC(45) Age table with threshold 15 (max threshold 15)
[2022-09-08T04:57:08.612+0000][7][gc,age      ] GC(45) - age   1:     242576 bytes,     242576 total
[2022-09-08T04:57:08.612+0000][7][gc,age      ] GC(45) - age   2:       5488 bytes,     248064 total
[2022-09-08T04:57:08.613+0000][7][gc,age      ] GC(45) - age   3:       3952 bytes,     252016 total
[2022-09-08T04:57:08.617+0000][7][gc,age      ] GC(45) - age   4:      40696 bytes,     292712 total
[2022-09-08T04:57:08.619+0000][7][gc,age      ] GC(45) - age   5:       9616 bytes,     302328 total
[2022-09-08T04:57:08.620+0000][7][gc,age      ] GC(45) - age   6:      24808 bytes,     327136 total
[2022-09-08T04:57:08.620+0000][7][gc,age      ] GC(45) - age   7:      71400 bytes,     398536 total
[2022-09-08T04:57:08.622+0000][7][gc,age      ] GC(45) - age   8:      43256 bytes,     441792 total
[2022-09-08T04:57:08.623+0000][7][gc,age      ] GC(45) - age   9:      18208 bytes,     460000 total
[2022-09-08T04:57:08.626+0000][7][gc,age      ] GC(45) - age  10:       3760 bytes,     463760 total
[2022-09-08T04:57:08.628+0000][7][gc,age      ] GC(45) - age  11:      91024 bytes,     554784 total
[2022-09-08T04:57:08.629+0000][7][gc,age      ] GC(45) - age  12:      72824 bytes,     627608 total
[2022-09-08T04:57:08.632+0000][7][gc,age      ] GC(45) - age  13:    3061792 bytes,    3689400 total
[2022-09-08T04:57:08.633+0000][7][gc,age      ] GC(45) - age  14:    2678056 bytes,    6367456 total
[2022-09-08T04:57:08.634+0000][7][gc,phases   ] GC(45)   Pre Evacuate Collection Set: 0.3ms
[2022-09-08T04:57:08.634+0000][7][gc,phases   ] GC(45)   Merge Heap Roots: 0.4ms
[2022-09-08T04:57:08.634+0000][7][gc,phases   ] GC(45)   Evacuate Collection Set: 17.7ms
[2022-09-08T04:57:08.634+0000][7][gc,phases   ] GC(45)   Post Evacuate Collection Set: 7.3ms
[2022-09-08T04:57:08.635+0000][7][gc,phases   ] GC(45)   Other: 32.8ms
[2022-09-08T04:57:08.636+0000][7][gc,heap     ] GC(45) Eden regions: 27->0(27)
[2022-09-08T04:57:08.637+0000][7][gc,heap     ] GC(45) Survivor regions: 2->2(4)
[2022-09-08T04:57:08.637+0000][7][gc,heap     ] GC(45) Old regions: 19->19
[2022-09-08T04:57:08.638+0000][7][gc,heap     ] GC(45) Archive regions: 2->2
[2022-09-08T04:57:08.638+0000][7][gc,heap     ] GC(45) Humongous regions: 2->2
[2022-09-08T04:57:08.638+0000][7][gc,metaspace] GC(45) Metaspace: 95360K(100132K)->95360K(100132K) NonClass: 82823K(86436K)->82823K(86436K) Class: 12536K(13696K)->12536K(13696K)
[2022-09-08T04:57:08.639+0000][7][gc          ] GC(45) Pause Young (Normal) (G1 Evacuation Pause) 198M->90M(256M) 63.410ms
[2022-09-08T04:57:08.639+0000][7][gc,cpu      ] GC(45) User=0.05s Sys=0.01s Real=0.06s
[2022-09-08T04:57:08.639+0000][7][safepoint   ] Safepoint "G1CollectForAllocation", Time since last: 281612267 ns, Reaching safepoint: 563886 ns, At safepoint: 64186411 ns, Total: 64750297 ns
[2022-09-08T04:57:09.640+0000][7][safepoint   ] Safepoint "Cleanup", Time since last: 1000302414 ns, Reaching safepoint: 254146 ns, At safepoint: 40546 ns, Total: 294692 ns
[2022-09-08T04:57:13.641+0000][7][safepoint   ] Safepoint "Cleanup", Time since last: 4001047333 ns, Reaching safepoint: 165941 ns, At safepoint: 3647 ns, Total: 169588 ns
[2022-09-08T04:57:15.211+0000][7][gc,start    ] GC(46) Pause Young (Concurrent Start) (G1 Evacuation Pause)
[2022-09-08T04:57:15.211+0000][7][gc,task     ] GC(46) Using 6 workers of 6 for evacuation
[2022-09-08T04:57:15.212+0000][7][gc,age      ] GC(46) Desired survivor size 8388608 bytes, new threshold 15 (max threshold 15)
[2022-09-08T04:57:15.224+0000][7][gc,age      ] GC(46) Age table with threshold 15 (max threshold 15)
[2022-09-08T04:57:15.224+0000][7][gc,age      ] GC(46) - age   1:      88216 bytes,      88216 total
[2022-09-08T04:57:15.224+0000][7][gc,age      ] GC(46) - age   2:     163256 bytes,     251472 total
[2022-09-08T04:57:15.225+0000][7][gc,age      ] GC(46) - age   3:       5488 bytes,     256960 total
[2022-09-08T04:57:15.225+0000][7][gc,age      ] GC(46) - age   4:       3952 bytes,     260912 total
[2022-09-08T04:57:15.225+0000][7][gc,age      ] GC(46) - age   5:       8080 bytes,     268992 total
[2022-09-08T04:57:15.225+0000][7][gc,age      ] GC(46) - age   6:       9424 bytes,     278416 total
[2022-09-08T04:57:15.225+0000][7][gc,age      ] GC(46) - age   7:      24808 bytes,     303224 total
[2022-09-08T04:57:15.226+0000][7][gc,age      ] GC(46) - age   8:      55248 bytes,     358472 total
[2022-09-08T04:57:15.226+0000][7][gc,age      ] GC(46) - age   9:      43112 bytes,     401584 total
[2022-09-08T04:57:15.226+0000][7][gc,age      ] GC(46) - age  10:      18208 bytes,     419792 total
[2022-09-08T04:57:15.226+0000][7][gc,age      ] GC(46) - age  11:       3760 bytes,     423552 total
[2022-09-08T04:57:15.226+0000][7][gc,age      ] GC(46) - age  12:      90232 bytes,     513784 total
[2022-09-08T04:57:15.227+0000][7][gc,age      ] GC(46) - age  13:      64808 bytes,     578592 total
[2022-09-08T04:57:15.227+0000][7][gc,age      ] GC(46) - age  14:    3037208 bytes,    3615800 total
[2022-09-08T04:57:15.227+0000][7][gc,age      ] GC(46) - age  15:    2678056 bytes,    6293856 total
[2022-09-08T04:57:15.227+0000][7][gc,phases   ] GC(46)   Pre Evacuate Collection Set: 0.3ms
[2022-09-08T04:57:15.227+0000][7][gc,phases   ] GC(46)   Merge Heap Roots: 0.3ms
[2022-09-08T04:57:15.228+0000][7][gc,phases   ] GC(46)   Evacuate Collection Set: 8.8ms
[2022-09-08T04:57:15.228+0000][7][gc,phases   ] GC(46)   Post Evacuate Collection Set: 2.2ms
[2022-09-08T04:57:15.228+0000][7][gc,phases   ] GC(46)   Other: 4.7ms
[2022-09-08T04:57:15.228+0000][7][gc,heap     ] GC(46) Eden regions: 27->0(27)
[2022-09-08T04:57:15.229+0000][7][gc,heap     ] GC(46) Survivor regions: 2->2(4)
[2022-09-08T04:57:15.229+0000][7][gc,heap     ] GC(46) Old regions: 19->19
[2022-09-08T04:57:15.229+0000][7][gc,heap     ] GC(46) Archive regions: 2->2
[2022-09-08T04:57:15.229+0000][7][gc,heap     ] GC(46) Humongous regions: 2->2
[2022-09-08T04:57:15.230+0000][7][gc,metaspace] GC(46) Metaspace: 95378K(100132K)->95378K(100132K) NonClass: 82842K(86436K)->82842K(86436K) Class: 12536K(13696K)->12536K(13696K)
[2022-09-08T04:57:15.230+0000][7][gc          ] GC(46) Pause Young (Concurrent Start) (G1 Evacuation Pause) 198M->91M(256M) 19.141ms
[2022-09-08T04:57:15.230+0000][7][gc,cpu      ] GC(46) User=0.05s Sys=0.00s Real=0.02s
[2022-09-08T04:57:15.231+0000][7][gc          ] GC(47) Concurrent Cycle
[2022-09-08T04:57:15.231+0000][7][safepoint   ] Safepoint "G1CollectForAllocation", Time since last: 1569470411 ns, Reaching safepoint: 282579 ns, At safepoint: 19984307 ns, Total: 20266886 ns
[2022-09-08T04:57:15.233+0000][7][gc,marking  ] GC(47) Concurrent Clear Claimed Marks
[2022-09-08T04:57:15.235+0000][7][gc,marking  ] GC(47) Concurrent Clear Claimed Marks 1.612ms
[2022-09-08T04:57:15.235+0000][7][gc,marking  ] GC(47) Concurrent Scan Root Regions
[2022-09-08T04:57:15.239+0000][7][gc,marking  ] GC(47) Concurrent Scan Root Regions 4.151ms
[2022-09-08T04:57:15.240+0000][7][gc,marking  ] GC(47) Concurrent Mark (3466.629s)
[2022-09-08T04:57:15.240+0000][7][gc,marking  ] GC(47) Concurrent Mark From Roots
[2022-09-08T04:57:15.240+0000][7][gc,task     ] GC(47) Using 2 workers of 2 for marking
[2022-09-08T04:57:15.310+0000][7][gc,marking  ] GC(47) Concurrent Mark From Roots 70.387ms
[2022-09-08T04:57:15.311+0000][7][gc,marking  ] GC(47) Concurrent Preclean
[2022-09-08T04:57:15.311+0000][7][gc,marking  ] GC(47) Concurrent Preclean 0.383ms
[2022-09-08T04:57:15.311+0000][7][gc,marking  ] GC(47) Concurrent Mark (3466.629s, 3466.700s) 71.570ms
[2022-09-08T04:57:15.312+0000][7][gc,start    ] GC(47) Pause Remark
[2022-09-08T04:57:15.320+0000][7][gc          ] GC(47) Pause Remark 96M->96M(256M) 7.885ms
[2022-09-08T04:57:15.320+0000][7][gc,cpu      ] GC(47) User=0.02s Sys=0.00s Real=0.01s
[2022-09-08T04:57:15.320+0000][7][safepoint   ] Safepoint "G1Concurrent", Time since last: 80723290 ns, Reaching safepoint: 215253 ns, At safepoint: 8553223 ns, Total: 8768476 ns
[2022-09-08T04:57:15.321+0000][7][gc,marking  ] GC(47) Concurrent Rebuild Remembered Sets
[2022-09-08T04:57:15.365+0000][7][gc,marking  ] GC(47) Concurrent Rebuild Remembered Sets 44.184ms
[2022-09-08T04:57:15.366+0000][7][gc,start    ] GC(47) Pause Cleanup
[2022-09-08T04:57:15.366+0000][7][gc          ] GC(47) Pause Cleanup 96M->96M(256M) 0.530ms
[2022-09-08T04:57:15.366+0000][7][gc,cpu      ] GC(47) User=0.00s Sys=0.00s Real=0.00s
[2022-09-08T04:57:15.367+0000][7][safepoint   ] Safepoint "G1Concurrent", Time since last: 44980732 ns, Reaching safepoint: 252463 ns, At safepoint: 1084953 ns, Total: 1337416 ns
[2022-09-08T04:57:15.367+0000][7][gc,marking  ] GC(47) Concurrent Cleanup for Next Mark
[2022-09-08T04:57:15.368+0000][7][gc,marking  ] GC(47) Concurrent Cleanup for Next Mark 0.621ms
[2022-09-08T04:57:15.368+0000][7][gc          ] GC(47) Concurrent Cycle 137.110ms
[2022-09-08T04:57:36.370+0000][7][safepoint   ] Safepoint "Cleanup", Time since last: 21002832649 ns, Reaching safepoint: 308418 ns, At safepoint: 39985 ns, Total: 348403 ns
[2022-09-08T04:57:37.758+0000][7][safepoint   ] Safepoint "Cleanup", Time since last: 1000501556 ns, Reaching safepoint: 170259 ns, At safepoint: 7003 ns, Total: 177262 ns
[2022-09-08T04:57:45.760+0000][7][safepoint   ] Safepoint "Cleanup", Time since last: 8001384686 ns, Reaching safepoint: 202519 ns, At safepoint: 4879 ns, Total: 207398 ns
[2022-09-08T04:57:47.761+0000][7][safepoint   ] Safepoint "Cleanup", Time since last: 2000599689 ns, Reaching safepoint: 323276 ns, At safepoint: 36097 ns, Total: 359373 ns
[2022-09-08T04:57:48.762+0000][7][safepoint   ] Safepoint "Cleanup", Time since last: 1000559527 ns, Reaching safepoint: 210143 ns, At safepoint: 5761 ns, Total: 215904 ns
[2022-09-08T04:58:06.765+0000][7][safepoint   ] Safepoint "Cleanup", Time since last: 18002976104 ns, Reaching safepoint: 263173 ns, At safepoint: 43522 ns, Total: 306695 ns
[2022-09-08T04:58:07.765+0000][7][safepoint   ] Safepoint "Cleanup", Time since last: 1000567180 ns, Reaching safepoint: 197920 ns, At safepoint: 30708 ns, Total: 228628 ns
[2022-09-08T04:58:15.767+0000][7][safepoint   ] Safepoint "Cleanup", Time since last: 8001447443 ns, Reaching safepoint: 238938 ns, At safepoint: 76934 ns, Total: 315872 ns
[2022-09-08T04:58:18.768+0000][7][safepoint   ] Safepoint "Cleanup", Time since last: 3000717757 ns, Reaching safepoint: 346109 ns, At safepoint: 39244 ns, Total: 385353 ns
[2022-09-08T04:58:29.771+0000][7][safepoint   ] Safepoint "Cleanup", Time since last: 11001938055 ns, Reaching safepoint: 447449 ns, At safepoint: 45254 ns, Total: 492703 ns
[2022-09-08T04:58:45.773+0000][7][safepoint   ] Safepoint "Cleanup", Time since last: 16002233999 ns, Reaching safepoint: 372728 ns, At safepoint: 68899 ns, Total: 441627 ns
[2022-09-08T04:58:57.775+0000][7][safepoint   ] Safepoint "Cleanup", Time since last: 12001917475 ns, Reaching safepoint: 212428 ns, At safepoint: 7494 ns, Total: 219922 ns
[2022-09-08T05:00:01.785+0000][7][safepoint   ] Safepoint "Cleanup", Time since last: 64009063593 ns, Reaching safepoint: 264015 ns, At safepoint: 11161 ns, Total: 275176 ns
[2022-09-08T05:00:06.787+0000][7][safepoint   ] Safepoint "Cleanup", Time since last: 5001319490 ns, Reaching safepoint: 290364 ns, At safepoint: 42349 ns, Total: 332713 ns
[2022-09-08T05:00:15.788+0000][7][safepoint   ] Safepoint "Cleanup", Time since last: 9001365317 ns, Reaching safepoint: 250950 ns, At safepoint: 35637 ns, Total: 286587 ns
[2022-09-08T05:00:36.792+0000][7][safepoint   ] Safepoint "Cleanup", Time since last: 21002809726 ns, Reaching safepoint: 497011 ns, At safepoint: 26389 ns, Total: 523400 ns
[2022-09-08T05:00:38.793+0000][7][safepoint   ] Safepoint "Cleanup", Time since last: 2000928615 ns, Reaching safepoint: 292948 ns, At safepoint: 40536 ns, Total: 333484 ns
[2022-09-08T05:00:42.656+0000][7][gc,start    ] GC(48) Pause Young (Normal) (G1 Evacuation Pause)
[2022-09-08T05:00:42.656+0000][7][gc,task     ] GC(48) Using 6 workers of 6 for evacuation
[2022-09-08T05:00:42.656+0000][7][gc,age      ] GC(48) Desired survivor size 8388608 bytes, new threshold 15 (max threshold 15)
[2022-09-08T05:00:42.693+0000][7][gc,age      ] GC(48) Age table with threshold 15 (max threshold 15)
[2022-09-08T05:00:42.693+0000][7][gc,age      ] GC(48) - age   1:      57416 bytes,      57416 total
[2022-09-08T05:00:42.693+0000][7][gc,age      ] GC(48) - age   2:      13880 bytes,      71296 total
[2022-09-08T05:00:42.693+0000][7][gc,age      ] GC(48) - age   3:     157592 bytes,     228888 total
[2022-09-08T05:00:42.694+0000][7][gc,age      ] GC(48) - age   4:       5488 bytes,     234376 total
[2022-09-08T05:00:42.694+0000][7][gc,age      ] GC(48) - age   5:       3952 bytes,     238328 total
[2022-09-08T05:00:42.694+0000][7][gc,age      ] GC(48) - age   6:       8080 bytes,     246408 total
[2022-09-08T05:00:42.695+0000][7][gc,age      ] GC(48) - age   7:       9384 bytes,     255792 total
[2022-09-08T05:00:42.695+0000][7][gc,age      ] GC(48) - age   8:      24808 bytes,     280600 total
[2022-09-08T05:00:42.695+0000][7][gc,age      ] GC(48) - age   9:      55248 bytes,     335848 total
[2022-09-08T05:00:42.695+0000][7][gc,age      ] GC(48) - age  10:      43112 bytes,     378960 total
[2022-09-08T05:00:42.696+0000][7][gc,age      ] GC(48) - age  11:      18208 bytes,     397168 total
[2022-09-08T05:00:42.696+0000][7][gc,age      ] GC(48) - age  12:       3760 bytes,     400928 total
[2022-09-08T05:00:42.697+0000][7][gc,age      ] GC(48) - age  13:      90112 bytes,     491040 total
[2022-09-08T05:00:42.697+0000][7][gc,age      ] GC(48) - age  14:      64808 bytes,     555848 total
[2022-09-08T05:00:42.697+0000][7][gc,age      ] GC(48) - age  15:    3037168 bytes,    3593016 total
[2022-09-08T05:00:42.698+0000][7][gc,phases   ] GC(48)   Pre Evacuate Collection Set: 0.2ms
[2022-09-08T05:00:42.698+0000][7][gc,phases   ] GC(48)   Merge Heap Roots: 0.1ms
[2022-09-08T05:00:42.698+0000][7][gc,phases   ] GC(48)   Evacuate Collection Set: 33.8ms
[2022-09-08T05:00:42.699+0000][7][gc,phases   ] GC(48)   Post Evacuate Collection Set: 1.9ms
[2022-09-08T05:00:42.699+0000][7][gc,phases   ] GC(48)   Other: 6.0ms
[2022-09-08T05:00:42.700+0000][7][gc,heap     ] GC(48) Eden regions: 27->0(27)
[2022-09-08T05:00:42.700+0000][7][gc,heap     ] GC(48) Survivor regions: 2->2(4)
[2022-09-08T05:00:42.700+0000][7][gc,heap     ] GC(48) Old regions: 19->19
[2022-09-08T05:00:42.700+0000][7][gc,heap     ] GC(48) Archive regions: 2->2
[2022-09-08T05:00:42.701+0000][7][gc,heap     ] GC(48) Humongous regions: 2->2
[2022-09-08T05:00:42.701+0000][7][gc,metaspace] GC(48) Metaspace: 95444K(100132K)->95444K(100132K) NonClass: 82908K(86436K)->82908K(86436K) Class: 12536K(13696K)->12536K(13696K)
[2022-09-08T05:00:42.701+0000][7][gc          ] GC(48) Pause Young (Normal) (G1 Evacuation Pause) 199M->90M(256M) 45.461ms
[2022-09-08T05:00:42.701+0000][7][gc,cpu      ] GC(48) User=0.18s Sys=0.01s Real=0.05s
[2022-09-08T05:00:42.702+0000][7][safepoint   ] Safepoint "G1CollectForAllocation", Time since last: 3862509139 ns, Reaching safepoint: 265407 ns, At safepoint: 46073099 ns, Total: 46338506 ns
[2022-09-08T05:00:47.703+0000][7][safepoint   ] Safepoint "Cleanup", Time since last: 5000815997 ns, Reaching safepoint: 377738 ns, At safepoint: 42650 ns, Total: 420388 ns
[2022-09-08T05:01:15.707+0000][7][safepoint   ] Safepoint "Cleanup", Time since last: 28003884994 ns, Reaching safepoint: 267090 ns, At safepoint: 38392 ns, Total: 305482 ns
[2022-09-08T05:01:38.711+0000][7][safepoint   ] Safepoint "Cleanup", Time since last: 23003805076 ns, Reaching safepoint: 205254 ns, At safepoint: 36278 ns, Total: 241532 ns
[2022-09-08T05:01:45.713+0000][7][safepoint   ] Safepoint "Cleanup", Time since last: 7001511726 ns, Reaching safepoint: 279965 ns, At safepoint: 42419 ns, Total: 322384 ns
[2022-09-08T05:01:48.714+0000][7][safepoint   ] Safepoint "Cleanup", Time since last: 3000746382 ns, Reaching safepoint: 283030 ns, At safepoint: 39634 ns, Total: 322664 ns
[2022-09-08T05:01:58.716+0000][7][safepoint   ] Safepoint "Cleanup", Time since last: 10001930864 ns, Reaching safepoint: 262272 ns, At safepoint: 43631 ns, Total: 305903 ns
[2022-09-08T05:02:38.722+0000][7][safepoint   ] Safepoint "Cleanup", Time since last: 40005785627 ns, Reaching safepoint: 336000 ns, At safepoint: 39143 ns, Total: 375143 ns
[2022-09-08T05:03:28.730+0000][7][safepoint   ] Safepoint "Cleanup", Time since last: 50006622292 ns, Reaching safepoint: 235922 ns, At safepoint: 31278 ns, Total: 267200 ns
[2022-09-08T05:03:45.730+0000][7][safepoint   ] Safepoint "Cleanup", Time since last: 17002772555 ns, Reaching safepoint: 257052 ns, At safepoint: 41467 ns, Total: 298519 ns
[2022-09-08T05:04:02.376+0000][7][gc,start    ] GC(49) Pause Young (Concurrent Start) (G1 Evacuation Pause)
[2022-09-08T05:04:02.376+0000][7][gc,task     ] GC(49) Using 6 workers of 6 for evacuation
[2022-09-08T05:04:02.377+0000][7][gc,age      ] GC(49) Desired survivor size 8388608 bytes, new threshold 15 (max threshold 15)
[2022-09-08T05:04:02.397+0000][7][gc,age      ] GC(49) Age table with threshold 15 (max threshold 15)
[2022-09-08T05:04:02.397+0000][7][gc,age      ] GC(49) - age   1:      15456 bytes,      15456 total
[2022-09-08T05:04:02.398+0000][7][gc,age      ] GC(49) - age   2:      45280 bytes,      60736 total
[2022-09-08T05:04:02.398+0000][7][gc,age      ] GC(49) - age   3:      13880 bytes,      74616 total
[2022-09-08T05:04:02.398+0000][7][gc,age      ] GC(49) - age   4:     157352 bytes,     231968 total
[2022-09-08T05:04:02.399+0000][7][gc,age      ] GC(49) - age   5:       5040 bytes,     237008 total
[2022-09-08T05:04:02.399+0000][7][gc,age      ] GC(49) - age   6:       3952 bytes,     240960 total
[2022-09-08T05:04:02.400+0000][7][gc,age      ] GC(49) - age   7:       8080 bytes,     249040 total
[2022-09-08T05:04:02.400+0000][7][gc,age      ] GC(49) - age   8:       9384 bytes,     258424 total
[2022-09-08T05:04:02.400+0000][7][gc,age      ] GC(49) - age   9:      24808 bytes,     283232 total
[2022-09-08T05:04:02.401+0000][7][gc,age      ] GC(49) - age  10:      55248 bytes,     338480 total
[2022-09-08T05:04:02.401+0000][7][gc,age      ] GC(49) - age  11:      43112 bytes,     381592 total
[2022-09-08T05:04:02.401+0000][7][gc,age      ] GC(49) - age  12:      18208 bytes,     399800 total
[2022-09-08T05:04:02.401+0000][7][gc,age      ] GC(49) - age  13:       3760 bytes,     403560 total
[2022-09-08T05:04:02.402+0000][7][gc,age      ] GC(49) - age  14:      90112 bytes,     493672 total
[2022-09-08T05:04:02.402+0000][7][gc,age      ] GC(49) - age  15:      64808 bytes,     558480 total
[2022-09-08T05:04:02.402+0000][7][gc,phases   ] GC(49)   Pre Evacuate Collection Set: 0.4ms
[2022-09-08T05:04:02.403+0000][7][gc,phases   ] GC(49)   Merge Heap Roots: 0.2ms
[2022-09-08T05:04:02.403+0000][7][gc,phases   ] GC(49)   Evacuate Collection Set: 16.5ms
[2022-09-08T05:04:02.403+0000][7][gc,phases   ] GC(49)   Post Evacuate Collection Set: 2.3ms
[2022-09-08T05:04:02.404+0000][7][gc,phases   ] GC(49)   Other: 7.2ms
[2022-09-08T05:04:02.404+0000][7][gc,heap     ] GC(49) Eden regions: 27->0(28)
[2022-09-08T05:04:02.404+0000][7][gc,heap     ] GC(49) Survivor regions: 2->1(4)
[2022-09-08T05:04:02.404+0000][7][gc,heap     ] GC(49) Old regions: 19->20
[2022-09-08T05:04:02.405+0000][7][gc,heap     ] GC(49) Archive regions: 2->2
[2022-09-08T05:04:02.405+0000][7][gc,heap     ] GC(49) Humongous regions: 2->2
[2022-09-08T05:04:02.405+0000][7][gc,metaspace] GC(49) Metaspace: 95493K(100132K)->95493K(100132K) NonClass: 82953K(86436K)->82953K(86436K) Class: 12540K(13696K)->12540K(13696K)
[2022-09-08T05:04:02.406+0000][7][gc          ] GC(49) Pause Young (Concurrent Start) (G1 Evacuation Pause) 198M->90M(256M) 29.916ms
[2022-09-08T05:04:02.406+0000][7][gc,cpu      ] GC(49) User=0.10s Sys=0.00s Real=0.03s
[2022-09-08T05:04:02.406+0000][7][safepoint   ] Safepoint "G1CollectForAllocation", Time since last: 16645902709 ns, Reaching safepoint: 230702 ns, At safepoint: 30656890 ns, Total: 30887592 ns
[2022-09-08T05:04:02.406+0000][7][gc          ] GC(50) Concurrent Cycle
[2022-09-08T05:04:02.407+0000][7][gc,marking  ] GC(50) Concurrent Clear Claimed Marks
[2022-09-08T05:04:02.408+0000][7][gc,marking  ] GC(50) Concurrent Clear Claimed Marks 0.581ms
[2022-09-08T05:04:02.408+0000][7][gc,marking  ] GC(50) Concurrent Scan Root Regions
[2022-09-08T05:04:02.413+0000][7][gc,marking  ] GC(50) Concurrent Scan Root Regions 4.679ms
[2022-09-08T05:04:02.414+0000][7][gc,marking  ] GC(50) Concurrent Mark (3873.418s)
[2022-09-08T05:04:02.414+0000][7][gc,marking  ] GC(50) Concurrent Mark From Roots
[2022-09-08T05:04:02.414+0000][7][gc,task     ] GC(50) Using 2 workers of 2 for marking
[2022-09-08T05:04:02.496+0000][7][gc,marking  ] GC(50) Concurrent Mark From Roots 81.738ms
[2022-09-08T05:04:02.497+0000][7][gc,marking  ] GC(50) Concurrent Preclean
[2022-09-08T05:04:02.497+0000][7][gc,marking  ] GC(50) Concurrent Preclean 0.581ms
[2022-09-08T05:04:02.498+0000][7][gc,marking  ] GC(50) Concurrent Mark (3873.418s, 3873.502s) 84.292ms
[2022-09-08T05:04:02.501+0000][7][gc,start    ] GC(50) Pause Remark
[2022-09-08T05:04:02.871+0000][7][gc,mmu      ] GC(50) MMU target violated: 201.0ms (200.0ms/201.0ms)
[2022-09-08T05:04:02.871+0000][7][gc          ] GC(50) Pause Remark 90M->90M(256M) 370.846ms
[2022-09-08T05:04:02.872+0000][7][gc,cpu      ] GC(50) User=1.86s Sys=0.00s Real=0.37s
[2022-09-08T05:04:02.872+0000][7][safepoint   ] Safepoint "G1Concurrent", Time since last: 93886288 ns, Reaching safepoint: 263894 ns, At safepoint: 371516284 ns, Total: 371780178 ns
[2022-09-08T05:04:02.872+0000][7][gc,marking  ] GC(50) Concurrent Rebuild Remembered Sets
[2022-09-08T05:04:02.931+0000][7][gc,marking  ] GC(50) Concurrent Rebuild Remembered Sets 58.499ms
[2022-09-08T05:04:03.050+0000][7][gc,start    ] GC(50) Pause Cleanup
[2022-09-08T05:04:03.051+0000][7][gc          ] GC(50) Pause Cleanup 91M->91M(256M) 0.612ms
[2022-09-08T05:04:03.051+0000][7][gc,cpu      ] GC(50) User=0.00s Sys=0.00s Real=0.00s
[2022-09-08T05:04:03.051+0000][7][safepoint   ] Safepoint "G1Concurrent", Time since last: 59323922 ns, Reaching safepoint: 118573535 ns, At safepoint: 1228552 ns, Total: 119802087 ns
[2022-09-08T05:04:03.052+0000][7][gc,marking  ] GC(50) Concurrent Cleanup for Next Mark
[2022-09-08T05:04:03.064+0000][7][gc,marking  ] GC(50) Concurrent Cleanup for Next Mark 11.903ms
[2022-09-08T05:04:03.064+0000][7][gc          ] GC(50) Concurrent Cycle 657.577ms
[2022-09-08T05:04:04.052+0000][7][safepoint   ] Safepoint "Cleanup", Time since last: 1000566468 ns, Reaching safepoint: 421089 ns, At safepoint: 63259 ns, Total: 484348 ns
[2022-09-08T05:04:06.053+0000][7][safepoint   ] Safepoint "Cleanup", Time since last: 2000748718 ns, Reaching safepoint: 310742 ns, At safepoint: 37560 ns, Total: 348302 ns
[2022-09-08T05:04:07.054+0000][7][safepoint   ] Safepoint "Cleanup", Time since last: 1000542274 ns, Reaching safepoint: 318696 ns, At safepoint: 61205 ns, Total: 379901 ns
[2022-09-08T05:04:08.056+0000][7][safepoint   ] Safepoint "Cleanup", Time since last: 1000563653 ns, Reaching safepoint: 305302 ns, At safepoint: 42370 ns, Total: 347672 ns
[2022-09-08T05:04:09.057+0000][7][safepoint   ] Safepoint "Cleanup", Time since last: 1000581907 ns, Reaching safepoint: 446497 ns, At safepoint: 51847 ns, Total: 498344 ns
[2022-09-08T05:04:16.059+0000][7][safepoint   ] Safepoint "Cleanup", Time since last: 7001404646 ns, Reaching safepoint: 348051 ns, At safepoint: 42189 ns, Total: 390240 ns
[2022-09-08T05:04:26.061+0000][7][safepoint   ] Safepoint "Cleanup", Time since last: 10001745608 ns, Reaching safepoint: 291085 ns, At safepoint: 11221 ns, Total: 302306 ns
[2022-09-08T05:04:29.062+0000][7][safepoint   ] Safepoint "Cleanup", Time since last: 3000966875 ns, Reaching safepoint: 288580 ns, At safepoint: 77365 ns, Total: 365945 ns
[2022-09-08T05:04:46.074+0000][7][safepoint   ] Safepoint "Cleanup", Time since last: 17003266401 ns, Reaching safepoint: 196208 ns, At safepoint: 25397 ns, Total: 221605 ns
[2022-09-08T05:04:56.076+0000][7][safepoint   ] Safepoint "Cleanup", Time since last: 10001686106 ns, Reaching safepoint: 396813 ns, At safepoint: 35717 ns, Total: 432530 ns
[2022-09-08T05:05:08.078+0000][7][safepoint   ] Safepoint "Cleanup", Time since last: 12007582497 ns, Reaching safepoint: 302036 ns, At safepoint: 27401 ns, Total: 329437 ns
[2022-09-08T05:05:20.080+0000][7][safepoint   ] Safepoint "Cleanup", Time since last: 12001840210 ns, Reaching safepoint: 215785 ns, At safepoint: 56726 ns, Total: 272511 ns
[2022-09-08T05:05:38.106+0000][7][safepoint   ] Safepoint "Cleanup", Time since last: 18025237677 ns, Reaching safepoint: 395150 ns, At safepoint: 30217 ns, Total: 425367 ns
[2022-09-08T05:06:09.121+0000][7][safepoint   ] Safepoint "Cleanup", Time since last: 31008509650 ns, Reaching safepoint: 253495 ns, At safepoint: 9919 ns, Total: 263414 ns
[2022-09-08T05:06:16.122+0000][7][safepoint   ] Safepoint "Cleanup", Time since last: 7001194751 ns, Reaching safepoint: 261410 ns, At safepoint: 43181 ns, Total: 304591 ns
[2022-09-08T05:06:46.123+0000][7][safepoint   ] Safepoint "Cleanup", Time since last: 30003875252 ns, Reaching safepoint: 482263 ns, At safepoint: 38923 ns, Total: 521186 ns
[2022-09-08T05:07:06.127+0000][7][safepoint   ] Safepoint "Cleanup", Time since last: 20003454677 ns, Reaching safepoint: 186659 ns, At safepoint: 7224 ns, Total: 193883 ns
[2022-09-08T05:07:07.128+0000][7][safepoint   ] Safepoint "Cleanup", Time since last: 1000429211 ns, Reaching safepoint: 152826 ns, At safepoint: 23395 ns, Total: 176221 ns
[2022-09-08T05:07:16.127+0000][7][safepoint   ] Safepoint "Cleanup", Time since last: 9001385674 ns, Reaching safepoint: 184305 ns, At safepoint: 34014 ns, Total: 218319 ns
[2022-09-08T05:07:28.517+0000][7][gc,start    ] GC(51) Pause Young (Normal) (G1 Evacuation Pause)
[2022-09-08T05:07:28.518+0000][7][gc,task     ] GC(51) Using 6 workers of 6 for evacuation
[2022-09-08T05:07:28.522+0000][7][gc,age      ] GC(51) Desired survivor size 8388608 bytes, new threshold 15 (max threshold 15)
[2022-09-08T05:07:28.590+0000][7][gc,age      ] GC(51) Age table with threshold 15 (max threshold 15)
[2022-09-08T05:07:28.591+0000][7][gc,age      ] GC(51) - age   1:      23280 bytes,      23280 total
[2022-09-08T05:07:28.591+0000][7][gc,age      ] GC(51) - age   2:       3384 bytes,      26664 total
[2022-09-08T05:07:28.591+0000][7][gc,age      ] GC(51) - age   3:      45208 bytes,      71872 total
[2022-09-08T05:07:28.591+0000][7][gc,age      ] GC(51) - age   4:      13880 bytes,      85752 total
[2022-09-08T05:07:28.591+0000][7][gc,age      ] GC(51) - age   5:     156344 bytes,     242096 total
[2022-09-08T05:07:28.591+0000][7][gc,age      ] GC(51) - age   6:       5040 bytes,     247136 total
[2022-09-08T05:07:28.592+0000][7][gc,age      ] GC(51) - age   7:       3952 bytes,     251088 total
[2022-09-08T05:07:28.592+0000][7][gc,age      ] GC(51) - age   8:       8080 bytes,     259168 total
[2022-09-08T05:07:28.592+0000][7][gc,age      ] GC(51) - age   9:       9384 bytes,     268552 total
[2022-09-08T05:07:28.592+0000][7][gc,age      ] GC(51) - age  10:      24808 bytes,     293360 total
[2022-09-08T05:07:28.592+0000][7][gc,age      ] GC(51) - age  11:      55248 bytes,     348608 total
[2022-09-08T05:07:28.592+0000][7][gc,age      ] GC(51) - age  12:      43112 bytes,     391720 total
[2022-09-08T05:07:28.592+0000][7][gc,age      ] GC(51) - age  13:      18208 bytes,     409928 total
[2022-09-08T05:07:28.592+0000][7][gc,age      ] GC(51) - age  14:       3760 bytes,     413688 total
[2022-09-08T05:07:28.593+0000][7][gc,age      ] GC(51) - age  15:      90112 bytes,     503800 total
[2022-09-08T05:07:28.593+0000][7][gc,phases   ] GC(51)   Pre Evacuate Collection Set: 3.7ms
[2022-09-08T05:07:28.594+0000][7][gc,phases   ] GC(51)   Merge Heap Roots: 2.4ms
[2022-09-08T05:07:28.594+0000][7][gc,phases   ] GC(51)   Evacuate Collection Set: 50.6ms
[2022-09-08T05:07:28.594+0000][7][gc,phases   ] GC(51)   Post Evacuate Collection Set: 11.8ms
[2022-09-08T05:07:28.595+0000][7][gc,phases   ] GC(51)   Other: 11.2ms
[2022-09-08T05:07:28.595+0000][7][gc,heap     ] GC(51) Eden regions: 28->0(28)
[2022-09-08T05:07:28.596+0000][7][gc,heap     ] GC(51) Survivor regions: 1->1(4)
[2022-09-08T05:07:28.596+0000][7][gc,heap     ] GC(51) Old regions: 20->20
[2022-09-08T05:07:28.596+0000][7][gc,heap     ] GC(51) Archive regions: 2->2
[2022-09-08T05:07:28.596+0000][7][gc,heap     ] GC(51) Humongous regions: 2->2
[2022-09-08T05:07:28.597+0000][7][gc,metaspace] GC(51) Metaspace: 95590K(100388K)->95590K(100388K) NonClass: 83048K(86692K)->83048K(86692K) Class: 12541K(13696K)->12541K(13696K)
[2022-09-08T05:07:28.598+0000][7][gc          ] GC(51) Pause Young (Normal) (G1 Evacuation Pause) 202M->90M(256M) 81.189ms
[2022-09-08T05:07:28.598+0000][7][gc,cpu      ] GC(51) User=0.30s Sys=0.01s Real=0.09s
[2022-09-08T05:07:28.599+0000][7][safepoint   ] Safepoint "G1CollectForAllocation", Time since last: 12384535286 ns, Reaching safepoint: 659996 ns, At safepoint: 86073372 ns, Total: 86733368 ns
[2022-09-08T05:07:30.600+0000][7][safepoint   ] Safepoint "Cleanup", Time since last: 2000731316 ns, Reaching safepoint: 258283 ns, At safepoint: 38532 ns, Total: 296815 ns
[2022-09-08T05:07:36.601+0000][7][safepoint   ] Safepoint "Cleanup", Time since last: 6001016160 ns, Reaching safepoint: 496380 ns, At safepoint: 44534 ns, Total: 540914 ns
[2022-09-08T05:07:37.602+0000][7][safepoint   ] Safepoint "Cleanup", Time since last: 1000433730 ns, Reaching safepoint: 187992 ns, At safepoint: 23965 ns, Total: 211957 ns
[2022-09-08T05:07:46.602+0000][7][safepoint   ] Safepoint "Cleanup", Time since last: 9001513324 ns, Reaching safepoint: 202039 ns, At safepoint: 30166 ns, Total: 232205 ns
[2022-09-08T05:08:45.620+0000][7][safepoint   ] Safepoint "Cleanup", Time since last: 59011067268 ns, Reaching safepoint: 6388477 ns, At safepoint: 150492 ns, Total: 6538969 ns
[2022-09-08T05:09:25.614+0000][7][safepoint   ] Safepoint "Cleanup", Time since last: 40006841515 ns, Reaching safepoint: 765294 ns, At safepoint: 71403 ns, Total: 836697 ns
[2022-09-08T05:09:46.646+0000][7][safepoint   ] Safepoint "Cleanup", Time since last: 21012563558 ns, Reaching safepoint: 3618649 ns, At safepoint: 13225 ns, Total: 3631874 ns
[2022-09-08T05:09:55.649+0000][7][safepoint   ] Safepoint "Cleanup", Time since last: 9002749089 ns, Reaching safepoint: 275486 ns, At safepoint: 70552 ns, Total: 346038 ns
[2022-09-08T05:10:58.576+0000][7][gc,start    ] GC(52) Pause Young (Concurrent Start) (G1 Evacuation Pause)
[2022-09-08T05:10:58.593+0000][7][gc,task     ] GC(52) Using 6 workers of 6 for evacuation
[2022-09-08T05:10:58.600+0000][7][gc,age      ] GC(52) Desired survivor size 8388608 bytes, new threshold 15 (max threshold 15)
[2022-09-08T05:10:59.055+0000][7][gc,age      ] GC(52) Age table with threshold 15 (max threshold 15)
[2022-09-08T05:10:59.056+0000][7][gc,age      ] GC(52) - age   1:      18160 bytes,      18160 total
[2022-09-08T05:10:59.056+0000][7][gc,age      ] GC(52) - age   2:       5728 bytes,      23888 total
[2022-09-08T05:10:59.057+0000][7][gc,age      ] GC(52) - age   3:       3384 bytes,      27272 total
[2022-09-08T05:10:59.057+0000][7][gc,age      ] GC(52) - age   4:      45080 bytes,      72352 total
[2022-09-08T05:10:59.057+0000][7][gc,age      ] GC(52) - age   5:      13880 bytes,      86232 total
[2022-09-08T05:10:59.057+0000][7][gc,age      ] GC(52) - age   6:     156344 bytes,     242576 total
[2022-09-08T05:10:59.058+0000][7][gc,age      ] GC(52) - age   7:       5040 bytes,     247616 total
[2022-09-08T05:10:59.058+0000][7][gc,age      ] GC(52) - age   8:       3712 bytes,     251328 total
[2022-09-08T05:10:59.059+0000][7][gc,age      ] GC(52) - age   9:       8080 bytes,     259408 total
[2022-09-08T05:10:59.059+0000][7][gc,age      ] GC(52) - age  10:       9384 bytes,     268792 total
[2022-09-08T05:10:59.060+0000][7][gc,age      ] GC(52) - age  11:      24808 bytes,     293600 total
[2022-09-08T05:10:59.060+0000][7][gc,age      ] GC(52) - age  12:      55248 bytes,     348848 total
[2022-09-08T05:10:59.060+0000][7][gc,age      ] GC(52) - age  13:      43112 bytes,     391960 total
[2022-09-08T05:10:59.060+0000][7][gc,age      ] GC(52) - age  14:      18208 bytes,     410168 total
[2022-09-08T05:10:59.060+0000][7][gc,age      ] GC(52) - age  15:       3760 bytes,     413928 total
[2022-09-08T05:10:59.063+0000][7][gc,mmu      ] GC(52) MMU target violated: 201.0ms (200.0ms/201.0ms)
[2022-09-08T05:10:59.065+0000][7][gc,phases   ] GC(52)   Pre Evacuate Collection Set: 64.6ms
[2022-09-08T05:10:59.065+0000][7][gc,phases   ] GC(52)   Merge Heap Roots: 4.4ms
[2022-09-08T05:10:59.075+0000][7][gc,phases   ] GC(52)   Evacuate Collection Set: 347.0ms
[2022-09-08T05:10:59.075+0000][7][gc,phases   ] GC(52)   Post Evacuate Collection Set: 37.7ms
[2022-09-08T05:10:59.076+0000][7][gc,phases   ] GC(52)   Other: 42.1ms
[2022-09-08T05:10:59.079+0000][7][gc,heap     ] GC(52) Eden regions: 28->0(28)
[2022-09-08T05:10:59.088+0000][7][gc,heap     ] GC(52) Survivor regions: 1->1(4)
[2022-09-08T05:10:59.088+0000][7][gc,heap     ] GC(52) Old regions: 20->20
[2022-09-08T05:10:59.088+0000][7][gc,heap     ] GC(52) Archive regions: 2->2
[2022-09-08T05:10:59.089+0000][7][gc,heap     ] GC(52) Humongous regions: 2->2
[2022-09-08T05:10:59.091+0000][7][gc,metaspace] GC(52) Metaspace: 95650K(100388K)->95650K(100388K) NonClass: 83108K(86692K)->83108K(86692K) Class: 12541K(13696K)->12541K(13696K)
[2022-09-08T05:10:59.094+0000][7][gc          ] GC(52) Pause Young (Concurrent Start) (G1 Evacuation Pause) 202M->91M(256M) 517.514ms
[2022-09-08T05:10:59.094+0000][7][gc,cpu      ] GC(52) User=1.09s Sys=0.03s Real=0.52s
[2022-09-08T05:10:59.097+0000][7][safepoint   ] Safepoint "G1CollectForAllocation", Time since last: 62906803801 ns, Reaching safepoint: 2565026 ns, At safepoint: 540806055 ns, Total: 543371081 ns
[2022-09-08T05:10:59.097+0000][7][gc          ] GC(53) Concurrent Cycle
[2022-09-08T05:10:59.098+0000][7][gc,marking  ] GC(53) Concurrent Clear Claimed Marks
[2022-09-08T05:10:59.100+0000][7][gc,marking  ] GC(53) Concurrent Clear Claimed Marks 1.182ms
[2022-09-08T05:10:59.102+0000][7][gc,marking  ] GC(53) Concurrent Scan Root Regions
[2022-09-08T05:10:59.235+0000][7][gc,marking  ] GC(53) Concurrent Scan Root Regions 133.124ms
[2022-09-08T05:10:59.235+0000][7][gc,marking  ] GC(53) Concurrent Mark (4290.237s)
[2022-09-08T05:10:59.235+0000][7][gc,marking  ] GC(53) Concurrent Mark From Roots
[2022-09-08T05:10:59.237+0000][7][gc,task     ] GC(53) Using 2 workers of 2 for marking
[2022-09-08T05:11:00.120+0000][7][safepoint   ] Safepoint "Cleanup", Time since last: 1001504426 ns, Reaching safepoint: 21196438 ns, At safepoint: 144571 ns, Total: 21341009 ns
[2022-09-08T05:11:00.929+0000][7][gc,marking  ] GC(53) Concurrent Mark From Roots 1693.795ms
[2022-09-08T05:11:00.930+0000][7][gc,marking  ] GC(53) Concurrent Preclean
[2022-09-08T05:11:00.932+0000][7][gc,marking  ] GC(53) Concurrent Preclean 2.078ms
[2022-09-08T05:11:00.932+0000][7][gc,marking  ] GC(53) Concurrent Mark (4290.237s, 4291.934s) 1697.005ms
[2022-09-08T05:11:00.934+0000][7][gc,start    ] GC(53) Pause Remark
[2022-09-08T05:11:02.081+0000][7][gc,mmu      ] GC(53) MMU target violated: 201.0ms (200.0ms/201.0ms)
[2022-09-08T05:11:02.082+0000][7][gc          ] GC(53) Pause Remark 92M->92M(256M) 1147.419ms
[2022-09-08T05:11:02.082+0000][7][gc,cpu      ] GC(53) User=5.47s Sys=0.15s Real=1.15s
[2022-09-08T05:11:02.085+0000][7][safepoint   ] Safepoint "G1Concurrent", Time since last: 814328638 ns, Reaching safepoint: 305522 ns, At safepoint: 1150716266 ns, Total: 1151021788 ns
[2022-09-08T05:11:02.086+0000][7][gc,marking  ] GC(53) Concurrent Rebuild Remembered Sets
[2022-09-08T05:11:02.146+0000][7][gc,marking  ] GC(53) Concurrent Rebuild Remembered Sets 60.837ms
[2022-09-08T05:11:02.842+0000][7][gc,start    ] GC(53) Pause Cleanup
[2022-09-08T05:11:02.843+0000][7][gc          ] GC(53) Pause Cleanup 92M->92M(256M) 0.519ms
[2022-09-08T05:11:02.843+0000][7][gc,cpu      ] GC(53) User=0.00s Sys=0.00s Real=0.00s
[2022-09-08T05:11:02.843+0000][7][safepoint   ] Safepoint "G1Concurrent", Time since last: 62005966 ns, Reaching safepoint: 695231312 ns, At safepoint: 1055658 ns, Total: 696286970 ns
[2022-09-08T05:11:02.843+0000][7][gc,marking  ] GC(53) Concurrent Cleanup for Next Mark
[2022-09-08T05:11:02.866+0000][7][gc,marking  ] GC(53) Concurrent Cleanup for Next Mark 22.071ms
[2022-09-08T05:11:02.866+0000][7][gc          ] GC(53) Concurrent Cycle 3769.222ms
[2022-09-08T05:11:05.844+0000][7][safepoint   ] Safepoint "Cleanup", Time since last: 3000577234 ns, Reaching safepoint: 238096 ns, At safepoint: 27191 ns, Total: 265287 ns
[2022-09-08T05:11:06.847+0000][7][safepoint   ] Safepoint "Cleanup", Time since last: 1002318701 ns, Reaching safepoint: 168476 ns, At safepoint: 3206 ns, Total: 171682 ns
[2022-09-08T05:11:08.853+0000][7][safepoint   ] Safepoint "Cleanup", Time since last: 2006625668 ns, Reaching safepoint: 210223 ns, At safepoint: 21671 ns, Total: 231894 ns
[2022-09-08T05:11:10.854+0000][7][safepoint   ] Safepoint "Cleanup", Time since last: 2000522224 ns, Reaching safepoint: 225001 ns, At safepoint: 9368 ns, Total: 234369 ns
[2022-09-08T05:11:15.954+0000][7][safepoint   ] Safepoint "Cleanup", Time since last: 5099711669 ns, Reaching safepoint: 317134 ns, At safepoint: 27411 ns, Total: 344545 ns
[2022-09-08T05:11:19.962+0000][7][safepoint   ] Safepoint "Cleanup", Time since last: 4007809932 ns, Reaching safepoint: 272260 ns, At safepoint: 22422 ns, Total: 294682 ns
[2022-09-08T05:11:21.963+0000][7][safepoint   ] Safepoint "Cleanup", Time since last: 2000696270 ns, Reaching safepoint: 211406 ns, At safepoint: 27541 ns, Total: 238947 ns
[2022-09-08T05:11:29.648+0000][7][gc,heap,exit] Heap
[2022-09-08T05:11:29.649+0000][7][gc,heap,exit]  garbage-first heap   total 262144K, used 109583K [0x00000000f0000000, 0x0000000100000000)
[2022-09-08T05:11:29.649+0000][7][gc,heap,exit]   region size 4096K, 7 young (28672K), 1 survivors (4096K)
[2022-09-08T05:11:29.649+0000][7][gc,heap,exit]  Metaspace       used 95806K, capacity 99270K, committed 100388K, reserved 1136640K
[2022-09-08T05:11:29.649+0000][7][gc,heap,exit]   class space    used 12574K, capacity 13644K, committed 13696K, reserved 1048576K
