[2022-09-05T23:57:24.598+0000][7][gc] Using G1
[2022-09-05T23:57:24.731+0000][7][gc,init] Version: 15.0.1+9 (release)
[2022-09-05T23:57:24.732+0000][7][gc,init] CPUs: 6 total, 6 available
[2022-09-05T23:57:24.732+0000][7][gc,init] Memory: 5874M
[2022-09-05T23:57:24.732+0000][7][gc,init] Large Page Support: Disabled
[2022-09-05T23:57:24.733+0000][7][gc,init] NUMA Support: Disabled
[2022-09-05T23:57:24.733+0000][7][gc,init] Compressed Oops: Enabled (32-bit)
[2022-09-05T23:57:24.733+0000][7][gc,init] Heap Region Size: 4M
[2022-09-05T23:57:24.733+0000][7][gc,init] Heap Min Capacity: 256M
[2022-09-05T23:57:24.734+0000][7][gc,init] Heap Initial Capacity: 256M
[2022-09-05T23:57:24.734+0000][7][gc,init] Heap Max Capacity: 256M
[2022-09-05T23:57:24.735+0000][7][gc,init] Pre-touch: Enabled
[2022-09-05T23:57:24.735+0000][7][gc,init] Parallel Workers: 6
[2022-09-05T23:57:24.736+0000][7][gc,init] Concurrent Workers: 2
[2022-09-05T23:57:24.736+0000][7][gc,init] Concurrent Refinement Workers: 6
[2022-09-05T23:57:24.736+0000][7][gc,init] Periodic GC: Disabled
[2022-09-05T23:57:24.737+0000][7][gc,cds ] Mark closed archive regions in map: [0x00000000ffc00000, 0x00000000ffc7bff8]
[2022-09-05T23:57:24.737+0000][7][gc,cds ] Mark open archive regions in map: [0x00000000ffb00000, 0x00000000ffb51ff8]
[2022-09-05T23:57:24.737+0000][7][gc,metaspace] CDS archive(s) mapped at: [0x0000000800000000-0x0000000800b2a000-0x0000000800b2a000), size 11706368, SharedBaseAddress: 0x0000000800000000, ArchiveRelocationMode: 0.
[2022-09-05T23:57:24.738+0000][7][gc,metaspace] Compressed class space mapped at: 0x0000000800b2c000-0x0000000840b2c000, size: 1073741824
[2022-09-05T23:57:24.738+0000][7][gc,metaspace] Narrow klass base: 0x0000000800000000, Narrow klass shift: 3, Narrow klass range: 0x100000000
[2022-09-05T23:57:25.361+0000][7][gc,start    ] GC(0) Pause Young (Normal) (G1 Evacuation Pause)
[2022-09-05T23:57:25.363+0000][7][gc,task     ] GC(0) Using 6 workers of 6 for evacuation
[2022-09-05T23:57:25.363+0000][7][gc,age      ] GC(0) Desired survivor size 2097152 bytes, new threshold 15 (max threshold 15)
[2022-09-05T23:57:25.370+0000][7][gc,age      ] GC(0) Age table with threshold 15 (max threshold 15)
[2022-09-05T23:57:25.370+0000][7][gc,age      ] GC(0) - age   1:    3363496 bytes,    3363496 total
[2022-09-05T23:57:25.371+0000][7][gc,phases   ] GC(0)   Pre Evacuate Collection Set: 0.1ms
[2022-09-05T23:57:25.371+0000][7][gc,phases   ] GC(0)   Merge Heap Roots: 0.2ms
[2022-09-05T23:57:25.371+0000][7][gc,phases   ] GC(0)   Evacuate Collection Set: 5.1ms
[2022-09-05T23:57:25.371+0000][7][gc,phases   ] GC(0)   Post Evacuate Collection Set: 0.8ms
[2022-09-05T23:57:25.371+0000][7][gc,phases   ] GC(0)   Other: 3.1ms
[2022-09-05T23:57:25.372+0000][7][gc,heap     ] GC(0) Eden regions: 4->0(4)
[2022-09-05T23:57:25.372+0000][7][gc,heap     ] GC(0) Survivor regions: 0->1(1)
[2022-09-05T23:57:25.372+0000][7][gc,heap     ] GC(0) Old regions: 0->0
[2022-09-05T23:57:25.372+0000][7][gc,heap     ] GC(0) Archive regions: 2->2
[2022-09-05T23:57:25.372+0000][7][gc,heap     ] GC(0) Humongous regions: 0->0
[2022-09-05T23:57:25.373+0000][7][gc,metaspace] GC(0) Metaspace: 5116K(7680K)->5116K(7680K) NonClass: 4594K(6912K)->4594K(6912K) Class: 521K(768K)->521K(768K)
[2022-09-05T23:57:25.373+0000][7][gc          ] GC(0) Pause Young (Normal) (G1 Evacuation Pause) 19M->7M(256M) 11.633ms
[2022-09-05T23:57:25.373+0000][7][gc,cpu      ] GC(0) User=0.04s Sys=0.01s Real=0.01s
[2022-09-05T23:57:25.373+0000][7][safepoint   ] Safepoint "G1CollectForAllocation", Time since last: 614034735 ns, Reaching safepoint: 340369 ns, At safepoint: 12199194 ns, Total: 12539563 ns
[2022-09-05T23:57:25.797+0000][7][safepoint   ] Safepoint "ICBufferFull", Time since last: 423531448 ns, Reaching safepoint: 288811 ns, At safepoint: 38693 ns, Total: 327504 ns
[2022-09-05T23:57:25.990+0000][7][gc,start    ] GC(1) Pause Young (Normal) (G1 Evacuation Pause)
[2022-09-05T23:57:25.990+0000][7][gc,task     ] GC(1) Using 6 workers of 6 for evacuation
[2022-09-05T23:57:25.990+0000][7][gc,age      ] GC(1) Desired survivor size 2097152 bytes, new threshold 1 (max threshold 15)
[2022-09-05T23:57:25.996+0000][7][gc,age      ] GC(1) Age table with threshold 1 (max threshold 15)
[2022-09-05T23:57:25.996+0000][7][gc,age      ] GC(1) - age   1:    1245224 bytes,    1245224 total
[2022-09-05T23:57:25.996+0000][7][gc,phases   ] GC(1)   Pre Evacuate Collection Set: 0.1ms
[2022-09-05T23:57:25.997+0000][7][gc,phases   ] GC(1)   Merge Heap Roots: 0.2ms
[2022-09-05T23:57:25.997+0000][7][gc,phases   ] GC(1)   Evacuate Collection Set: 3.9ms
[2022-09-05T23:57:25.997+0000][7][gc,phases   ] GC(1)   Post Evacuate Collection Set: 0.7ms
[2022-09-05T23:57:25.997+0000][7][gc,phases   ] GC(1)   Other: 1.7ms
[2022-09-05T23:57:25.998+0000][7][gc,heap     ] GC(1) Eden regions: 4->0(10)
[2022-09-05T23:57:25.998+0000][7][gc,heap     ] GC(1) Survivor regions: 1->1(1)
[2022-09-05T23:57:25.998+0000][7][gc,heap     ] GC(1) Old regions: 0->1
[2022-09-05T23:57:25.998+0000][7][gc,heap     ] GC(1) Archive regions: 2->2
[2022-09-05T23:57:25.998+0000][7][gc,heap     ] GC(1) Humongous regions: 0->0
[2022-09-05T23:57:25.999+0000][7][gc,metaspace] GC(1) Metaspace: 9803K(10496K)->9803K(10496K) NonClass: 8648K(9216K)->8648K(9216K) Class: 1154K(1280K)->1154K(1280K)
[2022-09-05T23:57:25.999+0000][7][gc          ] GC(1) Pause Young (Normal) (G1 Evacuation Pause) 23M->8M(256M) 9.123ms
[2022-09-05T23:57:25.999+0000][7][gc,cpu      ] GC(1) User=0.02s Sys=0.00s Real=0.01s
[2022-09-05T23:57:25.999+0000][7][safepoint   ] Safepoint "G1CollectForAllocation", Time since last: 192304196 ns, Reaching safepoint: 145523 ns, At safepoint: 9607110 ns, Total: 9752633 ns
[2022-09-05T23:57:27.025+0000][7][safepoint   ] Safepoint "Cleanup", Time since last: 1025541596 ns, Reaching safepoint: 226605 ns, At safepoint: 39274 ns, Total: 265879 ns
[2022-09-05T23:57:27.441+0000][7][gc,start    ] GC(2) Pause Young (Normal) (G1 Evacuation Pause)
[2022-09-05T23:57:27.442+0000][7][gc,task     ] GC(2) Using 6 workers of 6 for evacuation
[2022-09-05T23:57:27.442+0000][7][gc,age      ] GC(2) Desired survivor size 4194304 bytes, new threshold 15 (max threshold 15)
[2022-09-05T23:57:27.463+0000][7][gc,age      ] GC(2) Age table with threshold 15 (max threshold 15)
[2022-09-05T23:57:27.463+0000][7][gc,age      ] GC(2) - age   1:    2446536 bytes,    2446536 total
[2022-09-05T23:57:27.463+0000][7][gc,age      ] GC(2) - age   2:    1196664 bytes,    3643200 total
[2022-09-05T23:57:27.464+0000][7][gc,phases   ] GC(2)   Pre Evacuate Collection Set: 0.3ms
[2022-09-05T23:57:27.464+0000][7][gc,phases   ] GC(2)   Merge Heap Roots: 0.3ms
[2022-09-05T23:57:27.464+0000][7][gc,phases   ] GC(2)   Evacuate Collection Set: 11.3ms
[2022-09-05T23:57:27.465+0000][7][gc,phases   ] GC(2)   Post Evacuate Collection Set: 8.3ms
[2022-09-05T23:57:27.465+0000][7][gc,phases   ] GC(2)   Other: 2.0ms
[2022-09-05T23:57:27.465+0000][7][gc,heap     ] GC(2) Eden regions: 10->0(34)
[2022-09-05T23:57:27.465+0000][7][gc,heap     ] GC(2) Survivor regions: 1->1(2)
[2022-09-05T23:57:27.466+0000][7][gc,heap     ] GC(2) Old regions: 1->1
[2022-09-05T23:57:27.466+0000][7][gc,heap     ] GC(2) Archive regions: 2->2
[2022-09-05T23:57:27.466+0000][7][gc,heap     ] GC(2) Humongous regions: 0->0
[2022-09-05T23:57:27.466+0000][7][gc,metaspace] GC(2) Metaspace: 14413K(14848K)->14413K(14848K) NonClass: 12742K(13056K)->12742K(13056K) Class: 1671K(1792K)->1671K(1792K)
[2022-09-05T23:57:27.467+0000][7][gc          ] GC(2) Pause Young (Normal) (G1 Evacuation Pause) 48M->10M(256M) 25.233ms
[2022-09-05T23:57:27.467+0000][7][gc,cpu      ] GC(2) User=0.05s Sys=0.00s Real=0.03s
[2022-09-05T23:57:27.467+0000][7][safepoint   ] Safepoint "G1CollectForAllocation", Time since last: 415845334 ns, Reaching safepoint: 291367 ns, At safepoint: 25862415 ns, Total: 26153782 ns
[2022-09-05T23:57:27.959+0000][7][safepoint   ] Safepoint "ICBufferFull", Time since last: 491242131 ns, Reaching safepoint: 233308 ns, At safepoint: 71343 ns, Total: 304651 ns
[2022-09-05T23:57:27.975+0000][7][safepoint   ] Safepoint "ICBufferFull", Time since last: 15963149 ns, Reaching safepoint: 105006 ns, At safepoint: 31640 ns, Total: 136646 ns
[2022-09-05T23:57:27.979+0000][7][safepoint   ] Safepoint "ICBufferFull", Time since last: 4175927 ns, Reaching safepoint: 125455 ns, At safepoint: 61496 ns, Total: 186951 ns
[2022-09-05T23:57:27.984+0000][7][safepoint   ] Safepoint "ICBufferFull", Time since last: 4176668 ns, Reaching safepoint: 112992 ns, At safepoint: 82175 ns, Total: 195167 ns
[2022-09-05T23:57:27.995+0000][7][safepoint   ] Safepoint "ICBufferFull", Time since last: 11193275 ns, Reaching safepoint: 146285 ns, At safepoint: 4910 ns, Total: 151195 ns
[2022-09-05T23:57:27.999+0000][7][safepoint   ] Safepoint "ICBufferFull", Time since last: 3601238 ns, Reaching safepoint: 150522 ns, At safepoint: 53862 ns, Total: 204384 ns
[2022-09-05T23:57:28.004+0000][7][safepoint   ] Safepoint "ICBufferFull", Time since last: 5281862 ns, Reaching safepoint: 184736 ns, At safepoint: 34255 ns, Total: 218991 ns
[2022-09-05T23:57:28.008+0000][7][safepoint   ] Safepoint "ICBufferFull", Time since last: 3861086 ns, Reaching safepoint: 152666 ns, At safepoint: 6012 ns, Total: 158678 ns
[2022-09-05T23:57:28.011+0000][7][safepoint   ] Safepoint "ICBufferFull", Time since last: 2884102 ns, Reaching safepoint: 101360 ns, At safepoint: 5210 ns, Total: 106570 ns
[2022-09-05T23:57:28.018+0000][7][safepoint   ] Safepoint "ICBufferFull", Time since last: 6888407 ns, Reaching safepoint: 184036 ns, At safepoint: 35977 ns, Total: 220013 ns
[2022-09-05T23:57:28.022+0000][7][safepoint   ] Safepoint "ICBufferFull", Time since last: 3704443 ns, Reaching safepoint: 109034 ns, At safepoint: 4799 ns, Total: 113833 ns
[2022-09-05T23:57:28.027+0000][7][safepoint   ] Safepoint "ICBufferFull", Time since last: 4781904 ns, Reaching safepoint: 265068 ns, At safepoint: 8165 ns, Total: 273233 ns
[2022-09-05T23:57:28.032+0000][7][safepoint   ] Safepoint "ICBufferFull", Time since last: 4240879 ns, Reaching safepoint: 73428 ns, At safepoint: 4468 ns, Total: 77896 ns
[2022-09-05T23:57:28.038+0000][7][safepoint   ] Safepoint "ICBufferFull", Time since last: 5955867 ns, Reaching safepoint: 154511 ns, At safepoint: 6872 ns, Total: 161383 ns
[2022-09-05T23:57:28.059+0000][7][safepoint   ] Safepoint "ICBufferFull", Time since last: 20943906 ns, Reaching safepoint: 195947 ns, At safepoint: 87084 ns, Total: 283031 ns
[2022-09-05T23:57:28.526+0000][7][safepoint   ] Safepoint "ICBufferFull", Time since last: 466400450 ns, Reaching safepoint: 286918 ns, At safepoint: 35587 ns, Total: 322505 ns
[2022-09-05T23:57:28.527+0000][7][safepoint   ] Safepoint "ICBufferFull", Time since last: 1561491 ns, Reaching safepoint: 193272 ns, At safepoint: 35306 ns, Total: 228578 ns
[2022-09-05T23:57:28.530+0000][7][safepoint   ] Safepoint "ICBufferFull", Time since last: 2377403 ns, Reaching safepoint: 451747 ns, At safepoint: 35938 ns, Total: 487685 ns
[2022-09-05T23:57:28.532+0000][7][safepoint   ] Safepoint "ICBufferFull", Time since last: 1762067 ns, Reaching safepoint: 230492 ns, At safepoint: 14027 ns, Total: 244519 ns
[2022-09-05T23:57:28.534+0000][7][safepoint   ] Safepoint "ICBufferFull", Time since last: 1453137 ns, Reaching safepoint: 130464 ns, At safepoint: 9689 ns, Total: 140153 ns
[2022-09-05T23:57:28.603+0000][7][gc,start    ] GC(3) Pause Young (Normal) (G1 Evacuation Pause)
[2022-09-05T23:57:28.603+0000][7][gc,task     ] GC(3) Using 6 workers of 6 for evacuation
[2022-09-05T23:57:28.605+0000][7][gc,age      ] GC(3) Desired survivor size 10485760 bytes, new threshold 15 (max threshold 15)
[2022-09-05T23:57:28.614+0000][7][gc,age      ] GC(3) Age table with threshold 15 (max threshold 15)
[2022-09-05T23:57:28.615+0000][7][gc,age      ] GC(3) - age   1:    3834824 bytes,    3834824 total
[2022-09-05T23:57:28.615+0000][7][gc,age      ] GC(3) - age   2:    2351208 bytes,    6186032 total
[2022-09-05T23:57:28.615+0000][7][gc,age      ] GC(3) - age   3:    1180536 bytes,    7366568 total
[2022-09-05T23:57:28.615+0000][7][gc,phases   ] GC(3)   Pre Evacuate Collection Set: 0.1ms
[2022-09-05T23:57:28.616+0000][7][gc,phases   ] GC(3)   Merge Heap Roots: 0.0ms
[2022-09-05T23:57:28.616+0000][7][gc,phases   ] GC(3)   Evacuate Collection Set: 5.9ms
[2022-09-05T23:57:28.616+0000][7][gc,phases   ] GC(3)   Post Evacuate Collection Set: 2.8ms
[2022-09-05T23:57:28.616+0000][7][gc,phases   ] GC(3)   Other: 3.6ms
[2022-09-05T23:57:28.616+0000][7][gc,heap     ] GC(3) Eden regions: 34->0(36)
[2022-09-05T23:57:28.617+0000][7][gc,heap     ] GC(3) Survivor regions: 1->2(5)
[2022-09-05T23:57:28.617+0000][7][gc,heap     ] GC(3) Old regions: 1->1
[2022-09-05T23:57:28.617+0000][7][gc,heap     ] GC(3) Archive regions: 2->2
[2022-09-05T23:57:28.617+0000][7][gc,heap     ] GC(3) Humongous regions: 0->0
[2022-09-05T23:57:28.617+0000][7][gc,metaspace] GC(3) Metaspace: 17820K(18432K)->17820K(18432K) NonClass: 15703K(16128K)->15703K(16128K) Class: 2116K(2304K)->2116K(2304K)
[2022-09-05T23:57:28.618+0000][7][gc          ] GC(3) Pause Young (Normal) (G1 Evacuation Pause) 146M->14M(256M) 14.662ms
[2022-09-05T23:57:28.618+0000][7][gc,cpu      ] GC(3) User=0.03s Sys=0.00s Real=0.02s
[2022-09-05T23:57:28.618+0000][7][safepoint   ] Safepoint "G1CollectForAllocation", Time since last: 65890776 ns, Reaching safepoint: 3189206 ns, At safepoint: 15193753 ns, Total: 18382959 ns
[2022-09-05T23:57:28.639+0000][7][safepoint   ] Safepoint "ICBufferFull", Time since last: 20171516 ns, Reaching safepoint: 371607 ns, At safepoint: 8596 ns, Total: 380203 ns
[2022-09-05T23:57:28.640+0000][7][safepoint   ] Safepoint "ICBufferFull", Time since last: 1440143 ns, Reaching safepoint: 259968 ns, At safepoint: 22673 ns, Total: 282641 ns
[2022-09-05T23:57:28.644+0000][7][safepoint   ] Safepoint "ICBufferFull", Time since last: 1364561 ns, Reaching safepoint: 2226768 ns, At safepoint: 12755 ns, Total: 2239523 ns
[2022-09-05T23:57:28.651+0000][7][safepoint   ] Safepoint "ICBufferFull", Time since last: 6944081 ns, Reaching safepoint: 226325 ns, At safepoint: 4699 ns, Total: 231024 ns
[2022-09-05T23:57:28.655+0000][7][safepoint   ] Safepoint "ICBufferFull", Time since last: 1618047 ns, Reaching safepoint: 1763950 ns, At safepoint: 41208 ns, Total: 1805158 ns
[2022-09-05T23:57:28.656+0000][7][safepoint   ] Safepoint "ICBufferFull", Time since last: 1663551 ns, Reaching safepoint: 184065 ns, At safepoint: 7384 ns, Total: 191449 ns
[2022-09-05T23:57:28.658+0000][7][safepoint   ] Safepoint "ICBufferFull", Time since last: 1554408 ns, Reaching safepoint: 176150 ns, At safepoint: 4458 ns, Total: 180608 ns
[2022-09-05T23:57:28.660+0000][7][safepoint   ] Safepoint "ICBufferFull", Time since last: 1364822 ns, Reaching safepoint: 179667 ns, At safepoint: 4138 ns, Total: 183805 ns
[2022-09-05T23:57:28.661+0000][7][safepoint   ] Safepoint "ICBufferFull", Time since last: 1302113 ns, Reaching safepoint: 194736 ns, At safepoint: 4528 ns, Total: 199264 ns
[2022-09-05T23:57:28.663+0000][7][safepoint   ] Safepoint "ICBufferFull", Time since last: 1327602 ns, Reaching safepoint: 263645 ns, At safepoint: 9688 ns, Total: 273333 ns
[2022-09-05T23:57:28.665+0000][7][safepoint   ] Safepoint "ICBufferFull", Time since last: 1432358 ns, Reaching safepoint: 417854 ns, At safepoint: 9879 ns, Total: 427733 ns
[2022-09-05T23:57:28.666+0000][7][safepoint   ] Safepoint "ICBufferFull", Time since last: 1293949 ns, Reaching safepoint: 199794 ns, At safepoint: 4228 ns, Total: 204022 ns
[2022-09-05T23:57:28.668+0000][7][safepoint   ] Safepoint "ICBufferFull", Time since last: 1617916 ns, Reaching safepoint: 182984 ns, At safepoint: 4378 ns, Total: 187362 ns
[2022-09-05T23:57:28.670+0000][7][safepoint   ] Safepoint "ICBufferFull", Time since last: 1402883 ns, Reaching safepoint: 170300 ns, At safepoint: 3706 ns, Total: 174006 ns
[2022-09-05T23:57:28.671+0000][7][safepoint   ] Safepoint "ICBufferFull", Time since last: 1252060 ns, Reaching safepoint: 197371 ns, At safepoint: 5169 ns, Total: 202540 ns
[2022-09-05T23:57:28.673+0000][7][safepoint   ] Safepoint "ICBufferFull", Time since last: 1303065 ns, Reaching safepoint: 404820 ns, At safepoint: 8606 ns, Total: 413426 ns
[2022-09-05T23:57:28.675+0000][7][safepoint   ] Safepoint "ICBufferFull", Time since last: 1517448 ns, Reaching safepoint: 237906 ns, At safepoint: 10099 ns, Total: 248005 ns
[2022-09-05T23:57:28.676+0000][7][safepoint   ] Safepoint "ICBufferFull", Time since last: 1442708 ns, Reaching safepoint: 265569 ns, At safepoint: 9898 ns, Total: 275467 ns
[2022-09-05T23:57:28.679+0000][7][safepoint   ] Safepoint "ICBufferFull", Time since last: 2332538 ns, Reaching safepoint: 193192 ns, At safepoint: 4459 ns, Total: 197651 ns
[2022-09-05T23:57:28.752+0000][7][safepoint   ] Safepoint "ICBufferFull", Time since last: 72601801 ns, Reaching safepoint: 260419 ns, At safepoint: 10730 ns, Total: 271149 ns
[2022-09-05T23:57:28.759+0000][7][safepoint   ] Safepoint "ICBufferFull", Time since last: 3523573 ns, Reaching safepoint: 3292859 ns, At safepoint: 109866 ns, Total: 3402725 ns
[2022-09-05T23:57:28.763+0000][7][safepoint   ] Safepoint "ICBufferFull", Time since last: 2055338 ns, Reaching safepoint: 2300357 ns, At safepoint: 9117 ns, Total: 2309474 ns
[2022-09-05T23:57:28.765+0000][7][safepoint   ] Safepoint "ICBufferFull", Time since last: 1641230 ns, Reaching safepoint: 290926 ns, At safepoint: 15208 ns, Total: 306134 ns
[2022-09-05T23:57:28.767+0000][7][safepoint   ] Safepoint "ICBufferFull", Time since last: 1441085 ns, Reaching safepoint: 248587 ns, At safepoint: 12343 ns, Total: 260930 ns
[2022-09-05T23:57:28.770+0000][7][safepoint   ] Safepoint "ICBufferFull", Time since last: 3727285 ns, Reaching safepoint: 129352 ns, At safepoint: 20068 ns, Total: 149420 ns
[2022-09-05T23:57:28.773+0000][7][safepoint   ] Safepoint "ICBufferFull", Time since last: 2453023 ns, Reaching safepoint: 250511 ns, At safepoint: 10569 ns, Total: 261080 ns
[2022-09-05T23:57:28.775+0000][7][safepoint   ] Safepoint "ICBufferFull", Time since last: 1362217 ns, Reaching safepoint: 261200 ns, At safepoint: 168235 ns, Total: 429435 ns
[2022-09-05T23:57:28.779+0000][7][safepoint   ] Safepoint "ICBufferFull", Time since last: 1569406 ns, Reaching safepoint: 2257246 ns, At safepoint: 39334 ns, Total: 2296580 ns
[2022-09-05T23:57:28.782+0000][7][safepoint   ] Safepoint "ICBufferFull", Time since last: 2868163 ns, Reaching safepoint: 280506 ns, At safepoint: 10049 ns, Total: 290555 ns
[2022-09-05T23:57:28.786+0000][7][safepoint   ] Safepoint "ICBufferFull", Time since last: 4276956 ns, Reaching safepoint: 70292 ns, At safepoint: 3757 ns, Total: 74049 ns
[2022-09-05T23:57:28.795+0000][7][safepoint   ] Safepoint "ICBufferFull", Time since last: 8403461 ns, Reaching safepoint: 65703 ns, At safepoint: 3427 ns, Total: 69130 ns
[2022-09-05T23:57:28.805+0000][7][safepoint   ] Safepoint "ICBufferFull", Time since last: 9791967 ns, Reaching safepoint: 76574 ns, At safepoint: 4318 ns, Total: 80892 ns
[2022-09-05T23:57:29.303+0000][7][gc,start    ] GC(4) Pause Young (Normal) (G1 Evacuation Pause)
[2022-09-05T23:57:29.304+0000][7][gc,task     ] GC(4) Using 6 workers of 6 for evacuation
[2022-09-05T23:57:29.312+0000][7][gc,age      ] GC(4) Desired survivor size 10485760 bytes, new threshold 15 (max threshold 15)
[2022-09-05T23:57:29.334+0000][7][gc,age      ] GC(4) Age table with threshold 15 (max threshold 15)
[2022-09-05T23:57:29.335+0000][7][gc,age      ] GC(4) - age   1:    3499672 bytes,    3499672 total
[2022-09-05T23:57:29.335+0000][7][gc,age      ] GC(4) - age   2:    3272184 bytes,    6771856 total
[2022-09-05T23:57:29.335+0000][7][gc,age      ] GC(4) - age   3:    2351208 bytes,    9123064 total
[2022-09-05T23:57:29.335+0000][7][gc,age      ] GC(4) - age   4:    1180536 bytes,   10303600 total
[2022-09-05T23:57:29.335+0000][7][gc,phases   ] GC(4)   Pre Evacuate Collection Set: 0.1ms
[2022-09-05T23:57:29.336+0000][7][gc,phases   ] GC(4)   Merge Heap Roots: 0.0ms
[2022-09-05T23:57:29.336+0000][7][gc,phases   ] GC(4)   Evacuate Collection Set: 20.2ms
[2022-09-05T23:57:29.336+0000][7][gc,phases   ] GC(4)   Post Evacuate Collection Set: 1.1ms
[2022-09-05T23:57:29.336+0000][7][gc,phases   ] GC(4)   Other: 10.9ms
[2022-09-05T23:57:29.336+0000][7][gc,heap     ] GC(4) Eden regions: 36->0(35)
[2022-09-05T23:57:29.336+0000][7][gc,heap     ] GC(4) Survivor regions: 2->3(5)
[2022-09-05T23:57:29.337+0000][7][gc,heap     ] GC(4) Old regions: 1->1
[2022-09-05T23:57:29.337+0000][7][gc,heap     ] GC(4) Archive regions: 2->2
[2022-09-05T23:57:29.337+0000][7][gc,heap     ] GC(4) Humongous regions: 0->0
[2022-09-05T23:57:29.337+0000][7][gc,metaspace] GC(4) Metaspace: 18281K(19072K)->18281K(19072K) NonClass: 16107K(16640K)->16107K(16640K) Class: 2174K(2432K)->2174K(2432K)
[2022-09-05T23:57:29.337+0000][7][gc          ] GC(4) Pause Young (Normal) (G1 Evacuation Pause) 158M->17M(256M) 34.197ms
[2022-09-05T23:57:29.337+0000][7][gc,cpu      ] GC(4) User=0.08s Sys=0.00s Real=0.04s
[2022-09-05T23:57:29.338+0000][7][safepoint   ] Safepoint "G1CollectForAllocation", Time since last: 497454919 ns, Reaching safepoint: 863020 ns, At safepoint: 34666919 ns, Total: 35529939 ns
[2022-09-05T23:57:29.582+0000][7][gc,start    ] GC(5) Pause Young (Normal) (G1 Evacuation Pause)
[2022-09-05T23:57:29.582+0000][7][gc,task     ] GC(5) Using 6 workers of 6 for evacuation
[2022-09-05T23:57:29.582+0000][7][gc,age      ] GC(5) Desired survivor size 10485760 bytes, new threshold 15 (max threshold 15)
[2022-09-05T23:57:29.589+0000][7][gc,age      ] GC(5) Age table with threshold 15 (max threshold 15)
[2022-09-05T23:57:29.589+0000][7][gc,age      ] GC(5) - age   1:    1414800 bytes,    1414800 total
[2022-09-05T23:57:29.590+0000][7][gc,age      ] GC(5) - age   2:    1657288 bytes,    3072088 total
[2022-09-05T23:57:29.590+0000][7][gc,age      ] GC(5) - age   3:    3272128 bytes,    6344216 total
[2022-09-05T23:57:29.590+0000][7][gc,age      ] GC(5) - age   4:    2351208 bytes,    8695424 total
[2022-09-05T23:57:29.590+0000][7][gc,age      ] GC(5) - age   5:    1180536 bytes,    9875960 total
[2022-09-05T23:57:29.590+0000][7][gc,phases   ] GC(5)   Pre Evacuate Collection Set: 0.1ms
[2022-09-05T23:57:29.590+0000][7][gc,phases   ] GC(5)   Merge Heap Roots: 0.1ms
[2022-09-05T23:57:29.590+0000][7][gc,phases   ] GC(5)   Evacuate Collection Set: 5.2ms
[2022-09-05T23:57:29.591+0000][7][gc,phases   ] GC(5)   Post Evacuate Collection Set: 1.0ms
[2022-09-05T23:57:29.591+0000][7][gc,phases   ] GC(5)   Other: 1.8ms
[2022-09-05T23:57:29.591+0000][7][gc,heap     ] GC(5) Eden regions: 35->0(35)
[2022-09-05T23:57:29.591+0000][7][gc,heap     ] GC(5) Survivor regions: 3->3(5)
[2022-09-05T23:57:29.591+0000][7][gc,heap     ] GC(5) Old regions: 1->1
[2022-09-05T23:57:29.591+0000][7][gc,heap     ] GC(5) Archive regions: 2->2
[2022-09-05T23:57:29.591+0000][7][gc,heap     ] GC(5) Humongous regions: 0->0
[2022-09-05T23:57:29.591+0000][7][gc,metaspace] GC(5) Metaspace: 18676K(19328K)->18676K(19328K) NonClass: 16429K(16896K)->16429K(16896K) Class: 2246K(2432K)->2246K(2432K)
[2022-09-05T23:57:29.592+0000][7][gc          ] GC(5) Pause Young (Normal) (G1 Evacuation Pause) 157M->16M(256M) 9.564ms
[2022-09-05T23:57:29.592+0000][7][gc,cpu      ] GC(5) User=0.01s Sys=0.00s Real=0.01s
[2022-09-05T23:57:29.592+0000][7][safepoint   ] Safepoint "G1CollectForAllocation", Time since last: 244119006 ns, Reaching safepoint: 133140 ns, At safepoint: 9882687 ns, Total: 10015827 ns
[2022-09-05T23:57:29.854+0000][7][gc,start    ] GC(6) Pause Young (Normal) (G1 Evacuation Pause)
[2022-09-05T23:57:29.854+0000][7][gc,task     ] GC(6) Using 6 workers of 6 for evacuation
[2022-09-05T23:57:29.856+0000][7][gc,age      ] GC(6) Desired survivor size 10485760 bytes, new threshold 15 (max threshold 15)
[2022-09-05T23:57:29.870+0000][7][gc,age      ] GC(6) Age table with threshold 15 (max threshold 15)
[2022-09-05T23:57:29.871+0000][7][gc,age      ] GC(6) - age   1:    1436032 bytes,    1436032 total
[2022-09-05T23:57:29.871+0000][7][gc,age      ] GC(6) - age   2:    1217168 bytes,    2653200 total
[2022-09-05T23:57:29.871+0000][7][gc,age      ] GC(6) - age   3:    1657288 bytes,    4310488 total
[2022-09-05T23:57:29.872+0000][7][gc,age      ] GC(6) - age   4:    3271136 bytes,    7581624 total
[2022-09-05T23:57:29.872+0000][7][gc,age      ] GC(6) - age   5:    2351208 bytes,    9932832 total
[2022-09-05T23:57:29.872+0000][7][gc,age      ] GC(6) - age   6:    1180536 bytes,   11113368 total
[2022-09-05T23:57:29.874+0000][7][gc,phases   ] GC(6)   Pre Evacuate Collection Set: 0.1ms
[2022-09-05T23:57:29.874+0000][7][gc,phases   ] GC(6)   Merge Heap Roots: 0.0ms
[2022-09-05T23:57:29.875+0000][7][gc,phases   ] GC(6)   Evacuate Collection Set: 11.4ms
[2022-09-05T23:57:29.875+0000][7][gc,phases   ] GC(6)   Post Evacuate Collection Set: 1.7ms
[2022-09-05T23:57:29.875+0000][7][gc,phases   ] GC(6)   Other: 6.5ms
[2022-09-05T23:57:29.876+0000][7][gc,heap     ] GC(6) Eden regions: 35->0(35)
[2022-09-05T23:57:29.876+0000][7][gc,heap     ] GC(6) Survivor regions: 3->3(5)
[2022-09-05T23:57:29.876+0000][7][gc,heap     ] GC(6) Old regions: 1->1
[2022-09-05T23:57:29.876+0000][7][gc,heap     ] GC(6) Archive regions: 2->2
[2022-09-05T23:57:29.877+0000][7][gc,heap     ] GC(6) Humongous regions: 0->0
[2022-09-05T23:57:29.877+0000][7][gc,metaspace] GC(6) Metaspace: 18892K(19712K)->18892K(19712K) NonClass: 16628K(17152K)->16628K(17152K) Class: 2263K(2560K)->2263K(2560K)
[2022-09-05T23:57:29.877+0000][7][gc          ] GC(6) Pause Young (Normal) (G1 Evacuation Pause) 156M->17M(256M) 23.591ms
[2022-09-05T23:57:29.878+0000][7][gc,cpu      ] GC(6) User=0.04s Sys=0.01s Real=0.02s
[2022-09-05T23:57:29.879+0000][7][safepoint   ] Safepoint "G1CollectForAllocation", Time since last: 257753915 ns, Reaching safepoint: 4141021 ns, At safepoint: 24999286 ns, Total: 29140307 ns
[2022-09-05T23:57:30.060+0000][7][gc,start    ] GC(7) Pause Young (Normal) (G1 Evacuation Pause)
[2022-09-05T23:57:30.060+0000][7][gc,task     ] GC(7) Using 6 workers of 6 for evacuation
[2022-09-05T23:57:30.061+0000][7][gc,age      ] GC(7) Desired survivor size 10485760 bytes, new threshold 6 (max threshold 15)
[2022-09-05T23:57:30.069+0000][7][gc,age      ] GC(7) Age table with threshold 6 (max threshold 15)
[2022-09-05T23:57:30.069+0000][7][gc,age      ] GC(7) - age   1:    1695096 bytes,    1695096 total
[2022-09-05T23:57:30.069+0000][7][gc,age      ] GC(7) - age   2:    1414472 bytes,    3109568 total
[2022-09-05T23:57:30.069+0000][7][gc,age      ] GC(7) - age   3:    1216472 bytes,    4326040 total
[2022-09-05T23:57:30.070+0000][7][gc,age      ] GC(7) - age   4:    1657288 bytes,    5983328 total
[2022-09-05T23:57:30.070+0000][7][gc,age      ] GC(7) - age   5:    3271136 bytes,    9254464 total
[2022-09-05T23:57:30.070+0000][7][gc,age      ] GC(7) - age   6:    2351208 bytes,   11605672 total
[2022-09-05T23:57:30.070+0000][7][gc,phases   ] GC(7)   Pre Evacuate Collection Set: 0.1ms
[2022-09-05T23:57:30.070+0000][7][gc,phases   ] GC(7)   Merge Heap Roots: 0.0ms
[2022-09-05T23:57:30.070+0000][7][gc,phases   ] GC(7)   Evacuate Collection Set: 6.3ms
[2022-09-05T23:57:30.070+0000][7][gc,phases   ] GC(7)   Post Evacuate Collection Set: 1.2ms
[2022-09-05T23:57:30.071+0000][7][gc,phases   ] GC(7)   Other: 2.8ms
[2022-09-05T23:57:30.071+0000][7][gc,heap     ] GC(7) Eden regions: 35->0(35)
[2022-09-05T23:57:30.071+0000][7][gc,heap     ] GC(7) Survivor regions: 3->3(5)
[2022-09-05T23:57:30.071+0000][7][gc,heap     ] GC(7) Old regions: 1->2
[2022-09-05T23:57:30.071+0000][7][gc,heap     ] GC(7) Archive regions: 2->2
[2022-09-05T23:57:30.071+0000][7][gc,heap     ] GC(7) Humongous regions: 0->0
[2022-09-05T23:57:30.071+0000][7][gc,metaspace] GC(7) Metaspace: 19164K(20224K)->19164K(20224K) NonClass: 16869K(17664K)->16869K(17664K) Class: 2294K(2560K)->2294K(2560K)
[2022-09-05T23:57:30.072+0000][7][gc          ] GC(7) Pause Young (Normal) (G1 Evacuation Pause) 157M->19M(256M) 11.795ms
[2022-09-05T23:57:30.072+0000][7][gc,cpu      ] GC(7) User=0.03s Sys=0.00s Real=0.01s
[2022-09-05T23:57:30.072+0000][7][safepoint   ] Safepoint "G1CollectForAllocation", Time since last: 180832076 ns, Reaching safepoint: 135204 ns, At safepoint: 12268244 ns, Total: 12403448 ns
[2022-09-05T23:57:30.251+0000][7][gc,start    ] GC(8) Pause Young (Normal) (G1 Evacuation Pause)
[2022-09-05T23:57:30.252+0000][7][gc,task     ] GC(8) Using 6 workers of 6 for evacuation
[2022-09-05T23:57:30.252+0000][7][gc,age      ] GC(8) Desired survivor size 10485760 bytes, new threshold 6 (max threshold 15)
[2022-09-05T23:57:30.257+0000][7][gc,age      ] GC(8) Age table with threshold 6 (max threshold 15)
[2022-09-05T23:57:30.258+0000][7][gc,age      ] GC(8) - age   1:     548632 bytes,     548632 total
[2022-09-05T23:57:30.258+0000][7][gc,age      ] GC(8) - age   2:     381400 bytes,     930032 total
[2022-09-05T23:57:30.258+0000][7][gc,age      ] GC(8) - age   3:    1414048 bytes,    2344080 total
[2022-09-05T23:57:30.258+0000][7][gc,age      ] GC(8) - age   4:    1216152 bytes,    3560232 total
[2022-09-05T23:57:30.258+0000][7][gc,age      ] GC(8) - age   5:    1657224 bytes,    5217456 total
[2022-09-05T23:57:30.258+0000][7][gc,age      ] GC(8) - age   6:    3267216 bytes,    8484672 total
[2022-09-05T23:57:30.259+0000][7][gc,phases   ] GC(8)   Pre Evacuate Collection Set: 0.1ms
[2022-09-05T23:57:30.259+0000][7][gc,phases   ] GC(8)   Merge Heap Roots: 0.1ms
[2022-09-05T23:57:30.259+0000][7][gc,phases   ] GC(8)   Evacuate Collection Set: 4.4ms
[2022-09-05T23:57:30.259+0000][7][gc,phases   ] GC(8)   Post Evacuate Collection Set: 0.7ms
[2022-09-05T23:57:30.259+0000][7][gc,phases   ] GC(8)   Other: 2.1ms
[2022-09-05T23:57:30.259+0000][7][gc,heap     ] GC(8) Eden regions: 35->0(35)
[2022-09-05T23:57:30.260+0000][7][gc,heap     ] GC(8) Survivor regions: 3->3(5)
[2022-09-05T23:57:30.260+0000][7][gc,heap     ] GC(8) Old regions: 2->2
[2022-09-05T23:57:30.260+0000][7][gc,heap     ] GC(8) Archive regions: 2->2
[2022-09-05T23:57:30.260+0000][7][gc,heap     ] GC(8) Humongous regions: 0->0
[2022-09-05T23:57:30.260+0000][7][gc,metaspace] GC(8) Metaspace: 19297K(20224K)->19297K(20224K) NonClass: 16978K(17664K)->16978K(17664K) Class: 2319K(2560K)->2319K(2560K)
[2022-09-05T23:57:30.260+0000][7][gc          ] GC(8) Pause Young (Normal) (G1 Evacuation Pause) 159M->19M(256M) 9.123ms
[2022-09-05T23:57:30.261+0000][7][gc,cpu      ] GC(8) User=0.02s Sys=0.01s Real=0.01s
[2022-09-05T23:57:30.261+0000][7][safepoint   ] Safepoint "G1CollectForAllocation", Time since last: 179049090 ns, Reaching safepoint: 222407 ns, At safepoint: 9530025 ns, Total: 9752432 ns
[2022-09-05T23:57:30.428+0000][7][gc,start    ] GC(9) Pause Young (Normal) (G1 Evacuation Pause)
[2022-09-05T23:57:30.429+0000][7][gc,task     ] GC(9) Using 6 workers of 6 for evacuation
[2022-09-05T23:57:30.429+0000][7][gc,age      ] GC(9) Desired survivor size 10485760 bytes, new threshold 15 (max threshold 15)
[2022-09-05T23:57:30.437+0000][7][gc,age      ] GC(9) Age table with threshold 15 (max threshold 15)
[2022-09-05T23:57:30.437+0000][7][gc,age      ] GC(9) - age   1:    1127256 bytes,    1127256 total
[2022-09-05T23:57:30.438+0000][7][gc,age      ] GC(9) - age   2:     223360 bytes,    1350616 total
[2022-09-05T23:57:30.438+0000][7][gc,age      ] GC(9) - age   3:     381400 bytes,    1732016 total
[2022-09-05T23:57:30.438+0000][7][gc,age      ] GC(9) - age   4:    1414048 bytes,    3146064 total
[2022-09-05T23:57:30.438+0000][7][gc,age      ] GC(9) - age   5:    1216152 bytes,    4362216 total
[2022-09-05T23:57:30.438+0000][7][gc,age      ] GC(9) - age   6:    1657224 bytes,    6019440 total
[2022-09-05T23:57:30.438+0000][7][gc,age      ] GC(9) - age   7:    3267216 bytes,    9286656 total
[2022-09-05T23:57:30.438+0000][7][gc,phases   ] GC(9)   Pre Evacuate Collection Set: 0.1ms
[2022-09-05T23:57:30.439+0000][7][gc,phases   ] GC(9)   Merge Heap Roots: 0.1ms
[2022-09-05T23:57:30.439+0000][7][gc,phases   ] GC(9)   Evacuate Collection Set: 7.3ms
[2022-09-05T23:57:30.439+0000][7][gc,phases   ] GC(9)   Post Evacuate Collection Set: 0.7ms
[2022-09-05T23:57:30.439+0000][7][gc,phases   ] GC(9)   Other: 2.1ms
[2022-09-05T23:57:30.439+0000][7][gc,heap     ] GC(9) Eden regions: 35->0(35)
[2022-09-05T23:57:30.439+0000][7][gc,heap     ] GC(9) Survivor regions: 3->3(5)
[2022-09-05T23:57:30.439+0000][7][gc,heap     ] GC(9) Old regions: 2->2
[2022-09-05T23:57:30.440+0000][7][gc,heap     ] GC(9) Archive regions: 2->2
[2022-09-05T23:57:30.440+0000][7][gc,heap     ] GC(9) Humongous regions: 0->0
[2022-09-05T23:57:30.440+0000][7][gc,metaspace] GC(9) Metaspace: 19509K(20608K)->19509K(20608K) NonClass: 17150K(17920K)->17150K(17920K) Class: 2359K(2688K)->2359K(2688K)
[2022-09-05T23:57:30.440+0000][7][gc          ] GC(9) Pause Young (Normal) (G1 Evacuation Pause) 159M->20M(256M) 11.968ms
[2022-09-05T23:57:30.440+0000][7][gc,cpu      ] GC(9) User=0.04s Sys=0.00s Real=0.01s
[2022-09-05T23:57:30.441+0000][7][safepoint   ] Safepoint "G1CollectForAllocation", Time since last: 167198230 ns, Reaching safepoint: 272912 ns, At safepoint: 12415169 ns, Total: 12688081 ns
[2022-09-05T23:57:30.609+0000][7][gc,start    ] GC(10) Pause Young (Normal) (G1 Evacuation Pause)
[2022-09-05T23:57:30.610+0000][7][gc,task     ] GC(10) Using 6 workers of 6 for evacuation
[2022-09-05T23:57:30.610+0000][7][gc,age      ] GC(10) Desired survivor size 10485760 bytes, new threshold 15 (max threshold 15)
[2022-09-05T23:57:30.624+0000][7][gc,age      ] GC(10) Age table with threshold 15 (max threshold 15)
[2022-09-05T23:57:30.627+0000][7][gc,age      ] GC(10) - age   1:     221112 bytes,     221112 total
[2022-09-05T23:57:30.627+0000][7][gc,age      ] GC(10) - age   2:     221040 bytes,     442152 total
[2022-09-05T23:57:30.628+0000][7][gc,age      ] GC(10) - age   3:     223208 bytes,     665360 total
[2022-09-05T23:57:30.629+0000][7][gc,age      ] GC(10) - age   4:     381400 bytes,    1046760 total
[2022-09-05T23:57:30.632+0000][7][gc,age      ] GC(10) - age   5:    1414048 bytes,    2460808 total
[2022-09-05T23:57:30.634+0000][7][gc,age      ] GC(10) - age   6:    1215480 bytes,    3676288 total
[2022-09-05T23:57:30.635+0000][7][gc,age      ] GC(10) - age   7:    1656936 bytes,    5333224 total
[2022-09-05T23:57:30.636+0000][7][gc,age      ] GC(10) - age   8:    3267088 bytes,    8600312 total
[2022-09-05T23:57:30.637+0000][7][gc,phases   ] GC(10)   Pre Evacuate Collection Set: 0.1ms
[2022-09-05T23:57:30.637+0000][7][gc,phases   ] GC(10)   Merge Heap Roots: 0.0ms
[2022-09-05T23:57:30.638+0000][7][gc,phases   ] GC(10)   Evacuate Collection Set: 13.5ms
[2022-09-05T23:57:30.638+0000][7][gc,phases   ] GC(10)   Post Evacuate Collection Set: 0.7ms
[2022-09-05T23:57:30.638+0000][7][gc,phases   ] GC(10)   Other: 13.1ms
[2022-09-05T23:57:30.639+0000][7][gc,heap     ] GC(10) Eden regions: 35->0(35)
[2022-09-05T23:57:30.639+0000][7][gc,heap     ] GC(10) Survivor regions: 3->3(5)
[2022-09-05T23:57:30.640+0000][7][gc,heap     ] GC(10) Old regions: 2->2
[2022-09-05T23:57:30.641+0000][7][gc,heap     ] GC(10) Archive regions: 2->2
[2022-09-05T23:57:30.644+0000][7][gc,heap     ] GC(10) Humongous regions: 0->0
[2022-09-05T23:57:30.644+0000][7][gc,metaspace] GC(10) Metaspace: 19560K(20608K)->19560K(20608K) NonClass: 17191K(17920K)->17191K(17920K) Class: 2368K(2688K)->2368K(2688K)
[2022-09-05T23:57:30.644+0000][7][gc          ] GC(10) Pause Young (Normal) (G1 Evacuation Pause) 160M->19M(256M) 34.820ms
[2022-09-05T23:57:30.644+0000][7][gc,cpu      ] GC(10) User=0.09s Sys=0.00s Real=0.04s
[2022-09-05T23:57:30.645+0000][7][safepoint   ] Safepoint "G1CollectForAllocation", Time since last: 168459537 ns, Reaching safepoint: 282660 ns, At safepoint: 35142372 ns, Total: 35425032 ns
[2022-09-05T23:57:30.923+0000][7][gc,start    ] GC(11) Pause Young (Normal) (G1 Evacuation Pause)
[2022-09-05T23:57:30.924+0000][7][gc,task     ] GC(11) Using 6 workers of 6 for evacuation
[2022-09-05T23:57:30.924+0000][7][gc,age      ] GC(11) Desired survivor size 10485760 bytes, new threshold 15 (max threshold 15)
[2022-09-05T23:57:30.930+0000][7][gc,age      ] GC(11) Age table with threshold 15 (max threshold 15)
[2022-09-05T23:57:30.930+0000][7][gc,age      ] GC(11) - age   1:    1744544 bytes,    1744544 total
[2022-09-05T23:57:30.931+0000][7][gc,age      ] GC(11) - age   2:     190336 bytes,    1934880 total
[2022-09-05T23:57:30.931+0000][7][gc,age      ] GC(11) - age   3:     221040 bytes,    2155920 total
[2022-09-05T23:57:30.931+0000][7][gc,age      ] GC(11) - age   4:     223208 bytes,    2379128 total
[2022-09-05T23:57:30.931+0000][7][gc,age      ] GC(11) - age   5:     381400 bytes,    2760528 total
[2022-09-05T23:57:30.931+0000][7][gc,age      ] GC(11) - age   6:    1413008 bytes,    4173536 total
[2022-09-05T23:57:30.931+0000][7][gc,age      ] GC(11) - age   7:    1215480 bytes,    5389016 total
[2022-09-05T23:57:30.932+0000][7][gc,age      ] GC(11) - age   8:    1656936 bytes,    7045952 total
[2022-09-05T23:57:30.932+0000][7][gc,age      ] GC(11) - age   9:    3266984 bytes,   10312936 total
[2022-09-05T23:57:30.932+0000][7][gc,phases   ] GC(11)   Pre Evacuate Collection Set: 0.0ms
[2022-09-05T23:57:30.933+0000][7][gc,phases   ] GC(11)   Merge Heap Roots: 0.0ms
[2022-09-05T23:57:30.934+0000][7][gc,phases   ] GC(11)   Evacuate Collection Set: 5.2ms
[2022-09-05T23:57:30.934+0000][7][gc,phases   ] GC(11)   Post Evacuate Collection Set: 0.7ms
[2022-09-05T23:57:30.934+0000][7][gc,phases   ] GC(11)   Other: 2.6ms
[2022-09-05T23:57:30.934+0000][7][gc,heap     ] GC(11) Eden regions: 35->0(35)
[2022-09-05T23:57:30.935+0000][7][gc,heap     ] GC(11) Survivor regions: 3->3(5)
[2022-09-05T23:57:30.935+0000][7][gc,heap     ] GC(11) Old regions: 2->2
[2022-09-05T23:57:30.935+0000][7][gc,heap     ] GC(11) Archive regions: 2->2
[2022-09-05T23:57:30.935+0000][7][gc,heap     ] GC(11) Humongous regions: 0->0
[2022-09-05T23:57:30.935+0000][7][gc,metaspace] GC(11) Metaspace: 19772K(20864K)->19772K(20864K) NonClass: 17366K(18176K)->17366K(18176K) Class: 2405K(2688K)->2405K(2688K)
[2022-09-05T23:57:30.935+0000][7][gc          ] GC(11) Pause Young (Normal) (G1 Evacuation Pause) 159M->20M(256M) 12.106ms
[2022-09-05T23:57:30.936+0000][7][gc,cpu      ] GC(11) User=0.01s Sys=0.00s Real=0.02s
[2022-09-05T23:57:30.936+0000][7][safepoint   ] Safepoint "G1CollectForAllocation", Time since last: 278205376 ns, Reaching safepoint: 633549 ns, At safepoint: 12584778 ns, Total: 13218327 ns
[2022-09-05T23:57:31.104+0000][7][gc,start    ] GC(12) Pause Young (Normal) (G1 Evacuation Pause)
[2022-09-05T23:57:31.105+0000][7][gc,task     ] GC(12) Using 6 workers of 6 for evacuation
[2022-09-05T23:57:31.105+0000][7][gc,age      ] GC(12) Desired survivor size 10485760 bytes, new threshold 15 (max threshold 15)
[2022-09-05T23:57:31.111+0000][7][gc,age      ] GC(12) Age table with threshold 15 (max threshold 15)
[2022-09-05T23:57:31.111+0000][7][gc,age      ] GC(12) - age   1:     864736 bytes,     864736 total
[2022-09-05T23:57:31.111+0000][7][gc,age      ] GC(12) - age   2:    1443480 bytes,    2308216 total
[2022-09-05T23:57:31.111+0000][7][gc,age      ] GC(12) - age   3:     188736 bytes,    2496952 total
[2022-09-05T23:57:31.111+0000][7][gc,age      ] GC(12) - age   4:     220976 bytes,    2717928 total
[2022-09-05T23:57:31.112+0000][7][gc,age      ] GC(12) - age   5:     223144 bytes,    2941072 total
[2022-09-05T23:57:31.112+0000][7][gc,age      ] GC(12) - age   6:     381400 bytes,    3322472 total
[2022-09-05T23:57:31.112+0000][7][gc,age      ] GC(12) - age   7:    1413008 bytes,    4735480 total
[2022-09-05T23:57:31.112+0000][7][gc,age      ] GC(12) - age   8:    1215416 bytes,    5950896 total
[2022-09-05T23:57:31.112+0000][7][gc,age      ] GC(12) - age   9:    1656808 bytes,    7607704 total
[2022-09-05T23:57:31.112+0000][7][gc,age      ] GC(12) - age  10:    3266792 bytes,   10874496 total
[2022-09-05T23:57:31.112+0000][7][gc,phases   ] GC(12)   Pre Evacuate Collection Set: 0.1ms
[2022-09-05T23:57:31.112+0000][7][gc,phases   ] GC(12)   Merge Heap Roots: 0.0ms
[2022-09-05T23:57:31.113+0000][7][gc,phases   ] GC(12)   Evacuate Collection Set: 4.5ms
[2022-09-05T23:57:31.113+0000][7][gc,phases   ] GC(12)   Post Evacuate Collection Set: 1.0ms
[2022-09-05T23:57:31.113+0000][7][gc,phases   ] GC(12)   Other: 2.5ms
[2022-09-05T23:57:31.113+0000][7][gc,heap     ] GC(12) Eden regions: 35->0(35)
[2022-09-05T23:57:31.113+0000][7][gc,heap     ] GC(12) Survivor regions: 3->3(5)
[2022-09-05T23:57:31.113+0000][7][gc,heap     ] GC(12) Old regions: 2->2
[2022-09-05T23:57:31.113+0000][7][gc,heap     ] GC(12) Archive regions: 2->2
[2022-09-05T23:57:31.113+0000][7][gc,heap     ] GC(12) Humongous regions: 0->0
[2022-09-05T23:57:31.114+0000][7][gc,metaspace] GC(12) Metaspace: 19957K(21120K)->19957K(21120K) NonClass: 17522K(18432K)->17522K(18432K) Class: 2435K(2688K)->2435K(2688K)
[2022-09-05T23:57:31.114+0000][7][gc          ] GC(12) Pause Young (Normal) (G1 Evacuation Pause) 160M->21M(256M) 9.573ms
[2022-09-05T23:57:31.114+0000][7][gc,cpu      ] GC(12) User=0.01s Sys=0.01s Real=0.02s
[2022-09-05T23:57:31.114+0000][7][safepoint   ] Safepoint "G1CollectForAllocation", Time since last: 168071989 ns, Reaching safepoint: 181100 ns, At safepoint: 9948220 ns, Total: 10129320 ns
[2022-09-05T23:57:31.389+0000][7][gc,start    ] GC(13) Pause Young (Normal) (G1 Evacuation Pause)
[2022-09-05T23:57:31.389+0000][7][gc,task     ] GC(13) Using 6 workers of 6 for evacuation
[2022-09-05T23:57:31.390+0000][7][gc,age      ] GC(13) Desired survivor size 10485760 bytes, new threshold 10 (max threshold 15)
[2022-09-05T23:57:31.395+0000][7][gc,age      ] GC(13) Age table with threshold 10 (max threshold 15)
[2022-09-05T23:57:31.395+0000][7][gc,age      ] GC(13) - age   1:    1110440 bytes,    1110440 total
[2022-09-05T23:57:31.395+0000][7][gc,age      ] GC(13) - age   2:     546880 bytes,    1657320 total
[2022-09-05T23:57:31.396+0000][7][gc,age      ] GC(13) - age   3:    1443480 bytes,    3100800 total
[2022-09-05T23:57:31.396+0000][7][gc,age      ] GC(13) - age   4:     188736 bytes,    3289536 total
[2022-09-05T23:57:31.396+0000][7][gc,age      ] GC(13) - age   5:     220976 bytes,    3510512 total
[2022-09-05T23:57:31.396+0000][7][gc,age      ] GC(13) - age   6:     222600 bytes,    3733112 total
[2022-09-05T23:57:31.396+0000][7][gc,age      ] GC(13) - age   7:     381400 bytes,    4114512 total
[2022-09-05T23:57:31.396+0000][7][gc,age      ] GC(13) - age   8:    1413008 bytes,    5527520 total
[2022-09-05T23:57:31.397+0000][7][gc,age      ] GC(13) - age   9:    1215416 bytes,    6742936 total
[2022-09-05T23:57:31.397+0000][7][gc,age      ] GC(13) - age  10:    1656808 bytes,    8399744 total
[2022-09-05T23:57:31.397+0000][7][gc,phases   ] GC(13)   Pre Evacuate Collection Set: 0.1ms
[2022-09-05T23:57:31.397+0000][7][gc,phases   ] GC(13)   Merge Heap Roots: 0.1ms
[2022-09-05T23:57:31.398+0000][7][gc,phases   ] GC(13)   Evacuate Collection Set: 4.0ms
[2022-09-05T23:57:31.398+0000][7][gc,phases   ] GC(13)   Post Evacuate Collection Set: 0.9ms
[2022-09-05T23:57:31.398+0000][7][gc,phases   ] GC(13)   Other: 3.2ms
[2022-09-05T23:57:31.398+0000][7][gc,heap     ] GC(13) Eden regions: 35->0(35)
[2022-09-05T23:57:31.398+0000][7][gc,heap     ] GC(13) Survivor regions: 3->3(5)
[2022-09-05T23:57:31.399+0000][7][gc,heap     ] GC(13) Old regions: 2->3
[2022-09-05T23:57:31.399+0000][7][gc,heap     ] GC(13) Archive regions: 2->2
[2022-09-05T23:57:31.399+0000][7][gc,heap     ] GC(13) Humongous regions: 0->0
[2022-09-05T23:57:31.399+0000][7][gc,metaspace] GC(13) Metaspace: 19990K(21120K)->19990K(21120K) NonClass: 17549K(18432K)->17549K(18432K) Class: 2441K(2688K)->2441K(2688K)
[2022-09-05T23:57:31.399+0000][7][gc          ] GC(13) Pause Young (Normal) (G1 Evacuation Pause) 161M->22M(256M) 10.426ms
[2022-09-05T23:57:31.400+0000][7][gc,cpu      ] GC(13) User=0.02s Sys=0.00s Real=0.01s
[2022-09-05T23:57:31.400+0000][7][safepoint   ] Safepoint "G1CollectForAllocation", Time since last: 274636118 ns, Reaching safepoint: 182472 ns, At safepoint: 10963915 ns, Total: 11146387 ns
[2022-09-05T23:57:31.491+0000][7][gc,start    ] GC(14) Pause Young (Concurrent Start) (Metadata GC Threshold)
[2022-09-05T23:57:31.492+0000][7][gc,task     ] GC(14) Using 6 workers of 6 for evacuation
[2022-09-05T23:57:31.492+0000][7][gc,age      ] GC(14) Desired survivor size 10485760 bytes, new threshold 15 (max threshold 15)
[2022-09-05T23:57:31.516+0000][7][gc,age      ] GC(14) Age table with threshold 15 (max threshold 15)
[2022-09-05T23:57:31.517+0000][7][gc,age      ] GC(14) - age   1:     251264 bytes,     251264 total
[2022-09-05T23:57:31.517+0000][7][gc,age      ] GC(14) - age   2:     491888 bytes,     743152 total
[2022-09-05T23:57:31.517+0000][7][gc,age      ] GC(14) - age   3:     546880 bytes,    1290032 total
[2022-09-05T23:57:31.517+0000][7][gc,age      ] GC(14) - age   4:    1443480 bytes,    2733512 total
[2022-09-05T23:57:31.517+0000][7][gc,age      ] GC(14) - age   5:     188520 bytes,    2922032 total
[2022-09-05T23:57:31.518+0000][7][gc,age      ] GC(14) - age   6:     220976 bytes,    3143008 total
[2022-09-05T23:57:31.518+0000][7][gc,age      ] GC(14) - age   7:     222600 bytes,    3365608 total
[2022-09-05T23:57:31.518+0000][7][gc,age      ] GC(14) - age   8:     381400 bytes,    3747008 total
[2022-09-05T23:57:31.518+0000][7][gc,age      ] GC(14) - age   9:    1413008 bytes,    5160016 total
[2022-09-05T23:57:31.518+0000][7][gc,age      ] GC(14) - age  10:    1215416 bytes,    6375432 total
[2022-09-05T23:57:31.518+0000][7][gc,age      ] GC(14) - age  11:    1656808 bytes,    8032240 total
[2022-09-05T23:57:31.519+0000][7][gc,phases   ] GC(14)   Pre Evacuate Collection Set: 0.2ms
[2022-09-05T23:57:31.519+0000][7][gc,phases   ] GC(14)   Merge Heap Roots: 0.1ms
[2022-09-05T23:57:31.519+0000][7][gc,phases   ] GC(14)   Evacuate Collection Set: 21.3ms
[2022-09-05T23:57:31.519+0000][7][gc,phases   ] GC(14)   Post Evacuate Collection Set: 2.8ms
[2022-09-05T23:57:31.519+0000][7][gc,phases   ] GC(14)   Other: 2.9ms
[2022-09-05T23:57:31.519+0000][7][gc,heap     ] GC(14) Eden regions: 27->0(35)
[2022-09-05T23:57:31.519+0000][7][gc,heap     ] GC(14) Survivor regions: 3->3(5)
[2022-09-05T23:57:31.520+0000][7][gc,heap     ] GC(14) Old regions: 3->3
[2022-09-05T23:57:31.520+0000][7][gc,heap     ] GC(14) Archive regions: 2->2
[2022-09-05T23:57:31.520+0000][7][gc,heap     ] GC(14) Humongous regions: 0->0
[2022-09-05T23:57:31.520+0000][7][gc,metaspace] GC(14) Metaspace: 20021K(21296K)->20021K(21296K) NonClass: 17573K(18480K)->17573K(18480K) Class: 2447K(2816K)->2447K(2816K)
[2022-09-05T23:57:31.520+0000][7][gc          ] GC(14) Pause Young (Concurrent Start) (Metadata GC Threshold) 130M->22M(256M) 28.780ms
[2022-09-05T23:57:31.520+0000][7][gc,cpu      ] GC(14) User=0.05s Sys=0.00s Real=0.03s
[2022-09-05T23:57:31.521+0000][7][gc          ] GC(15) Concurrent Cycle
[2022-09-05T23:57:31.521+0000][7][safepoint   ] Safepoint "CollectForMetadataAllocation", Time since last: 91279013 ns, Reaching safepoint: 139873 ns, At safepoint: 29302061 ns, Total: 29441934 ns
[2022-09-05T23:57:31.521+0000][7][gc,marking  ] GC(15) Concurrent Clear Claimed Marks
[2022-09-05T23:57:31.521+0000][7][gc,marking  ] GC(15) Concurrent Clear Claimed Marks 0.318ms
[2022-09-05T23:57:31.521+0000][7][gc,marking  ] GC(15) Concurrent Scan Root Regions
[2022-09-05T23:57:31.523+0000][7][gc,marking  ] GC(15) Concurrent Scan Root Regions 2.021ms
[2022-09-05T23:57:31.523+0000][7][gc,marking  ] GC(15) Concurrent Mark (6.977s)
[2022-09-05T23:57:31.524+0000][7][gc,marking  ] GC(15) Concurrent Mark From Roots
[2022-09-05T23:57:31.524+0000][7][gc,task     ] GC(15) Using 2 workers of 2 for marking
[2022-09-05T23:57:31.533+0000][7][gc,marking  ] GC(15) Concurrent Mark From Roots 9.294ms
[2022-09-05T23:57:31.534+0000][7][gc,marking  ] GC(15) Concurrent Preclean
[2022-09-05T23:57:31.534+0000][7][gc,marking  ] GC(15) Concurrent Preclean 0.236ms
[2022-09-05T23:57:31.534+0000][7][gc,marking  ] GC(15) Concurrent Mark (6.977s, 6.988s) 10.596ms
[2022-09-05T23:57:31.534+0000][7][gc,start    ] GC(15) Pause Remark
[2022-09-05T23:57:31.536+0000][7][gc          ] GC(15) Pause Remark 40M->40M(256M) 1.996ms
[2022-09-05T23:57:31.537+0000][7][gc,cpu      ] GC(15) User=0.01s Sys=0.00s Real=0.00s
[2022-09-05T23:57:31.537+0000][7][safepoint   ] Safepoint "G1Concurrent", Time since last: 13640950 ns, Reaching safepoint: 121177 ns, At safepoint: 2415373 ns, Total: 2536550 ns
[2022-09-05T23:57:31.537+0000][7][gc,marking  ] GC(15) Concurrent Rebuild Remembered Sets
[2022-09-05T23:57:31.540+0000][7][gc,marking  ] GC(15) Concurrent Rebuild Remembered Sets 2.734ms
[2022-09-05T23:57:31.541+0000][7][gc,start    ] GC(15) Pause Cleanup
[2022-09-05T23:57:31.541+0000][7][gc          ] GC(15) Pause Cleanup 46M->46M(256M) 0.514ms
[2022-09-05T23:57:31.541+0000][7][gc,cpu      ] GC(15) User=0.00s Sys=0.00s Real=0.00s
[2022-09-05T23:57:31.542+0000][7][safepoint   ] Safepoint "G1Concurrent", Time since last: 3294012 ns, Reaching safepoint: 653055 ns, At safepoint: 979028 ns, Total: 1632083 ns
[2022-09-05T23:57:31.542+0000][7][gc,marking  ] GC(15) Concurrent Cleanup for Next Mark
[2022-09-05T23:57:31.542+0000][7][gc,marking  ] GC(15) Concurrent Cleanup for Next Mark 0.466ms
[2022-09-05T23:57:31.543+0000][7][gc          ] GC(15) Concurrent Cycle 22.089ms
[2022-09-05T23:57:32.853+0000][7][safepoint   ] Safepoint "Cleanup", Time since last: 1310897892 ns, Reaching safepoint: 211146 ns, At safepoint: 19647 ns, Total: 230793 ns
[2022-09-05T23:57:33.464+0000][7][gc,start    ] GC(16) Pause Young (Normal) (G1 Evacuation Pause)
[2022-09-05T23:57:33.465+0000][7][gc,task     ] GC(16) Using 6 workers of 6 for evacuation
[2022-09-05T23:57:33.466+0000][7][gc,age      ] GC(16) Desired survivor size 10485760 bytes, new threshold 15 (max threshold 15)
[2022-09-05T23:57:33.503+0000][7][gc,age      ] GC(16) Age table with threshold 15 (max threshold 15)
[2022-09-05T23:57:33.504+0000][7][gc,age      ] GC(16) - age   1:    5560560 bytes,    5560560 total
[2022-09-05T23:57:33.504+0000][7][gc,age      ] GC(16) - age   2:     225888 bytes,    5786448 total
[2022-09-05T23:57:33.504+0000][7][gc,age      ] GC(16) - age   3:     491736 bytes,    6278184 total
[2022-09-05T23:57:33.504+0000][7][gc,age      ] GC(16) - age   4:     543832 bytes,    6822016 total
[2022-09-05T23:57:33.504+0000][7][gc,age      ] GC(16) - age   5:    1441664 bytes,    8263680 total
[2022-09-05T23:57:33.504+0000][7][gc,age      ] GC(16) - age   6:     188080 bytes,    8451760 total
[2022-09-05T23:57:33.505+0000][7][gc,age      ] GC(16) - age   7:     220592 bytes,    8672352 total
[2022-09-05T23:57:33.505+0000][7][gc,age      ] GC(16) - age   8:     215648 bytes,    8888000 total
[2022-09-05T23:57:33.505+0000][7][gc,age      ] GC(16) - age   9:     378552 bytes,    9266552 total
[2022-09-05T23:57:33.505+0000][7][gc,age      ] GC(16) - age  10:    1410536 bytes,   10677088 total
[2022-09-05T23:57:33.505+0000][7][gc,age      ] GC(16) - age  11:    1213928 bytes,   11891016 total
[2022-09-05T23:57:33.505+0000][7][gc,age      ] GC(16) - age  12:    1649912 bytes,   13540928 total
[2022-09-05T23:57:33.505+0000][7][gc,phases   ] GC(16)   Pre Evacuate Collection Set: 0.1ms
[2022-09-05T23:57:33.505+0000][7][gc,phases   ] GC(16)   Merge Heap Roots: 0.0ms
[2022-09-05T23:57:33.506+0000][7][gc,phases   ] GC(16)   Evacuate Collection Set: 27.6ms
[2022-09-05T23:57:33.506+0000][7][gc,phases   ] GC(16)   Post Evacuate Collection Set: 9.7ms
[2022-09-05T23:57:33.506+0000][7][gc,phases   ] GC(16)   Other: 3.4ms
[2022-09-05T23:57:33.506+0000][7][gc,heap     ] GC(16) Eden regions: 35->0(34)
[2022-09-05T23:57:33.506+0000][7][gc,heap     ] GC(16) Survivor regions: 3->4(5)
[2022-09-05T23:57:33.506+0000][7][gc,heap     ] GC(16) Old regions: 3->3
[2022-09-05T23:57:33.506+0000][7][gc,heap     ] GC(16) Archive regions: 2->2
[2022-09-05T23:57:33.506+0000][7][gc,heap     ] GC(16) Humongous regions: 0->0
[2022-09-05T23:57:33.507+0000][7][gc,metaspace] GC(16) Metaspace: 29089K(30720K)->29089K(30720K) NonClass: 25444K(26624K)->25444K(26624K) Class: 3645K(4096K)->3645K(4096K)
[2022-09-05T23:57:33.507+0000][7][gc          ] GC(16) Pause Young (Normal) (G1 Evacuation Pause) 162M->27M(256M) 42.172ms
[2022-09-05T23:57:33.507+0000][7][gc,cpu      ] GC(16) User=0.11s Sys=0.00s Real=0.04s
[2022-09-05T23:57:33.507+0000][7][safepoint   ] Safepoint "G1CollectForAllocation", Time since last: 611068467 ns, Reaching safepoint: 501502 ns, At safepoint: 42503756 ns, Total: 43005258 ns
[2022-09-05T23:57:34.070+0000][7][safepoint   ] Safepoint "ICBufferFull", Time since last: 562590259 ns, Reaching safepoint: 301416 ns, At safepoint: 7023 ns, Total: 308439 ns
[2022-09-05T23:57:34.486+0000][7][gc,start    ] GC(17) Pause Young (Normal) (G1 Evacuation Pause)
[2022-09-05T23:57:34.486+0000][7][gc,task     ] GC(17) Using 6 workers of 6 for evacuation
[2022-09-05T23:57:34.486+0000][7][gc,age      ] GC(17) Desired survivor size 10485760 bytes, new threshold 10 (max threshold 15)
[2022-09-05T23:57:34.533+0000][7][gc,age      ] GC(17) Age table with threshold 10 (max threshold 15)
[2022-09-05T23:57:34.534+0000][7][gc,age      ] GC(17) - age   1:   12075944 bytes,   12075944 total
[2022-09-05T23:57:34.534+0000][7][gc,age      ] GC(17) - age   2:    5155248 bytes,   17231192 total
[2022-09-05T23:57:34.534+0000][7][gc,age      ] GC(17) - age   3:     223784 bytes,   17454976 total
[2022-09-05T23:57:34.534+0000][7][gc,age      ] GC(17) - age   4:     491736 bytes,   17946712 total
[2022-09-05T23:57:34.534+0000][7][gc,age      ] GC(17) - age   5:     543832 bytes,   18490544 total
[2022-09-05T23:57:34.534+0000][7][gc,age      ] GC(17) - age   6:    1441664 bytes,   19932208 total
[2022-09-05T23:57:34.535+0000][7][gc,age      ] GC(17) - age   7:     188080 bytes,   20120288 total
[2022-09-05T23:57:34.535+0000][7][gc,age      ] GC(17) - age   8:     220392 bytes,   20340680 total
[2022-09-05T23:57:34.535+0000][7][gc,age      ] GC(17) - age   9:     215648 bytes,   20556328 total
[2022-09-05T23:57:34.535+0000][7][gc,age      ] GC(17) - age  10:     378552 bytes,   20934880 total
[2022-09-05T23:57:34.535+0000][7][gc,phases   ] GC(17)   Pre Evacuate Collection Set: 0.1ms
[2022-09-05T23:57:34.535+0000][7][gc,phases   ] GC(17)   Merge Heap Roots: 0.1ms
[2022-09-05T23:57:34.535+0000][7][gc,phases   ] GC(17)   Evacuate Collection Set: 42.3ms
[2022-09-05T23:57:34.535+0000][7][gc,phases   ] GC(17)   Post Evacuate Collection Set: 4.3ms
[2022-09-05T23:57:34.536+0000][7][gc,phases   ] GC(17)   Other: 2.5ms
[2022-09-05T23:57:34.536+0000][7][gc,heap     ] GC(17) Eden regions: 34->0(33)
[2022-09-05T23:57:34.536+0000][7][gc,heap     ] GC(17) Survivor regions: 4->5(5)
[2022-09-05T23:57:34.536+0000][7][gc,heap     ] GC(17) Old regions: 3->5
[2022-09-05T23:57:34.536+0000][7][gc,heap     ] GC(17) Archive regions: 2->2
[2022-09-05T23:57:34.536+0000][7][gc,heap     ] GC(17) Humongous regions: 0->0
[2022-09-05T23:57:34.536+0000][7][gc,metaspace] GC(17) Metaspace: 30070K(32256K)->30070K(32256K) NonClass: 26310K(27904K)->26310K(27904K) Class: 3760K(4352K)->3760K(4352K)
[2022-09-05T23:57:34.537+0000][7][gc          ] GC(17) Pause Young (Normal) (G1 Evacuation Pause) 163M->43M(256M) 50.762ms
[2022-09-05T23:57:34.537+0000][7][gc,cpu      ] GC(17) User=0.15s Sys=0.00s Real=0.05s
[2022-09-05T23:57:34.537+0000][7][safepoint   ] Safepoint "G1CollectForAllocation", Time since last: 415695462 ns, Reaching safepoint: 256221 ns, At safepoint: 51143321 ns, Total: 51399542 ns
[2022-09-05T23:57:35.317+0000][7][safepoint   ] Safepoint "ICBufferFull", Time since last: 780201588 ns, Reaching safepoint: 286618 ns, At safepoint: 14457 ns, Total: 301075 ns
[2022-09-05T23:57:35.340+0000][7][gc,start    ] GC(18) Pause Young (Concurrent Start) (Metadata GC Threshold)
[2022-09-05T23:57:35.340+0000][7][gc,task     ] GC(18) Using 6 workers of 6 for evacuation
[2022-09-05T23:57:35.341+0000][7][gc,age      ] GC(18) Desired survivor size 10485760 bytes, new threshold 1 (max threshold 15)
[2022-09-05T23:57:35.400+0000][7][gc,age      ] GC(18) Age table with threshold 1 (max threshold 15)
[2022-09-05T23:57:35.400+0000][7][gc,age      ] GC(18) - age   1:   15473608 bytes,   15473608 total
[2022-09-05T23:57:35.401+0000][7][gc,phases   ] GC(18)   Pre Evacuate Collection Set: 0.1ms
[2022-09-05T23:57:35.401+0000][7][gc,phases   ] GC(18)   Merge Heap Roots: 0.2ms
[2022-09-05T23:57:35.401+0000][7][gc,phases   ] GC(18)   Evacuate Collection Set: 55.4ms
[2022-09-05T23:57:35.406+0000][7][gc,phases   ] GC(18)   Post Evacuate Collection Set: 3.3ms
[2022-09-05T23:57:35.407+0000][7][gc,phases   ] GC(18)   Other: 2.0ms
[2022-09-05T23:57:35.408+0000][7][gc,heap     ] GC(18) Eden regions: 29->0(29)
[2022-09-05T23:57:35.408+0000][7][gc,heap     ] GC(18) Survivor regions: 5->5(5)
[2022-09-05T23:57:35.408+0000][7][gc,heap     ] GC(18) Old regions: 5->10
[2022-09-05T23:57:35.408+0000][7][gc,heap     ] GC(18) Archive regions: 2->2
[2022-09-05T23:57:35.408+0000][7][gc,heap     ] GC(18) Humongous regions: 0->0
[2022-09-05T23:57:35.408+0000][7][gc,metaspace] GC(18) Metaspace: 33676K(35920K)->33676K(35920K) NonClass: 29322K(30928K)->29322K(30928K) Class: 4354K(4992K)->4354K(4992K)
[2022-09-05T23:57:35.409+0000][7][gc          ] GC(18) Pause Young (Concurrent Start) (Metadata GC Threshold) 159M->60M(256M) 68.552ms
[2022-09-05T23:57:35.409+0000][7][gc,cpu      ] GC(18) User=0.12s Sys=0.01s Real=0.07s
[2022-09-05T23:57:35.409+0000][7][gc          ] GC(19) Concurrent Cycle
[2022-09-05T23:57:35.409+0000][7][gc,marking  ] GC(19) Concurrent Clear Claimed Marks
[2022-09-05T23:57:35.409+0000][7][gc,marking  ] GC(19) Concurrent Clear Claimed Marks 0.203ms
[2022-09-05T23:57:35.409+0000][7][gc,marking  ] GC(19) Concurrent Scan Root Regions
[2022-09-05T23:57:35.426+0000][7][safepoint   ] Safepoint "CollectForMetadataAllocation", Time since last: 22224569 ns, Reaching safepoint: 248346 ns, At safepoint: 86440983 ns, Total: 86689329 ns
[2022-09-05T23:57:35.427+0000][7][gc,marking  ] GC(19) Concurrent Scan Root Regions 17.406ms
[2022-09-05T23:57:35.427+0000][7][gc,marking  ] GC(19) Concurrent Mark (10.881s)
[2022-09-05T23:57:35.427+0000][7][gc,marking  ] GC(19) Concurrent Mark From Roots
[2022-09-05T23:57:35.428+0000][7][gc,task     ] GC(19) Using 2 workers of 2 for marking
[2022-09-05T23:57:35.451+0000][7][gc,marking  ] GC(19) Concurrent Mark From Roots 24.114ms
[2022-09-05T23:57:35.452+0000][7][gc,marking  ] GC(19) Concurrent Preclean
[2022-09-05T23:57:35.452+0000][7][gc,marking  ] GC(19) Concurrent Preclean 0.269ms
[2022-09-05T23:57:35.453+0000][7][gc,marking  ] GC(19) Concurrent Mark (10.881s, 10.906s) 25.510ms
[2022-09-05T23:57:35.453+0000][7][gc,start    ] GC(19) Pause Remark
[2022-09-05T23:57:35.467+0000][7][gc          ] GC(19) Pause Remark 62M->62M(256M) 13.606ms
[2022-09-05T23:57:35.467+0000][7][gc,cpu      ] GC(19) User=0.04s Sys=0.00s Real=0.02s
[2022-09-05T23:57:35.468+0000][7][safepoint   ] Safepoint "G1Concurrent", Time since last: 26727309 ns, Reaching safepoint: 194745 ns, At safepoint: 14357916 ns, Total: 14552661 ns
[2022-09-05T23:57:35.468+0000][7][gc,marking  ] GC(19) Concurrent Rebuild Remembered Sets
[2022-09-05T23:57:35.494+0000][7][gc,marking  ] GC(19) Concurrent Rebuild Remembered Sets 26.607ms
[2022-09-05T23:57:35.495+0000][7][gc,start    ] GC(19) Pause Cleanup
[2022-09-05T23:57:35.496+0000][7][gc          ] GC(19) Pause Cleanup 64M->64M(256M) 0.341ms
[2022-09-05T23:57:35.496+0000][7][gc,cpu      ] GC(19) User=0.00s Sys=0.00s Real=0.00s
[2022-09-05T23:57:35.496+0000][7][safepoint   ] Safepoint "G1Concurrent", Time since last: 27230002 ns, Reaching safepoint: 530756 ns, At safepoint: 650070 ns, Total: 1180826 ns
[2022-09-05T23:57:35.496+0000][7][gc,marking  ] GC(19) Concurrent Cleanup for Next Mark
[2022-09-05T23:57:35.497+0000][7][gc,marking  ] GC(19) Concurrent Cleanup for Next Mark 0.756ms
[2022-09-05T23:57:35.497+0000][7][gc          ] GC(19) Concurrent Cycle 88.515ms
[2022-09-05T23:57:35.785+0000][7][gc,start    ] GC(20) Pause Young (Normal) (G1 Evacuation Pause)
[2022-09-05T23:57:35.786+0000][7][gc,task     ] GC(20) Using 6 workers of 6 for evacuation
[2022-09-05T23:57:35.786+0000][7][gc,age      ] GC(20) Desired survivor size 10485760 bytes, new threshold 1 (max threshold 15)
[2022-09-05T23:57:35.801+0000][7][gc,age      ] GC(20) Age table with threshold 1 (max threshold 15)
[2022-09-05T23:57:35.801+0000][7][gc,age      ] GC(20) - age   1:    1348816 bytes,    1348816 total
[2022-09-05T23:57:35.801+0000][7][gc,phases   ] GC(20)   Pre Evacuate Collection Set: 0.1ms
[2022-09-05T23:57:35.802+0000][7][gc,phases   ] GC(20)   Merge Heap Roots: 0.1ms
[2022-09-05T23:57:35.803+0000][7][gc,phases   ] GC(20)   Evacuate Collection Set: 13.4ms
[2022-09-05T23:57:35.803+0000][7][gc,phases   ] GC(20)   Post Evacuate Collection Set: 0.9ms
[2022-09-05T23:57:35.803+0000][7][gc,phases   ] GC(20)   Other: 1.6ms
[2022-09-05T23:57:35.803+0000][7][gc,heap     ] GC(20) Eden regions: 29->0(31)
[2022-09-05T23:57:35.803+0000][7][gc,heap     ] GC(20) Survivor regions: 5->1(5)
[2022-09-05T23:57:35.803+0000][7][gc,heap     ] GC(20) Old regions: 10->14
[2022-09-05T23:57:35.803+0000][7][gc,heap     ] GC(20) Archive regions: 2->2
[2022-09-05T23:57:35.804+0000][7][gc,heap     ] GC(20) Humongous regions: 0->0
[2022-09-05T23:57:35.804+0000][7][gc,metaspace] GC(20) Metaspace: 36018K(38480K)->36018K(38480K) NonClass: 31443K(33232K)->31443K(33232K) Class: 4575K(5248K)->4575K(5248K)
[2022-09-05T23:57:35.804+0000][7][gc          ] GC(20) Pause Young (Normal) (G1 Evacuation Pause) 176M->62M(256M) 18.355ms
[2022-09-05T23:57:35.804+0000][7][gc,cpu      ] GC(20) User=0.05s Sys=0.00s Real=0.01s
[2022-09-05T23:57:35.804+0000][7][safepoint   ] Safepoint "G1CollectForAllocation", Time since last: 289162690 ns, Reaching safepoint: 209112 ns, At safepoint: 18686760 ns, Total: 18895872 ns
[2022-09-05T23:57:36.813+0000][7][safepoint   ] Safepoint "Cleanup", Time since last: 1008951862 ns, Reaching safepoint: 251111 ns, At safepoint: 23324 ns, Total: 274435 ns
[2022-09-05T23:57:37.814+0000][7][safepoint   ] Safepoint "Cleanup", Time since last: 1000174330 ns, Reaching safepoint: 154149 ns, At safepoint: 16761 ns, Total: 170910 ns
[2022-09-05T23:57:38.089+0000][7][gc,start    ] GC(21) Pause Young (Normal) (G1 Evacuation Pause)
[2022-09-05T23:57:38.090+0000][7][gc,task     ] GC(21) Using 6 workers of 6 for evacuation
[2022-09-05T23:57:38.090+0000][7][gc,age      ] GC(21) Desired survivor size 8388608 bytes, new threshold 15 (max threshold 15)
[2022-09-05T23:57:38.111+0000][7][gc,age      ] GC(21) Age table with threshold 15 (max threshold 15)
[2022-09-05T23:57:38.111+0000][7][gc,age      ] GC(21) - age   1:    5264392 bytes,    5264392 total
[2022-09-05T23:57:38.111+0000][7][gc,age      ] GC(21) - age   2:    1250056 bytes,    6514448 total
[2022-09-05T23:57:38.112+0000][7][gc,phases   ] GC(21)   Pre Evacuate Collection Set: 0.1ms
[2022-09-05T23:57:38.112+0000][7][gc,phases   ] GC(21)   Merge Heap Roots: 0.0ms
[2022-09-05T23:57:38.112+0000][7][gc,phases   ] GC(21)   Evacuate Collection Set: 19.4ms
[2022-09-05T23:57:38.112+0000][7][gc,phases   ] GC(21)   Post Evacuate Collection Set: 1.2ms
[2022-09-05T23:57:38.112+0000][7][gc,phases   ] GC(21)   Other: 1.6ms
[2022-09-05T23:57:38.112+0000][7][gc,heap     ] GC(21) Eden regions: 31->0(30)
[2022-09-05T23:57:38.113+0000][7][gc,heap     ] GC(21) Survivor regions: 1->2(4)
[2022-09-05T23:57:38.116+0000][7][gc,heap     ] GC(21) Old regions: 14->14
[2022-09-05T23:57:38.117+0000][7][gc,heap     ] GC(21) Archive regions: 2->2
[2022-09-05T23:57:38.118+0000][7][gc,heap     ] GC(21) Humongous regions: 0->0
[2022-09-05T23:57:38.118+0000][7][gc,metaspace] GC(21) Metaspace: 51768K(55120K)->51768K(55120K) NonClass: 44843K(47312K)->44843K(47312K) Class: 6924K(7808K)->6924K(7808K)
[2022-09-05T23:57:38.118+0000][7][gc          ] GC(21) Pause Young (Normal) (G1 Evacuation Pause) 186M->66M(256M) 28.674ms
[2022-09-05T23:57:38.118+0000][7][gc,cpu      ] GC(21) User=0.07s Sys=0.00s Real=0.03s
[2022-09-05T23:57:38.118+0000][7][safepoint   ] Safepoint "G1CollectForAllocation", Time since last: 275240912 ns, Reaching safepoint: 263595 ns, At safepoint: 28999373 ns, Total: 29262968 ns
[2022-09-05T23:57:38.427+0000][7][safepoint   ] Safepoint "ICBufferFull", Time since last: 308420541 ns, Reaching safepoint: 281628 ns, At safepoint: 7425 ns, Total: 289053 ns
[2022-09-05T23:57:38.684+0000][7][gc,start    ] GC(22) Pause Young (Concurrent Start) (Metadata GC Threshold)
[2022-09-05T23:57:38.685+0000][7][gc,task     ] GC(22) Using 6 workers of 6 for evacuation
[2022-09-05T23:57:38.685+0000][7][gc,age      ] GC(22) Desired survivor size 8388608 bytes, new threshold 15 (max threshold 15)
[2022-09-05T23:57:38.704+0000][7][gc,age      ] GC(22) Age table with threshold 15 (max threshold 15)
[2022-09-05T23:57:38.705+0000][7][gc,age      ] GC(22) - age   1:    2390336 bytes,    2390336 total
[2022-09-05T23:57:38.705+0000][7][gc,age      ] GC(22) - age   2:    5093976 bytes,    7484312 total
[2022-09-05T23:57:38.705+0000][7][gc,age      ] GC(22) - age   3:    1249816 bytes,    8734128 total
[2022-09-05T23:57:38.705+0000][7][gc,phases   ] GC(22)   Pre Evacuate Collection Set: 0.1ms
[2022-09-05T23:57:38.706+0000][7][gc,phases   ] GC(22)   Merge Heap Roots: 0.1ms
[2022-09-05T23:57:38.706+0000][7][gc,phases   ] GC(22)   Evacuate Collection Set: 10.5ms
[2022-09-05T23:57:38.706+0000][7][gc,phases   ] GC(22)   Post Evacuate Collection Set: 8.5ms
[2022-09-05T23:57:38.706+0000][7][gc,phases   ] GC(22)   Other: 2.0ms
[2022-09-05T23:57:38.706+0000][7][gc,heap     ] GC(22) Eden regions: 19->0(30)
[2022-09-05T23:57:38.706+0000][7][gc,heap     ] GC(22) Survivor regions: 2->3(4)
[2022-09-05T23:57:38.707+0000][7][gc,heap     ] GC(22) Old regions: 14->14
[2022-09-05T23:57:38.707+0000][7][gc,heap     ] GC(22) Archive regions: 2->2
[2022-09-05T23:57:38.707+0000][7][gc,heap     ] GC(22) Humongous regions: 0->0
[2022-09-05T23:57:38.707+0000][7][gc,metaspace] GC(22) Metaspace: 56771K(60296K)->56771K(60296K) NonClass: 49314K(51848K)->49314K(51848K) Class: 7456K(8448K)->7456K(8448K)
[2022-09-05T23:57:38.707+0000][7][gc          ] GC(22) Pause Young (Concurrent Start) (Metadata GC Threshold) 142M->68M(256M) 22.967ms
[2022-09-05T23:57:38.707+0000][7][gc,cpu      ] GC(22) User=0.04s Sys=0.00s Real=0.02s
[2022-09-05T23:57:38.708+0000][7][safepoint   ] Safepoint "CollectForMetadataAllocation", Time since last: 257022351 ns, Reaching safepoint: 223029 ns, At safepoint: 23989140 ns, Total: 24212169 ns
[2022-09-05T23:57:38.708+0000][7][gc          ] GC(23) Concurrent Cycle
[2022-09-05T23:57:38.710+0000][7][gc,marking  ] GC(23) Concurrent Clear Claimed Marks
[2022-09-05T23:57:38.711+0000][7][gc,marking  ] GC(23) Concurrent Clear Claimed Marks 0.845ms
[2022-09-05T23:57:38.711+0000][7][gc,marking  ] GC(23) Concurrent Scan Root Regions
[2022-09-05T23:57:38.717+0000][7][gc,marking  ] GC(23) Concurrent Scan Root Regions 6.465ms
[2022-09-05T23:57:38.718+0000][7][gc,marking  ] GC(23) Concurrent Mark (14.171s)
[2022-09-05T23:57:38.718+0000][7][gc,marking  ] GC(23) Concurrent Mark From Roots
[2022-09-05T23:57:38.718+0000][7][gc,task     ] GC(23) Using 2 workers of 2 for marking
[2022-09-05T23:57:38.744+0000][7][safepoint   ] Safepoint "CollectForMetadataAllocation", Time since last: 35363666 ns, Reaching safepoint: 247475 ns, At safepoint: 107291 ns, Total: 354766 ns
[2022-09-05T23:57:38.771+0000][7][gc,marking  ] GC(23) Concurrent Mark From Roots 53.207ms
[2022-09-05T23:57:38.771+0000][7][gc,marking  ] GC(23) Concurrent Preclean
[2022-09-05T23:57:38.772+0000][7][gc,marking  ] GC(23) Concurrent Preclean 0.380ms
[2022-09-05T23:57:38.772+0000][7][gc,marking  ] GC(23) Concurrent Mark (14.171s, 14.226s) 54.250ms
[2022-09-05T23:57:38.772+0000][7][gc,start    ] GC(23) Pause Remark
[2022-09-05T23:57:38.777+0000][7][gc          ] GC(23) Pause Remark 71M->71M(256M) 5.187ms
[2022-09-05T23:57:38.778+0000][7][gc,cpu      ] GC(23) User=0.02s Sys=0.00s Real=0.01s
[2022-09-05T23:57:38.778+0000][7][safepoint   ] Safepoint "G1Concurrent", Time since last: 28236562 ns, Reaching safepoint: 95289 ns, At safepoint: 5745823 ns, Total: 5841112 ns
[2022-09-05T23:57:38.778+0000][7][gc,marking  ] GC(23) Concurrent Rebuild Remembered Sets
[2022-09-05T23:57:38.807+0000][7][gc,marking  ] GC(23) Concurrent Rebuild Remembered Sets 29.154ms
[2022-09-05T23:57:38.810+0000][7][gc,start    ] GC(23) Pause Cleanup
[2022-09-05T23:57:38.810+0000][7][gc          ] GC(23) Pause Cleanup 71M->71M(256M) 0.511ms
[2022-09-05T23:57:38.810+0000][7][gc,cpu      ] GC(23) User=0.00s Sys=0.00s Real=0.00s
[2022-09-05T23:57:38.810+0000][7][safepoint   ] Safepoint "G1Concurrent", Time since last: 30875003 ns, Reaching safepoint: 735470 ns, At safepoint: 926769 ns, Total: 1662239 ns
[2022-09-05T23:57:38.811+0000][7][gc,marking  ] GC(23) Concurrent Cleanup for Next Mark
[2022-09-05T23:57:38.811+0000][7][gc,marking  ] GC(23) Concurrent Cleanup for Next Mark 0.462ms
[2022-09-05T23:57:38.811+0000][7][gc          ] GC(23) Concurrent Cycle 103.293ms
[2022-09-05T23:57:39.812+0000][7][safepoint   ] Safepoint "Cleanup", Time since last: 1000200469 ns, Reaching safepoint: 966844 ns, At safepoint: 45936 ns, Total: 1012780 ns
[2022-09-05T23:57:40.813+0000][7][safepoint   ] Safepoint "Cleanup", Time since last: 1000784566 ns, Reaching safepoint: 911610 ns, At safepoint: 11892 ns, Total: 923502 ns
[2022-09-05T23:57:40.865+0000][7][gc,start    ] GC(24) Pause Young (Concurrent Start) (G1 Evacuation Pause)
[2022-09-05T23:57:40.865+0000][7][gc,task     ] GC(24) Using 6 workers of 6 for evacuation
[2022-09-05T23:57:40.865+0000][7][gc,age      ] GC(24) Desired survivor size 10485760 bytes, new threshold 15 (max threshold 15)
[2022-09-05T23:57:40.889+0000][7][gc,age      ] GC(24) Age table with threshold 15 (max threshold 15)
[2022-09-05T23:57:40.889+0000][7][gc,age      ] GC(24) - age   1:    6903032 bytes,    6903032 total
[2022-09-05T23:57:40.889+0000][7][gc,age      ] GC(24) - age   2:    2331912 bytes,    9234944 total
[2022-09-05T23:57:40.890+0000][7][gc,age      ] GC(24) - age   3:    5065872 bytes,   14300816 total
[2022-09-05T23:57:40.890+0000][7][gc,age      ] GC(24) - age   4:    1247632 bytes,   15548448 total
[2022-09-05T23:57:40.890+0000][7][gc,phases   ] GC(24)   Pre Evacuate Collection Set: 0.2ms
[2022-09-05T23:57:40.890+0000][7][gc,phases   ] GC(24)   Merge Heap Roots: 0.1ms
[2022-09-05T23:57:40.890+0000][7][gc,phases   ] GC(24)   Evacuate Collection Set: 20.3ms
[2022-09-05T23:57:40.890+0000][7][gc,phases   ] GC(24)   Post Evacuate Collection Set: 2.6ms
[2022-09-05T23:57:40.891+0000][7][gc,phases   ] GC(24)   Other: 1.8ms
[2022-09-05T23:57:40.892+0000][7][gc,heap     ] GC(24) Eden regions: 30->0(29)
[2022-09-05T23:57:40.892+0000][7][gc,heap     ] GC(24) Survivor regions: 3->4(5)
[2022-09-05T23:57:40.892+0000][7][gc,heap     ] GC(24) Old regions: 14->14
[2022-09-05T23:57:40.893+0000][7][gc,heap     ] GC(24) Archive regions: 2->2
[2022-09-05T23:57:40.893+0000][7][gc,heap     ] GC(24) Humongous regions: 0->0
[2022-09-05T23:57:40.893+0000][7][gc,metaspace] GC(24) Metaspace: 74749K(78344K)->74749K(78344K) NonClass: 64699K(67208K)->64699K(67208K) Class: 10050K(11136K)->10050K(11136K)
[2022-09-05T23:57:40.893+0000][7][gc          ] GC(24) Pause Young (Concurrent Start) (G1 Evacuation Pause) 188M->75M(256M) 28.169ms
[2022-09-05T23:57:40.893+0000][7][gc,cpu      ] GC(24) User=0.06s Sys=0.01s Real=0.02s
[2022-09-05T23:57:40.893+0000][7][safepoint   ] Safepoint "G1CollectForAllocation", Time since last: 51164651 ns, Reaching safepoint: 289974 ns, At safepoint: 28567092 ns, Total: 28857066 ns
[2022-09-05T23:57:40.893+0000][7][gc          ] GC(25) Concurrent Cycle
[2022-09-05T23:57:40.899+0000][7][gc,marking  ] GC(25) Concurrent Clear Claimed Marks
[2022-09-05T23:57:40.899+0000][7][gc,marking  ] GC(25) Concurrent Clear Claimed Marks 0.272ms
[2022-09-05T23:57:40.899+0000][7][gc,marking  ] GC(25) Concurrent Scan Root Regions
[2022-09-05T23:57:40.911+0000][7][gc,marking  ] GC(25) Concurrent Scan Root Regions 11.980ms
[2022-09-05T23:57:40.911+0000][7][gc,marking  ] GC(25) Concurrent Mark (16.365s)
[2022-09-05T23:57:40.912+0000][7][gc,marking  ] GC(25) Concurrent Mark From Roots
[2022-09-05T23:57:40.912+0000][7][gc,task     ] GC(25) Using 2 workers of 2 for marking
[2022-09-05T23:57:40.975+0000][7][gc,marking  ] GC(25) Concurrent Mark From Roots 63.342ms
[2022-09-05T23:57:40.975+0000][7][gc,marking  ] GC(25) Concurrent Preclean
[2022-09-05T23:57:40.976+0000][7][gc,marking  ] GC(25) Concurrent Preclean 0.533ms
[2022-09-05T23:57:40.976+0000][7][gc,marking  ] GC(25) Concurrent Mark (16.365s, 16.430s) 64.788ms
[2022-09-05T23:57:40.978+0000][7][gc,start    ] GC(25) Pause Remark
[2022-09-05T23:57:40.984+0000][7][gc          ] GC(25) Pause Remark 81M->81M(256M) 6.390ms
[2022-09-05T23:57:40.985+0000][7][gc,cpu      ] GC(25) User=0.02s Sys=0.00s Real=0.01s
[2022-09-05T23:57:40.985+0000][7][safepoint   ] Safepoint "G1Concurrent", Time since last: 84310995 ns, Reaching safepoint: 228349 ns, At safepoint: 6929505 ns, Total: 7157854 ns
[2022-09-05T23:57:40.988+0000][7][gc,marking  ] GC(25) Concurrent Rebuild Remembered Sets
[2022-09-05T23:57:41.010+0000][7][gc,marking  ] GC(25) Concurrent Rebuild Remembered Sets 22.083ms
[2022-09-05T23:57:41.010+0000][7][gc,start    ] GC(25) Pause Cleanup
[2022-09-05T23:57:41.011+0000][7][gc          ] GC(25) Pause Cleanup 81M->81M(256M) 0.369ms
[2022-09-05T23:57:41.012+0000][7][gc,cpu      ] GC(25) User=0.00s Sys=0.00s Real=0.00s
[2022-09-05T23:57:41.013+0000][7][safepoint   ] Safepoint "G1Concurrent", Time since last: 25154417 ns, Reaching safepoint: 364724 ns, At safepoint: 2481046 ns, Total: 2845770 ns
[2022-09-05T23:57:41.013+0000][7][gc,marking  ] GC(25) Concurrent Cleanup for Next Mark
[2022-09-05T23:57:41.024+0000][7][gc,marking  ] GC(25) Concurrent Cleanup for Next Mark 10.310ms
[2022-09-05T23:57:41.027+0000][7][gc          ] GC(25) Concurrent Cycle 133.784ms
[2022-09-05T23:57:42.013+0000][7][safepoint   ] Safepoint "Cleanup", Time since last: 1000164361 ns, Reaching safepoint: 283763 ns, At safepoint: 2505 ns, Total: 286268 ns
[2022-09-05T23:57:42.985+0000][7][safepoint   ] Safepoint "ICBufferFull", Time since last: 970321364 ns, Reaching safepoint: 1646620 ns, At safepoint: 33644 ns, Total: 1680264 ns
[2022-09-05T23:57:43.987+0000][7][safepoint   ] Safepoint "Cleanup", Time since last: 1000190049 ns, Reaching safepoint: 984668 ns, At safepoint: 26780 ns, Total: 1011448 ns
[2022-09-05T23:57:44.992+0000][7][safepoint   ] Safepoint "Cleanup", Time since last: 1001030586 ns, Reaching safepoint: 4354783 ns, At safepoint: 54462 ns, Total: 4409245 ns
[2022-09-05T23:57:45.994+0000][7][safepoint   ] Safepoint "Cleanup", Time since last: 1001825979 ns, Reaching safepoint: 493517 ns, At safepoint: 5771 ns, Total: 499288 ns
[2022-09-05T23:57:46.986+0000][7][safepoint   ] Safepoint "Cleanup", Time since last: 1001259015 ns, Reaching safepoint: 175579 ns, At safepoint: 5030 ns, Total: 180609 ns
[2022-09-05T23:57:48.987+0000][7][safepoint   ] Safepoint "Cleanup", Time since last: 2000771092 ns, Reaching safepoint: 220123 ns, At safepoint: 11171 ns, Total: 231294 ns
[2022-09-05T23:57:49.988+0000][7][safepoint   ] Safepoint "Cleanup", Time since last: 1000435489 ns, Reaching safepoint: 130926 ns, At safepoint: 10059 ns, Total: 140985 ns
[2022-09-05T23:57:51.343+0000][7][safepoint   ] Safepoint "Cleanup", Time since last: 1355157464 ns, Reaching safepoint: 219362 ns, At safepoint: 8395 ns, Total: 227757 ns
[2022-09-05T23:57:53.344+0000][7][safepoint   ] Safepoint "Cleanup", Time since last: 2000670093 ns, Reaching safepoint: 222929 ns, At safepoint: 5941 ns, Total: 228870 ns
[2022-09-05T23:57:54.345+0000][7][safepoint   ] Safepoint "Cleanup", Time since last: 1000697681 ns, Reaching safepoint: 178756 ns, At safepoint: 29606 ns, Total: 208362 ns
[2022-09-05T23:57:55.354+0000][7][safepoint   ] Safepoint "Cleanup", Time since last: 1008837056 ns, Reaching safepoint: 99647 ns, At safepoint: 5751 ns, Total: 105398 ns
[2022-09-05T23:57:55.906+0000][7][gc,start    ] GC(26) Pause Young (Normal) (G1 Evacuation Pause)
[2022-09-05T23:57:55.907+0000][7][gc,task     ] GC(26) Using 6 workers of 6 for evacuation
[2022-09-05T23:57:55.907+0000][7][gc,age      ] GC(26) Desired survivor size 10485760 bytes, new threshold 3 (max threshold 15)
[2022-09-05T23:57:55.940+0000][7][gc,age      ] GC(26) Age table with threshold 3 (max threshold 15)
[2022-09-05T23:57:55.940+0000][7][gc,age      ] GC(26) - age   1:    6434608 bytes,    6434608 total
[2022-09-05T23:57:55.940+0000][7][gc,age      ] GC(26) - age   2:    6343048 bytes,   12777656 total
[2022-09-05T23:57:55.941+0000][7][gc,age      ] GC(26) - age   3:    2318672 bytes,   15096328 total
[2022-09-05T23:57:55.941+0000][7][gc,phases   ] GC(26)   Pre Evacuate Collection Set: 0.1ms
[2022-09-05T23:57:55.941+0000][7][gc,phases   ] GC(26)   Merge Heap Roots: 0.1ms
[2022-09-05T23:57:55.941+0000][7][gc,phases   ] GC(26)   Evacuate Collection Set: 26.8ms
[2022-09-05T23:57:55.941+0000][7][gc,phases   ] GC(26)   Post Evacuate Collection Set: 6.1ms
[2022-09-05T23:57:55.941+0000][7][gc,phases   ] GC(26)   Other: 1.5ms
[2022-09-05T23:57:55.941+0000][7][gc,heap     ] GC(26) Eden regions: 29->0(26)
[2022-09-05T23:57:55.942+0000][7][gc,heap     ] GC(26) Survivor regions: 4->4(5)
[2022-09-05T23:57:55.942+0000][7][gc,heap     ] GC(26) Old regions: 14->16
[2022-09-05T23:57:55.942+0000][7][gc,heap     ] GC(26) Archive regions: 2->2
[2022-09-05T23:57:55.942+0000][7][gc,heap     ] GC(26) Humongous regions: 2->2
[2022-09-05T23:57:55.942+0000][7][gc,metaspace] GC(26) Metaspace: 91161K(95240K)->91161K(95240K) NonClass: 78837K(81800K)->78837K(81800K) Class: 12323K(13440K)->12323K(13440K)
[2022-09-05T23:57:55.942+0000][7][gc          ] GC(26) Pause Young (Normal) (G1 Evacuation Pause) 199M->89M(256M) 35.940ms
[2022-09-05T23:57:55.942+0000][7][gc,cpu      ] GC(26) User=0.06s Sys=0.00s Real=0.03s
[2022-09-05T23:57:55.943+0000][7][safepoint   ] Safepoint "G1CollectForAllocation", Time since last: 552175424 ns, Reaching safepoint: 178825 ns, At safepoint: 36429056 ns, Total: 36607881 ns
[2022-09-05T23:57:56.962+0000][7][safepoint   ] Safepoint "Cleanup", Time since last: 1019342212 ns, Reaching safepoint: 248697 ns, At safepoint: 25478 ns, Total: 274175 ns
[2022-09-05T23:58:00.964+0000][7][safepoint   ] Safepoint "Cleanup", Time since last: 4000995618 ns, Reaching safepoint: 278243 ns, At safepoint: 38752 ns, Total: 316995 ns
[2022-09-05T23:58:01.965+0000][7][safepoint   ] Safepoint "Cleanup", Time since last: 1000750200 ns, Reaching safepoint: 360808 ns, At safepoint: 61745 ns, Total: 422553 ns
[2022-09-05T23:58:05.967+0000][7][safepoint   ] Safepoint "Cleanup", Time since last: 4002290689 ns, Reaching safepoint: 270107 ns, At safepoint: 44574 ns, Total: 314681 ns
[2022-09-05T23:58:06.969+0000][7][safepoint   ] Safepoint "Cleanup", Time since last: 1000785817 ns, Reaching safepoint: 305734 ns, At safepoint: 11401 ns, Total: 317135 ns
[2022-09-05T23:58:07.970+0000][7][safepoint   ] Safepoint "Cleanup", Time since last: 1000979380 ns, Reaching safepoint: 599846 ns, At safepoint: 56055 ns, Total: 655901 ns
[2022-09-05T23:58:09.972+0000][7][safepoint   ] Safepoint "Cleanup", Time since last: 2000932656 ns, Reaching safepoint: 467107 ns, At safepoint: 70292 ns, Total: 537399 ns
[2022-09-05T23:58:10.973+0000][7][safepoint   ] Safepoint "Cleanup", Time since last: 1000909619 ns, Reaching safepoint: 429486 ns, At safepoint: 59601 ns, Total: 489087 ns
[2022-09-05T23:58:11.974+0000][7][safepoint   ] Safepoint "Cleanup", Time since last: 1000902377 ns, Reaching safepoint: 346029 ns, At safepoint: 16571 ns, Total: 362600 ns
[2022-09-05T23:58:13.976+0000][7][safepoint   ] Safepoint "Cleanup", Time since last: 2001107213 ns, Reaching safepoint: 320221 ns, At safepoint: 6362 ns, Total: 326583 ns
[2022-09-05T23:58:14.977+0000][7][safepoint   ] Safepoint "Cleanup", Time since last: 1000479412 ns, Reaching safepoint: 475112 ns, At safepoint: 14507 ns, Total: 489619 ns
[2022-09-05T23:58:15.978+0000][7][safepoint   ] Safepoint "Cleanup", Time since last: 1001082694 ns, Reaching safepoint: 358984 ns, At safepoint: 38272 ns, Total: 397256 ns
[2022-09-05T23:58:16.990+0000][7][safepoint   ] Safepoint "Cleanup", Time since last: 1002248452 ns, Reaching safepoint: 252263 ns, At safepoint: 55374 ns, Total: 307637 ns
[2022-09-05T23:58:17.991+0000][7][safepoint   ] Safepoint "Cleanup", Time since last: 1000775477 ns, Reaching safepoint: 280527 ns, At safepoint: 11311 ns, Total: 291838 ns
[2022-09-05T23:58:18.992+0000][7][safepoint   ] Safepoint "Cleanup", Time since last: 1000713501 ns, Reaching safepoint: 287210 ns, At safepoint: 32280 ns, Total: 319490 ns
[2022-09-05T23:58:21.994+0000][7][safepoint   ] Safepoint "Cleanup", Time since last: 3001239293 ns, Reaching safepoint: 218200 ns, At safepoint: 33633 ns, Total: 251833 ns
[2022-09-05T23:58:25.995+0000][7][safepoint   ] Safepoint "Cleanup", Time since last: 4000939513 ns, Reaching safepoint: 419989 ns, At safepoint: 22632 ns, Total: 442621 ns
[2022-09-05T23:58:26.998+0000][7][safepoint   ] Safepoint "Cleanup", Time since last: 1002694128 ns, Reaching safepoint: 503275 ns, At safepoint: 63268 ns, Total: 566543 ns
[2022-09-05T23:58:29.000+0000][7][safepoint   ] Safepoint "Cleanup", Time since last: 2001173878 ns, Reaching safepoint: 267803 ns, At safepoint: 6903 ns, Total: 274706 ns
[2022-09-05T23:58:30.001+0000][7][safepoint   ] Safepoint "Cleanup", Time since last: 1000801717 ns, Reaching safepoint: 237085 ns, At safepoint: 7594 ns, Total: 244679 ns
[2022-09-05T23:58:32.002+0000][7][safepoint   ] Safepoint "Cleanup", Time since last: 2000887431 ns, Reaching safepoint: 407635 ns, At safepoint: 63749 ns, Total: 471384 ns
[2022-09-05T23:58:33.003+0000][7][safepoint   ] Safepoint "Cleanup", Time since last: 1000744110 ns, Reaching safepoint: 236553 ns, At safepoint: 11412 ns, Total: 247965 ns
[2022-09-05T23:58:35.004+0000][7][safepoint   ] Safepoint "Cleanup", Time since last: 2000830884 ns, Reaching safepoint: 339767 ns, At safepoint: 7905 ns, Total: 347672 ns
[2022-09-05T23:58:36.005+0000][7][safepoint   ] Safepoint "Cleanup", Time since last: 1000642389 ns, Reaching safepoint: 253616 ns, At safepoint: 8956 ns, Total: 262572 ns
[2022-09-05T23:58:37.007+0000][7][safepoint   ] Safepoint "Cleanup", Time since last: 1000886817 ns, Reaching safepoint: 343284 ns, At safepoint: 13966 ns, Total: 357250 ns
[2022-09-05T23:58:38.008+0000][7][safepoint   ] Safepoint "Cleanup", Time since last: 1000834749 ns, Reaching safepoint: 230683 ns, At safepoint: 3517 ns, Total: 234200 ns
[2022-09-05T23:58:39.009+0000][7][safepoint   ] Safepoint "Cleanup", Time since last: 1000816595 ns, Reaching safepoint: 317335 ns, At safepoint: 36970 ns, Total: 354305 ns
[2022-09-05T23:58:44.011+0000][7][safepoint   ] Safepoint "Cleanup", Time since last: 5002073674 ns, Reaching safepoint: 348984 ns, At safepoint: 67858 ns, Total: 416842 ns
[2022-09-05T23:58:45.012+0000][7][safepoint   ] Safepoint "Cleanup", Time since last: 1000302630 ns, Reaching safepoint: 207670 ns, At safepoint: 7885 ns, Total: 215555 ns
[2022-09-05T23:58:46.013+0000][7][safepoint   ] Safepoint "Cleanup", Time since last: 1000845298 ns, Reaching safepoint: 366378 ns, At safepoint: 60233 ns, Total: 426611 ns
[2022-09-05T23:58:47.014+0000][7][safepoint   ] Safepoint "Cleanup", Time since last: 1000736705 ns, Reaching safepoint: 328436 ns, At safepoint: 62147 ns, Total: 390583 ns
[2022-09-05T23:58:50.016+0000][7][safepoint   ] Safepoint "Cleanup", Time since last: 3001090103 ns, Reaching safepoint: 371758 ns, At safepoint: 6652 ns, Total: 378410 ns
[2022-09-05T23:58:51.017+0000][7][safepoint   ] Safepoint "Cleanup", Time since last: 1000935488 ns, Reaching safepoint: 308369 ns, At safepoint: 13014 ns, Total: 321383 ns
[2022-09-05T23:58:56.019+0000][7][safepoint   ] Safepoint "Cleanup", Time since last: 5001412714 ns, Reaching safepoint: 484068 ns, At safepoint: 67907 ns, Total: 551975 ns
[2022-09-05T23:58:57.020+0000][7][safepoint   ] Safepoint "Cleanup", Time since last: 1000353076 ns, Reaching safepoint: 217137 ns, At safepoint: 4268 ns, Total: 221405 ns
[2022-09-05T23:59:02.023+0000][7][safepoint   ] Safepoint "Cleanup", Time since last: 5002836917 ns, Reaching safepoint: 549361 ns, At safepoint: 76603 ns, Total: 625964 ns
[2022-09-05T23:59:04.025+0000][7][safepoint   ] Safepoint "Cleanup", Time since last: 2001114888 ns, Reaching safepoint: 414167 ns, At safepoint: 66224 ns, Total: 480391 ns
[2022-09-05T23:59:06.026+0000][7][safepoint   ] Safepoint "Cleanup", Time since last: 2000957522 ns, Reaching safepoint: 322616 ns, At safepoint: 38722 ns, Total: 361338 ns
[2022-09-05T23:59:07.027+0000][7][safepoint   ] Safepoint "Cleanup", Time since last: 1000892788 ns, Reaching safepoint: 428043 ns, At safepoint: 60925 ns, Total: 488968 ns
[2022-09-05T23:59:11.029+0000][7][safepoint   ] Safepoint "Cleanup", Time since last: 4001241880 ns, Reaching safepoint: 317576 ns, At safepoint: 52098 ns, Total: 369674 ns
[2022-09-05T23:59:12.030+0000][7][safepoint   ] Safepoint "Cleanup", Time since last: 1000825732 ns, Reaching safepoint: 391515 ns, At safepoint: 44253 ns, Total: 435768 ns
[2022-09-05T23:59:14.032+0000][7][safepoint   ] Safepoint "Cleanup", Time since last: 2001061768 ns, Reaching safepoint: 303399 ns, At safepoint: 38883 ns, Total: 342282 ns
[2022-09-05T23:59:15.032+0000][7][safepoint   ] Safepoint "Cleanup", Time since last: 1000444777 ns, Reaching safepoint: 317326 ns, At safepoint: 15459 ns, Total: 332785 ns
[2022-09-05T23:59:16.034+0000][7][safepoint   ] Safepoint "Cleanup", Time since last: 1001258494 ns, Reaching safepoint: 646112 ns, At safepoint: 66245 ns, Total: 712357 ns
[2022-09-05T23:59:17.036+0000][7][safepoint   ] Safepoint "Cleanup", Time since last: 1000814330 ns, Reaching safepoint: 332344 ns, At safepoint: 45766 ns, Total: 378110 ns
[2022-09-05T23:59:21.038+0000][7][safepoint   ] Safepoint "Cleanup", Time since last: 4001855392 ns, Reaching safepoint: 385894 ns, At safepoint: 56566 ns, Total: 442460 ns
[2022-09-05T23:59:22.039+0000][7][safepoint   ] Safepoint "Cleanup", Time since last: 1000955375 ns, Reaching safepoint: 512863 ns, At safepoint: 71705 ns, Total: 584568 ns
[2022-09-05T23:59:23.041+0000][7][safepoint   ] Safepoint "Cleanup", Time since last: 1001046787 ns, Reaching safepoint: 351740 ns, At safepoint: 7994 ns, Total: 359734 ns
[2022-09-05T23:59:24.042+0000][7][safepoint   ] Safepoint "Cleanup", Time since last: 1000884243 ns, Reaching safepoint: 344216 ns, At safepoint: 13295 ns, Total: 357511 ns
[2022-09-05T23:59:25.044+0000][7][safepoint   ] Safepoint "Cleanup", Time since last: 1001094856 ns, Reaching safepoint: 655200 ns, At safepoint: 62488 ns, Total: 717688 ns
[2022-09-05T23:59:26.045+0000][7][safepoint   ] Safepoint "Cleanup", Time since last: 1000775126 ns, Reaching safepoint: 319140 ns, At safepoint: 104646 ns, Total: 423786 ns
[2022-09-05T23:59:27.046+0000][7][safepoint   ] Safepoint "Cleanup", Time since last: 1000856730 ns, Reaching safepoint: 248657 ns, At safepoint: 32361 ns, Total: 281018 ns
[2022-09-05T23:59:36.048+0000][7][safepoint   ] Safepoint "Cleanup", Time since last: 9001944621 ns, Reaching safepoint: 301506 ns, At safepoint: 18565 ns, Total: 320071 ns
[2022-09-05T23:59:42.051+0000][7][safepoint   ] Safepoint "Cleanup", Time since last: 6001902746 ns, Reaching safepoint: 366087 ns, At safepoint: 51416 ns, Total: 417503 ns
[2022-09-05T23:59:44.052+0000][7][safepoint   ] Safepoint "Cleanup", Time since last: 2000921004 ns, Reaching safepoint: 227166 ns, At safepoint: 7845 ns, Total: 235011 ns
[2022-09-05T23:59:45.053+0000][7][safepoint   ] Safepoint "Cleanup", Time since last: 1000977547 ns, Reaching safepoint: 457348 ns, At safepoint: 73639 ns, Total: 530987 ns
[2022-09-05T23:59:46.054+0000][7][safepoint   ] Safepoint "Cleanup", Time since last: 1000937039 ns, Reaching safepoint: 398128 ns, At safepoint: 63389 ns, Total: 461517 ns
[2022-09-05T23:59:47.056+0000][7][safepoint   ] Safepoint "Cleanup", Time since last: 1001000099 ns, Reaching safepoint: 341902 ns, At safepoint: 42470 ns, Total: 384372 ns
[2022-09-05T23:59:51.058+0000][7][safepoint   ] Safepoint "Cleanup", Time since last: 4001386902 ns, Reaching safepoint: 319199 ns, At safepoint: 50194 ns, Total: 369393 ns
[2022-09-05T23:59:56.060+0000][7][safepoint   ] Safepoint "Cleanup", Time since last: 5002381322 ns, Reaching safepoint: 258084 ns, At safepoint: 11562 ns, Total: 269646 ns
[2022-09-05T23:59:57.062+0000][7][safepoint   ] Safepoint "Cleanup", Time since last: 1001071103 ns, Reaching safepoint: 473899 ns, At safepoint: 5701 ns, Total: 479600 ns
[2022-09-05T23:59:59.063+0000][7][safepoint   ] Safepoint "Cleanup", Time since last: 2001124515 ns, Reaching safepoint: 258535 ns, At safepoint: 4899 ns, Total: 263434 ns
[2022-09-06T00:00:02.066+0000][7][safepoint   ] Safepoint "Cleanup", Time since last: 3002076144 ns, Reaching safepoint: 280226 ns, At safepoint: 44092 ns, Total: 324318 ns
[2022-09-06T00:00:03.066+0000][7][safepoint   ] Safepoint "Cleanup", Time since last: 1000308352 ns, Reaching safepoint: 297628 ns, At safepoint: 16220 ns, Total: 313848 ns
[2022-09-06T00:00:06.068+0000][7][safepoint   ] Safepoint "Cleanup", Time since last: 3001172829 ns, Reaching safepoint: 585489 ns, At safepoint: 67406 ns, Total: 652895 ns
[2022-09-06T00:00:08.070+0000][7][safepoint   ] Safepoint "Cleanup", Time since last: 2001077067 ns, Reaching safepoint: 391093 ns, At safepoint: 80351 ns, Total: 471444 ns
[2022-09-06T00:00:12.071+0000][7][safepoint   ] Safepoint "Cleanup", Time since last: 4001381964 ns, Reaching safepoint: 451036 ns, At safepoint: 5931 ns, Total: 456967 ns
[2022-09-06T00:00:14.073+0000][7][safepoint   ] Safepoint "Cleanup", Time since last: 2001343957 ns, Reaching safepoint: 493637 ns, At safepoint: 146986 ns, Total: 640623 ns
[2022-09-06T00:00:16.078+0000][7][safepoint   ] Safepoint "Cleanup", Time since last: 2003379937 ns, Reaching safepoint: 338666 ns, At safepoint: 7333 ns, Total: 345999 ns
[2022-09-06T00:00:21.080+0000][7][safepoint   ] Safepoint "Cleanup", Time since last: 5001711865 ns, Reaching safepoint: 334087 ns, At safepoint: 12865 ns, Total: 346952 ns
[2022-09-06T00:00:22.081+0000][7][safepoint   ] Safepoint "Cleanup", Time since last: 1000861148 ns, Reaching safepoint: 299252 ns, At safepoint: 7614 ns, Total: 306866 ns
[2022-09-06T00:00:26.083+0000][7][safepoint   ] Safepoint "Cleanup", Time since last: 4001841115 ns, Reaching safepoint: 444485 ns, At safepoint: 72155 ns, Total: 516640 ns
[2022-09-06T00:00:34.086+0000][7][safepoint   ] Safepoint "Cleanup", Time since last: 8002112534 ns, Reaching safepoint: 412645 ns, At safepoint: 55233 ns, Total: 467878 ns
[2022-09-06T00:00:36.087+0000][7][safepoint   ] Safepoint "Cleanup", Time since last: 2001016823 ns, Reaching safepoint: 329168 ns, At safepoint: 62608 ns, Total: 391776 ns
[2022-09-06T00:00:37.088+0000][7][safepoint   ] Safepoint "Cleanup", Time since last: 1000599217 ns, Reaching safepoint: 280636 ns, At safepoint: 13506 ns, Total: 294142 ns
[2022-09-06T00:00:44.090+0000][7][safepoint   ] Safepoint "Cleanup", Time since last: 7001554955 ns, Reaching safepoint: 416031 ns, At safepoint: 40927 ns, Total: 456958 ns
[2022-09-06T00:00:45.091+0000][7][safepoint   ] Safepoint "Cleanup", Time since last: 1000607913 ns, Reaching safepoint: 275397 ns, At safepoint: 7684 ns, Total: 283081 ns
[2022-09-06T00:00:46.092+0000][7][safepoint   ] Safepoint "Cleanup", Time since last: 1000606801 ns, Reaching safepoint: 302878 ns, At safepoint: 70021 ns, Total: 372899 ns
[2022-09-06T00:00:47.093+0000][7][safepoint   ] Safepoint "Cleanup", Time since last: 1000739441 ns, Reaching safepoint: 329168 ns, At safepoint: 35977 ns, Total: 365145 ns
[2022-09-06T00:00:48.094+0000][7][safepoint   ] Safepoint "Cleanup", Time since last: 1000839288 ns, Reaching safepoint: 321393 ns, At safepoint: 42700 ns, Total: 364093 ns
[2022-09-06T00:00:51.095+0000][7][safepoint   ] Safepoint "Cleanup", Time since last: 3000851806 ns, Reaching safepoint: 305764 ns, At safepoint: 8185 ns, Total: 313949 ns
[2022-09-06T00:00:55.808+0000][7][gc,start    ] GC(27) Pause Young (Concurrent Start) (G1 Evacuation Pause)
[2022-09-06T00:00:55.809+0000][7][gc,task     ] GC(27) Using 6 workers of 6 for evacuation
[2022-09-06T00:00:55.809+0000][7][gc,age      ] GC(27) Desired survivor size 8388608 bytes, new threshold 2 (max threshold 15)
[2022-09-06T00:00:55.847+0000][7][gc,age      ] GC(27) Age table with threshold 2 (max threshold 15)
[2022-09-06T00:00:55.848+0000][7][gc,age      ] GC(27) - age   1:    1287816 bytes,    1287816 total
[2022-09-06T00:00:55.848+0000][7][gc,age      ] GC(27) - age   2:    6254416 bytes,    7542232 total
[2022-09-06T00:00:55.849+0000][7][gc,phases   ] GC(27)   Pre Evacuate Collection Set: 0.5ms
[2022-09-06T00:00:55.849+0000][7][gc,phases   ] GC(27)   Merge Heap Roots: 0.5ms
[2022-09-06T00:00:55.849+0000][7][gc,phases   ] GC(27)   Evacuate Collection Set: 33.1ms
[2022-09-06T00:00:55.849+0000][7][gc,phases   ] GC(27)   Post Evacuate Collection Set: 3.0ms
[2022-09-06T00:00:55.850+0000][7][gc,phases   ] GC(27)   Other: 3.2ms
[2022-09-06T00:00:55.850+0000][7][gc,heap     ] GC(27) Eden regions: 26->0(26)
[2022-09-06T00:00:55.850+0000][7][gc,heap     ] GC(27) Survivor regions: 4->2(4)
[2022-09-06T00:00:55.850+0000][7][gc,heap     ] GC(27) Old regions: 16->18
[2022-09-06T00:00:55.851+0000][7][gc,heap     ] GC(27) Archive regions: 2->2
[2022-09-06T00:00:55.851+0000][7][gc,heap     ] GC(27) Humongous regions: 2->2
[2022-09-06T00:00:55.851+0000][7][gc,metaspace] GC(27) Metaspace: 94722K(98952K)->94722K(98952K) NonClass: 82005K(85128K)->82005K(85128K) Class: 12716K(13824K)->12716K(13824K)
[2022-09-06T00:00:55.851+0000][7][gc          ] GC(27) Pause Young (Concurrent Start) (G1 Evacuation Pause) 193M->90M(256M) 42.991ms
[2022-09-06T00:00:55.852+0000][7][gc,cpu      ] GC(27) User=0.17s Sys=0.00s Real=0.04s
[2022-09-06T00:00:55.852+0000][7][gc          ] GC(28) Concurrent Cycle
[2022-09-06T00:00:55.852+0000][7][gc,marking  ] GC(28) Concurrent Clear Claimed Marks
[2022-09-06T00:00:55.852+0000][7][safepoint   ] Safepoint "G1CollectForAllocation", Time since last: 4712480146 ns, Reaching safepoint: 373852 ns, At safepoint: 43732522 ns, Total: 44106374 ns
[2022-09-06T00:00:55.853+0000][7][gc,marking  ] GC(28) Concurrent Clear Claimed Marks 0.406ms
[2022-09-06T00:00:55.855+0000][7][gc,marking  ] GC(28) Concurrent Scan Root Regions
[2022-09-06T00:00:55.869+0000][7][gc,marking  ] GC(28) Concurrent Scan Root Regions 14.298ms
[2022-09-06T00:00:55.870+0000][7][gc,marking  ] GC(28) Concurrent Mark (211.324s)
[2022-09-06T00:00:55.870+0000][7][gc,marking  ] GC(28) Concurrent Mark From Roots
[2022-09-06T00:00:55.871+0000][7][gc,task     ] GC(28) Using 2 workers of 2 for marking
[2022-09-06T00:00:55.942+0000][7][gc,marking  ] GC(28) Concurrent Mark From Roots 71.940ms
[2022-09-06T00:00:55.943+0000][7][gc,marking  ] GC(28) Concurrent Preclean
[2022-09-06T00:00:55.944+0000][7][gc,marking  ] GC(28) Concurrent Preclean 1.176ms
[2022-09-06T00:00:55.944+0000][7][gc,marking  ] GC(28) Concurrent Mark (211.324s, 211.398s) 74.510ms
[2022-09-06T00:00:55.945+0000][7][gc,start    ] GC(28) Pause Remark
[2022-09-06T00:00:55.965+0000][7][gc          ] GC(28) Pause Remark 97M->97M(256M) 19.586ms
[2022-09-06T00:00:55.965+0000][7][gc,cpu      ] GC(28) User=0.08s Sys=0.00s Real=0.02s
[2022-09-06T00:00:55.966+0000][7][safepoint   ] Safepoint "G1Concurrent", Time since last: 92847046 ns, Reaching safepoint: 286968 ns, At safepoint: 20574032 ns, Total: 20861000 ns
[2022-09-06T00:00:55.966+0000][7][gc,marking  ] GC(28) Concurrent Rebuild Remembered Sets
[2022-09-06T00:00:56.018+0000][7][gc,marking  ] GC(28) Concurrent Rebuild Remembered Sets 51.506ms
[2022-09-06T00:00:56.019+0000][7][gc,start    ] GC(28) Pause Cleanup
[2022-09-06T00:00:56.020+0000][7][gc          ] GC(28) Pause Cleanup 97M->97M(256M) 0.632ms
[2022-09-06T00:00:56.020+0000][7][gc,cpu      ] GC(28) User=0.00s Sys=0.00s Real=0.00s
[2022-09-06T00:00:56.020+0000][7][safepoint   ] Safepoint "G1Concurrent", Time since last: 52629509 ns, Reaching safepoint: 842020 ns, At safepoint: 1271637 ns, Total: 2113657 ns
[2022-09-06T00:00:56.021+0000][7][gc,marking  ] GC(28) Concurrent Cleanup for Next Mark
[2022-09-06T00:00:56.036+0000][7][gc,marking  ] GC(28) Concurrent Cleanup for Next Mark 15.198ms
[2022-09-06T00:00:56.037+0000][7][gc          ] GC(28) Concurrent Cycle 184.680ms
[2022-09-06T00:00:57.021+0000][7][safepoint   ] Safepoint "Cleanup", Time since last: 1000453052 ns, Reaching safepoint: 539543 ns, At safepoint: 47579 ns, Total: 587122 ns
[2022-09-06T00:00:58.023+0000][7][safepoint   ] Safepoint "Cleanup", Time since last: 1000812998 ns, Reaching safepoint: 510468 ns, At safepoint: 66294 ns, Total: 576762 ns
[2022-09-06T00:00:59.024+0000][7][safepoint   ] Safepoint "Cleanup", Time since last: 1000959914 ns, Reaching safepoint: 393659 ns, At safepoint: 60935 ns, Total: 454594 ns
[2022-09-06T00:01:05.027+0000][7][safepoint   ] Safepoint "Cleanup", Time since last: 6002201406 ns, Reaching safepoint: 272501 ns, At safepoint: 39053 ns, Total: 311554 ns
[2022-09-06T00:01:06.028+0000][7][safepoint   ] Safepoint "Cleanup", Time since last: 1000680911 ns, Reaching safepoint: 437100 ns, At safepoint: 48251 ns, Total: 485351 ns
[2022-09-06T00:01:14.030+0000][7][safepoint   ] Safepoint "Cleanup", Time since last: 8001822510 ns, Reaching safepoint: 432572 ns, At safepoint: 56275 ns, Total: 488847 ns
[2022-09-06T00:01:15.031+0000][7][safepoint   ] Safepoint "Cleanup", Time since last: 1000753106 ns, Reaching safepoint: 286127 ns, At safepoint: 11953 ns, Total: 298080 ns
[2022-09-06T00:01:16.032+0000][7][safepoint   ] Safepoint "Cleanup", Time since last: 1000670209 ns, Reaching safepoint: 324950 ns, At safepoint: 44815 ns, Total: 369765 ns
[2022-09-06T00:01:17.033+0000][7][safepoint   ] Safepoint "Cleanup", Time since last: 1000716597 ns, Reaching safepoint: 408977 ns, At safepoint: 51537 ns, Total: 460514 ns
[2022-09-06T00:01:21.035+0000][7][safepoint   ] Safepoint "Cleanup", Time since last: 4001389287 ns, Reaching safepoint: 478568 ns, At safepoint: 66515 ns, Total: 545083 ns
[2022-09-06T00:01:26.037+0000][7][safepoint   ] Safepoint "Cleanup", Time since last: 5001599965 ns, Reaching safepoint: 491333 ns, At safepoint: 67957 ns, Total: 559290 ns
[2022-09-06T00:01:27.039+0000][7][safepoint   ] Safepoint "Cleanup", Time since last: 1000864765 ns, Reaching safepoint: 454483 ns, At safepoint: 124654 ns, Total: 579137 ns
[2022-09-06T00:01:29.040+0000][7][safepoint   ] Safepoint "Cleanup", Time since last: 2000881139 ns, Reaching safepoint: 305052 ns, At safepoint: 14457 ns, Total: 319509 ns
[2022-09-06T00:01:32.042+0000][7][safepoint   ] Safepoint "Cleanup", Time since last: 3001300288 ns, Reaching safepoint: 454293 ns, At safepoint: 105067 ns, Total: 559360 ns
[2022-09-06T00:01:37.044+0000][7][safepoint   ] Safepoint "Cleanup", Time since last: 5001456305 ns, Reaching safepoint: 471695 ns, At safepoint: 73849 ns, Total: 545544 ns
[2022-09-06T00:01:42.046+0000][7][safepoint   ] Safepoint "Cleanup", Time since last: 5001481382 ns, Reaching safepoint: 249759 ns, At safepoint: 35226 ns, Total: 284985 ns
[2022-09-06T00:01:51.048+0000][7][safepoint   ] Safepoint "Cleanup", Time since last: 9001821791 ns, Reaching safepoint: 395182 ns, At safepoint: 7564 ns, Total: 402746 ns
[2022-09-06T00:01:52.049+0000][7][safepoint   ] Safepoint "Cleanup", Time since last: 1000902627 ns, Reaching safepoint: 301385 ns, At safepoint: 7474 ns, Total: 308859 ns
[2022-09-06T00:01:56.051+0000][7][safepoint   ] Safepoint "Cleanup", Time since last: 4001211944 ns, Reaching safepoint: 498206 ns, At safepoint: 82074 ns, Total: 580280 ns
[2022-09-06T00:01:57.052+0000][7][safepoint   ] Safepoint "Cleanup", Time since last: 1000897426 ns, Reaching safepoint: 246383 ns, At safepoint: 4909 ns, Total: 251292 ns
[2022-09-06T00:02:03.054+0000][7][safepoint   ] Safepoint "Cleanup", Time since last: 6001361770 ns, Reaching safepoint: 340189 ns, At safepoint: 57067 ns, Total: 397256 ns
[2022-09-06T00:02:06.056+0000][7][safepoint   ] Safepoint "Cleanup", Time since last: 3001244523 ns, Reaching safepoint: 476484 ns, At safepoint: 74550 ns, Total: 551034 ns
[2022-09-06T00:02:07.057+0000][7][safepoint   ] Safepoint "Cleanup", Time since last: 1001392105 ns, Reaching safepoint: 340970 ns, At safepoint: 42680 ns, Total: 383650 ns
[2022-09-06T00:02:11.060+0000][7][safepoint   ] Safepoint "Cleanup", Time since last: 4002118826 ns, Reaching safepoint: 425449 ns, At safepoint: 65803 ns, Total: 491252 ns
[2022-09-06T00:02:12.061+0000][7][safepoint   ] Safepoint "Cleanup", Time since last: 1000643711 ns, Reaching safepoint: 422603 ns, At safepoint: 78026 ns, Total: 500629 ns
[2022-09-06T00:02:14.063+0000][7][safepoint   ] Safepoint "Cleanup", Time since last: 2001006073 ns, Reaching safepoint: 440597 ns, At safepoint: 64731 ns, Total: 505328 ns
[2022-09-06T00:02:16.059+0000][7][safepoint   ] Safepoint "Cleanup", Time since last: 2001072548 ns, Reaching safepoint: 328186 ns, At safepoint: 56316 ns, Total: 384502 ns
[2022-09-06T00:02:17.060+0000][7][safepoint   ] Safepoint "Cleanup", Time since last: 1001125875 ns, Reaching safepoint: 337804 ns, At safepoint: 62608 ns, Total: 400412 ns
[2022-09-06T00:02:21.062+0000][7][safepoint   ] Safepoint "Cleanup", Time since last: 4001164084 ns, Reaching safepoint: 382989 ns, At safepoint: 68960 ns, Total: 451949 ns
[2022-09-06T00:02:22.063+0000][7][safepoint   ] Safepoint "Cleanup", Time since last: 1000909168 ns, Reaching safepoint: 366308 ns, At safepoint: 37179 ns, Total: 403487 ns
[2022-09-06T00:02:26.065+0000][7][safepoint   ] Safepoint "Cleanup", Time since last: 4001114141 ns, Reaching safepoint: 365676 ns, At safepoint: 12534 ns, Total: 378210 ns
[2022-09-06T00:02:27.066+0000][7][safepoint   ] Safepoint "Cleanup", Time since last: 1001170719 ns, Reaching safepoint: 270989 ns, At safepoint: 6472 ns, Total: 277461 ns
[2022-09-06T00:02:46.080+0000][7][safepoint   ] Safepoint "Cleanup", Time since last: 19006887863 ns, Reaching safepoint: 467777 ns, At safepoint: 78678 ns, Total: 546455 ns
[2022-09-06T00:02:49.082+0000][7][safepoint   ] Safepoint "Cleanup", Time since last: 3001254041 ns, Reaching safepoint: 333205 ns, At safepoint: 6974 ns, Total: 340179 ns
[2022-09-06T00:02:51.083+0000][7][safepoint   ] Safepoint "Cleanup", Time since last: 2001007545 ns, Reaching safepoint: 421431 ns, At safepoint: 7875 ns, Total: 429306 ns
[2022-09-06T00:02:56.085+0000][7][safepoint   ] Safepoint "Cleanup", Time since last: 5001383919 ns, Reaching safepoint: 270919 ns, At safepoint: 40265 ns, Total: 311184 ns
[2022-09-06T00:02:57.086+0000][7][safepoint   ] Safepoint "Cleanup", Time since last: 1000663939 ns, Reaching safepoint: 208862 ns, At safepoint: 8776 ns, Total: 217638 ns
[2022-09-06T00:03:02.087+0000][7][safepoint   ] Safepoint "Cleanup", Time since last: 5001119824 ns, Reaching safepoint: 395793 ns, At safepoint: 37190 ns, Total: 432983 ns
[2022-09-06T00:03:06.089+0000][7][safepoint   ] Safepoint "Cleanup", Time since last: 4000961424 ns, Reaching safepoint: 285456 ns, At safepoint: 71173 ns, Total: 356629 ns
[2022-09-06T00:03:09.090+0000][7][safepoint   ] Safepoint "Cleanup", Time since last: 3000915426 ns, Reaching safepoint: 353703 ns, At safepoint: 38643 ns, Total: 392346 ns
[2022-09-06T00:03:12.091+0000][7][safepoint   ] Safepoint "Cleanup", Time since last: 3000853750 ns, Reaching safepoint: 215815 ns, At safepoint: 3897 ns, Total: 219712 ns
[2022-09-06T00:03:16.091+0000][7][safepoint   ] Safepoint "Cleanup", Time since last: 4001085727 ns, Reaching safepoint: 208070 ns, At safepoint: 28935 ns, Total: 237005 ns
[2022-09-06T00:03:26.093+0000][7][safepoint   ] Safepoint "Cleanup", Time since last: 10001686670 ns, Reaching safepoint: 317746 ns, At safepoint: 40196 ns, Total: 357942 ns
[2022-09-06T00:03:35.095+0000][7][safepoint   ] Safepoint "Cleanup", Time since last: 9001603411 ns, Reaching safepoint: 299622 ns, At safepoint: 46888 ns, Total: 346510 ns
[2022-09-06T00:03:36.096+0000][7][safepoint   ] Safepoint "Cleanup", Time since last: 1000511753 ns, Reaching safepoint: 389902 ns, At safepoint: 61966 ns, Total: 451868 ns
[2022-09-06T00:03:42.098+0000][7][safepoint   ] Safepoint "Cleanup", Time since last: 6001277903 ns, Reaching safepoint: 335330 ns, At safepoint: 3717 ns, Total: 339047 ns
[2022-09-06T00:03:45.100+0000][7][safepoint   ] Safepoint "Cleanup", Time since last: 3001469184 ns, Reaching safepoint: 238187 ns, At safepoint: 41739 ns, Total: 279926 ns
[2022-09-06T00:03:46.101+0000][7][safepoint   ] Safepoint "Cleanup", Time since last: 1000990300 ns, Reaching safepoint: 249448 ns, At safepoint: 34715 ns, Total: 284163 ns
[2022-09-06T00:03:51.102+0000][7][safepoint   ] Safepoint "Cleanup", Time since last: 5001208511 ns, Reaching safepoint: 333205 ns, At safepoint: 7684 ns, Total: 340889 ns
[2022-09-06T00:03:52.106+0000][7][safepoint   ] Safepoint "Cleanup", Time since last: 1003829690 ns, Reaching safepoint: 272832 ns, At safepoint: 4509 ns, Total: 277341 ns
[2022-09-06T00:03:56.110+0000][7][safepoint   ] Safepoint "Cleanup", Time since last: 4002935989 ns, Reaching safepoint: 626656 ns, At safepoint: 6283 ns, Total: 632939 ns
[2022-09-06T00:03:57.112+0000][7][safepoint   ] Safepoint "Cleanup", Time since last: 1001975730 ns, Reaching safepoint: 261190 ns, At safepoint: 7564 ns, Total: 268754 ns
[2022-09-06T00:04:06.115+0000][7][safepoint   ] Safepoint "Cleanup", Time since last: 9002420324 ns, Reaching safepoint: 348805 ns, At safepoint: 6763 ns, Total: 355568 ns
[2022-09-06T00:04:07.116+0000][7][safepoint   ] Safepoint "Cleanup", Time since last: 1000927874 ns, Reaching safepoint: 337062 ns, At safepoint: 5370 ns, Total: 342432 ns
[2022-09-06T00:04:08.119+0000][7][safepoint   ] Safepoint "Cleanup", Time since last: 1002419463 ns, Reaching safepoint: 364655 ns, At safepoint: 55464 ns, Total: 420119 ns
[2022-09-06T00:04:09.121+0000][7][safepoint   ] Safepoint "Cleanup", Time since last: 1001439353 ns, Reaching safepoint: 188013 ns, At safepoint: 3387 ns, Total: 191400 ns
[2022-09-06T00:04:14.126+0000][7][safepoint   ] Safepoint "Cleanup", Time since last: 5005129318 ns, Reaching safepoint: 342713 ns, At safepoint: 51417 ns, Total: 394130 ns
[2022-09-06T00:04:22.128+0000][7][safepoint   ] Safepoint "Cleanup", Time since last: 8001660715 ns, Reaching safepoint: 306265 ns, At safepoint: 12704 ns, Total: 318969 ns
[2022-09-06T00:04:26.130+0000][7][safepoint   ] Safepoint "Cleanup", Time since last: 4001555559 ns, Reaching safepoint: 352892 ns, At safepoint: 18225 ns, Total: 371117 ns
[2022-09-06T00:04:35.830+0000][7][gc,start    ] GC(29) Pause Young (Normal) (G1 Evacuation Pause)
[2022-09-06T00:04:35.830+0000][7][gc,task     ] GC(29) Using 6 workers of 6 for evacuation
[2022-09-06T00:04:35.831+0000][7][gc,age      ] GC(29) Desired survivor size 8388608 bytes, new threshold 15 (max threshold 15)
[2022-09-06T00:04:35.857+0000][7][gc,age      ] GC(29) Age table with threshold 15 (max threshold 15)
[2022-09-06T00:04:35.858+0000][7][gc,age      ] GC(29) - age   1:     284944 bytes,     284944 total
[2022-09-06T00:04:35.858+0000][7][gc,age      ] GC(29) - age   2:    1083808 bytes,    1368752 total
[2022-09-06T00:04:35.858+0000][7][gc,age      ] GC(29) - age   3:    5739176 bytes,    7107928 total
[2022-09-06T00:04:35.858+0000][7][gc,phases   ] GC(29)   Pre Evacuate Collection Set: 0.2ms
[2022-09-06T00:04:35.859+0000][7][gc,phases   ] GC(29)   Merge Heap Roots: 0.2ms
[2022-09-06T00:04:35.859+0000][7][gc,phases   ] GC(29)   Evacuate Collection Set: 23.0ms
[2022-09-06T00:04:35.859+0000][7][gc,phases   ] GC(29)   Post Evacuate Collection Set: 2.9ms
[2022-09-06T00:04:35.859+0000][7][gc,phases   ] GC(29)   Other: 2.1ms
[2022-09-06T00:04:35.859+0000][7][gc,heap     ] GC(29) Eden regions: 26->0(27)
[2022-09-06T00:04:35.859+0000][7][gc,heap     ] GC(29) Survivor regions: 2->2(4)
[2022-09-06T00:04:35.860+0000][7][gc,heap     ] GC(29) Old regions: 18->18
[2022-09-06T00:04:35.860+0000][7][gc,heap     ] GC(29) Archive regions: 2->2
[2022-09-06T00:04:35.860+0000][7][gc,heap     ] GC(29) Humongous regions: 2->2
[2022-09-06T00:04:35.860+0000][7][gc,metaspace] GC(29) Metaspace: 95436K(99848K)->95436K(99848K) NonClass: 82682K(85896K)->82682K(85896K) Class: 12753K(13952K)->12753K(13952K)
[2022-09-06T00:04:35.861+0000][7][gc          ] GC(29) Pause Young (Normal) (G1 Evacuation Pause) 194M->90M(256M) 30.705ms
[2022-09-06T00:04:35.861+0000][7][gc,cpu      ] GC(29) User=0.10s Sys=0.00s Real=0.03s
[2022-09-06T00:04:35.863+0000][7][safepoint   ] Safepoint "G1CollectForAllocation", Time since last: 9699481864 ns, Reaching safepoint: 204173 ns, At safepoint: 33361450 ns, Total: 33565623 ns
[2022-09-06T00:04:48.868+0000][7][safepoint   ] Safepoint "Cleanup", Time since last: 13004060060 ns, Reaching safepoint: 443001 ns, At safepoint: 61576 ns, Total: 504577 ns
[2022-09-06T00:04:50.869+0000][7][safepoint   ] Safepoint "Cleanup", Time since last: 2001164671 ns, Reaching safepoint: 384542 ns, At safepoint: 3676 ns, Total: 388218 ns
[2022-09-06T00:04:55.872+0000][7][safepoint   ] Safepoint "Cleanup", Time since last: 5001732584 ns, Reaching safepoint: 444925 ns, At safepoint: 109025 ns, Total: 553950 ns
[2022-09-06T00:04:56.873+0000][7][safepoint   ] Safepoint "Cleanup", Time since last: 1000860728 ns, Reaching safepoint: 346460 ns, At safepoint: 15419 ns, Total: 361879 ns
[2022-09-06T00:04:58.874+0000][7][safepoint   ] Safepoint "Cleanup", Time since last: 2001061567 ns, Reaching safepoint: 367129 ns, At safepoint: 4118 ns, Total: 371247 ns
[2022-09-06T00:05:05.877+0000][7][safepoint   ] Safepoint "Cleanup", Time since last: 7002053671 ns, Reaching safepoint: 495861 ns, At safepoint: 87033 ns, Total: 582894 ns
[2022-09-06T00:18:19.631+0000][7][safepoint   ] Safepoint "Cleanup", Time since last: 793753459873 ns, Reaching safepoint: 438102 ns, At safepoint: 4799 ns, Total: 442901 ns
[2022-09-06T00:18:20.729+0000][7][safepoint   ] Safepoint "Cleanup", Time since last: 1058558659 ns, Reaching safepoint: 609514 ns, At safepoint: 67918 ns, Total: 677432 ns
[2022-09-06T00:18:21.731+0000][7][safepoint   ] Safepoint "Cleanup", Time since last: 1001374612 ns, Reaching safepoint: 743555 ns, At safepoint: 63239 ns, Total: 806794 ns
[2022-09-06T00:18:22.225+0000][7][gc,start    ] GC(30) Pause Young (Concurrent Start) (G1 Evacuation Pause)
[2022-09-06T00:18:22.226+0000][7][gc,task     ] GC(30) Using 6 workers of 6 for evacuation
[2022-09-06T00:18:22.226+0000][7][gc,age      ] GC(30) Desired survivor size 8388608 bytes, new threshold 15 (max threshold 15)
[2022-09-06T00:18:22.253+0000][7][gc,age      ] GC(30) Age table with threshold 15 (max threshold 15)
[2022-09-06T00:18:22.254+0000][7][gc,age      ] GC(30) - age   1:     324288 bytes,     324288 total
[2022-09-06T00:18:22.254+0000][7][gc,age      ] GC(30) - age   2:     223632 bytes,     547920 total
[2022-09-06T00:18:22.254+0000][7][gc,age      ] GC(30) - age   3:     989024 bytes,    1536944 total
[2022-09-06T00:18:22.255+0000][7][gc,age      ] GC(30) - age   4:    5683088 bytes,    7220032 total
[2022-09-06T00:18:22.256+0000][7][gc,phases   ] GC(30)   Pre Evacuate Collection Set: 0.4ms
[2022-09-06T00:18:22.256+0000][7][gc,phases   ] GC(30)   Merge Heap Roots: 0.2ms
[2022-09-06T00:18:22.256+0000][7][gc,phases   ] GC(30)   Evacuate Collection Set: 13.9ms
[2022-09-06T00:18:22.257+0000][7][gc,phases   ] GC(30)   Post Evacuate Collection Set: 11.6ms
[2022-09-06T00:18:22.257+0000][7][gc,phases   ] GC(30)   Other: 4.4ms
[2022-09-06T00:18:22.258+0000][7][gc,heap     ] GC(30) Eden regions: 27->0(27)
[2022-09-06T00:18:22.258+0000][7][gc,heap     ] GC(30) Survivor regions: 2->2(4)
[2022-09-06T00:18:22.258+0000][7][gc,heap     ] GC(30) Old regions: 18->18
[2022-09-06T00:18:22.258+0000][7][gc,heap     ] GC(30) Archive regions: 2->2
[2022-09-06T00:18:22.259+0000][7][gc,heap     ] GC(30) Humongous regions: 2->2
[2022-09-06T00:18:22.260+0000][7][gc,metaspace] GC(30) Metaspace: 95708K(99848K)->95708K(99848K) NonClass: 82947K(85896K)->82947K(85896K) Class: 12761K(13952K)->12761K(13952K)
[2022-09-06T00:18:22.260+0000][7][gc          ] GC(30) Pause Young (Concurrent Start) (G1 Evacuation Pause) 198M->89M(256M) 34.838ms
[2022-09-06T00:18:22.260+0000][7][gc,cpu      ] GC(30) User=0.06s Sys=0.00s Real=0.03s
[2022-09-06T00:18:22.261+0000][7][gc          ] GC(31) Concurrent Cycle
[2022-09-06T00:18:22.261+0000][7][gc,marking  ] GC(31) Concurrent Clear Claimed Marks
[2022-09-06T00:18:22.261+0000][7][gc,marking  ] GC(31) Concurrent Clear Claimed Marks 0.423ms
[2022-09-06T00:18:22.262+0000][7][gc,marking  ] GC(31) Concurrent Scan Root Regions
[2022-09-06T00:18:22.269+0000][7][gc,marking  ] GC(31) Concurrent Scan Root Regions 7.681ms
[2022-09-06T00:18:22.270+0000][7][gc,marking  ] GC(31) Concurrent Mark (1257.685s)
[2022-09-06T00:18:22.270+0000][7][gc,marking  ] GC(31) Concurrent Mark From Roots
[2022-09-06T00:18:22.271+0000][7][gc,task     ] GC(31) Using 2 workers of 2 for marking
[2022-09-06T00:18:22.271+0000][7][safepoint   ] Safepoint "G1CollectForAllocation", Time since last: 493388999 ns, Reaching safepoint: 709912 ns, At safepoint: 45455416 ns, Total: 46165328 ns
[2022-09-06T00:18:22.374+0000][7][gc,marking  ] GC(31) Concurrent Mark From Roots 103.678ms
[2022-09-06T00:18:22.375+0000][7][gc,marking  ] GC(31) Concurrent Preclean
[2022-09-06T00:18:22.376+0000][7][gc,marking  ] GC(31) Concurrent Preclean 1.114ms
[2022-09-06T00:18:22.377+0000][7][gc,marking  ] GC(31) Concurrent Mark (1257.685s, 1257.792s) 106.844ms
[2022-09-06T00:18:22.377+0000][7][gc,start    ] GC(31) Pause Remark
[2022-09-06T00:18:22.456+0000][7][gc          ] GC(31) Pause Remark 95M->95M(256M) 78.790ms
[2022-09-06T00:18:22.457+0000][7][gc,cpu      ] GC(31) User=0.11s Sys=0.00s Real=0.08s
[2022-09-06T00:18:22.462+0000][7][safepoint   ] Safepoint "G1Concurrent", Time since last: 106588074 ns, Reaching safepoint: 254607 ns, At safepoint: 84563350 ns, Total: 84817957 ns
[2022-09-06T00:18:22.464+0000][7][gc,marking  ] GC(31) Concurrent Rebuild Remembered Sets
[2022-09-06T00:18:22.568+0000][7][gc,marking  ] GC(31) Concurrent Rebuild Remembered Sets 104.358ms
[2022-09-06T00:18:22.570+0000][7][gc,start    ] GC(31) Pause Cleanup
[2022-09-06T00:18:22.570+0000][7][gc          ] GC(31) Pause Cleanup 99M->99M(256M) 0.517ms
[2022-09-06T00:18:22.572+0000][7][gc,cpu      ] GC(31) User=0.00s Sys=0.00s Real=0.00s
[2022-09-06T00:18:22.573+0000][7][safepoint   ] Safepoint "G1Concurrent", Time since last: 107042436 ns, Reaching safepoint: 779863 ns, At safepoint: 3026329 ns, Total: 3806192 ns
[2022-09-06T00:18:22.577+0000][7][gc,marking  ] GC(31) Concurrent Cleanup for Next Mark
[2022-09-06T00:18:22.603+0000][7][gc,marking  ] GC(31) Concurrent Cleanup for Next Mark 25.814ms
[2022-09-06T00:18:22.604+0000][7][gc          ] GC(31) Concurrent Cycle 343.443ms
[2022-09-06T00:18:23.377+0000][7][gc,start    ] GC(32) Pause Young (Normal) (G1 Evacuation Pause)
[2022-09-06T00:18:23.378+0000][7][gc,task     ] GC(32) Using 6 workers of 6 for evacuation
[2022-09-06T00:18:23.378+0000][7][gc,age      ] GC(32) Desired survivor size 8388608 bytes, new threshold 15 (max threshold 15)
[2022-09-06T00:18:23.403+0000][7][gc,age      ] GC(32) Age table with threshold 15 (max threshold 15)
[2022-09-06T00:18:23.403+0000][7][gc,age      ] GC(32) - age   1:      14184 bytes,      14184 total
[2022-09-06T00:18:23.403+0000][7][gc,age      ] GC(32) - age   2:     222264 bytes,     236448 total
[2022-09-06T00:18:23.404+0000][7][gc,age      ] GC(32) - age   3:     212384 bytes,     448832 total
[2022-09-06T00:18:23.404+0000][7][gc,age      ] GC(32) - age   4:     980720 bytes,    1429552 total
[2022-09-06T00:18:23.404+0000][7][gc,age      ] GC(32) - age   5:    5649808 bytes,    7079360 total
[2022-09-06T00:18:23.405+0000][7][gc,phases   ] GC(32)   Pre Evacuate Collection Set: 0.1ms
[2022-09-06T00:18:23.405+0000][7][gc,phases   ] GC(32)   Merge Heap Roots: 0.1ms
[2022-09-06T00:18:23.405+0000][7][gc,phases   ] GC(32)   Evacuate Collection Set: 21.8ms
[2022-09-06T00:18:23.405+0000][7][gc,phases   ] GC(32)   Post Evacuate Collection Set: 2.3ms
[2022-09-06T00:18:23.406+0000][7][gc,phases   ] GC(32)   Other: 3.0ms
[2022-09-06T00:18:23.406+0000][7][gc,heap     ] GC(32) Eden regions: 27->0(28)
[2022-09-06T00:18:23.406+0000][7][gc,heap     ] GC(32) Survivor regions: 2->2(4)
[2022-09-06T00:18:23.406+0000][7][gc,heap     ] GC(32) Old regions: 18->18
[2022-09-06T00:18:23.407+0000][7][gc,heap     ] GC(32) Archive regions: 2->2
[2022-09-06T00:18:23.407+0000][7][gc,heap     ] GC(32) Humongous regions: 2->2
[2022-09-06T00:18:23.407+0000][7][gc,metaspace] GC(32) Metaspace: 95843K(100104K)->95843K(100104K) NonClass: 83087K(86152K)->83087K(86152K) Class: 12755K(13952K)->12755K(13952K)
[2022-09-06T00:18:23.408+0000][7][gc          ] GC(32) Pause Young (Normal) (G1 Evacuation Pause) 197M->90M(256M) 30.211ms
[2022-09-06T00:18:23.408+0000][7][gc,cpu      ] GC(32) User=0.05s Sys=0.01s Real=0.03s
[2022-09-06T00:18:23.408+0000][7][safepoint   ] Safepoint "G1CollectForAllocation", Time since last: 804018426 ns, Reaching safepoint: 394340 ns, At safepoint: 30961254 ns, Total: 31355594 ns
[2022-09-06T00:18:24.917+0000][7][safepoint   ] Safepoint "Cleanup", Time since last: 1507790740 ns, Reaching safepoint: 835037 ns, At safepoint: 50505 ns, Total: 885542 ns
[2022-09-06T00:18:25.918+0000][7][safepoint   ] Safepoint "Cleanup", Time since last: 1001042809 ns, Reaching safepoint: 346931 ns, At safepoint: 41879 ns, Total: 388810 ns
[2022-09-06T00:18:26.919+0000][7][safepoint   ] Safepoint "Cleanup", Time since last: 1000541018 ns, Reaching safepoint: 369774 ns, At safepoint: 59611 ns, Total: 429385 ns
[2022-09-06T00:23:27.564+0000][7][gc,start    ] GC(33) Pause Young (Concurrent Start) (G1 Evacuation Pause)
[2022-09-06T00:23:27.567+0000][7][gc,task     ] GC(33) Using 6 workers of 6 for evacuation
[2022-09-06T00:23:27.567+0000][7][gc,age      ] GC(33) Desired survivor size 8388608 bytes, new threshold 15 (max threshold 15)
[2022-09-06T00:23:27.621+0000][7][gc,age      ] GC(33) Age table with threshold 15 (max threshold 15)
[2022-09-06T00:23:27.627+0000][7][gc,age      ] GC(33) - age   1:     383224 bytes,     383224 total
[2022-09-06T00:23:27.627+0000][7][gc,age      ] GC(33) - age   2:       3760 bytes,     386984 total
[2022-09-06T00:23:27.628+0000][7][gc,age      ] GC(33) - age   3:     125584 bytes,     512568 total
[2022-09-06T00:23:27.628+0000][7][gc,age      ] GC(33) - age   4:     212224 bytes,     724792 total
[2022-09-06T00:23:27.629+0000][7][gc,age      ] GC(33) - age   5:     948280 bytes,    1673072 total
[2022-09-06T00:23:27.629+0000][7][gc,age      ] GC(33) - age   6:    5649208 bytes,    7322280 total
[2022-09-06T00:23:27.630+0000][7][gc,phases   ] GC(33)   Pre Evacuate Collection Set: 0.4ms
[2022-09-06T00:23:27.652+0000][7][gc,phases   ] GC(33)   Merge Heap Roots: 0.2ms
[2022-09-06T00:23:27.659+0000][7][gc,phases   ] GC(33)   Evacuate Collection Set: 22.8ms
[2022-09-06T00:23:27.662+0000][7][gc,phases   ] GC(33)   Post Evacuate Collection Set: 30.0ms
[2022-09-06T00:23:27.662+0000][7][gc,phases   ] GC(33)   Other: 13.2ms
[2022-09-06T00:23:27.663+0000][7][gc,heap     ] GC(33) Eden regions: 28->0(28)
[2022-09-06T00:23:27.663+0000][7][gc,heap     ] GC(33) Survivor regions: 2->2(4)
[2022-09-06T00:23:27.663+0000][7][gc,heap     ] GC(33) Old regions: 18->18
[2022-09-06T00:23:27.664+0000][7][gc,heap     ] GC(33) Archive regions: 2->2
[2022-09-06T00:23:27.679+0000][7][gc,heap     ] GC(33) Humongous regions: 2->2
[2022-09-06T00:23:27.695+0000][7][gc,metaspace] GC(33) Metaspace: 95958K(100360K)->95958K(100360K) NonClass: 83202K(86408K)->83202K(86408K) Class: 12755K(13952K)->12755K(13952K)
[2022-09-06T00:23:27.706+0000][7][gc          ] GC(33) Pause Young (Concurrent Start) (G1 Evacuation Pause) 202M->89M(256M) 142.449ms
[2022-09-06T00:23:27.707+0000][7][gc,cpu      ] GC(33) User=0.08s Sys=0.02s Real=0.14s
[2022-09-06T00:23:27.708+0000][7][gc          ] GC(34) Concurrent Cycle
[2022-09-06T00:23:27.708+0000][7][gc,marking  ] GC(34) Concurrent Clear Claimed Marks
[2022-09-06T00:23:27.709+0000][7][gc,marking  ] GC(34) Concurrent Clear Claimed Marks 0.697ms
[2022-09-06T00:23:27.709+0000][7][gc,marking  ] GC(34) Concurrent Scan Root Regions
[2022-09-06T00:23:27.729+0000][7][safepoint   ] Safepoint "G1CollectForAllocation", Time since last: 300624757990 ns, Reaching safepoint: 2450169 ns, At safepoint: 165925361 ns, Total: 168375530 ns
[2022-09-06T00:23:27.742+0000][7][gc,marking  ] GC(34) Concurrent Scan Root Regions 32.701ms
[2022-09-06T00:23:27.744+0000][7][gc,marking  ] GC(34) Concurrent Mark (1563.142s)
[2022-09-06T00:23:27.746+0000][7][gc,marking  ] GC(34) Concurrent Mark From Roots
[2022-09-06T00:23:27.747+0000][7][gc,task     ] GC(34) Using 2 workers of 2 for marking
[2022-09-06T00:23:27.945+0000][7][gc,marking  ] GC(34) Concurrent Mark From Roots 199.140ms
[2022-09-06T00:23:27.946+0000][7][gc,marking  ] GC(34) Concurrent Preclean
[2022-09-06T00:23:27.947+0000][7][gc,marking  ] GC(34) Concurrent Preclean 0.906ms
[2022-09-06T00:23:27.948+0000][7][gc,marking  ] GC(34) Concurrent Mark (1563.142s, 1563.345s) 203.214ms
[2022-09-06T00:23:27.949+0000][7][gc,start    ] GC(34) Pause Remark
[2022-09-06T00:23:27.981+0000][7][gc          ] GC(34) Pause Remark 96M->96M(256M) 32.383ms
[2022-09-06T00:23:27.982+0000][7][gc,cpu      ] GC(34) User=0.04s Sys=0.00s Real=0.04s
[2022-09-06T00:23:27.997+0000][7][safepoint   ] Safepoint "G1Concurrent", Time since last: 218667341 ns, Reaching safepoint: 510568 ns, At safepoint: 48518093 ns, Total: 49028661 ns
[2022-09-06T00:23:27.998+0000][7][gc,marking  ] GC(34) Concurrent Rebuild Remembered Sets
[2022-09-06T00:23:28.099+0000][7][gc,marking  ] GC(34) Concurrent Rebuild Remembered Sets 101.202ms
[2022-09-06T00:23:28.107+0000][7][gc,start    ] GC(34) Pause Cleanup
[2022-09-06T00:23:28.108+0000][7][gc          ] GC(34) Pause Cleanup 105M->105M(256M) 1.309ms
[2022-09-06T00:23:28.109+0000][7][gc,cpu      ] GC(34) User=0.00s Sys=0.00s Real=0.00s
[2022-09-06T00:23:28.109+0000][7][safepoint   ] Safepoint "G1Concurrent", Time since last: 108912265 ns, Reaching safepoint: 688302 ns, At safepoint: 2269680 ns, Total: 2957982 ns
[2022-09-06T00:23:28.110+0000][7][gc,marking  ] GC(34) Concurrent Cleanup for Next Mark
[2022-09-06T00:23:28.111+0000][7][gc,marking  ] GC(34) Concurrent Cleanup for Next Mark 1.517ms
[2022-09-06T00:23:28.113+0000][7][gc          ] GC(34) Concurrent Cycle 405.261ms
[2022-09-06T00:23:29.110+0000][7][safepoint   ] Safepoint "Cleanup", Time since last: 1000395444 ns, Reaching safepoint: 337113 ns, At safepoint: 16501 ns, Total: 353614 ns
[2022-09-06T00:23:30.111+0000][7][safepoint   ] Safepoint "Cleanup", Time since last: 1001078607 ns, Reaching safepoint: 487565 ns, At safepoint: 64130 ns, Total: 551695 ns
[2022-09-06T00:23:32.113+0000][7][safepoint   ] Safepoint "Cleanup", Time since last: 2001075022 ns, Reaching safepoint: 389812 ns, At safepoint: 57057 ns, Total: 446869 ns
[2022-09-06T00:23:33.114+0000][7][safepoint   ] Safepoint "Cleanup", Time since last: 1000819460 ns, Reaching safepoint: 376597 ns, At safepoint: 60794 ns, Total: 437391 ns
[2022-09-06T00:23:38.116+0000][7][safepoint   ] Safepoint "Cleanup", Time since last: 5001180949 ns, Reaching safepoint: 317606 ns, At safepoint: 19657 ns, Total: 337263 ns
[2022-09-06T00:23:46.118+0000][7][safepoint   ] Safepoint "Cleanup", Time since last: 8001753370 ns, Reaching safepoint: 713359 ns, At safepoint: 27371 ns, Total: 740730 ns
[2022-09-06T00:23:48.120+0000][7][safepoint   ] Safepoint "Cleanup", Time since last: 2001112303 ns, Reaching safepoint: 412984 ns, At safepoint: 58811 ns, Total: 471795 ns
[2022-09-06T00:23:51.122+0000][7][safepoint   ] Safepoint "Cleanup", Time since last: 3001322309 ns, Reaching safepoint: 832893 ns, At safepoint: 57628 ns, Total: 890521 ns
[2022-09-06T00:23:56.124+0000][7][safepoint   ] Safepoint "Cleanup", Time since last: 5001948149 ns, Reaching safepoint: 374483 ns, At safepoint: 39564 ns, Total: 414047 ns
[2022-09-06T00:23:57.127+0000][7][safepoint   ] Safepoint "Cleanup", Time since last: 1001803206 ns, Reaching safepoint: 321864 ns, At safepoint: 8166 ns, Total: 330030 ns
[2022-09-06T00:23:58.072+0000][7][safepoint   ] Safepoint "Cleanup", Time since last: 1001255909 ns, Reaching safepoint: 591811 ns, At safepoint: 31078 ns, Total: 622889 ns
[2022-09-06T00:24:05.788+0000][7][gc,start    ] GC(35) Pause Young (Normal) (G1 Evacuation Pause)
[2022-09-06T00:24:05.789+0000][7][gc,task     ] GC(35) Using 6 workers of 6 for evacuation
[2022-09-06T00:24:05.789+0000][7][gc,age      ] GC(35) Desired survivor size 8388608 bytes, new threshold 15 (max threshold 15)
[2022-09-06T00:24:05.800+0000][7][gc,age      ] GC(35) Age table with threshold 15 (max threshold 15)
[2022-09-06T00:24:05.800+0000][7][gc,age      ] GC(35) - age   1:      33192 bytes,      33192 total
[2022-09-06T00:24:05.800+0000][7][gc,age      ] GC(35) - age   2:     157312 bytes,     190504 total
[2022-09-06T00:24:05.801+0000][7][gc,age      ] GC(35) - age   3:       3736 bytes,     194240 total
[2022-09-06T00:24:05.801+0000][7][gc,age      ] GC(35) - age   4:     125160 bytes,     319400 total
[2022-09-06T00:24:05.801+0000][7][gc,age      ] GC(35) - age   5:     212184 bytes,     531584 total
[2022-09-06T00:24:05.802+0000][7][gc,age      ] GC(35) - age   6:     948136 bytes,    1479720 total
[2022-09-06T00:24:05.802+0000][7][gc,age      ] GC(35) - age   7:    5649208 bytes,    7128928 total
[2022-09-06T00:24:05.802+0000][7][gc,phases   ] GC(35)   Pre Evacuate Collection Set: 0.3ms
[2022-09-06T00:24:05.803+0000][7][gc,phases   ] GC(35)   Merge Heap Roots: 0.2ms
[2022-09-06T00:24:05.803+0000][7][gc,phases   ] GC(35)   Evacuate Collection Set: 7.2ms
[2022-09-06T00:24:05.803+0000][7][gc,phases   ] GC(35)   Post Evacuate Collection Set: 2.3ms
[2022-09-06T00:24:05.803+0000][7][gc,phases   ] GC(35)   Other: 4.1ms
[2022-09-06T00:24:05.804+0000][7][gc,heap     ] GC(35) Eden regions: 28->0(28)
[2022-09-06T00:24:05.804+0000][7][gc,heap     ] GC(35) Survivor regions: 2->2(4)
[2022-09-06T00:24:05.804+0000][7][gc,heap     ] GC(35) Old regions: 18->18
[2022-09-06T00:24:05.804+0000][7][gc,heap     ] GC(35) Archive regions: 2->2
[2022-09-06T00:24:05.805+0000][7][gc,heap     ] GC(35) Humongous regions: 2->2
[2022-09-06T00:24:05.805+0000][7][gc,metaspace] GC(35) Metaspace: 96040K(100360K)->96040K(100360K) NonClass: 83282K(86408K)->83282K(86408K) Class: 12757K(13952K)->12757K(13952K)
[2022-09-06T00:24:05.805+0000][7][gc          ] GC(35) Pause Young (Normal) (G1 Evacuation Pause) 201M->90M(256M) 17.072ms
[2022-09-06T00:24:05.806+0000][7][gc,cpu      ] GC(35) User=0.04s Sys=0.00s Real=0.02s
[2022-09-06T00:24:05.806+0000][7][safepoint   ] Safepoint "G1CollectForAllocation", Time since last: 7715193626 ns, Reaching safepoint: 521358 ns, At safepoint: 17888171 ns, Total: 18409529 ns
[2022-09-06T00:24:06.807+0000][7][safepoint   ] Safepoint "Cleanup", Time since last: 1000417756 ns, Reaching safepoint: 419397 ns, At safepoint: 81733 ns, Total: 501130 ns
[2022-09-06T00:24:15.810+0000][7][safepoint   ] Safepoint "Cleanup", Time since last: 9002005366 ns, Reaching safepoint: 577654 ns, At safepoint: 94077 ns, Total: 671731 ns
[2022-09-06T00:24:22.812+0000][7][safepoint   ] Safepoint "Cleanup", Time since last: 7001962520 ns, Reaching safepoint: 337854 ns, At safepoint: 4589 ns, Total: 342443 ns
[2022-09-06T00:24:25.814+0000][7][safepoint   ] Safepoint "Cleanup", Time since last: 3001088470 ns, Reaching safepoint: 589266 ns, At safepoint: 87214 ns, Total: 676480 ns
[2022-09-06T00:24:26.815+0000][7][safepoint   ] Safepoint "Cleanup", Time since last: 1000689035 ns, Reaching safepoint: 480943 ns, At safepoint: 70402 ns, Total: 551345 ns
[2022-09-06T00:24:27.817+0000][7][safepoint   ] Safepoint "Cleanup", Time since last: 1000832564 ns, Reaching safepoint: 272321 ns, At safepoint: 5741 ns, Total: 278062 ns
[2022-09-06T00:24:35.820+0000][7][safepoint   ] Safepoint "Cleanup", Time since last: 8002114268 ns, Reaching safepoint: 386304 ns, At safepoint: 7274 ns, Total: 393578 ns
[2022-09-06T00:24:50.823+0000][7][safepoint   ] Safepoint "Cleanup", Time since last: 15002952548 ns, Reaching safepoint: 445526 ns, At safepoint: 12554 ns, Total: 458080 ns
[2022-09-06T00:24:57.824+0000][7][safepoint   ] Safepoint "Cleanup", Time since last: 7001977688 ns, Reaching safepoint: 422012 ns, At safepoint: 62227 ns, Total: 484239 ns
[2022-09-06T00:25:09.828+0000][7][safepoint   ] Safepoint "Cleanup", Time since last: 12002825372 ns, Reaching safepoint: 411803 ns, At safepoint: 8325 ns, Total: 420128 ns
[2022-09-06T00:25:11.829+0000][7][safepoint   ] Safepoint "Cleanup", Time since last: 2001109828 ns, Reaching safepoint: 387276 ns, At safepoint: 67117 ns, Total: 454393 ns
[2022-09-06T00:25:17.832+0000][7][safepoint   ] Safepoint "Cleanup", Time since last: 6001955354 ns, Reaching safepoint: 425669 ns, At safepoint: 51296 ns, Total: 476965 ns
[2022-09-06T00:25:25.834+0000][7][safepoint   ] Safepoint "Cleanup", Time since last: 8001708366 ns, Reaching safepoint: 394851 ns, At safepoint: 45716 ns, Total: 440567 ns
[2022-09-06T00:25:26.836+0000][7][safepoint   ] Safepoint "Cleanup", Time since last: 1001877676 ns, Reaching safepoint: 412334 ns, At safepoint: 49683 ns, Total: 462017 ns
[2022-09-06T00:25:27.837+0000][7][safepoint   ] Safepoint "Cleanup", Time since last: 1000790025 ns, Reaching safepoint: 286348 ns, At safepoint: 11761 ns, Total: 298109 ns
[2022-09-06T00:25:35.842+0000][7][safepoint   ] Safepoint "Cleanup", Time since last: 8004136874 ns, Reaching safepoint: 429195 ns, At safepoint: 7594 ns, Total: 436789 ns
[2022-09-06T00:25:55.845+0000][7][safepoint   ] Safepoint "Cleanup", Time since last: 20003407836 ns, Reaching safepoint: 315391 ns, At safepoint: 40146 ns, Total: 355537 ns
[2022-09-06T00:25:57.847+0000][7][safepoint   ] Safepoint "Cleanup", Time since last: 2001166123 ns, Reaching safepoint: 209322 ns, At safepoint: 8086 ns, Total: 217408 ns
[2022-09-06T00:26:25.854+0000][7][safepoint   ] Safepoint "Cleanup", Time since last: 28005009130 ns, Reaching safepoint: 1408994 ns, At safepoint: 146956 ns, Total: 1555950 ns
[2022-09-06T00:26:27.855+0000][7][safepoint   ] Safepoint "Cleanup", Time since last: 2000845470 ns, Reaching safepoint: 336221 ns, At safepoint: 8245 ns, Total: 344466 ns
[2022-09-06T00:26:32.857+0000][7][safepoint   ] Safepoint "Cleanup", Time since last: 5001376356 ns, Reaching safepoint: 446778 ns, At safepoint: 59302 ns, Total: 506080 ns
[2022-09-06T00:26:55.861+0000][7][safepoint   ] Safepoint "Cleanup", Time since last: 23003997549 ns, Reaching safepoint: 403797 ns, At safepoint: 66516 ns, Total: 470313 ns
[2022-09-06T00:26:56.863+0000][7][safepoint   ] Safepoint "Cleanup", Time since last: 1001204472 ns, Reaching safepoint: 425198 ns, At safepoint: 43192 ns, Total: 468390 ns
[2022-09-06T00:26:57.864+0000][7][safepoint   ] Safepoint "Cleanup", Time since last: 1000889341 ns, Reaching safepoint: 280456 ns, At safepoint: 43702 ns, Total: 324158 ns
[2022-09-06T00:27:01.865+0000][7][safepoint   ] Safepoint "Cleanup", Time since last: 4001188000 ns, Reaching safepoint: 366688 ns, At safepoint: 64451 ns, Total: 431139 ns
[2022-09-06T00:27:07.868+0000][7][safepoint   ] Safepoint "Cleanup", Time since last: 6001584348 ns, Reaching safepoint: 539162 ns, At safepoint: 80040 ns, Total: 619202 ns
[2022-09-06T00:27:20.871+0000][7][safepoint   ] Safepoint "Cleanup", Time since last: 13002898973 ns, Reaching safepoint: 478397 ns, At safepoint: 62498 ns, Total: 540895 ns
[2022-09-06T00:27:56.879+0000][7][safepoint   ] Safepoint "Cleanup", Time since last: 36007402230 ns, Reaching safepoint: 328897 ns, At safepoint: 33433 ns, Total: 362330 ns
[2022-09-06T00:28:00.881+0000][7][safepoint   ] Safepoint "Cleanup", Time since last: 4001260815 ns, Reaching safepoint: 411462 ns, At safepoint: 43402 ns, Total: 454864 ns
[2022-09-06T00:28:01.882+0000][7][safepoint   ] Safepoint "Cleanup", Time since last: 1000703512 ns, Reaching safepoint: 362881 ns, At safepoint: 42630 ns, Total: 405511 ns
[2022-09-06T00:28:34.886+0000][7][safepoint   ] Safepoint "Cleanup", Time since last: 33006052179 ns, Reaching safepoint: 302709 ns, At safepoint: 29224 ns, Total: 331933 ns
[2022-09-06T00:28:36.521+0000][7][gc,start    ] GC(36) Pause Young (Concurrent Start) (G1 Evacuation Pause)
[2022-09-06T00:28:36.522+0000][7][gc,task     ] GC(36) Using 6 workers of 6 for evacuation
[2022-09-06T00:28:36.523+0000][7][gc,age      ] GC(36) Desired survivor size 8388608 bytes, new threshold 15 (max threshold 15)
[2022-09-06T00:28:36.749+0000][7][gc,age      ] GC(36) Age table with threshold 15 (max threshold 15)
[2022-09-06T00:28:36.749+0000][7][gc,age      ] GC(36) - age   1:     182984 bytes,     182984 total
[2022-09-06T00:28:36.749+0000][7][gc,age      ] GC(36) - age   2:      22800 bytes,     205784 total
[2022-09-06T00:28:36.749+0000][7][gc,age      ] GC(36) - age   3:     152392 bytes,     358176 total
[2022-09-06T00:28:36.750+0000][7][gc,age      ] GC(36) - age   4:       3736 bytes,     361912 total
[2022-09-06T00:28:36.750+0000][7][gc,age      ] GC(36) - age   5:     120080 bytes,     481992 total
[2022-09-06T00:28:36.750+0000][7][gc,age      ] GC(36) - age   6:     211984 bytes,     693976 total
[2022-09-06T00:28:36.750+0000][7][gc,age      ] GC(36) - age   7:     929696 bytes,    1623672 total
[2022-09-06T00:28:36.750+0000][7][gc,age      ] GC(36) - age   8:    5647776 bytes,    7271448 total
[2022-09-06T00:28:36.750+0000][7][gc,mmu      ] GC(36) MMU target violated: 201.0ms (200.0ms/201.0ms)
[2022-09-06T00:28:36.750+0000][7][gc,phases   ] GC(36)   Pre Evacuate Collection Set: 38.1ms
[2022-09-06T00:28:36.751+0000][7][gc,phases   ] GC(36)   Merge Heap Roots: 2.2ms
[2022-09-06T00:28:36.751+0000][7][gc,phases   ] GC(36)   Evacuate Collection Set: 171.5ms
[2022-09-06T00:28:36.751+0000][7][gc,phases   ] GC(36)   Post Evacuate Collection Set: 13.8ms
[2022-09-06T00:28:36.752+0000][7][gc,phases   ] GC(36)   Other: 3.7ms
[2022-09-06T00:28:36.753+0000][7][gc,heap     ] GC(36) Eden regions: 28->0(28)
[2022-09-06T00:28:36.753+0000][7][gc,heap     ] GC(36) Survivor regions: 2->2(4)
[2022-09-06T00:28:36.753+0000][7][gc,heap     ] GC(36) Old regions: 18->18
[2022-09-06T00:28:36.753+0000][7][gc,heap     ] GC(36) Archive regions: 2->2
[2022-09-06T00:28:36.753+0000][7][gc,heap     ] GC(36) Humongous regions: 2->2
[2022-09-06T00:28:36.754+0000][7][gc,metaspace] GC(36) Metaspace: 96217K(100616K)->96217K(100616K) NonClass: 83457K(86664K)->83457K(86664K) Class: 12759K(13952K)->12759K(13952K)
[2022-09-06T00:28:36.754+0000][7][gc          ] GC(36) Pause Young (Concurrent Start) (G1 Evacuation Pause) 202M->90M(256M) 232.557ms
[2022-09-06T00:28:36.754+0000][7][gc,cpu      ] GC(36) User=0.55s Sys=0.03s Real=0.23s
[2022-09-06T00:28:36.754+0000][7][safepoint   ] Safepoint "G1CollectForAllocation", Time since last: 1634978091 ns, Reaching safepoint: 284685 ns, At safepoint: 233040044 ns, Total: 233324729 ns
[2022-09-06T00:28:36.755+0000][7][gc          ] GC(37) Concurrent Cycle
[2022-09-06T00:28:36.755+0000][7][gc,marking  ] GC(37) Concurrent Clear Claimed Marks
[2022-09-06T00:28:36.756+0000][7][gc,marking  ] GC(37) Concurrent Clear Claimed Marks 0.502ms
[2022-09-06T00:28:36.756+0000][7][gc,marking  ] GC(37) Concurrent Scan Root Regions
[2022-09-06T00:28:36.804+0000][7][gc,marking  ] GC(37) Concurrent Scan Root Regions 47.524ms
[2022-09-06T00:28:36.804+0000][7][gc,marking  ] GC(37) Concurrent Mark (1872.260s)
[2022-09-06T00:28:36.804+0000][7][gc,marking  ] GC(37) Concurrent Mark From Roots
[2022-09-06T00:28:36.804+0000][7][gc,task     ] GC(37) Using 2 workers of 2 for marking
[2022-09-06T00:28:37.247+0000][7][gc,marking  ] GC(37) Concurrent Mark From Roots 443.223ms
[2022-09-06T00:28:37.248+0000][7][gc,marking  ] GC(37) Concurrent Preclean
[2022-09-06T00:28:37.248+0000][7][gc,marking  ] GC(37) Concurrent Preclean 0.853ms
[2022-09-06T00:28:37.249+0000][7][gc,marking  ] GC(37) Concurrent Mark (1872.260s, 1872.705s) 444.860ms
[2022-09-06T00:28:37.249+0000][7][gc,start    ] GC(37) Pause Remark
[2022-09-06T00:28:37.328+0000][7][gc          ] GC(37) Pause Remark 97M->97M(256M) 78.293ms
[2022-09-06T00:28:37.328+0000][7][gc,cpu      ] GC(37) User=0.34s Sys=0.01s Real=0.08s
[2022-09-06T00:28:37.328+0000][7][safepoint   ] Safepoint "G1Concurrent", Time since last: 494862174 ns, Reaching safepoint: 184807 ns, At safepoint: 78941529 ns, Total: 79126336 ns
[2022-09-06T00:28:37.329+0000][7][gc,marking  ] GC(37) Concurrent Rebuild Remembered Sets
[2022-09-06T00:28:37.358+0000][7][gc,marking  ] GC(37) Concurrent Rebuild Remembered Sets 29.826ms
[2022-09-06T00:28:37.359+0000][7][gc,start    ] GC(37) Pause Cleanup
[2022-09-06T00:28:37.359+0000][7][gc          ] GC(37) Pause Cleanup 97M->97M(256M) 0.372ms
[2022-09-06T00:28:37.360+0000][7][gc,cpu      ] GC(37) User=0.00s Sys=0.00s Real=0.00s
[2022-09-06T00:28:37.360+0000][7][safepoint   ] Safepoint "G1Concurrent", Time since last: 30477066 ns, Reaching safepoint: 174628 ns, At safepoint: 785614 ns, Total: 960242 ns
[2022-09-06T00:28:37.360+0000][7][gc,marking  ] GC(37) Concurrent Cleanup for Next Mark
[2022-09-06T00:28:37.433+0000][7][gc,marking  ] GC(37) Concurrent Cleanup for Next Mark 73.149ms
[2022-09-06T00:28:37.433+0000][7][gc          ] GC(37) Concurrent Cycle 679.209ms
[2022-09-06T00:28:58.366+0000][7][safepoint   ] Safepoint "Cleanup", Time since last: 21003812757 ns, Reaching safepoint: 503034 ns, At safepoint: 78347 ns, Total: 581381 ns
[2022-09-06T00:29:02.368+0000][7][safepoint   ] Safepoint "Cleanup", Time since last: 4001539158 ns, Reaching safepoint: 311204 ns, At safepoint: 65393 ns, Total: 376597 ns
[2022-09-06T00:29:06.370+0000][7][safepoint   ] Safepoint "Cleanup", Time since last: 4001577610 ns, Reaching safepoint: 383310 ns, At safepoint: 37721 ns, Total: 421031 ns
[2022-09-06T00:29:07.371+0000][7][safepoint   ] Safepoint "Cleanup", Time since last: 1000729000 ns, Reaching safepoint: 370947 ns, At safepoint: 12263 ns, Total: 383210 ns
[2022-09-06T00:29:08.373+0000][7][safepoint   ] Safepoint "Cleanup", Time since last: 1000950776 ns, Reaching safepoint: 320571 ns, At safepoint: 7695 ns, Total: 328266 ns
[2022-09-06T00:29:28.377+0000][7][safepoint   ] Safepoint "Cleanup", Time since last: 20004105343 ns, Reaching safepoint: 310182 ns, At safepoint: 7334 ns, Total: 317516 ns
[2022-09-06T00:29:32.379+0000][7][safepoint   ] Safepoint "Cleanup", Time since last: 4001273901 ns, Reaching safepoint: 514706 ns, At safepoint: 64911 ns, Total: 579617 ns
[2022-09-06T00:29:36.381+0000][7][safepoint   ] Safepoint "Cleanup", Time since last: 4001376554 ns, Reaching safepoint: 389831 ns, At safepoint: 19647 ns, Total: 409478 ns
[2022-09-06T00:29:37.382+0000][7][safepoint   ] Safepoint "Cleanup", Time since last: 1000816315 ns, Reaching safepoint: 304151 ns, At safepoint: 3987 ns, Total: 308138 ns
[2022-09-06T00:29:57.387+0000][7][safepoint   ] Safepoint "Cleanup", Time since last: 20004599791 ns, Reaching safepoint: 450776 ns, At safepoint: 5931 ns, Total: 456707 ns
[2022-09-06T00:30:06.389+0000][7][safepoint   ] Safepoint "Cleanup", Time since last: 9001738385 ns, Reaching safepoint: 442380 ns, At safepoint: 74780 ns, Total: 517160 ns
[2022-09-06T00:30:07.391+0000][7][safepoint   ] Safepoint "Cleanup", Time since last: 1001345588 ns, Reaching safepoint: 465934 ns, At safepoint: 57959 ns, Total: 523893 ns
[2022-09-06T00:30:12.393+0000][7][safepoint   ] Safepoint "Cleanup", Time since last: 5001575319 ns, Reaching safepoint: 421241 ns, At safepoint: 66164 ns, Total: 487405 ns
[2022-09-06T00:30:16.395+0000][7][safepoint   ] Safepoint "Cleanup", Time since last: 4001711572 ns, Reaching safepoint: 437691 ns, At safepoint: 50786 ns, Total: 488477 ns
[2022-09-06T00:30:36.400+0000][7][safepoint   ] Safepoint "Cleanup", Time since last: 20004084945 ns, Reaching safepoint: 459663 ns, At safepoint: 64691 ns, Total: 524354 ns
[2022-09-06T00:30:40.402+0000][7][safepoint   ] Safepoint "Cleanup", Time since last: 4001359731 ns, Reaching safepoint: 331102 ns, At safepoint: 6492 ns, Total: 337594 ns
[2022-09-06T00:31:12.410+0000][7][safepoint   ] Safepoint "Cleanup", Time since last: 32007688768 ns, Reaching safepoint: 567305 ns, At safepoint: 74830 ns, Total: 642135 ns
[2022-09-06T00:31:26.414+0000][7][safepoint   ] Safepoint "Cleanup", Time since last: 14003715458 ns, Reaching safepoint: 452960 ns, At safepoint: 64390 ns, Total: 517350 ns
[2022-09-06T00:31:32.414+0000][7][safepoint   ] Safepoint "Cleanup", Time since last: 6001780246 ns, Reaching safepoint: 463309 ns, At safepoint: 6222 ns, Total: 469531 ns
[2022-09-06T00:31:36.416+0000][7][safepoint   ] Safepoint "Cleanup", Time since last: 4001878465 ns, Reaching safepoint: 328246 ns, At safepoint: 4348 ns, Total: 332594 ns
[2022-09-06T00:31:46.419+0000][7][safepoint   ] Safepoint "Cleanup", Time since last: 10002340467 ns, Reaching safepoint: 452910 ns, At safepoint: 82495 ns, Total: 535405 ns
[2022-09-06T00:31:51.421+0000][7][safepoint   ] Safepoint "Cleanup", Time since last: 5001597270 ns, Reaching safepoint: 304532 ns, At safepoint: 4629 ns, Total: 309161 ns
[2022-09-06T00:31:58.427+0000][7][safepoint   ] Safepoint "Cleanup", Time since last: 7003342770 ns, Reaching safepoint: 454864 ns, At safepoint: 5029 ns, Total: 459893 ns
[2022-09-06T00:32:09.433+0000][7][safepoint   ] Safepoint "Cleanup", Time since last: 11005722376 ns, Reaching safepoint: 491553 ns, At safepoint: 110116 ns, Total: 601669 ns
[2022-09-06T00:32:26.437+0000][7][safepoint   ] Safepoint "Cleanup", Time since last: 17003571986 ns, Reaching safepoint: 357190 ns, At safepoint: 19547 ns, Total: 376737 ns
[2022-09-06T00:32:28.439+0000][7][safepoint   ] Safepoint "Cleanup", Time since last: 2000904813 ns, Reaching safepoint: 503936 ns, At safepoint: 63218 ns, Total: 567154 ns
[2022-09-06T00:32:36.442+0000][7][safepoint   ] Safepoint "Cleanup", Time since last: 8002018328 ns, Reaching safepoint: 559029 ns, At safepoint: 72867 ns, Total: 631896 ns
[2022-09-06T00:32:37.443+0000][7][safepoint   ] Safepoint "Cleanup", Time since last: 1000920680 ns, Reaching safepoint: 389200 ns, At safepoint: 6403 ns, Total: 395603 ns
[2022-09-06T00:32:39.444+0000][7][safepoint   ] Safepoint "Cleanup", Time since last: 2001138982 ns, Reaching safepoint: 472266 ns, At safepoint: 40256 ns, Total: 512522 ns
[2022-09-06T00:32:46.447+0000][7][safepoint   ] Safepoint "Cleanup", Time since last: 7002272422 ns, Reaching safepoint: 417563 ns, At safepoint: 7594 ns, Total: 425157 ns
[2022-09-06T00:32:46.597+0000][7][gc,start    ] GC(38) Pause Young (Normal) (G1 Evacuation Pause)
[2022-09-06T00:32:46.598+0000][7][gc,task     ] GC(38) Using 6 workers of 6 for evacuation
[2022-09-06T00:32:46.599+0000][7][gc,age      ] GC(38) Desired survivor size 8388608 bytes, new threshold 15 (max threshold 15)
[2022-09-06T00:32:46.614+0000][7][gc,age      ] GC(38) Age table with threshold 15 (max threshold 15)
[2022-09-06T00:32:46.614+0000][7][gc,age      ] GC(38) - age   1:      47560 bytes,      47560 total
[2022-09-06T00:32:46.614+0000][7][gc,age      ] GC(38) - age   2:      85216 bytes,     132776 total
[2022-09-06T00:32:46.615+0000][7][gc,age      ] GC(38) - age   3:      20032 bytes,     152808 total
[2022-09-06T00:32:46.615+0000][7][gc,age      ] GC(38) - age   4:     152192 bytes,     305000 total
[2022-09-06T00:32:46.616+0000][7][gc,age      ] GC(38) - age   5:       3736 bytes,     308736 total
[2022-09-06T00:32:46.616+0000][7][gc,age      ] GC(38) - age   6:     120080 bytes,     428816 total
[2022-09-06T00:32:46.616+0000][7][gc,age      ] GC(38) - age   7:     211984 bytes,     640800 total
[2022-09-06T00:32:46.617+0000][7][gc,age      ] GC(38) - age   8:     929696 bytes,    1570496 total
[2022-09-06T00:32:46.617+0000][7][gc,age      ] GC(38) - age   9:    5647688 bytes,    7218184 total
[2022-09-06T00:32:46.617+0000][7][gc,phases   ] GC(38)   Pre Evacuate Collection Set: 0.3ms
[2022-09-06T00:32:46.618+0000][7][gc,phases   ] GC(38)   Merge Heap Roots: 0.3ms
[2022-09-06T00:32:46.618+0000][7][gc,phases   ] GC(38)   Evacuate Collection Set: 11.2ms
[2022-09-06T00:32:46.618+0000][7][gc,phases   ] GC(38)   Post Evacuate Collection Set: 2.3ms
[2022-09-06T00:32:46.619+0000][7][gc,phases   ] GC(38)   Other: 5.8ms
[2022-09-06T00:32:46.619+0000][7][gc,heap     ] GC(38) Eden regions: 28->0(28)
[2022-09-06T00:32:46.619+0000][7][gc,heap     ] GC(38) Survivor regions: 2->2(4)
[2022-09-06T00:32:46.620+0000][7][gc,heap     ] GC(38) Old regions: 18->18
[2022-09-06T00:32:46.620+0000][7][gc,heap     ] GC(38) Archive regions: 2->2
[2022-09-06T00:32:46.620+0000][7][gc,heap     ] GC(38) Humongous regions: 2->2
[2022-09-06T00:32:46.621+0000][7][gc,metaspace] GC(38) Metaspace: 96267K(100616K)->96267K(100616K) NonClass: 83506K(86664K)->83506K(86664K) Class: 12761K(13952K)->12761K(13952K)
[2022-09-06T00:32:46.621+0000][7][gc          ] GC(38) Pause Young (Normal) (G1 Evacuation Pause) 202M->90M(256M) 24.002ms
[2022-09-06T00:32:46.622+0000][7][gc,cpu      ] GC(38) User=0.06s Sys=0.01s Real=0.02s
[2022-09-06T00:32:46.622+0000][7][safepoint   ] Safepoint "G1CollectForAllocation", Time since last: 149651200 ns, Reaching safepoint: 506681 ns, At safepoint: 24823806 ns, Total: 25330487 ns
[2022-09-06T00:32:49.623+0000][7][safepoint   ] Safepoint "Cleanup", Time since last: 3000977442 ns, Reaching safepoint: 335811 ns, At safepoint: 7063 ns, Total: 342874 ns
[2022-09-06T00:32:57.629+0000][7][safepoint   ] Safepoint "Cleanup", Time since last: 8005258307 ns, Reaching safepoint: 394941 ns, At safepoint: 37210 ns, Total: 432151 ns
[2022-09-06T00:33:20.634+0000][7][safepoint   ] Safepoint "Cleanup", Time since last: 23004039999 ns, Reaching safepoint: 414959 ns, At safepoint: 13525 ns, Total: 428484 ns
[2022-09-06T00:33:36.638+0000][7][safepoint   ] Safepoint "Cleanup", Time since last: 16003681368 ns, Reaching safepoint: 302848 ns, At safepoint: 55905 ns, Total: 358753 ns
[2022-09-06T00:33:39.639+0000][7][safepoint   ] Safepoint "Cleanup", Time since last: 3001181465 ns, Reaching safepoint: 474951 ns, At safepoint: 44924 ns, Total: 519875 ns
[2022-09-06T00:34:06.645+0000][7][safepoint   ] Safepoint "Cleanup", Time since last: 27004981656 ns, Reaching safepoint: 373280 ns, At safepoint: 7104 ns, Total: 380384 ns
[2022-09-06T00:34:20.648+0000][7][safepoint   ] Safepoint "Cleanup", Time since last: 14003253861 ns, Reaching safepoint: 386034 ns, At safepoint: 7705 ns, Total: 393739 ns
[2022-09-06T00:34:22.650+0000][7][safepoint   ] Safepoint "Cleanup", Time since last: 2000991355 ns, Reaching safepoint: 527229 ns, At safepoint: 89338 ns, Total: 616567 ns
[2022-09-06T00:34:27.652+0000][7][safepoint   ] Safepoint "Cleanup", Time since last: 5001669085 ns, Reaching safepoint: 302728 ns, At safepoint: 5350 ns, Total: 308078 ns
[2022-09-06T00:34:29.654+0000][7][safepoint   ] Safepoint "Cleanup", Time since last: 2000984913 ns, Reaching safepoint: 267602 ns, At safepoint: 4699 ns, Total: 272301 ns
[2022-09-06T00:34:36.657+0000][7][safepoint   ] Safepoint "Cleanup", Time since last: 7003276166 ns, Reaching safepoint: 255710 ns, At safepoint: 4879 ns, Total: 260589 ns
[2022-09-06T00:34:42.659+0000][7][safepoint   ] Safepoint "Cleanup", Time since last: 6001554973 ns, Reaching safepoint: 305534 ns, At safepoint: 8596 ns, Total: 314130 ns
[2022-09-06T00:34:46.660+0000][7][safepoint   ] Safepoint "Cleanup", Time since last: 4001098180 ns, Reaching safepoint: 390553 ns, At safepoint: 54843 ns, Total: 445396 ns
[2022-09-06T00:34:47.662+0000][7][safepoint   ] Safepoint "Cleanup", Time since last: 1000794634 ns, Reaching safepoint: 250681 ns, At safepoint: 35195 ns, Total: 285876 ns
[2022-09-06T00:34:49.663+0000][7][safepoint   ] Safepoint "Cleanup", Time since last: 2000797702 ns, Reaching safepoint: 366138 ns, At safepoint: 14477 ns, Total: 380615 ns
[2022-09-06T00:34:57.665+0000][7][safepoint   ] Safepoint "Cleanup", Time since last: 8001764040 ns, Reaching safepoint: 449072 ns, At safepoint: 72857 ns, Total: 521929 ns
[2022-09-06T00:35:06.667+0000][7][safepoint   ] Safepoint "Cleanup", Time since last: 9002080727 ns, Reaching safepoint: 536306 ns, At safepoint: 88477 ns, Total: 624783 ns
[2022-09-06T00:35:07.669+0000][7][safepoint   ] Safepoint "Cleanup", Time since last: 1000930799 ns, Reaching safepoint: 459643 ns, At safepoint: 37220 ns, Total: 496863 ns
[2022-09-06T00:35:12.671+0000][7][safepoint   ] Safepoint "Cleanup", Time since last: 5001464771 ns, Reaching safepoint: 339056 ns, At safepoint: 10059 ns, Total: 349115 ns
[2022-09-06T00:35:16.676+0000][7][safepoint   ] Safepoint "Cleanup", Time since last: 4004844652 ns, Reaching safepoint: 464892 ns, At safepoint: 77295 ns, Total: 542187 ns
[2022-09-06T00:35:27.679+0000][7][safepoint   ] Safepoint "Cleanup", Time since last: 11002657845 ns, Reaching safepoint: 435146 ns, At safepoint: 9699 ns, Total: 444845 ns
[2022-09-06T00:35:36.682+0000][7][safepoint   ] Safepoint "Cleanup", Time since last: 9002219127 ns, Reaching safepoint: 364914 ns, At safepoint: 38793 ns, Total: 403707 ns
[2022-09-06T00:35:57.689+0000][7][safepoint   ] Safepoint "Cleanup", Time since last: 21003920430 ns, Reaching safepoint: 378019 ns, At safepoint: 37951 ns, Total: 415970 ns
[2022-09-06T00:35:59.690+0000][7][safepoint   ] Safepoint "Cleanup", Time since last: 2000985044 ns, Reaching safepoint: 297508 ns, At safepoint: 24436 ns, Total: 321944 ns
[2022-09-06T00:36:06.703+0000][7][safepoint   ] Safepoint "Cleanup", Time since last: 7012848720 ns, Reaching safepoint: 421311 ns, At safepoint: 6903 ns, Total: 428214 ns
[2022-09-06T00:36:17.706+0000][7][safepoint   ] Safepoint "Cleanup", Time since last: 11002286398 ns, Reaching safepoint: 397927 ns, At safepoint: 41177 ns, Total: 439104 ns
[2022-09-06T00:36:27.707+0000][7][safepoint   ] Safepoint "Cleanup", Time since last: 10002603280 ns, Reaching safepoint: 395502 ns, At safepoint: 7865 ns, Total: 403367 ns
[2022-09-06T00:36:36.710+0000][7][safepoint   ] Safepoint "Cleanup", Time since last: 9003000774 ns, Reaching safepoint: 392376 ns, At safepoint: 61816 ns, Total: 454192 ns
[2022-09-06T00:36:37.711+0000][7][safepoint   ] Safepoint "Cleanup", Time since last: 1000893409 ns, Reaching safepoint: 424026 ns, At safepoint: 9528 ns, Total: 433554 ns
[2022-09-06T00:36:57.709+0000][7][safepoint   ] Safepoint "Cleanup", Time since last: 20003736921 ns, Reaching safepoint: 395874 ns, At safepoint: 42078 ns, Total: 437952 ns
[2022-09-06T00:37:06.196+0000][7][gc,start    ] GC(39) Pause Young (Concurrent Start) (G1 Evacuation Pause)
[2022-09-06T00:37:06.197+0000][7][gc,task     ] GC(39) Using 6 workers of 6 for evacuation
[2022-09-06T00:37:06.197+0000][7][gc,age      ] GC(39) Desired survivor size 8388608 bytes, new threshold 15 (max threshold 15)
[2022-09-06T00:37:06.221+0000][7][gc,age      ] GC(39) Age table with threshold 15 (max threshold 15)
[2022-09-06T00:37:06.223+0000][7][gc,age      ] GC(39) - age   1:     120560 bytes,     120560 total
[2022-09-06T00:37:06.224+0000][7][gc,age      ] GC(39) - age   2:      26904 bytes,     147464 total
[2022-09-06T00:37:06.224+0000][7][gc,age      ] GC(39) - age   3:      84408 bytes,     231872 total
[2022-09-06T00:37:06.224+0000][7][gc,age      ] GC(39) - age   4:      19848 bytes,     251720 total
[2022-09-06T00:37:06.225+0000][7][gc,age      ] GC(39) - age   5:     152096 bytes,     403816 total
[2022-09-06T00:37:06.225+0000][7][gc,age      ] GC(39) - age   6:       3736 bytes,     407552 total
[2022-09-06T00:37:06.225+0000][7][gc,age      ] GC(39) - age   7:      87272 bytes,     494824 total
[2022-09-06T00:37:06.226+0000][7][gc,age      ] GC(39) - age   8:     211784 bytes,     706608 total
[2022-09-06T00:37:06.226+0000][7][gc,age      ] GC(39) - age   9:     897096 bytes,    1603704 total
[2022-09-06T00:37:06.227+0000][7][gc,age      ] GC(39) - age  10:    5647648 bytes,    7251352 total
[2022-09-06T00:37:06.227+0000][7][gc,phases   ] GC(39)   Pre Evacuate Collection Set: 0.5ms
[2022-09-06T00:37:06.227+0000][7][gc,phases   ] GC(39)   Merge Heap Roots: 0.2ms
[2022-09-06T00:37:06.228+0000][7][gc,phases   ] GC(39)   Evacuate Collection Set: 14.5ms
[2022-09-06T00:37:06.228+0000][7][gc,phases   ] GC(39)   Post Evacuate Collection Set: 7.8ms
[2022-09-06T00:37:06.228+0000][7][gc,phases   ] GC(39)   Other: 7.9ms
[2022-09-06T00:37:06.229+0000][7][gc,heap     ] GC(39) Eden regions: 28->0(28)
[2022-09-06T00:37:06.229+0000][7][gc,heap     ] GC(39) Survivor regions: 2->2(4)
[2022-09-06T00:37:06.229+0000][7][gc,heap     ] GC(39) Old regions: 18->18
[2022-09-06T00:37:06.229+0000][7][gc,heap     ] GC(39) Archive regions: 2->2
[2022-09-06T00:37:06.230+0000][7][gc,heap     ] GC(39) Humongous regions: 2->2
[2022-09-06T00:37:06.230+0000][7][gc,metaspace] GC(39) Metaspace: 96395K(100616K)->96395K(100616K) NonClass: 83632K(86664K)->83632K(86664K) Class: 12762K(13952K)->12762K(13952K)
[2022-09-06T00:37:06.230+0000][7][gc          ] GC(39) Pause Young (Concurrent Start) (G1 Evacuation Pause) 202M->90M(256M) 34.174ms
[2022-09-06T00:37:06.231+0000][7][gc,cpu      ] GC(39) User=0.06s Sys=0.01s Real=0.04s
[2022-09-06T00:37:06.231+0000][7][safepoint   ] Safepoint "G1CollectForAllocation", Time since last: 8486078911 ns, Reaching safepoint: 615044 ns, At safepoint: 35057733 ns, Total: 35672777 ns
[2022-09-06T00:37:06.231+0000][7][gc          ] GC(40) Concurrent Cycle
[2022-09-06T00:37:06.232+0000][7][gc,marking  ] GC(40) Concurrent Clear Claimed Marks
[2022-09-06T00:37:06.232+0000][7][gc,marking  ] GC(40) Concurrent Clear Claimed Marks 0.499ms
[2022-09-06T00:37:06.233+0000][7][gc,marking  ] GC(40) Concurrent Scan Root Regions
[2022-09-06T00:37:06.258+0000][7][gc,marking  ] GC(40) Concurrent Scan Root Regions 24.819ms
[2022-09-06T00:37:06.261+0000][7][gc,marking  ] GC(40) Concurrent Mark (2381.721s)
[2022-09-06T00:37:06.263+0000][7][gc,marking  ] GC(40) Concurrent Mark From Roots
[2022-09-06T00:37:06.263+0000][7][gc,task     ] GC(40) Using 2 workers of 2 for marking
[2022-09-06T00:37:06.441+0000][7][gc,marking  ] GC(40) Concurrent Mark From Roots 178.704ms
[2022-09-06T00:37:06.442+0000][7][gc,marking  ] GC(40) Concurrent Preclean
[2022-09-06T00:37:06.443+0000][7][gc,marking  ] GC(40) Concurrent Preclean 0.592ms
[2022-09-06T00:37:06.443+0000][7][gc,marking  ] GC(40) Concurrent Mark (2381.721s, 2381.903s) 181.632ms
[2022-09-06T00:37:06.444+0000][7][gc,start    ] GC(40) Pause Remark
[2022-09-06T00:37:06.467+0000][7][gc          ] GC(40) Pause Remark 93M->93M(256M) 23.167ms
[2022-09-06T00:37:06.467+0000][7][gc,cpu      ] GC(40) User=0.13s Sys=0.00s Real=0.03s
[2022-09-06T00:37:06.468+0000][7][safepoint   ] Safepoint "G1Concurrent", Time since last: 212169978 ns, Reaching safepoint: 389481 ns, At safepoint: 24122651 ns, Total: 24512132 ns
[2022-09-06T00:37:06.468+0000][7][gc,marking  ] GC(40) Concurrent Rebuild Remembered Sets
[2022-09-06T00:37:06.526+0000][7][gc,marking  ] GC(40) Concurrent Rebuild Remembered Sets 57.861ms
[2022-09-06T00:37:06.527+0000][7][gc,start    ] GC(40) Pause Cleanup
[2022-09-06T00:37:06.528+0000][7][gc          ] GC(40) Pause Cleanup 93M->93M(256M) 0.666ms
[2022-09-06T00:37:06.528+0000][7][gc,cpu      ] GC(40) User=0.00s Sys=0.00s Real=0.01s
[2022-09-06T00:37:06.529+0000][7][safepoint   ] Safepoint "G1Concurrent", Time since last: 58952195 ns, Reaching safepoint: 442871 ns, At safepoint: 1526505 ns, Total: 1969376 ns
[2022-09-06T00:37:06.529+0000][7][gc,marking  ] GC(40) Concurrent Cleanup for Next Mark
[2022-09-06T00:37:06.540+0000][7][gc,marking  ] GC(40) Concurrent Cleanup for Next Mark 10.749ms
[2022-09-06T00:37:06.541+0000][7][gc          ] GC(40) Concurrent Cycle 309.433ms
[2022-09-06T00:37:46.543+0000][7][safepoint   ] Safepoint "Cleanup", Time since last: 40007396338 ns, Reaching safepoint: 532119 ns, At safepoint: 60143 ns, Total: 592262 ns
[2022-09-06T00:38:07.343+0000][7][safepoint   ] Safepoint "Cleanup", Time since last: 20799984864 ns, Reaching safepoint: 563688 ns, At safepoint: 65443 ns, Total: 629131 ns
[2022-09-06T00:38:10.345+0000][7][safepoint   ] Safepoint "Cleanup", Time since last: 3001390918 ns, Reaching safepoint: 393629 ns, At safepoint: 59160 ns, Total: 452789 ns
[2022-09-06T00:38:12.347+0000][7][safepoint   ] Safepoint "Cleanup", Time since last: 2001006474 ns, Reaching safepoint: 457258 ns, At safepoint: 56987 ns, Total: 514245 ns
[2022-09-06T00:38:26.350+0000][7][safepoint   ] Safepoint "Cleanup", Time since last: 14003084634 ns, Reaching safepoint: 458751 ns, At safepoint: 9438 ns, Total: 468189 ns
[2022-09-06T00:38:28.352+0000][7][safepoint   ] Safepoint "Cleanup", Time since last: 2001006403 ns, Reaching safepoint: 364614 ns, At safepoint: 7634 ns, Total: 372248 ns
[2022-09-06T00:38:36.354+0000][7][safepoint   ] Safepoint "Cleanup", Time since last: 8001981268 ns, Reaching safepoint: 313288 ns, At safepoint: 55454 ns, Total: 368742 ns
[2022-09-06T00:38:40.356+0000][7][safepoint   ] Safepoint "Cleanup", Time since last: 4001234617 ns, Reaching safepoint: 414147 ns, At safepoint: 7254 ns, Total: 421401 ns
[2022-09-06T00:39:06.361+0000][7][safepoint   ] Safepoint "Cleanup", Time since last: 26004716254 ns, Reaching safepoint: 355487 ns, At safepoint: 70753 ns, Total: 426240 ns
[2022-09-06T00:39:26.365+0000][7][safepoint   ] Safepoint "Cleanup", Time since last: 20004151951 ns, Reaching safepoint: 396034 ns, At safepoint: 13084 ns, Total: 409118 ns
[2022-09-06T00:39:27.373+0000][7][safepoint   ] Safepoint "Cleanup", Time since last: 1000735843 ns, Reaching safepoint: 7556732 ns, At safepoint: 111349 ns, Total: 7668081 ns
[2022-09-06T00:39:27.797+0000][7][safepoint   ] Safepoint "ICBufferFull", Time since last: 422823640 ns, Reaching safepoint: 572825 ns, At safepoint: 40376 ns, Total: 613201 ns
[2022-09-06T00:39:28.798+0000][7][safepoint   ] Safepoint "Cleanup", Time since last: 1000703041 ns, Reaching safepoint: 579107 ns, At safepoint: 62568 ns, Total: 641675 ns
[2022-09-06T00:39:29.800+0000][7][safepoint   ] Safepoint "Cleanup", Time since last: 1000779805 ns, Reaching safepoint: 787709 ns, At safepoint: 106961 ns, Total: 894670 ns
[2022-09-06T00:39:32.802+0000][7][safepoint   ] Safepoint "Cleanup", Time since last: 3001600300 ns, Reaching safepoint: 342634 ns, At safepoint: 18845 ns, Total: 361479 ns
[2022-09-06T00:39:36.804+0000][7][safepoint   ] Safepoint "Cleanup", Time since last: 4001289890 ns, Reaching safepoint: 407325 ns, At safepoint: 41628 ns, Total: 448953 ns
[2022-09-06T00:39:46.806+0000][7][safepoint   ] Safepoint "Cleanup", Time since last: 10001929275 ns, Reaching safepoint: 433444 ns, At safepoint: 8496 ns, Total: 441940 ns
[2022-09-06T00:39:47.807+0000][7][safepoint   ] Safepoint "Cleanup", Time since last: 1000831182 ns, Reaching safepoint: 407455 ns, At safepoint: 51697 ns, Total: 459152 ns
[2022-09-06T00:39:56.813+0000][7][safepoint   ] Safepoint "Cleanup", Time since last: 9005432637 ns, Reaching safepoint: 420429 ns, At safepoint: 9929 ns, Total: 430358 ns
[2022-09-06T00:39:57.815+0000][7][safepoint   ] Safepoint "Cleanup", Time since last: 1000806255 ns, Reaching safepoint: 385523 ns, At safepoint: 41879 ns, Total: 427402 ns
[2022-09-06T00:39:59.816+0000][7][safepoint   ] Safepoint "Cleanup", Time since last: 2000861752 ns, Reaching safepoint: 627608 ns, At safepoint: 69991 ns, Total: 697599 ns
[2022-09-06T00:40:00.817+0000][7][safepoint   ] Safepoint "Cleanup", Time since last: 1000964503 ns, Reaching safepoint: 424326 ns, At safepoint: 47560 ns, Total: 471886 ns
[2022-09-06T00:40:01.819+0000][7][safepoint   ] Safepoint "Cleanup", Time since last: 1000737226 ns, Reaching safepoint: 345889 ns, At safepoint: 18204 ns, Total: 364093 ns
[2022-09-06T00:40:06.821+0000][7][safepoint   ] Safepoint "Cleanup", Time since last: 5001374772 ns, Reaching safepoint: 469972 ns, At safepoint: 67848 ns, Total: 537820 ns
[2022-09-06T00:40:07.822+0000][7][safepoint   ] Safepoint "Cleanup", Time since last: 1000766671 ns, Reaching safepoint: 277100 ns, At safepoint: 30207 ns, Total: 307307 ns
[2022-09-06T00:40:16.824+0000][7][safepoint   ] Safepoint "Cleanup", Time since last: 9001797776 ns, Reaching safepoint: 393218 ns, At safepoint: 54422 ns, Total: 447640 ns
[2022-09-06T00:40:17.825+0000][7][safepoint   ] Safepoint "Cleanup", Time since last: 1000709634 ns, Reaching safepoint: 443773 ns, At safepoint: 20879 ns, Total: 464652 ns
[2022-09-06T00:40:19.827+0000][7][safepoint   ] Safepoint "Cleanup", Time since last: 2001156145 ns, Reaching safepoint: 543190 ns, At safepoint: 43421 ns, Total: 586611 ns
[2022-09-06T00:40:20.715+0000][7][gc,start    ] GC(41) Pause Young (Normal) (G1 Evacuation Pause)
[2022-09-06T00:40:20.716+0000][7][gc,task     ] GC(41) Using 6 workers of 6 for evacuation
[2022-09-06T00:40:20.717+0000][7][gc,age      ] GC(41) Desired survivor size 8388608 bytes, new threshold 15 (max threshold 15)
[2022-09-06T00:40:20.731+0000][7][gc,age      ] GC(41) Age table with threshold 15 (max threshold 15)
[2022-09-06T00:40:20.732+0000][7][gc,age      ] GC(41) - age   1:    2036888 bytes,    2036888 total
[2022-09-06T00:40:20.732+0000][7][gc,age      ] GC(41) - age   2:      39344 bytes,    2076232 total
[2022-09-06T00:40:20.733+0000][7][gc,age      ] GC(41) - age   3:      26704 bytes,    2102936 total
[2022-09-06T00:40:20.733+0000][7][gc,age      ] GC(41) - age   4:      83176 bytes,    2186112 total
[2022-09-06T00:40:20.734+0000][7][gc,age      ] GC(41) - age   5:      19824 bytes,    2205936 total
[2022-09-06T00:40:20.734+0000][7][gc,age      ] GC(41) - age   6:     152056 bytes,    2357992 total
[2022-09-06T00:40:20.734+0000][7][gc,age      ] GC(41) - age   7:       3736 bytes,    2361728 total
[2022-09-06T00:40:20.735+0000][7][gc,age      ] GC(41) - age   8:      87232 bytes,    2448960 total
[2022-09-06T00:40:20.735+0000][7][gc,age      ] GC(41) - age   9:     120992 bytes,    2569952 total
[2022-09-06T00:40:20.735+0000][7][gc,age      ] GC(41) - age  10:     895872 bytes,    3465824 total
[2022-09-06T00:40:20.736+0000][7][gc,age      ] GC(41) - age  11:    5603464 bytes,    9069288 total
[2022-09-06T00:40:20.736+0000][7][gc,phases   ] GC(41)   Pre Evacuate Collection Set: 0.4ms
[2022-09-06T00:40:20.736+0000][7][gc,phases   ] GC(41)   Merge Heap Roots: 0.3ms
[2022-09-06T00:40:20.736+0000][7][gc,phases   ] GC(41)   Evacuate Collection Set: 10.9ms
[2022-09-06T00:40:20.737+0000][7][gc,phases   ] GC(41)   Post Evacuate Collection Set: 2.8ms
[2022-09-06T00:40:20.737+0000][7][gc,phases   ] GC(41)   Other: 6.3ms
[2022-09-06T00:40:20.737+0000][7][gc,heap     ] GC(41) Eden regions: 28->0(26)
[2022-09-06T00:40:20.738+0000][7][gc,heap     ] GC(41) Survivor regions: 2->3(4)
[2022-09-06T00:40:20.738+0000][7][gc,heap     ] GC(41) Old regions: 18->18
[2022-09-06T00:40:20.738+0000][7][gc,heap     ] GC(41) Archive regions: 2->2
[2022-09-06T00:40:20.739+0000][7][gc,heap     ] GC(41) Humongous regions: 2->2
[2022-09-06T00:40:20.739+0000][7][gc,metaspace] GC(41) Metaspace: 98521K(102920K)->98521K(102920K) NonClass: 85460K(88712K)->85460K(88712K) Class: 13060K(14208K)->13060K(14208K)
[2022-09-06T00:40:20.739+0000][7][gc          ] GC(41) Pause Young (Normal) (G1 Evacuation Pause) 202M->92M(256M) 24.060ms
[2022-09-06T00:40:20.740+0000][7][gc,cpu      ] GC(41) User=0.07s Sys=0.00s Real=0.02s
[2022-09-06T00:40:20.740+0000][7][safepoint   ] Safepoint "G1CollectForAllocation", Time since last: 887993190 ns, Reaching safepoint: 499928 ns, At safepoint: 24890492 ns, Total: 25390420 ns
[2022-09-06T00:40:21.741+0000][7][safepoint   ] Safepoint "Cleanup", Time since last: 1000703933 ns, Reaching safepoint: 553108 ns, At safepoint: 67387 ns, Total: 620495 ns
[2022-09-06T00:40:22.743+0000][7][safepoint   ] Safepoint "Cleanup", Time since last: 1001028222 ns, Reaching safepoint: 393218 ns, At safepoint: 56787 ns, Total: 450005 ns
[2022-09-06T00:40:23.744+0000][7][safepoint   ] Safepoint "Cleanup", Time since last: 1000683264 ns, Reaching safepoint: 355928 ns, At safepoint: 32882 ns, Total: 388810 ns
[2022-09-06T00:40:25.745+0000][7][safepoint   ] Safepoint "Cleanup", Time since last: 2000836074 ns, Reaching safepoint: 354074 ns, At safepoint: 38062 ns, Total: 392136 ns
[2022-09-06T00:40:26.749+0000][7][safepoint   ] Safepoint "Cleanup", Time since last: 1002944408 ns, Reaching safepoint: 367870 ns, At safepoint: 63680 ns, Total: 431550 ns
[2022-09-06T00:40:27.750+0000][7][safepoint   ] Safepoint "Cleanup", Time since last: 1000880754 ns, Reaching safepoint: 457439 ns, At safepoint: 87303 ns, Total: 544742 ns
[2022-09-06T00:40:28.751+0000][7][safepoint   ] Safepoint "Cleanup", Time since last: 1000854877 ns, Reaching safepoint: 403638 ns, At safepoint: 56145 ns, Total: 459783 ns
[2022-09-06T00:40:29.753+0000][7][safepoint   ] Safepoint "Cleanup", Time since last: 1000878101 ns, Reaching safepoint: 578606 ns, At safepoint: 92553 ns, Total: 671159 ns
[2022-09-06T00:40:34.754+0000][7][safepoint   ] Safepoint "Cleanup", Time since last: 5001208320 ns, Reaching safepoint: 240973 ns, At safepoint: 4308 ns, Total: 245281 ns
[2022-09-06T00:40:36.757+0000][7][safepoint   ] Safepoint "Cleanup", Time since last: 2002463037 ns, Reaching safepoint: 289263 ns, At safepoint: 39013 ns, Total: 328276 ns
[2022-09-06T00:40:37.759+0000][7][safepoint   ] Safepoint "Cleanup", Time since last: 1001174497 ns, Reaching safepoint: 411201 ns, At safepoint: 73218 ns, Total: 484419 ns
[2022-09-06T00:40:39.760+0000][7][safepoint   ] Safepoint "Cleanup", Time since last: 2000937965 ns, Reaching safepoint: 477045 ns, At safepoint: 65162 ns, Total: 542207 ns
[2022-09-06T00:40:46.763+0000][7][safepoint   ] Safepoint "Cleanup", Time since last: 7002048933 ns, Reaching safepoint: 342563 ns, At safepoint: 7965 ns, Total: 350528 ns
[2022-09-06T00:40:47.764+0000][7][safepoint   ] Safepoint "Cleanup", Time since last: 1000754939 ns, Reaching safepoint: 385954 ns, At safepoint: 68719 ns, Total: 454673 ns
[2022-09-06T00:40:49.765+0000][7][safepoint   ] Safepoint "Cleanup", Time since last: 2000908170 ns, Reaching safepoint: 437050 ns, At safepoint: 44514 ns, Total: 481564 ns
[2022-09-06T00:40:56.767+0000][7][safepoint   ] Safepoint "Cleanup", Time since last: 7001729893 ns, Reaching safepoint: 484490 ns, At safepoint: 4518 ns, Total: 489008 ns
[2022-09-06T00:40:58.769+0000][7][safepoint   ] Safepoint "Cleanup", Time since last: 2000731667 ns, Reaching safepoint: 520888 ns, At safepoint: 77786 ns, Total: 598674 ns
[2022-09-06T00:41:06.772+0000][7][safepoint   ] Safepoint "Cleanup", Time since last: 8002368885 ns, Reaching safepoint: 418436 ns, At safepoint: 13074 ns, Total: 431510 ns
[2022-09-06T00:41:09.773+0000][7][safepoint   ] Safepoint "Cleanup", Time since last: 3001358738 ns, Reaching safepoint: 436298 ns, At safepoint: 9789 ns, Total: 446087 ns
[2022-09-06T00:41:16.777+0000][7][safepoint   ] Safepoint "Cleanup", Time since last: 7002816272 ns, Reaching safepoint: 467658 ns, At safepoint: 43522 ns, Total: 511180 ns
[2022-09-06T00:41:20.779+0000][7][safepoint   ] Safepoint "Cleanup", Time since last: 4001933789 ns, Reaching safepoint: 493225 ns, At safepoint: 68960 ns, Total: 562185 ns
[2022-09-06T00:41:26.781+0000][7][safepoint   ] Safepoint "Cleanup", Time since last: 6001681971 ns, Reaching safepoint: 407114 ns, At safepoint: 14929 ns, Total: 422043 ns
[2022-09-06T00:41:27.783+0000][7][safepoint   ] Safepoint "Cleanup", Time since last: 1001160990 ns, Reaching safepoint: 281298 ns, At safepoint: 33032 ns, Total: 314330 ns
[2022-09-06T00:41:30.785+0000][7][safepoint   ] Safepoint "Cleanup", Time since last: 3001274749 ns, Reaching safepoint: 372610 ns, At safepoint: 41367 ns, Total: 413977 ns
[2022-09-06T00:41:36.787+0000][7][safepoint   ] Safepoint "Cleanup", Time since last: 6001373052 ns, Reaching safepoint: 658867 ns, At safepoint: 70021 ns, Total: 728888 ns
[2022-09-06T00:41:38.789+0000][7][safepoint   ] Safepoint "Cleanup", Time since last: 2001441551 ns, Reaching safepoint: 493285 ns, At safepoint: 76433 ns, Total: 569718 ns
[2022-09-06T00:41:40.790+0000][7][safepoint   ] Safepoint "Cleanup", Time since last: 2001117152 ns, Reaching safepoint: 352702 ns, At safepoint: 8807 ns, Total: 361509 ns
[2022-09-06T00:42:06.795+0000][7][safepoint   ] Safepoint "Cleanup", Time since last: 26004798930 ns, Reaching safepoint: 285005 ns, At safepoint: 8405 ns, Total: 293410 ns
[2022-09-06T00:42:26.800+0000][7][safepoint   ] Safepoint "Cleanup", Time since last: 20004134389 ns, Reaching safepoint: 321784 ns, At safepoint: 4679 ns, Total: 326463 ns
[2022-09-06T00:42:36.174+0000][7][gc,start    ] GC(42) Pause Young (Concurrent Start) (G1 Evacuation Pause)
[2022-09-06T00:42:36.175+0000][7][gc,task     ] GC(42) Using 6 workers of 6 for evacuation
[2022-09-06T00:42:36.175+0000][7][gc,age      ] GC(42) Desired survivor size 8388608 bytes, new threshold 11 (max threshold 15)
[2022-09-06T00:42:36.238+0000][7][gc,age      ] GC(42) Age table with threshold 11 (max threshold 15)
[2022-09-06T00:42:36.238+0000][7][gc,age      ] GC(42) - age   1:     649984 bytes,     649984 total
[2022-09-06T00:42:36.238+0000][7][gc,age      ] GC(42) - age   2:     828800 bytes,    1478784 total
[2022-09-06T00:42:36.239+0000][7][gc,age      ] GC(42) - age   3:      39248 bytes,    1518032 total
[2022-09-06T00:42:36.239+0000][7][gc,age      ] GC(42) - age   4:      26704 bytes,    1544736 total
[2022-09-06T00:42:36.239+0000][7][gc,age      ] GC(42) - age   5:      83032 bytes,    1627768 total
[2022-09-06T00:42:36.240+0000][7][gc,age      ] GC(42) - age   6:      19392 bytes,    1647160 total
[2022-09-06T00:42:36.240+0000][7][gc,age      ] GC(42) - age   7:     152056 bytes,    1799216 total
[2022-09-06T00:42:36.240+0000][7][gc,age      ] GC(42) - age   8:       3736 bytes,    1802952 total
[2022-09-06T00:42:36.240+0000][7][gc,age      ] GC(42) - age   9:      87088 bytes,    1890040 total
[2022-09-06T00:42:36.241+0000][7][gc,age      ] GC(42) - age  10:     119168 bytes,    2009208 total
[2022-09-06T00:42:36.241+0000][7][gc,age      ] GC(42) - age  11:     894552 bytes,    2903760 total
[2022-09-06T00:42:36.241+0000][7][gc,phases   ] GC(42)   Pre Evacuate Collection Set: 0.4ms
[2022-09-06T00:42:36.241+0000][7][gc,phases   ] GC(42)   Merge Heap Roots: 0.2ms
[2022-09-06T00:42:36.242+0000][7][gc,phases   ] GC(42)   Evacuate Collection Set: 59.0ms
[2022-09-06T00:42:36.242+0000][7][gc,phases   ] GC(42)   Post Evacuate Collection Set: 2.6ms
[2022-09-06T00:42:36.242+0000][7][gc,phases   ] GC(42)   Other: 4.9ms
[2022-09-06T00:42:36.242+0000][7][gc,heap     ] GC(42) Eden regions: 26->0(28)
[2022-09-06T00:42:36.243+0000][7][gc,heap     ] GC(42) Survivor regions: 3->1(4)
[2022-09-06T00:42:36.243+0000][7][gc,heap     ] GC(42) Old regions: 18->20
[2022-09-06T00:42:36.243+0000][7][gc,heap     ] GC(42) Archive regions: 2->2
[2022-09-06T00:42:36.243+0000][7][gc,heap     ] GC(42) Humongous regions: 2->2
[2022-09-06T00:42:36.244+0000][7][gc,metaspace] GC(42) Metaspace: 99058K(103432K)->99058K(103432K) NonClass: 85979K(89224K)->85979K(89224K) Class: 13078K(14208K)->13078K(14208K)
[2022-09-06T00:42:36.244+0000][7][gc          ] GC(42) Pause Young (Concurrent Start) (G1 Evacuation Pause) 196M->91M(256M) 69.908ms
[2022-09-06T00:42:36.244+0000][7][gc,cpu      ] GC(42) User=0.30s Sys=0.00s Real=0.07s
[2022-09-06T00:42:36.245+0000][7][gc          ] GC(43) Concurrent Cycle
[2022-09-06T00:42:36.245+0000][7][safepoint   ] Safepoint "G1CollectForAllocation", Time since last: 9373716011 ns, Reaching safepoint: 500600 ns, At safepoint: 70692668 ns, Total: 71193268 ns
[2022-09-06T00:42:36.245+0000][7][gc,marking  ] GC(43) Concurrent Clear Claimed Marks
[2022-09-06T00:42:36.246+0000][7][gc,marking  ] GC(43) Concurrent Clear Claimed Marks 0.882ms
[2022-09-06T00:42:36.246+0000][7][gc,marking  ] GC(43) Concurrent Scan Root Regions
[2022-09-06T00:42:36.255+0000][7][gc,marking  ] GC(43) Concurrent Scan Root Regions 8.918ms
[2022-09-06T00:42:36.258+0000][7][gc,marking  ] GC(43) Concurrent Mark (2711.712s)
[2022-09-06T00:42:36.259+0000][7][gc,marking  ] GC(43) Concurrent Mark From Roots
[2022-09-06T00:42:36.259+0000][7][gc,task     ] GC(43) Using 2 workers of 2 for marking
[2022-09-06T00:42:36.338+0000][7][gc,marking  ] GC(43) Concurrent Mark From Roots 79.037ms
[2022-09-06T00:42:36.339+0000][7][gc,marking  ] GC(43) Concurrent Preclean
[2022-09-06T00:42:36.340+0000][7][gc,marking  ] GC(43) Concurrent Preclean 1.064ms
[2022-09-06T00:42:36.340+0000][7][gc,marking  ] GC(43) Concurrent Mark (2711.712s, 2711.794s) 82.403ms
[2022-09-06T00:42:36.341+0000][7][gc,start    ] GC(43) Pause Remark
[2022-09-06T00:42:36.349+0000][7][gc          ] GC(43) Pause Remark 94M->94M(256M) 7.295ms
[2022-09-06T00:42:36.349+0000][7][gc,cpu      ] GC(43) User=0.03s Sys=0.00s Real=0.01s
[2022-09-06T00:42:36.350+0000][7][safepoint   ] Safepoint "G1Concurrent", Time since last: 96167427 ns, Reaching safepoint: 391585 ns, At safepoint: 8201201 ns, Total: 8592786 ns
[2022-09-06T00:42:36.350+0000][7][gc,marking  ] GC(43) Concurrent Rebuild Remembered Sets
[2022-09-06T00:42:36.412+0000][7][gc,marking  ] GC(43) Concurrent Rebuild Remembered Sets 62.444ms
[2022-09-06T00:42:36.414+0000][7][gc,start    ] GC(43) Pause Cleanup
[2022-09-06T00:42:36.415+0000][7][gc          ] GC(43) Pause Cleanup 94M->94M(256M) 0.629ms
[2022-09-06T00:42:36.415+0000][7][gc,cpu      ] GC(43) User=0.00s Sys=0.01s Real=0.00s
[2022-09-06T00:42:36.416+0000][7][safepoint   ] Safepoint "G1Concurrent", Time since last: 63656974 ns, Reaching safepoint: 1102930 ns, At safepoint: 1309247 ns, Total: 2412177 ns
[2022-09-06T00:42:36.416+0000][7][gc,marking  ] GC(43) Concurrent Cleanup for Next Mark
[2022-09-06T00:42:36.424+0000][7][gc,marking  ] GC(43) Concurrent Cleanup for Next Mark 8.359ms
[2022-09-06T00:42:36.425+0000][7][gc          ] GC(43) Concurrent Cycle 180.225ms
[2022-09-06T00:42:46.419+0000][7][safepoint   ] Safepoint "Cleanup", Time since last: 10002478817 ns, Reaching safepoint: 493797 ns, At safepoint: 37711 ns, Total: 531508 ns
[2022-09-06T00:42:56.421+0000][7][safepoint   ] Safepoint "Cleanup", Time since last: 10002446776 ns, Reaching safepoint: 335640 ns, At safepoint: 15269 ns, Total: 350909 ns
[2022-09-06T00:43:05.424+0000][7][safepoint   ] Safepoint "Cleanup", Time since last: 9002018610 ns, Reaching safepoint: 532439 ns, At safepoint: 6111 ns, Total: 538550 ns
[2022-09-06T00:43:06.425+0000][7][safepoint   ] Safepoint "Cleanup", Time since last: 1000937292 ns, Reaching safepoint: 405130 ns, At safepoint: 61044 ns, Total: 466174 ns
[2022-09-06T00:43:10.427+0000][7][safepoint   ] Safepoint "Cleanup", Time since last: 4001200994 ns, Reaching safepoint: 345990 ns, At safepoint: 39644 ns, Total: 385634 ns
[2022-09-06T00:43:17.429+0000][7][safepoint   ] Safepoint "Cleanup", Time since last: 7001548804 ns, Reaching safepoint: 431329 ns, At safepoint: 13155 ns, Total: 444484 ns
[2022-09-06T00:43:21.431+0000][7][safepoint   ] Safepoint "Cleanup", Time since last: 4001379629 ns, Reaching safepoint: 375755 ns, At safepoint: 13526 ns, Total: 389281 ns
[2022-09-06T00:43:27.433+0000][7][safepoint   ] Safepoint "Cleanup", Time since last: 6001436280 ns, Reaching safepoint: 387407 ns, At safepoint: 7735 ns, Total: 395142 ns
[2022-09-06T00:43:47.437+0000][7][safepoint   ] Safepoint "Cleanup", Time since last: 20003849564 ns, Reaching safepoint: 428013 ns, At safepoint: 13736 ns, Total: 441749 ns
[2022-09-06T00:44:00.440+0000][7][safepoint   ] Safepoint "Cleanup", Time since last: 13002669541 ns, Reaching safepoint: 295023 ns, At safepoint: 58750 ns, Total: 353773 ns
[2022-09-06T00:44:06.442+0000][7][safepoint   ] Safepoint "Cleanup", Time since last: 6001642438 ns, Reaching safepoint: 461937 ns, At safepoint: 37260 ns, Total: 499197 ns
[2022-09-06T00:44:10.443+0000][7][safepoint   ] Safepoint "Cleanup", Time since last: 4001262429 ns, Reaching safepoint: 404399 ns, At safepoint: 8135 ns, Total: 412534 ns
[2022-09-06T00:44:30.448+0000][7][safepoint   ] Safepoint "Cleanup", Time since last: 20003895389 ns, Reaching safepoint: 458500 ns, At safepoint: 54593 ns, Total: 513093 ns
[2022-09-06T00:44:36.450+0000][7][safepoint   ] Safepoint "Cleanup", Time since last: 6001656353 ns, Reaching safepoint: 348234 ns, At safepoint: 60193 ns, Total: 408427 ns
[2022-09-06T00:45:06.456+0000][7][safepoint   ] Safepoint "Cleanup", Time since last: 30005461663 ns, Reaching safepoint: 475011 ns, At safepoint: 9268 ns, Total: 484279 ns
[2022-09-06T00:45:18.459+0000][7][safepoint   ] Safepoint "Cleanup", Time since last: 12002651786 ns, Reaching safepoint: 371608 ns, At safepoint: 13545 ns, Total: 385153 ns
[2022-09-06T00:45:30.461+0000][7][safepoint   ] Safepoint "Cleanup", Time since last: 12002714183 ns, Reaching safepoint: 412775 ns, At safepoint: 38171 ns, Total: 450946 ns
[2022-09-06T00:45:32.463+0000][7][safepoint   ] Safepoint "Cleanup", Time since last: 2000858065 ns, Reaching safepoint: 424637 ns, At safepoint: 7605 ns, Total: 432242 ns
[2022-09-06T00:45:40.465+0000][7][safepoint   ] Safepoint "Cleanup", Time since last: 8002035039 ns, Reaching safepoint: 585509 ns, At safepoint: 82234 ns, Total: 667743 ns
[2022-09-06T00:45:46.467+0000][7][safepoint   ] Safepoint "Cleanup", Time since last: 6001463190 ns, Reaching safepoint: 443603 ns, At safepoint: 8576 ns, Total: 452179 ns
[2022-09-06T00:45:50.469+0000][7][safepoint   ] Safepoint "Cleanup", Time since last: 4001280273 ns, Reaching safepoint: 297458 ns, At safepoint: 6783 ns, Total: 304241 ns
[2022-09-06T00:45:56.471+0000][7][safepoint   ] Safepoint "Cleanup", Time since last: 6001641495 ns, Reaching safepoint: 554070 ns, At safepoint: 56075 ns, Total: 610145 ns
[2022-09-06T00:46:06.475+0000][7][safepoint   ] Safepoint "Cleanup", Time since last: 10003566908 ns, Reaching safepoint: 334949 ns, At safepoint: 5991 ns, Total: 340940 ns
[2022-09-06T00:47:46.734+0000][7][gc,start    ] GC(44) Pause Young (Normal) (G1 Evacuation Pause)
[2022-09-06T00:47:46.750+0000][7][gc,task     ] GC(44) Using 6 workers of 6 for evacuation
[2022-09-06T00:47:46.766+0000][7][gc,age      ] GC(44) Desired survivor size 8388608 bytes, new threshold 15 (max threshold 15)
[2022-09-06T00:47:46.803+0000][7][gc,age      ] GC(44) Age table with threshold 15 (max threshold 15)
[2022-09-06T00:47:46.806+0000][7][gc,age      ] GC(44) - age   1:     325848 bytes,     325848 total
[2022-09-06T00:47:46.806+0000][7][gc,age      ] GC(44) - age   2:     486528 bytes,     812376 total
[2022-09-06T00:47:46.808+0000][7][gc,age      ] GC(44) - age   3:     827984 bytes,    1640360 total
[2022-09-06T00:47:46.809+0000][7][gc,age      ] GC(44) - age   4:      39248 bytes,    1679608 total
[2022-09-06T00:47:46.810+0000][7][gc,age      ] GC(44) - age   5:      26608 bytes,    1706216 total
[2022-09-06T00:47:46.816+0000][7][gc,age      ] GC(44) - age   6:      83032 bytes,    1789248 total
[2022-09-06T00:47:46.817+0000][7][gc,age      ] GC(44) - age   7:      19392 bytes,    1808640 total
[2022-09-06T00:47:46.818+0000][7][gc,age      ] GC(44) - age   8:     152056 bytes,    1960696 total
[2022-09-06T00:47:46.818+0000][7][gc,age      ] GC(44) - age   9:       3736 bytes,    1964432 total
[2022-09-06T00:47:46.819+0000][7][gc,age      ] GC(44) - age  10:      87088 bytes,    2051520 total
[2022-09-06T00:47:46.821+0000][7][gc,age      ] GC(44) - age  11:     119088 bytes,    2170608 total
[2022-09-06T00:47:46.824+0000][7][gc,age      ] GC(44) - age  12:     894512 bytes,    3065120 total
[2022-09-06T00:47:46.826+0000][7][gc,phases   ] GC(44)   Pre Evacuate Collection Set: 0.2ms
[2022-09-06T00:47:46.828+0000][7][gc,phases   ] GC(44)   Merge Heap Roots: 0.2ms
[2022-09-06T00:47:46.829+0000][7][gc,phases   ] GC(44)   Evacuate Collection Set: 18.9ms
[2022-09-06T00:47:46.829+0000][7][gc,phases   ] GC(44)   Post Evacuate Collection Set: 5.8ms
[2022-09-06T00:47:46.829+0000][7][gc,phases   ] GC(44)   Other: 66.4ms
[2022-09-06T00:47:46.830+0000][7][gc,heap     ] GC(44) Eden regions: 28->0(28)
[2022-09-06T00:47:46.830+0000][7][gc,heap     ] GC(44) Survivor regions: 1->1(4)
[2022-09-06T00:47:46.830+0000][7][gc,heap     ] GC(44) Old regions: 20->20
[2022-09-06T00:47:46.831+0000][7][gc,heap     ] GC(44) Archive regions: 2->2
[2022-09-06T00:47:46.831+0000][7][gc,heap     ] GC(44) Humongous regions: 2->2
[2022-09-06T00:47:46.832+0000][7][gc,metaspace] GC(44) Metaspace: 99683K(104072K)->99683K(104072K) NonClass: 86505K(89736K)->86505K(89736K) Class: 13177K(14336K)->13177K(14336K)
[2022-09-06T00:47:46.832+0000][7][gc          ] GC(44) Pause Young (Normal) (G1 Evacuation Pause) 203M->91M(256M) 97.757ms
[2022-09-06T00:47:46.832+0000][7][gc,cpu      ] GC(44) User=0.04s Sys=0.01s Real=0.11s
[2022-09-06T00:47:46.833+0000][7][safepoint   ] Safepoint "G1CollectForAllocation", Time since last: 100268556565 ns, Reaching safepoint: 1448188 ns, At safepoint: 98628395 ns, Total: 100076583 ns
[2022-09-06T00:47:47.853+0000][7][safepoint   ] Safepoint "Cleanup", Time since last: 1019448712 ns, Reaching safepoint: 273924 ns, At safepoint: 38452 ns, Total: 312376 ns
[2022-09-06T00:47:50.862+0000][7][safepoint   ] Safepoint "Cleanup", Time since last: 3008973408 ns, Reaching safepoint: 401984 ns, At safepoint: 47329 ns, Total: 449313 ns
[2022-09-06T00:47:51.863+0000][7][safepoint   ] Safepoint "Cleanup", Time since last: 1001197760 ns, Reaching safepoint: 276869 ns, At safepoint: 5671 ns, Total: 282540 ns
[2022-09-06T00:47:56.866+0000][7][safepoint   ] Safepoint "Cleanup", Time since last: 5001524654 ns, Reaching safepoint: 489038 ns, At safepoint: 69981 ns, Total: 559019 ns
[2022-09-06T00:48:01.868+0000][7][safepoint   ] Safepoint "Cleanup", Time since last: 5001566071 ns, Reaching safepoint: 447550 ns, At safepoint: 8416 ns, Total: 455966 ns
[2022-09-06T00:48:20.885+0000][7][safepoint   ] Safepoint "Cleanup", Time since last: 19005296366 ns, Reaching safepoint: 341551 ns, At safepoint: 13014 ns, Total: 354565 ns
[2022-09-06T00:48:26.886+0000][7][safepoint   ] Safepoint "Cleanup", Time since last: 6001573137 ns, Reaching safepoint: 213291 ns, At safepoint: 4788 ns, Total: 218079 ns
[2022-09-06T00:48:46.891+0000][7][safepoint   ] Safepoint "Cleanup", Time since last: 20003628519 ns, Reaching safepoint: 499628 ns, At safepoint: 73317 ns, Total: 572945 ns
[2022-09-06T00:49:06.896+0000][7][safepoint   ] Safepoint "Cleanup", Time since last: 20004306061 ns, Reaching safepoint: 409328 ns, At safepoint: 14658 ns, Total: 423986 ns
[2022-09-06T00:49:15.898+0000][7][safepoint   ] Safepoint "Cleanup", Time since last: 9001945332 ns, Reaching safepoint: 532770 ns, At safepoint: 68359 ns, Total: 601129 ns
[2022-09-06T00:49:16.899+0000][7][safepoint   ] Safepoint "Cleanup", Time since last: 1000875004 ns, Reaching safepoint: 535335 ns, At safepoint: 64020 ns, Total: 599355 ns
[2022-09-06T00:49:46.906+0000][7][safepoint   ] Safepoint "Cleanup", Time since last: 30005588231 ns, Reaching safepoint: 337815 ns, At safepoint: 36408 ns, Total: 374223 ns
[2022-09-06T00:50:06.910+0000][7][safepoint   ] Safepoint "Cleanup", Time since last: 20004213216 ns, Reaching safepoint: 429015 ns, At safepoint: 15149 ns, Total: 444164 ns
[2022-09-06T00:50:36.917+0000][7][safepoint   ] Safepoint "Cleanup", Time since last: 30005818843 ns, Reaching safepoint: 621146 ns, At safepoint: 68668 ns, Total: 689814 ns
[2022-09-06T00:50:45.920+0000][7][safepoint   ] Safepoint "Cleanup", Time since last: 9002335485 ns, Reaching safepoint: 415660 ns, At safepoint: 17523 ns, Total: 433183 ns
[2022-09-06T00:50:46.921+0000][7][safepoint   ] Safepoint "Cleanup", Time since last: 1000964342 ns, Reaching safepoint: 451968 ns, At safepoint: 9859 ns, Total: 461827 ns
[2022-09-06T00:51:16.159+0000][7][gc,start    ] GC(45) Pause Young (Concurrent Start) (G1 Evacuation Pause)
[2022-09-06T00:51:16.160+0000][7][gc,task     ] GC(45) Using 6 workers of 6 for evacuation
[2022-09-06T00:51:16.160+0000][7][gc,age      ] GC(45) Desired survivor size 8388608 bytes, new threshold 15 (max threshold 15)
[2022-09-06T00:51:16.175+0000][7][gc,age      ] GC(45) Age table with threshold 15 (max threshold 15)
[2022-09-06T00:51:16.175+0000][7][gc,age      ] GC(45) - age   1:      23096 bytes,      23096 total
[2022-09-06T00:51:16.175+0000][7][gc,age      ] GC(45) - age   2:     269632 bytes,     292728 total
[2022-09-06T00:51:16.176+0000][7][gc,age      ] GC(45) - age   3:     419648 bytes,     712376 total
[2022-09-06T00:51:16.176+0000][7][gc,age      ] GC(45) - age   4:     749240 bytes,    1461616 total
[2022-09-06T00:51:16.176+0000][7][gc,age      ] GC(45) - age   5:      36488 bytes,    1498104 total
[2022-09-06T00:51:16.176+0000][7][gc,age      ] GC(45) - age   6:      26608 bytes,    1524712 total
[2022-09-06T00:51:16.176+0000][7][gc,age      ] GC(45) - age   7:      83032 bytes,    1607744 total
[2022-09-06T00:51:16.177+0000][7][gc,age      ] GC(45) - age   8:      19280 bytes,    1627024 total
[2022-09-06T00:51:16.177+0000][7][gc,age      ] GC(45) - age   9:     152056 bytes,    1779080 total
[2022-09-06T00:51:16.178+0000][7][gc,age      ] GC(45) - age  10:       3736 bytes,    1782816 total
[2022-09-06T00:51:16.178+0000][7][gc,age      ] GC(45) - age  11:      87088 bytes,    1869904 total
[2022-09-06T00:51:16.178+0000][7][gc,age      ] GC(45) - age  12:     119088 bytes,    1988992 total
[2022-09-06T00:51:16.179+0000][7][gc,age      ] GC(45) - age  13:     894512 bytes,    2883504 total
[2022-09-06T00:51:16.179+0000][7][gc,phases   ] GC(45)   Pre Evacuate Collection Set: 0.5ms
[2022-09-06T00:51:16.180+0000][7][gc,phases   ] GC(45)   Merge Heap Roots: 0.2ms
[2022-09-06T00:51:16.180+0000][7][gc,phases   ] GC(45)   Evacuate Collection Set: 8.6ms
[2022-09-06T00:51:16.180+0000][7][gc,phases   ] GC(45)   Post Evacuate Collection Set: 4.9ms
[2022-09-06T00:51:16.180+0000][7][gc,phases   ] GC(45)   Other: 6.0ms
[2022-09-06T00:51:16.181+0000][7][gc,heap     ] GC(45) Eden regions: 28->0(28)
[2022-09-06T00:51:16.181+0000][7][gc,heap     ] GC(45) Survivor regions: 1->1(4)
[2022-09-06T00:51:16.181+0000][7][gc,heap     ] GC(45) Old regions: 20->20
[2022-09-06T00:51:16.181+0000][7][gc,heap     ] GC(45) Archive regions: 2->2
[2022-09-06T00:51:16.181+0000][7][gc,heap     ] GC(45) Humongous regions: 2->2
[2022-09-06T00:51:16.182+0000][7][gc,metaspace] GC(45) Metaspace: 99747K(104072K)->99747K(104072K) NonClass: 86566K(89736K)->86566K(89736K) Class: 13180K(14336K)->13180K(14336K)
[2022-09-06T00:51:16.182+0000][7][gc          ] GC(45) Pause Young (Concurrent Start) (G1 Evacuation Pause) 203M->91M(256M) 22.634ms
[2022-09-06T00:51:16.182+0000][7][gc,cpu      ] GC(45) User=0.04s Sys=0.01s Real=0.02s
[2022-09-06T00:51:16.182+0000][7][gc          ] GC(46) Concurrent Cycle
[2022-09-06T00:51:16.183+0000][7][safepoint   ] Safepoint "G1CollectForAllocation", Time since last: 29238315786 ns, Reaching safepoint: 252715 ns, At safepoint: 23313923 ns, Total: 23566638 ns
[2022-09-06T00:51:16.183+0000][7][gc,marking  ] GC(46) Concurrent Clear Claimed Marks
[2022-09-06T00:51:16.184+0000][7][gc,marking  ] GC(46) Concurrent Clear Claimed Marks 0.925ms
[2022-09-06T00:51:16.184+0000][7][gc,marking  ] GC(46) Concurrent Scan Root Regions
[2022-09-06T00:51:16.191+0000][7][gc,marking  ] GC(46) Concurrent Scan Root Regions 7.437ms
[2022-09-06T00:51:16.192+0000][7][gc,marking  ] GC(46) Concurrent Mark (3231.646s)
[2022-09-06T00:51:16.192+0000][7][gc,marking  ] GC(46) Concurrent Mark From Roots
[2022-09-06T00:51:16.192+0000][7][gc,task     ] GC(46) Using 2 workers of 2 for marking
[2022-09-06T00:51:16.282+0000][7][gc,marking  ] GC(46) Concurrent Mark From Roots 90.181ms
[2022-09-06T00:51:16.283+0000][7][gc,marking  ] GC(46) Concurrent Preclean
[2022-09-06T00:51:16.284+0000][7][gc,marking  ] GC(46) Concurrent Preclean 1.453ms
[2022-09-06T00:51:16.285+0000][7][gc,marking  ] GC(46) Concurrent Mark (3231.646s, 3231.739s) 92.644ms
[2022-09-06T00:51:16.285+0000][7][gc,start    ] GC(46) Pause Remark
[2022-09-06T00:51:16.537+0000][7][gc,mmu      ] GC(46) MMU target violated: 201.0ms (200.0ms/201.0ms)
[2022-09-06T00:51:16.538+0000][7][gc          ] GC(46) Pause Remark 91M->91M(256M) 252.320ms
[2022-09-06T00:51:16.538+0000][7][gc,cpu      ] GC(46) User=1.40s Sys=0.00s Real=0.25s
[2022-09-06T00:51:16.538+0000][7][safepoint   ] Safepoint "G1Concurrent", Time since last: 102439477 ns, Reaching safepoint: 341230 ns, At safepoint: 252966160 ns, Total: 253307390 ns
[2022-09-06T00:51:16.539+0000][7][gc,marking  ] GC(46) Concurrent Rebuild Remembered Sets
[2022-09-06T00:51:16.604+0000][7][gc,marking  ] GC(46) Concurrent Rebuild Remembered Sets 64.969ms
[2022-09-06T00:51:16.605+0000][7][gc,start    ] GC(46) Pause Cleanup
[2022-09-06T00:51:16.606+0000][7][gc          ] GC(46) Pause Cleanup 91M->91M(256M) 0.744ms
[2022-09-06T00:51:16.606+0000][7][gc,cpu      ] GC(46) User=0.00s Sys=0.00s Real=0.00s
[2022-09-06T00:51:16.607+0000][7][safepoint   ] Safepoint "G1Concurrent", Time since last: 66091894 ns, Reaching safepoint: 774584 ns, At safepoint: 1552474 ns, Total: 2327058 ns
[2022-09-06T00:51:16.607+0000][7][gc,marking  ] GC(46) Concurrent Cleanup for Next Mark
[2022-09-06T00:51:16.608+0000][7][gc,marking  ] GC(46) Concurrent Cleanup for Next Mark 0.852ms
[2022-09-06T00:51:16.608+0000][7][gc          ] GC(46) Concurrent Cycle 425.868ms
[2022-09-06T00:51:17.608+0000][7][safepoint   ] Safepoint "Cleanup", Time since last: 1000446711 ns, Reaching safepoint: 542067 ns, At safepoint: 16711 ns, Total: 558778 ns
[2022-09-06T00:51:20.609+0000][7][safepoint   ] Safepoint "Cleanup", Time since last: 3001207994 ns, Reaching safepoint: 325872 ns, At safepoint: 12994 ns, Total: 338866 ns
[2022-09-06T00:51:26.612+0000][7][safepoint   ] Safepoint "Cleanup", Time since last: 6001742626 ns, Reaching safepoint: 771968 ns, At safepoint: 59011 ns, Total: 830979 ns
[2022-09-06T00:51:36.619+0000][7][safepoint   ] Safepoint "Cleanup", Time since last: 10006226430 ns, Reaching safepoint: 505309 ns, At safepoint: 39163 ns, Total: 544472 ns
[2022-09-06T00:51:37.622+0000][7][safepoint   ] Safepoint "Cleanup", Time since last: 1003197703 ns, Reaching safepoint: 377479 ns, At safepoint: 44313 ns, Total: 421792 ns
[2022-09-06T00:51:46.663+0000][7][safepoint   ] Safepoint "Cleanup", Time since last: 9040196889 ns, Reaching safepoint: 423685 ns, At safepoint: 42300 ns, Total: 465985 ns
[2022-09-06T00:51:47.664+0000][7][safepoint   ] Safepoint "Cleanup", Time since last: 1000781910 ns, Reaching safepoint: 215444 ns, At safepoint: 34765 ns, Total: 250209 ns
[2022-09-06T00:52:06.669+0000][7][safepoint   ] Safepoint "Cleanup", Time since last: 19004388162 ns, Reaching safepoint: 334678 ns, At safepoint: 48501 ns, Total: 383179 ns
[2022-09-06T00:52:16.672+0000][7][safepoint   ] Safepoint "Cleanup", Time since last: 10002490449 ns, Reaching safepoint: 854072 ns, At safepoint: 44845 ns, Total: 898917 ns
[2022-09-06T00:52:23.674+0000][7][safepoint   ] Safepoint "Cleanup", Time since last: 7001979222 ns, Reaching safepoint: 375244 ns, At safepoint: 38011 ns, Total: 413255 ns
[2022-09-06T00:52:33.679+0000][7][safepoint   ] Safepoint "Cleanup", Time since last: 10004161555 ns, Reaching safepoint: 274815 ns, At safepoint: 45676 ns, Total: 320491 ns
[2022-09-06T00:52:36.680+0000][7][safepoint   ] Safepoint "Cleanup", Time since last: 3000719067 ns, Reaching safepoint: 282250 ns, At safepoint: 37951 ns, Total: 320201 ns
[2022-09-06T00:52:37.681+0000][7][safepoint   ] Safepoint "Cleanup", Time since last: 1000559733 ns, Reaching safepoint: 347582 ns, At safepoint: 44183 ns, Total: 391765 ns
[2022-09-06T00:52:46.684+0000][7][safepoint   ] Safepoint "Cleanup", Time since last: 9002085145 ns, Reaching safepoint: 289173 ns, At safepoint: 37110 ns, Total: 326283 ns
[2022-09-06T00:53:06.688+0000][7][safepoint   ] Safepoint "Cleanup", Time since last: 20004320337 ns, Reaching safepoint: 332264 ns, At safepoint: 38712 ns, Total: 370976 ns
[2022-09-06T00:54:00.700+0000][7][safepoint   ] Safepoint "Cleanup", Time since last: 54011396971 ns, Reaching safepoint: 309841 ns, At safepoint: 39254 ns, Total: 349095 ns
[2022-09-06T00:54:27.705+0000][7][safepoint   ] Safepoint "Cleanup", Time since last: 27004600410 ns, Reaching safepoint: 336612 ns, At safepoint: 60263 ns, Total: 396875 ns
[2022-09-06T00:54:33.707+0000][7][safepoint   ] Safepoint "Cleanup", Time since last: 6001221397 ns, Reaching safepoint: 167935 ns, At safepoint: 3246 ns, Total: 171181 ns
[2022-09-06T00:54:34.707+0000][7][safepoint   ] Safepoint "Cleanup", Time since last: 1000478691 ns, Reaching safepoint: 160481 ns, At safepoint: 21761 ns, Total: 182242 ns
[2022-09-06T00:54:36.708+0000][7][safepoint   ] Safepoint "Cleanup", Time since last: 2000647870 ns, Reaching safepoint: 466396 ns, At safepoint: 84108 ns, Total: 550504 ns
[2022-09-06T00:55:04.812+0000][7][safepoint   ] Safepoint "Cleanup", Time since last: 28103215913 ns, Reaching safepoint: 922531 ns, At safepoint: 64682 ns, Total: 987213 ns
[2022-09-06T00:55:10.794+0000][7][safepoint   ] Safepoint "Cleanup", Time since last: 5980602742 ns, Reaching safepoint: 925907 ns, At safepoint: 89849 ns, Total: 1015756 ns
[2022-09-06T00:55:11.797+0000][7][safepoint   ] Safepoint "Cleanup", Time since last: 1002027136 ns, Reaching safepoint: 430999 ns, At safepoint: 42791 ns, Total: 473790 ns
[2022-09-06T00:55:13.798+0000][7][safepoint   ] Safepoint "Cleanup", Time since last: 2000786050 ns, Reaching safepoint: 328506 ns, At safepoint: 9638 ns, Total: 338144 ns
[2022-09-06T00:55:16.799+0000][7][safepoint   ] Safepoint "Cleanup", Time since last: 3001037394 ns, Reaching safepoint: 323217 ns, At safepoint: 14787 ns, Total: 338004 ns
[2022-09-06T00:55:17.801+0000][7][safepoint   ] Safepoint "Cleanup", Time since last: 1001509235 ns, Reaching safepoint: 337263 ns, At safepoint: 9488 ns, Total: 346751 ns
[2022-09-06T00:55:18.804+0000][7][safepoint   ] Safepoint "Cleanup", Time since last: 1002182137 ns, Reaching safepoint: 387438 ns, At safepoint: 86462 ns, Total: 473900 ns
[2022-09-06T00:55:27.806+0000][7][safepoint   ] Safepoint "Cleanup", Time since last: 9001418364 ns, Reaching safepoint: 576462 ns, At safepoint: 78537 ns, Total: 654999 ns
[2022-09-06T00:55:33.808+0000][7][gc,start    ] GC(47) Pause Young (Normal) (G1 Evacuation Pause)
[2022-09-06T00:55:33.808+0000][7][gc,task     ] GC(47) Using 6 workers of 6 for evacuation
[2022-09-06T00:55:33.809+0000][7][gc,age      ] GC(47) Desired survivor size 8388608 bytes, new threshold 15 (max threshold 15)
[2022-09-06T00:55:33.960+0000][7][gc,age      ] GC(47) Age table with threshold 15 (max threshold 15)
[2022-09-06T00:55:33.960+0000][7][gc,age      ] GC(47) - age   1:     143464 bytes,     143464 total
[2022-09-06T00:55:33.961+0000][7][gc,age      ] GC(47) - age   2:      12600 bytes,     156064 total
[2022-09-06T00:55:33.961+0000][7][gc,age      ] GC(47) - age   3:     269240 bytes,     425304 total
[2022-09-06T00:55:33.961+0000][7][gc,age      ] GC(47) - age   4:     417880 bytes,     843184 total
[2022-09-06T00:55:33.962+0000][7][gc,age      ] GC(47) - age   5:     748472 bytes,    1591656 total
[2022-09-06T00:55:33.963+0000][7][gc,age      ] GC(47) - age   6:      36448 bytes,    1628104 total
[2022-09-06T00:55:33.963+0000][7][gc,age      ] GC(47) - age   7:      25232 bytes,    1653336 total
[2022-09-06T00:55:33.963+0000][7][gc,age      ] GC(47) - age   8:      60744 bytes,    1714080 total
[2022-09-06T00:55:33.963+0000][7][gc,age      ] GC(47) - age   9:      19280 bytes,    1733360 total
[2022-09-06T00:55:33.963+0000][7][gc,age      ] GC(47) - age  10:     152056 bytes,    1885416 total
[2022-09-06T00:55:33.964+0000][7][gc,age      ] GC(47) - age  11:       3736 bytes,    1889152 total
[2022-09-06T00:55:33.964+0000][7][gc,age      ] GC(47) - age  12:      87048 bytes,    1976200 total
[2022-09-06T00:55:33.964+0000][7][gc,age      ] GC(47) - age  13:     119008 bytes,    2095208 total
[2022-09-06T00:55:33.964+0000][7][gc,age      ] GC(47) - age  14:     878376 bytes,    2973584 total
[2022-09-06T00:55:33.965+0000][7][gc,phases   ] GC(47)   Pre Evacuate Collection Set: 1.4ms
[2022-09-06T00:55:33.966+0000][7][gc,phases   ] GC(47)   Merge Heap Roots: 0.9ms
[2022-09-06T00:55:33.967+0000][7][gc,phases   ] GC(47)   Evacuate Collection Set: 127.4ms
[2022-09-06T00:55:33.968+0000][7][gc,phases   ] GC(47)   Post Evacuate Collection Set: 21.1ms
[2022-09-06T00:55:33.968+0000][7][gc,phases   ] GC(47)   Other: 6.2ms
[2022-09-06T00:55:33.968+0000][7][gc,heap     ] GC(47) Eden regions: 28->0(28)
[2022-09-06T00:55:33.968+0000][7][gc,heap     ] GC(47) Survivor regions: 1->1(4)
[2022-09-06T00:55:33.969+0000][7][gc,heap     ] GC(47) Old regions: 20->20
[2022-09-06T00:55:33.969+0000][7][gc,heap     ] GC(47) Archive regions: 2->2
[2022-09-06T00:55:33.970+0000][7][gc,heap     ] GC(47) Humongous regions: 2->2
[2022-09-06T00:55:33.970+0000][7][gc,metaspace] GC(47) Metaspace: 99796K(104328K)->99796K(104328K) NonClass: 86619K(89992K)->86619K(89992K) Class: 13176K(14336K)->13176K(14336K)
[2022-09-06T00:55:33.970+0000][7][gc          ] GC(47) Pause Young (Normal) (G1 Evacuation Pause) 203M->91M(256M) 162.791ms
[2022-09-06T00:55:33.971+0000][7][gc,cpu      ] GC(47) User=0.59s Sys=0.09s Real=0.16s
[2022-09-06T00:55:33.971+0000][7][safepoint   ] Safepoint "G1CollectForAllocation", Time since last: 5997773036 ns, Reaching safepoint: 3848392 ns, At safepoint: 163813267 ns, Total: 167661659 ns
[2022-09-06T00:55:45.973+0000][7][safepoint   ] Safepoint "Cleanup", Time since last: 12001915374 ns, Reaching safepoint: 349075 ns, At safepoint: 5841 ns, Total: 354916 ns
[2022-09-06T00:55:50.975+0000][7][safepoint   ] Safepoint "Cleanup", Time since last: 5001163195 ns, Reaching safepoint: 316283 ns, At safepoint: 70152 ns, Total: 386435 ns
[2022-09-06T00:56:15.973+0000][7][safepoint   ] Safepoint "Cleanup", Time since last: 25005137213 ns, Reaching safepoint: 413846 ns, At safepoint: 55905 ns, Total: 469751 ns
[2022-09-06T00:56:16.975+0000][7][safepoint   ] Safepoint "Cleanup", Time since last: 1001004388 ns, Reaching safepoint: 341059 ns, At safepoint: 13977 ns, Total: 355036 ns
[2022-09-06T00:56:27.978+0000][7][safepoint   ] Safepoint "Cleanup", Time since last: 11002420520 ns, Reaching safepoint: 473809 ns, At safepoint: 44704 ns, Total: 518513 ns
[2022-09-06T00:56:45.989+0000][7][safepoint   ] Safepoint "Cleanup", Time since last: 18003275200 ns, Reaching safepoint: 496852 ns, At safepoint: 85721 ns, Total: 582573 ns
[2022-09-06T00:56:57.991+0000][7][safepoint   ] Safepoint "Cleanup", Time since last: 12002385306 ns, Reaching safepoint: 345138 ns, At safepoint: 41648 ns, Total: 386786 ns
[2022-09-06T00:57:03.993+0000][7][safepoint   ] Safepoint "Cleanup", Time since last: 6001350690 ns, Reaching safepoint: 437150 ns, At safepoint: 8095 ns, Total: 445245 ns
[2022-09-06T00:57:26.998+0000][7][safepoint   ] Safepoint "Cleanup", Time since last: 23004285941 ns, Reaching safepoint: 411552 ns, At safepoint: 13045 ns, Total: 424597 ns
[2022-09-06T00:57:27.999+0000][7][safepoint   ] Safepoint "Cleanup", Time since last: 1000882538 ns, Reaching safepoint: 553920 ns, At safepoint: 79509 ns, Total: 633429 ns
[2022-09-06T00:57:46.795+0000][7][safepoint   ] Safepoint "Cleanup", Time since last: 18795513007 ns, Reaching safepoint: 373161 ns, At safepoint: 7894 ns, Total: 381055 ns
[2022-09-06T00:57:55.798+0000][7][safepoint   ] Safepoint "Cleanup", Time since last: 9002144307 ns, Reaching safepoint: 460344 ns, At safepoint: 39784 ns, Total: 500128 ns
[2022-09-06T00:58:03.800+0000][7][safepoint   ] Safepoint "Cleanup", Time since last: 8001857987 ns, Reaching safepoint: 431620 ns, At safepoint: 8706 ns, Total: 440326 ns
[2022-09-06T00:58:15.803+0000][7][safepoint   ] Safepoint "Cleanup", Time since last: 12002637239 ns, Reaching safepoint: 355197 ns, At safepoint: 41067 ns, Total: 396264 ns
[2022-09-06T00:58:20.805+0000][7][safepoint   ] Safepoint "Cleanup", Time since last: 5001253986 ns, Reaching safepoint: 372298 ns, At safepoint: 43161 ns, Total: 415459 ns
[2022-09-06T00:58:23.806+0000][7][safepoint   ] Safepoint "Cleanup", Time since last: 3000932037 ns, Reaching safepoint: 336391 ns, At safepoint: 14307 ns, Total: 350698 ns
[2022-09-06T00:58:33.809+0000][7][safepoint   ] Safepoint "Cleanup", Time since last: 10002376094 ns, Reaching safepoint: 409909 ns, At safepoint: 57348 ns, Total: 467257 ns
[2022-09-06T00:59:03.687+0000][7][gc,start    ] GC(48) Pause Young (Concurrent Start) (G1 Evacuation Pause)
[2022-09-06T00:59:03.687+0000][7][gc,task     ] GC(48) Using 6 workers of 6 for evacuation
[2022-09-06T00:59:03.688+0000][7][gc,age      ] GC(48) Desired survivor size 8388608 bytes, new threshold 15 (max threshold 15)
[2022-09-06T00:59:03.732+0000][7][gc,age      ] GC(48) Age table with threshold 15 (max threshold 15)
[2022-09-06T00:59:03.732+0000][7][gc,age      ] GC(48) - age   1:     211904 bytes,     211904 total
[2022-09-06T00:59:03.733+0000][7][gc,age      ] GC(48) - age   2:      81392 bytes,     293296 total
[2022-09-06T00:59:03.733+0000][7][gc,age      ] GC(48) - age   3:      11824 bytes,     305120 total
[2022-09-06T00:59:03.733+0000][7][gc,age      ] GC(48) - age   4:     269072 bytes,     574192 total
[2022-09-06T00:59:03.733+0000][7][gc,age      ] GC(48) - age   5:     417880 bytes,     992072 total
[2022-09-06T00:59:03.734+0000][7][gc,age      ] GC(48) - age   6:     748472 bytes,    1740544 total
[2022-09-06T00:59:03.734+0000][7][gc,age      ] GC(48) - age   7:      36248 bytes,    1776792 total
[2022-09-06T00:59:03.734+0000][7][gc,age      ] GC(48) - age   8:      16800 bytes,    1793592 total
[2022-09-06T00:59:03.734+0000][7][gc,age      ] GC(48) - age   9:      36536 bytes,    1830128 total
[2022-09-06T00:59:03.735+0000][7][gc,age      ] GC(48) - age  10:      19280 bytes,    1849408 total
[2022-09-06T00:59:03.735+0000][7][gc,age      ] GC(48) - age  11:     135904 bytes,    1985312 total
[2022-09-06T00:59:03.735+0000][7][gc,age      ] GC(48) - age  12:       3736 bytes,    1989048 total
[2022-09-06T00:59:03.736+0000][7][gc,age      ] GC(48) - age  13:      87048 bytes,    2076096 total
[2022-09-06T00:59:03.736+0000][7][gc,age      ] GC(48) - age  14:     119008 bytes,    2195104 total
[2022-09-06T00:59:03.736+0000][7][gc,age      ] GC(48) - age  15:     878376 bytes,    3073480 total
[2022-09-06T00:59:03.737+0000][7][gc,phases   ] GC(48)   Pre Evacuate Collection Set: 5.3ms
[2022-09-06T00:59:03.737+0000][7][gc,phases   ] GC(48)   Merge Heap Roots: 0.2ms
[2022-09-06T00:59:03.737+0000][7][gc,phases   ] GC(48)   Evacuate Collection Set: 34.4ms
[2022-09-06T00:59:03.738+0000][7][gc,phases   ] GC(48)   Post Evacuate Collection Set: 2.5ms
[2022-09-06T00:59:03.738+0000][7][gc,phases   ] GC(48)   Other: 7.7ms
[2022-09-06T00:59:03.738+0000][7][gc,heap     ] GC(48) Eden regions: 28->0(28)
[2022-09-06T00:59:03.739+0000][7][gc,heap     ] GC(48) Survivor regions: 1->1(4)
[2022-09-06T00:59:03.739+0000][7][gc,heap     ] GC(48) Old regions: 20->20
[2022-09-06T00:59:03.739+0000][7][gc,heap     ] GC(48) Archive regions: 2->2
[2022-09-06T00:59:03.739+0000][7][gc,heap     ] GC(48) Humongous regions: 2->2
[2022-09-06T00:59:03.740+0000][7][gc,metaspace] GC(48) Metaspace: 99894K(104328K)->99894K(104328K) NonClass: 86717K(89992K)->86717K(89992K) Class: 13176K(14336K)->13176K(14336K)
[2022-09-06T00:59:03.740+0000][7][gc          ] GC(48) Pause Young (Concurrent Start) (G1 Evacuation Pause) 203M->91M(256M) 52.982ms
[2022-09-06T00:59:03.740+0000][7][gc,cpu      ] GC(48) User=0.12s Sys=0.00s Real=0.05s
[2022-09-06T00:59:03.741+0000][7][safepoint   ] Safepoint "G1CollectForAllocation", Time since last: 29877070643 ns, Reaching safepoint: 466706 ns, At safepoint: 53925822 ns, Total: 54392528 ns
[2022-09-06T00:59:03.741+0000][7][gc          ] GC(49) Concurrent Cycle
[2022-09-06T00:59:03.741+0000][7][gc,marking  ] GC(49) Concurrent Clear Claimed Marks
[2022-09-06T00:59:03.742+0000][7][gc,marking  ] GC(49) Concurrent Clear Claimed Marks 0.648ms
[2022-09-06T00:59:03.742+0000][7][gc,marking  ] GC(49) Concurrent Scan Root Regions
[2022-09-06T00:59:03.860+0000][7][gc,marking  ] GC(49) Concurrent Scan Root Regions 118.162ms
[2022-09-06T00:59:03.861+0000][7][gc,marking  ] GC(49) Concurrent Mark (3699.315s)
[2022-09-06T00:59:03.862+0000][7][gc,marking  ] GC(49) Concurrent Mark From Roots
[2022-09-06T00:59:03.862+0000][7][gc,task     ] GC(49) Using 2 workers of 2 for marking
[2022-09-06T00:59:04.263+0000][7][gc,marking  ] GC(49) Concurrent Mark From Roots 401.452ms
[2022-09-06T00:59:04.264+0000][7][gc,marking  ] GC(49) Concurrent Preclean
[2022-09-06T00:59:04.264+0000][7][gc,marking  ] GC(49) Concurrent Preclean 0.708ms
[2022-09-06T00:59:04.265+0000][7][gc,marking  ] GC(49) Concurrent Mark (3699.315s, 3699.719s) 403.557ms
[2022-09-06T00:59:04.266+0000][7][gc,start    ] GC(49) Pause Remark
[2022-09-06T00:59:04.276+0000][7][gc          ] GC(49) Pause Remark 94M->94M(256M) 10.071ms
[2022-09-06T00:59:04.276+0000][7][gc,cpu      ] GC(49) User=0.04s Sys=0.00s Real=0.01s
[2022-09-06T00:59:04.276+0000][7][safepoint   ] Safepoint "G1Concurrent", Time since last: 524634428 ns, Reaching safepoint: 352611 ns, At safepoint: 10921005 ns, Total: 11273616 ns
[2022-09-06T00:59:04.277+0000][7][gc,marking  ] GC(49) Concurrent Rebuild Remembered Sets
[2022-09-06T00:59:04.340+0000][7][gc,marking  ] GC(49) Concurrent Rebuild Remembered Sets 63.668ms
[2022-09-06T00:59:04.342+0000][7][gc,start    ] GC(49) Pause Cleanup
[2022-09-06T00:59:04.342+0000][7][gc          ] GC(49) Pause Cleanup 94M->94M(256M) 0.724ms
[2022-09-06T00:59:04.343+0000][7][gc,cpu      ] GC(49) User=0.00s Sys=0.00s Real=0.00s
[2022-09-06T00:59:04.343+0000][7][safepoint   ] Safepoint "G1Concurrent", Time since last: 64603121 ns, Reaching safepoint: 444805 ns, At safepoint: 1399967 ns, Total: 1844772 ns
[2022-09-06T00:59:04.343+0000][7][gc,marking  ] GC(49) Concurrent Cleanup for Next Mark
[2022-09-06T00:59:04.378+0000][7][gc,marking  ] GC(49) Concurrent Cleanup for Next Mark 34.952ms
[2022-09-06T00:59:04.379+0000][7][gc          ] GC(49) Concurrent Cycle 638.080ms
[2022-09-06T00:59:26.347+0000][7][safepoint   ] Safepoint "Cleanup", Time since last: 22003937794 ns, Reaching safepoint: 580249 ns, At safepoint: 6502 ns, Total: 586751 ns
[2022-09-06T00:59:27.349+0000][7][safepoint   ] Safepoint "Cleanup", Time since last: 1001228078 ns, Reaching safepoint: 516549 ns, At safepoint: 6742 ns, Total: 523291 ns
[2022-09-06T00:59:34.352+0000][7][safepoint   ] Safepoint "Cleanup", Time since last: 7001988650 ns, Reaching safepoint: 381376 ns, At safepoint: 56375 ns, Total: 437751 ns
[2022-09-06T00:59:37.353+0000][7][safepoint   ] Safepoint "Cleanup", Time since last: 3001055378 ns, Reaching safepoint: 509777 ns, At safepoint: 4238 ns, Total: 514015 ns
[2022-09-06T00:59:46.356+0000][7][safepoint   ] Safepoint "Cleanup", Time since last: 9002503580 ns, Reaching safepoint: 433423 ns, At safepoint: 56015 ns, Total: 489438 ns
[2022-09-06T00:59:51.358+0000][7][safepoint   ] Safepoint "Cleanup", Time since last: 5001282891 ns, Reaching safepoint: 346610 ns, At safepoint: 4518 ns, Total: 351128 ns
[2022-09-06T01:00:00.360+0000][7][safepoint   ] Safepoint "Cleanup", Time since last: 9002113279 ns, Reaching safepoint: 464802 ns, At safepoint: 63599 ns, Total: 528401 ns
[2022-09-06T01:00:04.362+0000][7][safepoint   ] Safepoint "Cleanup", Time since last: 4001150820 ns, Reaching safepoint: 282160 ns, At safepoint: 9578 ns, Total: 291738 ns
[2022-09-06T01:00:08.364+0000][7][safepoint   ] Safepoint "Cleanup", Time since last: 4001151450 ns, Reaching safepoint: 634060 ns, At safepoint: 78077 ns, Total: 712137 ns
[2022-09-06T01:00:16.366+0000][7][safepoint   ] Safepoint "Cleanup", Time since last: 8002271202 ns, Reaching safepoint: 381355 ns, At safepoint: 5130 ns, Total: 386485 ns
[2022-09-06T01:00:18.368+0000][7][safepoint   ] Safepoint "Cleanup", Time since last: 2000906666 ns, Reaching safepoint: 378852 ns, At safepoint: 14336 ns, Total: 393188 ns
[2022-09-06T01:00:22.370+0000][7][safepoint   ] Safepoint "Cleanup", Time since last: 4001335377 ns, Reaching safepoint: 884449 ns, At safepoint: 124594 ns, Total: 1009043 ns
[2022-09-06T01:00:34.374+0000][7][safepoint   ] Safepoint "Cleanup", Time since last: 12003835237 ns, Reaching safepoint: 242175 ns, At safepoint: 4769 ns, Total: 246944 ns
[2022-09-06T01:00:37.376+0000][7][safepoint   ] Safepoint "Cleanup", Time since last: 3000997018 ns, Reaching safepoint: 496212 ns, At safepoint: 6492 ns, Total: 502704 ns
[2022-09-06T01:01:46.389+0000][7][safepoint   ] Safepoint "Cleanup", Time since last: 69013751456 ns, Reaching safepoint: 335640 ns, At safepoint: 5029 ns, Total: 340669 ns
[2022-09-06T01:02:00.393+0000][7][safepoint   ] Safepoint "Cleanup", Time since last: 14003234775 ns, Reaching safepoint: 559891 ns, At safepoint: 6603 ns, Total: 566494 ns
[2022-09-06T01:02:07.395+0000][7][safepoint   ] Safepoint "Cleanup", Time since last: 7002088657 ns, Reaching safepoint: 571893 ns, At safepoint: 66274 ns, Total: 638167 ns
[2022-09-06T01:02:33.691+0000][7][gc,start    ] GC(50) Pause Young (Normal) (G1 Evacuation Pause)
[2022-09-06T01:02:33.693+0000][7][gc,task     ] GC(50) Using 6 workers of 6 for evacuation
[2022-09-06T01:02:33.694+0000][7][gc,age      ] GC(50) Desired survivor size 8388608 bytes, new threshold 15 (max threshold 15)
[2022-09-06T01:02:33.767+0000][7][gc,age      ] GC(50) Age table with threshold 15 (max threshold 15)
[2022-09-06T01:02:33.770+0000][7][gc,age      ] GC(50) - age   1:     220104 bytes,     220104 total
[2022-09-06T01:02:33.770+0000][7][gc,age      ] GC(50) - age   2:      18224 bytes,     238328 total
[2022-09-06T01:02:33.770+0000][7][gc,age      ] GC(50) - age   3:      77568 bytes,     315896 total
[2022-09-06T01:02:33.771+0000][7][gc,age      ] GC(50) - age   4:      11824 bytes,     327720 total
[2022-09-06T01:02:33.771+0000][7][gc,age      ] GC(50) - age   5:     264912 bytes,     592632 total
[2022-09-06T01:02:33.772+0000][7][gc,age      ] GC(50) - age   6:     417880 bytes,    1010512 total
[2022-09-06T01:02:33.772+0000][7][gc,age      ] GC(50) - age   7:     748432 bytes,    1758944 total
[2022-09-06T01:02:33.772+0000][7][gc,age      ] GC(50) - age   8:      36248 bytes,    1795192 total
[2022-09-06T01:02:33.773+0000][7][gc,age      ] GC(50) - age   9:      16800 bytes,    1811992 total
[2022-09-06T01:02:33.773+0000][7][gc,age      ] GC(50) - age  10:      36360 bytes,    1848352 total
[2022-09-06T01:02:33.774+0000][7][gc,age      ] GC(50) - age  11:      19280 bytes,    1867632 total
[2022-09-06T01:02:33.774+0000][7][gc,age      ] GC(50) - age  12:     135904 bytes,    2003536 total
[2022-09-06T01:02:33.774+0000][7][gc,age      ] GC(50) - age  13:       3736 bytes,    2007272 total
[2022-09-06T01:02:33.775+0000][7][gc,age      ] GC(50) - age  14:      87048 bytes,    2094320 total
[2022-09-06T01:02:33.775+0000][7][gc,age      ] GC(50) - age  15:     119008 bytes,    2213328 total
[2022-09-06T01:02:33.776+0000][7][gc,phases   ] GC(50)   Pre Evacuate Collection Set: 0.2ms
[2022-09-06T01:02:33.776+0000][7][gc,phases   ] GC(50)   Merge Heap Roots: 0.2ms
[2022-09-06T01:02:33.776+0000][7][gc,phases   ] GC(50)   Evacuate Collection Set: 50.6ms
[2022-09-06T01:02:33.776+0000][7][gc,phases   ] GC(50)   Post Evacuate Collection Set: 20.7ms
[2022-09-06T01:02:33.777+0000][7][gc,phases   ] GC(50)   Other: 13.0ms
[2022-09-06T01:02:33.777+0000][7][gc,heap     ] GC(50) Eden regions: 28->0(28)
[2022-09-06T01:02:33.778+0000][7][gc,heap     ] GC(50) Survivor regions: 1->1(4)
[2022-09-06T01:02:33.778+0000][7][gc,heap     ] GC(50) Old regions: 20->20
[2022-09-06T01:02:33.778+0000][7][gc,heap     ] GC(50) Archive regions: 2->2
[2022-09-06T01:02:33.779+0000][7][gc,heap     ] GC(50) Humongous regions: 2->2
[2022-09-06T01:02:33.779+0000][7][gc,metaspace] GC(50) Metaspace: 100004K(104328K)->100004K(104328K) NonClass: 86825K(89992K)->86825K(89992K) Class: 13179K(14336K)->13179K(14336K)
[2022-09-06T01:02:33.779+0000][7][gc          ] GC(50) Pause Young (Normal) (G1 Evacuation Pause) 203M->91M(256M) 88.226ms
[2022-09-06T01:02:33.779+0000][7][gc,cpu      ] GC(50) User=0.18s Sys=0.04s Real=0.09s
[2022-09-06T01:02:33.780+0000][7][safepoint   ] Safepoint "G1CollectForAllocation", Time since last: 26293916575 ns, Reaching safepoint: 437051 ns, At safepoint: 89047043 ns, Total: 89484094 ns
[2022-09-06T01:02:34.781+0000][7][safepoint   ] Safepoint "Cleanup", Time since last: 1000422325 ns, Reaching safepoint: 382659 ns, At safepoint: 14366 ns, Total: 397025 ns
[2022-09-06T01:03:03.792+0000][7][safepoint   ] Safepoint "Cleanup", Time since last: 29009013738 ns, Reaching safepoint: 375424 ns, At safepoint: 55274 ns, Total: 430698 ns
[2022-09-06T01:03:16.794+0000][7][safepoint   ] Safepoint "Cleanup", Time since last: 13003447351 ns, Reaching safepoint: 422793 ns, At safepoint: 72436 ns, Total: 495229 ns
[2022-09-06T01:03:20.797+0000][7][safepoint   ] Safepoint "Cleanup", Time since last: 4003102473 ns, Reaching safepoint: 287008 ns, At safepoint: 42159 ns, Total: 329167 ns
[2022-09-06T01:04:03.807+0000][7][safepoint   ] Safepoint "Cleanup", Time since last: 43009427078 ns, Reaching safepoint: 259847 ns, At safepoint: 9168 ns, Total: 269015 ns
[2022-09-06T01:04:33.814+0000][7][safepoint   ] Safepoint "Cleanup", Time since last: 30006252377 ns, Reaching safepoint: 424687 ns, At safepoint: 62768 ns, Total: 487455 ns
[2022-09-06T01:04:37.816+0000][7][safepoint   ] Safepoint "Cleanup", Time since last: 4001218236 ns, Reaching safepoint: 421251 ns, At safepoint: 70262 ns, Total: 491513 ns
[2022-09-06T01:05:23.834+0000][7][safepoint   ] Safepoint "Cleanup", Time since last: 46018578728 ns, Reaching safepoint: 395122 ns, At safepoint: 65583 ns, Total: 460705 ns
[2022-09-06T01:05:38.838+0000][7][safepoint   ] Safepoint "Cleanup", Time since last: 15003207938 ns, Reaching safepoint: 364213 ns, At safepoint: 60283 ns, Total: 424496 ns
[2022-09-06T01:05:43.840+0000][7][safepoint   ] Safepoint "Cleanup", Time since last: 5001337052 ns, Reaching safepoint: 408146 ns, At safepoint: 62427 ns, Total: 470573 ns
[2022-09-06T01:05:45.841+0000][7][safepoint   ] Safepoint "Cleanup", Time since last: 2000804335 ns, Reaching safepoint: 204633 ns, At safepoint: 8386 ns, Total: 213019 ns
[2022-09-06T01:05:46.850+0000][7][safepoint   ] Safepoint "Cleanup", Time since last: 1000956958 ns, Reaching safepoint: 242535 ns, At safepoint: 33172 ns, Total: 275707 ns
[2022-09-06T01:06:03.678+0000][7][gc,start    ] GC(51) Pause Young (Concurrent Start) (G1 Evacuation Pause)
[2022-09-06T01:06:03.679+0000][7][gc,task     ] GC(51) Using 6 workers of 6 for evacuation
[2022-09-06T01:06:03.679+0000][7][gc,age      ] GC(51) Desired survivor size 8388608 bytes, new threshold 15 (max threshold 15)
[2022-09-06T01:06:03.688+0000][7][gc,age      ] GC(51) Age table with threshold 15 (max threshold 15)
[2022-09-06T01:06:03.689+0000][7][gc,age      ] GC(51) - age   1:     208944 bytes,     208944 total
[2022-09-06T01:06:03.689+0000][7][gc,age      ] GC(51) - age   2:      17848 bytes,     226792 total
[2022-09-06T01:06:03.689+0000][7][gc,age      ] GC(51) - age   3:      17984 bytes,     244776 total
[2022-09-06T01:06:03.690+0000][7][gc,age      ] GC(51) - age   4:      77568 bytes,     322344 total
[2022-09-06T01:06:03.690+0000][7][gc,age      ] GC(51) - age   5:      11616 bytes,     333960 total
[2022-09-06T01:06:03.690+0000][7][gc,age      ] GC(51) - age   6:     264912 bytes,     598872 total
[2022-09-06T01:06:03.690+0000][7][gc,age      ] GC(51) - age   7:     417880 bytes,    1016752 total
[2022-09-06T01:06:03.691+0000][7][gc,age      ] GC(51) - age   8:     748432 bytes,    1765184 total
[2022-09-06T01:06:03.691+0000][7][gc,age      ] GC(51) - age   9:      36248 bytes,    1801432 total
[2022-09-06T01:06:03.691+0000][7][gc,age      ] GC(51) - age  10:      16800 bytes,    1818232 total
[2022-09-06T01:06:03.692+0000][7][gc,age      ] GC(51) - age  11:      36320 bytes,    1854552 total
[2022-09-06T01:06:03.692+0000][7][gc,age      ] GC(51) - age  12:      19280 bytes,    1873832 total
[2022-09-06T01:06:03.693+0000][7][gc,age      ] GC(51) - age  13:     135904 bytes,    2009736 total
[2022-09-06T01:06:03.693+0000][7][gc,age      ] GC(51) - age  14:       3736 bytes,    2013472 total
[2022-09-06T01:06:03.693+0000][7][gc,age      ] GC(51) - age  15:      87048 bytes,    2100520 total
[2022-09-06T01:06:03.694+0000][7][gc,phases   ] GC(51)   Pre Evacuate Collection Set: 0.4ms
[2022-09-06T01:06:03.694+0000][7][gc,phases   ] GC(51)   Merge Heap Roots: 0.2ms
[2022-09-06T01:06:03.694+0000][7][gc,phases   ] GC(51)   Evacuate Collection Set: 6.0ms
[2022-09-06T01:06:03.695+0000][7][gc,phases   ] GC(51)   Post Evacuate Collection Set: 1.7ms
[2022-09-06T01:06:03.695+0000][7][gc,phases   ] GC(51)   Other: 7.1ms
[2022-09-06T01:06:03.695+0000][7][gc,heap     ] GC(51) Eden regions: 28->0(28)
[2022-09-06T01:06:03.696+0000][7][gc,heap     ] GC(51) Survivor regions: 1->1(4)
[2022-09-06T01:06:03.696+0000][7][gc,heap     ] GC(51) Old regions: 20->20
[2022-09-06T01:06:03.696+0000][7][gc,heap     ] GC(51) Archive regions: 2->2
[2022-09-06T01:06:03.697+0000][7][gc,heap     ] GC(51) Humongous regions: 2->2
[2022-09-06T01:06:03.697+0000][7][gc,metaspace] GC(51) Metaspace: 100033K(104328K)->100033K(104328K) NonClass: 86854K(89992K)->86854K(89992K) Class: 13179K(14336K)->13179K(14336K)
[2022-09-06T01:06:03.698+0000][7][gc          ] GC(51) Pause Young (Concurrent Start) (G1 Evacuation Pause) 203M->91M(256M) 19.306ms
[2022-09-06T01:06:03.698+0000][7][gc,cpu      ] GC(51) User=0.05s Sys=0.00s Real=0.02s
[2022-09-06T01:06:03.698+0000][7][gc          ] GC(52) Concurrent Cycle
[2022-09-06T01:06:03.699+0000][7][gc,marking  ] GC(52) Concurrent Clear Claimed Marks
[2022-09-06T01:06:03.699+0000][7][safepoint   ] Safepoint "G1CollectForAllocation", Time since last: 16827889594 ns, Reaching safepoint: 395753 ns, At safepoint: 20452142 ns, Total: 20847895 ns
[2022-09-06T01:06:03.699+0000][7][gc,marking  ] GC(52) Concurrent Clear Claimed Marks 0.422ms
[2022-09-06T01:06:03.700+0000][7][gc,marking  ] GC(52) Concurrent Scan Root Regions
[2022-09-06T01:06:03.704+0000][7][gc,marking  ] GC(52) Concurrent Scan Root Regions 3.790ms
[2022-09-06T01:06:03.705+0000][7][gc,marking  ] GC(52) Concurrent Mark (4119.151s)
[2022-09-06T01:06:03.711+0000][7][gc,marking  ] GC(52) Concurrent Mark From Roots
[2022-09-06T01:06:03.712+0000][7][gc,task     ] GC(52) Using 2 workers of 2 for marking
[2022-09-06T01:06:03.808+0000][7][gc,marking  ] GC(52) Concurrent Mark From Roots 97.192ms
[2022-09-06T01:06:03.809+0000][7][gc,marking  ] GC(52) Concurrent Preclean
[2022-09-06T01:06:03.810+0000][7][gc,marking  ] GC(52) Concurrent Preclean 0.648ms
[2022-09-06T01:06:03.810+0000][7][gc,marking  ] GC(52) Concurrent Mark (4119.151s, 4119.257s) 105.367ms
[2022-09-06T01:06:03.811+0000][7][gc,start    ] GC(52) Pause Remark
[2022-09-06T01:06:03.819+0000][7][gc          ] GC(52) Pause Remark 94M->94M(256M) 8.832ms
[2022-09-06T01:06:03.820+0000][7][gc,cpu      ] GC(52) User=0.03s Sys=0.00s Real=0.01s
[2022-09-06T01:06:03.820+0000][7][safepoint   ] Safepoint "G1Concurrent", Time since last: 111721928 ns, Reaching safepoint: 334307 ns, At safepoint: 9818887 ns, Total: 10153194 ns
[2022-09-06T01:06:03.821+0000][7][gc,marking  ] GC(52) Concurrent Rebuild Remembered Sets
[2022-09-06T01:06:03.886+0000][7][gc,marking  ] GC(52) Concurrent Rebuild Remembered Sets 65.459ms
[2022-09-06T01:06:03.887+0000][7][gc,start    ] GC(52) Pause Cleanup
[2022-09-06T01:06:03.888+0000][7][gc          ] GC(52) Pause Cleanup 94M->94M(256M) 0.821ms
[2022-09-06T01:06:03.889+0000][7][gc,cpu      ] GC(52) User=0.00s Sys=0.00s Real=0.00s
[2022-09-06T01:06:03.889+0000][7][safepoint   ] Safepoint "G1Concurrent", Time since last: 66497365 ns, Reaching safepoint: 335279 ns, At safepoint: 1647713 ns, Total: 1982992 ns
[2022-09-06T01:06:03.889+0000][7][gc,marking  ] GC(52) Concurrent Cleanup for Next Mark
[2022-09-06T01:06:03.901+0000][7][gc,marking  ] GC(52) Concurrent Cleanup for Next Mark 11.625ms
[2022-09-06T01:06:03.901+0000][7][gc          ] GC(52) Concurrent Cycle 203.028ms
[2022-09-06T01:06:22.885+0000][7][safepoint   ] Safepoint "Cleanup", Time since last: 19003414264 ns, Reaching safepoint: 353553 ns, At safepoint: 57929 ns, Total: 411482 ns
[2022-09-06T01:06:33.888+0000][7][safepoint   ] Safepoint "Cleanup", Time since last: 11002531999 ns, Reaching safepoint: 362581 ns, At safepoint: 59471 ns, Total: 422052 ns
[2022-09-06T01:09:33.707+0000][7][gc,start    ] GC(53) Pause Young (Normal) (G1 Evacuation Pause)
[2022-09-06T01:09:33.708+0000][7][gc,task     ] GC(53) Using 6 workers of 6 for evacuation
[2022-09-06T01:09:33.708+0000][7][gc,age      ] GC(53) Desired survivor size 8388608 bytes, new threshold 15 (max threshold 15)
[2022-09-06T01:09:33.716+0000][7][gc,age      ] GC(53) Age table with threshold 15 (max threshold 15)
[2022-09-06T01:09:33.716+0000][7][gc,age      ] GC(53) - age   1:      11768 bytes,      11768 total
[2022-09-06T01:09:33.716+0000][7][gc,age      ] GC(53) - age   2:      17216 bytes,      28984 total
[2022-09-06T01:09:33.717+0000][7][gc,age      ] GC(53) - age   3:       9712 bytes,      38696 total
[2022-09-06T01:09:33.717+0000][7][gc,age      ] GC(53) - age   4:      17040 bytes,      55736 total
[2022-09-06T01:09:33.717+0000][7][gc,age      ] GC(53) - age   5:      52984 bytes,     108720 total
[2022-09-06T01:09:33.718+0000][7][gc,age      ] GC(53) - age   6:      11616 bytes,     120336 total
[2022-09-06T01:09:33.718+0000][7][gc,age      ] GC(53) - age   7:     264912 bytes,     385248 total
[2022-09-06T01:09:33.718+0000][7][gc,age      ] GC(53) - age   8:     417880 bytes,     803128 total
[2022-09-06T01:09:33.719+0000][7][gc,age      ] GC(53) - age   9:     748432 bytes,    1551560 total
[2022-09-06T01:09:33.719+0000][7][gc,age      ] GC(53) - age  10:      36248 bytes,    1587808 total
[2022-09-06T01:09:33.719+0000][7][gc,age      ] GC(53) - age  11:      16800 bytes,    1604608 total
[2022-09-06T01:09:33.720+0000][7][gc,age      ] GC(53) - age  12:      36320 bytes,    1640928 total
[2022-09-06T01:09:33.720+0000][7][gc,age      ] GC(53) - age  13:      19280 bytes,    1660208 total
[2022-09-06T01:09:33.720+0000][7][gc,age      ] GC(53) - age  14:     135904 bytes,    1796112 total
[2022-09-06T01:09:33.720+0000][7][gc,age      ] GC(53) - age  15:       3736 bytes,    1799848 total
[2022-09-06T01:09:33.721+0000][7][gc,phases   ] GC(53)   Pre Evacuate Collection Set: 0.3ms
[2022-09-06T01:09:33.721+0000][7][gc,phases   ] GC(53)   Merge Heap Roots: 0.2ms
[2022-09-06T01:09:33.721+0000][7][gc,phases   ] GC(53)   Evacuate Collection Set: 4.2ms
[2022-09-06T01:09:33.722+0000][7][gc,phases   ] GC(53)   Post Evacuate Collection Set: 2.1ms
[2022-09-06T01:09:33.722+0000][7][gc,phases   ] GC(53)   Other: 7.1ms
[2022-09-06T01:09:33.722+0000][7][gc,heap     ] GC(53) Eden regions: 28->0(28)
[2022-09-06T01:09:33.723+0000][7][gc,heap     ] GC(53) Survivor regions: 1->1(4)
[2022-09-06T01:09:33.723+0000][7][gc,heap     ] GC(53) Old regions: 20->20
[2022-09-06T01:09:33.723+0000][7][gc,heap     ] GC(53) Archive regions: 2->2
[2022-09-06T01:09:33.724+0000][7][gc,heap     ] GC(53) Humongous regions: 2->2
[2022-09-06T01:09:33.724+0000][7][gc,metaspace] GC(53) Metaspace: 100044K(104328K)->100044K(104328K) NonClass: 86865K(89992K)->86865K(89992K) Class: 13179K(14336K)->13179K(14336K)
[2022-09-06T01:09:33.724+0000][7][gc          ] GC(53) Pause Young (Normal) (G1 Evacuation Pause) 203M->91M(256M) 17.218ms
[2022-09-06T01:09:33.725+0000][7][gc,cpu      ] GC(53) User=0.03s Sys=0.00s Real=0.02s
[2022-09-06T01:09:33.725+0000][7][safepoint   ] Safepoint "G1CollectForAllocation", Time since last: 179818709304 ns, Reaching safepoint: 397366 ns, At safepoint: 18014668 ns, Total: 18412034 ns
[2022-09-06T01:10:02.732+0000][7][safepoint   ] Safepoint "Cleanup", Time since last: 29005288546 ns, Reaching safepoint: 303841 ns, At safepoint: 42349 ns, Total: 346190 ns
[2022-09-06T01:10:13.735+0000][7][safepoint   ] Safepoint "Cleanup", Time since last: 11002781056 ns, Reaching safepoint: 224252 ns, At safepoint: 4107 ns, Total: 228359 ns
[2022-09-06T01:10:20.736+0000][7][safepoint   ] Safepoint "Cleanup", Time since last: 7001734051 ns, Reaching safepoint: 286738 ns, At safepoint: 53310 ns, Total: 340048 ns
[2022-09-06T01:10:32.739+0000][7][safepoint   ] Safepoint "Cleanup", Time since last: 12002753187 ns, Reaching safepoint: 348464 ns, At safepoint: 45054 ns, Total: 393518 ns
[2022-09-06T01:11:33.751+0000][7][safepoint   ] Safepoint "Cleanup", Time since last: 61011083009 ns, Reaching safepoint: 460264 ns, At safepoint: 114886 ns, Total: 575150 ns
[2022-09-06T01:12:33.766+0000][7][safepoint   ] Safepoint "Cleanup", Time since last: 60017464493 ns, Reaching safepoint: 386415 ns, At safepoint: 5110 ns, Total: 391525 ns
[2022-09-06T01:12:50.773+0000][7][safepoint   ] Safepoint "Cleanup", Time since last: 17004752210 ns, Reaching safepoint: 491282 ns, At safepoint: 39804 ns, Total: 531086 ns
[2022-09-06T01:12:59.776+0000][7][safepoint   ] Safepoint "Cleanup", Time since last: 9002049429 ns, Reaching safepoint: 362570 ns, At safepoint: 62728 ns, Total: 425298 ns
[2022-09-06T01:13:03.778+0000][7][safepoint   ] Safepoint "Cleanup", Time since last: 4001501968 ns, Reaching safepoint: 342864 ns, At safepoint: 39624 ns, Total: 382488 ns
[2022-09-06T01:13:06.602+0000][7][gc,start    ] GC(54) Pause Young (Concurrent Start) (G1 Evacuation Pause)
[2022-09-06T01:13:06.602+0000][7][gc,task     ] GC(54) Using 6 workers of 6 for evacuation
[2022-09-06T01:13:06.603+0000][7][gc,age      ] GC(54) Desired survivor size 8388608 bytes, new threshold 15 (max threshold 15)
[2022-09-06T01:13:06.620+0000][7][gc,age      ] GC(54) Age table with threshold 15 (max threshold 15)
[2022-09-06T01:13:06.621+0000][7][gc,age      ] GC(54) - age   1:      49496 bytes,      49496 total
[2022-09-06T01:13:06.622+0000][7][gc,age      ] GC(54) - age   2:       1104 bytes,      50600 total
[2022-09-06T01:13:06.623+0000][7][gc,age      ] GC(54) - age   3:      17016 bytes,      67616 total
[2022-09-06T01:13:06.624+0000][7][gc,age      ] GC(54) - age   4:       9672 bytes,      77288 total
[2022-09-06T01:13:06.625+0000][7][gc,age      ] GC(54) - age   5:      17040 bytes,      94328 total
[2022-09-06T01:13:06.626+0000][7][gc,age      ] GC(54) - age   6:      52152 bytes,     146480 total
[2022-09-06T01:13:06.627+0000][7][gc,age      ] GC(54) - age   7:      11616 bytes,     158096 total
[2022-09-06T01:13:06.628+0000][7][gc,age      ] GC(54) - age   8:     264912 bytes,     423008 total
[2022-09-06T01:13:06.629+0000][7][gc,age      ] GC(54) - age   9:     417608 bytes,     840616 total
[2022-09-06T01:13:06.630+0000][7][gc,age      ] GC(54) - age  10:     748432 bytes,    1589048 total
[2022-09-06T01:13:06.630+0000][7][gc,age      ] GC(54) - age  11:      36248 bytes,    1625296 total
[2022-09-06T01:13:06.632+0000][7][gc,age      ] GC(54) - age  12:      16800 bytes,    1642096 total
[2022-09-06T01:13:06.633+0000][7][gc,age      ] GC(54) - age  13:      36320 bytes,    1678416 total
[2022-09-06T01:13:06.634+0000][7][gc,age      ] GC(54) - age  14:      19280 bytes,    1697696 total
[2022-09-06T01:13:06.634+0000][7][gc,age      ] GC(54) - age  15:     135904 bytes,    1833600 total
[2022-09-06T01:13:06.636+0000][7][gc,phases   ] GC(54)   Pre Evacuate Collection Set: 0.5ms
[2022-09-06T01:13:06.638+0000][7][gc,phases   ] GC(54)   Merge Heap Roots: 0.2ms
[2022-09-06T01:13:06.638+0000][7][gc,phases   ] GC(54)   Evacuate Collection Set: 13.1ms
[2022-09-06T01:13:06.638+0000][7][gc,phases   ] GC(54)   Post Evacuate Collection Set: 2.8ms
[2022-09-06T01:13:06.639+0000][7][gc,phases   ] GC(54)   Other: 17.6ms
[2022-09-06T01:13:06.639+0000][7][gc,heap     ] GC(54) Eden regions: 28->0(28)
[2022-09-06T01:13:06.639+0000][7][gc,heap     ] GC(54) Survivor regions: 1->1(4)
[2022-09-06T01:13:06.640+0000][7][gc,heap     ] GC(54) Old regions: 20->20
[2022-09-06T01:13:06.640+0000][7][gc,heap     ] GC(54) Archive regions: 2->2
[2022-09-06T01:13:06.640+0000][7][gc,heap     ] GC(54) Humongous regions: 2->2
[2022-09-06T01:13:06.640+0000][7][gc,metaspace] GC(54) Metaspace: 100068K(104584K)->100068K(104584K) NonClass: 86889K(90248K)->86889K(90248K) Class: 13179K(14336K)->13179K(14336K)
[2022-09-06T01:13:06.641+0000][7][gc          ] GC(54) Pause Young (Concurrent Start) (G1 Evacuation Pause) 203M->91M(256M) 39.642ms
[2022-09-06T01:13:06.643+0000][7][gc,cpu      ] GC(54) User=0.06s Sys=0.00s Real=0.05s
[2022-09-06T01:13:06.645+0000][7][gc          ] GC(55) Concurrent Cycle
[2022-09-06T01:13:06.645+0000][7][gc,marking  ] GC(55) Concurrent Clear Claimed Marks
[2022-09-06T01:13:06.647+0000][7][gc,marking  ] GC(55) Concurrent Clear Claimed Marks 1.414ms
[2022-09-06T01:13:06.645+0000][7][safepoint   ] Safepoint "G1CollectForAllocation", Time since last: 2823716528 ns, Reaching safepoint: 518674 ns, At safepoint: 43365313 ns, Total: 43883987 ns
[2022-09-06T01:13:06.647+0000][7][gc,marking  ] GC(55) Concurrent Scan Root Regions
[2022-09-06T01:13:06.703+0000][7][gc,marking  ] GC(55) Concurrent Scan Root Regions 55.643ms
[2022-09-06T01:13:06.704+0000][7][gc,marking  ] GC(55) Concurrent Mark (4542.159s)
[2022-09-06T01:13:06.704+0000][7][gc,marking  ] GC(55) Concurrent Mark From Roots
[2022-09-06T01:13:06.704+0000][7][gc,task     ] GC(55) Using 2 workers of 2 for marking
[2022-09-06T01:13:06.965+0000][7][gc,marking  ] GC(55) Concurrent Mark From Roots 260.849ms
[2022-09-06T01:13:06.965+0000][7][gc,marking  ] GC(55) Concurrent Preclean
[2022-09-06T01:13:06.966+0000][7][gc,marking  ] GC(55) Concurrent Preclean 0.527ms
[2022-09-06T01:13:06.966+0000][7][gc,marking  ] GC(55) Concurrent Mark (4542.159s, 4542.421s) 262.528ms
[2022-09-06T01:13:06.967+0000][7][gc,start    ] GC(55) Pause Remark
[2022-09-06T01:13:07.321+0000][7][gc,mmu      ] GC(55) MMU target violated: 201.0ms (200.0ms/201.0ms)
[2022-09-06T01:13:07.322+0000][7][gc          ] GC(55) Pause Remark 91M->91M(256M) 354.645ms
[2022-09-06T01:13:07.322+0000][7][gc,cpu      ] GC(55) User=1.85s Sys=0.00s Real=0.35s
[2022-09-06T01:13:07.322+0000][7][safepoint   ] Safepoint "G1Concurrent", Time since last: 321471853 ns, Reaching safepoint: 283392 ns, At safepoint: 355478825 ns, Total: 355762217 ns
[2022-09-06T01:13:07.323+0000][7][gc,marking  ] GC(55) Concurrent Rebuild Remembered Sets
[2022-09-06T01:13:07.378+0000][7][gc,marking  ] GC(55) Concurrent Rebuild Remembered Sets 55.500ms
[2022-09-06T01:13:07.522+0000][7][gc,start    ] GC(55) Pause Cleanup
[2022-09-06T01:13:07.523+0000][7][gc          ] GC(55) Pause Cleanup 91M->91M(256M) 0.982ms
[2022-09-06T01:13:07.524+0000][7][gc,cpu      ] GC(55) User=0.00s Sys=0.00s Real=0.01s
[2022-09-06T01:13:07.524+0000][7][safepoint   ] Safepoint "G1Concurrent", Time since last: 56412439 ns, Reaching safepoint: 143379449 ns, At safepoint: 1825997 ns, Total: 145205446 ns
[2022-09-06T01:13:07.524+0000][7][gc,marking  ] GC(55) Concurrent Cleanup for Next Mark
[2022-09-06T01:13:07.543+0000][7][gc,marking  ] GC(55) Concurrent Cleanup for Next Mark 18.243ms
[2022-09-06T01:13:07.543+0000][7][gc          ] GC(55) Concurrent Cycle 898.350ms
[2022-09-06T01:13:08.525+0000][7][safepoint   ] Safepoint "Cleanup", Time since last: 1000578908 ns, Reaching safepoint: 308389 ns, At safepoint: 35918 ns, Total: 344307 ns
[2022-09-06T01:13:09.526+0000][7][safepoint   ] Safepoint "Cleanup", Time since last: 1000704414 ns, Reaching safepoint: 585990 ns, At safepoint: 4147 ns, Total: 590137 ns
[2022-09-06T01:13:14.528+0000][7][safepoint   ] Safepoint "Cleanup", Time since last: 5001425768 ns, Reaching safepoint: 327305 ns, At safepoint: 58389 ns, Total: 385694 ns
[2022-09-06T01:13:16.530+0000][7][safepoint   ] Safepoint "Cleanup", Time since last: 2001024317 ns, Reaching safepoint: 463250 ns, At safepoint: 67617 ns, Total: 530867 ns
[2022-09-06T01:13:20.532+0000][7][safepoint   ] Safepoint "Cleanup", Time since last: 4001396791 ns, Reaching safepoint: 350809 ns, At safepoint: 12813 ns, Total: 363622 ns
[2022-09-06T01:13:34.535+0000][7][safepoint   ] Safepoint "Cleanup", Time since last: 14003068964 ns, Reaching safepoint: 484610 ns, At safepoint: 36499 ns, Total: 521109 ns
[2022-09-06T01:13:46.541+0000][7][safepoint   ] Safepoint "Cleanup", Time since last: 12005251594 ns, Reaching safepoint: 356900 ns, At safepoint: 56867 ns, Total: 413767 ns
[2022-09-06T01:14:34.562+0000][7][safepoint   ] Safepoint "Cleanup", Time since last: 48020299835 ns, Reaching safepoint: 245189 ns, At safepoint: 8527 ns, Total: 253716 ns
[2022-09-06T01:14:40.564+0000][7][safepoint   ] Safepoint "Cleanup", Time since last: 6001558719 ns, Reaching safepoint: 376187 ns, At safepoint: 41518 ns, Total: 417705 ns
[2022-09-06T01:14:58.569+0000][7][safepoint   ] Safepoint "Cleanup", Time since last: 18004371308 ns, Reaching safepoint: 330730 ns, At safepoint: 36319 ns, Total: 367049 ns
[2022-09-06T01:16:40.731+0000][7][gc,start    ] GC(56) Pause Young (Normal) (G1 Evacuation Pause)
[2022-09-06T01:16:40.731+0000][7][gc,task     ] GC(56) Using 6 workers of 6 for evacuation
[2022-09-06T01:16:40.732+0000][7][gc,age      ] GC(56) Desired survivor size 8388608 bytes, new threshold 15 (max threshold 15)
[2022-09-06T01:16:40.740+0000][7][gc,age      ] GC(56) Age table with threshold 15 (max threshold 15)
[2022-09-06T01:16:40.741+0000][7][gc,age      ] GC(56) - age   1:      52392 bytes,      52392 total
[2022-09-06T01:16:40.741+0000][7][gc,age      ] GC(56) - age   2:       6208 bytes,      58600 total
[2022-09-06T01:16:40.741+0000][7][gc,age      ] GC(56) - age   3:       1008 bytes,      59608 total
[2022-09-06T01:16:40.741+0000][7][gc,age      ] GC(56) - age   4:      16776 bytes,      76384 total
[2022-09-06T01:16:40.742+0000][7][gc,age      ] GC(56) - age   5:       9672 bytes,      86056 total
[2022-09-06T01:16:40.742+0000][7][gc,age      ] GC(56) - age   6:      17040 bytes,     103096 total
[2022-09-06T01:16:40.742+0000][7][gc,age      ] GC(56) - age   7:      52120 bytes,     155216 total
[2022-09-06T01:16:40.743+0000][7][gc,age      ] GC(56) - age   8:      11592 bytes,     166808 total
[2022-09-06T01:16:40.743+0000][7][gc,age      ] GC(56) - age   9:     264912 bytes,     431720 total
[2022-09-06T01:16:40.743+0000][7][gc,age      ] GC(56) - age  10:     417608 bytes,     849328 total
[2022-09-06T01:16:40.743+0000][7][gc,age      ] GC(56) - age  11:     748432 bytes,    1597760 total
[2022-09-06T01:16:40.744+0000][7][gc,age      ] GC(56) - age  12:      36248 bytes,    1634008 total
[2022-09-06T01:16:40.744+0000][7][gc,age      ] GC(56) - age  13:      16800 bytes,    1650808 total
[2022-09-06T01:16:40.745+0000][7][gc,age      ] GC(56) - age  14:      36320 bytes,    1687128 total
[2022-09-06T01:16:40.745+0000][7][gc,age      ] GC(56) - age  15:      19280 bytes,    1706408 total
[2022-09-06T01:16:40.746+0000][7][gc,phases   ] GC(56)   Pre Evacuate Collection Set: 0.2ms
[2022-09-06T01:16:40.746+0000][7][gc,phases   ] GC(56)   Merge Heap Roots: 0.2ms
[2022-09-06T01:16:40.746+0000][7][gc,phases   ] GC(56)   Evacuate Collection Set: 5.8ms
[2022-09-06T01:16:40.747+0000][7][gc,phases   ] GC(56)   Post Evacuate Collection Set: 2.0ms
[2022-09-06T01:16:40.747+0000][7][gc,phases   ] GC(56)   Other: 6.7ms
[2022-09-06T01:16:40.747+0000][7][gc,heap     ] GC(56) Eden regions: 28->0(28)
[2022-09-06T01:16:40.748+0000][7][gc,heap     ] GC(56) Survivor regions: 1->1(4)
[2022-09-06T01:16:40.748+0000][7][gc,heap     ] GC(56) Old regions: 20->20
[2022-09-06T01:16:40.748+0000][7][gc,heap     ] GC(56) Archive regions: 2->2
[2022-09-06T01:16:40.749+0000][7][gc,heap     ] GC(56) Humongous regions: 2->2
[2022-09-06T01:16:40.749+0000][7][gc,metaspace] GC(56) Metaspace: 100066K(104584K)->100066K(104584K) NonClass: 86889K(90248K)->86889K(90248K) Class: 13176K(14336K)->13176K(14336K)
[2022-09-06T01:16:40.750+0000][7][gc          ] GC(56) Pause Young (Normal) (G1 Evacuation Pause) 203M->91M(256M) 19.170ms
[2022-09-06T01:16:40.750+0000][7][gc,cpu      ] GC(56) User=0.04s Sys=0.00s Real=0.02s
[2022-09-06T01:16:40.751+0000][7][safepoint   ] Safepoint "G1CollectForAllocation", Time since last: 102161554688 ns, Reaching safepoint: 290065 ns, At safepoint: 20314053 ns, Total: 20604118 ns
[2022-09-06T01:17:50.767+0000][7][safepoint   ] Safepoint "Cleanup", Time since last: 70016414556 ns, Reaching safepoint: 303530 ns, At safepoint: 40356 ns, Total: 343886 ns
[2022-09-06T01:18:16.768+0000][7][safepoint   ] Safepoint "Cleanup", Time since last: 26006103838 ns, Reaching safepoint: 409469 ns, At safepoint: 72285 ns, Total: 481754 ns
[2022-09-06T01:18:20.770+0000][7][safepoint   ] Safepoint "Cleanup", Time since last: 4001333954 ns, Reaching safepoint: 328897 ns, At safepoint: 36318 ns, Total: 365215 ns
[2022-09-06T01:18:46.781+0000][7][safepoint   ] Safepoint "Cleanup", Time since last: 26004397797 ns, Reaching safepoint: 445666 ns, At safepoint: 52679 ns, Total: 498345 ns
[2022-09-06T01:19:16.787+0000][7][safepoint   ] Safepoint "Cleanup", Time since last: 30005906908 ns, Reaching safepoint: 400582 ns, At safepoint: 14568 ns, Total: 415150 ns
[2022-09-06T01:19:33.792+0000][7][safepoint   ] Safepoint "Cleanup", Time since last: 17004107661 ns, Reaching safepoint: 696166 ns, At safepoint: 80822 ns, Total: 776988 ns
[2022-09-06T01:19:46.794+0000][7][safepoint   ] Safepoint "Cleanup", Time since last: 13003190900 ns, Reaching safepoint: 536186 ns, At safepoint: 15830 ns, Total: 552016 ns
[2022-09-06T01:20:03.799+0000][7][safepoint   ] Safepoint "Cleanup", Time since last: 17004020197 ns, Reaching safepoint: 258024 ns, At safepoint: 30908 ns, Total: 288932 ns
[2022-09-06T01:20:13.696+0000][7][gc,start    ] GC(57) Pause Young (Concurrent Start) (G1 Evacuation Pause)
[2022-09-06T01:20:13.696+0000][7][gc,task     ] GC(57) Using 6 workers of 6 for evacuation
[2022-09-06T01:20:13.696+0000][7][gc,age      ] GC(57) Desired survivor size 8388608 bytes, new threshold 15 (max threshold 15)
[2022-09-06T01:20:13.705+0000][7][gc,age      ] GC(57) Age table with threshold 15 (max threshold 15)
[2022-09-06T01:20:13.706+0000][7][gc,age      ] GC(57) - age   1:      13520 bytes,      13520 total
[2022-09-06T01:20:13.706+0000][7][gc,age      ] GC(57) - age   2:      41808 bytes,      55328 total
[2022-09-06T01:20:13.706+0000][7][gc,age      ] GC(57) - age   3:       5912 bytes,      61240 total
[2022-09-06T01:20:13.706+0000][7][gc,age      ] GC(57) - age   4:        264 bytes,      61504 total
[2022-09-06T01:20:13.707+0000][7][gc,age      ] GC(57) - age   5:      16568 bytes,      78072 total
[2022-09-06T01:20:13.707+0000][7][gc,age      ] GC(57) - age   6:       9672 bytes,      87744 total
[2022-09-06T01:20:13.707+0000][7][gc,age      ] GC(57) - age   7:      17040 bytes,     104784 total
[2022-09-06T01:20:13.707+0000][7][gc,age      ] GC(57) - age   8:      51880 bytes,     156664 total
[2022-09-06T01:20:13.707+0000][7][gc,age      ] GC(57) - age   9:      11592 bytes,     168256 total
[2022-09-06T01:20:13.708+0000][7][gc,age      ] GC(57) - age  10:     264912 bytes,     433168 total
[2022-09-06T01:20:13.708+0000][7][gc,age      ] GC(57) - age  11:     417608 bytes,     850776 total
[2022-09-06T01:20:13.708+0000][7][gc,age      ] GC(57) - age  12:     748432 bytes,    1599208 total
[2022-09-06T01:20:13.708+0000][7][gc,age      ] GC(57) - age  13:      36248 bytes,    1635456 total
[2022-09-06T01:20:13.708+0000][7][gc,age      ] GC(57) - age  14:      16800 bytes,    1652256 total
[2022-09-06T01:20:13.709+0000][7][gc,age      ] GC(57) - age  15:      36320 bytes,    1688576 total
[2022-09-06T01:20:13.709+0000][7][gc,phases   ] GC(57)   Pre Evacuate Collection Set: 0.4ms
[2022-09-06T01:20:13.709+0000][7][gc,phases   ] GC(57)   Merge Heap Roots: 0.2ms
[2022-09-06T01:20:13.709+0000][7][gc,phases   ] GC(57)   Evacuate Collection Set: 5.6ms
[2022-09-06T01:20:13.709+0000][7][gc,phases   ] GC(57)   Post Evacuate Collection Set: 2.7ms
[2022-09-06T01:20:13.710+0000][7][gc,phases   ] GC(57)   Other: 4.6ms
[2022-09-06T01:20:13.710+0000][7][gc,heap     ] GC(57) Eden regions: 28->0(28)
[2022-09-06T01:20:13.710+0000][7][gc,heap     ] GC(57) Survivor regions: 1->1(4)
[2022-09-06T01:20:13.710+0000][7][gc,heap     ] GC(57) Old regions: 20->20
[2022-09-06T01:20:13.710+0000][7][gc,heap     ] GC(57) Archive regions: 2->2
[2022-09-06T01:20:13.711+0000][7][gc,heap     ] GC(57) Humongous regions: 2->2
[2022-09-06T01:20:13.711+0000][7][gc,metaspace] GC(57) Metaspace: 100130K(104584K)->100130K(104584K) NonClass: 86954K(90248K)->86954K(90248K) Class: 13176K(14336K)->13176K(14336K)
[2022-09-06T01:20:13.711+0000][7][gc          ] GC(57) Pause Young (Concurrent Start) (G1 Evacuation Pause) 203M->91M(256M) 15.496ms
[2022-09-06T01:20:13.711+0000][7][gc,cpu      ] GC(57) User=0.05s Sys=0.00s Real=0.01s
[2022-09-06T01:20:13.712+0000][7][safepoint   ] Safepoint "G1CollectForAllocation", Time since last: 9896413104 ns, Reaching safepoint: 312226 ns, At safepoint: 16264053 ns, Total: 16576279 ns
[2022-09-06T01:20:13.712+0000][7][gc          ] GC(58) Concurrent Cycle
[2022-09-06T01:20:13.713+0000][7][gc,marking  ] GC(58) Concurrent Clear Claimed Marks
[2022-09-06T01:20:13.715+0000][7][gc,marking  ] GC(58) Concurrent Clear Claimed Marks 2.631ms
[2022-09-06T01:20:13.716+0000][7][gc,marking  ] GC(58) Concurrent Scan Root Regions
[2022-09-06T01:20:13.718+0000][7][gc,marking  ] GC(58) Concurrent Scan Root Regions 2.584ms
[2022-09-06T01:20:13.719+0000][7][gc,marking  ] GC(58) Concurrent Mark (4969.174s)
[2022-09-06T01:20:13.719+0000][7][gc,marking  ] GC(58) Concurrent Mark From Roots
[2022-09-06T01:20:13.720+0000][7][gc,task     ] GC(58) Using 2 workers of 2 for marking
[2022-09-06T01:20:13.802+0000][7][gc,marking  ] GC(58) Concurrent Mark From Roots 82.596ms
[2022-09-06T01:20:13.802+0000][7][gc,marking  ] GC(58) Concurrent Preclean
[2022-09-06T01:20:13.803+0000][7][gc,marking  ] GC(58) Concurrent Preclean 0.605ms
[2022-09-06T01:20:13.803+0000][7][gc,marking  ] GC(58) Concurrent Mark (4969.174s, 4969.259s) 84.293ms
[2022-09-06T01:20:13.804+0000][7][gc,start    ] GC(58) Pause Remark
[2022-09-06T01:20:13.813+0000][7][gc          ] GC(58) Pause Remark 92M->92M(256M) 9.532ms
[2022-09-06T01:20:13.814+0000][7][gc,cpu      ] GC(58) User=0.03s Sys=0.01s Real=0.01s
[2022-09-06T01:20:13.814+0000][7][safepoint   ] Safepoint "G1Concurrent", Time since last: 91707557 ns, Reaching safepoint: 356588 ns, At safepoint: 10588171 ns, Total: 10944759 ns
[2022-09-06T01:20:13.815+0000][7][gc,marking  ] GC(58) Concurrent Rebuild Remembered Sets
[2022-09-06T01:20:13.872+0000][7][gc,marking  ] GC(58) Concurrent Rebuild Remembered Sets 57.362ms
[2022-09-06T01:20:13.873+0000][7][gc,start    ] GC(58) Pause Cleanup
[2022-09-06T01:20:13.875+0000][7][gc          ] GC(58) Pause Cleanup 92M->92M(256M) 1.271ms
[2022-09-06T01:20:13.875+0000][7][gc,cpu      ] GC(58) User=0.00s Sys=0.00s Real=0.00s
[2022-09-06T01:20:13.876+0000][7][safepoint   ] Safepoint "G1Concurrent", Time since last: 58554238 ns, Reaching safepoint: 493918 ns, At safepoint: 2473662 ns, Total: 2967580 ns
[2022-09-06T01:20:13.876+0000][7][gc,marking  ] GC(58) Concurrent Cleanup for Next Mark
[2022-09-06T01:20:13.888+0000][7][gc,marking  ] GC(58) Concurrent Cleanup for Next Mark 11.348ms
[2022-09-06T01:20:13.888+0000][7][gc          ] GC(58) Concurrent Cycle 176.397ms
[2022-09-06T01:20:49.885+0000][7][safepoint   ] Safepoint "Cleanup", Time since last: 36007149125 ns, Reaching safepoint: 334348 ns, At safepoint: 7905 ns, Total: 342253 ns
[2022-09-06T01:21:16.886+0000][7][safepoint   ] Safepoint "Cleanup", Time since last: 27005048059 ns, Reaching safepoint: 248907 ns, At safepoint: 6783 ns, Total: 255690 ns
[2022-09-06T01:21:45.891+0000][7][safepoint   ] Safepoint "Cleanup", Time since last: 29005429561 ns, Reaching safepoint: 398248 ns, At safepoint: 56846 ns, Total: 455094 ns
[2022-09-06T01:22:03.901+0000][7][safepoint   ] Safepoint "Cleanup", Time since last: 18004868771 ns, Reaching safepoint: 353874 ns, At safepoint: 19287 ns, Total: 373161 ns
[2022-09-06T01:22:33.906+0000][7][safepoint   ] Safepoint "Cleanup", Time since last: 30005253433 ns, Reaching safepoint: 282410 ns, At safepoint: 7814 ns, Total: 290224 ns
[2022-09-06T01:23:17.914+0000][7][safepoint   ] Safepoint "Cleanup", Time since last: 44007632141 ns, Reaching safepoint: 550013 ns, At safepoint: 6592 ns, Total: 556605 ns
[2022-09-06T01:23:50.494+0000][7][gc,start    ] GC(59) Pause Young (Normal) (G1 Evacuation Pause)
[2022-09-06T01:23:50.495+0000][7][gc,task     ] GC(59) Using 6 workers of 6 for evacuation
[2022-09-06T01:23:50.495+0000][7][gc,age      ] GC(59) Desired survivor size 8388608 bytes, new threshold 15 (max threshold 15)
[2022-09-06T01:23:50.502+0000][7][gc,age      ] GC(59) Age table with threshold 15 (max threshold 15)
[2022-09-06T01:23:50.503+0000][7][gc,age      ] GC(59) - age   1:     125192 bytes,     125192 total
[2022-09-06T01:23:50.503+0000][7][gc,age      ] GC(59) - age   2:       2696 bytes,     127888 total
[2022-09-06T01:23:50.503+0000][7][gc,age      ] GC(59) - age   3:      41568 bytes,     169456 total
[2022-09-06T01:23:50.504+0000][7][gc,age      ] GC(59) - age   4:       5912 bytes,     175368 total
[2022-09-06T01:23:50.504+0000][7][gc,age      ] GC(59) - age   5:        264 bytes,     175632 total
[2022-09-06T01:23:50.504+0000][7][gc,age      ] GC(59) - age   6:      16568 bytes,     192200 total
[2022-09-06T01:23:50.505+0000][7][gc,age      ] GC(59) - age   7:       9672 bytes,     201872 total
[2022-09-06T01:23:50.505+0000][7][gc,age      ] GC(59) - age   8:      17040 bytes,     218912 total
[2022-09-06T01:23:50.505+0000][7][gc,age      ] GC(59) - age   9:      51880 bytes,     270792 total
[2022-09-06T01:23:50.506+0000][7][gc,age      ] GC(59) - age  10:      11592 bytes,     282384 total
[2022-09-06T01:23:50.506+0000][7][gc,age      ] GC(59) - age  11:     264912 bytes,     547296 total
[2022-09-06T01:23:50.506+0000][7][gc,age      ] GC(59) - age  12:     417608 bytes,     964904 total
[2022-09-06T01:23:50.507+0000][7][gc,age      ] GC(59) - age  13:     748432 bytes,    1713336 total
[2022-09-06T01:23:50.507+0000][7][gc,age      ] GC(59) - age  14:      36248 bytes,    1749584 total
[2022-09-06T01:23:50.507+0000][7][gc,age      ] GC(59) - age  15:       8784 bytes,    1758368 total
[2022-09-06T01:23:50.507+0000][7][gc,phases   ] GC(59)   Pre Evacuate Collection Set: 0.2ms
[2022-09-06T01:23:50.508+0000][7][gc,phases   ] GC(59)   Merge Heap Roots: 0.2ms
[2022-09-06T01:23:50.508+0000][7][gc,phases   ] GC(59)   Evacuate Collection Set: 4.4ms
[2022-09-06T01:23:50.508+0000][7][gc,phases   ] GC(59)   Post Evacuate Collection Set: 2.0ms
[2022-09-06T01:23:50.509+0000][7][gc,phases   ] GC(59)   Other: 6.4ms
[2022-09-06T01:23:50.509+0000][7][gc,heap     ] GC(59) Eden regions: 28->0(28)
[2022-09-06T01:23:50.509+0000][7][gc,heap     ] GC(59) Survivor regions: 1->1(4)
[2022-09-06T01:23:50.509+0000][7][gc,heap     ] GC(59) Old regions: 20->20
[2022-09-06T01:23:50.510+0000][7][gc,heap     ] GC(59) Archive regions: 2->2
[2022-09-06T01:23:50.510+0000][7][gc,heap     ] GC(59) Humongous regions: 2->2
[2022-09-06T01:23:50.510+0000][7][gc,metaspace] GC(59) Metaspace: 100164K(104584K)->100164K(104584K) NonClass: 86987K(90248K)->86987K(90248K) Class: 13176K(14336K)->13176K(14336K)
[2022-09-06T01:23:50.511+0000][7][gc          ] GC(59) Pause Young (Normal) (G1 Evacuation Pause) 203M->91M(256M) 16.309ms
[2022-09-06T01:23:50.511+0000][7][gc,cpu      ] GC(59) User=0.02s Sys=0.02s Real=0.01s
[2022-09-06T01:23:50.511+0000][7][safepoint   ] Safepoint "G1CollectForAllocation", Time since last: 32579384896 ns, Reaching safepoint: 432071 ns, At safepoint: 17030801 ns, Total: 17462872 ns
[2022-09-06T01:23:54.513+0000][7][safepoint   ] Safepoint "Cleanup", Time since last: 4000903516 ns, Reaching safepoint: 483878 ns, At safepoint: 6783 ns, Total: 490661 ns
[2022-09-06T01:53:00.576+0000][7][safepoint   ] Safepoint "Cleanup", Time since last: 1745950859613 ns, Reaching safepoint: 619883 ns, At safepoint: 16100 ns, Total: 635983 ns
[2022-09-06T01:53:01.584+0000][7][safepoint   ] Safepoint "Cleanup", Time since last: 1007130114 ns, Reaching safepoint: 917351 ns, At safepoint: 155342 ns, Total: 1072693 ns
[2022-09-06T01:53:01.888+0000][7][gc,start    ] GC(60) Pause Young (Concurrent Start) (G1 Evacuation Pause)
[2022-09-06T01:53:01.896+0000][7][gc,task     ] GC(60) Using 6 workers of 6 for evacuation
[2022-09-06T01:53:01.897+0000][7][gc,age      ] GC(60) Desired survivor size 8388608 bytes, new threshold 15 (max threshold 15)
[2022-09-06T01:53:01.933+0000][7][gc,age      ] GC(60) Age table with threshold 15 (max threshold 15)
[2022-09-06T01:53:01.949+0000][7][gc,age      ] GC(60) - age   1:     327024 bytes,     327024 total
[2022-09-06T01:53:01.952+0000][7][gc,age      ] GC(60) - age   2:     108848 bytes,     435872 total
[2022-09-06T01:53:01.960+0000][7][gc,age      ] GC(60) - age   3:       1784 bytes,     437656 total
[2022-09-06T01:53:01.961+0000][7][gc,age      ] GC(60) - age   4:      41536 bytes,     479192 total
[2022-09-06T01:53:01.973+0000][7][gc,age      ] GC(60) - age   5:       5912 bytes,     485104 total
[2022-09-06T01:53:01.974+0000][7][gc,age      ] GC(60) - age   6:        264 bytes,     485368 total
[2022-09-06T01:53:01.977+0000][7][gc,age      ] GC(60) - age   7:      16536 bytes,     501904 total
[2022-09-06T01:53:01.981+0000][7][gc,age      ] GC(60) - age   8:       9568 bytes,     511472 total
[2022-09-06T01:53:01.982+0000][7][gc,age      ] GC(60) - age   9:      17040 bytes,     528512 total
[2022-09-06T01:53:01.986+0000][7][gc,age      ] GC(60) - age  10:      48224 bytes,     576736 total
[2022-09-06T01:53:01.986+0000][7][gc,age      ] GC(60) - age  11:      11592 bytes,     588328 total
[2022-09-06T01:53:01.988+0000][7][gc,age      ] GC(60) - age  12:     249416 bytes,     837744 total
[2022-09-06T01:53:01.989+0000][7][gc,age      ] GC(60) - age  13:     407896 bytes,    1245640 total
[2022-09-06T01:53:01.990+0000][7][gc,age      ] GC(60) - age  14:     748168 bytes,    1993808 total
[2022-09-06T01:53:01.991+0000][7][gc,age      ] GC(60) - age  15:      36248 bytes,    2030056 total
[2022-09-06T01:53:01.993+0000][7][gc,phases   ] GC(60)   Pre Evacuate Collection Set: 0.4ms
[2022-09-06T01:53:01.993+0000][7][gc,phases   ] GC(60)   Merge Heap Roots: 0.2ms
[2022-09-06T01:53:01.994+0000][7][gc,phases   ] GC(60)   Evacuate Collection Set: 22.3ms
[2022-09-06T01:53:02.002+0000][7][gc,phases   ] GC(60)   Post Evacuate Collection Set: 12.3ms
[2022-09-06T01:53:02.004+0000][7][gc,phases   ] GC(60)   Other: 69.5ms
[2022-09-06T01:53:02.007+0000][7][gc,heap     ] GC(60) Eden regions: 28->0(28)
[2022-09-06T01:53:02.012+0000][7][gc,heap     ] GC(60) Survivor regions: 1->1(4)
[2022-09-06T01:53:02.012+0000][7][gc,heap     ] GC(60) Old regions: 20->20
[2022-09-06T01:53:02.012+0000][7][gc,heap     ] GC(60) Archive regions: 2->2
[2022-09-06T01:53:02.014+0000][7][gc,heap     ] GC(60) Humongous regions: 2->2
[2022-09-06T01:53:02.015+0000][7][gc,metaspace] GC(60) Metaspace: 100244K(104840K)->100244K(104840K) NonClass: 87062K(90504K)->87062K(90504K) Class: 13182K(14336K)->13182K(14336K)
[2022-09-06T01:53:02.016+0000][7][gc          ] GC(60) Pause Young (Concurrent Start) (G1 Evacuation Pause) 203M->91M(256M) 127.656ms
[2022-09-06T01:53:02.016+0000][7][gc,cpu      ] GC(60) User=0.05s Sys=0.00s Real=0.13s
[2022-09-06T01:53:02.016+0000][7][gc          ] GC(61) Concurrent Cycle
[2022-09-06T01:53:02.017+0000][7][gc,marking  ] GC(61) Concurrent Clear Claimed Marks
[2022-09-06T01:53:02.018+0000][7][gc,marking  ] GC(61) Concurrent Clear Claimed Marks 0.831ms
[2022-09-06T01:53:02.020+0000][7][gc,marking  ] GC(61) Concurrent Scan Root Regions
[2022-09-06T01:53:02.029+0000][7][gc,marking  ] GC(61) Concurrent Scan Root Regions 9.017ms
[2022-09-06T01:53:02.030+0000][7][gc,marking  ] GC(61) Concurrent Mark (6937.373s)
[2022-09-06T01:53:02.039+0000][7][gc,marking  ] GC(61) Concurrent Mark From Roots
[2022-09-06T01:53:02.041+0000][7][gc,task     ] GC(61) Using 2 workers of 2 for marking
[2022-09-06T01:53:02.021+0000][7][safepoint   ] Safepoint "G1CollectForAllocation", Time since last: 302125507 ns, Reaching safepoint: 1451053 ns, At safepoint: 132759288 ns, Total: 134210341 ns
[2022-09-06T01:53:02.277+0000][7][gc,marking  ] GC(61) Concurrent Mark From Roots 237.898ms
[2022-09-06T01:53:02.278+0000][7][gc,marking  ] GC(61) Concurrent Preclean
[2022-09-06T01:53:02.278+0000][7][gc,marking  ] GC(61) Concurrent Preclean 0.660ms
[2022-09-06T01:53:02.279+0000][7][gc,marking  ] GC(61) Concurrent Mark (6937.373s, 6937.622s) 248.584ms
[2022-09-06T01:53:02.286+0000][7][gc,start    ] GC(61) Pause Remark
[2022-09-06T01:53:02.335+0000][7][gc          ] GC(61) Pause Remark 105M->105M(256M) 48.955ms
[2022-09-06T01:53:02.336+0000][7][gc,cpu      ] GC(61) User=0.09s Sys=0.02s Real=0.05s
[2022-09-06T01:53:02.351+0000][7][safepoint   ] Safepoint "G1Concurrent", Time since last: 264248323 ns, Reaching safepoint: 819087 ns, At safepoint: 65620881 ns, Total: 66439968 ns
[2022-09-06T01:53:02.359+0000][7][gc,marking  ] GC(61) Concurrent Rebuild Remembered Sets
[2022-09-06T01:53:02.460+0000][7][gc,marking  ] GC(61) Concurrent Rebuild Remembered Sets 101.215ms
[2022-09-06T01:53:02.462+0000][7][gc,start    ] GC(61) Pause Cleanup
[2022-09-06T01:53:02.463+0000][7][gc          ] GC(61) Pause Cleanup 115M->115M(256M) 0.734ms
[2022-09-06T01:53:02.464+0000][7][gc,cpu      ] GC(61) User=0.01s Sys=0.00s Real=0.00s
[2022-09-06T01:53:02.465+0000][7][safepoint   ] Safepoint "G1Concurrent", Time since last: 109925656 ns, Reaching safepoint: 684405 ns, At safepoint: 2979230 ns, Total: 3663635 ns
[2022-09-06T01:53:02.465+0000][7][gc,marking  ] GC(61) Concurrent Cleanup for Next Mark
[2022-09-06T01:53:02.467+0000][7][gc,marking  ] GC(61) Concurrent Cleanup for Next Mark 1.669ms
[2022-09-06T01:53:02.468+0000][7][gc          ] GC(61) Concurrent Cycle 451.370ms
[2022-09-06T01:53:03.141+0000][7][gc,start    ] GC(62) Pause Young (Normal) (G1 Evacuation Pause)
[2022-09-06T01:53:03.141+0000][7][gc,task     ] GC(62) Using 6 workers of 6 for evacuation
[2022-09-06T01:53:03.142+0000][7][gc,age      ] GC(62) Desired survivor size 8388608 bytes, new threshold 15 (max threshold 15)
[2022-09-06T01:53:03.149+0000][7][gc,age      ] GC(62) Age table with threshold 15 (max threshold 15)
[2022-09-06T01:53:03.149+0000][7][gc,age      ] GC(62) - age   1:      39128 bytes,      39128 total
[2022-09-06T01:53:03.149+0000][7][gc,age      ] GC(62) - age   2:     217808 bytes,     256936 total
[2022-09-06T01:53:03.150+0000][7][gc,age      ] GC(62) - age   3:      59488 bytes,     316424 total
[2022-09-06T01:53:03.150+0000][7][gc,age      ] GC(62) - age   4:       1664 bytes,     318088 total
[2022-09-06T01:53:03.150+0000][7][gc,age      ] GC(62) - age   5:      16856 bytes,     334944 total
[2022-09-06T01:53:03.151+0000][7][gc,age      ] GC(62) - age   6:       5912 bytes,     340856 total
[2022-09-06T01:53:03.151+0000][7][gc,age      ] GC(62) - age   7:        264 bytes,     341120 total
[2022-09-06T01:53:03.151+0000][7][gc,age      ] GC(62) - age   8:      16536 bytes,     357656 total
[2022-09-06T01:53:03.151+0000][7][gc,age      ] GC(62) - age   9:       9568 bytes,     367224 total
[2022-09-06T01:53:03.152+0000][7][gc,age      ] GC(62) - age  10:      17040 bytes,     384264 total
[2022-09-06T01:53:03.152+0000][7][gc,age      ] GC(62) - age  11:      46616 bytes,     430880 total
[2022-09-06T01:53:03.152+0000][7][gc,age      ] GC(62) - age  12:      11592 bytes,     442472 total
[2022-09-06T01:53:03.153+0000][7][gc,age      ] GC(62) - age  13:     249416 bytes,     691888 total
[2022-09-06T01:53:03.153+0000][7][gc,age      ] GC(62) - age  14:     369280 bytes,    1061168 total
[2022-09-06T01:53:03.153+0000][7][gc,age      ] GC(62) - age  15:     739312 bytes,    1800480 total
[2022-09-06T01:53:03.153+0000][7][gc,phases   ] GC(62)   Pre Evacuate Collection Set: 0.2ms
[2022-09-06T01:53:03.154+0000][7][gc,phases   ] GC(62)   Merge Heap Roots: 0.1ms
[2022-09-06T01:53:03.154+0000][7][gc,phases   ] GC(62)   Evacuate Collection Set: 3.6ms
[2022-09-06T01:53:03.154+0000][7][gc,phases   ] GC(62)   Post Evacuate Collection Set: 2.9ms
[2022-09-06T01:53:03.154+0000][7][gc,phases   ] GC(62)   Other: 5.9ms
[2022-09-06T01:53:03.155+0000][7][gc,heap     ] GC(62) Eden regions: 28->0(28)
[2022-09-06T01:53:03.155+0000][7][gc,heap     ] GC(62) Survivor regions: 1->1(4)
[2022-09-06T01:53:03.155+0000][7][gc,heap     ] GC(62) Old regions: 20->20
[2022-09-06T01:53:03.156+0000][7][gc,heap     ] GC(62) Archive regions: 2->2
[2022-09-06T01:53:03.156+0000][7][gc,heap     ] GC(62) Humongous regions: 2->2
[2022-09-06T01:53:03.156+0000][7][gc,metaspace] GC(62) Metaspace: 100235K(104840K)->100235K(104840K) NonClass: 87054K(90504K)->87054K(90504K) Class: 13180K(14336K)->13180K(14336K)
[2022-09-06T01:53:03.157+0000][7][gc          ] GC(62) Pause Young (Normal) (G1 Evacuation Pause) 203M->91M(256M) 15.832ms
[2022-09-06T01:53:03.157+0000][7][gc,cpu      ] GC(62) User=0.01s Sys=0.00s Real=0.02s
[2022-09-06T01:53:03.157+0000][7][safepoint   ] Safepoint "G1CollectForAllocation", Time since last: 675192850 ns, Reaching safepoint: 527911 ns, At safepoint: 16570007 ns, Total: 17097918 ns
[2022-09-06T01:53:03.807+0000][7][gc,start    ] GC(63) Pause Young (Concurrent Start) (G1 Evacuation Pause)
[2022-09-06T01:53:03.807+0000][7][gc,task     ] GC(63) Using 6 workers of 6 for evacuation
[2022-09-06T01:53:03.808+0000][7][gc,age      ] GC(63) Desired survivor size 8388608 bytes, new threshold 15 (max threshold 15)
[2022-09-06T01:53:03.827+0000][7][gc,age      ] GC(63) Age table with threshold 15 (max threshold 15)
[2022-09-06T01:53:03.827+0000][7][gc,age      ] GC(63) - age   1:     192568 bytes,     192568 total
[2022-09-06T01:53:03.828+0000][7][gc,age      ] GC(63) - age   2:      16816 bytes,     209384 total
[2022-09-06T01:53:03.828+0000][7][gc,age      ] GC(63) - age   3:     217808 bytes,     427192 total
[2022-09-06T01:53:03.828+0000][7][gc,age      ] GC(63) - age   4:      59488 bytes,     486680 total
[2022-09-06T01:53:03.828+0000][7][gc,age      ] GC(63) - age   5:       1664 bytes,     488344 total
[2022-09-06T01:53:03.829+0000][7][gc,age      ] GC(63) - age   6:      16856 bytes,     505200 total
[2022-09-06T01:53:03.829+0000][7][gc,age      ] GC(63) - age   7:       5912 bytes,     511112 total
[2022-09-06T01:53:03.829+0000][7][gc,age      ] GC(63) - age   8:        264 bytes,     511376 total
[2022-09-06T01:53:03.829+0000][7][gc,age      ] GC(63) - age   9:      16536 bytes,     527912 total
[2022-09-06T01:53:03.830+0000][7][gc,age      ] GC(63) - age  10:       9568 bytes,     537480 total
[2022-09-06T01:53:03.830+0000][7][gc,age      ] GC(63) - age  11:      17040 bytes,     554520 total
[2022-09-06T01:53:03.830+0000][7][gc,age      ] GC(63) - age  12:      46544 bytes,     601064 total
[2022-09-06T01:53:03.830+0000][7][gc,age      ] GC(63) - age  13:      11592 bytes,     612656 total
[2022-09-06T01:53:03.830+0000][7][gc,age      ] GC(63) - age  14:     249416 bytes,     862072 total
[2022-09-06T01:53:03.831+0000][7][gc,age      ] GC(63) - age  15:     364768 bytes,    1226840 total
[2022-09-06T01:53:03.831+0000][7][gc,phases   ] GC(63)   Pre Evacuate Collection Set: 0.3ms
[2022-09-06T01:53:03.831+0000][7][gc,phases   ] GC(63)   Merge Heap Roots: 0.2ms
[2022-09-06T01:53:03.831+0000][7][gc,phases   ] GC(63)   Evacuate Collection Set: 12.1ms
[2022-09-06T01:53:03.832+0000][7][gc,phases   ] GC(63)   Post Evacuate Collection Set: 6.3ms
[2022-09-06T01:53:03.832+0000][7][gc,phases   ] GC(63)   Other: 5.3ms
[2022-09-06T01:53:03.832+0000][7][gc,heap     ] GC(63) Eden regions: 28->0(28)
[2022-09-06T01:53:03.832+0000][7][gc,heap     ] GC(63) Survivor regions: 1->1(4)
[2022-09-06T01:53:03.833+0000][7][gc,heap     ] GC(63) Old regions: 20->20
[2022-09-06T01:53:03.833+0000][7][gc,heap     ] GC(63) Archive regions: 2->2
[2022-09-06T01:53:03.833+0000][7][gc,heap     ] GC(63) Humongous regions: 2->2
[2022-09-06T01:53:03.833+0000][7][gc,metaspace] GC(63) Metaspace: 100299K(104840K)->100299K(104840K) NonClass: 87118K(90504K)->87118K(90504K) Class: 13180K(14336K)->13180K(14336K)
[2022-09-06T01:53:03.834+0000][7][gc          ] GC(63) Pause Young (Concurrent Start) (G1 Evacuation Pause) 203M->91M(256M) 26.978ms
[2022-09-06T01:53:03.834+0000][7][gc,cpu      ] GC(63) User=0.06s Sys=0.00s Real=0.02s
[2022-09-06T01:53:03.835+0000][7][gc          ] GC(64) Concurrent Cycle
[2022-09-06T01:53:03.835+0000][7][safepoint   ] Safepoint "G1CollectForAllocation", Time since last: 649325023 ns, Reaching safepoint: 212478 ns, At safepoint: 27982585 ns, Total: 28195063 ns
[2022-09-06T01:53:03.835+0000][7][gc,marking  ] GC(64) Concurrent Clear Claimed Marks
[2022-09-06T01:53:03.836+0000][7][gc,marking  ] GC(64) Concurrent Clear Claimed Marks 0.921ms
[2022-09-06T01:53:03.836+0000][7][gc,marking  ] GC(64) Concurrent Scan Root Regions
[2022-09-06T01:53:03.839+0000][7][gc,marking  ] GC(64) Concurrent Scan Root Regions 2.743ms
[2022-09-06T01:53:03.839+0000][7][gc,marking  ] GC(64) Concurrent Mark (6939.182s)
[2022-09-06T01:53:03.841+0000][7][gc,marking  ] GC(64) Concurrent Mark From Roots
[2022-09-06T01:53:03.841+0000][7][gc,task     ] GC(64) Using 2 workers of 2 for marking
[2022-09-06T01:53:03.944+0000][7][gc,marking  ] GC(64) Concurrent Mark From Roots 103.446ms
[2022-09-06T01:53:03.945+0000][7][gc,marking  ] GC(64) Concurrent Preclean
[2022-09-06T01:53:03.946+0000][7][gc,marking  ] GC(64) Concurrent Preclean 1.627ms
[2022-09-06T01:53:03.948+0000][7][gc,marking  ] GC(64) Concurrent Mark (6939.182s, 6939.290s) 107.575ms
[2022-09-06T01:53:03.950+0000][7][gc,start    ] GC(64) Pause Remark
[2022-09-06T01:53:03.962+0000][7][gc          ] GC(64) Pause Remark 111M->111M(256M) 12.596ms
[2022-09-06T01:53:03.963+0000][7][gc,cpu      ] GC(64) User=0.03s Sys=0.00s Real=0.01s
[2022-09-06T01:53:03.963+0000][7][safepoint   ] Safepoint "G1Concurrent", Time since last: 114445910 ns, Reaching safepoint: 352512 ns, At safepoint: 13565157 ns, Total: 13917669 ns
[2022-09-06T01:53:03.965+0000][7][gc,marking  ] GC(64) Concurrent Rebuild Remembered Sets
[2022-09-06T01:53:04.026+0000][7][gc,marking  ] GC(64) Concurrent Rebuild Remembered Sets 61.418ms
[2022-09-06T01:53:04.027+0000][7][gc,start    ] GC(64) Pause Cleanup
[2022-09-06T01:53:04.028+0000][7][gc          ] GC(64) Pause Cleanup 121M->121M(256M) 0.564ms
[2022-09-06T01:53:04.028+0000][7][gc,cpu      ] GC(64) User=0.01s Sys=0.00s Real=0.00s
[2022-09-06T01:53:04.029+0000][7][safepoint   ] Safepoint "G1Concurrent", Time since last: 63512313 ns, Reaching safepoint: 341551 ns, At safepoint: 1811710 ns, Total: 2153261 ns
[2022-09-06T01:53:04.029+0000][7][gc,marking  ] GC(64) Concurrent Cleanup for Next Mark
[2022-09-06T01:53:04.031+0000][7][gc,marking  ] GC(64) Concurrent Cleanup for Next Mark 1.720ms
[2022-09-06T01:53:04.032+0000][7][gc          ] GC(64) Concurrent Cycle 196.942ms
[2022-09-06T01:53:04.467+0000][7][gc,start    ] GC(65) Pause Young (Normal) (G1 Evacuation Pause)
[2022-09-06T01:53:04.468+0000][7][gc,task     ] GC(65) Using 6 workers of 6 for evacuation
[2022-09-06T01:53:04.468+0000][7][gc,age      ] GC(65) Desired survivor size 8388608 bytes, new threshold 15 (max threshold 15)
[2022-09-06T01:53:04.475+0000][7][gc,age      ] GC(65) Age table with threshold 15 (max threshold 15)
[2022-09-06T01:53:04.475+0000][7][gc,age      ] GC(65) - age   1:     203416 bytes,     203416 total
[2022-09-06T01:53:04.476+0000][7][gc,age      ] GC(65) - age   2:       9304 bytes,     212720 total
[2022-09-06T01:53:04.476+0000][7][gc,age      ] GC(65) - age   3:      14432 bytes,     227152 total
[2022-09-06T01:53:04.476+0000][7][gc,age      ] GC(65) - age   4:     217536 bytes,     444688 total
[2022-09-06T01:53:04.477+0000][7][gc,age      ] GC(65) - age   5:      59368 bytes,     504056 total
[2022-09-06T01:53:04.477+0000][7][gc,age      ] GC(65) - age   6:       1664 bytes,     505720 total
[2022-09-06T01:53:04.477+0000][7][gc,age      ] GC(65) - age   7:      16776 bytes,     522496 total
[2022-09-06T01:53:04.477+0000][7][gc,age      ] GC(65) - age   8:       5912 bytes,     528408 total
[2022-09-06T01:53:04.478+0000][7][gc,age      ] GC(65) - age   9:        264 bytes,     528672 total
[2022-09-06T01:53:04.478+0000][7][gc,age      ] GC(65) - age  10:      16536 bytes,     545208 total
[2022-09-06T01:53:04.478+0000][7][gc,age      ] GC(65) - age  11:       9568 bytes,     554776 total
[2022-09-06T01:53:04.478+0000][7][gc,age      ] GC(65) - age  12:      17040 bytes,     571816 total
[2022-09-06T01:53:04.479+0000][7][gc,age      ] GC(65) - age  13:      46544 bytes,     618360 total
[2022-09-06T01:53:04.479+0000][7][gc,age      ] GC(65) - age  14:      11592 bytes,     629952 total
[2022-09-06T01:53:04.479+0000][7][gc,age      ] GC(65) - age  15:     249416 bytes,     879368 total
[2022-09-06T01:53:04.480+0000][7][gc,phases   ] GC(65)   Pre Evacuate Collection Set: 0.1ms
[2022-09-06T01:53:04.480+0000][7][gc,phases   ] GC(65)   Merge Heap Roots: 0.1ms
[2022-09-06T01:53:04.480+0000][7][gc,phases   ] GC(65)   Evacuate Collection Set: 3.9ms
[2022-09-06T01:53:04.480+0000][7][gc,phases   ] GC(65)   Post Evacuate Collection Set: 2.1ms
[2022-09-06T01:53:04.481+0000][7][gc,phases   ] GC(65)   Other: 5.9ms
[2022-09-06T01:53:04.481+0000][7][gc,heap     ] GC(65) Eden regions: 28->0(28)
[2022-09-06T01:53:04.481+0000][7][gc,heap     ] GC(65) Survivor regions: 1->1(4)
[2022-09-06T01:53:04.482+0000][7][gc,heap     ] GC(65) Old regions: 20->20
[2022-09-06T01:53:04.482+0000][7][gc,heap     ] GC(65) Archive regions: 2->2
[2022-09-06T01:53:04.482+0000][7][gc,heap     ] GC(65) Humongous regions: 2->2
[2022-09-06T01:53:04.482+0000][7][gc,metaspace] GC(65) Metaspace: 100312K(104840K)->100312K(104840K) NonClass: 87132K(90504K)->87132K(90504K) Class: 13180K(14336K)->13180K(14336K)
[2022-09-06T01:53:04.482+0000][7][gc          ] GC(65) Pause Young (Normal) (G1 Evacuation Pause) 203M->91M(256M) 14.994ms
[2022-09-06T01:53:04.483+0000][7][gc,cpu      ] GC(65) User=0.01s Sys=0.01s Real=0.01s
[2022-09-06T01:53:04.483+0000][7][safepoint   ] Safepoint "G1CollectForAllocation", Time since last: 438216198 ns, Reaching safepoint: 334998 ns, At safepoint: 15845407 ns, Total: 16180405 ns
[2022-09-06T01:53:05.153+0000][7][gc,start    ] GC(66) Pause Young (Concurrent Start) (G1 Evacuation Pause)
[2022-09-06T01:53:05.153+0000][7][gc,task     ] GC(66) Using 6 workers of 6 for evacuation
[2022-09-06T01:53:05.153+0000][7][gc,age      ] GC(66) Desired survivor size 8388608 bytes, new threshold 15 (max threshold 15)
[2022-09-06T01:53:05.159+0000][7][gc,age      ] GC(66) Age table with threshold 15 (max threshold 15)
[2022-09-06T01:53:05.159+0000][7][gc,age      ] GC(66) - age   1:      21208 bytes,      21208 total
[2022-09-06T01:53:05.160+0000][7][gc,age      ] GC(66) - age   2:      17120 bytes,      38328 total
[2022-09-06T01:53:05.160+0000][7][gc,age      ] GC(66) - age   3:       8448 bytes,      46776 total
[2022-09-06T01:53:05.160+0000][7][gc,age      ] GC(66) - age   4:      14400 bytes,      61176 total
[2022-09-06T01:53:05.160+0000][7][gc,age      ] GC(66) - age   5:     217056 bytes,     278232 total
[2022-09-06T01:53:05.161+0000][7][gc,age      ] GC(66) - age   6:      59368 bytes,     337600 total
[2022-09-06T01:53:05.161+0000][7][gc,age      ] GC(66) - age   7:       1664 bytes,     339264 total
[2022-09-06T01:53:05.161+0000][7][gc,age      ] GC(66) - age   8:      16776 bytes,     356040 total
[2022-09-06T01:53:05.161+0000][7][gc,age      ] GC(66) - age   9:       5912 bytes,     361952 total
[2022-09-06T01:53:05.162+0000][7][gc,age      ] GC(66) - age  10:        264 bytes,     362216 total
[2022-09-06T01:53:05.162+0000][7][gc,age      ] GC(66) - age  11:      16536 bytes,     378752 total
[2022-09-06T01:53:05.162+0000][7][gc,age      ] GC(66) - age  12:       9568 bytes,     388320 total
[2022-09-06T01:53:05.162+0000][7][gc,age      ] GC(66) - age  13:      17040 bytes,     405360 total
[2022-09-06T01:53:05.163+0000][7][gc,age      ] GC(66) - age  14:      46544 bytes,     451904 total
[2022-09-06T01:53:05.163+0000][7][gc,age      ] GC(66) - age  15:      11592 bytes,     463496 total
[2022-09-06T01:53:05.164+0000][7][gc,phases   ] GC(66)   Pre Evacuate Collection Set: 0.3ms
[2022-09-06T01:53:05.164+0000][7][gc,phases   ] GC(66)   Merge Heap Roots: 0.2ms
[2022-09-06T01:53:05.165+0000][7][gc,phases   ] GC(66)   Evacuate Collection Set: 2.9ms
[2022-09-06T01:53:05.166+0000][7][gc,phases   ] GC(66)   Post Evacuate Collection Set: 1.8ms
[2022-09-06T01:53:05.166+0000][7][gc,phases   ] GC(66)   Other: 5.4ms
[2022-09-06T01:53:05.167+0000][7][gc,heap     ] GC(66) Eden regions: 28->0(28)
[2022-09-06T01:53:05.168+0000][7][gc,heap     ] GC(66) Survivor regions: 1->1(4)
[2022-09-06T01:53:05.168+0000][7][gc,heap     ] GC(66) Old regions: 20->20
[2022-09-06T01:53:05.169+0000][7][gc,heap     ] GC(66) Archive regions: 2->2
[2022-09-06T01:53:05.169+0000][7][gc,heap     ] GC(66) Humongous regions: 2->2
[2022-09-06T01:53:05.169+0000][7][gc,metaspace] GC(66) Metaspace: 100315K(104840K)->100315K(104840K) NonClass: 87135K(90504K)->87135K(90504K) Class: 13180K(14336K)->13180K(14336K)
[2022-09-06T01:53:05.170+0000][7][gc          ] GC(66) Pause Young (Concurrent Start) (G1 Evacuation Pause) 203M->91M(256M) 16.778ms
[2022-09-06T01:53:05.170+0000][7][gc,cpu      ] GC(66) User=0.02s Sys=0.01s Real=0.02s
[2022-09-06T01:53:05.170+0000][7][gc          ] GC(67) Concurrent Cycle
[2022-09-06T01:53:05.171+0000][7][gc,marking  ] GC(67) Concurrent Clear Claimed Marks
[2022-09-06T01:53:05.170+0000][7][safepoint   ] Safepoint "G1CollectForAllocation", Time since last: 669042177 ns, Reaching safepoint: 459912 ns, At safepoint: 17774848 ns, Total: 18234760 ns
[2022-09-06T01:53:05.171+0000][7][gc,marking  ] GC(67) Concurrent Clear Claimed Marks 0.435ms
[2022-09-06T01:53:05.172+0000][7][gc,marking  ] GC(67) Concurrent Scan Root Regions
[2022-09-06T01:53:05.174+0000][7][gc,marking  ] GC(67) Concurrent Scan Root Regions 1.920ms
[2022-09-06T01:53:05.174+0000][7][gc,marking  ] GC(67) Concurrent Mark (6940.517s)
[2022-09-06T01:53:05.175+0000][7][gc,marking  ] GC(67) Concurrent Mark From Roots
[2022-09-06T01:53:05.175+0000][7][gc,task     ] GC(67) Using 2 workers of 2 for marking
[2022-09-06T01:53:05.270+0000][7][gc,marking  ] GC(67) Concurrent Mark From Roots 95.686ms
[2022-09-06T01:53:05.271+0000][7][gc,marking  ] GC(67) Concurrent Preclean
[2022-09-06T01:53:05.272+0000][7][gc,marking  ] GC(67) Concurrent Preclean 0.789ms
[2022-09-06T01:53:05.272+0000][7][gc,marking  ] GC(67) Concurrent Mark (6940.517s, 6940.615s) 97.967ms
[2022-09-06T01:53:05.274+0000][7][gc,start    ] GC(67) Pause Remark
[2022-09-06T01:53:05.284+0000][7][gc          ] GC(67) Pause Remark 110M->110M(256M) 9.535ms
[2022-09-06T01:53:05.284+0000][7][gc,cpu      ] GC(67) User=0.02s Sys=0.01s Real=0.01s
[2022-09-06T01:53:05.285+0000][7][safepoint   ] Safepoint "G1Concurrent", Time since last: 103011962 ns, Reaching safepoint: 689655 ns, At safepoint: 10465009 ns, Total: 11154664 ns
[2022-09-06T01:53:05.285+0000][7][gc,marking  ] GC(67) Concurrent Rebuild Remembered Sets
[2022-09-06T01:53:05.377+0000][7][gc,marking  ] GC(67) Concurrent Rebuild Remembered Sets 91.759ms
[2022-09-06T01:53:05.378+0000][7][gc,start    ] GC(67) Pause Cleanup
[2022-09-06T01:53:05.379+0000][7][gc          ] GC(67) Pause Cleanup 124M->124M(256M) 0.478ms
[2022-09-06T01:53:05.380+0000][7][gc,cpu      ] GC(67) User=0.00s Sys=0.00s Real=0.00s
[2022-09-06T01:53:05.380+0000][7][safepoint   ] Safepoint "G1Concurrent", Time since last: 93373213 ns, Reaching safepoint: 190898 ns, At safepoint: 2201362 ns, Total: 2392260 ns
[2022-09-06T01:53:05.389+0000][7][gc,marking  ] GC(67) Concurrent Cleanup for Next Mark
[2022-09-06T01:53:05.390+0000][7][gc,marking  ] GC(67) Concurrent Cleanup for Next Mark 0.950ms
[2022-09-06T01:53:05.391+0000][7][gc          ] GC(67) Concurrent Cycle 220.636ms
[2022-09-06T01:53:06.247+0000][7][gc,start    ] GC(68) Pause Young (Normal) (G1 Evacuation Pause)
[2022-09-06T01:53:06.248+0000][7][gc,task     ] GC(68) Using 6 workers of 6 for evacuation
[2022-09-06T01:53:06.248+0000][7][gc,age      ] GC(68) Desired survivor size 8388608 bytes, new threshold 15 (max threshold 15)
[2022-09-06T01:53:06.251+0000][7][gc,age      ] GC(68) Age table with threshold 15 (max threshold 15)
[2022-09-06T01:53:06.251+0000][7][gc,age      ] GC(68) - age   1:       3176 bytes,       3176 total
[2022-09-06T01:53:06.252+0000][7][gc,age      ] GC(68) - age   2:       2192 bytes,       5368 total
[2022-09-06T01:53:06.252+0000][7][gc,age      ] GC(68) - age   3:      16784 bytes,      22152 total
[2022-09-06T01:53:06.252+0000][7][gc,age      ] GC(68) - age   4:       8416 bytes,      30568 total
[2022-09-06T01:53:06.253+0000][7][gc,age      ] GC(68) - age   5:      14400 bytes,      44968 total
[2022-09-06T01:53:06.253+0000][7][gc,age      ] GC(68) - age   6:     217024 bytes,     261992 total
[2022-09-06T01:53:06.253+0000][7][gc,age      ] GC(68) - age   7:      59368 bytes,     321360 total
[2022-09-06T01:53:06.254+0000][7][gc,age      ] GC(68) - age   8:       1664 bytes,     323024 total
[2022-09-06T01:53:06.254+0000][7][gc,age      ] GC(68) - age   9:      16776 bytes,     339800 total
[2022-09-06T01:53:06.254+0000][7][gc,age      ] GC(68) - age  10:       5912 bytes,     345712 total
[2022-09-06T01:53:06.254+0000][7][gc,age      ] GC(68) - age  11:        264 bytes,     345976 total
[2022-09-06T01:53:06.255+0000][7][gc,age      ] GC(68) - age  12:      16536 bytes,     362512 total
[2022-09-06T01:53:06.255+0000][7][gc,age      ] GC(68) - age  13:       9568 bytes,     372080 total
[2022-09-06T01:53:06.255+0000][7][gc,age      ] GC(68) - age  14:      17040 bytes,     389120 total
[2022-09-06T01:53:06.255+0000][7][gc,age      ] GC(68) - age  15:      46544 bytes,     435664 total
[2022-09-06T01:53:06.256+0000][7][gc,phases   ] GC(68)   Pre Evacuate Collection Set: 0.2ms
[2022-09-06T01:53:06.256+0000][7][gc,phases   ] GC(68)   Merge Heap Roots: 0.2ms
[2022-09-06T01:53:06.256+0000][7][gc,phases   ] GC(68)   Evacuate Collection Set: 1.4ms
[2022-09-06T01:53:06.256+0000][7][gc,phases   ] GC(68)   Post Evacuate Collection Set: 1.0ms
[2022-09-06T01:53:06.257+0000][7][gc,phases   ] GC(68)   Other: 5.8ms
[2022-09-06T01:53:06.257+0000][7][gc,heap     ] GC(68) Eden regions: 28->0(28)
[2022-09-06T01:53:06.257+0000][7][gc,heap     ] GC(68) Survivor regions: 1->1(4)
[2022-09-06T01:53:06.257+0000][7][gc,heap     ] GC(68) Old regions: 20->20
[2022-09-06T01:53:06.258+0000][7][gc,heap     ] GC(68) Archive regions: 2->2
[2022-09-06T01:53:06.258+0000][7][gc,heap     ] GC(68) Humongous regions: 2->2
[2022-09-06T01:53:06.258+0000][7][gc,metaspace] GC(68) Metaspace: 100328K(104840K)->100328K(104840K) NonClass: 87147K(90504K)->87147K(90504K) Class: 13180K(14336K)->13180K(14336K)
[2022-09-06T01:53:06.258+0000][7][gc          ] GC(68) Pause Young (Normal) (G1 Evacuation Pause) 203M->91M(256M) 11.094ms
[2022-09-06T01:53:06.259+0000][7][gc,cpu      ] GC(68) User=0.01s Sys=0.00s Real=0.01s
[2022-09-06T01:53:06.259+0000][7][safepoint   ] Safepoint "G1CollectForAllocation", Time since last: 866513188 ns, Reaching safepoint: 306716 ns, At safepoint: 11710838 ns, Total: 12017554 ns
[2022-09-06T01:53:08.260+0000][7][safepoint   ] Safepoint "Cleanup", Time since last: 2000845912 ns, Reaching safepoint: 297909 ns, At safepoint: 37270 ns, Total: 335179 ns
[2022-09-06T01:53:10.261+0000][7][safepoint   ] Safepoint "Cleanup", Time since last: 2000832488 ns, Reaching safepoint: 201297 ns, At safepoint: 9819 ns, Total: 211116 ns
[2022-09-06T01:53:21.264+0000][7][safepoint   ] Safepoint "Cleanup", Time since last: 11002065083 ns, Reaching safepoint: 486673 ns, At safepoint: 37720 ns, Total: 524393 ns
[2022-09-06T01:53:30.155+0000][7][safepoint   ] Safepoint "Cleanup", Time since last: 9003122442 ns, Reaching safepoint: 299882 ns, At safepoint: 11562 ns, Total: 311444 ns
[2022-09-06T01:53:34.157+0000][7][safepoint   ] Safepoint "Cleanup", Time since last: 4001999002 ns, Reaching safepoint: 401884 ns, At safepoint: 13054 ns, Total: 414938 ns
[2022-09-06T01:54:00.163+0000][7][safepoint   ] Safepoint "Cleanup", Time since last: 26005512328 ns, Reaching safepoint: 362952 ns, At safepoint: 19446 ns, Total: 382398 ns
[2022-09-06T01:54:23.699+0000][7][gc,start    ] GC(69) Pause Young (Concurrent Start) (G1 Evacuation Pause)
[2022-09-06T01:54:23.700+0000][7][gc,task     ] GC(69) Using 6 workers of 6 for evacuation
[2022-09-06T01:54:23.700+0000][7][gc,age      ] GC(69) Desired survivor size 8388608 bytes, new threshold 15 (max threshold 15)
[2022-09-06T01:54:23.705+0000][7][gc,age      ] GC(69) Age table with threshold 15 (max threshold 15)
[2022-09-06T01:54:23.706+0000][7][gc,age      ] GC(69) - age   1:      27136 bytes,      27136 total
[2022-09-06T01:54:23.706+0000][7][gc,age      ] GC(69) - age   2:        128 bytes,      27264 total
[2022-09-06T01:54:23.706+0000][7][gc,age      ] GC(69) - age   3:        496 bytes,      27760 total
[2022-09-06T01:54:23.707+0000][7][gc,age      ] GC(69) - age   4:      16752 bytes,      44512 total
[2022-09-06T01:54:23.707+0000][7][gc,age      ] GC(69) - age   5:       8416 bytes,      52928 total
[2022-09-06T01:54:23.707+0000][7][gc,age      ] GC(69) - age   6:      14264 bytes,      67192 total
[2022-09-06T01:54:23.708+0000][7][gc,age      ] GC(69) - age   7:     212928 bytes,     280120 total
[2022-09-06T01:54:23.708+0000][7][gc,age      ] GC(69) - age   8:      59336 bytes,     339456 total
[2022-09-06T01:54:23.708+0000][7][gc,age      ] GC(69) - age   9:       1664 bytes,     341120 total
[2022-09-06T01:54:23.708+0000][7][gc,age      ] GC(69) - age  10:      16776 bytes,     357896 total
[2022-09-06T01:54:23.709+0000][7][gc,age      ] GC(69) - age  11:       5912 bytes,     363808 total
[2022-09-06T01:54:23.709+0000][7][gc,age      ] GC(69) - age  12:        264 bytes,     364072 total
[2022-09-06T01:54:23.709+0000][7][gc,age      ] GC(69) - age  13:      16536 bytes,     380608 total
[2022-09-06T01:54:23.709+0000][7][gc,age      ] GC(69) - age  14:       9568 bytes,     390176 total
[2022-09-06T01:54:23.710+0000][7][gc,age      ] GC(69) - age  15:      17040 bytes,     407216 total
[2022-09-06T01:54:23.710+0000][7][gc,phases   ] GC(69)   Pre Evacuate Collection Set: 0.4ms
[2022-09-06T01:54:23.710+0000][7][gc,phases   ] GC(69)   Merge Heap Roots: 0.2ms
[2022-09-06T01:54:23.711+0000][7][gc,phases   ] GC(69)   Evacuate Collection Set: 3.3ms
[2022-09-06T01:54:23.711+0000][7][gc,phases   ] GC(69)   Post Evacuate Collection Set: 1.1ms
[2022-09-06T01:54:23.711+0000][7][gc,phases   ] GC(69)   Other: 5.5ms
[2022-09-06T01:54:23.711+0000][7][gc,heap     ] GC(69) Eden regions: 28->0(28)
[2022-09-06T01:54:23.711+0000][7][gc,heap     ] GC(69) Survivor regions: 1->1(4)
[2022-09-06T01:54:23.712+0000][7][gc,heap     ] GC(69) Old regions: 20->20
[2022-09-06T01:54:23.712+0000][7][gc,heap     ] GC(69) Archive regions: 2->2
[2022-09-06T01:54:23.712+0000][7][gc,heap     ] GC(69) Humongous regions: 2->2
[2022-09-06T01:54:23.712+0000][7][gc,metaspace] GC(69) Metaspace: 100334K(104840K)->100334K(104840K) NonClass: 87154K(90504K)->87154K(90504K) Class: 13180K(14336K)->13180K(14336K)
[2022-09-06T01:54:23.713+0000][7][gc          ] GC(69) Pause Young (Concurrent Start) (G1 Evacuation Pause) 203M->91M(256M) 13.595ms
[2022-09-06T01:54:23.713+0000][7][gc,cpu      ] GC(69) User=0.02s Sys=0.00s Real=0.02s
[2022-09-06T01:54:23.715+0000][7][safepoint   ] Safepoint "G1CollectForAllocation", Time since last: 23535610213 ns, Reaching safepoint: 539603 ns, At safepoint: 15784813 ns, Total: 16324416 ns
[2022-09-06T01:54:23.716+0000][7][gc          ] GC(70) Concurrent Cycle
[2022-09-06T01:54:23.718+0000][7][gc,marking  ] GC(70) Concurrent Clear Claimed Marks
[2022-09-06T01:54:23.718+0000][7][gc,marking  ] GC(70) Concurrent Clear Claimed Marks 0.615ms
[2022-09-06T01:54:23.719+0000][7][gc,marking  ] GC(70) Concurrent Scan Root Regions
[2022-09-06T01:54:23.723+0000][7][gc,marking  ] GC(70) Concurrent Scan Root Regions 3.290ms
[2022-09-06T01:54:23.724+0000][7][gc,marking  ] GC(70) Concurrent Mark (7019.178s)
[2022-09-06T01:54:23.724+0000][7][gc,marking  ] GC(70) Concurrent Mark From Roots
[2022-09-06T01:54:23.725+0000][7][gc,task     ] GC(70) Using 2 workers of 2 for marking
[2022-09-06T01:54:23.809+0000][7][gc,marking  ] GC(70) Concurrent Mark From Roots 84.707ms
[2022-09-06T01:54:23.809+0000][7][gc,marking  ] GC(70) Concurrent Preclean
[2022-09-06T01:54:23.810+0000][7][gc,marking  ] GC(70) Concurrent Preclean 0.566ms
[2022-09-06T01:54:23.810+0000][7][gc,marking  ] GC(70) Concurrent Mark (7019.178s, 7019.265s) 86.501ms
[2022-09-06T01:54:23.811+0000][7][gc,start    ] GC(70) Pause Remark
[2022-09-06T01:54:23.821+0000][7][gc          ] GC(70) Pause Remark 92M->92M(256M) 9.740ms
[2022-09-06T01:54:23.821+0000][7][gc,cpu      ] GC(70) User=0.05s Sys=0.00s Real=0.01s
[2022-09-06T01:54:23.821+0000][7][safepoint   ] Safepoint "G1Concurrent", Time since last: 95272667 ns, Reaching safepoint: 314681 ns, At safepoint: 10584233 ns, Total: 10898914 ns
[2022-09-06T01:54:23.822+0000][7][gc,marking  ] GC(70) Concurrent Rebuild Remembered Sets
[2022-09-06T01:54:23.880+0000][7][gc,marking  ] GC(70) Concurrent Rebuild Remembered Sets 58.652ms
[2022-09-06T01:54:23.881+0000][7][gc,start    ] GC(70) Pause Cleanup
[2022-09-06T01:54:23.882+0000][7][gc          ] GC(70) Pause Cleanup 92M->92M(256M) 0.581ms
[2022-09-06T01:54:23.882+0000][7][gc,cpu      ] GC(70) User=0.00s Sys=0.00s Real=0.00s
[2022-09-06T01:54:23.883+0000][7][safepoint   ] Safepoint "G1Concurrent", Time since last: 59661095 ns, Reaching safepoint: 258485 ns, At safepoint: 1463497 ns, Total: 1721982 ns
[2022-09-06T01:54:23.883+0000][7][gc,marking  ] GC(70) Concurrent Cleanup for Next Mark
[2022-09-06T01:54:23.884+0000][7][gc,marking  ] GC(70) Concurrent Cleanup for Next Mark 0.762ms
[2022-09-06T01:54:23.884+0000][7][gc          ] GC(70) Concurrent Cycle 168.504ms
[2022-09-06T01:55:27.896+0000][7][safepoint   ] Safepoint "Cleanup", Time since last: 64011583507 ns, Reaching safepoint: 554079 ns, At safepoint: 60695 ns, Total: 614774 ns
[2022-09-06T01:55:28.897+0000][7][safepoint   ] Safepoint "Cleanup", Time since last: 1000340421 ns, Reaching safepoint: 371477 ns, At safepoint: 9218 ns, Total: 380695 ns
[2022-09-06T01:55:31.899+0000][7][safepoint   ] Safepoint "Cleanup", Time since last: 3001964863 ns, Reaching safepoint: 400913 ns, At safepoint: 63048 ns, Total: 463961 ns
[2022-09-06T01:56:34.910+0000][7][safepoint   ] Safepoint "Cleanup", Time since last: 63011959960 ns, Reaching safepoint: 352471 ns, At safepoint: 34866 ns, Total: 387337 ns
[2022-09-06T01:57:03.916+0000][7][safepoint   ] Safepoint "Cleanup", Time since last: 29006155572 ns, Reaching safepoint: 256652 ns, At safepoint: 5060 ns, Total: 261712 ns
[2022-09-06T01:57:42.924+0000][7][safepoint   ] Safepoint "Cleanup", Time since last: 39007978589 ns, Reaching safepoint: 259567 ns, At safepoint: 57639 ns, Total: 317206 ns
[2022-09-06T01:57:50.486+0000][7][gc,start    ] GC(71) Pause Young (Normal) (G1 Evacuation Pause)
[2022-09-06T01:57:50.486+0000][7][gc,task     ] GC(71) Using 6 workers of 6 for evacuation
[2022-09-06T01:57:50.487+0000][7][gc,age      ] GC(71) Desired survivor size 8388608 bytes, new threshold 15 (max threshold 15)
[2022-09-06T01:57:50.491+0000][7][gc,age      ] GC(71) Age table with threshold 15 (max threshold 15)
[2022-09-06T01:57:50.491+0000][7][gc,age      ] GC(71) - age   1:     107840 bytes,     107840 total
[2022-09-06T01:57:50.491+0000][7][gc,age      ] GC(71) - age   2:       9728 bytes,     117568 total
[2022-09-06T01:57:50.492+0000][7][gc,age      ] GC(71) - age   3:         96 bytes,     117664 total
[2022-09-06T01:57:50.492+0000][7][gc,age      ] GC(71) - age   4:        496 bytes,     118160 total
[2022-09-06T01:57:50.493+0000][7][gc,age      ] GC(71) - age   5:      16728 bytes,     134888 total
[2022-09-06T01:57:50.493+0000][7][gc,age      ] GC(71) - age   6:       8416 bytes,     143304 total
[2022-09-06T01:57:50.493+0000][7][gc,age      ] GC(71) - age   7:      14264 bytes,     157568 total
[2022-09-06T01:57:50.493+0000][7][gc,age      ] GC(71) - age   8:     212416 bytes,     369984 total
[2022-09-06T01:57:50.494+0000][7][gc,age      ] GC(71) - age   9:      59336 bytes,     429320 total
[2022-09-06T01:57:50.494+0000][7][gc,age      ] GC(71) - age  10:       1384 bytes,     430704 total
[2022-09-06T01:57:50.495+0000][7][gc,age      ] GC(71) - age  11:      16776 bytes,     447480 total
[2022-09-06T01:57:50.495+0000][7][gc,age      ] GC(71) - age  12:       4848 bytes,     452328 total
[2022-09-06T01:57:50.495+0000][7][gc,age      ] GC(71) - age  13:        264 bytes,     452592 total
[2022-09-06T01:57:50.495+0000][7][gc,age      ] GC(71) - age  14:      16536 bytes,     469128 total
[2022-09-06T01:57:50.496+0000][7][gc,age      ] GC(71) - age  15:       9568 bytes,     478696 total
[2022-09-06T01:57:50.496+0000][7][gc,phases   ] GC(71)   Pre Evacuate Collection Set: 0.2ms
[2022-09-06T01:57:50.496+0000][7][gc,phases   ] GC(71)   Merge Heap Roots: 0.1ms
[2022-09-06T01:57:50.497+0000][7][gc,phases   ] GC(71)   Evacuate Collection Set: 2.1ms
[2022-09-06T01:57:50.497+0000][7][gc,phases   ] GC(71)   Post Evacuate Collection Set: 1.0ms
[2022-09-06T01:57:50.497+0000][7][gc,phases   ] GC(71)   Other: 6.7ms
[2022-09-06T01:57:50.498+0000][7][gc,heap     ] GC(71) Eden regions: 28->0(28)
[2022-09-06T01:57:50.498+0000][7][gc,heap     ] GC(71) Survivor regions: 1->1(4)
[2022-09-06T01:57:50.498+0000][7][gc,heap     ] GC(71) Old regions: 20->20
[2022-09-06T01:57:50.499+0000][7][gc,heap     ] GC(71) Archive regions: 2->2
[2022-09-06T01:57:50.499+0000][7][gc,heap     ] GC(71) Humongous regions: 2->2
[2022-09-06T01:57:50.499+0000][7][gc,metaspace] GC(71) Metaspace: 100396K(104840K)->100396K(104840K) NonClass: 87215K(90504K)->87215K(90504K) Class: 13181K(14336K)->13181K(14336K)
[2022-09-06T01:57:50.499+0000][7][gc          ] GC(71) Pause Young (Normal) (G1 Evacuation Pause) 203M->91M(256M) 13.497ms
[2022-09-06T01:57:50.500+0000][7][gc,cpu      ] GC(71) User=0.01s Sys=0.00s Real=0.01s
[2022-09-06T01:57:50.500+0000][7][safepoint   ] Safepoint "G1CollectForAllocation", Time since last: 7561728689 ns, Reaching safepoint: 310633 ns, At safepoint: 14255102 ns, Total: 14565735 ns
[2022-09-06T01:58:02.504+0000][7][safepoint   ] Safepoint "Cleanup", Time since last: 12002224164 ns, Reaching safepoint: 465794 ns, At safepoint: 41749 ns, Total: 507543 ns
[2022-09-06T02:00:08.522+0000][7][safepoint   ] Safepoint "Cleanup", Time since last: 126026496505 ns, Reaching safepoint: 352692 ns, At safepoint: 13966 ns, Total: 366658 ns
[2022-09-06T02:00:33.536+0000][7][safepoint   ] Safepoint "Cleanup", Time since last: 25004571240 ns, Reaching safepoint: 402205 ns, At safepoint: 57217 ns, Total: 459422 ns
[2022-09-06T02:00:38.538+0000][7][safepoint   ] Safepoint "Cleanup", Time since last: 5001433653 ns, Reaching safepoint: 761239 ns, At safepoint: 6933 ns, Total: 768172 ns
[2022-09-06T02:00:39.539+0000][7][safepoint   ] Safepoint "Cleanup", Time since last: 1000775197 ns, Reaching safepoint: 245801 ns, At safepoint: 4870 ns, Total: 250671 ns
[2022-09-06T02:00:41.540+0000][7][safepoint   ] Safepoint "Cleanup", Time since last: 2000833118 ns, Reaching safepoint: 366868 ns, At safepoint: 14878 ns, Total: 381746 ns
[2022-09-06T02:00:42.542+0000][7][safepoint   ] Safepoint "Cleanup", Time since last: 1000896295 ns, Reaching safepoint: 347883 ns, At safepoint: 8786 ns, Total: 356669 ns
[2022-09-06T02:00:43.543+0000][7][safepoint   ] Safepoint "Cleanup", Time since last: 1000778664 ns, Reaching safepoint: 263454 ns, At safepoint: 6733 ns, Total: 270187 ns
[2022-09-06T02:00:44.544+0000][7][safepoint   ] Safepoint "Cleanup", Time since last: 1000737126 ns, Reaching safepoint: 327805 ns, At safepoint: 58961 ns, Total: 386766 ns
[2022-09-06T02:00:45.545+0000][7][safepoint   ] Safepoint "Cleanup", Time since last: 1000808670 ns, Reaching safepoint: 244960 ns, At safepoint: 5790 ns, Total: 250750 ns
[2022-09-06T02:00:46.546+0000][7][safepoint   ] Safepoint "Cleanup", Time since last: 1000644322 ns, Reaching safepoint: 363122 ns, At safepoint: 55454 ns, Total: 418576 ns
[2022-09-06T02:00:48.548+0000][7][safepoint   ] Safepoint "Cleanup", Time since last: 2001088236 ns, Reaching safepoint: 537810 ns, At safepoint: 77315 ns, Total: 615125 ns
[2022-09-06T02:00:49.549+0000][7][safepoint   ] Safepoint "Cleanup", Time since last: 1000807808 ns, Reaching safepoint: 361329 ns, At safepoint: 62717 ns, Total: 424046 ns
[2022-09-06T02:00:50.550+0000][7][safepoint   ] Safepoint "Cleanup", Time since last: 1000760070 ns, Reaching safepoint: 285515 ns, At safepoint: 42149 ns, Total: 327664 ns
[2022-09-06T02:00:51.551+0000][7][safepoint   ] Safepoint "Cleanup", Time since last: 1000747325 ns, Reaching safepoint: 361489 ns, At safepoint: 15649 ns, Total: 377138 ns
[2022-09-06T02:00:53.553+0000][7][safepoint   ] Safepoint "Cleanup", Time since last: 2000975906 ns, Reaching safepoint: 528562 ns, At safepoint: 61686 ns, Total: 590248 ns
[2022-09-06T02:00:54.554+0000][7][safepoint   ] Safepoint "Cleanup", Time since last: 1000770939 ns, Reaching safepoint: 259447 ns, At safepoint: 36609 ns, Total: 296056 ns
[2022-09-06T02:00:55.555+0000][7][safepoint   ] Safepoint "Cleanup", Time since last: 1000509829 ns, Reaching safepoint: 336672 ns, At safepoint: 14126 ns, Total: 350798 ns
[2022-09-06T02:00:56.556+0000][7][safepoint   ] Safepoint "Cleanup", Time since last: 1000769998 ns, Reaching safepoint: 277751 ns, At safepoint: 5150 ns, Total: 282901 ns
[2022-09-06T02:00:57.558+0000][7][safepoint   ] Safepoint "Cleanup", Time since last: 1001952698 ns, Reaching safepoint: 423684 ns, At safepoint: 43452 ns, Total: 467136 ns
[2022-09-06T02:01:03.676+0000][7][gc,start    ] GC(72) Pause Young (Concurrent Start) (G1 Evacuation Pause)
[2022-09-06T02:01:03.677+0000][7][gc,task     ] GC(72) Using 6 workers of 6 for evacuation
[2022-09-06T02:01:03.677+0000][7][gc,age      ] GC(72) Desired survivor size 8388608 bytes, new threshold 15 (max threshold 15)
[2022-09-06T02:01:03.683+0000][7][gc,age      ] GC(72) Age table with threshold 15 (max threshold 15)
[2022-09-06T02:01:03.683+0000][7][gc,age      ] GC(72) - age   1:     249912 bytes,     249912 total
[2022-09-06T02:01:03.684+0000][7][gc,age      ] GC(72) - age   2:      87864 bytes,     337776 total
[2022-09-06T02:01:03.684+0000][7][gc,age      ] GC(72) - age   3:       9728 bytes,     347504 total
[2022-09-06T02:01:03.684+0000][7][gc,age      ] GC(72) - age   4:         96 bytes,     347600 total
[2022-09-06T02:01:03.685+0000][7][gc,age      ] GC(72) - age   5:        496 bytes,     348096 total
[2022-09-06T02:01:03.685+0000][7][gc,age      ] GC(72) - age   6:      16728 bytes,     364824 total
[2022-09-06T02:01:03.685+0000][7][gc,age      ] GC(72) - age   7:       8416 bytes,     373240 total
[2022-09-06T02:01:03.686+0000][7][gc,age      ] GC(72) - age   8:      14264 bytes,     387504 total
[2022-09-06T02:01:03.686+0000][7][gc,age      ] GC(72) - age   9:     179816 bytes,     567320 total
[2022-09-06T02:01:03.687+0000][7][gc,age      ] GC(72) - age  10:      59336 bytes,     626656 total
[2022-09-06T02:01:03.687+0000][7][gc,age      ] GC(72) - age  11:       1384 bytes,     628040 total
[2022-09-06T02:01:03.688+0000][7][gc,age      ] GC(72) - age  12:        328 bytes,     628368 total
[2022-09-06T02:01:03.688+0000][7][gc,age      ] GC(72) - age  13:       4768 bytes,     633136 total
[2022-09-06T02:01:03.688+0000][7][gc,age      ] GC(72) - age  14:        264 bytes,     633400 total
[2022-09-06T02:01:03.689+0000][7][gc,age      ] GC(72) - age  15:        384 bytes,     633784 total
[2022-09-06T02:01:03.689+0000][7][gc,phases   ] GC(72)   Pre Evacuate Collection Set: 0.4ms
[2022-09-06T02:01:03.690+0000][7][gc,phases   ] GC(72)   Merge Heap Roots: 0.2ms
[2022-09-06T02:01:03.690+0000][7][gc,phases   ] GC(72)   Evacuate Collection Set: 2.4ms
[2022-09-06T02:01:03.690+0000][7][gc,phases   ] GC(72)   Post Evacuate Collection Set: 2.1ms
[2022-09-06T02:01:03.691+0000][7][gc,phases   ] GC(72)   Other: 8.5ms
[2022-09-06T02:01:03.691+0000][7][gc,heap     ] GC(72) Eden regions: 28->0(28)
[2022-09-06T02:01:03.691+0000][7][gc,heap     ] GC(72) Survivor regions: 1->1(4)
[2022-09-06T02:01:03.692+0000][7][gc,heap     ] GC(72) Old regions: 20->20
[2022-09-06T02:01:03.692+0000][7][gc,heap     ] GC(72) Archive regions: 2->2
[2022-09-06T02:01:03.692+0000][7][gc,heap     ] GC(72) Humongous regions: 2->2
[2022-09-06T02:01:03.693+0000][7][gc,metaspace] GC(72) Metaspace: 100546K(105096K)->100546K(105096K) NonClass: 87365K(90760K)->87365K(90760K) Class: 13181K(14336K)->13181K(14336K)
[2022-09-06T02:01:03.693+0000][7][gc          ] GC(72) Pause Young (Concurrent Start) (G1 Evacuation Pause) 203M->91M(256M) 16.909ms
[2022-09-06T02:01:03.693+0000][7][gc,cpu      ] GC(72) User=0.02s Sys=0.00s Real=0.01s
[2022-09-06T02:01:03.694+0000][7][gc          ] GC(73) Concurrent Cycle
[2022-09-06T02:01:03.694+0000][7][gc,marking  ] GC(73) Concurrent Clear Claimed Marks
[2022-09-06T02:01:03.694+0000][7][safepoint   ] Safepoint "G1CollectForAllocation", Time since last: 6114803886 ns, Reaching safepoint: 311164 ns, At safepoint: 17740072 ns, Total: 18051236 ns
[2022-09-06T02:01:03.694+0000][7][gc,marking  ] GC(73) Concurrent Clear Claimed Marks 0.433ms
[2022-09-06T02:01:03.695+0000][7][gc,marking  ] GC(73) Concurrent Scan Root Regions
[2022-09-06T02:01:03.697+0000][7][gc,marking  ] GC(73) Concurrent Scan Root Regions 2.201ms
[2022-09-06T02:01:03.698+0000][7][gc,marking  ] GC(73) Concurrent Mark (7419.150s)
[2022-09-06T02:01:03.698+0000][7][gc,marking  ] GC(73) Concurrent Mark From Roots
[2022-09-06T02:01:03.698+0000][7][gc,task     ] GC(73) Using 2 workers of 2 for marking
[2022-09-06T02:01:03.798+0000][7][gc,marking  ] GC(73) Concurrent Mark From Roots 99.857ms
[2022-09-06T02:01:03.799+0000][7][gc,marking  ] GC(73) Concurrent Preclean
[2022-09-06T02:01:03.799+0000][7][gc,marking  ] GC(73) Concurrent Preclean 0.845ms
[2022-09-06T02:01:03.800+0000][7][gc,marking  ] GC(73) Concurrent Mark (7419.150s, 7419.252s) 101.958ms
[2022-09-06T02:01:03.800+0000][7][gc,start    ] GC(73) Pause Remark
[2022-09-06T02:01:03.809+0000][7][gc          ] GC(73) Pause Remark 95M->95M(256M) 8.705ms
[2022-09-06T02:01:03.810+0000][7][gc,cpu      ] GC(73) User=0.04s Sys=0.00s Real=0.01s
[2022-09-06T02:01:03.810+0000][7][safepoint   ] Safepoint "G1Concurrent", Time since last: 106469320 ns, Reaching safepoint: 330721 ns, At safepoint: 9652034 ns, Total: 9982755 ns
[2022-09-06T02:01:03.810+0000][7][gc,marking  ] GC(73) Concurrent Rebuild Remembered Sets
[2022-09-06T02:01:03.861+0000][7][gc,marking  ] GC(73) Concurrent Rebuild Remembered Sets 50.789ms
[2022-09-06T02:01:03.862+0000][7][gc,start    ] GC(73) Pause Cleanup
[2022-09-06T02:01:03.863+0000][7][gc          ] GC(73) Pause Cleanup 95M->95M(256M) 0.826ms
[2022-09-06T02:01:03.864+0000][7][gc,cpu      ] GC(73) User=0.00s Sys=0.00s Real=0.00s
[2022-09-06T02:01:03.864+0000][7][safepoint   ] Safepoint "G1Concurrent", Time since last: 51905911 ns, Reaching safepoint: 412475 ns, At safepoint: 1649435 ns, Total: 2061910 ns
[2022-09-06T02:01:03.864+0000][7][gc,marking  ] GC(73) Concurrent Cleanup for Next Mark
[2022-09-06T02:01:03.865+0000][7][gc,marking  ] GC(73) Concurrent Cleanup for Next Mark 0.855ms
[2022-09-06T02:01:03.866+0000][7][gc          ] GC(73) Concurrent Cycle 172.118ms
[2022-09-06T02:01:20.868+0000][7][safepoint   ] Safepoint "Cleanup", Time since last: 17004031047 ns, Reaching safepoint: 303730 ns, At safepoint: 6833 ns, Total: 310563 ns
[2022-09-06T02:01:33.868+0000][7][safepoint   ] Safepoint "Cleanup", Time since last: 13003099218 ns, Reaching safepoint: 405551 ns, At safepoint: 8787 ns, Total: 414338 ns
[2022-09-06T02:01:40.872+0000][7][safepoint   ] Safepoint "Cleanup", Time since last: 7002051637 ns, Reaching safepoint: 1234707 ns, At safepoint: 109355 ns, Total: 1344062 ns
[2022-09-06T02:03:03.889+0000][7][safepoint   ] Safepoint "Cleanup", Time since last: 83016915510 ns, Reaching safepoint: 377719 ns, At safepoint: 42379 ns, Total: 420098 ns
[2022-09-06T02:03:38.897+0000][7][safepoint   ] Safepoint "Cleanup", Time since last: 35007191904 ns, Reaching safepoint: 352421 ns, At safepoint: 38422 ns, Total: 390843 ns
[2022-09-06T02:03:53.901+0000][7][safepoint   ] Safepoint "Cleanup", Time since last: 15003299690 ns, Reaching safepoint: 382067 ns, At safepoint: 7765 ns, Total: 389832 ns
[2022-09-06T02:04:03.904+0000][7][safepoint   ] Safepoint "Cleanup", Time since last: 10002551612 ns, Reaching safepoint: 501642 ns, At safepoint: 56787 ns, Total: 558429 ns
[2022-09-06T02:04:10.907+0000][7][safepoint   ] Safepoint "Cleanup", Time since last: 7002150523 ns, Reaching safepoint: 303008 ns, At safepoint: 9558 ns, Total: 312566 ns
[2022-09-06T02:04:25.910+0000][7][safepoint   ] Safepoint "Cleanup", Time since last: 15003386342 ns, Reaching safepoint: 272592 ns, At safepoint: 8626 ns, Total: 281218 ns
[2022-09-06T02:04:29.912+0000][7][safepoint   ] Safepoint "Cleanup", Time since last: 4001306021 ns, Reaching safepoint: 283612 ns, At safepoint: 12894 ns, Total: 296506 ns
[2022-09-06T02:04:31.913+0000][7][safepoint   ] Safepoint "Cleanup", Time since last: 2001052640 ns, Reaching safepoint: 317245 ns, At safepoint: 52909 ns, Total: 370154 ns
[2022-09-06T02:04:32.915+0000][7][safepoint   ] Safepoint "Cleanup", Time since last: 1000686481 ns, Reaching safepoint: 649479 ns, At safepoint: 36428 ns, Total: 685907 ns
[2022-09-06T02:04:33.667+0000][7][gc,start    ] GC(74) Pause Young (Normal) (G1 Evacuation Pause)
[2022-09-06T02:04:33.668+0000][7][gc,task     ] GC(74) Using 6 workers of 6 for evacuation
[2022-09-06T02:04:33.669+0000][7][gc,age      ] GC(74) Desired survivor size 8388608 bytes, new threshold 15 (max threshold 15)
[2022-09-06T02:04:33.675+0000][7][gc,age      ] GC(74) Age table with threshold 15 (max threshold 15)
[2022-09-06T02:04:33.675+0000][7][gc,age      ] GC(74) - age   1:      97608 bytes,      97608 total
[2022-09-06T02:04:33.675+0000][7][gc,age      ] GC(74) - age   2:      82992 bytes,     180600 total
[2022-09-06T02:04:33.676+0000][7][gc,age      ] GC(74) - age   3:      55368 bytes,     235968 total
[2022-09-06T02:04:33.676+0000][7][gc,age      ] GC(74) - age   4:       9728 bytes,     245696 total
[2022-09-06T02:04:33.676+0000][7][gc,age      ] GC(74) - age   5:         96 bytes,     245792 total
[2022-09-06T02:04:33.677+0000][7][gc,age      ] GC(74) - age   6:        496 bytes,     246288 total
[2022-09-06T02:04:33.677+0000][7][gc,age      ] GC(74) - age   7:      16728 bytes,     263016 total
[2022-09-06T02:04:33.677+0000][7][gc,age      ] GC(74) - age   8:       8416 bytes,     271432 total
[2022-09-06T02:04:33.677+0000][7][gc,age      ] GC(74) - age   9:      14264 bytes,     285696 total
[2022-09-06T02:04:33.678+0000][7][gc,age      ] GC(74) - age  10:     179240 bytes,     464936 total
[2022-09-06T02:04:33.678+0000][7][gc,age      ] GC(74) - age  11:      59336 bytes,     524272 total
[2022-09-06T02:04:33.678+0000][7][gc,age      ] GC(74) - age  12:       1384 bytes,     525656 total
[2022-09-06T02:04:33.679+0000][7][gc,age      ] GC(74) - age  13:        328 bytes,     525984 total
[2022-09-06T02:04:33.679+0000][7][gc,age      ] GC(74) - age  14:       4768 bytes,     530752 total
[2022-09-06T02:04:33.680+0000][7][gc,age      ] GC(74) - age  15:        264 bytes,     531016 total
[2022-09-06T02:04:33.680+0000][7][gc,phases   ] GC(74)   Pre Evacuate Collection Set: 0.3ms
[2022-09-06T02:04:33.681+0000][7][gc,phases   ] GC(74)   Merge Heap Roots: 0.3ms
[2022-09-06T02:04:33.681+0000][7][gc,phases   ] GC(74)   Evacuate Collection Set: 2.5ms
[2022-09-06T02:04:33.682+0000][7][gc,phases   ] GC(74)   Post Evacuate Collection Set: 2.3ms
[2022-09-06T02:04:33.682+0000][7][gc,phases   ] GC(74)   Other: 7.5ms
[2022-09-06T02:04:33.682+0000][7][gc,heap     ] GC(74) Eden regions: 28->0(28)
[2022-09-06T02:04:33.682+0000][7][gc,heap     ] GC(74) Survivor regions: 1->1(4)
[2022-09-06T02:04:33.683+0000][7][gc,heap     ] GC(74) Old regions: 20->20
[2022-09-06T02:04:33.683+0000][7][gc,heap     ] GC(74) Archive regions: 2->2
[2022-09-06T02:04:33.683+0000][7][gc,heap     ] GC(74) Humongous regions: 2->2
[2022-09-06T02:04:33.683+0000][7][gc,metaspace] GC(74) Metaspace: 100654K(105096K)->100654K(105096K) NonClass: 87473K(90760K)->87473K(90760K) Class: 13181K(14336K)->13181K(14336K)
[2022-09-06T02:04:33.684+0000][7][gc          ] GC(74) Pause Young (Normal) (G1 Evacuation Pause) 203M->91M(256M) 16.470ms
[2022-09-06T02:04:33.684+0000][7][gc,cpu      ] GC(74) User=0.02s Sys=0.00s Real=0.02s
[2022-09-06T02:04:33.684+0000][7][safepoint   ] Safepoint "G1CollectForAllocation", Time since last: 749677745 ns, Reaching safepoint: 2623694 ns, At safepoint: 17243741 ns, Total: 19867435 ns
[2022-09-06T02:04:34.685+0000][7][safepoint   ] Safepoint "Cleanup", Time since last: 1000891456 ns, Reaching safepoint: 341621 ns, At safepoint: 41618 ns, Total: 383239 ns
[2022-09-06T02:04:37.689+0000][7][safepoint   ] Safepoint "Cleanup", Time since last: 3002605767 ns, Reaching safepoint: 380935 ns, At safepoint: 69020 ns, Total: 449955 ns
[2022-09-06T02:04:38.690+0000][7][safepoint   ] Safepoint "Cleanup", Time since last: 1001114123 ns, Reaching safepoint: 371017 ns, At safepoint: 39053 ns, Total: 410070 ns
[2022-09-06T02:04:39.691+0000][7][safepoint   ] Safepoint "Cleanup", Time since last: 1000661954 ns, Reaching safepoint: 364565 ns, At safepoint: 52248 ns, Total: 416813 ns
[2022-09-06T02:04:43.692+0000][7][safepoint   ] Safepoint "Cleanup", Time since last: 4000949071 ns, Reaching safepoint: 216857 ns, At safepoint: 74480 ns, Total: 291337 ns
[2022-09-06T02:04:47.694+0000][7][safepoint   ] Safepoint "Cleanup", Time since last: 4001150459 ns, Reaching safepoint: 400311 ns, At safepoint: 71554 ns, Total: 471865 ns
[2022-09-06T02:05:00.698+0000][7][safepoint   ] Safepoint "Cleanup", Time since last: 13002977970 ns, Reaching safepoint: 354595 ns, At safepoint: 55074 ns, Total: 409669 ns
[2022-09-06T02:05:03.700+0000][7][safepoint   ] Safepoint "Cleanup", Time since last: 3001120480 ns, Reaching safepoint: 492745 ns, At safepoint: 64871 ns, Total: 557616 ns
[2022-09-06T02:05:04.701+0000][7][safepoint   ] Safepoint "Cleanup", Time since last: 1000625196 ns, Reaching safepoint: 380825 ns, At safepoint: 17904 ns, Total: 398729 ns
[2022-09-06T02:05:05.702+0000][7][safepoint   ] Safepoint "Cleanup", Time since last: 1000948652 ns, Reaching safepoint: 544141 ns, At safepoint: 62488 ns, Total: 606629 ns
[2022-09-06T02:05:10.704+0000][7][safepoint   ] Safepoint "Cleanup", Time since last: 5001368871 ns, Reaching safepoint: 365306 ns, At safepoint: 49924 ns, Total: 415230 ns
[2022-09-06T02:05:13.705+0000][7][safepoint   ] Safepoint "Cleanup", Time since last: 3000946012 ns, Reaching safepoint: 380084 ns, At safepoint: 62727 ns, Total: 442811 ns
[2022-09-06T02:06:33.724+0000][7][safepoint   ] Safepoint "Cleanup", Time since last: 80018626523 ns, Reaching safepoint: 391716 ns, At safepoint: 44864 ns, Total: 436580 ns
[2022-09-06T02:07:55.602+0000][7][gc,start    ] GC(75) Pause Young (Concurrent Start) (G1 Evacuation Pause)
[2022-09-06T02:07:55.603+0000][7][gc,task     ] GC(75) Using 6 workers of 6 for evacuation
[2022-09-06T02:07:55.603+0000][7][gc,age      ] GC(75) Desired survivor size 8388608 bytes, new threshold 15 (max threshold 15)
[2022-09-06T02:07:55.608+0000][7][gc,age      ] GC(75) Age table with threshold 15 (max threshold 15)
[2022-09-06T02:07:55.609+0000][7][gc,age      ] GC(75) - age   1:     135712 bytes,     135712 total
[2022-09-06T02:07:55.609+0000][7][gc,age      ] GC(75) - age   2:       5520 bytes,     141232 total
[2022-09-06T02:07:55.609+0000][7][gc,age      ] GC(75) - age   3:      66560 bytes,     207792 total
[2022-09-06T02:07:55.610+0000][7][gc,age      ] GC(75) - age   4:      54680 bytes,     262472 total
[2022-09-06T02:07:55.610+0000][7][gc,age      ] GC(75) - age   5:       9728 bytes,     272200 total
[2022-09-06T02:07:55.610+0000][7][gc,age      ] GC(75) - age   6:         64 bytes,     272264 total
[2022-09-06T02:07:55.611+0000][7][gc,age      ] GC(75) - age   7:        496 bytes,     272760 total
[2022-09-06T02:07:55.611+0000][7][gc,age      ] GC(75) - age   8:      16728 bytes,     289488 total
[2022-09-06T02:07:55.611+0000][7][gc,age      ] GC(75) - age   9:       8416 bytes,     297904 total
[2022-09-06T02:07:55.611+0000][7][gc,age      ] GC(75) - age  10:      14264 bytes,     312168 total
[2022-09-06T02:07:55.612+0000][7][gc,age      ] GC(75) - age  11:     173144 bytes,     485312 total
[2022-09-06T02:07:55.612+0000][7][gc,age      ] GC(75) - age  12:      59336 bytes,     544648 total
[2022-09-06T02:07:55.613+0000][7][gc,age      ] GC(75) - age  13:       1384 bytes,     546032 total
[2022-09-06T02:07:55.613+0000][7][gc,age      ] GC(75) - age  14:        328 bytes,     546360 total
[2022-09-06T02:07:55.613+0000][7][gc,age      ] GC(75) - age  15:       4232 bytes,     550592 total
[2022-09-06T02:07:55.614+0000][7][gc,phases   ] GC(75)   Pre Evacuate Collection Set: 0.4ms
[2022-09-06T02:07:55.614+0000][7][gc,phases   ] GC(75)   Merge Heap Roots: 0.2ms
[2022-09-06T02:07:55.614+0000][7][gc,phases   ] GC(75)   Evacuate Collection Set: 1.7ms
[2022-09-06T02:07:55.615+0000][7][gc,phases   ] GC(75)   Post Evacuate Collection Set: 2.3ms
[2022-09-06T02:07:55.616+0000][7][gc,phases   ] GC(75)   Other: 7.3ms
[2022-09-06T02:07:55.616+0000][7][gc,heap     ] GC(75) Eden regions: 28->0(28)
[2022-09-06T02:07:55.616+0000][7][gc,heap     ] GC(75) Survivor regions: 1->1(4)
[2022-09-06T02:07:55.617+0000][7][gc,heap     ] GC(75) Old regions: 20->20
[2022-09-06T02:07:55.617+0000][7][gc,heap     ] GC(75) Archive regions: 2->2
[2022-09-06T02:07:55.617+0000][7][gc,heap     ] GC(75) Humongous regions: 2->2
[2022-09-06T02:07:55.617+0000][7][gc,metaspace] GC(75) Metaspace: 100794K(105352K)->100794K(105352K) NonClass: 87610K(91016K)->87610K(91016K) Class: 13183K(14336K)->13183K(14336K)
[2022-09-06T02:07:55.618+0000][7][gc          ] GC(75) Pause Young (Concurrent Start) (G1 Evacuation Pause) 203M->91M(256M) 15.893ms
[2022-09-06T02:07:55.618+0000][7][gc,cpu      ] GC(75) User=0.02s Sys=0.00s Real=0.02s
[2022-09-06T02:07:55.618+0000][7][gc          ] GC(76) Concurrent Cycle
[2022-09-06T02:07:55.619+0000][7][gc,marking  ] GC(76) Concurrent Clear Claimed Marks
[2022-09-06T02:07:55.618+0000][7][safepoint   ] Safepoint "G1CollectForAllocation", Time since last: 81877429013 ns, Reaching safepoint: 373841 ns, At safepoint: 16583643 ns, Total: 16957484 ns
[2022-09-06T02:07:55.619+0000][7][gc,marking  ] GC(76) Concurrent Clear Claimed Marks 0.378ms
[2022-09-06T02:07:55.620+0000][7][gc,marking  ] GC(76) Concurrent Scan Root Regions
[2022-09-06T02:07:55.622+0000][7][gc,marking  ] GC(76) Concurrent Scan Root Regions 2.280ms
[2022-09-06T02:07:55.623+0000][7][gc,marking  ] GC(76) Concurrent Mark (7831.078s)
[2022-09-06T02:07:55.623+0000][7][gc,marking  ] GC(76) Concurrent Mark From Roots
[2022-09-06T02:07:55.623+0000][7][gc,task     ] GC(76) Using 2 workers of 2 for marking
[2022-09-06T02:07:55.707+0000][7][gc,marking  ] GC(76) Concurrent Mark From Roots 84.302ms
[2022-09-06T02:07:55.708+0000][7][gc,marking  ] GC(76) Concurrent Preclean
[2022-09-06T02:07:55.708+0000][7][gc,marking  ] GC(76) Concurrent Preclean 0.535ms
[2022-09-06T02:07:55.708+0000][7][gc,marking  ] GC(76) Concurrent Mark (7831.078s, 7831.163s) 85.781ms
[2022-09-06T02:07:55.709+0000][7][gc,start    ] GC(76) Pause Remark
[2022-09-06T02:07:55.716+0000][7][gc          ] GC(76) Pause Remark 95M->95M(256M) 7.183ms
[2022-09-06T02:07:55.717+0000][7][gc,cpu      ] GC(76) User=0.03s Sys=0.00s Real=0.01s
[2022-09-06T02:07:55.717+0000][7][safepoint   ] Safepoint "G1Concurrent", Time since last: 90417345 ns, Reaching safepoint: 252454 ns, At safepoint: 7875069 ns, Total: 8127523 ns
[2022-09-06T02:07:55.717+0000][7][gc,marking  ] GC(76) Concurrent Rebuild Remembered Sets
[2022-09-06T02:07:55.772+0000][7][gc,marking  ] GC(76) Concurrent Rebuild Remembered Sets 55.035ms
[2022-09-06T02:07:55.773+0000][7][gc,start    ] GC(76) Pause Cleanup
[2022-09-06T02:07:55.774+0000][7][gc          ] GC(76) Pause Cleanup 99M->99M(256M) 0.569ms
[2022-09-06T02:07:55.774+0000][7][gc,cpu      ] GC(76) User=0.00s Sys=0.00s Real=0.00s
[2022-09-06T02:07:55.774+0000][7][safepoint   ] Safepoint "G1Concurrent", Time since last: 56045690 ns, Reaching safepoint: 237767 ns, At safepoint: 1303386 ns, Total: 1541153 ns
[2022-09-06T02:07:55.776+0000][7][gc,marking  ] GC(76) Concurrent Cleanup for Next Mark
[2022-09-06T02:07:55.777+0000][7][gc,marking  ] GC(76) Concurrent Cleanup for Next Mark 0.955ms
[2022-09-06T02:07:55.777+0000][7][gc          ] GC(76) Concurrent Cycle 158.936ms
[2022-09-06T02:07:55.778+0000][7][gc,heap,exit] Heap
[2022-09-06T02:07:55.779+0000][7][gc,heap,exit]  garbage-first heap   total 262144K, used 97799K [0x00000000f0000000, 0x0000000100000000)
[2022-09-06T02:07:55.779+0000][7][gc,heap,exit]   region size 4096K, 3 young (12288K), 1 survivors (4096K)
[2022-09-06T02:07:55.779+0000][7][gc,heap,exit]  Metaspace       used 100937K, capacity 104428K, committed 105352K, reserved 1140736K
[2022-09-06T02:07:55.779+0000][7][gc,heap,exit]   class space    used 13213K, capacity 14277K, committed 14336K, reserved 1048576K
