[2022-09-08T05:16:37.757+0000][7][gc] Using G1
[2022-09-08T05:16:38.555+0000][7][gc,init] Version: 15.0.1+9 (release)
[2022-09-08T05:16:38.567+0000][7][gc,init] CPUs: 6 total, 6 available
[2022-09-08T05:16:38.569+0000][7][gc,init] Memory: 5874M
[2022-09-08T05:16:38.574+0000][7][gc,init] Large Page Support: Disabled
[2022-09-08T05:16:38.574+0000][7][gc,init] NUMA Support: Disabled
[2022-09-08T05:16:38.574+0000][7][gc,init] Compressed Oops: Enabled (32-bit)
[2022-09-08T05:16:38.575+0000][7][gc,init] Heap Region Size: 4M
[2022-09-08T05:16:38.575+0000][7][gc,init] Heap Min Capacity: 256M
[2022-09-08T05:16:38.575+0000][7][gc,init] Heap Initial Capacity: 256M
[2022-09-08T05:16:38.575+0000][7][gc,init] Heap Max Capacity: 256M
[2022-09-08T05:16:38.576+0000][7][gc,init] Pre-touch: Enabled
[2022-09-08T05:16:38.576+0000][7][gc,init] Parallel Workers: 6
[2022-09-08T05:16:38.576+0000][7][gc,init] Concurrent Workers: 2
[2022-09-08T05:16:38.576+0000][7][gc,init] Concurrent Refinement Workers: 6
[2022-09-08T05:16:38.577+0000][7][gc,init] Periodic GC: Disabled
[2022-09-08T05:16:38.582+0000][7][gc,cds ] Mark closed archive regions in map: [0x00000000ffc00000, 0x00000000ffc7bff8]
[2022-09-08T05:16:38.588+0000][7][gc,cds ] Mark open archive regions in map: [0x00000000ffb00000, 0x00000000ffb51ff8]
[2022-09-08T05:16:38.589+0000][7][gc,metaspace] CDS archive(s) mapped at: [0x0000000800000000-0x0000000800b2a000-0x0000000800b2a000), size 11706368, SharedBaseAddress: 0x0000000800000000, ArchiveRelocationMode: 0.
[2022-09-08T05:16:38.589+0000][7][gc,metaspace] Compressed class space mapped at: 0x0000000800b2c000-0x0000000840b2c000, size: 1073741824
[2022-09-08T05:16:38.590+0000][7][gc,metaspace] Narrow klass base: 0x0000000800000000, Narrow klass shift: 3, Narrow klass range: 0x100000000
[2022-09-08T05:16:39.878+0000][7][gc,start    ] GC(0) Pause Young (Normal) (G1 Evacuation Pause)
[2022-09-08T05:16:39.883+0000][7][gc,task     ] GC(0) Using 6 workers of 6 for evacuation
[2022-09-08T05:16:39.888+0000][7][gc,age      ] GC(0) Desired survivor size 2097152 bytes, new threshold 15 (max threshold 15)
[2022-09-08T05:16:39.919+0000][7][gc,age      ] GC(0) Age table with threshold 15 (max threshold 15)
[2022-09-08T05:16:39.919+0000][7][gc,age      ] GC(0) - age   1:    3427888 bytes,    3427888 total
[2022-09-08T05:16:39.930+0000][7][gc,phases   ] GC(0)   Pre Evacuate Collection Set: 0.2ms
[2022-09-08T05:16:39.931+0000][7][gc,phases   ] GC(0)   Merge Heap Roots: 7.3ms
[2022-09-08T05:16:39.931+0000][7][gc,phases   ] GC(0)   Evacuate Collection Set: 18.3ms
[2022-09-08T05:16:39.931+0000][7][gc,phases   ] GC(0)   Post Evacuate Collection Set: 4.3ms
[2022-09-08T05:16:39.931+0000][7][gc,phases   ] GC(0)   Other: 16.6ms
[2022-09-08T05:16:39.932+0000][7][gc,heap     ] GC(0) Eden regions: 4->0(3)
[2022-09-08T05:16:39.932+0000][7][gc,heap     ] GC(0) Survivor regions: 0->1(1)
[2022-09-08T05:16:39.932+0000][7][gc,heap     ] GC(0) Old regions: 0->0
[2022-09-08T05:16:39.932+0000][7][gc,heap     ] GC(0) Archive regions: 2->2
[2022-09-08T05:16:39.932+0000][7][gc,heap     ] GC(0) Humongous regions: 0->0
[2022-09-08T05:16:39.933+0000][7][gc,metaspace] GC(0) Metaspace: 5117K(7680K)->5117K(7680K) NonClass: 4595K(6912K)->4595K(6912K) Class: 521K(768K)->521K(768K)
[2022-09-08T05:16:39.933+0000][7][gc          ] GC(0) Pause Young (Normal) (G1 Evacuation Pause) 19M->7M(256M) 55.284ms
[2022-09-08T05:16:39.933+0000][7][gc,cpu      ] GC(0) User=0.08s Sys=0.01s Real=0.05s
[2022-09-08T05:16:39.935+0000][7][safepoint   ] Safepoint "G1CollectForAllocation", Time since last: 1199263820 ns, Reaching safepoint: 2194100 ns, At safepoint: 62132384 ns, Total: 64326484 ns
[2022-09-08T05:16:40.706+0000][7][gc,start    ] GC(1) Pause Young (Normal) (G1 Evacuation Pause)
[2022-09-08T05:16:40.706+0000][7][gc,task     ] GC(1) Using 6 workers of 6 for evacuation
[2022-09-08T05:16:40.707+0000][7][gc,age      ] GC(1) Desired survivor size 2097152 bytes, new threshold 1 (max threshold 15)
[2022-09-08T05:16:40.725+0000][7][gc,age      ] GC(1) Age table with threshold 1 (max threshold 15)
[2022-09-08T05:16:40.726+0000][7][gc,age      ] GC(1) - age   1:    1142608 bytes,    1142608 total
[2022-09-08T05:16:40.726+0000][7][gc,phases   ] GC(1)   Pre Evacuate Collection Set: 0.1ms
[2022-09-08T05:16:40.726+0000][7][gc,phases   ] GC(1)   Merge Heap Roots: 0.0ms
[2022-09-08T05:16:40.727+0000][7][gc,phases   ] GC(1)   Evacuate Collection Set: 16.4ms
[2022-09-08T05:16:40.727+0000][7][gc,phases   ] GC(1)   Post Evacuate Collection Set: 0.8ms
[2022-09-08T05:16:40.727+0000][7][gc,phases   ] GC(1)   Other: 3.1ms
[2022-09-08T05:16:40.728+0000][7][gc,heap     ] GC(1) Eden regions: 3->0(9)
[2022-09-08T05:16:40.728+0000][7][gc,heap     ] GC(1) Survivor regions: 1->1(1)
[2022-09-08T05:16:40.728+0000][7][gc,heap     ] GC(1) Old regions: 0->1
[2022-09-08T05:16:40.728+0000][7][gc,heap     ] GC(1) Archive regions: 2->2
[2022-09-08T05:16:40.728+0000][7][gc,heap     ] GC(1) Humongous regions: 0->0
[2022-09-08T05:16:40.729+0000][7][gc,metaspace] GC(1) Metaspace: 8912K(9856K)->8912K(9856K) NonClass: 7905K(8704K)->7905K(8704K) Class: 1007K(1152K)->1007K(1152K)
[2022-09-08T05:16:40.729+0000][7][gc          ] GC(1) Pause Young (Normal) (G1 Evacuation Pause) 19M->8M(256M) 23.411ms
[2022-09-08T05:16:40.730+0000][7][gc,cpu      ] GC(1) User=0.04s Sys=0.00s Real=0.02s
[2022-09-08T05:16:40.730+0000][7][safepoint   ] Safepoint "G1CollectForAllocation", Time since last: 771690053 ns, Reaching safepoint: 210033 ns, At safepoint: 24556262 ns, Total: 24766295 ns
[2022-09-08T05:16:42.125+0000][7][safepoint   ] Safepoint "Cleanup", Time since last: 1394881282 ns, Reaching safepoint: 205284 ns, At safepoint: 31820 ns, Total: 237104 ns
[2022-09-08T05:16:42.831+0000][7][gc,start    ] GC(2) Pause Young (Normal) (G1 Evacuation Pause)
[2022-09-08T05:16:42.832+0000][7][gc,task     ] GC(2) Using 6 workers of 6 for evacuation
[2022-09-08T05:16:42.832+0000][7][gc,age      ] GC(2) Desired survivor size 4194304 bytes, new threshold 15 (max threshold 15)
[2022-09-08T05:16:42.869+0000][7][gc,age      ] GC(2) Age table with threshold 15 (max threshold 15)
[2022-09-08T05:16:42.873+0000][7][gc,age      ] GC(2) - age   1:    2459904 bytes,    2459904 total
[2022-09-08T05:16:42.873+0000][7][gc,age      ] GC(2) - age   2:    1075184 bytes,    3535088 total
[2022-09-08T05:16:42.874+0000][7][gc,phases   ] GC(2)   Pre Evacuate Collection Set: 0.1ms
[2022-09-08T05:16:42.874+0000][7][gc,phases   ] GC(2)   Merge Heap Roots: 0.2ms
[2022-09-08T05:16:42.874+0000][7][gc,phases   ] GC(2)   Evacuate Collection Set: 20.1ms
[2022-09-08T05:16:42.874+0000][7][gc,phases   ] GC(2)   Post Evacuate Collection Set: 15.6ms
[2022-09-08T05:16:42.874+0000][7][gc,phases   ] GC(2)   Other: 7.0ms
[2022-09-08T05:16:42.875+0000][7][gc,heap     ] GC(2) Eden regions: 9->0(37)
[2022-09-08T05:16:42.875+0000][7][gc,heap     ] GC(2) Survivor regions: 1->1(2)
[2022-09-08T05:16:42.875+0000][7][gc,heap     ] GC(2) Old regions: 1->1
[2022-09-08T05:16:42.875+0000][7][gc,heap     ] GC(2) Archive regions: 2->2
[2022-09-08T05:16:42.875+0000][7][gc,heap     ] GC(2) Humongous regions: 0->0
[2022-09-08T05:16:42.875+0000][7][gc,metaspace] GC(2) Metaspace: 14330K(14848K)->14330K(14848K) NonClass: 12638K(13056K)->12638K(13056K) Class: 1691K(1792K)->1691K(1792K)
[2022-09-08T05:16:42.876+0000][7][gc          ] GC(2) Pause Young (Normal) (G1 Evacuation Pause) 44M->10M(256M) 44.803ms
[2022-09-08T05:16:42.876+0000][7][gc,cpu      ] GC(2) User=0.05s Sys=0.01s Real=0.05s
[2022-09-08T05:16:42.876+0000][7][safepoint   ] Safepoint "G1CollectForAllocation", Time since last: 704894373 ns, Reaching safepoint: 669885 ns, At safepoint: 45215954 ns, Total: 45885839 ns
[2022-09-08T05:16:43.574+0000][7][safepoint   ] Safepoint "ICBufferFull", Time since last: 697539897 ns, Reaching safepoint: 217527 ns, At safepoint: 4269 ns, Total: 221796 ns
[2022-09-08T05:16:43.582+0000][7][safepoint   ] Safepoint "ICBufferFull", Time since last: 7721053 ns, Reaching safepoint: 140583 ns, At safepoint: 5601 ns, Total: 146184 ns
[2022-09-08T05:16:43.587+0000][7][safepoint   ] Safepoint "ICBufferFull", Time since last: 5528036 ns, Reaching safepoint: 169237 ns, At safepoint: 3126 ns, Total: 172363 ns
[2022-09-08T05:16:43.593+0000][7][safepoint   ] Safepoint "ICBufferFull", Time since last: 5156189 ns, Reaching safepoint: 182572 ns, At safepoint: 3096 ns, Total: 185668 ns
[2022-09-08T05:16:43.604+0000][7][safepoint   ] Safepoint "ICBufferFull", Time since last: 11585192 ns, Reaching safepoint: 183574 ns, At safepoint: 3467 ns, Total: 187041 ns
[2022-09-08T05:16:43.608+0000][7][safepoint   ] Safepoint "ICBufferFull", Time since last: 3235320 ns, Reaching safepoint: 184917 ns, At safepoint: 3957 ns, Total: 188874 ns
[2022-09-08T05:16:43.611+0000][7][safepoint   ] Safepoint "ICBufferFull", Time since last: 2618345 ns, Reaching safepoint: 177483 ns, At safepoint: 4187 ns, Total: 181670 ns
[2022-09-08T05:16:43.614+0000][7][safepoint   ] Safepoint "ICBufferFull", Time since last: 2846914 ns, Reaching safepoint: 168135 ns, At safepoint: 4999 ns, Total: 173134 ns
[2022-09-08T05:16:43.617+0000][7][safepoint   ] Safepoint "ICBufferFull", Time since last: 2661746 ns, Reaching safepoint: 176300 ns, At safepoint: 3177 ns, Total: 179477 ns
[2022-09-08T05:16:43.622+0000][7][safepoint   ] Safepoint "ICBufferFull", Time since last: 4988885 ns, Reaching safepoint: 157074 ns, At safepoint: 22392 ns, Total: 179466 ns
[2022-09-08T05:16:43.627+0000][7][safepoint   ] Safepoint "ICBufferFull", Time since last: 4660721 ns, Reaching safepoint: 155923 ns, At safepoint: 3907 ns, Total: 159830 ns
[2022-09-08T05:16:43.630+0000][7][safepoint   ] Safepoint "ICBufferFull", Time since last: 3126367 ns, Reaching safepoint: 175699 ns, At safepoint: 3266 ns, Total: 178965 ns
[2022-09-08T05:16:43.633+0000][7][safepoint   ] Safepoint "ICBufferFull", Time since last: 2795186 ns, Reaching safepoint: 161633 ns, At safepoint: 3366 ns, Total: 164999 ns
[2022-09-08T05:16:43.640+0000][7][safepoint   ] Safepoint "ICBufferFull", Time since last: 6933689 ns, Reaching safepoint: 232916 ns, At safepoint: 6462 ns, Total: 239378 ns
[2022-09-08T05:16:43.643+0000][7][safepoint   ] Safepoint "ICBufferFull", Time since last: 2957020 ns, Reaching safepoint: 245900 ns, At safepoint: 23475 ns, Total: 269375 ns
[2022-09-08T05:16:43.647+0000][7][safepoint   ] Safepoint "ICBufferFull", Time since last: 3600054 ns, Reaching safepoint: 172623 ns, At safepoint: 3136 ns, Total: 175759 ns
[2022-09-08T05:16:43.652+0000][7][safepoint   ] Safepoint "ICBufferFull", Time since last: 4453633 ns, Reaching safepoint: 186058 ns, At safepoint: 26700 ns, Total: 212758 ns
[2022-09-08T05:16:43.659+0000][7][safepoint   ] Safepoint "ICBufferFull", Time since last: 7461007 ns, Reaching safepoint: 146605 ns, At safepoint: 6492 ns, Total: 153097 ns
[2022-09-08T05:16:43.666+0000][7][safepoint   ] Safepoint "ICBufferFull", Time since last: 6720269 ns, Reaching safepoint: 229660 ns, At safepoint: 10189 ns, Total: 239849 ns
[2022-09-08T05:16:43.682+0000][7][safepoint   ] Safepoint "ICBufferFull", Time since last: 15494696 ns, Reaching safepoint: 175499 ns, At safepoint: 3787 ns, Total: 179286 ns
[2022-09-08T05:16:44.137+0000][7][gc,start    ] GC(3) Pause Young (Normal) (G1 Evacuation Pause)
[2022-09-08T05:16:44.139+0000][7][gc,task     ] GC(3) Using 6 workers of 6 for evacuation
[2022-09-08T05:16:44.140+0000][7][gc,age      ] GC(3) Desired survivor size 10485760 bytes, new threshold 15 (max threshold 15)
[2022-09-08T05:16:44.155+0000][7][gc,age      ] GC(3) Age table with threshold 15 (max threshold 15)
[2022-09-08T05:16:44.157+0000][7][gc,age      ] GC(3) - age   1:    3682672 bytes,    3682672 total
[2022-09-08T05:16:44.159+0000][7][gc,age      ] GC(3) - age   2:    2367152 bytes,    6049824 total
[2022-09-08T05:16:44.160+0000][7][gc,age      ] GC(3) - age   3:    1060136 bytes,    7109960 total
[2022-09-08T05:16:44.160+0000][7][gc,phases   ] GC(3)   Pre Evacuate Collection Set: 0.1ms
[2022-09-08T05:16:44.161+0000][7][gc,phases   ] GC(3)   Merge Heap Roots: 0.0ms
[2022-09-08T05:16:44.161+0000][7][gc,phases   ] GC(3)   Evacuate Collection Set: 5.4ms
[2022-09-08T05:16:44.161+0000][7][gc,phases   ] GC(3)   Post Evacuate Collection Set: 9.5ms
[2022-09-08T05:16:44.161+0000][7][gc,phases   ] GC(3)   Other: 8.7ms
[2022-09-08T05:16:44.161+0000][7][gc,heap     ] GC(3) Eden regions: 37->0(36)
[2022-09-08T05:16:44.161+0000][7][gc,heap     ] GC(3) Survivor regions: 1->2(5)
[2022-09-08T05:16:44.161+0000][7][gc,heap     ] GC(3) Old regions: 1->1
[2022-09-08T05:16:44.162+0000][7][gc,heap     ] GC(3) Archive regions: 2->2
[2022-09-08T05:16:44.162+0000][7][gc,heap     ] GC(3) Humongous regions: 0->0
[2022-09-08T05:16:44.162+0000][7][gc,metaspace] GC(3) Metaspace: 17890K(18432K)->17890K(18432K) NonClass: 15751K(16128K)->15751K(16128K) Class: 2139K(2304K)->2139K(2304K)
[2022-09-08T05:16:44.162+0000][7][gc          ] GC(3) Pause Young (Normal) (G1 Evacuation Pause) 158M->14M(256M) 25.290ms
[2022-09-08T05:16:44.162+0000][7][gc,cpu      ] GC(3) User=0.03s Sys=0.00s Real=0.02s
[2022-09-08T05:16:44.162+0000][7][safepoint   ] Safepoint "G1CollectForAllocation", Time since last: 448054394 ns, Reaching safepoint: 6764602 ns, At safepoint: 25697480 ns, Total: 32462082 ns
[2022-09-08T05:16:44.988+0000][7][gc,start    ] GC(4) Pause Young (Normal) (G1 Evacuation Pause)
[2022-09-08T05:16:44.988+0000][7][gc,task     ] GC(4) Using 6 workers of 6 for evacuation
[2022-09-08T05:16:44.988+0000][7][gc,age      ] GC(4) Desired survivor size 10485760 bytes, new threshold 15 (max threshold 15)
[2022-09-08T05:16:45.016+0000][7][gc,age      ] GC(4) Age table with threshold 15 (max threshold 15)
[2022-09-08T05:16:45.016+0000][7][gc,age      ] GC(4) - age   1:    2231296 bytes,    2231296 total
[2022-09-08T05:16:45.017+0000][7][gc,age      ] GC(4) - age   2:    3475048 bytes,    5706344 total
[2022-09-08T05:16:45.017+0000][7][gc,age      ] GC(4) - age   3:    2367152 bytes,    8073496 total
[2022-09-08T05:16:45.017+0000][7][gc,age      ] GC(4) - age   4:    1060136 bytes,    9133632 total
[2022-09-08T05:16:45.017+0000][7][gc,phases   ] GC(4)   Pre Evacuate Collection Set: 0.0ms
[2022-09-08T05:16:45.017+0000][7][gc,phases   ] GC(4)   Merge Heap Roots: 0.0ms
[2022-09-08T05:16:45.018+0000][7][gc,phases   ] GC(4)   Evacuate Collection Set: 26.4ms
[2022-09-08T05:16:45.018+0000][7][gc,phases   ] GC(4)   Post Evacuate Collection Set: 1.0ms
[2022-09-08T05:16:45.018+0000][7][gc,phases   ] GC(4)   Other: 1.9ms
[2022-09-08T05:16:45.018+0000][7][gc,heap     ] GC(4) Eden regions: 36->0(35)
[2022-09-08T05:16:45.018+0000][7][gc,heap     ] GC(4) Survivor regions: 2->3(5)
[2022-09-08T05:16:45.018+0000][7][gc,heap     ] GC(4) Old regions: 1->1
[2022-09-08T05:16:45.018+0000][7][gc,heap     ] GC(4) Archive regions: 2->2
[2022-09-08T05:16:45.019+0000][7][gc,heap     ] GC(4) Humongous regions: 0->0
[2022-09-08T05:16:45.019+0000][7][gc,metaspace] GC(4) Metaspace: 18458K(19328K)->18458K(19328K) NonClass: 16248K(16896K)->16248K(16896K) Class: 2210K(2432K)->2210K(2432K)
[2022-09-08T05:16:45.019+0000][7][gc          ] GC(4) Pause Young (Normal) (G1 Evacuation Pause) 158M->16M(256M) 31.476ms
[2022-09-08T05:16:45.020+0000][7][gc,cpu      ] GC(4) User=0.05s Sys=0.00s Real=0.03s
[2022-09-08T05:16:45.020+0000][7][safepoint   ] Safepoint "G1CollectForAllocation", Time since last: 825244346 ns, Reaching safepoint: 176912 ns, At safepoint: 31953819 ns, Total: 32130731 ns
[2022-09-08T05:16:45.359+0000][7][gc,start    ] GC(5) Pause Young (Normal) (G1 Evacuation Pause)
[2022-09-08T05:16:45.361+0000][7][gc,task     ] GC(5) Using 6 workers of 6 for evacuation
[2022-09-08T05:16:45.361+0000][7][gc,age      ] GC(5) Desired survivor size 10485760 bytes, new threshold 15 (max threshold 15)
[2022-09-08T05:16:45.386+0000][7][gc,age      ] GC(5) Age table with threshold 15 (max threshold 15)
[2022-09-08T05:16:45.386+0000][7][gc,age      ] GC(5) - age   1:    2248536 bytes,    2248536 total
[2022-09-08T05:16:45.386+0000][7][gc,age      ] GC(5) - age   2:    1882128 bytes,    4130664 total
[2022-09-08T05:16:45.387+0000][7][gc,age      ] GC(5) - age   3:    3474000 bytes,    7604664 total
[2022-09-08T05:16:45.387+0000][7][gc,age      ] GC(5) - age   4:    2367152 bytes,    9971816 total
[2022-09-08T05:16:45.387+0000][7][gc,age      ] GC(5) - age   5:    1060136 bytes,   11031952 total
[2022-09-08T05:16:45.387+0000][7][gc,phases   ] GC(5)   Pre Evacuate Collection Set: 0.1ms
[2022-09-08T05:16:45.387+0000][7][gc,phases   ] GC(5)   Merge Heap Roots: 0.8ms
[2022-09-08T05:16:45.387+0000][7][gc,phases   ] GC(5)   Evacuate Collection Set: 23.0ms
[2022-09-08T05:16:45.387+0000][7][gc,phases   ] GC(5)   Post Evacuate Collection Set: 1.0ms
[2022-09-08T05:16:45.387+0000][7][gc,phases   ] GC(5)   Other: 3.4ms
[2022-09-08T05:16:45.388+0000][7][gc,heap     ] GC(5) Eden regions: 35->0(35)
[2022-09-08T05:16:45.388+0000][7][gc,heap     ] GC(5) Survivor regions: 3->3(5)
[2022-09-08T05:16:45.388+0000][7][gc,heap     ] GC(5) Old regions: 1->1
[2022-09-08T05:16:45.388+0000][7][gc,heap     ] GC(5) Archive regions: 2->2
[2022-09-08T05:16:45.388+0000][7][gc,heap     ] GC(5) Humongous regions: 0->0
[2022-09-08T05:16:45.388+0000][7][gc,metaspace] GC(5) Metaspace: 18933K(19968K)->18933K(19968K) NonClass: 16649K(17408K)->16649K(17408K) Class: 2284K(2560K)->2284K(2560K)
[2022-09-08T05:16:45.389+0000][7][gc          ] GC(5) Pause Young (Normal) (G1 Evacuation Pause) 156M->17M(256M) 29.713ms
[2022-09-08T05:16:45.389+0000][7][gc,cpu      ] GC(5) User=0.07s Sys=0.00s Real=0.03s
[2022-09-08T05:16:45.389+0000][7][safepoint   ] Safepoint "G1CollectForAllocation", Time since last: 338895375 ns, Reaching safepoint: 118623 ns, At safepoint: 30290633 ns, Total: 30409256 ns
[2022-09-08T05:16:45.603+0000][7][gc,start    ] GC(6) Pause Young (Normal) (G1 Evacuation Pause)
[2022-09-08T05:16:45.604+0000][7][gc,task     ] GC(6) Using 6 workers of 6 for evacuation
[2022-09-08T05:16:45.604+0000][7][gc,age      ] GC(6) Desired survivor size 10485760 bytes, new threshold 5 (max threshold 15)
[2022-09-08T05:16:45.612+0000][7][gc,age      ] GC(6) Age table with threshold 5 (max threshold 15)
[2022-09-08T05:16:45.613+0000][7][gc,age      ] GC(6) - age   1:    1831912 bytes,    1831912 total
[2022-09-08T05:16:45.613+0000][7][gc,age      ] GC(6) - age   2:    1478480 bytes,    3310392 total
[2022-09-08T05:16:45.613+0000][7][gc,age      ] GC(6) - age   3:    1882128 bytes,    5192520 total
[2022-09-08T05:16:45.613+0000][7][gc,age      ] GC(6) - age   4:    3474000 bytes,    8666520 total
[2022-09-08T05:16:45.613+0000][7][gc,age      ] GC(6) - age   5:    2367152 bytes,   11033672 total
[2022-09-08T05:16:45.614+0000][7][gc,phases   ] GC(6)   Pre Evacuate Collection Set: 0.1ms
[2022-09-08T05:16:45.614+0000][7][gc,phases   ] GC(6)   Merge Heap Roots: 0.0ms
[2022-09-08T05:16:45.614+0000][7][gc,phases   ] GC(6)   Evacuate Collection Set: 7.2ms
[2022-09-08T05:16:45.614+0000][7][gc,phases   ] GC(6)   Post Evacuate Collection Set: 0.8ms
[2022-09-08T05:16:45.615+0000][7][gc,phases   ] GC(6)   Other: 2.2ms
[2022-09-08T05:16:45.615+0000][7][gc,heap     ] GC(6) Eden regions: 35->0(35)
[2022-09-08T05:16:45.615+0000][7][gc,heap     ] GC(6) Survivor regions: 3->3(5)
[2022-09-08T05:16:45.615+0000][7][gc,heap     ] GC(6) Old regions: 1->2
[2022-09-08T05:16:45.615+0000][7][gc,heap     ] GC(6) Archive regions: 2->2
[2022-09-08T05:16:45.615+0000][7][gc,heap     ] GC(6) Humongous regions: 0->0
[2022-09-08T05:16:45.615+0000][7][gc,metaspace] GC(6) Metaspace: 19225K(20224K)->19225K(20224K) NonClass: 16910K(17664K)->16910K(17664K) Class: 2315K(2560K)->2315K(2560K)
[2022-09-08T05:16:45.616+0000][7][gc          ] GC(6) Pause Young (Normal) (G1 Evacuation Pause) 157M->19M(256M) 12.237ms
[2022-09-08T05:16:45.616+0000][7][gc,cpu      ] GC(6) User=0.02s Sys=0.00s Real=0.02s
[2022-09-08T05:16:45.616+0000][7][safepoint   ] Safepoint "G1CollectForAllocation", Time since last: 214072654 ns, Reaching safepoint: 218629 ns, At safepoint: 12648325 ns, Total: 12866954 ns
[2022-09-08T05:16:45.806+0000][7][gc,start    ] GC(7) Pause Young (Normal) (G1 Evacuation Pause)
[2022-09-08T05:16:45.807+0000][7][gc,task     ] GC(7) Using 6 workers of 6 for evacuation
[2022-09-08T05:16:45.807+0000][7][gc,age      ] GC(7) Desired survivor size 10485760 bytes, new threshold 5 (max threshold 15)
[2022-09-08T05:16:45.816+0000][7][gc,age      ] GC(7) Age table with threshold 5 (max threshold 15)
[2022-09-08T05:16:45.816+0000][7][gc,age      ] GC(7) - age   1:     583440 bytes,     583440 total
[2022-09-08T05:16:45.817+0000][7][gc,age      ] GC(7) - age   2:    1240728 bytes,    1824168 total
[2022-09-08T05:16:45.817+0000][7][gc,age      ] GC(7) - age   3:    1477872 bytes,    3302040 total
[2022-09-08T05:16:45.817+0000][7][gc,age      ] GC(7) - age   4:    1882096 bytes,    5184136 total
[2022-09-08T05:16:45.818+0000][7][gc,age      ] GC(7) - age   5:    3470048 bytes,    8654184 total
[2022-09-08T05:16:45.818+0000][7][gc,phases   ] GC(7)   Pre Evacuate Collection Set: 0.1ms
[2022-09-08T05:16:45.818+0000][7][gc,phases   ] GC(7)   Merge Heap Roots: 0.0ms
[2022-09-08T05:16:45.818+0000][7][gc,phases   ] GC(7)   Evacuate Collection Set: 7.6ms
[2022-09-08T05:16:45.818+0000][7][gc,phases   ] GC(7)   Post Evacuate Collection Set: 0.8ms
[2022-09-08T05:16:45.819+0000][7][gc,phases   ] GC(7)   Other: 3.2ms
[2022-09-08T05:16:45.819+0000][7][gc,heap     ] GC(7) Eden regions: 35->0(35)
[2022-09-08T05:16:45.819+0000][7][gc,heap     ] GC(7) Survivor regions: 3->3(5)
[2022-09-08T05:16:45.819+0000][7][gc,heap     ] GC(7) Old regions: 2->2
[2022-09-08T05:16:45.819+0000][7][gc,heap     ] GC(7) Archive regions: 2->2
[2022-09-08T05:16:45.819+0000][7][gc,heap     ] GC(7) Humongous regions: 0->0
[2022-09-08T05:16:45.820+0000][7][gc,metaspace] GC(7) Metaspace: 19360K(20480K)->19360K(20480K) NonClass: 17020K(17920K)->17020K(17920K) Class: 2340K(2560K)->2340K(2560K)
[2022-09-08T05:16:45.820+0000][7][gc          ] GC(7) Pause Young (Normal) (G1 Evacuation Pause) 159M->19M(256M) 13.609ms
[2022-09-08T05:16:45.820+0000][7][gc,cpu      ] GC(7) User=0.03s Sys=0.01s Real=0.01s
[2022-09-08T05:16:45.820+0000][7][safepoint   ] Safepoint "G1CollectForAllocation", Time since last: 190064389 ns, Reaching safepoint: 85650 ns, At safepoint: 14028871 ns, Total: 14114521 ns
[2022-09-08T05:16:46.048+0000][7][gc,start    ] GC(8) Pause Young (Normal) (G1 Evacuation Pause)
[2022-09-08T05:16:46.048+0000][7][gc,task     ] GC(8) Using 6 workers of 6 for evacuation
[2022-09-08T05:16:46.049+0000][7][gc,age      ] GC(8) Desired survivor size 10485760 bytes, new threshold 15 (max threshold 15)
[2022-09-08T05:16:46.082+0000][7][gc,age      ] GC(8) Age table with threshold 15 (max threshold 15)
[2022-09-08T05:16:46.083+0000][7][gc,age      ] GC(8) - age   1:    1407368 bytes,    1407368 total
[2022-09-08T05:16:46.083+0000][7][gc,age      ] GC(8) - age   2:     255536 bytes,    1662904 total
[2022-09-08T05:16:46.083+0000][7][gc,age      ] GC(8) - age   3:    1240728 bytes,    2903632 total
[2022-09-08T05:16:46.084+0000][7][gc,age      ] GC(8) - age   4:    1477872 bytes,    4381504 total
[2022-09-08T05:16:46.084+0000][7][gc,age      ] GC(8) - age   5:    1882096 bytes,    6263600 total
[2022-09-08T05:16:46.084+0000][7][gc,age      ] GC(8) - age   6:    3470048 bytes,    9733648 total
[2022-09-08T05:16:46.085+0000][7][gc,phases   ] GC(8)   Pre Evacuate Collection Set: 0.1ms
[2022-09-08T05:16:46.085+0000][7][gc,phases   ] GC(8)   Merge Heap Roots: 0.3ms
[2022-09-08T05:16:46.085+0000][7][gc,phases   ] GC(8)   Evacuate Collection Set: 17.7ms
[2022-09-08T05:16:46.085+0000][7][gc,phases   ] GC(8)   Post Evacuate Collection Set: 14.2ms
[2022-09-08T05:16:46.085+0000][7][gc,phases   ] GC(8)   Other: 4.6ms
[2022-09-08T05:16:46.085+0000][7][gc,heap     ] GC(8) Eden regions: 35->0(35)
[2022-09-08T05:16:46.086+0000][7][gc,heap     ] GC(8) Survivor regions: 3->3(5)
[2022-09-08T05:16:46.086+0000][7][gc,heap     ] GC(8) Old regions: 2->2
[2022-09-08T05:16:46.087+0000][7][gc,heap     ] GC(8) Archive regions: 2->2
[2022-09-08T05:16:46.089+0000][7][gc,heap     ] GC(8) Humongous regions: 0->0
[2022-09-08T05:16:46.090+0000][7][gc,metaspace] GC(8) Metaspace: 19579K(20864K)->19579K(20864K) NonClass: 17198K(18176K)->17198K(18176K) Class: 2381K(2688K)->2381K(2688K)
[2022-09-08T05:16:46.091+0000][7][gc          ] GC(8) Pause Young (Normal) (G1 Evacuation Pause) 159M->19M(256M) 42.782ms
[2022-09-08T05:16:46.091+0000][7][gc,cpu      ] GC(8) User=0.06s Sys=0.02s Real=0.04s
[2022-09-08T05:16:46.091+0000][7][safepoint   ] Safepoint "G1CollectForAllocation", Time since last: 221837820 ns, Reaching safepoint: 5611453 ns, At safepoint: 43691747 ns, Total: 49303200 ns
[2022-09-08T05:16:46.321+0000][7][gc,start    ] GC(9) Pause Young (Normal) (G1 Evacuation Pause)
[2022-09-08T05:16:46.323+0000][7][gc,task     ] GC(9) Using 6 workers of 6 for evacuation
[2022-09-08T05:16:46.324+0000][7][gc,age      ] GC(9) Desired survivor size 10485760 bytes, new threshold 15 (max threshold 15)
[2022-09-08T05:16:46.345+0000][7][gc,age      ] GC(9) Age table with threshold 15 (max threshold 15)
[2022-09-08T05:16:46.346+0000][7][gc,age      ] GC(9) - age   1:     769232 bytes,     769232 total
[2022-09-08T05:16:46.347+0000][7][gc,age      ] GC(9) - age   2:     254880 bytes,    1024112 total
[2022-09-08T05:16:46.347+0000][7][gc,age      ] GC(9) - age   3:     255384 bytes,    1279496 total
[2022-09-08T05:16:46.347+0000][7][gc,age      ] GC(9) - age   4:    1240728 bytes,    2520224 total
[2022-09-08T05:16:46.348+0000][7][gc,age      ] GC(9) - age   5:    1477200 bytes,    3997424 total
[2022-09-08T05:16:46.350+0000][7][gc,age      ] GC(9) - age   6:    1881808 bytes,    5879232 total
[2022-09-08T05:16:46.351+0000][7][gc,age      ] GC(9) - age   7:    3469920 bytes,    9349152 total
[2022-09-08T05:16:46.351+0000][7][gc,phases   ] GC(9)   Pre Evacuate Collection Set: 0.1ms
[2022-09-08T05:16:46.353+0000][7][gc,phases   ] GC(9)   Merge Heap Roots: 0.7ms
[2022-09-08T05:16:46.353+0000][7][gc,phases   ] GC(9)   Evacuate Collection Set: 15.5ms
[2022-09-08T05:16:46.354+0000][7][gc,phases   ] GC(9)   Post Evacuate Collection Set: 2.5ms
[2022-09-08T05:16:46.354+0000][7][gc,phases   ] GC(9)   Other: 11.3ms
[2022-09-08T05:16:46.354+0000][7][gc,heap     ] GC(9) Eden regions: 35->0(35)
[2022-09-08T05:16:46.355+0000][7][gc,heap     ] GC(9) Survivor regions: 3->3(5)
[2022-09-08T05:16:46.355+0000][7][gc,heap     ] GC(9) Old regions: 2->2
[2022-09-08T05:16:46.356+0000][7][gc,heap     ] GC(9) Archive regions: 2->2
[2022-09-08T05:16:46.356+0000][7][gc,heap     ] GC(9) Humongous regions: 0->0
[2022-09-08T05:16:46.356+0000][7][gc,metaspace] GC(9) Metaspace: 19654K(20864K)->19654K(20864K) NonClass: 17259K(18176K)->17259K(18176K) Class: 2395K(2688K)->2395K(2688K)
[2022-09-08T05:16:46.357+0000][7][gc          ] GC(9) Pause Young (Normal) (G1 Evacuation Pause) 159M->19M(256M) 35.963ms
[2022-09-08T05:16:46.358+0000][7][gc,cpu      ] GC(9) User=0.03s Sys=0.01s Real=0.04s
[2022-09-08T05:16:46.358+0000][7][safepoint   ] Safepoint "G1CollectForAllocation", Time since last: 225873892 ns, Reaching safepoint: 3938658 ns, At safepoint: 37087607 ns, Total: 41026265 ns
[2022-09-08T05:16:46.641+0000][7][gc,start    ] GC(10) Pause Young (Concurrent Start) (Metadata GC Threshold)
[2022-09-08T05:16:46.641+0000][7][gc,task     ] GC(10) Using 6 workers of 6 for evacuation
[2022-09-08T05:16:46.642+0000][7][gc,age      ] GC(10) Desired survivor size 10485760 bytes, new threshold 15 (max threshold 15)
[2022-09-08T05:16:46.647+0000][7][gc,age      ] GC(10) Age table with threshold 15 (max threshold 15)
[2022-09-08T05:16:46.647+0000][7][gc,age      ] GC(10) - age   1:    1631184 bytes,    1631184 total
[2022-09-08T05:16:46.648+0000][7][gc,age      ] GC(10) - age   2:     448504 bytes,    2079688 total
[2022-09-08T05:16:46.648+0000][7][gc,age      ] GC(10) - age   3:     254880 bytes,    2334568 total
[2022-09-08T05:16:46.648+0000][7][gc,age      ] GC(10) - age   4:     255320 bytes,    2589888 total
[2022-09-08T05:16:46.648+0000][7][gc,age      ] GC(10) - age   5:    1240728 bytes,    3830616 total
[2022-09-08T05:16:46.649+0000][7][gc,age      ] GC(10) - age   6:    1476160 bytes,    5306776 total
[2022-09-08T05:16:46.649+0000][7][gc,age      ] GC(10) - age   7:    1881616 bytes,    7188392 total
[2022-09-08T05:16:46.649+0000][7][gc,age      ] GC(10) - age   8:    3469624 bytes,   10658016 total
[2022-09-08T05:16:46.649+0000][7][gc,phases   ] GC(10)   Pre Evacuate Collection Set: 0.1ms
[2022-09-08T05:16:46.649+0000][7][gc,phases   ] GC(10)   Merge Heap Roots: 0.0ms
[2022-09-08T05:16:46.650+0000][7][gc,phases   ] GC(10)   Evacuate Collection Set: 3.9ms
[2022-09-08T05:16:46.650+0000][7][gc,phases   ] GC(10)   Post Evacuate Collection Set: 0.5ms
[2022-09-08T05:16:46.651+0000][7][gc,phases   ] GC(10)   Other: 3.6ms
[2022-09-08T05:16:46.651+0000][7][gc,heap     ] GC(10) Eden regions: 34->0(35)
[2022-09-08T05:16:46.651+0000][7][gc,heap     ] GC(10) Survivor regions: 3->3(5)
[2022-09-08T05:16:46.651+0000][7][gc,heap     ] GC(10) Old regions: 2->2
[2022-09-08T05:16:46.652+0000][7][gc,heap     ] GC(10) Archive regions: 2->2
[2022-09-08T05:16:46.652+0000][7][gc,heap     ] GC(10) Humongous regions: 0->0
[2022-09-08T05:16:46.652+0000][7][gc,metaspace] GC(10) Metaspace: 19942K(21248K)->19942K(21248K) NonClass: 17499K(18432K)->17499K(18432K) Class: 2443K(2816K)->2443K(2816K)
[2022-09-08T05:16:46.652+0000][7][gc          ] GC(10) Pause Young (Concurrent Start) (Metadata GC Threshold) 153M->20M(256M) 11.063ms
[2022-09-08T05:16:46.653+0000][7][gc,cpu      ] GC(10) User=0.02s Sys=0.00s Real=0.01s
[2022-09-08T05:16:46.653+0000][7][gc          ] GC(11) Concurrent Cycle
[2022-09-08T05:16:46.654+0000][7][gc,marking  ] GC(11) Concurrent Clear Claimed Marks
[2022-09-08T05:16:46.653+0000][7][safepoint   ] Safepoint "CollectForMetadataAllocation", Time since last: 282737694 ns, Reaching safepoint: 195637 ns, At safepoint: 11907787 ns, Total: 12103424 ns
[2022-09-08T05:16:46.654+0000][7][gc,marking  ] GC(11) Concurrent Clear Claimed Marks 0.574ms
[2022-09-08T05:16:46.654+0000][7][gc,marking  ] GC(11) Concurrent Scan Root Regions
[2022-09-08T05:16:46.668+0000][7][gc,marking  ] GC(11) Concurrent Scan Root Regions 13.026ms
[2022-09-08T05:16:46.668+0000][7][gc,marking  ] GC(11) Concurrent Mark (9.181s)
[2022-09-08T05:16:46.668+0000][7][gc,marking  ] GC(11) Concurrent Mark From Roots
[2022-09-08T05:16:46.669+0000][7][gc,task     ] GC(11) Using 2 workers of 2 for marking
[2022-09-08T05:16:46.677+0000][7][gc,marking  ] GC(11) Concurrent Mark From Roots 8.457ms
[2022-09-08T05:16:46.677+0000][7][gc,marking  ] GC(11) Concurrent Preclean
[2022-09-08T05:16:46.678+0000][7][gc,marking  ] GC(11) Concurrent Preclean 0.599ms
[2022-09-08T05:16:46.678+0000][7][gc,marking  ] GC(11) Concurrent Mark (9.181s, 9.191s) 10.018ms
[2022-09-08T05:16:46.679+0000][7][gc,start    ] GC(11) Pause Remark
[2022-09-08T05:16:46.685+0000][7][gc          ] GC(11) Pause Remark 46M->46M(256M) 6.151ms
[2022-09-08T05:16:46.685+0000][7][gc,cpu      ] GC(11) User=0.00s Sys=0.01s Real=0.01s
[2022-09-08T05:16:46.686+0000][7][safepoint   ] Safepoint "G1Concurrent", Time since last: 25664146 ns, Reaching safepoint: 64401 ns, At safepoint: 6893905 ns, Total: 6958306 ns
[2022-09-08T05:16:46.691+0000][7][gc,marking  ] GC(11) Concurrent Rebuild Remembered Sets
[2022-09-08T05:16:46.695+0000][7][gc,marking  ] GC(11) Concurrent Rebuild Remembered Sets 4.094ms
[2022-09-08T05:16:46.699+0000][7][gc,start    ] GC(11) Pause Cleanup
[2022-09-08T05:16:46.700+0000][7][gc          ] GC(11) Pause Cleanup 48M->48M(256M) 1.423ms
[2022-09-08T05:16:46.701+0000][7][gc,cpu      ] GC(11) User=0.00s Sys=0.00s Real=0.00s
[2022-09-08T05:16:46.701+0000][7][safepoint   ] Safepoint "G1Concurrent", Time since last: 12557985 ns, Reaching safepoint: 530083 ns, At safepoint: 2023490 ns, Total: 2553573 ns
[2022-09-08T05:16:46.702+0000][7][gc,marking  ] GC(11) Concurrent Cleanup for Next Mark
[2022-09-08T05:16:46.703+0000][7][gc,marking  ] GC(11) Concurrent Cleanup for Next Mark 1.155ms
[2022-09-08T05:16:46.703+0000][7][gc          ] GC(11) Concurrent Cycle 50.325ms
[2022-09-08T05:16:46.812+0000][7][gc,start    ] GC(12) Pause Young (Normal) (G1 Evacuation Pause)
[2022-09-08T05:16:46.813+0000][7][gc,task     ] GC(12) Using 6 workers of 6 for evacuation
[2022-09-08T05:16:46.813+0000][7][gc,age      ] GC(12) Desired survivor size 10485760 bytes, new threshold 8 (max threshold 15)
[2022-09-08T05:16:46.820+0000][7][gc,age      ] GC(12) Age table with threshold 8 (max threshold 15)
[2022-09-08T05:16:46.820+0000][7][gc,age      ] GC(12) - age   1:    2068904 bytes,    2068904 total
[2022-09-08T05:16:46.821+0000][7][gc,age      ] GC(12) - age   2:    1608168 bytes,    3677072 total
[2022-09-08T05:16:46.821+0000][7][gc,age      ] GC(12) - age   3:     447512 bytes,    4124584 total
[2022-09-08T05:16:46.821+0000][7][gc,age      ] GC(12) - age   4:     254816 bytes,    4379400 total
[2022-09-08T05:16:46.821+0000][7][gc,age      ] GC(12) - age   5:     255320 bytes,    4634720 total
[2022-09-08T05:16:46.821+0000][7][gc,age      ] GC(12) - age   6:    1240728 bytes,    5875448 total
[2022-09-08T05:16:46.822+0000][7][gc,age      ] GC(12) - age   7:    1476160 bytes,    7351608 total
[2022-09-08T05:16:46.822+0000][7][gc,age      ] GC(12) - age   8:    1881616 bytes,    9233224 total
[2022-09-08T05:16:46.822+0000][7][gc,phases   ] GC(12)   Pre Evacuate Collection Set: 0.1ms
[2022-09-08T05:16:46.822+0000][7][gc,phases   ] GC(12)   Merge Heap Roots: 0.1ms
[2022-09-08T05:16:46.822+0000][7][gc,phases   ] GC(12)   Evacuate Collection Set: 6.4ms
[2022-09-08T05:16:46.823+0000][7][gc,phases   ] GC(12)   Post Evacuate Collection Set: 0.6ms
[2022-09-08T05:16:46.823+0000][7][gc,phases   ] GC(12)   Other: 2.7ms
[2022-09-08T05:16:46.823+0000][7][gc,heap     ] GC(12) Eden regions: 35->0(35)
[2022-09-08T05:16:46.823+0000][7][gc,heap     ] GC(12) Survivor regions: 3->3(5)
[2022-09-08T05:16:46.823+0000][7][gc,heap     ] GC(12) Old regions: 2->3
[2022-09-08T05:16:46.823+0000][7][gc,heap     ] GC(12) Archive regions: 2->2
[2022-09-08T05:16:46.824+0000][7][gc,heap     ] GC(12) Humongous regions: 0->0
[2022-09-08T05:16:46.824+0000][7][gc,metaspace] GC(12) Metaspace: 20049K(21504K)->20049K(21504K) NonClass: 17589K(18688K)->17589K(18688K) Class: 2460K(2816K)->2460K(2816K)
[2022-09-08T05:16:46.824+0000][7][gc          ] GC(12) Pause Young (Normal) (G1 Evacuation Pause) 160M->22M(256M) 11.820ms
[2022-09-08T05:16:46.824+0000][7][gc,cpu      ] GC(12) User=0.03s Sys=0.00s Real=0.01s
[2022-09-08T05:16:46.824+0000][7][safepoint   ] Safepoint "G1CollectForAllocation", Time since last: 111145460 ns, Reaching safepoint: 177432 ns, At safepoint: 12188002 ns, Total: 12365434 ns
[2022-09-08T05:16:46.991+0000][7][gc,start    ] GC(13) Pause Young (Normal) (G1 Evacuation Pause)
[2022-09-08T05:16:46.991+0000][7][gc,task     ] GC(13) Using 6 workers of 6 for evacuation
[2022-09-08T05:16:46.991+0000][7][gc,age      ] GC(13) Desired survivor size 10485760 bytes, new threshold 15 (max threshold 15)
[2022-09-08T05:16:46.997+0000][7][gc,age      ] GC(13) Age table with threshold 15 (max threshold 15)
[2022-09-08T05:16:46.997+0000][7][gc,age      ] GC(13) - age   1:     910176 bytes,     910176 total
[2022-09-08T05:16:46.997+0000][7][gc,age      ] GC(13) - age   2:     506896 bytes,    1417072 total
[2022-09-08T05:16:46.997+0000][7][gc,age      ] GC(13) - age   3:    1608168 bytes,    3025240 total
[2022-09-08T05:16:46.998+0000][7][gc,age      ] GC(13) - age   4:     447296 bytes,    3472536 total
[2022-09-08T05:16:46.998+0000][7][gc,age      ] GC(13) - age   5:     254816 bytes,    3727352 total
[2022-09-08T05:16:46.998+0000][7][gc,age      ] GC(13) - age   6:     254776 bytes,    3982128 total
[2022-09-08T05:16:46.998+0000][7][gc,age      ] GC(13) - age   7:    1240728 bytes,    5222856 total
[2022-09-08T05:16:46.998+0000][7][gc,age      ] GC(13) - age   8:    1476160 bytes,    6699016 total
[2022-09-08T05:16:46.998+0000][7][gc,age      ] GC(13) - age   9:    1881616 bytes,    8580632 total
[2022-09-08T05:16:46.999+0000][7][gc,phases   ] GC(13)   Pre Evacuate Collection Set: 0.1ms
[2022-09-08T05:16:46.999+0000][7][gc,phases   ] GC(13)   Merge Heap Roots: 0.1ms
[2022-09-08T05:16:46.999+0000][7][gc,phases   ] GC(13)   Evacuate Collection Set: 4.5ms
[2022-09-08T05:16:46.999+0000][7][gc,phases   ] GC(13)   Post Evacuate Collection Set: 0.6ms
[2022-09-08T05:16:46.999+0000][7][gc,phases   ] GC(13)   Other: 2.5ms
[2022-09-08T05:16:46.999+0000][7][gc,heap     ] GC(13) Eden regions: 35->0(35)
[2022-09-08T05:16:47.000+0000][7][gc,heap     ] GC(13) Survivor regions: 3->3(5)
[2022-09-08T05:16:47.001+0000][7][gc,heap     ] GC(13) Old regions: 3->3
[2022-09-08T05:16:47.001+0000][7][gc,heap     ] GC(13) Archive regions: 2->2
[2022-09-08T05:16:47.001+0000][7][gc,heap     ] GC(13) Humongous regions: 0->0
[2022-09-08T05:16:47.001+0000][7][gc,metaspace] GC(13) Metaspace: 20084K(21504K)->20084K(21504K) NonClass: 17614K(18688K)->17614K(18688K) Class: 2469K(2816K)->2469K(2816K)
[2022-09-08T05:16:47.002+0000][7][gc          ] GC(13) Pause Young (Normal) (G1 Evacuation Pause) 162M->22M(256M) 10.807ms
[2022-09-08T05:16:47.002+0000][7][gc,cpu      ] GC(13) User=0.01s Sys=0.00s Real=0.01s
[2022-09-08T05:16:47.002+0000][7][safepoint   ] Safepoint "G1CollectForAllocation", Time since last: 166274073 ns, Reaching safepoint: 168977 ns, At safepoint: 11176286 ns, Total: 11345263 ns
[2022-09-08T05:16:48.334+0000][7][safepoint   ] Safepoint "Cleanup", Time since last: 1331572836 ns, Reaching safepoint: 214612 ns, At safepoint: 24385 ns, Total: 238997 ns
[2022-09-08T05:16:49.251+0000][7][gc,start    ] GC(14) Pause Young (Normal) (G1 Evacuation Pause)
[2022-09-08T05:16:49.251+0000][7][gc,task     ] GC(14) Using 6 workers of 6 for evacuation
[2022-09-08T05:16:49.252+0000][7][gc,age      ] GC(14) Desired survivor size 10485760 bytes, new threshold 15 (max threshold 15)
[2022-09-08T05:16:49.270+0000][7][gc,age      ] GC(14) Age table with threshold 15 (max threshold 15)
[2022-09-08T05:16:49.270+0000][7][gc,age      ] GC(14) - age   1:    9477008 bytes,    9477008 total
[2022-09-08T05:16:49.270+0000][7][gc,age      ] GC(14) - age   2:     298616 bytes,    9775624 total
[2022-09-08T05:16:49.270+0000][7][gc,age      ] GC(14) - age   3:     506360 bytes,   10281984 total
[2022-09-08T05:16:49.271+0000][7][gc,age      ] GC(14) - age   4:    1604016 bytes,   11886000 total
[2022-09-08T05:16:49.272+0000][7][gc,age      ] GC(14) - age   5:     446736 bytes,   12332736 total
[2022-09-08T05:16:49.272+0000][7][gc,age      ] GC(14) - age   6:     254288 bytes,   12587024 total
[2022-09-08T05:16:49.272+0000][7][gc,age      ] GC(14) - age   7:     247792 bytes,   12834816 total
[2022-09-08T05:16:49.272+0000][7][gc,age      ] GC(14) - age   8:    1237880 bytes,   14072696 total
[2022-09-08T05:16:49.273+0000][7][gc,age      ] GC(14) - age   9:    1472528 bytes,   15545224 total
[2022-09-08T05:16:49.273+0000][7][gc,age      ] GC(14) - age  10:    1874296 bytes,   17419520 total
[2022-09-08T05:16:49.273+0000][7][gc,phases   ] GC(14)   Pre Evacuate Collection Set: 0.1ms
[2022-09-08T05:16:49.273+0000][7][gc,phases   ] GC(14)   Merge Heap Roots: 0.0ms
[2022-09-08T05:16:49.273+0000][7][gc,phases   ] GC(14)   Evacuate Collection Set: 14.9ms
[2022-09-08T05:16:49.274+0000][7][gc,phases   ] GC(14)   Post Evacuate Collection Set: 2.7ms
[2022-09-08T05:16:49.274+0000][7][gc,phases   ] GC(14)   Other: 4.1ms
[2022-09-08T05:16:49.274+0000][7][gc,heap     ] GC(14) Eden regions: 35->0(33)
[2022-09-08T05:16:49.274+0000][7][gc,heap     ] GC(14) Survivor regions: 3->5(5)
[2022-09-08T05:16:49.274+0000][7][gc,heap     ] GC(14) Old regions: 3->3
[2022-09-08T05:16:49.275+0000][7][gc,heap     ] GC(14) Archive regions: 2->2
[2022-09-08T05:16:49.275+0000][7][gc,heap     ] GC(14) Humongous regions: 0->0
[2022-09-08T05:16:49.275+0000][7][gc,metaspace] GC(14) Metaspace: 29831K(32000K)->29831K(32000K) NonClass: 26099K(27648K)->26099K(27648K) Class: 3732K(4352K)->3732K(4352K)
[2022-09-08T05:16:49.275+0000][7][gc          ] GC(14) Pause Young (Normal) (G1 Evacuation Pause) 162M->30M(256M) 24.422ms
[2022-09-08T05:16:49.276+0000][7][gc,cpu      ] GC(14) User=0.04s Sys=0.01s Real=0.03s
[2022-09-08T05:16:49.276+0000][7][safepoint   ] Safepoint "G1CollectForAllocation", Time since last: 916736590 ns, Reaching safepoint: 516728 ns, At safepoint: 25013027 ns, Total: 25529755 ns
[2022-09-08T05:16:50.277+0000][7][safepoint   ] Safepoint "Cleanup", Time since last: 1000798464 ns, Reaching safepoint: 303098 ns, At safepoint: 23784 ns, Total: 326882 ns
[2022-09-08T05:16:50.315+0000][7][gc,start    ] GC(15) Pause Young (Normal) (G1 Evacuation Pause)
[2022-09-08T05:16:50.315+0000][7][gc,task     ] GC(15) Using 6 workers of 6 for evacuation
[2022-09-08T05:16:50.316+0000][7][gc,age      ] GC(15) Desired survivor size 10485760 bytes, new threshold 4 (max threshold 15)
[2022-09-08T05:16:50.338+0000][7][gc,age      ] GC(15) Age table with threshold 4 (max threshold 15)
[2022-09-08T05:16:50.339+0000][7][gc,age      ] GC(15) - age   1:   10688680 bytes,   10688680 total
[2022-09-08T05:16:50.339+0000][7][gc,age      ] GC(15) - age   2:    8965848 bytes,   19654528 total
[2022-09-08T05:16:50.339+0000][7][gc,age      ] GC(15) - age   3:     298616 bytes,   19953144 total
[2022-09-08T05:16:50.339+0000][7][gc,age      ] GC(15) - age   4:     506360 bytes,   20459504 total
[2022-09-08T05:16:50.339+0000][7][gc,phases   ] GC(15)   Pre Evacuate Collection Set: 0.1ms
[2022-09-08T05:16:50.339+0000][7][gc,phases   ] GC(15)   Merge Heap Roots: 0.1ms
[2022-09-08T05:16:50.340+0000][7][gc,phases   ] GC(15)   Evacuate Collection Set: 20.8ms
[2022-09-08T05:16:50.340+0000][7][gc,phases   ] GC(15)   Post Evacuate Collection Set: 1.7ms
[2022-09-08T05:16:50.340+0000][7][gc,phases   ] GC(15)   Other: 1.7ms
[2022-09-08T05:16:50.340+0000][7][gc,heap     ] GC(15) Eden regions: 33->0(33)
[2022-09-08T05:16:50.340+0000][7][gc,heap     ] GC(15) Survivor regions: 5->5(5)
[2022-09-08T05:16:50.340+0000][7][gc,heap     ] GC(15) Old regions: 3->6
[2022-09-08T05:16:50.340+0000][7][gc,heap     ] GC(15) Archive regions: 2->2
[2022-09-08T05:16:50.340+0000][7][gc,heap     ] GC(15) Humongous regions: 0->0
[2022-09-08T05:16:50.341+0000][7][gc,metaspace] GC(15) Metaspace: 30097K(32256K)->30097K(32256K) NonClass: 26324K(27904K)->26324K(27904K) Class: 3772K(4352K)->3772K(4352K)
[2022-09-08T05:16:50.341+0000][7][gc          ] GC(15) Pause Young (Normal) (G1 Evacuation Pause) 162M->46M(256M) 25.798ms
[2022-09-08T05:16:50.341+0000][7][gc,cpu      ] GC(15) User=0.07s Sys=0.00s Real=0.02s
[2022-09-08T05:16:50.341+0000][7][safepoint   ] Safepoint "G1CollectForAllocation", Time since last: 37706386 ns, Reaching safepoint: 104846 ns, At safepoint: 26179643 ns, Total: 26284489 ns
[2022-09-08T05:16:51.319+0000][7][gc,start    ] GC(16) Pause Young (Concurrent Start) (Metadata GC Threshold)
[2022-09-08T05:16:51.320+0000][7][gc,task     ] GC(16) Using 6 workers of 6 for evacuation
[2022-09-08T05:16:51.320+0000][7][gc,age      ] GC(16) Desired survivor size 10485760 bytes, new threshold 1 (max threshold 15)
[2022-09-08T05:16:51.386+0000][7][gc,age      ] GC(16) Age table with threshold 1 (max threshold 15)
[2022-09-08T05:16:51.387+0000][7][gc,age      ] GC(16) - age   1:   12454376 bytes,   12454376 total
[2022-09-08T05:16:51.387+0000][7][gc,phases   ] GC(16)   Pre Evacuate Collection Set: 0.2ms
[2022-09-08T05:16:51.387+0000][7][gc,phases   ] GC(16)   Merge Heap Roots: 1.8ms
[2022-09-08T05:16:51.387+0000][7][gc,phases   ] GC(16)   Evacuate Collection Set: 61.5ms
[2022-09-08T05:16:51.388+0000][7][gc,phases   ] GC(16)   Post Evacuate Collection Set: 1.4ms
[2022-09-08T05:16:51.388+0000][7][gc,phases   ] GC(16)   Other: 3.0ms
[2022-09-08T05:16:51.388+0000][7][gc,heap     ] GC(16) Eden regions: 24->0(30)
[2022-09-08T05:16:51.388+0000][7][gc,heap     ] GC(16) Survivor regions: 5->4(5)
[2022-09-08T05:16:51.388+0000][7][gc,heap     ] GC(16) Old regions: 6->11
[2022-09-08T05:16:51.388+0000][7][gc,heap     ] GC(16) Archive regions: 2->2
[2022-09-08T05:16:51.389+0000][7][gc,heap     ] GC(16) Humongous regions: 0->0
[2022-09-08T05:16:51.389+0000][7][gc,metaspace] GC(16) Metaspace: 33550K(35840K)->33550K(35840K) NonClass: 29204K(30848K)->29204K(30848K) Class: 4346K(4992K)->4346K(4992K)
[2022-09-08T05:16:51.389+0000][7][gc          ] GC(16) Pause Young (Concurrent Start) (Metadata GC Threshold) 140M->59M(256M) 69.684ms
[2022-09-08T05:16:51.389+0000][7][gc,cpu      ] GC(16) User=0.13s Sys=0.00s Real=0.07s
[2022-09-08T05:16:51.389+0000][7][safepoint   ] Safepoint "CollectForMetadataAllocation", Time since last: 977705373 ns, Reaching safepoint: 308017 ns, At safepoint: 70186080 ns, Total: 70494097 ns
[2022-09-08T05:16:51.395+0000][7][gc          ] GC(17) Concurrent Cycle
[2022-09-08T05:16:51.405+0000][7][gc,marking  ] GC(17) Concurrent Clear Claimed Marks
[2022-09-08T05:16:51.413+0000][7][gc,marking  ] GC(17) Concurrent Clear Claimed Marks 7.906ms
[2022-09-08T05:16:51.414+0000][7][gc,marking  ] GC(17) Concurrent Scan Root Regions
[2022-09-08T05:16:51.413+0000][7][safepoint   ] Safepoint "CollectForMetadataAllocation", Time since last: 23227291 ns, Reaching safepoint: 194595 ns, At safepoint: 139852 ns, Total: 334447 ns
[2022-09-08T05:16:51.438+0000][7][gc,marking  ] GC(17) Concurrent Scan Root Regions 24.443ms
[2022-09-08T05:16:51.445+0000][7][gc,marking  ] GC(17) Concurrent Mark (13.957s)
[2022-09-08T05:16:51.447+0000][7][safepoint   ] Safepoint "CollectForMetadataAllocation", Time since last: 34290487 ns, Reaching safepoint: 222296 ns, At safepoint: 98845 ns, Total: 321141 ns
[2022-09-08T05:16:51.454+0000][7][gc,marking  ] GC(17) Concurrent Mark From Roots
[2022-09-08T05:16:51.463+0000][7][gc,task     ] GC(17) Using 2 workers of 2 for marking
[2022-09-08T05:16:51.466+0000][7][safepoint   ] Safepoint "CollectForMetadataAllocation", Time since last: 18154369 ns, Reaching safepoint: 155732 ns, At safepoint: 172964 ns, Total: 328696 ns
[2022-09-08T05:16:51.484+0000][7][gc,marking  ] GC(17) Concurrent Mark From Roots 29.340ms
[2022-09-08T05:16:51.485+0000][7][gc,marking  ] GC(17) Concurrent Preclean
[2022-09-08T05:16:51.486+0000][7][gc,marking  ] GC(17) Concurrent Preclean 0.855ms
[2022-09-08T05:16:51.488+0000][7][gc,marking  ] GC(17) Concurrent Mark (13.957s, 14.000s) 42.663ms
[2022-09-08T05:16:51.488+0000][7][gc,start    ] GC(17) Pause Remark
[2022-09-08T05:16:51.499+0000][7][gc          ] GC(17) Pause Remark 65M->65M(256M) 10.525ms
[2022-09-08T05:16:51.499+0000][7][gc,cpu      ] GC(17) User=0.02s Sys=0.00s Real=0.01s
[2022-09-08T05:16:51.499+0000][7][safepoint   ] Safepoint "G1Concurrent", Time since last: 21982199 ns, Reaching safepoint: 222437 ns, At safepoint: 11003222 ns, Total: 11225659 ns
[2022-09-08T05:16:51.499+0000][7][gc,marking  ] GC(17) Concurrent Rebuild Remembered Sets
[2022-09-08T05:16:51.523+0000][7][gc,marking  ] GC(17) Concurrent Rebuild Remembered Sets 23.468ms
[2022-09-08T05:16:51.523+0000][7][gc,start    ] GC(17) Pause Cleanup
[2022-09-08T05:16:51.524+0000][7][gc          ] GC(17) Pause Cleanup 65M->65M(256M) 0.259ms
[2022-09-08T05:16:51.524+0000][7][gc,cpu      ] GC(17) User=0.01s Sys=0.00s Real=0.00s
[2022-09-08T05:16:51.524+0000][7][safepoint   ] Safepoint "G1Concurrent", Time since last: 23900874 ns, Reaching safepoint: 358852 ns, At safepoint: 580027 ns, Total: 938879 ns
[2022-09-08T05:16:51.524+0000][7][gc,marking  ] GC(17) Concurrent Cleanup for Next Mark
[2022-09-08T05:16:51.525+0000][7][gc,marking  ] GC(17) Concurrent Cleanup for Next Mark 0.988ms
[2022-09-08T05:16:51.526+0000][7][gc          ] GC(17) Concurrent Cycle 130.781ms
[2022-09-08T05:16:51.768+0000][7][gc,start    ] GC(18) Pause Young (Concurrent Start) (G1 Evacuation Pause)
[2022-09-08T05:16:51.769+0000][7][gc,task     ] GC(18) Using 6 workers of 6 for evacuation
[2022-09-08T05:16:51.769+0000][7][gc,age      ] GC(18) Desired survivor size 10485760 bytes, new threshold 1 (max threshold 15)
[2022-09-08T05:16:51.812+0000][7][gc,age      ] GC(18) Age table with threshold 1 (max threshold 15)
[2022-09-08T05:16:51.815+0000][7][gc,age      ] GC(18) - age   1:    1655064 bytes,    1655064 total
[2022-09-08T05:16:51.815+0000][7][gc,phases   ] GC(18)   Pre Evacuate Collection Set: 0.2ms
[2022-09-08T05:16:51.815+0000][7][gc,phases   ] GC(18)   Merge Heap Roots: 0.1ms
[2022-09-08T05:16:51.816+0000][7][gc,phases   ] GC(18)   Evacuate Collection Set: 25.4ms
[2022-09-08T05:16:51.816+0000][7][gc,phases   ] GC(18)   Post Evacuate Collection Set: 16.6ms
[2022-09-08T05:16:51.816+0000][7][gc,phases   ] GC(18)   Other: 4.6ms
[2022-09-08T05:16:51.816+0000][7][gc,heap     ] GC(18) Eden regions: 30->0(31)
[2022-09-08T05:16:51.816+0000][7][gc,heap     ] GC(18) Survivor regions: 4->1(5)
[2022-09-08T05:16:51.816+0000][7][gc,heap     ] GC(18) Old regions: 11->14
[2022-09-08T05:16:51.816+0000][7][gc,heap     ] GC(18) Archive regions: 2->2
[2022-09-08T05:16:51.817+0000][7][gc,heap     ] GC(18) Humongous regions: 0->0
[2022-09-08T05:16:51.817+0000][7][gc,metaspace] GC(18) Metaspace: 36046K(38528K)->36046K(38528K) NonClass: 31456K(33280K)->31456K(33280K) Class: 4589K(5248K)->4589K(5248K)
[2022-09-08T05:16:51.817+0000][7][gc          ] GC(18) Pause Young (Concurrent Start) (G1 Evacuation Pause) 179M->61M(256M) 48.504ms
[2022-09-08T05:16:51.817+0000][7][gc,cpu      ] GC(18) User=0.08s Sys=0.00s Real=0.05s
[2022-09-08T05:16:51.817+0000][7][safepoint   ] Safepoint "G1CollectForAllocation", Time since last: 244170015 ns, Reaching safepoint: 184997 ns, At safepoint: 48849129 ns, Total: 49034126 ns
[2022-09-08T05:16:51.817+0000][7][gc          ] GC(19) Concurrent Cycle
[2022-09-08T05:16:51.818+0000][7][gc,marking  ] GC(19) Concurrent Clear Claimed Marks
[2022-09-08T05:16:51.818+0000][7][gc,marking  ] GC(19) Concurrent Clear Claimed Marks 0.230ms
[2022-09-08T05:16:51.818+0000][7][gc,marking  ] GC(19) Concurrent Scan Root Regions
[2022-09-08T05:16:51.834+0000][7][gc,marking  ] GC(19) Concurrent Scan Root Regions 16.189ms
[2022-09-08T05:16:51.835+0000][7][gc,marking  ] GC(19) Concurrent Mark (14.347s)
[2022-09-08T05:16:51.835+0000][7][gc,marking  ] GC(19) Concurrent Mark From Roots
[2022-09-08T05:16:51.835+0000][7][gc,task     ] GC(19) Using 2 workers of 2 for marking
[2022-09-08T05:16:51.915+0000][7][gc,marking  ] GC(19) Concurrent Mark From Roots 79.247ms
[2022-09-08T05:16:51.918+0000][7][gc,marking  ] GC(19) Concurrent Preclean
[2022-09-08T05:16:51.918+0000][7][gc,marking  ] GC(19) Concurrent Preclean 0.484ms
[2022-09-08T05:16:51.919+0000][7][gc,marking  ] GC(19) Concurrent Mark (14.347s, 14.431s) 83.906ms
[2022-09-08T05:16:51.923+0000][7][gc,start    ] GC(19) Pause Remark
[2022-09-08T05:16:51.931+0000][7][gc          ] GC(19) Pause Remark 67M->67M(256M) 7.515ms
[2022-09-08T05:16:51.931+0000][7][gc,cpu      ] GC(19) User=0.01s Sys=0.00s Real=0.01s
[2022-09-08T05:16:51.931+0000][7][safepoint   ] Safepoint "G1Concurrent", Time since last: 105757647 ns, Reaching safepoint: 333715 ns, At safepoint: 8034812 ns, Total: 8368527 ns
[2022-09-08T05:16:51.935+0000][7][gc,marking  ] GC(19) Concurrent Rebuild Remembered Sets
[2022-09-08T05:16:51.974+0000][7][gc,marking  ] GC(19) Concurrent Rebuild Remembered Sets 39.022ms
[2022-09-08T05:16:51.974+0000][7][gc,start    ] GC(19) Pause Cleanup
[2022-09-08T05:16:51.975+0000][7][gc          ] GC(19) Pause Cleanup 67M->67M(256M) 0.384ms
[2022-09-08T05:16:51.975+0000][7][gc,cpu      ] GC(19) User=0.00s Sys=0.00s Real=0.01s
[2022-09-08T05:16:51.975+0000][7][safepoint   ] Safepoint "G1Concurrent", Time since last: 42575457 ns, Reaching safepoint: 504705 ns, At safepoint: 917769 ns, Total: 1422474 ns
[2022-09-08T05:16:51.976+0000][7][gc,marking  ] GC(19) Concurrent Cleanup for Next Mark
[2022-09-08T05:16:51.977+0000][7][gc,marking  ] GC(19) Concurrent Cleanup for Next Mark 0.928ms
[2022-09-08T05:16:51.977+0000][7][gc          ] GC(19) Concurrent Cycle 159.750ms
[2022-09-08T05:16:53.746+0000][7][safepoint   ] Safepoint "Cleanup", Time since last: 1770469976 ns, Reaching safepoint: 262923 ns, At safepoint: 22161 ns, Total: 285084 ns
[2022-09-08T05:16:54.062+0000][7][gc,start    ] GC(20) Pause Young (Normal) (G1 Evacuation Pause)
[2022-09-08T05:16:54.062+0000][7][gc,task     ] GC(20) Using 6 workers of 6 for evacuation
[2022-09-08T05:16:54.062+0000][7][gc,age      ] GC(20) Desired survivor size 8388608 bytes, new threshold 15 (max threshold 15)
[2022-09-08T05:16:54.073+0000][7][gc,age      ] GC(20) Age table with threshold 15 (max threshold 15)
[2022-09-08T05:16:54.076+0000][7][gc,age      ] GC(20) - age   1:    5219960 bytes,    5219960 total
[2022-09-08T05:16:54.077+0000][7][gc,age      ] GC(20) - age   2:    1342840 bytes,    6562800 total
[2022-09-08T05:16:54.077+0000][7][gc,phases   ] GC(20)   Pre Evacuate Collection Set: 0.1ms
[2022-09-08T05:16:54.077+0000][7][gc,phases   ] GC(20)   Merge Heap Roots: 0.1ms
[2022-09-08T05:16:54.077+0000][7][gc,phases   ] GC(20)   Evacuate Collection Set: 8.9ms
[2022-09-08T05:16:54.077+0000][7][gc,phases   ] GC(20)   Post Evacuate Collection Set: 1.4ms
[2022-09-08T05:16:54.078+0000][7][gc,phases   ] GC(20)   Other: 4.8ms
[2022-09-08T05:16:54.078+0000][7][gc,heap     ] GC(20) Eden regions: 31->0(30)
[2022-09-08T05:16:54.080+0000][7][gc,heap     ] GC(20) Survivor regions: 1->2(4)
[2022-09-08T05:16:54.080+0000][7][gc,heap     ] GC(20) Old regions: 14->14
[2022-09-08T05:16:54.080+0000][7][gc,heap     ] GC(20) Archive regions: 2->2
[2022-09-08T05:16:54.080+0000][7][gc,heap     ] GC(20) Humongous regions: 0->0
[2022-09-08T05:16:54.080+0000][7][gc,metaspace] GC(20) Metaspace: 51803K(55168K)->51803K(55168K) NonClass: 44866K(47360K)->44866K(47360K) Class: 6937K(7808K)->6937K(7808K)
[2022-09-08T05:16:54.081+0000][7][gc          ] GC(20) Pause Young (Normal) (G1 Evacuation Pause) 185M->65M(256M) 18.978ms
[2022-09-08T05:16:54.081+0000][7][gc,cpu      ] GC(20) User=0.04s Sys=0.00s Real=0.02s
[2022-09-08T05:16:54.081+0000][7][safepoint   ] Safepoint "G1CollectForAllocation", Time since last: 315348995 ns, Reaching safepoint: 160010 ns, At safepoint: 19527782 ns, Total: 19687792 ns
[2022-09-08T05:16:55.342+0000][7][safepoint   ] Safepoint "Cleanup", Time since last: 1260242772 ns, Reaching safepoint: 766807 ns, At safepoint: 3636 ns, Total: 770443 ns
[2022-09-08T05:16:56.397+0000][7][safepoint   ] Safepoint "Cleanup", Time since last: 1042698716 ns, Reaching safepoint: 11676294 ns, At safepoint: 14387 ns, Total: 11690681 ns
[2022-09-08T05:16:56.861+0000][7][gc,start    ] GC(21) Pause Young (Concurrent Start) (Metadata GC Threshold)
[2022-09-08T05:16:56.861+0000][7][gc,task     ] GC(21) Using 6 workers of 6 for evacuation
[2022-09-08T05:16:56.861+0000][7][gc,age      ] GC(21) Desired survivor size 8388608 bytes, new threshold 15 (max threshold 15)
[2022-09-08T05:16:56.901+0000][7][gc,age      ] GC(21) Age table with threshold 15 (max threshold 15)
[2022-09-08T05:16:56.901+0000][7][gc,age      ] GC(21) - age   1:    4321720 bytes,    4321720 total
[2022-09-08T05:16:56.902+0000][7][gc,age      ] GC(21) - age   2:    5041864 bytes,    9363584 total
[2022-09-08T05:16:56.902+0000][7][gc,age      ] GC(21) - age   3:    1341184 bytes,   10704768 total
[2022-09-08T05:16:56.902+0000][7][gc,phases   ] GC(21)   Pre Evacuate Collection Set: 0.2ms
[2022-09-08T05:16:56.902+0000][7][gc,phases   ] GC(21)   Merge Heap Roots: 0.0ms
[2022-09-08T05:16:56.902+0000][7][gc,phases   ] GC(21)   Evacuate Collection Set: 33.1ms
[2022-09-08T05:16:56.903+0000][7][gc,phases   ] GC(21)   Post Evacuate Collection Set: 6.3ms
[2022-09-08T05:16:56.903+0000][7][gc,phases   ] GC(21)   Other: 1.8ms
[2022-09-08T05:16:56.903+0000][7][gc,heap     ] GC(21) Eden regions: 27->0(30)
[2022-09-08T05:16:56.903+0000][7][gc,heap     ] GC(21) Survivor regions: 2->3(4)
[2022-09-08T05:16:56.903+0000][7][gc,heap     ] GC(21) Old regions: 14->14
[2022-09-08T05:16:56.904+0000][7][gc,heap     ] GC(21) Archive regions: 2->2
[2022-09-08T05:16:56.904+0000][7][gc,heap     ] GC(21) Humongous regions: 0->0
[2022-09-08T05:16:56.904+0000][7][gc,metaspace] GC(21) Metaspace: 61221K(64856K)->61221K(64856K) NonClass: 52993K(55768K)->52993K(55768K) Class: 8228K(9088K)->8228K(9088K)
[2022-09-08T05:16:56.904+0000][7][gc          ] GC(21) Pause Young (Concurrent Start) (Metadata GC Threshold) 173M->69M(256M) 43.528ms
[2022-09-08T05:16:56.904+0000][7][gc,cpu      ] GC(21) User=0.03s Sys=0.00s Real=0.04s
[2022-09-08T05:16:56.905+0000][7][gc          ] GC(22) Concurrent Cycle
[2022-09-08T05:16:56.905+0000][7][gc,marking  ] GC(22) Concurrent Clear Claimed Marks
[2022-09-08T05:16:56.906+0000][7][gc,marking  ] GC(22) Concurrent Clear Claimed Marks 0.237ms
[2022-09-08T05:16:56.906+0000][7][gc,marking  ] GC(22) Concurrent Scan Root Regions
[2022-09-08T05:16:56.909+0000][7][safepoint   ] Safepoint "CollectForMetadataAllocation", Time since last: 463604764 ns, Reaching safepoint: 481812 ns, At safepoint: 48536755 ns, Total: 49018567 ns
[2022-09-08T05:16:56.916+0000][7][gc,marking  ] GC(22) Concurrent Scan Root Regions 9.702ms
[2022-09-08T05:16:56.916+0000][7][gc,marking  ] GC(22) Concurrent Mark (19.428s)
[2022-09-08T05:16:56.916+0000][7][gc,marking  ] GC(22) Concurrent Mark From Roots
[2022-09-08T05:16:56.916+0000][7][gc,task     ] GC(22) Using 2 workers of 2 for marking
[2022-09-08T05:16:56.964+0000][7][safepoint   ] Safepoint "CollectForMetadataAllocation", Time since last: 51370743 ns, Reaching safepoint: 186610 ns, At safepoint: 2906985 ns, Total: 3093595 ns
[2022-09-08T05:16:57.007+0000][7][gc,marking  ] GC(22) Concurrent Mark From Roots 91.163ms
[2022-09-08T05:16:57.008+0000][7][gc,marking  ] GC(22) Concurrent Preclean
[2022-09-08T05:16:57.008+0000][7][gc,marking  ] GC(22) Concurrent Preclean 0.369ms
[2022-09-08T05:16:57.008+0000][7][gc,marking  ] GC(22) Concurrent Mark (19.428s, 19.521s) 92.197ms
[2022-09-08T05:16:57.009+0000][7][gc,start    ] GC(22) Pause Remark
[2022-09-08T05:16:57.013+0000][7][gc          ] GC(22) Pause Remark 77M->77M(256M) 4.325ms
[2022-09-08T05:16:57.013+0000][7][gc,cpu      ] GC(22) User=0.01s Sys=0.00s Real=0.00s
[2022-09-08T05:16:57.013+0000][7][safepoint   ] Safepoint "G1Concurrent", Time since last: 44649473 ns, Reaching safepoint: 256831 ns, At safepoint: 4889499 ns, Total: 5146330 ns
[2022-09-08T05:16:57.014+0000][7][gc,marking  ] GC(22) Concurrent Rebuild Remembered Sets
[2022-09-08T05:16:57.061+0000][7][gc,marking  ] GC(22) Concurrent Rebuild Remembered Sets 46.985ms
[2022-09-08T05:16:57.071+0000][7][gc,start    ] GC(22) Pause Cleanup
[2022-09-08T05:16:57.072+0000][7][gc          ] GC(22) Pause Cleanup 79M->79M(256M) 0.401ms
[2022-09-08T05:16:57.072+0000][7][gc,cpu      ] GC(22) User=0.00s Sys=0.00s Real=0.00s
[2022-09-08T05:16:57.072+0000][7][safepoint   ] Safepoint "G1Concurrent", Time since last: 47468443 ns, Reaching safepoint: 10378131 ns, At safepoint: 754223 ns, Total: 11132354 ns
[2022-09-08T05:16:57.072+0000][7][gc,marking  ] GC(22) Concurrent Cleanup for Next Mark
[2022-09-08T05:16:57.073+0000][7][gc,marking  ] GC(22) Concurrent Cleanup for Next Mark 0.778ms
[2022-09-08T05:16:57.073+0000][7][gc          ] GC(22) Concurrent Cycle 168.390ms
[2022-09-08T05:16:58.565+0000][7][safepoint   ] Safepoint "Cleanup", Time since last: 1482805842 ns, Reaching safepoint: 10197603 ns, At safepoint: 34074 ns, Total: 10231677 ns
[2022-09-08T05:17:00.369+0000][7][safepoint   ] Safepoint "Cleanup", Time since last: 1803880002 ns, Reaching safepoint: 298980 ns, At safepoint: 2154 ns, Total: 301134 ns
[2022-09-08T05:17:01.390+0000][7][safepoint   ] Safepoint "Cleanup", Time since last: 1018195384 ns, Reaching safepoint: 2571026 ns, At safepoint: 16020 ns, Total: 2587046 ns
[2022-09-08T05:17:02.395+0000][7][safepoint   ] Safepoint "Cleanup", Time since last: 1000340876 ns, Reaching safepoint: 4463762 ns, At safepoint: 29425 ns, Total: 4493187 ns
[2022-09-08T05:17:02.885+0000][7][gc,start    ] GC(23) Pause Young (Concurrent Start) (G1 Evacuation Pause)
[2022-09-08T05:17:02.885+0000][7][gc,task     ] GC(23) Using 6 workers of 6 for evacuation
[2022-09-08T05:17:02.887+0000][7][gc,age      ] GC(23) Desired survivor size 10485760 bytes, new threshold 3 (max threshold 15)
[2022-09-08T05:17:02.956+0000][7][gc,age      ] GC(23) Age table with threshold 3 (max threshold 15)
[2022-09-08T05:17:02.957+0000][7][gc,age      ] GC(23) - age   1:    6606280 bytes,    6606280 total
[2022-09-08T05:17:02.959+0000][7][gc,age      ] GC(23) - age   2:    4217944 bytes,   10824224 total
[2022-09-08T05:17:02.962+0000][7][gc,age      ] GC(23) - age   3:    5000168 bytes,   15824392 total
[2022-09-08T05:17:02.964+0000][7][gc,phases   ] GC(23)   Pre Evacuate Collection Set: 1.2ms
[2022-09-08T05:17:02.964+0000][7][gc,phases   ] GC(23)   Merge Heap Roots: 0.1ms
[2022-09-08T05:17:02.964+0000][7][gc,phases   ] GC(23)   Evacuate Collection Set: 56.1ms
[2022-09-08T05:17:02.965+0000][7][gc,phases   ] GC(23)   Post Evacuate Collection Set: 12.2ms
[2022-09-08T05:17:02.965+0000][7][gc,phases   ] GC(23)   Other: 9.4ms
[2022-09-08T05:17:02.965+0000][7][gc,heap     ] GC(23) Eden regions: 30->0(28)
[2022-09-08T05:17:02.966+0000][7][gc,heap     ] GC(23) Survivor regions: 3->4(5)
[2022-09-08T05:17:02.966+0000][7][gc,heap     ] GC(23) Old regions: 14->15
[2022-09-08T05:17:02.967+0000][7][gc,heap     ] GC(23) Archive regions: 2->2
[2022-09-08T05:17:02.968+0000][7][gc,heap     ] GC(23) Humongous regions: 0->0
[2022-09-08T05:17:02.969+0000][7][gc,metaspace] GC(23) Metaspace: 80583K(84864K)->80583K(84864K) NonClass: 69767K(72960K)->69767K(72960K) Class: 10815K(11904K)->10815K(11904K)
[2022-09-08T05:17:02.970+0000][7][gc          ] GC(23) Pause Young (Concurrent Start) (G1 Evacuation Pause) 189M->76M(256M) 84.842ms
[2022-09-08T05:17:02.970+0000][7][gc,cpu      ] GC(23) User=0.08s Sys=0.00s Real=0.09s
[2022-09-08T05:17:02.970+0000][7][safepoint   ] Safepoint "G1CollectForAllocation", Time since last: 488951968 ns, Reaching safepoint: 792584 ns, At safepoint: 85535555 ns, Total: 86328139 ns
[2022-09-08T05:17:02.970+0000][7][gc          ] GC(24) Concurrent Cycle
[2022-09-08T05:17:02.973+0000][7][gc,marking  ] GC(24) Concurrent Clear Claimed Marks
[2022-09-08T05:17:02.974+0000][7][gc,marking  ] GC(24) Concurrent Clear Claimed Marks 0.357ms
[2022-09-08T05:17:02.974+0000][7][gc,marking  ] GC(24) Concurrent Scan Root Regions
[2022-09-08T05:17:02.997+0000][7][gc,marking  ] GC(24) Concurrent Scan Root Regions 22.165ms
[2022-09-08T05:17:02.997+0000][7][gc,marking  ] GC(24) Concurrent Mark (25.509s)
[2022-09-08T05:17:02.997+0000][7][gc,marking  ] GC(24) Concurrent Mark From Roots
[2022-09-08T05:17:02.997+0000][7][gc,task     ] GC(24) Using 2 workers of 2 for marking
[2022-09-08T05:17:03.084+0000][7][gc,marking  ] GC(24) Concurrent Mark From Roots 87.208ms
[2022-09-08T05:17:03.085+0000][7][gc,marking  ] GC(24) Concurrent Preclean
[2022-09-08T05:17:03.085+0000][7][gc,marking  ] GC(24) Concurrent Preclean 0.412ms
[2022-09-08T05:17:03.085+0000][7][gc,marking  ] GC(24) Concurrent Mark (25.509s, 25.598s) 88.425ms
[2022-09-08T05:17:03.086+0000][7][gc,start    ] GC(24) Pause Remark
[2022-09-08T05:17:03.094+0000][7][gc          ] GC(24) Pause Remark 80M->80M(256M) 8.597ms
[2022-09-08T05:17:03.094+0000][7][gc,cpu      ] GC(24) User=0.00s Sys=0.01s Real=0.00s
[2022-09-08T05:17:03.095+0000][7][safepoint   ] Safepoint "G1Concurrent", Time since last: 115254688 ns, Reaching safepoint: 128611 ns, At safepoint: 9208229 ns, Total: 9336840 ns
[2022-09-08T05:17:03.105+0000][7][gc,marking  ] GC(24) Concurrent Rebuild Remembered Sets
[2022-09-08T05:17:03.186+0000][7][gc,marking  ] GC(24) Concurrent Rebuild Remembered Sets 80.634ms
[2022-09-08T05:17:03.186+0000][7][gc,start    ] GC(24) Pause Cleanup
[2022-09-08T05:17:03.195+0000][7][gc          ] GC(24) Pause Cleanup 80M->80M(256M) 8.733ms
[2022-09-08T05:17:03.195+0000][7][gc,cpu      ] GC(24) User=0.00s Sys=0.00s Real=0.01s
[2022-09-08T05:17:03.195+0000][7][safepoint   ] Safepoint "G1Concurrent", Time since last: 91048272 ns, Reaching safepoint: 391093 ns, At safepoint: 9306433 ns, Total: 9697526 ns
[2022-09-08T05:17:03.205+0000][7][gc,marking  ] GC(24) Concurrent Cleanup for Next Mark
[2022-09-08T05:17:03.212+0000][7][gc,marking  ] GC(24) Concurrent Cleanup for Next Mark 6.648ms
[2022-09-08T05:17:03.212+0000][7][gc          ] GC(24) Concurrent Cycle 241.783ms
[2022-09-08T05:17:04.205+0000][7][safepoint   ] Safepoint "Cleanup", Time since last: 1009446685 ns, Reaching safepoint: 284032 ns, At safepoint: 5740 ns, Total: 289772 ns
[2022-09-08T05:17:05.822+0000][7][safepoint   ] Safepoint "ICBufferFull", Time since last: 1616635136 ns, Reaching safepoint: 339947 ns, At safepoint: 5500 ns, Total: 345447 ns
[2022-09-08T05:17:06.825+0000][7][safepoint   ] Safepoint "Cleanup", Time since last: 1002965473 ns, Reaching safepoint: 201678 ns, At safepoint: 2434 ns, Total: 204112 ns
[2022-09-08T05:17:07.895+0000][7][safepoint   ] Safepoint "Cleanup", Time since last: 1069492399 ns, Reaching safepoint: 223147 ns, At safepoint: 52529 ns, Total: 275676 ns
[2022-09-08T05:17:08.917+0000][7][safepoint   ] Safepoint "Cleanup", Time since last: 1001029595 ns, Reaching safepoint: 193473 ns, At safepoint: 7624 ns, Total: 201097 ns
[2022-09-08T05:17:09.928+0000][7][safepoint   ] Safepoint "Cleanup", Time since last: 1000276055 ns, Reaching safepoint: 10876264 ns, At safepoint: 27372 ns, Total: 10903636 ns
[2022-09-08T05:17:10.946+0000][7][safepoint   ] Safepoint "Cleanup", Time since last: 1017501704 ns, Reaching safepoint: 241883 ns, At safepoint: 2234 ns, Total: 244117 ns
[2022-09-08T05:17:11.946+0000][7][safepoint   ] Safepoint "Cleanup", Time since last: 1000608327 ns, Reaching safepoint: 151514 ns, At safepoint: 4459 ns, Total: 155973 ns
[2022-09-08T05:17:12.947+0000][7][safepoint   ] Safepoint "Cleanup", Time since last: 1000577449 ns, Reaching safepoint: 158737 ns, At safepoint: 2956 ns, Total: 161693 ns
[2022-09-08T05:17:14.967+0000][7][safepoint   ] Safepoint "Cleanup", Time since last: 2019052126 ns, Reaching safepoint: 699410 ns, At safepoint: 20458 ns, Total: 719868 ns
[2022-09-08T05:17:16.968+0000][7][safepoint   ] Safepoint "Cleanup", Time since last: 2000966176 ns, Reaching safepoint: 191739 ns, At safepoint: 2174 ns, Total: 193913 ns
[2022-09-08T05:17:20.810+0000][7][gc,start    ] GC(25) Pause Young (Normal) (G1 Evacuation Pause)
[2022-09-08T05:17:20.811+0000][7][gc,task     ] GC(25) Using 6 workers of 6 for evacuation
[2022-09-08T05:17:20.811+0000][7][gc,age      ] GC(25) Desired survivor size 8388608 bytes, new threshold 2 (max threshold 15)
[2022-09-08T05:17:20.899+0000][7][gc,age      ] GC(25) Age table with threshold 2 (max threshold 15)
[2022-09-08T05:17:20.900+0000][7][gc,age      ] GC(25) - age   1:    5535656 bytes,    5535656 total
[2022-09-08T05:17:20.900+0000][7][gc,age      ] GC(25) - age   2:    6294224 bytes,   11829880 total
[2022-09-08T05:17:20.900+0000][7][gc,phases   ] GC(25)   Pre Evacuate Collection Set: 0.1ms
[2022-09-08T05:17:20.901+0000][7][gc,phases   ] GC(25)   Merge Heap Roots: 1.7ms
[2022-09-08T05:17:20.901+0000][7][gc,phases   ] GC(25)   Evacuate Collection Set: 82.5ms
[2022-09-08T05:17:20.901+0000][7][gc,phases   ] GC(25)   Post Evacuate Collection Set: 4.0ms
[2022-09-08T05:17:20.901+0000][7][gc,phases   ] GC(25)   Other: 2.0ms
[2022-09-08T05:17:20.902+0000][7][gc,heap     ] GC(25) Eden regions: 28->0(24)
[2022-09-08T05:17:20.902+0000][7][gc,heap     ] GC(25) Survivor regions: 4->4(4)
[2022-09-08T05:17:20.902+0000][7][gc,heap     ] GC(25) Old regions: 15->17
[2022-09-08T05:17:20.902+0000][7][gc,heap     ] GC(25) Archive regions: 2->2
[2022-09-08T05:17:20.902+0000][7][gc,heap     ] GC(25) Humongous regions: 2->2
[2022-09-08T05:17:20.902+0000][7][gc,metaspace] GC(25) Metaspace: 91661K(96256K)->91661K(96256K) NonClass: 79277K(82688K)->79277K(82688K) Class: 12384K(13568K)->12384K(13568K)
[2022-09-08T05:17:20.902+0000][7][gc          ] GC(25) Pause Young (Normal) (G1 Evacuation Pause) 196M->90M(256M) 92.140ms
[2022-09-08T05:17:20.903+0000][7][gc,cpu      ] GC(25) User=0.15s Sys=0.01s Real=0.09s
[2022-09-08T05:17:20.903+0000][7][safepoint   ] Safepoint "G1CollectForAllocation", Time since last: 3841216361 ns, Reaching safepoint: 969586 ns, At safepoint: 92555905 ns, Total: 93525491 ns
[2022-09-08T05:17:21.911+0000][7][safepoint   ] Safepoint "Cleanup", Time since last: 1008209387 ns, Reaching safepoint: 480991 ns, At safepoint: 30017 ns, Total: 511008 ns
[2022-09-08T05:17:23.912+0000][7][safepoint   ] Safepoint "Cleanup", Time since last: 2000490995 ns, Reaching safepoint: 185467 ns, At safepoint: 55544 ns, Total: 241011 ns
[2022-09-08T05:17:24.913+0000][7][safepoint   ] Safepoint "Cleanup", Time since last: 1000422840 ns, Reaching safepoint: 240059 ns, At safepoint: 21781 ns, Total: 261840 ns
[2022-09-08T05:17:26.914+0000][7][safepoint   ] Safepoint "Cleanup", Time since last: 2000640696 ns, Reaching safepoint: 214442 ns, At safepoint: 23033 ns, Total: 237475 ns
[2022-09-08T05:17:27.914+0000][7][safepoint   ] Safepoint "Cleanup", Time since last: 1000464498 ns, Reaching safepoint: 179025 ns, At safepoint: 24145 ns, Total: 203170 ns
[2022-09-08T05:17:29.915+0000][7][safepoint   ] Safepoint "Cleanup", Time since last: 2000516784 ns, Reaching safepoint: 378719 ns, At safepoint: 54853 ns, Total: 433572 ns
[2022-09-08T05:17:30.916+0000][7][safepoint   ] Safepoint "Cleanup", Time since last: 1000552473 ns, Reaching safepoint: 194855 ns, At safepoint: 27581 ns, Total: 222436 ns
[2022-09-08T05:17:31.917+0000][7][safepoint   ] Safepoint "Cleanup", Time since last: 1000379068 ns, Reaching safepoint: 206387 ns, At safepoint: 26620 ns, Total: 233007 ns
[2022-09-08T05:17:32.918+0000][7][safepoint   ] Safepoint "Cleanup", Time since last: 1000432938 ns, Reaching safepoint: 417683 ns, At safepoint: 5440 ns, Total: 423123 ns
[2022-09-08T05:17:33.919+0000][7][safepoint   ] Safepoint "Cleanup", Time since last: 1000698446 ns, Reaching safepoint: 230702 ns, At safepoint: 22913 ns, Total: 253615 ns
[2022-09-08T05:17:34.920+0000][7][safepoint   ] Safepoint "Cleanup", Time since last: 1000746306 ns, Reaching safepoint: 178104 ns, At safepoint: 20819 ns, Total: 198923 ns
[2022-09-08T05:17:35.923+0000][7][safepoint   ] Safepoint "Cleanup", Time since last: 1000185716 ns, Reaching safepoint: 3591808 ns, At safepoint: 141455 ns, Total: 3733263 ns
[2022-09-08T05:17:36.925+0000][7][safepoint   ] Safepoint "Cleanup", Time since last: 1000939818 ns, Reaching safepoint: 304691 ns, At safepoint: 48561 ns, Total: 353252 ns
[2022-09-08T05:17:39.918+0000][7][safepoint   ] Safepoint "Cleanup", Time since last: 3000909616 ns, Reaching safepoint: 212809 ns, At safepoint: 8235 ns, Total: 221044 ns
[2022-09-08T05:17:40.919+0000][7][safepoint   ] Safepoint "Cleanup", Time since last: 1000983451 ns, Reaching safepoint: 269715 ns, At safepoint: 41287 ns, Total: 311002 ns
[2022-09-08T05:17:41.920+0000][7][safepoint   ] Safepoint "Cleanup", Time since last: 1000523699 ns, Reaching safepoint: 235101 ns, At safepoint: 39173 ns, Total: 274274 ns
[2022-09-08T05:17:42.921+0000][7][safepoint   ] Safepoint "Cleanup", Time since last: 1000747678 ns, Reaching safepoint: 388739 ns, At safepoint: 66875 ns, Total: 455614 ns
[2022-09-08T05:17:44.922+0000][7][safepoint   ] Safepoint "Cleanup", Time since last: 2000612883 ns, Reaching safepoint: 268433 ns, At safepoint: 36990 ns, Total: 305423 ns
[2022-09-08T05:17:45.923+0000][7][safepoint   ] Safepoint "Cleanup", Time since last: 1000545399 ns, Reaching safepoint: 402013 ns, At safepoint: 39324 ns, Total: 441337 ns
[2022-09-08T05:17:46.924+0000][7][safepoint   ] Safepoint "Cleanup", Time since last: 1000661256 ns, Reaching safepoint: 311564 ns, At safepoint: 61966 ns, Total: 373530 ns
[2022-09-08T05:17:47.925+0000][7][safepoint   ] Safepoint "Cleanup", Time since last: 1000591015 ns, Reaching safepoint: 356678 ns, At safepoint: 73688 ns, Total: 430366 ns
[2022-09-08T05:17:48.926+0000][7][safepoint   ] Safepoint "Cleanup", Time since last: 1000709577 ns, Reaching safepoint: 259987 ns, At safepoint: 43421 ns, Total: 303408 ns
[2022-09-08T05:17:50.928+0000][7][safepoint   ] Safepoint "Cleanup", Time since last: 2000822697 ns, Reaching safepoint: 386935 ns, At safepoint: 63849 ns, Total: 450784 ns
[2022-09-08T05:17:51.928+0000][7][safepoint   ] Safepoint "Cleanup", Time since last: 1000562552 ns, Reaching safepoint: 282229 ns, At safepoint: 81993 ns, Total: 364222 ns
[2022-09-08T05:17:52.929+0000][7][safepoint   ] Safepoint "Cleanup", Time since last: 1000598079 ns, Reaching safepoint: 174667 ns, At safepoint: 4198 ns, Total: 178865 ns
[2022-09-08T05:17:53.930+0000][7][safepoint   ] Safepoint "Cleanup", Time since last: 1000491588 ns, Reaching safepoint: 417693 ns, At safepoint: 60122 ns, Total: 477815 ns
[2022-09-08T05:17:54.931+0000][7][safepoint   ] Safepoint "Cleanup", Time since last: 1000569735 ns, Reaching safepoint: 230202 ns, At safepoint: 13284 ns, Total: 243486 ns
[2022-09-08T05:17:56.932+0000][7][safepoint   ] Safepoint "Cleanup", Time since last: 2000764969 ns, Reaching safepoint: 253795 ns, At safepoint: 45466 ns, Total: 299261 ns
[2022-09-08T05:17:58.933+0000][7][safepoint   ] Safepoint "Cleanup", Time since last: 2000809652 ns, Reaching safepoint: 371455 ns, At safepoint: 40567 ns, Total: 412022 ns
[2022-09-08T05:17:59.934+0000][7][safepoint   ] Safepoint "Cleanup", Time since last: 1000581517 ns, Reaching safepoint: 294972 ns, At safepoint: 64161 ns, Total: 359133 ns
[2022-09-08T05:18:00.935+0000][7][safepoint   ] Safepoint "Cleanup", Time since last: 1000644334 ns, Reaching safepoint: 289993 ns, At safepoint: 39164 ns, Total: 329157 ns
[2022-09-08T05:18:01.936+0000][7][safepoint   ] Safepoint "Cleanup", Time since last: 1000693386 ns, Reaching safepoint: 303519 ns, At safepoint: 13686 ns, Total: 317205 ns
[2022-09-08T05:18:02.937+0000][7][safepoint   ] Safepoint "Cleanup", Time since last: 1000640057 ns, Reaching safepoint: 229840 ns, At safepoint: 8797 ns, Total: 238637 ns
[2022-09-08T05:18:03.938+0000][7][safepoint   ] Safepoint "Cleanup", Time since last: 1000552823 ns, Reaching safepoint: 303258 ns, At safepoint: 44734 ns, Total: 347992 ns
[2022-09-08T05:18:04.939+0000][7][safepoint   ] Safepoint "Cleanup", Time since last: 1000559335 ns, Reaching safepoint: 249027 ns, At safepoint: 38872 ns, Total: 287899 ns
[2022-09-08T05:18:05.940+0000][7][safepoint   ] Safepoint "Cleanup", Time since last: 1000582860 ns, Reaching safepoint: 204393 ns, At safepoint: 36338 ns, Total: 240731 ns
[2022-09-08T05:18:06.941+0000][7][safepoint   ] Safepoint "Cleanup", Time since last: 1000767716 ns, Reaching safepoint: 206096 ns, At safepoint: 7485 ns, Total: 213581 ns
[2022-09-08T05:18:07.942+0000][7][safepoint   ] Safepoint "Cleanup", Time since last: 1001045456 ns, Reaching safepoint: 285895 ns, At safepoint: 61636 ns, Total: 347531 ns
[2022-09-08T05:18:09.942+0000][7][safepoint   ] Safepoint "Cleanup", Time since last: 2000404342 ns, Reaching safepoint: 242414 ns, At safepoint: 15088 ns, Total: 257502 ns
[2022-09-08T05:18:10.943+0000][7][safepoint   ] Safepoint "Cleanup", Time since last: 1000755844 ns, Reaching safepoint: 310852 ns, At safepoint: 89087 ns, Total: 399939 ns
[2022-09-08T05:18:11.944+0000][7][safepoint   ] Safepoint "Cleanup", Time since last: 1000565076 ns, Reaching safepoint: 355386 ns, At safepoint: 38943 ns, Total: 394329 ns
[2022-09-08T05:18:12.945+0000][7][safepoint   ] Safepoint "Cleanup", Time since last: 1000566609 ns, Reaching safepoint: 239259 ns, At safepoint: 57227 ns, Total: 296486 ns
[2022-09-08T05:18:13.946+0000][7][safepoint   ] Safepoint "Cleanup", Time since last: 1000584382 ns, Reaching safepoint: 211236 ns, At safepoint: 38762 ns, Total: 249998 ns
[2022-09-08T05:18:16.947+0000][7][safepoint   ] Safepoint "Cleanup", Time since last: 3000882897 ns, Reaching safepoint: 192691 ns, At safepoint: 31660 ns, Total: 224351 ns
[2022-09-08T05:18:17.948+0000][7][safepoint   ] Safepoint "Cleanup", Time since last: 1000697844 ns, Reaching safepoint: 293501 ns, At safepoint: 67616 ns, Total: 361117 ns
[2022-09-08T05:18:19.949+0000][7][safepoint   ] Safepoint "Cleanup", Time since last: 2000692613 ns, Reaching safepoint: 203652 ns, At safepoint: 7855 ns, Total: 211507 ns
[2022-09-08T05:18:20.950+0000][7][safepoint   ] Safepoint "Cleanup", Time since last: 1000283909 ns, Reaching safepoint: 359944 ns, At safepoint: 13826 ns, Total: 373770 ns
[2022-09-08T05:18:21.951+0000][7][safepoint   ] Safepoint "Cleanup", Time since last: 1000878223 ns, Reaching safepoint: 257783 ns, At safepoint: 44283 ns, Total: 302066 ns
[2022-09-08T05:18:22.952+0000][7][safepoint   ] Safepoint "Cleanup", Time since last: 1000620680 ns, Reaching safepoint: 199234 ns, At safepoint: 7574 ns, Total: 206808 ns
[2022-09-08T05:18:23.952+0000][7][safepoint   ] Safepoint "Cleanup", Time since last: 1000589192 ns, Reaching safepoint: 303478 ns, At safepoint: 59822 ns, Total: 363300 ns
[2022-09-08T05:18:26.953+0000][7][safepoint   ] Safepoint "Cleanup", Time since last: 3000815270 ns, Reaching safepoint: 183945 ns, At safepoint: 8706 ns, Total: 192651 ns
[2022-09-08T05:18:29.955+0000][7][safepoint   ] Safepoint "Cleanup", Time since last: 3000783701 ns, Reaching safepoint: 367459 ns, At safepoint: 62697 ns, Total: 430156 ns
[2022-09-08T05:18:30.956+0000][7][safepoint   ] Safepoint "Cleanup", Time since last: 1000609209 ns, Reaching safepoint: 455023 ns, At safepoint: 64030 ns, Total: 519053 ns
[2022-09-08T05:18:34.957+0000][7][safepoint   ] Safepoint "Cleanup", Time since last: 4001170563 ns, Reaching safepoint: 200025 ns, At safepoint: 7344 ns, Total: 207369 ns
[2022-09-08T05:18:35.958+0000][7][safepoint   ] Safepoint "Cleanup", Time since last: 1000615461 ns, Reaching safepoint: 268493 ns, At safepoint: 41036 ns, Total: 309529 ns
[2022-09-08T05:18:36.959+0000][7][safepoint   ] Safepoint "Cleanup", Time since last: 1000534129 ns, Reaching safepoint: 271598 ns, At safepoint: 38803 ns, Total: 310401 ns
[2022-09-08T05:18:39.959+0000][7][safepoint   ] Safepoint "Cleanup", Time since last: 3000561595 ns, Reaching safepoint: 267281 ns, At safepoint: 8716 ns, Total: 275997 ns
[2022-09-08T05:18:40.961+0000][7][safepoint   ] Safepoint "Cleanup", Time since last: 1000852795 ns, Reaching safepoint: 350347 ns, At safepoint: 61956 ns, Total: 412303 ns
[2022-09-08T05:18:41.961+0000][7][safepoint   ] Safepoint "Cleanup", Time since last: 1000484846 ns, Reaching safepoint: 274895 ns, At safepoint: 47318 ns, Total: 322213 ns
[2022-09-08T05:18:43.962+0000][7][safepoint   ] Safepoint "Cleanup", Time since last: 2000591244 ns, Reaching safepoint: 266970 ns, At safepoint: 47739 ns, Total: 314709 ns
[2022-09-08T05:18:44.963+0000][7][safepoint   ] Safepoint "Cleanup", Time since last: 1000538446 ns, Reaching safepoint: 272892 ns, At safepoint: 41297 ns, Total: 314189 ns
[2022-09-08T05:18:45.964+0000][7][safepoint   ] Safepoint "Cleanup", Time since last: 1000500826 ns, Reaching safepoint: 194544 ns, At safepoint: 8666 ns, Total: 203210 ns
[2022-09-08T05:18:46.965+0000][7][safepoint   ] Safepoint "Cleanup", Time since last: 1000523509 ns, Reaching safepoint: 338093 ns, At safepoint: 3567 ns, Total: 341660 ns
[2022-09-08T05:18:47.966+0000][7][safepoint   ] Safepoint "Cleanup", Time since last: 1000832397 ns, Reaching safepoint: 335439 ns, At safepoint: 90338 ns, Total: 425777 ns
[2022-09-08T05:18:50.854+0000][7][safepoint   ] Safepoint "Cleanup", Time since last: 2887701043 ns, Reaching safepoint: 304291 ns, At safepoint: 139140 ns, Total: 443431 ns
[2022-09-08T05:18:51.855+0000][7][safepoint   ] Safepoint "Cleanup", Time since last: 1000704528 ns, Reaching safepoint: 430166 ns, At safepoint: 36257 ns, Total: 466423 ns
[2022-09-08T05:18:53.856+0000][7][safepoint   ] Safepoint "Cleanup", Time since last: 2000636017 ns, Reaching safepoint: 242334 ns, At safepoint: 35747 ns, Total: 278081 ns
[2022-09-08T05:18:55.857+0000][7][safepoint   ] Safepoint "Cleanup", Time since last: 2000660463 ns, Reaching safepoint: 263223 ns, At safepoint: 44123 ns, Total: 307346 ns
[2022-09-08T05:18:56.858+0000][7][safepoint   ] Safepoint "Cleanup", Time since last: 1000647571 ns, Reaching safepoint: 209372 ns, At safepoint: 34735 ns, Total: 244107 ns
[2022-09-08T05:19:00.859+0000][7][safepoint   ] Safepoint "Cleanup", Time since last: 4000765565 ns, Reaching safepoint: 263073 ns, At safepoint: 46547 ns, Total: 309620 ns
[2022-09-08T05:19:01.860+0000][7][safepoint   ] Safepoint "Cleanup", Time since last: 1000648893 ns, Reaching safepoint: 428763 ns, At safepoint: 63940 ns, Total: 492703 ns
[2022-09-08T05:19:04.862+0000][7][safepoint   ] Safepoint "Cleanup", Time since last: 3001084225 ns, Reaching safepoint: 208380 ns, At safepoint: 3737 ns, Total: 212117 ns
[2022-09-08T05:19:06.862+0000][7][safepoint   ] Safepoint "Cleanup", Time since last: 2000646276 ns, Reaching safepoint: 213500 ns, At safepoint: 10960 ns, Total: 224460 ns
[2022-09-08T05:19:10.865+0000][7][safepoint   ] Safepoint "Cleanup", Time since last: 4002080388 ns, Reaching safepoint: 155852 ns, At safepoint: 7605 ns, Total: 163457 ns
[2022-09-08T05:19:11.866+0000][7][safepoint   ] Safepoint "Cleanup", Time since last: 1000501407 ns, Reaching safepoint: 328996 ns, At safepoint: 41578 ns, Total: 370574 ns
[2022-09-08T05:19:12.867+0000][7][safepoint   ] Safepoint "Cleanup", Time since last: 1000638654 ns, Reaching safepoint: 259516 ns, At safepoint: 44012 ns, Total: 303528 ns
[2022-09-08T05:19:20.869+0000][7][safepoint   ] Safepoint "Cleanup", Time since last: 8001416586 ns, Reaching safepoint: 303929 ns, At safepoint: 37370 ns, Total: 341299 ns
[2022-09-08T05:19:23.870+0000][7][safepoint   ] Safepoint "Cleanup", Time since last: 3000933803 ns, Reaching safepoint: 214471 ns, At safepoint: 7605 ns, Total: 222076 ns
[2022-09-08T05:19:25.871+0000][7][safepoint   ] Safepoint "Cleanup", Time since last: 2000690459 ns, Reaching safepoint: 361307 ns, At safepoint: 39253 ns, Total: 400560 ns
[2022-09-08T05:19:26.872+0000][7][safepoint   ] Safepoint "Cleanup", Time since last: 1000590374 ns, Reaching safepoint: 190036 ns, At safepoint: 33322 ns, Total: 223358 ns
[2022-09-08T05:19:30.873+0000][7][safepoint   ] Safepoint "Cleanup", Time since last: 4000913643 ns, Reaching safepoint: 183413 ns, At safepoint: 9047 ns, Total: 192460 ns
[2022-09-08T05:19:34.874+0000][7][safepoint   ] Safepoint "Cleanup", Time since last: 4001056350 ns, Reaching safepoint: 345727 ns, At safepoint: 63430 ns, Total: 409157 ns
[2022-09-08T05:19:35.875+0000][7][safepoint   ] Safepoint "Cleanup", Time since last: 1000694659 ns, Reaching safepoint: 214341 ns, At safepoint: 8255 ns, Total: 222596 ns
[2022-09-08T05:19:40.878+0000][7][safepoint   ] Safepoint "Cleanup", Time since last: 5001011944 ns, Reaching safepoint: 267852 ns, At safepoint: 36668 ns, Total: 304520 ns
[2022-09-08T05:19:41.878+0000][7][safepoint   ] Safepoint "Cleanup", Time since last: 1000515865 ns, Reaching safepoint: 196668 ns, At safepoint: 33503 ns, Total: 230171 ns
[2022-09-08T05:19:46.880+0000][7][safepoint   ] Safepoint "Cleanup", Time since last: 5001112593 ns, Reaching safepoint: 181019 ns, At safepoint: 7454 ns, Total: 188473 ns
[2022-09-08T05:19:50.676+0000][7][gc,start    ] GC(26) Pause Young (Concurrent Start) (G1 Evacuation Pause)
[2022-09-08T05:19:50.676+0000][7][gc,task     ] GC(26) Using 6 workers of 6 for evacuation
[2022-09-08T05:19:50.677+0000][7][gc,age      ] GC(26) Desired survivor size 8388608 bytes, new threshold 2 (max threshold 15)
[2022-09-08T05:19:50.720+0000][7][gc,age      ] GC(26) Age table with threshold 2 (max threshold 15)
[2022-09-08T05:19:50.721+0000][7][gc,age      ] GC(26) - age   1:     695456 bytes,     695456 total
[2022-09-08T05:19:50.721+0000][7][gc,age      ] GC(26) - age   2:    5422088 bytes,    6117544 total
[2022-09-08T05:19:50.721+0000][7][gc,phases   ] GC(26)   Pre Evacuate Collection Set: 0.3ms
[2022-09-08T05:19:50.722+0000][7][gc,phases   ] GC(26)   Merge Heap Roots: 0.2ms
[2022-09-08T05:19:50.722+0000][7][gc,phases   ] GC(26)   Evacuate Collection Set: 38.8ms
[2022-09-08T05:19:50.722+0000][7][gc,phases   ] GC(26)   Post Evacuate Collection Set: 1.9ms
[2022-09-08T05:19:50.722+0000][7][gc,phases   ] GC(26)   Other: 4.0ms
[2022-09-08T05:19:50.723+0000][7][gc,heap     ] GC(26) Eden regions: 24->0(26)
[2022-09-08T05:19:50.723+0000][7][gc,heap     ] GC(26) Survivor regions: 4->2(4)
[2022-09-08T05:19:50.723+0000][7][gc,heap     ] GC(26) Old regions: 17->18
[2022-09-08T05:19:50.723+0000][7][gc,heap     ] GC(26) Archive regions: 2->2
[2022-09-08T05:19:50.724+0000][7][gc,heap     ] GC(26) Humongous regions: 2->2
[2022-09-08T05:19:50.724+0000][7][gc,metaspace] GC(26) Metaspace: 93908K(98432K)->93908K(98432K) NonClass: 81372K(84736K)->81372K(84736K) Class: 12536K(13696K)->12536K(13696K)
[2022-09-08T05:19:50.724+0000][7][gc          ] GC(26) Pause Young (Concurrent Start) (G1 Evacuation Pause) 186M->90M(256M) 47.892ms
[2022-09-08T05:19:50.724+0000][7][gc,cpu      ] GC(26) User=0.19s Sys=0.00s Real=0.05s
[2022-09-08T05:19:50.725+0000][7][safepoint   ] Safepoint "G1CollectForAllocation", Time since last: 3795547939 ns, Reaching safepoint: 693269 ns, At safepoint: 48520744 ns, Total: 49214013 ns
[2022-09-08T05:19:50.725+0000][7][gc          ] GC(27) Concurrent Cycle
[2022-09-08T05:19:50.725+0000][7][gc,marking  ] GC(27) Concurrent Clear Claimed Marks
[2022-09-08T05:19:50.726+0000][7][gc,marking  ] GC(27) Concurrent Clear Claimed Marks 1.047ms
[2022-09-08T05:19:50.733+0000][7][gc,marking  ] GC(27) Concurrent Scan Root Regions
[2022-09-08T05:19:50.752+0000][7][gc,marking  ] GC(27) Concurrent Scan Root Regions 19.027ms
[2022-09-08T05:19:50.752+0000][7][gc,marking  ] GC(27) Concurrent Mark (193.252s)
[2022-09-08T05:19:50.753+0000][7][gc,marking  ] GC(27) Concurrent Mark From Roots
[2022-09-08T05:19:50.753+0000][7][gc,task     ] GC(27) Using 2 workers of 2 for marking
[2022-09-08T05:19:50.964+0000][7][gc,marking  ] GC(27) Concurrent Mark From Roots 211.497ms
[2022-09-08T05:19:50.965+0000][7][gc,marking  ] GC(27) Concurrent Preclean
[2022-09-08T05:19:50.965+0000][7][gc,marking  ] GC(27) Concurrent Preclean 0.969ms
[2022-09-08T05:19:50.966+0000][7][gc,marking  ] GC(27) Concurrent Mark (193.252s, 193.465s) 213.400ms
[2022-09-08T05:19:50.967+0000][7][gc,start    ] GC(27) Pause Remark
[2022-09-08T05:19:51.128+0000][7][gc          ] GC(27) Pause Remark 98M->98M(256M) 160.904ms
[2022-09-08T05:19:51.128+0000][7][gc,cpu      ] GC(27) User=0.89s Sys=0.01s Real=0.17s
[2022-09-08T05:19:51.128+0000][7][safepoint   ] Safepoint "G1Concurrent", Time since last: 242103725 ns, Reaching safepoint: 237585 ns, At safepoint: 161624552 ns, Total: 161862137 ns
[2022-09-08T05:19:51.129+0000][7][gc,marking  ] GC(27) Concurrent Rebuild Remembered Sets
[2022-09-08T05:19:51.181+0000][7][gc,marking  ] GC(27) Concurrent Rebuild Remembered Sets 51.667ms
[2022-09-08T05:19:51.182+0000][7][gc,start    ] GC(27) Pause Cleanup
[2022-09-08T05:19:51.182+0000][7][gc          ] GC(27) Pause Cleanup 98M->98M(256M) 0.519ms
[2022-09-08T05:19:51.183+0000][7][gc,cpu      ] GC(27) User=0.00s Sys=0.00s Real=0.00s
[2022-09-08T05:19:51.183+0000][7][safepoint   ] Safepoint "G1Concurrent", Time since last: 52541647 ns, Reaching safepoint: 772287 ns, At safepoint: 1052641 ns, Total: 1824928 ns
[2022-09-08T05:19:51.183+0000][7][gc,marking  ] GC(27) Concurrent Cleanup for Next Mark
[2022-09-08T05:19:51.196+0000][7][gc,marking  ] GC(27) Concurrent Cleanup for Next Mark 13.031ms
[2022-09-08T05:19:51.197+0000][7][gc          ] GC(27) Concurrent Cycle 471.945ms
[2022-09-08T05:19:52.184+0000][7][safepoint   ] Safepoint "Cleanup", Time since last: 1000335748 ns, Reaching safepoint: 305852 ns, At safepoint: 40246 ns, Total: 346098 ns
[2022-09-08T05:19:54.185+0000][7][safepoint   ] Safepoint "Cleanup", Time since last: 2000796397 ns, Reaching safepoint: 331251 ns, At safepoint: 34705 ns, Total: 365956 ns
[2022-09-08T05:19:55.185+0000][7][safepoint   ] Safepoint "Cleanup", Time since last: 1000494684 ns, Reaching safepoint: 201458 ns, At safepoint: 12082 ns, Total: 213540 ns
[2022-09-08T05:19:57.187+0000][7][safepoint   ] Safepoint "Cleanup", Time since last: 2000717479 ns, Reaching safepoint: 355116 ns, At safepoint: 40957 ns, Total: 396073 ns
[2022-09-08T05:19:59.187+0000][7][safepoint   ] Safepoint "Cleanup", Time since last: 2000552490 ns, Reaching safepoint: 204674 ns, At safepoint: 34745 ns, Total: 239419 ns
[2022-09-08T05:20:00.188+0000][7][safepoint   ] Safepoint "Cleanup", Time since last: 1000591776 ns, Reaching safepoint: 239509 ns, At safepoint: 34264 ns, Total: 273773 ns
[2022-09-08T05:20:01.189+0000][7][safepoint   ] Safepoint "Cleanup", Time since last: 1000792302 ns, Reaching safepoint: 266970 ns, At safepoint: 40205 ns, Total: 307175 ns
[2022-09-08T05:20:02.190+0000][7][safepoint   ] Safepoint "Cleanup", Time since last: 1000842987 ns, Reaching safepoint: 202610 ns, At safepoint: 7494 ns, Total: 210104 ns
[2022-09-08T05:20:05.192+0000][7][safepoint   ] Safepoint "Cleanup", Time since last: 3001226491 ns, Reaching safepoint: 200876 ns, At safepoint: 32110 ns, Total: 232986 ns
[2022-09-08T05:20:06.193+0000][7][safepoint   ] Safepoint "Cleanup", Time since last: 1000572630 ns, Reaching safepoint: 310081 ns, At safepoint: 36408 ns, Total: 346489 ns
[2022-09-08T05:20:07.194+0000][7][safepoint   ] Safepoint "Cleanup", Time since last: 1000716431 ns, Reaching safepoint: 211666 ns, At safepoint: 7123 ns, Total: 218789 ns
[2022-09-08T05:20:08.195+0000][7][safepoint   ] Safepoint "Cleanup", Time since last: 1000493853 ns, Reaching safepoint: 348774 ns, At safepoint: 37099 ns, Total: 385873 ns
[2022-09-08T05:20:11.195+0000][7][safepoint   ] Safepoint "Cleanup", Time since last: 3000859513 ns, Reaching safepoint: 219521 ns, At safepoint: 29445 ns, Total: 248966 ns
[2022-09-08T05:20:21.197+0000][7][safepoint   ] Safepoint "Cleanup", Time since last: 10001940373 ns, Reaching safepoint: 443851 ns, At safepoint: 35727 ns, Total: 479578 ns
[2022-09-08T05:20:22.198+0000][7][safepoint   ] Safepoint "Cleanup", Time since last: 1000837567 ns, Reaching safepoint: 261740 ns, At safepoint: 56586 ns, Total: 318326 ns
[2022-09-08T05:20:27.200+0000][7][safepoint   ] Safepoint "Cleanup", Time since last: 5001189898 ns, Reaching safepoint: 348803 ns, At safepoint: 63800 ns, Total: 412603 ns
[2022-09-08T05:20:30.201+0000][7][safepoint   ] Safepoint "Cleanup", Time since last: 3000819698 ns, Reaching safepoint: 282239 ns, At safepoint: 38612 ns, Total: 320851 ns
[2022-09-08T05:20:31.202+0000][7][safepoint   ] Safepoint "Cleanup", Time since last: 1000513450 ns, Reaching safepoint: 235802 ns, At safepoint: 36659 ns, Total: 272461 ns
[2022-09-08T05:20:32.202+0000][7][safepoint   ] Safepoint "Cleanup", Time since last: 1000523879 ns, Reaching safepoint: 282058 ns, At safepoint: 46447 ns, Total: 328505 ns
[2022-09-08T05:20:35.204+0000][7][safepoint   ] Safepoint "Cleanup", Time since last: 3000947718 ns, Reaching safepoint: 343404 ns, At safepoint: 61124 ns, Total: 404528 ns
[2022-09-08T05:20:36.205+0000][7][safepoint   ] Safepoint "Cleanup", Time since last: 1000662459 ns, Reaching safepoint: 188473 ns, At safepoint: 30748 ns, Total: 219221 ns
[2022-09-08T05:20:37.205+0000][7][safepoint   ] Safepoint "Cleanup", Time since last: 1000355113 ns, Reaching safepoint: 277069 ns, At safepoint: 36789 ns, Total: 313858 ns
[2022-09-08T05:20:39.206+0000][7][safepoint   ] Safepoint "Cleanup", Time since last: 2000701749 ns, Reaching safepoint: 245520 ns, At safepoint: 36819 ns, Total: 282339 ns
[2022-09-08T05:20:41.207+0000][7][safepoint   ] Safepoint "Cleanup", Time since last: 2000775719 ns, Reaching safepoint: 226243 ns, At safepoint: 32972 ns, Total: 259215 ns
[2022-09-08T05:20:51.209+0000][7][safepoint   ] Safepoint "Cleanup", Time since last: 10001726321 ns, Reaching safepoint: 269015 ns, At safepoint: 55123 ns, Total: 324138 ns
[2022-09-08T05:20:53.211+0000][7][safepoint   ] Safepoint "Cleanup", Time since last: 2000786438 ns, Reaching safepoint: 199865 ns, At safepoint: 30016 ns, Total: 229881 ns
[2022-09-08T05:20:54.212+0000][7][safepoint   ] Safepoint "Cleanup", Time since last: 1000648302 ns, Reaching safepoint: 342602 ns, At safepoint: 37110 ns, Total: 379712 ns
[2022-09-08T05:20:55.213+0000][7][safepoint   ] Safepoint "Cleanup", Time since last: 1000856432 ns, Reaching safepoint: 219892 ns, At safepoint: 32170 ns, Total: 252062 ns
[2022-09-08T05:20:56.213+0000][7][safepoint   ] Safepoint "Cleanup", Time since last: 1000468235 ns, Reaching safepoint: 175859 ns, At safepoint: 37571 ns, Total: 213430 ns
[2022-09-08T05:20:57.214+0000][7][safepoint   ] Safepoint "Cleanup", Time since last: 1000521474 ns, Reaching safepoint: 178715 ns, At safepoint: 7494 ns, Total: 186209 ns
[2022-09-08T05:21:01.215+0000][7][safepoint   ] Safepoint "Cleanup", Time since last: 4000925645 ns, Reaching safepoint: 226124 ns, At safepoint: 5820 ns, Total: 231944 ns
[2022-09-08T05:21:02.216+0000][7][safepoint   ] Safepoint "Cleanup", Time since last: 1000585515 ns, Reaching safepoint: 221986 ns, At safepoint: 5540 ns, Total: 227526 ns
[2022-09-08T05:21:11.218+0000][7][safepoint   ] Safepoint "Cleanup", Time since last: 9001691287 ns, Reaching safepoint: 215013 ns, At safepoint: 40496 ns, Total: 255509 ns
[2022-09-08T05:21:21.219+0000][7][safepoint   ] Safepoint "Cleanup", Time since last: 10001483336 ns, Reaching safepoint: 185337 ns, At safepoint: 10640 ns, Total: 195977 ns
[2022-09-08T05:21:23.220+0000][7][safepoint   ] Safepoint "Cleanup", Time since last: 2000665963 ns, Reaching safepoint: 192811 ns, At safepoint: 4248 ns, Total: 197059 ns
[2022-09-08T05:21:31.222+0000][7][safepoint   ] Safepoint "Cleanup", Time since last: 8001470688 ns, Reaching safepoint: 173936 ns, At safepoint: 7293 ns, Total: 181229 ns
[2022-09-08T05:21:34.223+0000][7][safepoint   ] Safepoint "Cleanup", Time since last: 3000813217 ns, Reaching safepoint: 177792 ns, At safepoint: 10190 ns, Total: 187982 ns
[2022-09-08T05:21:35.224+0000][7][safepoint   ] Safepoint "Cleanup", Time since last: 1000957050 ns, Reaching safepoint: 348042 ns, At safepoint: 61937 ns, Total: 409979 ns
[2022-09-08T05:21:36.225+0000][7][safepoint   ] Safepoint "Cleanup", Time since last: 1000588820 ns, Reaching safepoint: 202690 ns, At safepoint: 6542 ns, Total: 209232 ns
[2022-09-08T05:21:37.226+0000][7][safepoint   ] Safepoint "Cleanup", Time since last: 1000556611 ns, Reaching safepoint: 185346 ns, At safepoint: 3687 ns, Total: 189033 ns
[2022-09-08T05:21:38.227+0000][7][safepoint   ] Safepoint "Cleanup", Time since last: 1000580496 ns, Reaching safepoint: 303488 ns, At safepoint: 15179 ns, Total: 318667 ns
[2022-09-08T05:21:41.228+0000][7][safepoint   ] Safepoint "Cleanup", Time since last: 3000794591 ns, Reaching safepoint: 229970 ns, At safepoint: 30067 ns, Total: 260037 ns
[2022-09-08T05:21:42.228+0000][7][safepoint   ] Safepoint "Cleanup", Time since last: 1000508300 ns, Reaching safepoint: 205564 ns, At safepoint: 4830 ns, Total: 210394 ns
[2022-09-08T05:21:51.230+0000][7][safepoint   ] Safepoint "Cleanup", Time since last: 9001552648 ns, Reaching safepoint: 190807 ns, At safepoint: 29155 ns, Total: 219962 ns
[2022-09-08T05:21:58.232+0000][7][safepoint   ] Safepoint "Cleanup", Time since last: 7001588370 ns, Reaching safepoint: 231043 ns, At safepoint: 3917 ns, Total: 234960 ns
[2022-09-08T05:21:59.235+0000][7][safepoint   ] Safepoint "Cleanup", Time since last: 1003039491 ns, Reaching safepoint: 242455 ns, At safepoint: 49743 ns, Total: 292198 ns
[2022-09-08T05:22:10.237+0000][7][safepoint   ] Safepoint "Cleanup", Time since last: 11001731448 ns, Reaching safepoint: 185758 ns, At safepoint: 30938 ns, Total: 216696 ns
[2022-09-08T05:22:11.238+0000][7][safepoint   ] Safepoint "Cleanup", Time since last: 1000635228 ns, Reaching safepoint: 213329 ns, At safepoint: 35226 ns, Total: 248555 ns
[2022-09-08T05:22:15.239+0000][7][safepoint   ] Safepoint "Cleanup", Time since last: 4000820338 ns, Reaching safepoint: 183002 ns, At safepoint: 31119 ns, Total: 214121 ns
[2022-09-08T05:22:17.240+0000][7][safepoint   ] Safepoint "Cleanup", Time since last: 2000606762 ns, Reaching safepoint: 203431 ns, At safepoint: 3246 ns, Total: 206677 ns
[2022-09-08T05:22:19.241+0000][7][safepoint   ] Safepoint "Cleanup", Time since last: 2000616931 ns, Reaching safepoint: 302207 ns, At safepoint: 32520 ns, Total: 334727 ns
[2022-09-08T05:22:20.242+0000][7][safepoint   ] Safepoint "Cleanup", Time since last: 1000421688 ns, Reaching safepoint: 188984 ns, At safepoint: 7414 ns, Total: 196398 ns
[2022-09-08T05:22:21.242+0000][7][safepoint   ] Safepoint "Cleanup", Time since last: 1000285372 ns, Reaching safepoint: 192350 ns, At safepoint: 8546 ns, Total: 200896 ns
[2022-09-08T05:22:25.243+0000][7][safepoint   ] Safepoint "Cleanup", Time since last: 4001053365 ns, Reaching safepoint: 309670 ns, At safepoint: 50164 ns, Total: 359834 ns
[2022-09-08T05:22:31.245+0000][7][safepoint   ] Safepoint "Cleanup", Time since last: 6001122129 ns, Reaching safepoint: 222216 ns, At safepoint: 33924 ns, Total: 256140 ns
[2022-09-08T05:22:32.246+0000][7][safepoint   ] Safepoint "Cleanup", Time since last: 1000480928 ns, Reaching safepoint: 258525 ns, At safepoint: 35726 ns, Total: 294251 ns
[2022-09-08T05:22:35.247+0000][7][safepoint   ] Safepoint "Cleanup", Time since last: 3000760969 ns, Reaching safepoint: 740347 ns, At safepoint: 40215 ns, Total: 780562 ns
[2022-09-08T05:22:37.248+0000][7][safepoint   ] Safepoint "Cleanup", Time since last: 2000597835 ns, Reaching safepoint: 209944 ns, At safepoint: 33112 ns, Total: 243056 ns
[2022-09-08T05:22:43.250+0000][7][safepoint   ] Safepoint "Cleanup", Time since last: 6001129452 ns, Reaching safepoint: 198742 ns, At safepoint: 33202 ns, Total: 231944 ns
[2022-09-08T05:22:50.251+0000][7][safepoint   ] Safepoint "Cleanup", Time since last: 7001058347 ns, Reaching safepoint: 163406 ns, At safepoint: 7484 ns, Total: 170890 ns
[2022-09-08T05:22:50.685+0000][7][gc,start    ] GC(28) Pause Young (Normal) (G1 Evacuation Pause)
[2022-09-08T05:22:50.685+0000][7][gc,task     ] GC(28) Using 6 workers of 6 for evacuation
[2022-09-08T05:22:50.686+0000][7][gc,age      ] GC(28) Desired survivor size 8388608 bytes, new threshold 15 (max threshold 15)
[2022-09-08T05:22:50.701+0000][7][gc,age      ] GC(28) Age table with threshold 15 (max threshold 15)
[2022-09-08T05:22:50.701+0000][7][gc,age      ] GC(28) - age   1:      70696 bytes,      70696 total
[2022-09-08T05:22:50.701+0000][7][gc,age      ] GC(28) - age   2:     580304 bytes,     651000 total
[2022-09-08T05:22:50.702+0000][7][gc,age      ] GC(28) - age   3:    4952872 bytes,    5603872 total
[2022-09-08T05:22:50.702+0000][7][gc,phases   ] GC(28)   Pre Evacuate Collection Set: 0.7ms
[2022-09-08T05:22:50.702+0000][7][gc,phases   ] GC(28)   Merge Heap Roots: 0.5ms
[2022-09-08T05:22:50.703+0000][7][gc,phases   ] GC(28)   Evacuate Collection Set: 11.0ms
[2022-09-08T05:22:50.703+0000][7][gc,phases   ] GC(28)   Post Evacuate Collection Set: 2.9ms
[2022-09-08T05:22:50.703+0000][7][gc,phases   ] GC(28)   Other: 2.3ms
[2022-09-08T05:22:50.703+0000][7][gc,heap     ] GC(28) Eden regions: 26->0(27)
[2022-09-08T05:22:50.704+0000][7][gc,heap     ] GC(28) Survivor regions: 2->2(4)
[2022-09-08T05:22:50.704+0000][7][gc,heap     ] GC(28) Old regions: 18->18
[2022-09-08T05:22:50.704+0000][7][gc,heap     ] GC(28) Archive regions: 2->2
[2022-09-08T05:22:50.704+0000][7][gc,heap     ] GC(28) Humongous regions: 2->2
[2022-09-08T05:22:50.705+0000][7][gc,metaspace] GC(28) Metaspace: 94180K(98944K)->94180K(98944K) NonClass: 81656K(85248K)->81656K(85248K) Class: 12524K(13696K)->12524K(13696K)
[2022-09-08T05:22:50.705+0000][7][gc          ] GC(28) Pause Young (Normal) (G1 Evacuation Pause) 194M->89M(256M) 20.485ms
[2022-09-08T05:22:50.706+0000][7][gc,cpu      ] GC(28) User=0.03s Sys=0.02s Real=0.02s
[2022-09-08T05:22:50.706+0000][7][safepoint   ] Safepoint "G1CollectForAllocation", Time since last: 433258577 ns, Reaching safepoint: 442779 ns, At safepoint: 21691655 ns, Total: 22134434 ns
[2022-09-08T05:22:51.707+0000][7][safepoint   ] Safepoint "Cleanup", Time since last: 1000880898 ns, Reaching safepoint: 184486 ns, At safepoint: 7433 ns, Total: 191919 ns
[2022-09-08T05:23:00.709+0000][7][safepoint   ] Safepoint "Cleanup", Time since last: 9001321596 ns, Reaching safepoint: 250008 ns, At safepoint: 36308 ns, Total: 286316 ns
[2022-09-08T05:23:11.711+0000][7][safepoint   ] Safepoint "Cleanup", Time since last: 11001717692 ns, Reaching safepoint: 317164 ns, At safepoint: 69921 ns, Total: 387085 ns
[2022-09-08T05:23:15.712+0000][7][safepoint   ] Safepoint "Cleanup", Time since last: 4001018399 ns, Reaching safepoint: 238246 ns, At safepoint: 42570 ns, Total: 280816 ns
[2022-09-08T05:23:19.713+0000][7][safepoint   ] Safepoint "Cleanup", Time since last: 4000848310 ns, Reaching safepoint: 252113 ns, At safepoint: 7203 ns, Total: 259316 ns
[2022-09-08T05:23:20.714+0000][7][safepoint   ] Safepoint "Cleanup", Time since last: 1000563884 ns, Reaching safepoint: 328756 ns, At safepoint: 63919 ns, Total: 392675 ns
[2022-09-08T05:23:21.715+0000][7][safepoint   ] Safepoint "Cleanup", Time since last: 1000600023 ns, Reaching safepoint: 199994 ns, At safepoint: 33183 ns, Total: 233177 ns
[2022-09-08T05:23:24.716+0000][7][safepoint   ] Safepoint "Cleanup", Time since last: 3000780795 ns, Reaching safepoint: 239549 ns, At safepoint: 67777 ns, Total: 307326 ns
[2022-09-08T05:23:36.719+0000][7][safepoint   ] Safepoint "Cleanup", Time since last: 12001972588 ns, Reaching safepoint: 283080 ns, At safepoint: 104246 ns, Total: 387326 ns
[2022-09-08T05:23:40.722+0000][7][safepoint   ] Safepoint "Cleanup", Time since last: 4003728635 ns, Reaching safepoint: 198582 ns, At safepoint: 9428 ns, Total: 208010 ns
[2022-09-08T05:23:41.723+0000][7][safepoint   ] Safepoint "Cleanup", Time since last: 1000558503 ns, Reaching safepoint: 195136 ns, At safepoint: 7564 ns, Total: 202700 ns
[2022-09-08T05:23:43.724+0000][7][safepoint   ] Safepoint "Cleanup", Time since last: 2000953302 ns, Reaching safepoint: 201016 ns, At safepoint: 56766 ns, Total: 257782 ns
[2022-09-08T05:23:44.725+0000][7][safepoint   ] Safepoint "Cleanup", Time since last: 1000484606 ns, Reaching safepoint: 227116 ns, At safepoint: 5220 ns, Total: 232336 ns
[2022-09-08T05:23:49.726+0000][7][safepoint   ] Safepoint "Cleanup", Time since last: 5001133642 ns, Reaching safepoint: 243115 ns, At safepoint: 33994 ns, Total: 277109 ns
[2022-09-08T05:23:50.727+0000][7][safepoint   ] Safepoint "Cleanup", Time since last: 1000486439 ns, Reaching safepoint: 177342 ns, At safepoint: 7925 ns, Total: 185267 ns
[2022-09-08T05:23:52.728+0000][7][safepoint   ] Safepoint "Cleanup", Time since last: 2000752916 ns, Reaching safepoint: 319098 ns, At safepoint: 70281 ns, Total: 389379 ns
[2022-09-08T05:24:09.731+0000][7][safepoint   ] Safepoint "Cleanup", Time since last: 17002883193 ns, Reaching safepoint: 206306 ns, At safepoint: 13375 ns, Total: 219681 ns
[2022-09-08T05:24:20.733+0000][7][safepoint   ] Safepoint "Cleanup", Time since last: 11001631702 ns, Reaching safepoint: 299180 ns, At safepoint: 10840 ns, Total: 310020 ns
[2022-09-08T05:24:30.736+0000][7][safepoint   ] Safepoint "Cleanup", Time since last: 10002176866 ns, Reaching safepoint: 236032 ns, At safepoint: 102542 ns, Total: 338574 ns
[2022-09-08T05:24:34.737+0000][7][safepoint   ] Safepoint "Cleanup", Time since last: 4000898715 ns, Reaching safepoint: 215664 ns, At safepoint: 94437 ns, Total: 310101 ns
[2022-09-08T05:24:35.738+0000][7][safepoint   ] Safepoint "Cleanup", Time since last: 1000477873 ns, Reaching safepoint: 306374 ns, At safepoint: 37079 ns, Total: 343453 ns
[2022-09-08T05:24:36.739+0000][7][safepoint   ] Safepoint "Cleanup", Time since last: 1000487411 ns, Reaching safepoint: 228157 ns, At safepoint: 12083 ns, Total: 240240 ns
[2022-09-08T05:24:41.739+0000][7][safepoint   ] Safepoint "Cleanup", Time since last: 5001478608 ns, Reaching safepoint: 296855 ns, At safepoint: 61175 ns, Total: 358030 ns
[2022-09-08T05:24:42.740+0000][7][safepoint   ] Safepoint "Cleanup", Time since last: 1000537144 ns, Reaching safepoint: 249317 ns, At safepoint: 36308 ns, Total: 285625 ns
[2022-09-08T05:24:43.741+0000][7][safepoint   ] Safepoint "Cleanup", Time since last: 1000422540 ns, Reaching safepoint: 196848 ns, At safepoint: 34184 ns, Total: 231032 ns
[2022-09-08T05:24:47.742+0000][7][safepoint   ] Safepoint "Cleanup", Time since last: 4000817352 ns, Reaching safepoint: 236022 ns, At safepoint: 36258 ns, Total: 272280 ns
[2022-09-08T05:24:50.743+0000][7][safepoint   ] Safepoint "Cleanup", Time since last: 3001353198 ns, Reaching safepoint: 383058 ns, At safepoint: 5982 ns, Total: 389040 ns
[2022-09-08T05:24:51.750+0000][7][safepoint   ] Safepoint "Cleanup", Time since last: 1006213887 ns, Reaching safepoint: 210535 ns, At safepoint: 13746 ns, Total: 224281 ns
[2022-09-08T05:25:00.752+0000][7][safepoint   ] Safepoint "Cleanup", Time since last: 9001457600 ns, Reaching safepoint: 221695 ns, At safepoint: 42460 ns, Total: 264155 ns
[2022-09-08T05:25:01.753+0000][7][safepoint   ] Safepoint "Cleanup", Time since last: 1000547172 ns, Reaching safepoint: 278893 ns, At safepoint: 36408 ns, Total: 315301 ns
[2022-09-08T05:25:10.756+0000][7][safepoint   ] Safepoint "Cleanup", Time since last: 9001343426 ns, Reaching safepoint: 264726 ns, At safepoint: 8697 ns, Total: 273423 ns
[2022-09-08T05:25:11.756+0000][7][safepoint   ] Safepoint "Cleanup", Time since last: 1000456712 ns, Reaching safepoint: 319870 ns, At safepoint: 33172 ns, Total: 353042 ns
[2022-09-08T05:25:12.757+0000][7][safepoint   ] Safepoint "Cleanup", Time since last: 1000528207 ns, Reaching safepoint: 185598 ns, At safepoint: 8626 ns, Total: 194224 ns
[2022-09-08T05:25:17.758+0000][7][safepoint   ] Safepoint "Cleanup", Time since last: 5001117983 ns, Reaching safepoint: 178534 ns, At safepoint: 7395 ns, Total: 185929 ns
[2022-09-08T05:25:20.759+0000][7][safepoint   ] Safepoint "Cleanup", Time since last: 3000700726 ns, Reaching safepoint: 206295 ns, At safepoint: 39444 ns, Total: 245739 ns
[2022-09-08T05:25:26.761+0000][7][safepoint   ] Safepoint "Cleanup", Time since last: 6001094758 ns, Reaching safepoint: 335088 ns, At safepoint: 37340 ns, Total: 372428 ns
[2022-09-08T05:25:27.762+0000][7][safepoint   ] Safepoint "Cleanup", Time since last: 1000544097 ns, Reaching safepoint: 192530 ns, At safepoint: 8126 ns, Total: 200656 ns
[2022-09-08T05:25:29.762+0000][7][safepoint   ] Safepoint "Cleanup", Time since last: 2000624305 ns, Reaching safepoint: 309870 ns, At safepoint: 13535 ns, Total: 323405 ns
[2022-09-08T05:25:31.764+0000][7][safepoint   ] Safepoint "Cleanup", Time since last: 2001035936 ns, Reaching safepoint: 310903 ns, At safepoint: 40245 ns, Total: 351148 ns
[2022-09-08T05:25:34.765+0000][7][safepoint   ] Safepoint "Cleanup", Time since last: 3000820630 ns, Reaching safepoint: 232386 ns, At safepoint: 35035 ns, Total: 267421 ns
[2022-09-08T05:25:36.766+0000][7][safepoint   ] Safepoint "Cleanup", Time since last: 2000603256 ns, Reaching safepoint: 249187 ns, At safepoint: 36328 ns, Total: 285515 ns
[2022-09-08T05:25:37.767+0000][7][safepoint   ] Safepoint "Cleanup", Time since last: 1000695541 ns, Reaching safepoint: 339566 ns, At safepoint: 36348 ns, Total: 375914 ns
[2022-09-08T05:25:50.772+0000][7][safepoint   ] Safepoint "Cleanup", Time since last: 13002434841 ns, Reaching safepoint: 240310 ns, At safepoint: 37290 ns, Total: 277600 ns
[2022-09-08T05:25:59.774+0000][7][safepoint   ] Safepoint "Cleanup", Time since last: 9001657424 ns, Reaching safepoint: 233197 ns, At safepoint: 12093 ns, Total: 245290 ns
[2022-09-08T05:26:00.775+0000][7][safepoint   ] Safepoint "Cleanup", Time since last: 1000587007 ns, Reaching safepoint: 361317 ns, At safepoint: 36398 ns, Total: 397715 ns
[2022-09-08T05:26:10.651+0000][7][gc,start    ] GC(29) Pause Young (Concurrent Start) (G1 Evacuation Pause)
[2022-09-08T05:26:10.651+0000][7][gc,task     ] GC(29) Using 6 workers of 6 for evacuation
[2022-09-08T05:26:10.651+0000][7][gc,age      ] GC(29) Desired survivor size 8388608 bytes, new threshold 15 (max threshold 15)
[2022-09-08T05:26:10.668+0000][7][gc,age      ] GC(29) Age table with threshold 15 (max threshold 15)
[2022-09-08T05:26:10.668+0000][7][gc,age      ] GC(29) - age   1:      56528 bytes,      56528 total
[2022-09-08T05:26:10.668+0000][7][gc,age      ] GC(29) - age   2:      34096 bytes,      90624 total
[2022-09-08T05:26:10.669+0000][7][gc,age      ] GC(29) - age   3:     566344 bytes,     656968 total
[2022-09-08T05:26:10.669+0000][7][gc,age      ] GC(29) - age   4:    4936304 bytes,    5593272 total
[2022-09-08T05:26:10.669+0000][7][gc,phases   ] GC(29)   Pre Evacuate Collection Set: 0.4ms
[2022-09-08T05:26:10.670+0000][7][gc,phases   ] GC(29)   Merge Heap Roots: 0.1ms
[2022-09-08T05:26:10.670+0000][7][gc,phases   ] GC(29)   Evacuate Collection Set: 12.7ms
[2022-09-08T05:26:10.670+0000][7][gc,phases   ] GC(29)   Post Evacuate Collection Set: 2.6ms
[2022-09-08T05:26:10.671+0000][7][gc,phases   ] GC(29)   Other: 2.8ms
[2022-09-08T05:26:10.671+0000][7][gc,heap     ] GC(29) Eden regions: 27->0(27)
[2022-09-08T05:26:10.671+0000][7][gc,heap     ] GC(29) Survivor regions: 2->2(4)
[2022-09-08T05:26:10.672+0000][7][gc,heap     ] GC(29) Old regions: 18->18
[2022-09-08T05:26:10.672+0000][7][gc,heap     ] GC(29) Archive regions: 2->2
[2022-09-08T05:26:10.672+0000][7][gc,heap     ] GC(29) Humongous regions: 2->2
[2022-09-08T05:26:10.672+0000][7][gc,metaspace] GC(29) Metaspace: 94444K(99200K)->94444K(99200K) NonClass: 81914K(85504K)->81914K(85504K) Class: 12529K(13696K)->12529K(13696K)
[2022-09-08T05:26:10.673+0000][7][gc          ] GC(29) Pause Young (Concurrent Start) (G1 Evacuation Pause) 197M->89M(256M) 22.192ms
[2022-09-08T05:26:10.673+0000][7][gc,cpu      ] GC(29) User=0.07s Sys=0.00s Real=0.02s
[2022-09-08T05:26:10.673+0000][7][gc          ] GC(30) Concurrent Cycle
[2022-09-08T05:26:10.674+0000][7][safepoint   ] Safepoint "G1CollectForAllocation", Time since last: 9877629430 ns, Reaching safepoint: 290835 ns, At safepoint: 23046493 ns, Total: 23337328 ns
[2022-09-08T05:26:10.674+0000][7][gc,marking  ] GC(30) Concurrent Clear Claimed Marks
[2022-09-08T05:26:10.674+0000][7][gc,marking  ] GC(30) Concurrent Clear Claimed Marks 0.788ms
[2022-09-08T05:26:10.675+0000][7][gc,marking  ] GC(30) Concurrent Scan Root Regions
[2022-09-08T05:26:10.680+0000][7][gc,marking  ] GC(30) Concurrent Scan Root Regions 5.046ms
[2022-09-08T05:26:10.680+0000][7][gc,marking  ] GC(30) Concurrent Mark (573.181s)
[2022-09-08T05:26:10.681+0000][7][gc,marking  ] GC(30) Concurrent Mark From Roots
[2022-09-08T05:26:10.681+0000][7][gc,task     ] GC(30) Using 2 workers of 2 for marking
[2022-09-08T05:26:10.757+0000][7][gc,marking  ] GC(30) Concurrent Mark From Roots 75.973ms
[2022-09-08T05:26:10.757+0000][7][gc,marking  ] GC(30) Concurrent Preclean
[2022-09-08T05:26:10.758+0000][7][gc,marking  ] GC(30) Concurrent Preclean 0.632ms
[2022-09-08T05:26:10.758+0000][7][gc,marking  ] GC(30) Concurrent Mark (573.181s, 573.259s) 77.566ms
[2022-09-08T05:26:10.759+0000][7][gc,start    ] GC(30) Pause Remark
[2022-09-08T05:26:10.774+0000][7][gc          ] GC(30) Pause Remark 91M->91M(256M) 15.657ms
[2022-09-08T05:26:10.775+0000][7][gc,cpu      ] GC(30) User=0.06s Sys=0.00s Real=0.01s
[2022-09-08T05:26:10.775+0000][7][safepoint   ] Safepoint "G1Concurrent", Time since last: 84657900 ns, Reaching safepoint: 255058 ns, At safepoint: 16486033 ns, Total: 16741091 ns
[2022-09-08T05:26:10.775+0000][7][gc,marking  ] GC(30) Concurrent Rebuild Remembered Sets
[2022-09-08T05:26:10.828+0000][7][gc,marking  ] GC(30) Concurrent Rebuild Remembered Sets 52.477ms
[2022-09-08T05:26:10.829+0000][7][gc,start    ] GC(30) Pause Cleanup
[2022-09-08T05:26:10.829+0000][7][gc          ] GC(30) Pause Cleanup 91M->91M(256M) 0.556ms
[2022-09-08T05:26:10.829+0000][7][gc,cpu      ] GC(30) User=0.00s Sys=0.00s Real=0.00s
[2022-09-08T05:26:10.830+0000][7][safepoint   ] Safepoint "G1Concurrent", Time since last: 53296942 ns, Reaching safepoint: 296345 ns, At safepoint: 1101363 ns, Total: 1397708 ns
[2022-09-08T05:26:10.830+0000][7][gc,marking  ] GC(30) Concurrent Cleanup for Next Mark
[2022-09-08T05:26:10.840+0000][7][gc,marking  ] GC(30) Concurrent Cleanup for Next Mark 9.909ms
[2022-09-08T05:26:10.840+0000][7][gc          ] GC(30) Concurrent Cycle 166.796ms
[2022-09-08T05:26:11.830+0000][7][safepoint   ] Safepoint "Cleanup", Time since last: 1000377495 ns, Reaching safepoint: 313107 ns, At safepoint: 38241 ns, Total: 351348 ns
[2022-09-08T05:26:12.831+0000][7][safepoint   ] Safepoint "Cleanup", Time since last: 1000506968 ns, Reaching safepoint: 311473 ns, At safepoint: 39094 ns, Total: 350567 ns
[2022-09-08T05:26:14.832+0000][7][safepoint   ] Safepoint "Cleanup", Time since last: 2000619335 ns, Reaching safepoint: 259086 ns, At safepoint: 41678 ns, Total: 300764 ns
[2022-09-08T05:26:16.833+0000][7][safepoint   ] Safepoint "Cleanup", Time since last: 2000626689 ns, Reaching safepoint: 279093 ns, At safepoint: 41898 ns, Total: 320991 ns
[2022-09-08T05:26:17.834+0000][7][safepoint   ] Safepoint "Cleanup", Time since last: 1000684260 ns, Reaching safepoint: 225302 ns, At safepoint: 16371 ns, Total: 241673 ns
[2022-09-08T05:26:20.835+0000][7][safepoint   ] Safepoint "Cleanup", Time since last: 3000720132 ns, Reaching safepoint: 467786 ns, At safepoint: 67897 ns, Total: 535683 ns
[2022-09-08T05:26:24.837+0000][7][safepoint   ] Safepoint "Cleanup", Time since last: 4001023789 ns, Reaching safepoint: 195416 ns, At safepoint: 7354 ns, Total: 202770 ns
[2022-09-08T05:26:27.838+0000][7][safepoint   ] Safepoint "Cleanup", Time since last: 3000810892 ns, Reaching safepoint: 195727 ns, At safepoint: 7534 ns, Total: 203261 ns
[2022-09-08T05:26:34.839+0000][7][safepoint   ] Safepoint "Cleanup", Time since last: 7001218687 ns, Reaching safepoint: 178434 ns, At safepoint: 30577 ns, Total: 209011 ns
[2022-09-08T05:26:36.840+0000][7][safepoint   ] Safepoint "Cleanup", Time since last: 2000759909 ns, Reaching safepoint: 329728 ns, At safepoint: 64060 ns, Total: 393788 ns
[2022-09-08T05:26:40.841+0000][7][safepoint   ] Safepoint "Cleanup", Time since last: 4001012809 ns, Reaching safepoint: 204954 ns, At safepoint: 33272 ns, Total: 238226 ns
[2022-09-08T05:26:50.843+0000][7][safepoint   ] Safepoint "Cleanup", Time since last: 10001824645 ns, Reaching safepoint: 236072 ns, At safepoint: 37310 ns, Total: 273382 ns
[2022-09-08T05:26:54.845+0000][7][safepoint   ] Safepoint "Cleanup", Time since last: 4000911449 ns, Reaching safepoint: 253765 ns, At safepoint: 36027 ns, Total: 289792 ns
[2022-09-08T05:26:56.846+0000][7][safepoint   ] Safepoint "Cleanup", Time since last: 2000620538 ns, Reaching safepoint: 465552 ns, At safepoint: 63900 ns, Total: 529452 ns
[2022-09-08T05:27:01.848+0000][7][safepoint   ] Safepoint "Cleanup", Time since last: 5001324591 ns, Reaching safepoint: 375964 ns, At safepoint: 76092 ns, Total: 452056 ns
[2022-09-08T05:27:02.849+0000][7][safepoint   ] Safepoint "Cleanup", Time since last: 1000786271 ns, Reaching safepoint: 260849 ns, At safepoint: 68929 ns, Total: 329778 ns
[2022-09-08T05:27:05.851+0000][7][safepoint   ] Safepoint "Cleanup", Time since last: 3001205832 ns, Reaching safepoint: 769672 ns, At safepoint: 59221 ns, Total: 828893 ns
[2022-09-08T05:27:10.853+0000][7][safepoint   ] Safepoint "Cleanup", Time since last: 5001456887 ns, Reaching safepoint: 619881 ns, At safepoint: 66775 ns, Total: 686656 ns
[2022-09-08T05:27:14.854+0000][7][safepoint   ] Safepoint "Cleanup", Time since last: 4001204217 ns, Reaching safepoint: 393056 ns, At safepoint: 20378 ns, Total: 413434 ns
[2022-09-08T05:27:17.856+0000][7][safepoint   ] Safepoint "Cleanup", Time since last: 3001571728 ns, Reaching safepoint: 367929 ns, At safepoint: 14237 ns, Total: 382166 ns
[2022-09-08T05:27:20.857+0000][7][safepoint   ] Safepoint "Cleanup", Time since last: 3000708561 ns, Reaching safepoint: 438922 ns, At safepoint: 14778 ns, Total: 453700 ns
[2022-09-08T05:27:25.859+0000][7][safepoint   ] Safepoint "Cleanup", Time since last: 5001590838 ns, Reaching safepoint: 398336 ns, At safepoint: 68969 ns, Total: 467305 ns
[2022-09-08T05:27:36.862+0000][7][safepoint   ] Safepoint "Cleanup", Time since last: 11002158930 ns, Reaching safepoint: 366176 ns, At safepoint: 64801 ns, Total: 430977 ns
[2022-09-08T05:27:39.863+0000][7][safepoint   ] Safepoint "Cleanup", Time since last: 3001674200 ns, Reaching safepoint: 382847 ns, At safepoint: 19296 ns, Total: 402143 ns
[2022-09-08T05:27:41.864+0000][7][safepoint   ] Safepoint "Cleanup", Time since last: 2000752675 ns, Reaching safepoint: 285625 ns, At safepoint: 53531 ns, Total: 339156 ns
[2022-09-08T05:27:50.866+0000][7][safepoint   ] Safepoint "Cleanup", Time since last: 9001752883 ns, Reaching safepoint: 353152 ns, At safepoint: 14547 ns, Total: 367699 ns
[2022-09-08T05:28:00.869+0000][7][safepoint   ] Safepoint "Cleanup", Time since last: 10002498618 ns, Reaching safepoint: 347721 ns, At safepoint: 68399 ns, Total: 416120 ns
[2022-09-08T05:28:20.874+0000][7][safepoint   ] Safepoint "Cleanup", Time since last: 20003700546 ns, Reaching safepoint: 406992 ns, At safepoint: 62677 ns, Total: 469669 ns
[2022-09-08T05:28:24.876+0000][7][safepoint   ] Safepoint "Cleanup", Time since last: 4001216480 ns, Reaching safepoint: 289342 ns, At safepoint: 7064 ns, Total: 296406 ns
[2022-09-08T05:28:25.877+0000][7][safepoint   ] Safepoint "Cleanup", Time since last: 1000762135 ns, Reaching safepoint: 320591 ns, At safepoint: 9588 ns, Total: 330179 ns
[2022-09-08T05:28:29.878+0000][7][safepoint   ] Safepoint "Cleanup", Time since last: 4001197023 ns, Reaching safepoint: 310832 ns, At safepoint: 12063 ns, Total: 322895 ns
[2022-09-08T05:28:39.881+0000][7][safepoint   ] Safepoint "Cleanup", Time since last: 10002191923 ns, Reaching safepoint: 428563 ns, At safepoint: 57818 ns, Total: 486381 ns
[2022-09-08T05:28:40.883+0000][7][safepoint   ] Safepoint "Cleanup", Time since last: 1000953634 ns, Reaching safepoint: 313728 ns, At safepoint: 5901 ns, Total: 319629 ns
[2022-09-08T05:28:50.885+0000][7][safepoint   ] Safepoint "Cleanup", Time since last: 10002474192 ns, Reaching safepoint: 345698 ns, At safepoint: 66905 ns, Total: 412603 ns
[2022-09-08T05:28:57.888+0000][7][safepoint   ] Safepoint "Cleanup", Time since last: 7001727560 ns, Reaching safepoint: 281979 ns, At safepoint: 18234 ns, Total: 300213 ns
[2022-09-08T05:29:01.889+0000][7][safepoint   ] Safepoint "Cleanup", Time since last: 4001214306 ns, Reaching safepoint: 301845 ns, At safepoint: 6613 ns, Total: 308458 ns
[2022-09-08T05:29:10.891+0000][7][safepoint   ] Safepoint "Cleanup", Time since last: 9001963257 ns, Reaching safepoint: 467736 ns, At safepoint: 60183 ns, Total: 527919 ns
[2022-09-08T05:29:11.892+0000][7][safepoint   ] Safepoint "Cleanup", Time since last: 1000717462 ns, Reaching safepoint: 292788 ns, At safepoint: 26269 ns, Total: 319057 ns
[2022-09-08T05:29:12.893+0000][7][safepoint   ] Safepoint "Cleanup", Time since last: 1000803153 ns, Reaching safepoint: 491841 ns, At safepoint: 74800 ns, Total: 566641 ns
[2022-09-08T05:29:13.895+0000][7][safepoint   ] Safepoint "Cleanup", Time since last: 1000917486 ns, Reaching safepoint: 301696 ns, At safepoint: 13375 ns, Total: 315071 ns
[2022-09-08T05:29:20.686+0000][7][gc,start    ] GC(31) Pause Young (Normal) (G1 Evacuation Pause)
[2022-09-08T05:29:20.687+0000][7][gc,task     ] GC(31) Using 6 workers of 6 for evacuation
[2022-09-08T05:29:20.688+0000][7][gc,age      ] GC(31) Desired survivor size 8388608 bytes, new threshold 15 (max threshold 15)
[2022-09-08T05:29:20.704+0000][7][gc,age      ] GC(31) Age table with threshold 15 (max threshold 15)
[2022-09-08T05:29:20.705+0000][7][gc,age      ] GC(31) - age   1:     113536 bytes,     113536 total
[2022-09-08T05:29:20.705+0000][7][gc,age      ] GC(31) - age   2:      43592 bytes,     157128 total
[2022-09-08T05:29:20.706+0000][7][gc,age      ] GC(31) - age   3:      32624 bytes,     189752 total
[2022-09-08T05:29:20.706+0000][7][gc,age      ] GC(31) - age   4:     566344 bytes,     756096 total
[2022-09-08T05:29:20.707+0000][7][gc,age      ] GC(31) - age   5:    4933304 bytes,    5689400 total
[2022-09-08T05:29:20.707+0000][7][gc,phases   ] GC(31)   Pre Evacuate Collection Set: 0.4ms
[2022-09-08T05:29:20.708+0000][7][gc,phases   ] GC(31)   Merge Heap Roots: 0.3ms
[2022-09-08T05:29:20.708+0000][7][gc,phases   ] GC(31)   Evacuate Collection Set: 11.8ms
[2022-09-08T05:29:20.709+0000][7][gc,phases   ] GC(31)   Post Evacuate Collection Set: 3.1ms
[2022-09-08T05:29:20.710+0000][7][gc,phases   ] GC(31)   Other: 6.0ms
[2022-09-08T05:29:20.710+0000][7][gc,heap     ] GC(31) Eden regions: 27->0(28)
[2022-09-08T05:29:20.711+0000][7][gc,heap     ] GC(31) Survivor regions: 2->2(4)
[2022-09-08T05:29:20.711+0000][7][gc,heap     ] GC(31) Old regions: 18->18
[2022-09-08T05:29:20.712+0000][7][gc,heap     ] GC(31) Archive regions: 2->2
[2022-09-08T05:29:20.713+0000][7][gc,heap     ] GC(31) Humongous regions: 2->2
[2022-09-08T05:29:20.713+0000][7][gc,metaspace] GC(31) Metaspace: 94574K(99200K)->94574K(99200K) NonClass: 82047K(85504K)->82047K(85504K) Class: 12526K(13696K)->12526K(13696K)
[2022-09-08T05:29:20.714+0000][7][gc          ] GC(31) Pause Young (Normal) (G1 Evacuation Pause) 197M->89M(256M) 28.374ms
[2022-09-08T05:29:20.715+0000][7][gc,cpu      ] GC(31) User=0.08s Sys=0.00s Real=0.02s
[2022-09-08T05:29:20.715+0000][7][safepoint   ] Safepoint "G1CollectForAllocation", Time since last: 6790448439 ns, Reaching safepoint: 719268 ns, At safepoint: 29680200 ns, Total: 30399468 ns
[2022-09-08T05:29:26.718+0000][7][safepoint   ] Safepoint "Cleanup", Time since last: 6001465932 ns, Reaching safepoint: 555040 ns, At safepoint: 119154 ns, Total: 674194 ns
[2022-09-08T05:29:31.720+0000][7][safepoint   ] Safepoint "Cleanup", Time since last: 5001591139 ns, Reaching safepoint: 491019 ns, At safepoint: 62507 ns, Total: 553526 ns
[2022-09-08T05:29:34.721+0000][7][safepoint   ] Safepoint "Cleanup", Time since last: 3001066812 ns, Reaching safepoint: 442930 ns, At safepoint: 98655 ns, Total: 541585 ns
[2022-09-08T05:29:38.722+0000][7][safepoint   ] Safepoint "Cleanup", Time since last: 4001251995 ns, Reaching safepoint: 408476 ns, At safepoint: 18284 ns, Total: 426760 ns
[2022-09-08T05:29:40.724+0000][7][safepoint   ] Safepoint "Cleanup", Time since last: 2001311973 ns, Reaching safepoint: 333715 ns, At safepoint: 88225 ns, Total: 421940 ns
[2022-09-08T05:29:44.726+0000][7][safepoint   ] Safepoint "Cleanup", Time since last: 4001234674 ns, Reaching safepoint: 265167 ns, At safepoint: 13165 ns, Total: 278332 ns
[2022-09-08T05:29:50.728+0000][7][safepoint   ] Safepoint "Cleanup", Time since last: 6001777135 ns, Reaching safepoint: 404698 ns, At safepoint: 59702 ns, Total: 464400 ns
[2022-09-08T05:29:54.730+0000][7][safepoint   ] Safepoint "Cleanup", Time since last: 4001117765 ns, Reaching safepoint: 665056 ns, At safepoint: 111970 ns, Total: 777026 ns
[2022-09-08T05:29:56.731+0000][7][safepoint   ] Safepoint "Cleanup", Time since last: 2001053759 ns, Reaching safepoint: 359374 ns, At safepoint: 59682 ns, Total: 419056 ns
[2022-09-08T05:29:58.733+0000][7][safepoint   ] Safepoint "Cleanup", Time since last: 2000952138 ns, Reaching safepoint: 284523 ns, At safepoint: 50956 ns, Total: 335479 ns
[2022-09-08T05:30:03.734+0000][7][safepoint   ] Safepoint "Cleanup", Time since last: 5001429697 ns, Reaching safepoint: 275396 ns, At safepoint: 61655 ns, Total: 337051 ns
[2022-09-08T05:30:08.737+0000][7][safepoint   ] Safepoint "Cleanup", Time since last: 5001115208 ns, Reaching safepoint: 434954 ns, At safepoint: 63169 ns, Total: 498123 ns
[2022-09-08T05:30:11.716+0000][7][safepoint   ] Safepoint "Cleanup", Time since last: 2977979853 ns, Reaching safepoint: 486801 ns, At safepoint: 59892 ns, Total: 546693 ns
[2022-09-08T05:30:12.745+0000][7][safepoint   ] Safepoint "Cleanup", Time since last: 1028614412 ns, Reaching safepoint: 351869 ns, At safepoint: 14517 ns, Total: 366386 ns
[2022-09-08T05:30:20.751+0000][7][safepoint   ] Safepoint "Cleanup", Time since last: 8001716147 ns, Reaching safepoint: 4435509 ns, At safepoint: 86282 ns, Total: 4521791 ns
[2022-09-08T05:30:21.755+0000][7][safepoint   ] Safepoint "Cleanup", Time since last: 1003748179 ns, Reaching safepoint: 323556 ns, At safepoint: 23113 ns, Total: 346669 ns
[2022-09-08T05:30:26.757+0000][7][safepoint   ] Safepoint "Cleanup", Time since last: 5001279806 ns, Reaching safepoint: 333806 ns, At safepoint: 81653 ns, Total: 415459 ns
[2022-09-08T05:30:30.758+0000][7][safepoint   ] Safepoint "Cleanup", Time since last: 4001232540 ns, Reaching safepoint: 331671 ns, At safepoint: 13595 ns, Total: 345266 ns
[2022-09-08T05:30:31.759+0000][7][safepoint   ] Safepoint "Cleanup", Time since last: 1000666587 ns, Reaching safepoint: 293540 ns, At safepoint: 56786 ns, Total: 350326 ns
[2022-09-08T05:30:38.761+0000][7][safepoint   ] Safepoint "Cleanup", Time since last: 7001441724 ns, Reaching safepoint: 250049 ns, At safepoint: 16471 ns, Total: 266520 ns
[2022-09-08T05:30:40.762+0000][7][safepoint   ] Safepoint "Cleanup", Time since last: 2000913497 ns, Reaching safepoint: 340277 ns, At safepoint: 58420 ns, Total: 398697 ns
[2022-09-08T05:30:41.764+0000][7][safepoint   ] Safepoint "Cleanup", Time since last: 1000670583 ns, Reaching safepoint: 411191 ns, At safepoint: 62878 ns, Total: 474069 ns
[2022-09-08T05:30:44.765+0000][7][safepoint   ] Safepoint "Cleanup", Time since last: 3001091277 ns, Reaching safepoint: 448270 ns, At safepoint: 79950 ns, Total: 528220 ns
[2022-09-08T05:30:48.767+0000][7][safepoint   ] Safepoint "Cleanup", Time since last: 4001529806 ns, Reaching safepoint: 575298 ns, At safepoint: 66605 ns, Total: 641903 ns
[2022-09-08T05:30:49.769+0000][7][safepoint   ] Safepoint "Cleanup", Time since last: 1000782383 ns, Reaching safepoint: 333665 ns, At safepoint: 59932 ns, Total: 393597 ns
[2022-09-08T05:30:50.770+0000][7][safepoint   ] Safepoint "Cleanup", Time since last: 1000801760 ns, Reaching safepoint: 309680 ns, At safepoint: 59061 ns, Total: 368741 ns
[2022-09-08T05:30:58.755+0000][7][safepoint   ] Safepoint "Cleanup", Time since last: 7984573243 ns, Reaching safepoint: 368781 ns, At safepoint: 10820 ns, Total: 379601 ns
[2022-09-08T05:30:59.756+0000][7][safepoint   ] Safepoint "Cleanup", Time since last: 1000975285 ns, Reaching safepoint: 363431 ns, At safepoint: 62517 ns, Total: 425948 ns
[2022-09-08T05:31:04.758+0000][7][safepoint   ] Safepoint "Cleanup", Time since last: 5001343696 ns, Reaching safepoint: 358281 ns, At safepoint: 78196 ns, Total: 436477 ns
[2022-09-08T05:31:05.759+0000][7][safepoint   ] Safepoint "Cleanup", Time since last: 1000664383 ns, Reaching safepoint: 251882 ns, At safepoint: 46326 ns, Total: 298208 ns
[2022-09-08T05:31:06.760+0000][7][safepoint   ] Safepoint "Cleanup", Time since last: 1000556530 ns, Reaching safepoint: 578995 ns, At safepoint: 70272 ns, Total: 649267 ns
[2022-09-08T05:31:08.761+0000][7][safepoint   ] Safepoint "Cleanup", Time since last: 2000889531 ns, Reaching safepoint: 431618 ns, At safepoint: 112892 ns, Total: 544510 ns
[2022-09-08T05:31:09.762+0000][7][safepoint   ] Safepoint "Cleanup", Time since last: 1000783375 ns, Reaching safepoint: 289633 ns, At safepoint: 16621 ns, Total: 306254 ns
[2022-09-08T05:31:10.763+0000][7][safepoint   ] Safepoint "Cleanup", Time since last: 1000693316 ns, Reaching safepoint: 321142 ns, At safepoint: 53300 ns, Total: 374442 ns
[2022-09-08T05:31:11.765+0000][7][safepoint   ] Safepoint "Cleanup", Time since last: 1000798213 ns, Reaching safepoint: 310492 ns, At safepoint: 6753 ns, Total: 317245 ns
[2022-09-08T05:31:20.767+0000][7][safepoint   ] Safepoint "Cleanup", Time since last: 9002000065 ns, Reaching safepoint: 391634 ns, At safepoint: 62948 ns, Total: 454582 ns
[2022-09-08T05:31:30.772+0000][7][safepoint   ] Safepoint "Cleanup", Time since last: 10003563373 ns, Reaching safepoint: 1284697 ns, At safepoint: 63799 ns, Total: 1348496 ns
[2022-09-08T05:31:34.774+0000][7][safepoint   ] Safepoint "Cleanup", Time since last: 4001131661 ns, Reaching safepoint: 521146 ns, At safepoint: 65653 ns, Total: 586799 ns
[2022-09-08T05:31:36.775+0000][7][safepoint   ] Safepoint "Cleanup", Time since last: 2001012072 ns, Reaching safepoint: 311814 ns, At safepoint: 49412 ns, Total: 361226 ns
[2022-09-08T05:31:50.782+0000][7][safepoint   ] Safepoint "Cleanup", Time since last: 14005688294 ns, Reaching safepoint: 575518 ns, At safepoint: 48792 ns, Total: 624310 ns
[2022-09-08T05:32:04.800+0000][7][safepoint   ] Safepoint "Cleanup", Time since last: 14017337727 ns, Reaching safepoint: 555341 ns, At safepoint: 77134 ns, Total: 632475 ns
[2022-09-08T05:32:06.801+0000][7][safepoint   ] Safepoint "Cleanup", Time since last: 2000869725 ns, Reaching safepoint: 346769 ns, At safepoint: 58770 ns, Total: 405539 ns
[2022-09-08T05:32:09.802+0000][7][safepoint   ] Safepoint "Cleanup", Time since last: 3000976402 ns, Reaching safepoint: 414236 ns, At safepoint: 66164 ns, Total: 480400 ns
[2022-09-08T05:32:10.804+0000][7][safepoint   ] Safepoint "Cleanup", Time since last: 1000820014 ns, Reaching safepoint: 397565 ns, At safepoint: 69600 ns, Total: 467165 ns
[2022-09-08T05:32:11.809+0000][7][safepoint   ] Safepoint "Cleanup", Time since last: 1000853968 ns, Reaching safepoint: 3970898 ns, At safepoint: 76584 ns, Total: 4047482 ns
[2022-09-08T05:32:19.811+0000][7][safepoint   ] Safepoint "Cleanup", Time since last: 8002618267 ns, Reaching safepoint: 306143 ns, At safepoint: 13956 ns, Total: 320099 ns
[2022-09-08T05:32:20.813+0000][7][safepoint   ] Safepoint "Cleanup", Time since last: 1000990013 ns, Reaching safepoint: 434774 ns, At safepoint: 107481 ns, Total: 542255 ns
[2022-09-08T05:32:26.815+0000][7][safepoint   ] Safepoint "Cleanup", Time since last: 6001645079 ns, Reaching safepoint: 370834 ns, At safepoint: 64251 ns, Total: 435085 ns
[2022-09-08T05:32:28.817+0000][7][safepoint   ] Safepoint "Cleanup", Time since last: 2000937100 ns, Reaching safepoint: 530875 ns, At safepoint: 136446 ns, Total: 667321 ns
[2022-09-08T05:32:29.818+0000][7][safepoint   ] Safepoint "Cleanup", Time since last: 1000719455 ns, Reaching safepoint: 561452 ns, At safepoint: 76403 ns, Total: 637855 ns
[2022-09-08T05:32:30.819+0000][7][safepoint   ] Safepoint "Cleanup", Time since last: 1000704387 ns, Reaching safepoint: 316563 ns, At safepoint: 22963 ns, Total: 339526 ns
[2022-09-08T05:32:38.821+0000][7][safepoint   ] Safepoint "Cleanup", Time since last: 8001845560 ns, Reaching safepoint: 303989 ns, At safepoint: 14046 ns, Total: 318035 ns
[2022-09-08T05:32:40.975+0000][7][gc,start    ] GC(32) Pause Young (Concurrent Start) (G1 Evacuation Pause)
[2022-09-08T05:32:40.975+0000][7][gc,task     ] GC(32) Using 6 workers of 6 for evacuation
[2022-09-08T05:32:40.975+0000][7][gc,age      ] GC(32) Desired survivor size 8388608 bytes, new threshold 15 (max threshold 15)
[2022-09-08T05:32:40.996+0000][7][gc,age      ] GC(32) Age table with threshold 15 (max threshold 15)
[2022-09-08T05:32:40.997+0000][7][gc,age      ] GC(32) - age   1:      56664 bytes,      56664 total
[2022-09-08T05:32:40.997+0000][7][gc,age      ] GC(32) - age   2:      26944 bytes,      83608 total
[2022-09-08T05:32:40.998+0000][7][gc,age      ] GC(32) - age   3:      43592 bytes,     127200 total
[2022-09-08T05:32:40.998+0000][7][gc,age      ] GC(32) - age   4:      32328 bytes,     159528 total
[2022-09-08T05:32:40.999+0000][7][gc,age      ] GC(32) - age   5:     566112 bytes,     725640 total
[2022-09-08T05:32:40.999+0000][7][gc,age      ] GC(32) - age   6:    4933016 bytes,    5658656 total
[2022-09-08T05:32:40.999+0000][7][gc,phases   ] GC(32)   Pre Evacuate Collection Set: 0.9ms
[2022-09-08T05:32:41.000+0000][7][gc,phases   ] GC(32)   Merge Heap Roots: 0.4ms
[2022-09-08T05:32:41.000+0000][7][gc,phases   ] GC(32)   Evacuate Collection Set: 15.9ms
[2022-09-08T05:32:41.001+0000][7][gc,phases   ] GC(32)   Post Evacuate Collection Set: 3.4ms
[2022-09-08T05:32:41.001+0000][7][gc,phases   ] GC(32)   Other: 4.3ms
[2022-09-08T05:32:41.001+0000][7][gc,heap     ] GC(32) Eden regions: 28->0(28)
[2022-09-08T05:32:41.002+0000][7][gc,heap     ] GC(32) Survivor regions: 2->2(4)
[2022-09-08T05:32:41.002+0000][7][gc,heap     ] GC(32) Old regions: 18->18
[2022-09-08T05:32:41.002+0000][7][gc,heap     ] GC(32) Archive regions: 2->2
[2022-09-08T05:32:41.003+0000][7][gc,heap     ] GC(32) Humongous regions: 2->2
[2022-09-08T05:32:41.003+0000][7][gc,metaspace] GC(32) Metaspace: 94721K(99456K)->94721K(99456K) NonClass: 82191K(85760K)->82191K(85760K) Class: 12529K(13696K)->12529K(13696K)
[2022-09-08T05:32:41.004+0000][7][gc          ] GC(32) Pause Young (Concurrent Start) (G1 Evacuation Pause) 201M->89M(256M) 29.062ms
[2022-09-08T05:32:41.004+0000][7][gc,cpu      ] GC(32) User=0.07s Sys=0.02s Real=0.03s
[2022-09-08T05:32:41.005+0000][7][gc          ] GC(33) Concurrent Cycle
[2022-09-08T05:32:41.005+0000][7][safepoint   ] Safepoint "G1CollectForAllocation", Time since last: 2153100891 ns, Reaching safepoint: 646782 ns, At safepoint: 30167933 ns, Total: 30814715 ns
[2022-09-08T05:32:41.005+0000][7][gc,marking  ] GC(33) Concurrent Clear Claimed Marks
[2022-09-08T05:32:41.006+0000][7][gc,marking  ] GC(33) Concurrent Clear Claimed Marks 1.068ms
[2022-09-08T05:32:41.007+0000][7][gc,marking  ] GC(33) Concurrent Scan Root Regions
[2022-09-08T05:32:41.017+0000][7][gc,marking  ] GC(33) Concurrent Scan Root Regions 9.967ms
[2022-09-08T05:32:41.017+0000][7][gc,marking  ] GC(33) Concurrent Mark (963.518s)
[2022-09-08T05:32:41.018+0000][7][gc,marking  ] GC(33) Concurrent Mark From Roots
[2022-09-08T05:32:41.018+0000][7][gc,task     ] GC(33) Using 2 workers of 2 for marking
[2022-09-08T05:32:41.146+0000][7][gc,marking  ] GC(33) Concurrent Mark From Roots 128.039ms
[2022-09-08T05:32:41.147+0000][7][gc,marking  ] GC(33) Concurrent Preclean
[2022-09-08T05:32:41.148+0000][7][gc,marking  ] GC(33) Concurrent Preclean 1.186ms
[2022-09-08T05:32:41.149+0000][7][gc,marking  ] GC(33) Concurrent Mark (963.518s, 963.650s) 131.248ms
[2022-09-08T05:32:41.150+0000][7][gc,start    ] GC(33) Pause Remark
[2022-09-08T05:32:41.167+0000][7][gc          ] GC(33) Pause Remark 90M->90M(256M) 16.760ms
[2022-09-08T05:32:41.168+0000][7][gc,cpu      ] GC(33) User=0.07s Sys=0.00s Real=0.02s
[2022-09-08T05:32:41.168+0000][7][safepoint   ] Safepoint "G1Concurrent", Time since last: 144816316 ns, Reaching safepoint: 565589 ns, At safepoint: 18225853 ns, Total: 18791442 ns
[2022-09-08T05:32:41.169+0000][7][gc,marking  ] GC(33) Concurrent Rebuild Remembered Sets
[2022-09-08T05:32:41.285+0000][7][gc,marking  ] GC(33) Concurrent Rebuild Remembered Sets 115.685ms
[2022-09-08T05:32:41.286+0000][7][gc,start    ] GC(33) Pause Cleanup
[2022-09-08T05:32:41.288+0000][7][gc          ] GC(33) Pause Cleanup 90M->90M(256M) 1.132ms
[2022-09-08T05:32:41.288+0000][7][gc,cpu      ] GC(33) User=0.00s Sys=0.00s Real=0.00s
[2022-09-08T05:32:41.288+0000][7][safepoint   ] Safepoint "G1Concurrent", Time since last: 117638783 ns, Reaching safepoint: 443000 ns, At safepoint: 2104192 ns, Total: 2547192 ns
[2022-09-08T05:32:41.291+0000][7][gc,marking  ] GC(33) Concurrent Cleanup for Next Mark
[2022-09-08T05:32:41.314+0000][7][gc,marking  ] GC(33) Concurrent Cleanup for Next Mark 22.984ms
[2022-09-08T05:32:41.314+0000][7][gc          ] GC(33) Concurrent Cycle 309.796ms
[2022-09-08T05:32:43.290+0000][7][safepoint   ] Safepoint "Cleanup", Time since last: 2000766051 ns, Reaching safepoint: 359593 ns, At safepoint: 12183 ns, Total: 371776 ns
[2022-09-08T05:32:45.292+0000][7][safepoint   ] Safepoint "Cleanup", Time since last: 2001726490 ns, Reaching safepoint: 331761 ns, At safepoint: 7434 ns, Total: 339195 ns
[2022-09-08T05:32:47.294+0000][7][safepoint   ] Safepoint "Cleanup", Time since last: 2001746117 ns, Reaching safepoint: 418454 ns, At safepoint: 66765 ns, Total: 485219 ns
[2022-09-08T05:32:48.295+0000][7][safepoint   ] Safepoint "Cleanup", Time since last: 1000904011 ns, Reaching safepoint: 189505 ns, At safepoint: 17643 ns, Total: 207148 ns
[2022-09-08T05:32:51.297+0000][7][safepoint   ] Safepoint "Cleanup", Time since last: 3000841439 ns, Reaching safepoint: 1190882 ns, At safepoint: 22522 ns, Total: 1213404 ns
[2022-09-08T05:33:05.301+0000][7][safepoint   ] Safepoint "Cleanup", Time since last: 14003508991 ns, Reaching safepoint: 370504 ns, At safepoint: 11642 ns, Total: 382146 ns
[2022-09-08T05:33:21.309+0000][7][safepoint   ] Safepoint "Cleanup", Time since last: 16007685791 ns, Reaching safepoint: 348392 ns, At safepoint: 9679 ns, Total: 358071 ns
[2022-09-08T05:33:27.311+0000][7][safepoint   ] Safepoint "Cleanup", Time since last: 6001653714 ns, Reaching safepoint: 400901 ns, At safepoint: 65953 ns, Total: 466854 ns
[2022-09-08T05:33:28.312+0000][7][safepoint   ] Safepoint "Cleanup", Time since last: 1000653673 ns, Reaching safepoint: 351188 ns, At safepoint: 70131 ns, Total: 421319 ns
[2022-09-08T05:33:36.325+0000][7][safepoint   ] Safepoint "Cleanup", Time since last: 8001905812 ns, Reaching safepoint: 10731453 ns, At safepoint: 62708 ns, Total: 10794161 ns
[2022-09-08T05:33:39.327+0000][7][safepoint   ] Safepoint "Cleanup", Time since last: 3001246899 ns, Reaching safepoint: 311023 ns, At safepoint: 50013 ns, Total: 361036 ns
[2022-09-08T05:33:41.354+0000][7][safepoint   ] Safepoint "Cleanup", Time since last: 2026593573 ns, Reaching safepoint: 443661 ns, At safepoint: 5400 ns, Total: 449061 ns
[2022-09-08T05:33:51.359+0000][7][safepoint   ] Safepoint "Cleanup", Time since last: 10004372940 ns, Reaching safepoint: 343383 ns, At safepoint: 53350 ns, Total: 396733 ns
[2022-09-08T05:34:01.361+0000][7][safepoint   ] Safepoint "Cleanup", Time since last: 10001669234 ns, Reaching safepoint: 408796 ns, At safepoint: 64191 ns, Total: 472987 ns
[2022-09-08T05:34:12.363+0000][7][safepoint   ] Safepoint "Cleanup", Time since last: 11002230111 ns, Reaching safepoint: 360035 ns, At safepoint: 64981 ns, Total: 425016 ns
[2022-09-08T05:34:15.365+0000][7][safepoint   ] Safepoint "Cleanup", Time since last: 3001452615 ns, Reaching safepoint: 397755 ns, At safepoint: 58520 ns, Total: 456275 ns
[2022-09-08T05:34:19.367+0000][7][safepoint   ] Safepoint "Cleanup", Time since last: 4001101544 ns, Reaching safepoint: 325540 ns, At safepoint: 52378 ns, Total: 377918 ns
[2022-09-08T05:34:21.368+0000][7][safepoint   ] Safepoint "Cleanup", Time since last: 2000903558 ns, Reaching safepoint: 276929 ns, At safepoint: 10200 ns, Total: 287129 ns
[2022-09-08T05:34:40.372+0000][7][safepoint   ] Safepoint "Cleanup", Time since last: 19003287164 ns, Reaching safepoint: 489016 ns, At safepoint: 67917 ns, Total: 556933 ns
[2022-09-08T05:34:41.373+0000][7][safepoint   ] Safepoint "Cleanup", Time since last: 1000766494 ns, Reaching safepoint: 466684 ns, At safepoint: 108103 ns, Total: 574787 ns
[2022-09-08T05:34:51.375+0000][7][safepoint   ] Safepoint "Cleanup", Time since last: 10001865011 ns, Reaching safepoint: 359082 ns, At safepoint: 58891 ns, Total: 417973 ns
[2022-09-08T05:34:56.377+0000][7][safepoint   ] Safepoint "Cleanup", Time since last: 5001347874 ns, Reaching safepoint: 444242 ns, At safepoint: 49462 ns, Total: 493704 ns
[2022-09-08T05:35:05.379+0000][7][safepoint   ] Safepoint "Cleanup", Time since last: 9001661713 ns, Reaching safepoint: 407433 ns, At safepoint: 67066 ns, Total: 474499 ns
[2022-09-08T05:35:11.381+0000][7][safepoint   ] Safepoint "Cleanup", Time since last: 6001595284 ns, Reaching safepoint: 535634 ns, At safepoint: 63499 ns, Total: 599133 ns
[2022-09-08T05:35:21.384+0000][7][safepoint   ] Safepoint "Cleanup", Time since last: 10001971671 ns, Reaching safepoint: 329547 ns, At safepoint: 13616 ns, Total: 343163 ns
[2022-09-08T05:35:35.387+0000][7][safepoint   ] Safepoint "Cleanup", Time since last: 14003057215 ns, Reaching safepoint: 449031 ns, At safepoint: 65803 ns, Total: 514834 ns
[2022-09-08T05:35:39.388+0000][7][safepoint   ] Safepoint "Cleanup", Time since last: 4001265802 ns, Reaching safepoint: 393337 ns, At safepoint: 70291 ns, Total: 463628 ns
[2022-09-08T05:35:40.389+0000][7][safepoint   ] Safepoint "Cleanup", Time since last: 1000712663 ns, Reaching safepoint: 409618 ns, At safepoint: 53820 ns, Total: 463438 ns
[2022-09-08T05:35:41.391+0000][7][safepoint   ] Safepoint "Cleanup", Time since last: 1000783406 ns, Reaching safepoint: 407753 ns, At safepoint: 73258 ns, Total: 481011 ns
[2022-09-08T05:35:48.393+0000][7][safepoint   ] Safepoint "Cleanup", Time since last: 7001780810 ns, Reaching safepoint: 381224 ns, At safepoint: 60313 ns, Total: 441537 ns
[2022-09-08T05:35:51.394+0000][7][safepoint   ] Safepoint "Cleanup", Time since last: 3001122677 ns, Reaching safepoint: 375914 ns, At safepoint: 14968 ns, Total: 390882 ns
[2022-09-08T05:35:52.396+0000][7][safepoint   ] Safepoint "Cleanup", Time since last: 1000842716 ns, Reaching safepoint: 442760 ns, At safepoint: 113532 ns, Total: 556292 ns
[2022-09-08T05:36:05.399+0000][7][safepoint   ] Safepoint "Cleanup", Time since last: 13003062598 ns, Reaching safepoint: 300243 ns, At safepoint: 10880 ns, Total: 311123 ns
[2022-09-08T05:36:06.400+0000][7][safepoint   ] Safepoint "Cleanup", Time since last: 1000727490 ns, Reaching safepoint: 278312 ns, At safepoint: 59331 ns, Total: 337643 ns
[2022-09-08T05:36:09.403+0000][7][safepoint   ] Safepoint "Cleanup", Time since last: 3000989616 ns, Reaching safepoint: 378028 ns, At safepoint: 72797 ns, Total: 450825 ns
[2022-09-08T05:36:10.959+0000][7][gc,start    ] GC(34) Pause Young (Normal) (G1 Evacuation Pause)
[2022-09-08T05:36:10.960+0000][7][gc,task     ] GC(34) Using 6 workers of 6 for evacuation
[2022-09-08T05:36:10.961+0000][7][gc,age      ] GC(34) Desired survivor size 8388608 bytes, new threshold 15 (max threshold 15)
[2022-09-08T05:36:10.978+0000][7][gc,age      ] GC(34) Age table with threshold 15 (max threshold 15)
[2022-09-08T05:36:10.979+0000][7][gc,age      ] GC(34) - age   1:      74144 bytes,      74144 total
[2022-09-08T05:36:10.979+0000][7][gc,age      ] GC(34) - age   2:      31888 bytes,     106032 total
[2022-09-08T05:36:10.980+0000][7][gc,age      ] GC(34) - age   3:      26632 bytes,     132664 total
[2022-09-08T05:36:10.980+0000][7][gc,age      ] GC(34) - age   4:      43352 bytes,     176016 total
[2022-09-08T05:36:10.981+0000][7][gc,age      ] GC(34) - age   5:      32328 bytes,     208344 total
[2022-09-08T05:36:10.981+0000][7][gc,age      ] GC(34) - age   6:     549664 bytes,     758008 total
[2022-09-08T05:36:10.982+0000][7][gc,age      ] GC(34) - age   7:    4916864 bytes,    5674872 total
[2022-09-08T05:36:10.982+0000][7][gc,phases   ] GC(34)   Pre Evacuate Collection Set: 0.3ms
[2022-09-08T05:36:10.983+0000][7][gc,phases   ] GC(34)   Merge Heap Roots: 0.2ms
[2022-09-08T05:36:10.983+0000][7][gc,phases   ] GC(34)   Evacuate Collection Set: 12.8ms
[2022-09-08T05:36:10.984+0000][7][gc,phases   ] GC(34)   Post Evacuate Collection Set: 3.7ms
[2022-09-08T05:36:10.985+0000][7][gc,phases   ] GC(34)   Other: 6.4ms
[2022-09-08T05:36:10.985+0000][7][gc,heap     ] GC(34) Eden regions: 28->0(28)
[2022-09-08T05:36:10.986+0000][7][gc,heap     ] GC(34) Survivor regions: 2->2(4)
[2022-09-08T05:36:10.986+0000][7][gc,heap     ] GC(34) Old regions: 18->18
[2022-09-08T05:36:10.987+0000][7][gc,heap     ] GC(34) Archive regions: 2->2
[2022-09-08T05:36:10.987+0000][7][gc,heap     ] GC(34) Humongous regions: 2->2
[2022-09-08T05:36:10.988+0000][7][gc,metaspace] GC(34) Metaspace: 94853K(99456K)->94853K(99456K) NonClass: 82322K(85760K)->82322K(85760K) Class: 12531K(13696K)->12531K(13696K)
[2022-09-08T05:36:10.989+0000][7][gc          ] GC(34) Pause Young (Normal) (G1 Evacuation Pause) 201M->89M(256M) 29.747ms
[2022-09-08T05:36:10.989+0000][7][gc,cpu      ] GC(34) User=0.06s Sys=0.00s Real=0.03s
[2022-09-08T05:36:10.990+0000][7][safepoint   ] Safepoint "G1CollectForAllocation", Time since last: 1555994947 ns, Reaching safepoint: 322474 ns, At safepoint: 30882102 ns, Total: 31204576 ns
[2022-09-08T05:36:12.991+0000][7][safepoint   ] Safepoint "Cleanup", Time since last: 2000887789 ns, Reaching safepoint: 330619 ns, At safepoint: 50525 ns, Total: 381144 ns
[2022-09-08T05:36:20.994+0000][7][safepoint   ] Safepoint "Cleanup", Time since last: 8001947981 ns, Reaching safepoint: 592630 ns, At safepoint: 72065 ns, Total: 664695 ns
[2022-09-08T05:36:28.997+0000][7][safepoint   ] Safepoint "Cleanup", Time since last: 8002458998 ns, Reaching safepoint: 441076 ns, At safepoint: 56326 ns, Total: 497402 ns
[2022-09-08T05:36:30.999+0000][7][safepoint   ] Safepoint "Cleanup", Time since last: 2001019004 ns, Reaching safepoint: 758541 ns, At safepoint: 61966 ns, Total: 820507 ns
[2022-09-08T05:36:41.001+0000][7][safepoint   ] Safepoint "Cleanup", Time since last: 10002527652 ns, Reaching safepoint: 223118 ns, At safepoint: 7574 ns, Total: 230692 ns
[2022-09-08T05:36:45.003+0000][7][safepoint   ] Safepoint "Cleanup", Time since last: 4001782911 ns, Reaching safepoint: 318717 ns, At safepoint: 60193 ns, Total: 378910 ns
[2022-09-08T05:36:51.005+0000][7][safepoint   ] Safepoint "Cleanup", Time since last: 6001475220 ns, Reaching safepoint: 397224 ns, At safepoint: 12994 ns, Total: 410218 ns
[2022-09-08T05:37:11.009+0000][7][safepoint   ] Safepoint "Cleanup", Time since last: 20004105936 ns, Reaching safepoint: 440345 ns, At safepoint: 28063 ns, Total: 468408 ns
[2022-09-08T05:37:21.012+0000][7][safepoint   ] Safepoint "Cleanup", Time since last: 10002139174 ns, Reaching safepoint: 579015 ns, At safepoint: 44504 ns, Total: 623519 ns
[2022-09-08T05:37:27.015+0000][7][safepoint   ] Safepoint "Cleanup", Time since last: 6001919431 ns, Reaching safepoint: 381665 ns, At safepoint: 75852 ns, Total: 457517 ns
[2022-09-08T05:37:28.016+0000][7][safepoint   ] Safepoint "Cleanup", Time since last: 1000699419 ns, Reaching safepoint: 323686 ns, At safepoint: 21871 ns, Total: 345557 ns
[2022-09-08T05:37:36.018+0000][7][safepoint   ] Safepoint "Cleanup", Time since last: 8002245228 ns, Reaching safepoint: 356558 ns, At safepoint: 69911 ns, Total: 426469 ns
[2022-09-08T05:37:59.025+0000][7][safepoint   ] Safepoint "Cleanup", Time since last: 23006564675 ns, Reaching safepoint: 296635 ns, At safepoint: 13876 ns, Total: 310511 ns
[2022-09-08T05:38:11.028+0000][7][safepoint   ] Safepoint "Cleanup", Time since last: 12002545230 ns, Reaching safepoint: 297047 ns, At safepoint: 6662 ns, Total: 303709 ns
[2022-09-08T05:38:35.033+0000][7][safepoint   ] Safepoint "Cleanup", Time since last: 24004585456 ns, Reaching safepoint: 345497 ns, At safepoint: 56766 ns, Total: 402263 ns
[2022-09-08T05:38:47.036+0000][7][safepoint   ] Safepoint "Cleanup", Time since last: 12002394258 ns, Reaching safepoint: 437710 ns, At safepoint: 217708 ns, Total: 655418 ns
[2022-09-08T05:38:51.038+0000][7][safepoint   ] Safepoint "Cleanup", Time since last: 4001188207 ns, Reaching safepoint: 343684 ns, At safepoint: 15479 ns, Total: 359163 ns
[2022-09-08T05:39:03.041+0000][7][safepoint   ] Safepoint "Cleanup", Time since last: 12002341429 ns, Reaching safepoint: 275546 ns, At safepoint: 59972 ns, Total: 335518 ns
[2022-09-08T05:39:05.042+0000][7][safepoint   ] Safepoint "Cleanup", Time since last: 2000957519 ns, Reaching safepoint: 281788 ns, At safepoint: 14377 ns, Total: 296165 ns
[2022-09-08T05:39:11.044+0000][7][safepoint   ] Safepoint "Cleanup", Time since last: 6001446055 ns, Reaching safepoint: 329277 ns, At safepoint: 59682 ns, Total: 388959 ns
[2022-09-08T05:39:21.046+0000][7][safepoint   ] Safepoint "Cleanup", Time since last: 10002242588 ns, Reaching safepoint: 388939 ns, At safepoint: 44463 ns, Total: 433402 ns
[2022-09-08T05:39:30.677+0000][7][gc,start    ] GC(35) Pause Young (Concurrent Start) (G1 Evacuation Pause)
[2022-09-08T05:39:30.678+0000][7][gc,task     ] GC(35) Using 6 workers of 6 for evacuation
[2022-09-08T05:39:30.678+0000][7][gc,age      ] GC(35) Desired survivor size 8388608 bytes, new threshold 15 (max threshold 15)
[2022-09-08T05:39:30.731+0000][7][gc,age      ] GC(35) Age table with threshold 15 (max threshold 15)
[2022-09-08T05:39:30.732+0000][7][gc,age      ] GC(35) - age   1:      45752 bytes,      45752 total
[2022-09-08T05:39:30.732+0000][7][gc,age      ] GC(35) - age   2:      56464 bytes,     102216 total
[2022-09-08T05:39:30.732+0000][7][gc,age      ] GC(35) - age   3:      31328 bytes,     133544 total
[2022-09-08T05:39:30.732+0000][7][gc,age      ] GC(35) - age   4:      25736 bytes,     159280 total
[2022-09-08T05:39:30.733+0000][7][gc,age      ] GC(35) - age   5:      43352 bytes,     202632 total
[2022-09-08T05:39:30.733+0000][7][gc,age      ] GC(35) - age   6:      32328 bytes,     234960 total
[2022-09-08T05:39:30.733+0000][7][gc,age      ] GC(35) - age   7:     549664 bytes,     784624 total
[2022-09-08T05:39:30.734+0000][7][gc,age      ] GC(35) - age   8:    4916504 bytes,    5701128 total
[2022-09-08T05:39:30.734+0000][7][gc,phases   ] GC(35)   Pre Evacuate Collection Set: 0.8ms
[2022-09-08T05:39:30.734+0000][7][gc,phases   ] GC(35)   Merge Heap Roots: 0.3ms
[2022-09-08T05:39:30.735+0000][7][gc,phases   ] GC(35)   Evacuate Collection Set: 45.1ms
[2022-09-08T05:39:30.735+0000][7][gc,phases   ] GC(35)   Post Evacuate Collection Set: 4.6ms
[2022-09-08T05:39:30.735+0000][7][gc,phases   ] GC(35)   Other: 6.3ms
[2022-09-08T05:39:30.736+0000][7][gc,heap     ] GC(35) Eden regions: 28->0(28)
[2022-09-08T05:39:30.736+0000][7][gc,heap     ] GC(35) Survivor regions: 2->2(4)
[2022-09-08T05:39:30.736+0000][7][gc,heap     ] GC(35) Old regions: 18->18
[2022-09-08T05:39:30.737+0000][7][gc,heap     ] GC(35) Archive regions: 2->2
[2022-09-08T05:39:30.737+0000][7][gc,heap     ] GC(35) Humongous regions: 2->2
[2022-09-08T05:39:30.737+0000][7][gc,metaspace] GC(35) Metaspace: 94941K(99712K)->94941K(99712K) NonClass: 82408K(86016K)->82408K(86016K) Class: 12532K(13696K)->12532K(13696K)
[2022-09-08T05:39:30.738+0000][7][gc          ] GC(35) Pause Young (Concurrent Start) (G1 Evacuation Pause) 201M->89M(256M) 60.468ms
[2022-09-08T05:39:30.738+0000][7][gc,cpu      ] GC(35) User=0.17s Sys=0.03s Real=0.06s
[2022-09-08T05:39:30.739+0000][7][safepoint   ] Safepoint "G1CollectForAllocation", Time since last: 9630401285 ns, Reaching safepoint: 292428 ns, At safepoint: 61451328 ns, Total: 61743756 ns
[2022-09-08T05:39:30.739+0000][7][gc          ] GC(36) Concurrent Cycle
[2022-09-08T05:39:30.740+0000][7][gc,marking  ] GC(36) Concurrent Clear Claimed Marks
[2022-09-08T05:39:30.741+0000][7][gc,marking  ] GC(36) Concurrent Clear Claimed Marks 0.764ms
[2022-09-08T05:39:30.742+0000][7][gc,marking  ] GC(36) Concurrent Scan Root Regions
[2022-09-08T05:39:30.786+0000][7][gc,marking  ] GC(36) Concurrent Scan Root Regions 43.894ms
[2022-09-08T05:39:30.786+0000][7][gc,marking  ] GC(36) Concurrent Mark (1373.287s)
[2022-09-08T05:39:30.786+0000][7][gc,marking  ] GC(36) Concurrent Mark From Roots
[2022-09-08T05:39:30.787+0000][7][gc,task     ] GC(36) Using 2 workers of 2 for marking
[2022-09-08T05:39:31.191+0000][7][gc,marking  ] GC(36) Concurrent Mark From Roots 404.417ms
[2022-09-08T05:39:31.191+0000][7][gc,marking  ] GC(36) Concurrent Preclean
[2022-09-08T05:39:31.192+0000][7][gc,marking  ] GC(36) Concurrent Preclean 0.716ms
[2022-09-08T05:39:31.192+0000][7][gc,marking  ] GC(36) Concurrent Mark (1373.287s, 1373.693s) 406.317ms
[2022-09-08T05:39:31.193+0000][7][gc,start    ] GC(36) Pause Remark
[2022-09-08T05:39:31.260+0000][7][gc          ] GC(36) Pause Remark 91M->91M(256M) 66.909ms
[2022-09-08T05:39:31.261+0000][7][gc,cpu      ] GC(36) User=0.38s Sys=0.00s Real=0.07s
[2022-09-08T05:39:31.261+0000][7][safepoint   ] Safepoint "G1Concurrent", Time since last: 454350618 ns, Reaching safepoint: 410539 ns, At safepoint: 67983925 ns, Total: 68394464 ns
[2022-09-08T05:39:31.262+0000][7][gc,marking  ] GC(36) Concurrent Rebuild Remembered Sets
[2022-09-08T05:39:31.332+0000][7][gc,marking  ] GC(36) Concurrent Rebuild Remembered Sets 70.377ms
[2022-09-08T05:39:31.333+0000][7][gc,start    ] GC(36) Pause Cleanup
[2022-09-08T05:39:31.334+0000][7][gc          ] GC(36) Pause Cleanup 91M->91M(256M) 0.627ms
[2022-09-08T05:39:31.334+0000][7][gc,cpu      ] GC(36) User=0.00s Sys=0.00s Real=0.00s
[2022-09-08T05:39:31.335+0000][7][safepoint   ] Safepoint "G1Concurrent", Time since last: 71482218 ns, Reaching safepoint: 400650 ns, At safepoint: 1369205 ns, Total: 1769855 ns
[2022-09-08T05:39:31.335+0000][7][gc,marking  ] GC(36) Concurrent Cleanup for Next Mark
[2022-09-08T05:39:31.356+0000][7][gc,marking  ] GC(36) Concurrent Cleanup for Next Mark 20.912ms
[2022-09-08T05:39:31.356+0000][7][gc          ] GC(36) Concurrent Cycle 617.761ms
[2022-09-08T05:39:51.344+0000][7][safepoint   ] Safepoint "Cleanup", Time since last: 20008790862 ns, Reaching safepoint: 769412 ns, At safepoint: 88115 ns, Total: 857527 ns
[2022-09-08T05:40:03.348+0000][7][safepoint   ] Safepoint "Cleanup", Time since last: 12003812525 ns, Reaching safepoint: 315661 ns, At safepoint: 61315 ns, Total: 376976 ns
[2022-09-08T05:40:21.352+0000][7][safepoint   ] Safepoint "Cleanup", Time since last: 18003190545 ns, Reaching safepoint: 316133 ns, At safepoint: 17593 ns, Total: 333726 ns
[2022-09-08T05:40:31.354+0000][7][safepoint   ] Safepoint "Cleanup", Time since last: 10001982491 ns, Reaching safepoint: 363381 ns, At safepoint: 56806 ns, Total: 420187 ns
[2022-09-08T05:40:49.358+0000][7][safepoint   ] Safepoint "Cleanup", Time since last: 18003691233 ns, Reaching safepoint: 274674 ns, At safepoint: 59071 ns, Total: 333745 ns
[2022-09-08T05:40:51.359+0000][7][safepoint   ] Safepoint "Cleanup", Time since last: 2000741194 ns, Reaching safepoint: 354093 ns, At safepoint: 73017 ns, Total: 427110 ns
[2022-09-08T05:41:19.365+0000][7][safepoint   ] Safepoint "Cleanup", Time since last: 28005055466 ns, Reaching safepoint: 335789 ns, At safepoint: 52368 ns, Total: 388157 ns
[2022-09-08T05:41:21.366+0000][7][safepoint   ] Safepoint "Cleanup", Time since last: 2000612183 ns, Reaching safepoint: 581830 ns, At safepoint: 15338 ns, Total: 597168 ns
[2022-09-08T05:41:39.370+0000][7][safepoint   ] Safepoint "Cleanup", Time since last: 18003431006 ns, Reaching safepoint: 280446 ns, At safepoint: 12223 ns, Total: 292669 ns
[2022-09-08T05:41:51.373+0000][7][safepoint   ] Safepoint "Cleanup", Time since last: 12002494405 ns, Reaching safepoint: 392947 ns, At safepoint: 77555 ns, Total: 470502 ns
[2022-09-08T05:41:52.374+0000][7][safepoint   ] Safepoint "Cleanup", Time since last: 1000796740 ns, Reaching safepoint: 412393 ns, At safepoint: 70522 ns, Total: 482915 ns
[2022-09-08T05:41:57.376+0000][7][safepoint   ] Safepoint "Cleanup", Time since last: 5001492985 ns, Reaching safepoint: 491561 ns, At safepoint: 62086 ns, Total: 553647 ns
[2022-09-08T05:42:03.378+0000][7][safepoint   ] Safepoint "Cleanup", Time since last: 6001615292 ns, Reaching safepoint: 305303 ns, At safepoint: 66444 ns, Total: 371747 ns
[2022-09-08T05:42:05.379+0000][7][safepoint   ] Safepoint "Cleanup", Time since last: 2000848385 ns, Reaching safepoint: 407593 ns, At safepoint: 66365 ns, Total: 473958 ns
[2022-09-08T05:42:10.381+0000][7][safepoint   ] Safepoint "Cleanup", Time since last: 5001619541 ns, Reaching safepoint: 442099 ns, At safepoint: 57157 ns, Total: 499256 ns
[2022-09-08T05:42:11.385+0000][7][safepoint   ] Safepoint "Cleanup", Time since last: 1004261451 ns, Reaching safepoint: 397704 ns, At safepoint: 55374 ns, Total: 453078 ns
[2022-09-08T05:42:21.389+0000][7][safepoint   ] Safepoint "Cleanup", Time since last: 10003891929 ns, Reaching safepoint: 337692 ns, At safepoint: 6402 ns, Total: 344094 ns
[2022-09-08T05:42:29.392+0000][7][safepoint   ] Safepoint "Cleanup", Time since last: 8002528669 ns, Reaching safepoint: 362349 ns, At safepoint: 60393 ns, Total: 422742 ns
[2022-09-08T05:42:32.394+0000][7][safepoint   ] Safepoint "Cleanup", Time since last: 3000971613 ns, Reaching safepoint: 392426 ns, At safepoint: 77144 ns, Total: 469570 ns
[2022-09-08T05:42:35.396+0000][7][safepoint   ] Safepoint "Cleanup", Time since last: 3001142884 ns, Reaching safepoint: 637324 ns, At safepoint: 71945 ns, Total: 709269 ns
[2022-09-08T05:42:38.397+0000][7][safepoint   ] Safepoint "Cleanup", Time since last: 3000995067 ns, Reaching safepoint: 405029 ns, At safepoint: 76313 ns, Total: 481342 ns
[2022-09-08T05:42:40.401+0000][7][safepoint   ] Safepoint "Cleanup", Time since last: 2001072343 ns, Reaching safepoint: 324859 ns, At safepoint: 50294 ns, Total: 375153 ns
[2022-09-08T05:42:50.787+0000][7][gc,start    ] GC(37) Pause Young (Normal) (G1 Evacuation Pause)
[2022-09-08T05:42:50.787+0000][7][gc,task     ] GC(37) Using 6 workers of 6 for evacuation
[2022-09-08T05:42:50.788+0000][7][gc,age      ] GC(37) Desired survivor size 8388608 bytes, new threshold 15 (max threshold 15)
[2022-09-08T05:42:50.855+0000][7][gc,age      ] GC(37) Age table with threshold 15 (max threshold 15)
[2022-09-08T05:42:50.855+0000][7][gc,age      ] GC(37) - age   1:     226440 bytes,     226440 total
[2022-09-08T05:42:50.855+0000][7][gc,age      ] GC(37) - age   2:      30352 bytes,     256792 total
[2022-09-08T05:42:50.856+0000][7][gc,age      ] GC(37) - age   3:      56336 bytes,     313128 total
[2022-09-08T05:42:50.856+0000][7][gc,age      ] GC(37) - age   4:      31328 bytes,     344456 total
[2022-09-08T05:42:50.856+0000][7][gc,age      ] GC(37) - age   5:      25736 bytes,     370192 total
[2022-09-08T05:42:50.857+0000][7][gc,age      ] GC(37) - age   6:      43264 bytes,     413456 total
[2022-09-08T05:42:50.857+0000][7][gc,age      ] GC(37) - age   7:      32088 bytes,     445544 total
[2022-09-08T05:42:50.857+0000][7][gc,age      ] GC(37) - age   8:     549664 bytes,     995208 total
[2022-09-08T05:42:50.858+0000][7][gc,age      ] GC(37) - age   9:    4916416 bytes,    5911624 total
[2022-09-08T05:42:50.858+0000][7][gc,phases   ] GC(37)   Pre Evacuate Collection Set: 0.7ms
[2022-09-08T05:42:50.859+0000][7][gc,phases   ] GC(37)   Merge Heap Roots: 1.2ms
[2022-09-08T05:42:50.859+0000][7][gc,phases   ] GC(37)   Evacuate Collection Set: 58.0ms
[2022-09-08T05:42:50.859+0000][7][gc,phases   ] GC(37)   Post Evacuate Collection Set: 5.6ms
[2022-09-08T05:42:50.860+0000][7][gc,phases   ] GC(37)   Other: 6.4ms
[2022-09-08T05:42:50.860+0000][7][gc,heap     ] GC(37) Eden regions: 28->0(28)
[2022-09-08T05:42:50.860+0000][7][gc,heap     ] GC(37) Survivor regions: 2->2(4)
[2022-09-08T05:42:50.861+0000][7][gc,heap     ] GC(37) Old regions: 18->18
[2022-09-08T05:42:50.861+0000][7][gc,heap     ] GC(37) Archive regions: 2->2
[2022-09-08T05:42:50.861+0000][7][gc,heap     ] GC(37) Humongous regions: 2->2
[2022-09-08T05:42:50.862+0000][7][gc,metaspace] GC(37) Metaspace: 95049K(99712K)->95049K(99712K) NonClass: 82515K(86016K)->82515K(86016K) Class: 12534K(13696K)->12534K(13696K)
[2022-09-08T05:42:50.862+0000][7][gc          ] GC(37) Pause Young (Normal) (G1 Evacuation Pause) 201M->89M(256M) 75.224ms
[2022-09-08T05:42:50.863+0000][7][gc,cpu      ] GC(37) User=0.30s Sys=0.00s Real=0.08s
[2022-09-08T05:42:50.863+0000][7][safepoint   ] Safepoint "G1CollectForAllocation", Time since last: 10384107108 ns, Reaching safepoint: 481192 ns, At safepoint: 77053164 ns, Total: 77534356 ns
[2022-09-08T05:42:51.864+0000][7][safepoint   ] Safepoint "Cleanup", Time since last: 1000709827 ns, Reaching safepoint: 312967 ns, At safepoint: 57357 ns, Total: 370324 ns
[2022-09-08T05:42:59.867+0000][7][safepoint   ] Safepoint "Cleanup", Time since last: 8002137927 ns, Reaching safepoint: 383619 ns, At safepoint: 117389 ns, Total: 501008 ns
[2022-09-08T05:43:00.868+0000][7][safepoint   ] Safepoint "Cleanup", Time since last: 1000838689 ns, Reaching safepoint: 531005 ns, At safepoint: 76714 ns, Total: 607719 ns
[2022-09-08T05:43:02.870+0000][7][safepoint   ] Safepoint "Cleanup", Time since last: 2000930839 ns, Reaching safepoint: 442409 ns, At safepoint: 66975 ns, Total: 509384 ns
[2022-09-08T05:43:20.873+0000][7][safepoint   ] Safepoint "Cleanup", Time since last: 18003720258 ns, Reaching safepoint: 428082 ns, At safepoint: 69370 ns, Total: 497452 ns
[2022-09-08T05:43:30.875+0000][7][safepoint   ] Safepoint "Cleanup", Time since last: 10002335332 ns, Reaching safepoint: 292628 ns, At safepoint: 60644 ns, Total: 353272 ns
[2022-09-08T05:43:39.877+0000][7][safepoint   ] Safepoint "Cleanup", Time since last: 9002121452 ns, Reaching safepoint: 274244 ns, At safepoint: 11913 ns, Total: 286157 ns
[2022-09-08T05:43:40.879+0000][7][safepoint   ] Safepoint "Cleanup", Time since last: 1000851362 ns, Reaching safepoint: 318026 ns, At safepoint: 19516 ns, Total: 337542 ns
[2022-09-08T05:43:46.881+0000][7][safepoint   ] Safepoint "Cleanup", Time since last: 6001645329 ns, Reaching safepoint: 466674 ns, At safepoint: 69641 ns, Total: 536315 ns
[2022-09-08T05:43:50.883+0000][7][safepoint   ] Safepoint "Cleanup", Time since last: 4001333308 ns, Reaching safepoint: 415399 ns, At safepoint: 68017 ns, Total: 483416 ns
[2022-09-08T05:44:00.885+0000][7][safepoint   ] Safepoint "Cleanup", Time since last: 10002230436 ns, Reaching safepoint: 308959 ns, At safepoint: 12212 ns, Total: 321171 ns
[2022-09-08T05:44:06.887+0000][7][safepoint   ] Safepoint "Cleanup", Time since last: 6001491431 ns, Reaching safepoint: 529682 ns, At safepoint: 64000 ns, Total: 593682 ns
[2022-09-08T05:44:09.889+0000][7][safepoint   ] Safepoint "Cleanup", Time since last: 3001101475 ns, Reaching safepoint: 431238 ns, At safepoint: 6122 ns, Total: 437360 ns
[2022-09-08T05:44:20.892+0000][7][safepoint   ] Safepoint "Cleanup", Time since last: 11002655760 ns, Reaching safepoint: 290334 ns, At safepoint: 58630 ns, Total: 348964 ns
[2022-09-08T05:44:36.896+0000][7][safepoint   ] Safepoint "Cleanup", Time since last: 16003358745 ns, Reaching safepoint: 298660 ns, At safepoint: 6773 ns, Total: 305433 ns
[2022-09-08T05:44:39.897+0000][7][safepoint   ] Safepoint "Cleanup", Time since last: 3001115632 ns, Reaching safepoint: 351539 ns, At safepoint: 56737 ns, Total: 408276 ns
[2022-09-08T05:44:40.898+0000][7][safepoint   ] Safepoint "Cleanup", Time since last: 1000920461 ns, Reaching safepoint: 411080 ns, At safepoint: 65002 ns, Total: 476082 ns
[2022-09-08T05:44:52.902+0000][7][safepoint   ] Safepoint "Cleanup", Time since last: 12003074092 ns, Reaching safepoint: 606826 ns, At safepoint: 65313 ns, Total: 672139 ns
[2022-09-08T05:44:58.904+0000][7][safepoint   ] Safepoint "Cleanup", Time since last: 6001379631 ns, Reaching safepoint: 481852 ns, At safepoint: 65854 ns, Total: 547706 ns
[2022-09-08T05:44:59.905+0000][7][safepoint   ] Safepoint "Cleanup", Time since last: 1000691613 ns, Reaching safepoint: 270096 ns, At safepoint: 12393 ns, Total: 282489 ns
[2022-09-08T05:45:00.906+0000][7][safepoint   ] Safepoint "Cleanup", Time since last: 1000836225 ns, Reaching safepoint: 314879 ns, At safepoint: 11883 ns, Total: 326762 ns
[2022-09-08T05:45:09.909+0000][7][safepoint   ] Safepoint "Cleanup", Time since last: 9002107506 ns, Reaching safepoint: 338915 ns, At safepoint: 6673 ns, Total: 345588 ns
[2022-09-08T05:45:10.910+0000][7][safepoint   ] Safepoint "Cleanup", Time since last: 1000833950 ns, Reaching safepoint: 271619 ns, At safepoint: 6722 ns, Total: 278341 ns
[2022-09-08T05:45:36.915+0000][7][safepoint   ] Safepoint "Cleanup", Time since last: 26005085568 ns, Reaching safepoint: 440876 ns, At safepoint: 61586 ns, Total: 502462 ns
[2022-09-08T05:45:39.917+0000][7][safepoint   ] Safepoint "Cleanup", Time since last: 3001098600 ns, Reaching safepoint: 459030 ns, At safepoint: 67637 ns, Total: 526667 ns
[2022-09-08T05:45:50.920+0000][7][safepoint   ] Safepoint "Cleanup", Time since last: 11002344426 ns, Reaching safepoint: 394029 ns, At safepoint: 82134 ns, Total: 476163 ns
[2022-09-08T05:45:59.922+0000][7][safepoint   ] Safepoint "Cleanup", Time since last: 9002173350 ns, Reaching safepoint: 346189 ns, At safepoint: 61104 ns, Total: 407293 ns
[2022-09-08T05:46:10.925+0000][7][safepoint   ] Safepoint "Cleanup", Time since last: 11002450055 ns, Reaching safepoint: 440225 ns, At safepoint: 72165 ns, Total: 512390 ns
[2022-09-08T05:46:20.684+0000][7][gc,start    ] GC(38) Pause Young (Concurrent Start) (G1 Evacuation Pause)
[2022-09-08T05:46:20.684+0000][7][gc,task     ] GC(38) Using 6 workers of 6 for evacuation
[2022-09-08T05:46:20.685+0000][7][gc,age      ] GC(38) Desired survivor size 8388608 bytes, new threshold 15 (max threshold 15)
[2022-09-08T05:46:20.710+0000][7][gc,age      ] GC(38) Age table with threshold 15 (max threshold 15)
[2022-09-08T05:46:20.711+0000][7][gc,age      ] GC(38) - age   1:      88312 bytes,      88312 total
[2022-09-08T05:46:20.711+0000][7][gc,age      ] GC(38) - age   2:      17424 bytes,     105736 total
[2022-09-08T05:46:20.712+0000][7][gc,age      ] GC(38) - age   3:      30240 bytes,     135976 total
[2022-09-08T05:46:20.712+0000][7][gc,age      ] GC(38) - age   4:      56096 bytes,     192072 total
[2022-09-08T05:46:20.713+0000][7][gc,age      ] GC(38) - age   5:      31328 bytes,     223400 total
[2022-09-08T05:46:20.713+0000][7][gc,age      ] GC(38) - age   6:      25736 bytes,     249136 total
[2022-09-08T05:46:20.714+0000][7][gc,age      ] GC(38) - age   7:      43024 bytes,     292160 total
[2022-09-08T05:46:20.714+0000][7][gc,age      ] GC(38) - age   8:      32088 bytes,     324248 total
[2022-09-08T05:46:20.715+0000][7][gc,age      ] GC(38) - age   9:     549664 bytes,     873912 total
[2022-09-08T05:46:20.715+0000][7][gc,age      ] GC(38) - age  10:    4916416 bytes,    5790328 total
[2022-09-08T05:46:20.716+0000][7][gc,phases   ] GC(38)   Pre Evacuate Collection Set: 5.6ms
[2022-09-08T05:46:20.716+0000][7][gc,phases   ] GC(38)   Merge Heap Roots: 0.4ms
[2022-09-08T05:46:20.717+0000][7][gc,phases   ] GC(38)   Evacuate Collection Set: 14.2ms
[2022-09-08T05:46:20.717+0000][7][gc,phases   ] GC(38)   Post Evacuate Collection Set: 3.6ms
[2022-09-08T05:46:20.718+0000][7][gc,phases   ] GC(38)   Other: 8.4ms
[2022-09-08T05:46:20.718+0000][7][gc,heap     ] GC(38) Eden regions: 28->0(28)
[2022-09-08T05:46:20.719+0000][7][gc,heap     ] GC(38) Survivor regions: 2->2(4)
[2022-09-08T05:46:20.719+0000][7][gc,heap     ] GC(38) Old regions: 18->18
[2022-09-08T05:46:20.720+0000][7][gc,heap     ] GC(38) Archive regions: 2->2
[2022-09-08T05:46:20.720+0000][7][gc,heap     ] GC(38) Humongous regions: 2->2
[2022-09-08T05:46:20.720+0000][7][gc,metaspace] GC(38) Metaspace: 95123K(99712K)->95123K(99712K) NonClass: 82589K(86016K)->82589K(86016K) Class: 12534K(13696K)->12534K(13696K)
[2022-09-08T05:46:20.721+0000][7][gc          ] GC(38) Pause Young (Concurrent Start) (G1 Evacuation Pause) 201M->89M(256M) 37.336ms
[2022-09-08T05:46:20.722+0000][7][gc,cpu      ] GC(38) User=0.09s Sys=0.00s Real=0.04s
[2022-09-08T05:46:20.722+0000][7][safepoint   ] Safepoint "G1CollectForAllocation", Time since last: 9757832854 ns, Reaching safepoint: 729977 ns, At safepoint: 38613155 ns, Total: 39343132 ns
[2022-09-08T05:46:20.722+0000][7][gc          ] GC(39) Concurrent Cycle
[2022-09-08T05:46:20.723+0000][7][gc,marking  ] GC(39) Concurrent Clear Claimed Marks
[2022-09-08T05:46:20.724+0000][7][gc,marking  ] GC(39) Concurrent Clear Claimed Marks 0.785ms
[2022-09-08T05:46:20.724+0000][7][gc,marking  ] GC(39) Concurrent Scan Root Regions
[2022-09-08T05:46:20.735+0000][7][gc,marking  ] GC(39) Concurrent Scan Root Regions 10.812ms
[2022-09-08T05:46:20.736+0000][7][gc,marking  ] GC(39) Concurrent Mark (1783.237s)
[2022-09-08T05:46:20.736+0000][7][gc,marking  ] GC(39) Concurrent Mark From Roots
[2022-09-08T05:46:20.737+0000][7][gc,task     ] GC(39) Using 2 workers of 2 for marking
[2022-09-08T05:46:20.862+0000][7][gc,marking  ] GC(39) Concurrent Mark From Roots 125.460ms
[2022-09-08T05:46:20.862+0000][7][gc,marking  ] GC(39) Concurrent Preclean
[2022-09-08T05:46:20.863+0000][7][gc,marking  ] GC(39) Concurrent Preclean 0.607ms
[2022-09-08T05:46:20.863+0000][7][gc,marking  ] GC(39) Concurrent Mark (1783.237s, 1783.364s) 127.452ms
[2022-09-08T05:46:20.864+0000][7][gc,start    ] GC(39) Pause Remark
[2022-09-08T05:46:20.892+0000][7][gc          ] GC(39) Pause Remark 92M->92M(256M) 27.817ms
[2022-09-08T05:46:20.893+0000][7][gc,cpu      ] GC(39) User=0.12s Sys=0.01s Real=0.03s
[2022-09-08T05:46:20.893+0000][7][safepoint   ] Safepoint "G1Concurrent", Time since last: 141590823 ns, Reaching safepoint: 520245 ns, At safepoint: 28845656 ns, Total: 29365901 ns
[2022-09-08T05:46:20.894+0000][7][gc,marking  ] GC(39) Concurrent Rebuild Remembered Sets
[2022-09-08T05:46:20.965+0000][7][gc,marking  ] GC(39) Concurrent Rebuild Remembered Sets 71.288ms
[2022-09-08T05:46:20.966+0000][7][gc,start    ] GC(39) Pause Cleanup
[2022-09-08T05:46:20.967+0000][7][gc          ] GC(39) Pause Cleanup 92M->92M(256M) 0.894ms
[2022-09-08T05:46:20.968+0000][7][gc,cpu      ] GC(39) User=0.00s Sys=0.00s Real=0.00s
[2022-09-08T05:46:20.968+0000][7][safepoint   ] Safepoint "G1Concurrent", Time since last: 72408624 ns, Reaching safepoint: 566130 ns, At safepoint: 1978186 ns, Total: 2544316 ns
[2022-09-08T05:46:20.969+0000][7][gc,marking  ] GC(39) Concurrent Cleanup for Next Mark
[2022-09-08T05:46:20.990+0000][7][gc,marking  ] GC(39) Concurrent Cleanup for Next Mark 21.342ms
[2022-09-08T05:46:20.991+0000][7][gc          ] GC(39) Concurrent Cycle 268.416ms
[2022-09-08T05:46:33.972+0000][7][safepoint   ] Safepoint "Cleanup", Time since last: 13002797992 ns, Reaching safepoint: 1028537 ns, At safepoint: 60223 ns, Total: 1088760 ns
[2022-09-08T05:46:37.976+0000][7][safepoint   ] Safepoint "Cleanup", Time since last: 4003373059 ns, Reaching safepoint: 312726 ns, At safepoint: 63249 ns, Total: 375975 ns
[2022-09-08T05:46:46.978+0000][7][safepoint   ] Safepoint "Cleanup", Time since last: 9002095084 ns, Reaching safepoint: 597278 ns, At safepoint: 66535 ns, Total: 663813 ns
[2022-09-08T05:46:50.114+0000][7][safepoint   ] Safepoint "Cleanup", Time since last: 3135336240 ns, Reaching safepoint: 235642 ns, At safepoint: 9958 ns, Total: 245600 ns
[2022-09-08T05:46:51.114+0000][7][safepoint   ] Safepoint "Cleanup", Time since last: 1000218207 ns, Reaching safepoint: 254726 ns, At safepoint: 12193 ns, Total: 266919 ns
[2022-09-08T05:46:52.116+0000][7][safepoint   ] Safepoint "Cleanup", Time since last: 1000919922 ns, Reaching safepoint: 405429 ns, At safepoint: 70332 ns, Total: 475761 ns
[2022-09-08T05:47:00.118+0000][7][safepoint   ] Safepoint "Cleanup", Time since last: 8001853644 ns, Reaching safepoint: 423914 ns, At safepoint: 71314 ns, Total: 495228 ns
[2022-09-08T05:47:05.120+0000][7][safepoint   ] Safepoint "Cleanup", Time since last: 5001457128 ns, Reaching safepoint: 492483 ns, At safepoint: 62237 ns, Total: 554720 ns
[2022-09-08T05:47:19.124+0000][7][safepoint   ] Safepoint "Cleanup", Time since last: 14003060801 ns, Reaching safepoint: 325931 ns, At safepoint: 12614 ns, Total: 338545 ns
[2022-09-08T05:47:21.125+0000][7][safepoint   ] Safepoint "Cleanup", Time since last: 2000961306 ns, Reaching safepoint: 327363 ns, At safepoint: 12954 ns, Total: 340317 ns
[2022-09-08T05:47:22.126+0000][7][safepoint   ] Safepoint "Cleanup", Time since last: 1000720668 ns, Reaching safepoint: 395892 ns, At safepoint: 54682 ns, Total: 450574 ns
[2022-09-08T05:47:30.128+0000][7][safepoint   ] Safepoint "Cleanup", Time since last: 8001740563 ns, Reaching safepoint: 273131 ns, At safepoint: 12113 ns, Total: 285244 ns
[2022-09-08T05:47:41.131+0000][7][safepoint   ] Safepoint "Cleanup", Time since last: 11002289454 ns, Reaching safepoint: 370684 ns, At safepoint: 68328 ns, Total: 439012 ns
[2022-09-08T05:47:51.133+0000][7][safepoint   ] Safepoint "Cleanup", Time since last: 10001996638 ns, Reaching safepoint: 256961 ns, At safepoint: 59081 ns, Total: 316042 ns
[2022-09-08T05:48:01.136+0000][7][safepoint   ] Safepoint "Cleanup", Time since last: 10002300106 ns, Reaching safepoint: 372187 ns, At safepoint: 5571 ns, Total: 377758 ns
[2022-09-08T05:48:21.141+0000][7][safepoint   ] Safepoint "Cleanup", Time since last: 20004417118 ns, Reaching safepoint: 342733 ns, At safepoint: 85159 ns, Total: 427892 ns
[2022-09-08T05:48:51.147+0000][7][safepoint   ] Safepoint "Cleanup", Time since last: 30006022583 ns, Reaching safepoint: 343814 ns, At safepoint: 56115 ns, Total: 399929 ns
[2022-09-08T05:49:01.150+0000][7][safepoint   ] Safepoint "Cleanup", Time since last: 10002339010 ns, Reaching safepoint: 378028 ns, At safepoint: 6031 ns, Total: 384059 ns
[2022-09-08T05:49:11.153+0000][7][safepoint   ] Safepoint "Cleanup", Time since last: 10002842171 ns, Reaching safepoint: 326322 ns, At safepoint: 17453 ns, Total: 343775 ns
[2022-09-08T05:49:21.156+0000][7][safepoint   ] Safepoint "Cleanup", Time since last: 10002404732 ns, Reaching safepoint: 379991 ns, At safepoint: 57288 ns, Total: 437279 ns
[2022-09-08T05:49:50.666+0000][7][gc,start    ] GC(40) Pause Young (Normal) (G1 Evacuation Pause)
[2022-09-08T05:49:50.667+0000][7][gc,task     ] GC(40) Using 6 workers of 6 for evacuation
[2022-09-08T05:49:50.668+0000][7][gc,age      ] GC(40) Desired survivor size 8388608 bytes, new threshold 15 (max threshold 15)
[2022-09-08T05:49:50.686+0000][7][gc,age      ] GC(40) Age table with threshold 15 (max threshold 15)
[2022-09-08T05:49:50.687+0000][7][gc,age      ] GC(40) - age   1:      35768 bytes,      35768 total
[2022-09-08T05:49:50.688+0000][7][gc,age      ] GC(40) - age   2:       5000 bytes,      40768 total
[2022-09-08T05:49:50.688+0000][7][gc,age      ] GC(40) - age   3:      17120 bytes,      57888 total
[2022-09-08T05:49:50.689+0000][7][gc,age      ] GC(40) - age   4:      29344 bytes,      87232 total
[2022-09-08T05:49:50.689+0000][7][gc,age      ] GC(40) - age   5:      55856 bytes,     143088 total
[2022-09-08T05:49:50.690+0000][7][gc,age      ] GC(40) - age   6:      31120 bytes,     174208 total
[2022-09-08T05:49:50.690+0000][7][gc,age      ] GC(40) - age   7:      25736 bytes,     199944 total
[2022-09-08T05:49:50.691+0000][7][gc,age      ] GC(40) - age   8:      43024 bytes,     242968 total
[2022-09-08T05:49:50.691+0000][7][gc,age      ] GC(40) - age   9:      32088 bytes,     275056 total
[2022-09-08T05:49:50.692+0000][7][gc,age      ] GC(40) - age  10:     549664 bytes,     824720 total
[2022-09-08T05:49:50.692+0000][7][gc,age      ] GC(40) - age  11:    4916416 bytes,    5741136 total
[2022-09-08T05:49:50.693+0000][7][gc,phases   ] GC(40)   Pre Evacuate Collection Set: 0.4ms
[2022-09-08T05:49:50.694+0000][7][gc,phases   ] GC(40)   Merge Heap Roots: 0.3ms
[2022-09-08T05:49:50.694+0000][7][gc,phases   ] GC(40)   Evacuate Collection Set: 13.5ms
[2022-09-08T05:49:50.695+0000][7][gc,phases   ] GC(40)   Post Evacuate Collection Set: 3.5ms
[2022-09-08T05:49:50.695+0000][7][gc,phases   ] GC(40)   Other: 9.7ms
[2022-09-08T05:49:50.696+0000][7][gc,heap     ] GC(40) Eden regions: 28->0(28)
[2022-09-08T05:49:50.696+0000][7][gc,heap     ] GC(40) Survivor regions: 2->2(4)
[2022-09-08T05:49:50.697+0000][7][gc,heap     ] GC(40) Old regions: 18->18
[2022-09-08T05:49:50.697+0000][7][gc,heap     ] GC(40) Archive regions: 2->2
[2022-09-08T05:49:50.698+0000][7][gc,heap     ] GC(40) Humongous regions: 2->2
[2022-09-08T05:49:50.698+0000][7][gc,metaspace] GC(40) Metaspace: 95186K(99968K)->95186K(99968K) NonClass: 82652K(86272K)->82652K(86272K) Class: 12534K(13696K)->12534K(13696K)
[2022-09-08T05:49:50.699+0000][7][gc          ] GC(40) Pause Young (Normal) (G1 Evacuation Pause) 201M->89M(256M) 33.229ms
[2022-09-08T05:49:50.700+0000][7][gc,cpu      ] GC(40) User=0.07s Sys=0.00s Real=0.04s
[2022-09-08T05:49:50.700+0000][7][safepoint   ] Safepoint "G1CollectForAllocation", Time since last: 29508389734 ns, Reaching safepoint: 1231196 ns, At safepoint: 34517953 ns, Total: 35749149 ns
[2022-09-08T05:49:51.701+0000][7][safepoint   ] Safepoint "Cleanup", Time since last: 1000595143 ns, Reaching safepoint: 407453 ns, At safepoint: 58870 ns, Total: 466323 ns
[2022-09-08T05:49:54.703+0000][7][safepoint   ] Safepoint "Cleanup", Time since last: 3001050752 ns, Reaching safepoint: 476963 ns, At safepoint: 9869 ns, Total: 486832 ns
[2022-09-08T05:50:01.705+0000][7][safepoint   ] Safepoint "Cleanup", Time since last: 7001931172 ns, Reaching safepoint: 329697 ns, At safepoint: 20328 ns, Total: 350025 ns
[2022-09-08T05:50:02.785+0000][7][safepoint   ] Safepoint "Cleanup", Time since last: 1079029545 ns, Reaching safepoint: 402193 ns, At safepoint: 53380 ns, Total: 455573 ns
[2022-09-08T05:50:03.786+0000][7][safepoint   ] Safepoint "Cleanup", Time since last: 1000988129 ns, Reaching safepoint: 537467 ns, At safepoint: 93825 ns, Total: 631292 ns
[2022-09-08T05:50:04.788+0000][7][safepoint   ] Safepoint "Cleanup", Time since last: 1000841865 ns, Reaching safepoint: 473337 ns, At safepoint: 66134 ns, Total: 539471 ns
[2022-09-08T05:50:10.790+0000][7][safepoint   ] Safepoint "Cleanup", Time since last: 6001373308 ns, Reaching safepoint: 444223 ns, At safepoint: 22612 ns, Total: 466835 ns
[2022-09-08T05:50:20.792+0000][7][safepoint   ] Safepoint "Cleanup", Time since last: 10002001046 ns, Reaching safepoint: 435806 ns, At safepoint: 82866 ns, Total: 518672 ns
[2022-09-08T05:50:50.800+0000][7][safepoint   ] Safepoint "Cleanup", Time since last: 30006464451 ns, Reaching safepoint: 469820 ns, At safepoint: 67757 ns, Total: 537577 ns
[2022-09-08T05:51:00.802+0000][7][safepoint   ] Safepoint "Cleanup", Time since last: 10002417967 ns, Reaching safepoint: 390792 ns, At safepoint: 62847 ns, Total: 453639 ns
[2022-09-08T05:51:20.806+0000][7][safepoint   ] Safepoint "Cleanup", Time since last: 20003643711 ns, Reaching safepoint: 442809 ns, At safepoint: 113583 ns, Total: 556392 ns
[2022-09-08T05:51:34.810+0000][7][safepoint   ] Safepoint "Cleanup", Time since last: 14002913516 ns, Reaching safepoint: 418404 ns, At safepoint: 11802 ns, Total: 430206 ns
[2022-09-08T05:51:36.811+0000][7][safepoint   ] Safepoint "Cleanup", Time since last: 2001041918 ns, Reaching safepoint: 385822 ns, At safepoint: 70513 ns, Total: 456335 ns
[2022-09-08T05:51:41.813+0000][7][safepoint   ] Safepoint "Cleanup", Time since last: 5001419407 ns, Reaching safepoint: 319588 ns, At safepoint: 13085 ns, Total: 332673 ns
[2022-09-08T05:51:50.815+0000][7][safepoint   ] Safepoint "Cleanup", Time since last: 9001909556 ns, Reaching safepoint: 501710 ns, At safepoint: 74650 ns, Total: 576360 ns
[2022-09-08T05:52:00.818+0000][7][safepoint   ] Safepoint "Cleanup", Time since last: 10002133124 ns, Reaching safepoint: 331220 ns, At safepoint: 61034 ns, Total: 392254 ns
[2022-09-08T05:52:08.820+0000][7][safepoint   ] Safepoint "Cleanup", Time since last: 8002167683 ns, Reaching safepoint: 345778 ns, At safepoint: 69590 ns, Total: 415368 ns
[2022-09-08T05:52:50.829+0000][7][safepoint   ] Safepoint "Cleanup", Time since last: 42007896737 ns, Reaching safepoint: 369192 ns, At safepoint: 62637 ns, Total: 431829 ns
[2022-09-08T05:53:04.832+0000][7][safepoint   ] Safepoint "Cleanup", Time since last: 14002712149 ns, Reaching safepoint: 317726 ns, At safepoint: 14587 ns, Total: 332313 ns
[2022-09-08T05:53:10.969+0000][7][gc,start    ] GC(41) Pause Young (Concurrent Start) (G1 Evacuation Pause)
[2022-09-08T05:53:10.970+0000][7][gc,task     ] GC(41) Using 6 workers of 6 for evacuation
[2022-09-08T05:53:10.970+0000][7][gc,age      ] GC(41) Desired survivor size 8388608 bytes, new threshold 15 (max threshold 15)
[2022-09-08T05:53:11.007+0000][7][gc,age      ] GC(41) Age table with threshold 15 (max threshold 15)
[2022-09-08T05:53:11.007+0000][7][gc,age      ] GC(41) - age   1:      19816 bytes,      19816 total
[2022-09-08T05:53:11.008+0000][7][gc,age      ] GC(41) - age   2:       3536 bytes,      23352 total
[2022-09-08T05:53:11.008+0000][7][gc,age      ] GC(41) - age   3:       4520 bytes,      27872 total
[2022-09-08T05:53:11.009+0000][7][gc,age      ] GC(41) - age   4:      17120 bytes,      44992 total
[2022-09-08T05:53:11.009+0000][7][gc,age      ] GC(41) - age   5:      29344 bytes,      74336 total
[2022-09-08T05:53:11.010+0000][7][gc,age      ] GC(41) - age   6:      55856 bytes,     130192 total
[2022-09-08T05:53:11.010+0000][7][gc,age      ] GC(41) - age   7:      31120 bytes,     161312 total
[2022-09-08T05:53:11.011+0000][7][gc,age      ] GC(41) - age   8:      25736 bytes,     187048 total
[2022-09-08T05:53:11.011+0000][7][gc,age      ] GC(41) - age   9:      43024 bytes,     230072 total
[2022-09-08T05:53:11.012+0000][7][gc,age      ] GC(41) - age  10:      32088 bytes,     262160 total
[2022-09-08T05:53:11.012+0000][7][gc,age      ] GC(41) - age  11:     549664 bytes,     811824 total
[2022-09-08T05:53:11.013+0000][7][gc,age      ] GC(41) - age  12:    4916416 bytes,    5728240 total
[2022-09-08T05:53:11.013+0000][7][gc,phases   ] GC(41)   Pre Evacuate Collection Set: 0.5ms
[2022-09-08T05:53:11.014+0000][7][gc,phases   ] GC(41)   Merge Heap Roots: 0.3ms
[2022-09-08T05:53:11.014+0000][7][gc,phases   ] GC(41)   Evacuate Collection Set: 27.6ms
[2022-09-08T05:53:11.015+0000][7][gc,phases   ] GC(41)   Post Evacuate Collection Set: 6.3ms
[2022-09-08T05:53:11.015+0000][7][gc,phases   ] GC(41)   Other: 9.5ms
[2022-09-08T05:53:11.016+0000][7][gc,heap     ] GC(41) Eden regions: 28->0(28)
[2022-09-08T05:53:11.016+0000][7][gc,heap     ] GC(41) Survivor regions: 2->2(4)
[2022-09-08T05:53:11.016+0000][7][gc,heap     ] GC(41) Old regions: 18->18
[2022-09-08T05:53:11.017+0000][7][gc,heap     ] GC(41) Archive regions: 2->2
[2022-09-08T05:53:11.017+0000][7][gc,heap     ] GC(41) Humongous regions: 2->2
[2022-09-08T05:53:11.018+0000][7][gc,metaspace] GC(41) Metaspace: 95226K(99968K)->95226K(99968K) NonClass: 82692K(86272K)->82692K(86272K) Class: 12534K(13696K)->12534K(13696K)
[2022-09-08T05:53:11.018+0000][7][gc          ] GC(41) Pause Young (Concurrent Start) (G1 Evacuation Pause) 201M->89M(256M) 49.114ms
[2022-09-08T05:53:11.019+0000][7][gc,cpu      ] GC(41) User=0.12s Sys=0.02s Real=0.05s
[2022-09-08T05:53:11.019+0000][7][safepoint   ] Safepoint "G1CollectForAllocation", Time since last: 6136838306 ns, Reaching safepoint: 674924 ns, At safepoint: 50317641 ns, Total: 50992565 ns
[2022-09-08T05:53:11.020+0000][7][gc          ] GC(42) Concurrent Cycle
[2022-09-08T05:53:11.020+0000][7][gc,marking  ] GC(42) Concurrent Clear Claimed Marks
[2022-09-08T05:53:11.021+0000][7][gc,marking  ] GC(42) Concurrent Clear Claimed Marks 0.816ms
[2022-09-08T05:53:11.022+0000][7][gc,marking  ] GC(42) Concurrent Scan Root Regions
[2022-09-08T05:53:11.064+0000][7][gc,marking  ] GC(42) Concurrent Scan Root Regions 42.370ms
[2022-09-08T05:53:11.064+0000][7][gc,marking  ] GC(42) Concurrent Mark (2193.565s)
[2022-09-08T05:53:11.065+0000][7][gc,marking  ] GC(42) Concurrent Mark From Roots
[2022-09-08T05:53:11.065+0000][7][gc,task     ] GC(42) Using 2 workers of 2 for marking
[2022-09-08T05:53:11.464+0000][7][gc,marking  ] GC(42) Concurrent Mark From Roots 399.010ms
[2022-09-08T05:53:11.464+0000][7][gc,marking  ] GC(42) Concurrent Preclean
[2022-09-08T05:53:11.465+0000][7][gc,marking  ] GC(42) Concurrent Preclean 0.771ms
[2022-09-08T05:53:11.466+0000][7][gc,marking  ] GC(42) Concurrent Mark (2193.565s, 2193.967s) 401.156ms
[2022-09-08T05:53:11.467+0000][7][gc,start    ] GC(42) Pause Remark
[2022-09-08T05:53:11.477+0000][7][gc          ] GC(42) Pause Remark 90M->90M(256M) 9.983ms
[2022-09-08T05:53:11.477+0000][7][gc,cpu      ] GC(42) User=0.03s Sys=0.01s Real=0.01s
[2022-09-08T05:53:11.478+0000][7][safepoint   ] Safepoint "G1Concurrent", Time since last: 446962568 ns, Reaching safepoint: 278001 ns, At safepoint: 11063285 ns, Total: 11341286 ns
[2022-09-08T05:53:11.479+0000][7][gc,marking  ] GC(42) Concurrent Rebuild Remembered Sets
[2022-09-08T05:53:11.553+0000][7][gc,marking  ] GC(42) Concurrent Rebuild Remembered Sets 73.765ms
[2022-09-08T05:53:11.554+0000][7][gc,start    ] GC(42) Pause Cleanup
[2022-09-08T05:53:11.555+0000][7][gc          ] GC(42) Pause Cleanup 90M->90M(256M) 0.797ms
[2022-09-08T05:53:11.555+0000][7][gc,cpu      ] GC(42) User=0.00s Sys=0.00s Real=0.00s
[2022-09-08T05:53:11.556+0000][7][safepoint   ] Safepoint "G1Concurrent", Time since last: 75968833 ns, Reaching safepoint: 382046 ns, At safepoint: 1851117 ns, Total: 2233163 ns
[2022-09-08T05:53:11.556+0000][7][gc,marking  ] GC(42) Concurrent Cleanup for Next Mark
[2022-09-08T05:53:11.580+0000][7][gc,marking  ] GC(42) Concurrent Cleanup for Next Mark 23.470ms
[2022-09-08T05:53:11.580+0000][7][gc          ] GC(42) Concurrent Cycle 560.682ms
[2022-09-08T05:53:39.562+0000][7][safepoint   ] Safepoint "Cleanup", Time since last: 28005436180 ns, Reaching safepoint: 353472 ns, At safepoint: 65352 ns, Total: 418824 ns
[2022-09-08T05:53:51.564+0000][7][safepoint   ] Safepoint "Cleanup", Time since last: 12002439453 ns, Reaching safepoint: 277390 ns, At safepoint: 7323 ns, Total: 284713 ns
[2022-09-08T05:54:06.568+0000][7][safepoint   ] Safepoint "Cleanup", Time since last: 15002861356 ns, Reaching safepoint: 309631 ns, At safepoint: 61104 ns, Total: 370735 ns
[2022-09-08T05:54:09.569+0000][7][safepoint   ] Safepoint "Cleanup", Time since last: 3001093872 ns, Reaching safepoint: 349104 ns, At safepoint: 9768 ns, Total: 358872 ns
[2022-09-08T05:54:21.572+0000][7][safepoint   ] Safepoint "Cleanup", Time since last: 12002602990 ns, Reaching safepoint: 450053 ns, At safepoint: 74680 ns, Total: 524733 ns
[2022-09-08T05:54:41.581+0000][7][safepoint   ] Safepoint "Cleanup", Time since last: 20004394766 ns, Reaching safepoint: 414697 ns, At safepoint: 58620 ns, Total: 473317 ns
[2022-09-08T05:54:51.583+0000][7][safepoint   ] Safepoint "Cleanup", Time since last: 10001848159 ns, Reaching safepoint: 368141 ns, At safepoint: 13324 ns, Total: 381465 ns
[2022-09-08T05:55:04.587+0000][7][safepoint   ] Safepoint "Cleanup", Time since last: 13002827868 ns, Reaching safepoint: 373991 ns, At safepoint: 66665 ns, Total: 440656 ns
[2022-09-08T05:55:08.584+0000][7][safepoint   ] Safepoint "Cleanup", Time since last: 4001321456 ns, Reaching safepoint: 486792 ns, At safepoint: 66945 ns, Total: 553737 ns
[2022-09-08T05:55:11.586+0000][7][safepoint   ] Safepoint "Cleanup", Time since last: 3001141652 ns, Reaching safepoint: 415619 ns, At safepoint: 104495 ns, Total: 520114 ns
[2022-09-08T05:55:21.589+0000][7][safepoint   ] Safepoint "Cleanup", Time since last: 10002369056 ns, Reaching safepoint: 345457 ns, At safepoint: 20037 ns, Total: 365494 ns
[2022-09-08T05:55:35.592+0000][7][safepoint   ] Safepoint "Cleanup", Time since last: 14002814912 ns, Reaching safepoint: 322624 ns, At safepoint: 10440 ns, Total: 333064 ns
[2022-09-08T05:55:51.597+0000][7][safepoint   ] Safepoint "Cleanup", Time since last: 16004849898 ns, Reaching safepoint: 305352 ns, At safepoint: 51286 ns, Total: 356638 ns
[2022-09-08T05:55:55.599+0000][7][safepoint   ] Safepoint "Cleanup", Time since last: 4001354358 ns, Reaching safepoint: 424065 ns, At safepoint: 68388 ns, Total: 492453 ns
[2022-09-08T05:56:21.604+0000][7][safepoint   ] Safepoint "Cleanup", Time since last: 26004595278 ns, Reaching safepoint: 355707 ns, At safepoint: 53320 ns, Total: 409027 ns
[2022-09-08T05:56:25.606+0000][7][safepoint   ] Safepoint "Cleanup", Time since last: 4001680198 ns, Reaching safepoint: 252022 ns, At safepoint: 9969 ns, Total: 261991 ns
[2022-09-08T05:56:27.607+0000][7][safepoint   ] Safepoint "Cleanup", Time since last: 2000755641 ns, Reaching safepoint: 337272 ns, At safepoint: 19987 ns, Total: 357259 ns
[2022-09-08T05:56:34.609+0000][7][safepoint   ] Safepoint "Cleanup", Time since last: 7001473134 ns, Reaching safepoint: 457707 ns, At safepoint: 12744 ns, Total: 470451 ns
[2022-09-08T05:56:34.676+0000][7][gc,start    ] GC(43) Pause Young (Normal) (G1 Evacuation Pause)
[2022-09-08T05:56:34.677+0000][7][gc,task     ] GC(43) Using 6 workers of 6 for evacuation
[2022-09-08T05:56:34.677+0000][7][gc,age      ] GC(43) Desired survivor size 8388608 bytes, new threshold 15 (max threshold 15)
[2022-09-08T05:56:34.695+0000][7][gc,age      ] GC(43) Age table with threshold 15 (max threshold 15)
[2022-09-08T05:56:34.696+0000][7][gc,age      ] GC(43) - age   1:      82416 bytes,      82416 total
[2022-09-08T05:56:34.696+0000][7][gc,age      ] GC(43) - age   2:       2368 bytes,      84784 total
[2022-09-08T05:56:34.700+0000][7][gc,age      ] GC(43) - age   3:       3264 bytes,      88048 total
[2022-09-08T05:56:34.701+0000][7][gc,age      ] GC(43) - age   4:       4520 bytes,      92568 total
[2022-09-08T05:56:34.702+0000][7][gc,age      ] GC(43) - age   5:      17120 bytes,     109688 total
[2022-09-08T05:56:34.702+0000][7][gc,age      ] GC(43) - age   6:      29160 bytes,     138848 total
[2022-09-08T05:56:34.703+0000][7][gc,age      ] GC(43) - age   7:      55856 bytes,     194704 total
[2022-09-08T05:56:34.703+0000][7][gc,age      ] GC(43) - age   8:      30888 bytes,     225592 total
[2022-09-08T05:56:34.704+0000][7][gc,age      ] GC(43) - age   9:      25736 bytes,     251328 total
[2022-09-08T05:56:34.704+0000][7][gc,age      ] GC(43) - age  10:      43024 bytes,     294352 total
[2022-09-08T05:56:34.704+0000][7][gc,age      ] GC(43) - age  11:      32088 bytes,     326440 total
[2022-09-08T05:56:34.705+0000][7][gc,age      ] GC(43) - age  12:     512168 bytes,     838608 total
[2022-09-08T05:56:34.705+0000][7][gc,age      ] GC(43) - age  13:    4893008 bytes,    5731616 total
[2022-09-08T05:56:34.706+0000][7][gc,phases   ] GC(43)   Pre Evacuate Collection Set: 0.3ms
[2022-09-08T05:56:34.706+0000][7][gc,phases   ] GC(43)   Merge Heap Roots: 0.3ms
[2022-09-08T05:56:34.707+0000][7][gc,phases   ] GC(43)   Evacuate Collection Set: 13.2ms
[2022-09-08T05:56:34.707+0000][7][gc,phases   ] GC(43)   Post Evacuate Collection Set: 3.6ms
[2022-09-08T05:56:34.707+0000][7][gc,phases   ] GC(43)   Other: 12.1ms
[2022-09-08T05:56:34.708+0000][7][gc,heap     ] GC(43) Eden regions: 28->0(28)
[2022-09-08T05:56:34.708+0000][7][gc,heap     ] GC(43) Survivor regions: 2->2(4)
[2022-09-08T05:56:34.709+0000][7][gc,heap     ] GC(43) Old regions: 18->18
[2022-09-08T05:56:34.709+0000][7][gc,heap     ] GC(43) Archive regions: 2->2
[2022-09-08T05:56:34.710+0000][7][gc,heap     ] GC(43) Humongous regions: 2->2
[2022-09-08T05:56:34.710+0000][7][gc,metaspace] GC(43) Metaspace: 95378K(99968K)->95378K(99968K) NonClass: 82837K(86272K)->82837K(86272K) Class: 12541K(13696K)->12541K(13696K)
[2022-09-08T05:56:34.711+0000][7][gc          ] GC(43) Pause Young (Normal) (G1 Evacuation Pause) 201M->90M(256M) 34.822ms
[2022-09-08T05:56:34.712+0000][7][gc,cpu      ] GC(43) User=0.08s Sys=0.00s Real=0.04s
[2022-09-08T05:56:34.712+0000][7][safepoint   ] Safepoint "G1CollectForAllocation", Time since last: 66259074 ns, Reaching safepoint: 581249 ns, At safepoint: 36053840 ns, Total: 36635089 ns
[2022-09-08T05:56:35.344+0000][7][gc,heap,exit] Heap
[2022-09-08T05:56:35.344+0000][7][gc,heap,exit]  garbage-first heap   total 262144K, used 96315K [0x00000000f0000000, 0x0000000100000000)
[2022-09-08T05:56:35.345+0000][7][gc,heap,exit]   region size 4096K, 4 young (16384K), 2 survivors (8192K)
[2022-09-08T05:56:35.345+0000][7][gc,heap,exit]  Metaspace       used 95526K, capacity 98951K, committed 100224K, reserved 1136640K
[2022-09-08T05:56:35.345+0000][7][gc,heap,exit]   class space    used 12574K, capacity 13644K, committed 13696K, reserved 1048576K
