[2022-09-05T02:46:51.786+0000][7][gc] Using G1
[2022-09-05T02:46:51.874+0000][7][gc,init] Version: 15.0.1+9 (release)
[2022-09-05T02:46:51.875+0000][7][gc,init] CPUs: 6 total, 6 available
[2022-09-05T02:46:51.875+0000][7][gc,init] Memory: 5874M
[2022-09-05T02:46:51.875+0000][7][gc,init] Large Page Support: Disabled
[2022-09-05T02:46:51.875+0000][7][gc,init] NUMA Support: Disabled
[2022-09-05T02:46:51.875+0000][7][gc,init] Compressed Oops: Enabled (32-bit)
[2022-09-05T02:46:51.876+0000][7][gc,init] Heap Region Size: 4M
[2022-09-05T02:46:51.876+0000][7][gc,init] Heap Min Capacity: 256M
[2022-09-05T02:46:51.876+0000][7][gc,init] Heap Initial Capacity: 256M
[2022-09-05T02:46:51.876+0000][7][gc,init] Heap Max Capacity: 256M
[2022-09-05T02:46:51.876+0000][7][gc,init] Pre-touch: Enabled
[2022-09-05T02:46:51.877+0000][7][gc,init] Parallel Workers: 6
[2022-09-05T02:46:51.877+0000][7][gc,init] Concurrent Workers: 2
[2022-09-05T02:46:51.877+0000][7][gc,init] Concurrent Refinement Workers: 6
[2022-09-05T02:46:51.877+0000][7][gc,init] Periodic GC: Disabled
[2022-09-05T02:46:51.878+0000][7][gc,cds ] Mark closed archive regions in map: [0x00000000ffc00000, 0x00000000ffc7bff8]
[2022-09-05T02:46:51.878+0000][7][gc,cds ] Mark open archive regions in map: [0x00000000ffb00000, 0x00000000ffb51ff8]
[2022-09-05T02:46:51.878+0000][7][gc,metaspace] CDS archive(s) mapped at: [0x0000000800000000-0x0000000800b2a000-0x0000000800b2a000), size 11706368, SharedBaseAddress: 0x0000000800000000, ArchiveRelocationMode: 0.
[2022-09-05T02:46:51.878+0000][7][gc,metaspace] Compressed class space mapped at: 0x0000000800b2c000-0x0000000840b2c000, size: 1073741824
[2022-09-05T02:46:51.878+0000][7][gc,metaspace] Narrow klass base: 0x0000000800000000, Narrow klass shift: 3, Narrow klass range: 0x100000000
[2022-09-05T02:46:52.186+0000][7][safepoint   ] Safepoint "ICBufferFull", Time since last: 301333931 ns, Reaching safepoint: 195652 ns, At safepoint: 20910 ns, Total: 216562 ns
[2022-09-05T02:46:52.191+0000][7][gc,start    ] GC(0) Pause Young (Normal) (G1 Evacuation Pause)
[2022-09-05T02:46:52.192+0000][7][gc,task     ] GC(0) Using 6 workers of 6 for evacuation
[2022-09-05T02:46:52.192+0000][7][gc,age      ] GC(0) Desired survivor size 2097152 bytes, new threshold 15 (max threshold 15)
[2022-09-05T02:46:52.194+0000][7][gc,age      ] GC(0) Age table with threshold 15 (max threshold 15)
[2022-09-05T02:46:52.195+0000][7][gc,age      ] GC(0) - age   1:    3388328 bytes,    3388328 total
[2022-09-05T02:46:52.195+0000][7][gc,phases   ] GC(0)   Pre Evacuate Collection Set: 0.1ms
[2022-09-05T02:46:52.195+0000][7][gc,phases   ] GC(0)   Merge Heap Roots: 0.1ms
[2022-09-05T02:46:52.195+0000][7][gc,phases   ] GC(0)   Evacuate Collection Set: 1.4ms
[2022-09-05T02:46:52.195+0000][7][gc,phases   ] GC(0)   Post Evacuate Collection Set: 0.5ms
[2022-09-05T02:46:52.195+0000][7][gc,phases   ] GC(0)   Other: 1.8ms
[2022-09-05T02:46:52.196+0000][7][gc,heap     ] GC(0) Eden regions: 4->0(4)
[2022-09-05T02:46:52.196+0000][7][gc,heap     ] GC(0) Survivor regions: 0->1(1)
[2022-09-05T02:46:52.196+0000][7][gc,heap     ] GC(0) Old regions: 0->0
[2022-09-05T02:46:52.196+0000][7][gc,heap     ] GC(0) Archive regions: 2->2
[2022-09-05T02:46:52.196+0000][7][gc,heap     ] GC(0) Humongous regions: 0->0
[2022-09-05T02:46:52.196+0000][7][gc,metaspace] GC(0) Metaspace: 5123K(7680K)->5123K(7680K) NonClass: 4602K(6912K)->4602K(6912K) Class: 521K(768K)->521K(768K)
[2022-09-05T02:46:52.196+0000][7][gc          ] GC(0) Pause Young (Normal) (G1 Evacuation Pause) 19M->7M(256M) 5.614ms
[2022-09-05T02:46:52.197+0000][7][gc,cpu      ] GC(0) User=0.00s Sys=0.01s Real=0.01s
[2022-09-05T02:46:52.197+0000][7][safepoint   ] Safepoint "G1CollectForAllocation", Time since last: 5052667 ns, Reaching safepoint: 126707 ns, At safepoint: 6001188 ns, Total: 6127895 ns
[2022-09-05T02:46:52.558+0000][7][gc,start    ] GC(1) Pause Young (Normal) (G1 Evacuation Pause)
[2022-09-05T02:46:52.558+0000][7][gc,task     ] GC(1) Using 6 workers of 6 for evacuation
[2022-09-05T02:46:52.558+0000][7][gc,age      ] GC(1) Desired survivor size 2097152 bytes, new threshold 1 (max threshold 15)
[2022-09-05T02:46:52.562+0000][7][gc,age      ] GC(1) Age table with threshold 1 (max threshold 15)
[2022-09-05T02:46:52.562+0000][7][gc,age      ] GC(1) - age   1:    1282416 bytes,    1282416 total
[2022-09-05T02:46:52.562+0000][7][gc,phases   ] GC(1)   Pre Evacuate Collection Set: 0.2ms
[2022-09-05T02:46:52.563+0000][7][gc,phases   ] GC(1)   Merge Heap Roots: 0.1ms
[2022-09-05T02:46:52.563+0000][7][gc,phases   ] GC(1)   Evacuate Collection Set: 2.3ms
[2022-09-05T02:46:52.563+0000][7][gc,phases   ] GC(1)   Post Evacuate Collection Set: 0.8ms
[2022-09-05T02:46:52.563+0000][7][gc,phases   ] GC(1)   Other: 1.4ms
[2022-09-05T02:46:52.563+0000][7][gc,heap     ] GC(1) Eden regions: 4->0(10)
[2022-09-05T02:46:52.564+0000][7][gc,heap     ] GC(1) Survivor regions: 1->1(1)
[2022-09-05T02:46:52.564+0000][7][gc,heap     ] GC(1) Old regions: 0->1
[2022-09-05T02:46:52.564+0000][7][gc,heap     ] GC(1) Archive regions: 2->2
[2022-09-05T02:46:52.564+0000][7][gc,heap     ] GC(1) Humongous regions: 0->0
[2022-09-05T02:46:52.564+0000][7][gc,metaspace] GC(1) Metaspace: 9902K(10752K)->9902K(10752K) NonClass: 8735K(9472K)->8735K(9472K) Class: 1167K(1280K)->1167K(1280K)
[2022-09-05T02:46:52.564+0000][7][gc          ] GC(1) Pause Young (Normal) (G1 Evacuation Pause) 23M->8M(256M) 6.605ms
[2022-09-05T02:46:52.565+0000][7][gc,cpu      ] GC(1) User=0.01s Sys=0.00s Real=0.00s
[2022-09-05T02:46:52.565+0000][7][safepoint   ] Safepoint "G1CollectForAllocation", Time since last: 360789822 ns, Reaching safepoint: 223955 ns, At safepoint: 6964054 ns, Total: 7188009 ns
[2022-09-05T02:46:53.226+0000][7][safepoint   ] Safepoint "ICBufferFull", Time since last: 661248095 ns, Reaching safepoint: 258064 ns, At safepoint: 43502 ns, Total: 301566 ns
[2022-09-05T02:46:53.372+0000][7][gc,start    ] GC(2) Pause Young (Normal) (G1 Evacuation Pause)
[2022-09-05T02:46:53.373+0000][7][gc,task     ] GC(2) Using 6 workers of 6 for evacuation
[2022-09-05T02:46:53.373+0000][7][gc,age      ] GC(2) Desired survivor size 4194304 bytes, new threshold 15 (max threshold 15)
[2022-09-05T02:46:53.377+0000][7][gc,age      ] GC(2) Age table with threshold 15 (max threshold 15)
[2022-09-05T02:46:53.377+0000][7][gc,age      ] GC(2) - age   1:    2410168 bytes,    2410168 total
[2022-09-05T02:46:53.377+0000][7][gc,age      ] GC(2) - age   2:    1233912 bytes,    3644080 total
[2022-09-05T02:46:53.377+0000][7][gc,phases   ] GC(2)   Pre Evacuate Collection Set: 0.2ms
[2022-09-05T02:46:53.377+0000][7][gc,phases   ] GC(2)   Merge Heap Roots: 0.2ms
[2022-09-05T02:46:53.377+0000][7][gc,phases   ] GC(2)   Evacuate Collection Set: 1.9ms
[2022-09-05T02:46:53.378+0000][7][gc,phases   ] GC(2)   Post Evacuate Collection Set: 1.1ms
[2022-09-05T02:46:53.378+0000][7][gc,phases   ] GC(2)   Other: 1.5ms
[2022-09-05T02:46:53.378+0000][7][gc,heap     ] GC(2) Eden regions: 10->0(34)
[2022-09-05T02:46:53.378+0000][7][gc,heap     ] GC(2) Survivor regions: 1->1(2)
[2022-09-05T02:46:53.378+0000][7][gc,heap     ] GC(2) Old regions: 1->1
[2022-09-05T02:46:53.378+0000][7][gc,heap     ] GC(2) Archive regions: 2->2
[2022-09-05T02:46:53.378+0000][7][gc,heap     ] GC(2) Humongous regions: 0->0
[2022-09-05T02:46:53.379+0000][7][gc,metaspace] GC(2) Metaspace: 14513K(14848K)->14513K(14848K) NonClass: 12830K(13056K)->12830K(13056K) Class: 1683K(1792K)->1683K(1792K)
[2022-09-05T02:46:53.379+0000][7][gc          ] GC(2) Pause Young (Normal) (G1 Evacuation Pause) 48M->10M(256M) 6.438ms
[2022-09-05T02:46:53.379+0000][7][gc,cpu      ] GC(2) User=0.02s Sys=0.00s Real=0.01s
[2022-09-05T02:46:53.379+0000][7][safepoint   ] Safepoint "G1CollectForAllocation", Time since last: 145775916 ns, Reaching safepoint: 143480 ns, At safepoint: 6797065 ns, Total: 6940545 ns
[2022-09-05T02:46:53.682+0000][7][safepoint   ] Safepoint "ICBufferFull", Time since last: 303197504 ns, Reaching safepoint: 230117 ns, At safepoint: 50384 ns, Total: 280501 ns
[2022-09-05T02:46:53.690+0000][7][safepoint   ] Safepoint "ICBufferFull", Time since last: 7489266 ns, Reaching safepoint: 128431 ns, At safepoint: 21049 ns, Total: 149480 ns
[2022-09-05T02:46:53.693+0000][7][safepoint   ] Safepoint "ICBufferFull", Time since last: 2585061 ns, Reaching safepoint: 83968 ns, At safepoint: 3997 ns, Total: 87965 ns
[2022-09-05T02:46:53.696+0000][7][safepoint   ] Safepoint "ICBufferFull", Time since last: 3441874 ns, Reaching safepoint: 188945 ns, At safepoint: 3998 ns, Total: 192943 ns
[2022-09-05T02:46:53.702+0000][7][safepoint   ] Safepoint "ICBufferFull", Time since last: 4954453 ns, Reaching safepoint: 165781 ns, At safepoint: 4108 ns, Total: 169889 ns
[2022-09-05T02:46:53.705+0000][7][safepoint   ] Safepoint "ICBufferFull", Time since last: 2847533 ns, Reaching safepoint: 244509 ns, At safepoint: 23214 ns, Total: 267723 ns
[2022-09-05T02:46:53.710+0000][7][safepoint   ] Safepoint "ICBufferFull", Time since last: 5110621 ns, Reaching safepoint: 236985 ns, At safepoint: 40736 ns, Total: 277721 ns
[2022-09-05T02:46:53.714+0000][7][safepoint   ] Safepoint "ICBufferFull", Time since last: 3883703 ns, Reaching safepoint: 152692 ns, At safepoint: 3336 ns, Total: 156028 ns
[2022-09-05T02:46:53.718+0000][7][safepoint   ] Safepoint "ICBufferFull", Time since last: 3558514 ns, Reaching safepoint: 195136 ns, At safepoint: 20699 ns, Total: 215835 ns
[2022-09-05T02:46:53.726+0000][7][safepoint   ] Safepoint "ICBufferFull", Time since last: 8031948 ns, Reaching safepoint: 75272 ns, At safepoint: 4548 ns, Total: 79820 ns
[2022-09-05T02:46:53.730+0000][7][safepoint   ] Safepoint "ICBufferFull", Time since last: 3459062 ns, Reaching safepoint: 108143 ns, At safepoint: 3947 ns, Total: 112090 ns
[2022-09-05T02:46:53.734+0000][7][safepoint   ] Safepoint "ICBufferFull", Time since last: 4632979 ns, Reaching safepoint: 153304 ns, At safepoint: 22873 ns, Total: 176177 ns
[2022-09-05T02:46:53.740+0000][7][safepoint   ] Safepoint "ICBufferFull", Time since last: 5748578 ns, Reaching safepoint: 117650 ns, At safepoint: 21070 ns, Total: 138720 ns
[2022-09-05T02:46:53.746+0000][7][safepoint   ] Safepoint "ICBufferFull", Time since last: 5380648 ns, Reaching safepoint: 264466 ns, At safepoint: 24977 ns, Total: 289443 ns
[2022-09-05T02:46:53.750+0000][7][safepoint   ] Safepoint "ICBufferFull", Time since last: 3482345 ns, Reaching safepoint: 232667 ns, At safepoint: 37169 ns, Total: 269836 ns
[2022-09-05T02:46:54.094+0000][7][safepoint   ] Safepoint "ICBufferFull", Time since last: 344249461 ns, Reaching safepoint: 159279 ns, At safepoint: 75141 ns, Total: 234420 ns
[2022-09-05T02:46:54.132+0000][7][gc,start    ] GC(3) Pause Young (Normal) (G1 Evacuation Pause)
[2022-09-05T02:46:54.132+0000][7][gc,task     ] GC(3) Using 6 workers of 6 for evacuation
[2022-09-05T02:46:54.132+0000][7][gc,age      ] GC(3) Desired survivor size 10485760 bytes, new threshold 15 (max threshold 15)
[2022-09-05T02:46:54.136+0000][7][gc,age      ] GC(3) Age table with threshold 15 (max threshold 15)
[2022-09-05T02:46:54.137+0000][7][gc,age      ] GC(3) - age   1:    3933344 bytes,    3933344 total
[2022-09-05T02:46:54.137+0000][7][gc,age      ] GC(3) - age   2:    2337984 bytes,    6271328 total
[2022-09-05T02:46:54.137+0000][7][gc,age      ] GC(3) - age   3:    1217344 bytes,    7488672 total
[2022-09-05T02:46:54.137+0000][7][gc,phases   ] GC(3)   Pre Evacuate Collection Set: 0.2ms
[2022-09-05T02:46:54.137+0000][7][gc,phases   ] GC(3)   Merge Heap Roots: 0.1ms
[2022-09-05T02:46:54.137+0000][7][gc,phases   ] GC(3)   Evacuate Collection Set: 3.0ms
[2022-09-05T02:46:54.138+0000][7][gc,phases   ] GC(3)   Post Evacuate Collection Set: 0.7ms
[2022-09-05T02:46:54.138+0000][7][gc,phases   ] GC(3)   Other: 1.5ms
[2022-09-05T02:46:54.138+0000][7][gc,heap     ] GC(3) Eden regions: 34->0(36)
[2022-09-05T02:46:54.138+0000][7][gc,heap     ] GC(3) Survivor regions: 1->2(5)
[2022-09-05T02:46:54.138+0000][7][gc,heap     ] GC(3) Old regions: 1->1
[2022-09-05T02:46:54.138+0000][7][gc,heap     ] GC(3) Archive regions: 2->2
[2022-09-05T02:46:54.138+0000][7][gc,heap     ] GC(3) Humongous regions: 0->0
[2022-09-05T02:46:54.139+0000][7][gc,metaspace] GC(3) Metaspace: 17934K(18432K)->17934K(18432K) NonClass: 15803K(16128K)->15803K(16128K) Class: 2130K(2304K)->2130K(2304K)
[2022-09-05T02:46:54.139+0000][7][gc          ] GC(3) Pause Young (Normal) (G1 Evacuation Pause) 146M->14M(256M) 6.949ms
[2022-09-05T02:46:54.139+0000][7][gc,cpu      ] GC(3) User=0.03s Sys=0.00s Real=0.01s
[2022-09-05T02:46:54.139+0000][7][safepoint   ] Safepoint "G1CollectForAllocation", Time since last: 37345531 ns, Reaching safepoint: 164689 ns, At safepoint: 7271321 ns, Total: 7436010 ns
[2022-09-05T02:46:54.358+0000][7][gc,start    ] GC(4) Pause Young (Normal) (G1 Evacuation Pause)
[2022-09-05T02:46:54.358+0000][7][gc,task     ] GC(4) Using 6 workers of 6 for evacuation
[2022-09-05T02:46:54.358+0000][7][gc,age      ] GC(4) Desired survivor size 10485760 bytes, new threshold 15 (max threshold 15)
[2022-09-05T02:46:54.363+0000][7][gc,age      ] GC(4) Age table with threshold 15 (max threshold 15)
[2022-09-05T02:46:54.363+0000][7][gc,age      ] GC(4) - age   1:    2480240 bytes,    2480240 total
[2022-09-05T02:46:54.364+0000][7][gc,age      ] GC(4) - age   2:    3320560 bytes,    5800800 total
[2022-09-05T02:46:54.364+0000][7][gc,age      ] GC(4) - age   3:    2337984 bytes,    8138784 total
[2022-09-05T02:46:54.364+0000][7][gc,age      ] GC(4) - age   4:    1217344 bytes,    9356128 total
[2022-09-05T02:46:54.364+0000][7][gc,phases   ] GC(4)   Pre Evacuate Collection Set: 0.2ms
[2022-09-05T02:46:54.364+0000][7][gc,phases   ] GC(4)   Merge Heap Roots: 0.1ms
[2022-09-05T02:46:54.364+0000][7][gc,phases   ] GC(4)   Evacuate Collection Set: 3.5ms
[2022-09-05T02:46:54.364+0000][7][gc,phases   ] GC(4)   Post Evacuate Collection Set: 0.7ms
[2022-09-05T02:46:54.365+0000][7][gc,phases   ] GC(4)   Other: 1.9ms
[2022-09-05T02:46:54.365+0000][7][gc,heap     ] GC(4) Eden regions: 36->0(35)
[2022-09-05T02:46:54.365+0000][7][gc,heap     ] GC(4) Survivor regions: 2->3(5)
[2022-09-05T02:46:54.365+0000][7][gc,heap     ] GC(4) Old regions: 1->1
[2022-09-05T02:46:54.365+0000][7][gc,heap     ] GC(4) Archive regions: 2->2
[2022-09-05T02:46:54.365+0000][7][gc,heap     ] GC(4) Humongous regions: 0->0
[2022-09-05T02:46:54.366+0000][7][gc,metaspace] GC(4) Metaspace: 18493K(19328K)->18493K(19328K) NonClass: 16292K(16896K)->16292K(16896K) Class: 2201K(2432K)->2201K(2432K)
[2022-09-05T02:46:54.366+0000][7][gc          ] GC(4) Pause Young (Normal) (G1 Evacuation Pause) 158M->16M(256M) 8.125ms
[2022-09-05T02:46:54.366+0000][7][gc,cpu      ] GC(4) User=0.03s Sys=0.00s Real=0.01s
[2022-09-05T02:46:54.366+0000][7][safepoint   ] Safepoint "G1CollectForAllocation", Time since last: 218427572 ns, Reaching safepoint: 203863 ns, At safepoint: 8520364 ns, Total: 8724227 ns
[2022-09-05T02:46:54.576+0000][7][gc,start    ] GC(5) Pause Young (Normal) (G1 Evacuation Pause)
[2022-09-05T02:46:54.576+0000][7][gc,task     ] GC(5) Using 6 workers of 6 for evacuation
[2022-09-05T02:46:54.577+0000][7][gc,age      ] GC(5) Desired survivor size 10485760 bytes, new threshold 15 (max threshold 15)
[2022-09-05T02:46:54.582+0000][7][gc,age      ] GC(5) Age table with threshold 15 (max threshold 15)
[2022-09-05T02:46:54.582+0000][7][gc,age      ] GC(5) - age   1:    1813416 bytes,    1813416 total
[2022-09-05T02:46:54.582+0000][7][gc,age      ] GC(5) - age   2:    1881744 bytes,    3695160 total
[2022-09-05T02:46:54.583+0000][7][gc,age      ] GC(5) - age   3:    3319456 bytes,    7014616 total
[2022-09-05T02:46:54.583+0000][7][gc,age      ] GC(5) - age   4:    2337984 bytes,    9352600 total
[2022-09-05T02:46:54.583+0000][7][gc,age      ] GC(5) - age   5:    1217344 bytes,   10569944 total
[2022-09-05T02:46:54.583+0000][7][gc,phases   ] GC(5)   Pre Evacuate Collection Set: 0.2ms
[2022-09-05T02:46:54.583+0000][7][gc,phases   ] GC(5)   Merge Heap Roots: 0.1ms
[2022-09-05T02:46:54.583+0000][7][gc,phases   ] GC(5)   Evacuate Collection Set: 4.1ms
[2022-09-05T02:46:54.583+0000][7][gc,phases   ] GC(5)   Post Evacuate Collection Set: 0.7ms
[2022-09-05T02:46:54.584+0000][7][gc,phases   ] GC(5)   Other: 1.9ms
[2022-09-05T02:46:54.584+0000][7][gc,heap     ] GC(5) Eden regions: 35->0(35)
[2022-09-05T02:46:54.584+0000][7][gc,heap     ] GC(5) Survivor regions: 3->3(5)
[2022-09-05T02:46:54.584+0000][7][gc,heap     ] GC(5) Old regions: 1->1
[2022-09-05T02:46:54.584+0000][7][gc,heap     ] GC(5) Archive regions: 2->2
[2022-09-05T02:46:54.584+0000][7][gc,heap     ] GC(5) Humongous regions: 0->0
[2022-09-05T02:46:54.584+0000][7][gc,metaspace] GC(5) Metaspace: 18959K(19712K)->18959K(19712K) NonClass: 16684K(17152K)->16684K(17152K) Class: 2275K(2560K)->2275K(2560K)
[2022-09-05T02:46:54.585+0000][7][gc          ] GC(5) Pause Young (Normal) (G1 Evacuation Pause) 156M->17M(256M) 8.473ms
[2022-09-05T02:46:54.585+0000][7][gc,cpu      ] GC(5) User=0.03s Sys=0.00s Real=0.00s
[2022-09-05T02:46:54.585+0000][7][safepoint   ] Safepoint "G1CollectForAllocation", Time since last: 209730275 ns, Reaching safepoint: 222958 ns, At safepoint: 8812207 ns, Total: 9035165 ns
[2022-09-05T02:46:54.761+0000][7][gc,start    ] GC(6) Pause Young (Normal) (G1 Evacuation Pause)
[2022-09-05T02:46:54.761+0000][7][gc,task     ] GC(6) Using 6 workers of 6 for evacuation
[2022-09-05T02:46:54.761+0000][7][gc,age      ] GC(6) Desired survivor size 10485760 bytes, new threshold 5 (max threshold 15)
[2022-09-05T02:46:54.767+0000][7][gc,age      ] GC(6) Age table with threshold 5 (max threshold 15)
[2022-09-05T02:46:54.767+0000][7][gc,age      ] GC(6) - age   1:    1245024 bytes,    1245024 total
[2022-09-05T02:46:54.768+0000][7][gc,age      ] GC(6) - age   2:    1479040 bytes,    2724064 total
[2022-09-05T02:46:54.768+0000][7][gc,age      ] GC(6) - age   3:    1881744 bytes,    4605808 total
[2022-09-05T02:46:54.768+0000][7][gc,age      ] GC(6) - age   4:    3319456 bytes,    7925264 total
[2022-09-05T02:46:54.768+0000][7][gc,age      ] GC(6) - age   5:    2337984 bytes,   10263248 total
[2022-09-05T02:46:54.768+0000][7][gc,phases   ] GC(6)   Pre Evacuate Collection Set: 0.1ms
[2022-09-05T02:46:54.768+0000][7][gc,phases   ] GC(6)   Merge Heap Roots: 0.1ms
[2022-09-05T02:46:54.769+0000][7][gc,phases   ] GC(6)   Evacuate Collection Set: 4.5ms
[2022-09-05T02:46:54.769+0000][7][gc,phases   ] GC(6)   Post Evacuate Collection Set: 0.8ms
[2022-09-05T02:46:54.769+0000][7][gc,phases   ] GC(6)   Other: 2.2ms
[2022-09-05T02:46:54.769+0000][7][gc,heap     ] GC(6) Eden regions: 35->0(35)
[2022-09-05T02:46:54.769+0000][7][gc,heap     ] GC(6) Survivor regions: 3->3(5)
[2022-09-05T02:46:54.769+0000][7][gc,heap     ] GC(6) Old regions: 1->2
[2022-09-05T02:46:54.770+0000][7][gc,heap     ] GC(6) Archive regions: 2->2
[2022-09-05T02:46:54.770+0000][7][gc,heap     ] GC(6) Humongous regions: 0->0
[2022-09-05T02:46:54.770+0000][7][gc,metaspace] GC(6) Metaspace: 19246K(20224K)->19246K(20224K) NonClass: 16941K(17664K)->16941K(17664K) Class: 2304K(2560K)->2304K(2560K)
[2022-09-05T02:46:54.770+0000][7][gc          ] GC(6) Pause Young (Normal) (G1 Evacuation Pause) 157M->18M(256M) 9.531ms
[2022-09-05T02:46:54.770+0000][7][gc,cpu      ] GC(6) User=0.03s Sys=0.00s Real=0.01s
[2022-09-05T02:46:54.770+0000][7][safepoint   ] Safepoint "G1CollectForAllocation", Time since last: 175574019 ns, Reaching safepoint: 114675 ns, At safepoint: 9908426 ns, Total: 10023101 ns
[2022-09-05T02:46:54.921+0000][7][gc,start    ] GC(7) Pause Young (Normal) (G1 Evacuation Pause)
[2022-09-05T02:46:54.921+0000][7][gc,task     ] GC(7) Using 6 workers of 6 for evacuation
[2022-09-05T02:46:54.921+0000][7][gc,age      ] GC(7) Desired survivor size 10485760 bytes, new threshold 15 (max threshold 15)
[2022-09-05T02:46:54.926+0000][7][gc,age      ] GC(7) Age table with threshold 15 (max threshold 15)
[2022-09-05T02:46:54.926+0000][7][gc,age      ] GC(7) - age   1:     868056 bytes,     868056 total
[2022-09-05T02:46:54.926+0000][7][gc,age      ] GC(7) - age   2:    1213280 bytes,    2081336 total
[2022-09-05T02:46:54.926+0000][7][gc,age      ] GC(7) - age   3:    1478432 bytes,    3559768 total
[2022-09-05T02:46:54.926+0000][7][gc,age      ] GC(7) - age   4:    1881712 bytes,    5441480 total
[2022-09-05T02:46:54.927+0000][7][gc,age      ] GC(7) - age   5:    3315504 bytes,    8756984 total
[2022-09-05T02:46:54.927+0000][7][gc,age      ] GC(7) - age   6:    2337984 bytes,   11094968 total
[2022-09-05T02:46:54.927+0000][7][gc,phases   ] GC(7)   Pre Evacuate Collection Set: 0.1ms
[2022-09-05T02:46:54.927+0000][7][gc,phases   ] GC(7)   Merge Heap Roots: 0.1ms
[2022-09-05T02:46:54.927+0000][7][gc,phases   ] GC(7)   Evacuate Collection Set: 3.2ms
[2022-09-05T02:46:54.927+0000][7][gc,phases   ] GC(7)   Post Evacuate Collection Set: 0.7ms
[2022-09-05T02:46:54.928+0000][7][gc,phases   ] GC(7)   Other: 1.8ms
[2022-09-05T02:46:54.928+0000][7][gc,heap     ] GC(7) Eden regions: 35->0(35)
[2022-09-05T02:46:54.928+0000][7][gc,heap     ] GC(7) Survivor regions: 3->3(5)
[2022-09-05T02:46:54.928+0000][7][gc,heap     ] GC(7) Old regions: 2->2
[2022-09-05T02:46:54.928+0000][7][gc,heap     ] GC(7) Archive regions: 2->2
[2022-09-05T02:46:54.928+0000][7][gc,heap     ] GC(7) Humongous regions: 0->0
[2022-09-05T02:46:54.929+0000][7][gc,metaspace] GC(7) Metaspace: 19392K(20480K)->19392K(20480K) NonClass: 17060K(17920K)->17060K(17920K) Class: 2331K(2560K)->2331K(2560K)
[2022-09-05T02:46:54.929+0000][7][gc          ] GC(7) Pause Young (Normal) (G1 Evacuation Pause) 158M->20M(256M) 7.839ms
[2022-09-05T02:46:54.929+0000][7][gc,cpu      ] GC(7) User=0.02s Sys=0.01s Real=0.01s
[2022-09-05T02:46:54.929+0000][7][safepoint   ] Safepoint "G1CollectForAllocation", Time since last: 150294306 ns, Reaching safepoint: 97372 ns, At safepoint: 8243481 ns, Total: 8340853 ns
[2022-09-05T02:46:55.067+0000][7][gc,start    ] GC(8) Pause Young (Normal) (G1 Evacuation Pause)
[2022-09-05T02:46:55.067+0000][7][gc,task     ] GC(8) Using 6 workers of 6 for evacuation
[2022-09-05T02:46:55.067+0000][7][gc,age      ] GC(8) Desired survivor size 10485760 bytes, new threshold 6 (max threshold 15)
[2022-09-05T02:46:55.072+0000][7][gc,age      ] GC(8) Age table with threshold 6 (max threshold 15)
[2022-09-05T02:46:55.073+0000][7][gc,age      ] GC(8) - age   1:     429032 bytes,     429032 total
[2022-09-05T02:46:55.073+0000][7][gc,age      ] GC(8) - age   2:     283024 bytes,     712056 total
[2022-09-05T02:46:55.073+0000][7][gc,age      ] GC(8) - age   3:    1213280 bytes,    1925336 total
[2022-09-05T02:46:55.073+0000][7][gc,age      ] GC(8) - age   4:    1478432 bytes,    3403768 total
[2022-09-05T02:46:55.073+0000][7][gc,age      ] GC(8) - age   5:    1881712 bytes,    5285480 total
[2022-09-05T02:46:55.073+0000][7][gc,age      ] GC(8) - age   6:    3315504 bytes,    8600984 total
[2022-09-05T02:46:55.074+0000][7][gc,phases   ] GC(8)   Pre Evacuate Collection Set: 0.1ms
[2022-09-05T02:46:55.074+0000][7][gc,phases   ] GC(8)   Merge Heap Roots: 0.1ms
[2022-09-05T02:46:55.074+0000][7][gc,phases   ] GC(8)   Evacuate Collection Set: 3.8ms
[2022-09-05T02:46:55.074+0000][7][gc,phases   ] GC(8)   Post Evacuate Collection Set: 0.8ms
[2022-09-05T02:46:55.074+0000][7][gc,phases   ] GC(8)   Other: 2.0ms
[2022-09-05T02:46:55.074+0000][7][gc,heap     ] GC(8) Eden regions: 35->0(35)
[2022-09-05T02:46:55.075+0000][7][gc,heap     ] GC(8) Survivor regions: 3->3(5)
[2022-09-05T02:46:55.075+0000][7][gc,heap     ] GC(8) Old regions: 2->2
[2022-09-05T02:46:55.075+0000][7][gc,heap     ] GC(8) Archive regions: 2->2
[2022-09-05T02:46:55.075+0000][7][gc,heap     ] GC(8) Humongous regions: 0->0
[2022-09-05T02:46:55.075+0000][7][gc,metaspace] GC(8) Metaspace: 19608K(20864K)->19608K(20864K) NonClass: 17235K(18176K)->17235K(18176K) Class: 2372K(2688K)->2372K(2688K)
[2022-09-05T02:46:55.075+0000][7][gc          ] GC(8) Pause Young (Normal) (G1 Evacuation Pause) 160M->20M(256M) 8.619ms
[2022-09-05T02:46:55.076+0000][7][gc,cpu      ] GC(8) User=0.02s Sys=0.00s Real=0.01s
[2022-09-05T02:46:55.076+0000][7][safepoint   ] Safepoint "G1CollectForAllocation", Time since last: 137481425 ns, Reaching safepoint: 120416 ns, At safepoint: 9032646 ns, Total: 9153062 ns
[2022-09-05T02:46:55.215+0000][7][gc,start    ] GC(9) Pause Young (Normal) (G1 Evacuation Pause)
[2022-09-05T02:46:55.215+0000][7][gc,task     ] GC(9) Using 6 workers of 6 for evacuation
[2022-09-05T02:46:55.215+0000][7][gc,age      ] GC(9) Desired survivor size 10485760 bytes, new threshold 15 (max threshold 15)
[2022-09-05T02:46:55.220+0000][7][gc,age      ] GC(9) Age table with threshold 15 (max threshold 15)
[2022-09-05T02:46:55.220+0000][7][gc,age      ] GC(9) - age   1:    2118712 bytes,    2118712 total
[2022-09-05T02:46:55.220+0000][7][gc,age      ] GC(9) - age   2:     255128 bytes,    2373840 total
[2022-09-05T02:46:55.220+0000][7][gc,age      ] GC(9) - age   3:     282872 bytes,    2656712 total
[2022-09-05T02:46:55.221+0000][7][gc,age      ] GC(9) - age   4:    1213280 bytes,    3869992 total
[2022-09-05T02:46:55.221+0000][7][gc,age      ] GC(9) - age   5:    1477760 bytes,    5347752 total
[2022-09-05T02:46:55.221+0000][7][gc,age      ] GC(9) - age   6:    1881424 bytes,    7229176 total
[2022-09-05T02:46:55.221+0000][7][gc,age      ] GC(9) - age   7:    3315376 bytes,   10544552 total
[2022-09-05T02:46:55.221+0000][7][gc,phases   ] GC(9)   Pre Evacuate Collection Set: 0.1ms
[2022-09-05T02:46:55.221+0000][7][gc,phases   ] GC(9)   Merge Heap Roots: 0.1ms
[2022-09-05T02:46:55.222+0000][7][gc,phases   ] GC(9)   Evacuate Collection Set: 3.3ms
[2022-09-05T02:46:55.222+0000][7][gc,phases   ] GC(9)   Post Evacuate Collection Set: 0.7ms
[2022-09-05T02:46:55.222+0000][7][gc,phases   ] GC(9)   Other: 2.3ms
[2022-09-05T02:46:55.222+0000][7][gc,heap     ] GC(9) Eden regions: 35->0(35)
[2022-09-05T02:46:55.222+0000][7][gc,heap     ] GC(9) Survivor regions: 3->3(5)
[2022-09-05T02:46:55.223+0000][7][gc,heap     ] GC(9) Old regions: 2->2
[2022-09-05T02:46:55.223+0000][7][gc,heap     ] GC(9) Archive regions: 2->2
[2022-09-05T02:46:55.223+0000][7][gc,heap     ] GC(9) Humongous regions: 0->0
[2022-09-05T02:46:55.223+0000][7][gc,metaspace] GC(9) Metaspace: 19672K(20864K)->19672K(20864K) NonClass: 17287K(18176K)->17287K(18176K) Class: 2384K(2688K)->2384K(2688K)
[2022-09-05T02:46:55.223+0000][7][gc          ] GC(9) Pause Young (Normal) (G1 Evacuation Pause) 160M->21M(256M) 8.487ms
[2022-09-05T02:46:55.223+0000][7][gc,cpu      ] GC(9) User=0.02s Sys=0.00s Real=0.01s
[2022-09-05T02:46:55.224+0000][7][safepoint   ] Safepoint "G1CollectForAllocation", Time since last: 138669666 ns, Reaching safepoint: 286177 ns, At safepoint: 8892984 ns, Total: 9179161 ns
[2022-09-05T02:46:55.421+0000][7][gc,start    ] GC(10) Pause Young (Concurrent Start) (Metadata GC Threshold)
[2022-09-05T02:46:55.421+0000][7][gc,task     ] GC(10) Using 6 workers of 6 for evacuation
[2022-09-05T02:46:55.421+0000][7][gc,age      ] GC(10) Desired survivor size 10485760 bytes, new threshold 7 (max threshold 15)
[2022-09-05T02:46:55.427+0000][7][gc,age      ] GC(10) Age table with threshold 7 (max threshold 15)
[2022-09-05T02:46:55.427+0000][7][gc,age      ] GC(10) - age   1:    1665680 bytes,    1665680 total
[2022-09-05T02:46:55.427+0000][7][gc,age      ] GC(10) - age   2:     412320 bytes,    2078000 total
[2022-09-05T02:46:55.427+0000][7][gc,age      ] GC(10) - age   3:     255128 bytes,    2333128 total
[2022-09-05T02:46:55.427+0000][7][gc,age      ] GC(10) - age   4:     282808 bytes,    2615936 total
[2022-09-05T02:46:55.428+0000][7][gc,age      ] GC(10) - age   5:    1213280 bytes,    3829216 total
[2022-09-05T02:46:55.428+0000][7][gc,age      ] GC(10) - age   6:    1476720 bytes,    5305936 total
[2022-09-05T02:46:55.428+0000][7][gc,age      ] GC(10) - age   7:    1881232 bytes,    7187168 total
[2022-09-05T02:46:55.428+0000][7][gc,phases   ] GC(10)   Pre Evacuate Collection Set: 0.3ms
[2022-09-05T02:46:55.428+0000][7][gc,phases   ] GC(10)   Merge Heap Roots: 0.2ms
[2022-09-05T02:46:55.428+0000][7][gc,phases   ] GC(10)   Evacuate Collection Set: 3.9ms
[2022-09-05T02:46:55.429+0000][7][gc,phases   ] GC(10)   Post Evacuate Collection Set: 0.7ms
[2022-09-05T02:46:55.429+0000][7][gc,phases   ] GC(10)   Other: 2.4ms
[2022-09-05T02:46:55.429+0000][7][gc,heap     ] GC(10) Eden regions: 35->0(36)
[2022-09-05T02:46:55.429+0000][7][gc,heap     ] GC(10) Survivor regions: 3->2(5)
[2022-09-05T02:46:55.429+0000][7][gc,heap     ] GC(10) Old regions: 2->3
[2022-09-05T02:46:55.429+0000][7][gc,heap     ] GC(10) Archive regions: 2->2
[2022-09-05T02:46:55.430+0000][7][gc,heap     ] GC(10) Humongous regions: 0->0
[2022-09-05T02:46:55.430+0000][7][gc,metaspace] GC(10) Metaspace: 19969K(21248K)->19969K(21248K) NonClass: 17535K(18432K)->17535K(18432K) Class: 2434K(2816K)->2434K(2816K)
[2022-09-05T02:46:55.430+0000][7][gc          ] GC(10) Pause Young (Concurrent Start) (Metadata GC Threshold) 161M->21M(256M) 9.163ms
[2022-09-05T02:46:55.430+0000][7][gc,cpu      ] GC(10) User=0.03s Sys=0.00s Real=0.01s
[2022-09-05T02:46:55.430+0000][7][gc          ] GC(11) Concurrent Cycle
[2022-09-05T02:46:55.430+0000][7][safepoint   ] Safepoint "CollectForMetadataAllocation", Time since last: 197018538 ns, Reaching safepoint: 111841 ns, At safepoint: 9690451 ns, Total: 9802292 ns
[2022-09-05T02:46:55.431+0000][7][gc,marking  ] GC(11) Concurrent Clear Claimed Marks
[2022-09-05T02:46:55.431+0000][7][gc,marking  ] GC(11) Concurrent Clear Claimed Marks 0.365ms
[2022-09-05T02:46:55.431+0000][7][gc,marking  ] GC(11) Concurrent Scan Root Regions
[2022-09-05T02:46:55.433+0000][7][gc,marking  ] GC(11) Concurrent Scan Root Regions 1.601ms
[2022-09-05T02:46:55.433+0000][7][gc,marking  ] GC(11) Concurrent Mark (3.661s)
[2022-09-05T02:46:55.433+0000][7][gc,marking  ] GC(11) Concurrent Mark From Roots
[2022-09-05T02:46:55.433+0000][7][gc,task     ] GC(11) Using 2 workers of 2 for marking
[2022-09-05T02:46:55.438+0000][7][gc,marking  ] GC(11) Concurrent Mark From Roots 4.774ms
[2022-09-05T02:46:55.438+0000][7][gc,marking  ] GC(11) Concurrent Preclean
[2022-09-05T02:46:55.439+0000][7][gc,marking  ] GC(11) Concurrent Preclean 0.250ms
[2022-09-05T02:46:55.439+0000][7][gc,marking  ] GC(11) Concurrent Mark (3.661s, 3.667s) 5.711ms
[2022-09-05T02:46:55.439+0000][7][gc,start    ] GC(11) Pause Remark
[2022-09-05T02:46:55.442+0000][7][gc          ] GC(11) Pause Remark 29M->29M(256M) 2.357ms
[2022-09-05T02:46:55.442+0000][7][gc,cpu      ] GC(11) User=0.00s Sys=0.00s Real=0.00s
[2022-09-05T02:46:55.442+0000][7][safepoint   ] Safepoint "G1Concurrent", Time since last: 8564031 ns, Reaching safepoint: 259508 ns, At safepoint: 2833487 ns, Total: 3092995 ns
[2022-09-05T02:46:55.442+0000][7][gc,marking  ] GC(11) Concurrent Rebuild Remembered Sets
[2022-09-05T02:46:55.445+0000][7][gc,marking  ] GC(11) Concurrent Rebuild Remembered Sets 2.417ms
[2022-09-05T02:46:55.446+0000][7][gc,start    ] GC(11) Pause Cleanup
[2022-09-05T02:46:55.446+0000][7][gc          ] GC(11) Pause Cleanup 33M->33M(256M) 0.507ms
[2022-09-05T02:46:55.447+0000][7][gc,cpu      ] GC(11) User=0.00s Sys=0.00s Real=0.00s
[2022-09-05T02:46:55.447+0000][7][safepoint   ] Safepoint "G1Concurrent", Time since last: 3075081 ns, Reaching safepoint: 602862 ns, At safepoint: 1048397 ns, Total: 1651259 ns
[2022-09-05T02:46:55.447+0000][7][gc,marking  ] GC(11) Concurrent Cleanup for Next Mark
[2022-09-05T02:46:55.448+0000][7][gc,marking  ] GC(11) Concurrent Cleanup for Next Mark 0.573ms
[2022-09-05T02:46:55.448+0000][7][gc          ] GC(11) Concurrent Cycle 17.657ms
[2022-09-05T02:46:55.578+0000][7][gc,start    ] GC(12) Pause Young (Normal) (G1 Evacuation Pause)
[2022-09-05T02:46:55.578+0000][7][gc,task     ] GC(12) Using 6 workers of 6 for evacuation
[2022-09-05T02:46:55.579+0000][7][gc,age      ] GC(12) Desired survivor size 10485760 bytes, new threshold 15 (max threshold 15)
[2022-09-05T02:46:55.584+0000][7][gc,age      ] GC(12) Age table with threshold 15 (max threshold 15)
[2022-09-05T02:46:55.584+0000][7][gc,age      ] GC(12) - age   1:    2610616 bytes,    2610616 total
[2022-09-05T02:46:55.585+0000][7][gc,age      ] GC(12) - age   2:    1644776 bytes,    4255392 total
[2022-09-05T02:46:55.585+0000][7][gc,age      ] GC(12) - age   3:     411328 bytes,    4666720 total
[2022-09-05T02:46:55.585+0000][7][gc,age      ] GC(12) - age   4:     255064 bytes,    4921784 total
[2022-09-05T02:46:55.585+0000][7][gc,age      ] GC(12) - age   5:     282808 bytes,    5204592 total
[2022-09-05T02:46:55.585+0000][7][gc,age      ] GC(12) - age   6:    1213280 bytes,    6417872 total
[2022-09-05T02:46:55.586+0000][7][gc,age      ] GC(12) - age   7:    1476720 bytes,    7894592 total
[2022-09-05T02:46:55.586+0000][7][gc,age      ] GC(12) - age   8:    1881232 bytes,    9775824 total
[2022-09-05T02:46:55.586+0000][7][gc,phases   ] GC(12)   Pre Evacuate Collection Set: 0.2ms
[2022-09-05T02:46:55.586+0000][7][gc,phases   ] GC(12)   Merge Heap Roots: 0.2ms
[2022-09-05T02:46:55.586+0000][7][gc,phases   ] GC(12)   Evacuate Collection Set: 3.4ms
[2022-09-05T02:46:55.587+0000][7][gc,phases   ] GC(12)   Post Evacuate Collection Set: 1.2ms
[2022-09-05T02:46:55.587+0000][7][gc,phases   ] GC(12)   Other: 3.1ms
[2022-09-05T02:46:55.587+0000][7][gc,heap     ] GC(12) Eden regions: 36->0(35)
[2022-09-05T02:46:55.587+0000][7][gc,heap     ] GC(12) Survivor regions: 2->3(5)
[2022-09-05T02:46:55.587+0000][7][gc,heap     ] GC(12) Old regions: 3->3
[2022-09-05T02:46:55.587+0000][7][gc,heap     ] GC(12) Archive regions: 2->2
[2022-09-05T02:46:55.588+0000][7][gc,heap     ] GC(12) Humongous regions: 0->0
[2022-09-05T02:46:55.588+0000][7][gc,metaspace] GC(12) Metaspace: 20053K(21504K)->20053K(21504K) NonClass: 17602K(18688K)->17602K(18688K) Class: 2451K(2816K)->2451K(2816K)
[2022-09-05T02:46:55.588+0000][7][gc          ] GC(12) Pause Young (Normal) (G1 Evacuation Pause) 165M->23M(256M) 10.096ms
[2022-09-05T02:46:55.588+0000][7][gc,cpu      ] GC(12) User=0.02s Sys=0.01s Real=0.01s
[2022-09-05T02:46:55.588+0000][7][safepoint   ] Safepoint "G1CollectForAllocation", Time since last: 130856582 ns, Reaching safepoint: 118653 ns, At safepoint: 10490333 ns, Total: 10608986 ns
[2022-09-05T02:46:55.712+0000][7][gc,start    ] GC(13) Pause Young (Normal) (G1 Evacuation Pause)
[2022-09-05T02:46:55.712+0000][7][gc,task     ] GC(13) Using 6 workers of 6 for evacuation
[2022-09-05T02:46:55.712+0000][7][gc,age      ] GC(13) Desired survivor size 10485760 bytes, new threshold 15 (max threshold 15)
[2022-09-05T02:46:55.716+0000][7][gc,age      ] GC(13) Age table with threshold 15 (max threshold 15)
[2022-09-05T02:46:55.716+0000][7][gc,age      ] GC(13) - age   1:     622896 bytes,     622896 total
[2022-09-05T02:46:55.716+0000][7][gc,age      ] GC(13) - age   2:     506896 bytes,    1129792 total
[2022-09-05T02:46:55.716+0000][7][gc,age      ] GC(13) - age   3:    1644776 bytes,    2774568 total
[2022-09-05T02:46:55.716+0000][7][gc,age      ] GC(13) - age   4:     411112 bytes,    3185680 total
[2022-09-05T02:46:55.716+0000][7][gc,age      ] GC(13) - age   5:     255064 bytes,    3440744 total
[2022-09-05T02:46:55.717+0000][7][gc,age      ] GC(13) - age   6:     282264 bytes,    3723008 total
[2022-09-05T02:46:55.717+0000][7][gc,age      ] GC(13) - age   7:    1213280 bytes,    4936288 total
[2022-09-05T02:46:55.717+0000][7][gc,age      ] GC(13) - age   8:    1476720 bytes,    6413008 total
[2022-09-05T02:46:55.717+0000][7][gc,age      ] GC(13) - age   9:    1881232 bytes,    8294240 total
[2022-09-05T02:46:55.717+0000][7][gc,phases   ] GC(13)   Pre Evacuate Collection Set: 0.1ms
[2022-09-05T02:46:55.717+0000][7][gc,phases   ] GC(13)   Merge Heap Roots: 0.1ms
[2022-09-05T02:46:55.717+0000][7][gc,phases   ] GC(13)   Evacuate Collection Set: 2.2ms
[2022-09-05T02:46:55.718+0000][7][gc,phases   ] GC(13)   Post Evacuate Collection Set: 0.7ms
[2022-09-05T02:46:55.718+0000][7][gc,phases   ] GC(13)   Other: 2.4ms
[2022-09-05T02:46:55.718+0000][7][gc,heap     ] GC(13) Eden regions: 35->0(35)
[2022-09-05T02:46:55.718+0000][7][gc,heap     ] GC(13) Survivor regions: 3->3(5)
[2022-09-05T02:46:55.718+0000][7][gc,heap     ] GC(13) Old regions: 3->3
[2022-09-05T02:46:55.718+0000][7][gc,heap     ] GC(13) Archive regions: 2->2
[2022-09-05T02:46:55.718+0000][7][gc,heap     ] GC(13) Humongous regions: 0->0
[2022-09-05T02:46:55.719+0000][7][gc,metaspace] GC(13) Metaspace: 20088K(21504K)->20088K(21504K) NonClass: 17627K(18688K)->17627K(18688K) Class: 2460K(2816K)->2460K(2816K)
[2022-09-05T02:46:55.719+0000][7][gc          ] GC(13) Pause Young (Normal) (G1 Evacuation Pause) 163M->22M(256M) 7.076ms
[2022-09-05T02:46:55.719+0000][7][gc,cpu      ] GC(13) User=0.02s Sys=0.00s Real=0.01s
[2022-09-05T02:46:55.719+0000][7][safepoint   ] Safepoint "G1CollectForAllocation", Time since last: 123152323 ns, Reaching safepoint: 174879 ns, At safepoint: 7452591 ns, Total: 7627470 ns
[2022-09-05T02:46:56.583+0000][7][safepoint   ] Safepoint "ICBufferFull", Time since last: 863756235 ns, Reaching safepoint: 462127 ns, At safepoint: 32421 ns, Total: 494548 ns
[2022-09-05T02:46:56.884+0000][7][safepoint   ] Safepoint "ICBufferFull", Time since last: 300090998 ns, Reaching safepoint: 254989 ns, At safepoint: 104887 ns, Total: 359876 ns
[2022-09-05T02:46:57.060+0000][7][gc,start    ] GC(14) Pause Young (Normal) (G1 Evacuation Pause)
[2022-09-05T02:46:57.060+0000][7][gc,task     ] GC(14) Using 6 workers of 6 for evacuation
[2022-09-05T02:46:57.061+0000][7][gc,age      ] GC(14) Desired survivor size 10485760 bytes, new threshold 15 (max threshold 15)
[2022-09-05T02:46:57.072+0000][7][gc,age      ] GC(14) Age table with threshold 15 (max threshold 15)
[2022-09-05T02:46:57.073+0000][7][gc,age      ] GC(14) - age   1:   10106232 bytes,   10106232 total
[2022-09-05T02:46:57.073+0000][7][gc,age      ] GC(14) - age   2:     298336 bytes,   10404568 total
[2022-09-05T02:46:57.073+0000][7][gc,age      ] GC(14) - age   3:     506360 bytes,   10910928 total
[2022-09-05T02:46:57.074+0000][7][gc,age      ] GC(14) - age   4:    1640624 bytes,   12551552 total
[2022-09-05T02:46:57.074+0000][7][gc,age      ] GC(14) - age   5:     410552 bytes,   12962104 total
[2022-09-05T02:46:57.074+0000][7][gc,age      ] GC(14) - age   6:     254536 bytes,   13216640 total
[2022-09-05T02:46:57.074+0000][7][gc,age      ] GC(14) - age   7:     273144 bytes,   13489784 total
[2022-09-05T02:46:57.074+0000][7][gc,age      ] GC(14) - age   8:    1212568 bytes,   14702352 total
[2022-09-05T02:46:57.074+0000][7][gc,age      ] GC(14) - age   9:    1473088 bytes,   16175440 total
[2022-09-05T02:46:57.074+0000][7][gc,age      ] GC(14) - age  10:    1873880 bytes,   18049320 total
[2022-09-05T02:46:57.075+0000][7][gc,phases   ] GC(14)   Pre Evacuate Collection Set: 0.1ms
[2022-09-05T02:46:57.075+0000][7][gc,phases   ] GC(14)   Merge Heap Roots: 0.1ms
[2022-09-05T02:46:57.075+0000][7][gc,phases   ] GC(14)   Evacuate Collection Set: 10.1ms
[2022-09-05T02:46:57.075+0000][7][gc,phases   ] GC(14)   Post Evacuate Collection Set: 1.3ms
[2022-09-05T02:46:57.075+0000][7][gc,phases   ] GC(14)   Other: 3.0ms
[2022-09-05T02:46:57.075+0000][7][gc,heap     ] GC(14) Eden regions: 35->0(33)
[2022-09-05T02:46:57.075+0000][7][gc,heap     ] GC(14) Survivor regions: 3->5(5)
[2022-09-05T02:46:57.076+0000][7][gc,heap     ] GC(14) Old regions: 3->3
[2022-09-05T02:46:57.076+0000][7][gc,heap     ] GC(14) Archive regions: 2->2
[2022-09-05T02:46:57.076+0000][7][gc,heap     ] GC(14) Humongous regions: 0->0
[2022-09-05T02:46:57.076+0000][7][gc,metaspace] GC(14) Metaspace: 29934K(32000K)->29934K(32000K) NonClass: 26205K(27648K)->26205K(27648K) Class: 3729K(4352K)->3729K(4352K)
[2022-09-05T02:46:57.076+0000][7][gc          ] GC(14) Pause Young (Normal) (G1 Evacuation Pause) 162M->31M(256M) 16.018ms
[2022-09-05T02:46:57.076+0000][7][gc,cpu      ] GC(14) User=0.06s Sys=0.00s Real=0.02s
[2022-09-05T02:46:57.076+0000][7][safepoint   ] Safepoint "G1CollectForAllocation", Time since last: 176150230 ns, Reaching safepoint: 158748 ns, At safepoint: 16366254 ns, Total: 16525002 ns
[2022-09-05T02:46:57.668+0000][7][gc,start    ] GC(15) Pause Young (Normal) (G1 Evacuation Pause)
[2022-09-05T02:46:57.668+0000][7][gc,task     ] GC(15) Using 6 workers of 6 for evacuation
[2022-09-05T02:46:57.668+0000][7][gc,age      ] GC(15) Desired survivor size 10485760 bytes, new threshold 3 (max threshold 15)
[2022-09-05T02:46:57.687+0000][7][gc,age      ] GC(15) Age table with threshold 3 (max threshold 15)
[2022-09-05T02:46:57.687+0000][7][gc,age      ] GC(15) - age   1:   12662888 bytes,   12662888 total
[2022-09-05T02:46:57.688+0000][7][gc,age      ] GC(15) - age   2:    8006216 bytes,   20669104 total
[2022-09-05T02:46:57.688+0000][7][gc,age      ] GC(15) - age   3:     298336 bytes,   20967440 total
[2022-09-05T02:46:57.688+0000][7][gc,phases   ] GC(15)   Pre Evacuate Collection Set: 0.2ms
[2022-09-05T02:46:57.688+0000][7][gc,phases   ] GC(15)   Merge Heap Roots: 0.1ms
[2022-09-05T02:46:57.688+0000][7][gc,phases   ] GC(15)   Evacuate Collection Set: 16.7ms
[2022-09-05T02:46:57.689+0000][7][gc,phases   ] GC(15)   Post Evacuate Collection Set: 1.3ms
[2022-09-05T02:46:57.689+0000][7][gc,phases   ] GC(15)   Other: 2.2ms
[2022-09-05T02:46:57.689+0000][7][gc,heap     ] GC(15) Eden regions: 33->0(33)
[2022-09-05T02:46:57.689+0000][7][gc,heap     ] GC(15) Survivor regions: 5->5(5)
[2022-09-05T02:46:57.689+0000][7][gc,heap     ] GC(15) Old regions: 3->6
[2022-09-05T02:46:57.689+0000][7][gc,heap     ] GC(15) Archive regions: 2->2
[2022-09-05T02:46:57.690+0000][7][gc,heap     ] GC(15) Humongous regions: 0->0
[2022-09-05T02:46:57.690+0000][7][gc,metaspace] GC(15) Metaspace: 30204K(32256K)->30204K(32256K) NonClass: 26434K(27904K)->26434K(27904K) Class: 3770K(4352K)->3770K(4352K)
[2022-09-05T02:46:57.690+0000][7][gc          ] GC(15) Pause Young (Normal) (G1 Evacuation Pause) 163M->46M(256M) 22.391ms
[2022-09-05T02:46:57.690+0000][7][gc,cpu      ] GC(15) User=0.10s Sys=0.00s Real=0.02s
[2022-09-05T02:46:57.690+0000][7][safepoint   ] Safepoint "G1CollectForAllocation", Time since last: 590903895 ns, Reaching safepoint: 195316 ns, At safepoint: 22841737 ns, Total: 23037053 ns
[2022-09-05T02:46:58.163+0000][7][gc,start    ] GC(16) Pause Young (Concurrent Start) (Metadata GC Threshold)
[2022-09-05T02:46:58.163+0000][7][gc,task     ] GC(16) Using 6 workers of 6 for evacuation
[2022-09-05T02:46:58.163+0000][7][gc,age      ] GC(16) Desired survivor size 10485760 bytes, new threshold 1 (max threshold 15)
[2022-09-05T02:46:58.179+0000][7][gc,age      ] GC(16) Age table with threshold 1 (max threshold 15)
[2022-09-05T02:46:58.180+0000][7][gc,age      ] GC(16) - age   1:   12267760 bytes,   12267760 total
[2022-09-05T02:46:58.180+0000][7][gc,phases   ] GC(16)   Pre Evacuate Collection Set: 0.3ms
[2022-09-05T02:46:58.180+0000][7][gc,phases   ] GC(16)   Merge Heap Roots: 0.1ms
[2022-09-05T02:46:58.181+0000][7][gc,phases   ] GC(16)   Evacuate Collection Set: 14.1ms
[2022-09-05T02:46:58.181+0000][7][gc,phases   ] GC(16)   Post Evacuate Collection Set: 1.3ms
[2022-09-05T02:46:58.181+0000][7][gc,phases   ] GC(16)   Other: 1.6ms
[2022-09-05T02:46:58.181+0000][7][gc,heap     ] GC(16) Eden regions: 21->0(28)
[2022-09-05T02:46:58.181+0000][7][gc,heap     ] GC(16) Survivor regions: 5->4(5)
[2022-09-05T02:46:58.181+0000][7][gc,heap     ] GC(16) Old regions: 6->11
[2022-09-05T02:46:58.182+0000][7][gc,heap     ] GC(16) Archive regions: 2->2
[2022-09-05T02:46:58.182+0000][7][gc,heap     ] GC(16) Humongous regions: 0->0
[2022-09-05T02:46:58.182+0000][7][gc,metaspace] GC(16) Metaspace: 33548K(35840K)->33548K(35840K) NonClass: 29216K(30848K)->29216K(30848K) Class: 4332K(4992K)->4332K(4992K)
[2022-09-05T02:46:58.182+0000][7][gc          ] GC(16) Pause Young (Concurrent Start) (Metadata GC Threshold) 130M->60M(256M) 19.251ms
[2022-09-05T02:46:58.182+0000][7][gc,cpu      ] GC(16) User=0.08s Sys=0.00s Real=0.02s
[2022-09-05T02:46:58.182+0000][7][gc          ] GC(17) Concurrent Cycle
[2022-09-05T02:46:58.183+0000][7][safepoint   ] Safepoint "CollectForMetadataAllocation", Time since last: 472202810 ns, Reaching safepoint: 224281 ns, At safepoint: 19777636 ns, Total: 20001917 ns
[2022-09-05T02:46:58.183+0000][7][gc,marking  ] GC(17) Concurrent Clear Claimed Marks
[2022-09-05T02:46:58.183+0000][7][gc,marking  ] GC(17) Concurrent Clear Claimed Marks 0.742ms
[2022-09-05T02:46:58.184+0000][7][gc,marking  ] GC(17) Concurrent Scan Root Regions
[2022-09-05T02:46:58.192+0000][7][gc,marking  ] GC(17) Concurrent Scan Root Regions 8.045ms
[2022-09-05T02:46:58.192+0000][7][gc,marking  ] GC(17) Concurrent Mark (6.420s)
[2022-09-05T02:46:58.192+0000][7][gc,marking  ] GC(17) Concurrent Mark From Roots
[2022-09-05T02:46:58.192+0000][7][gc,task     ] GC(17) Using 2 workers of 2 for marking
[2022-09-05T02:46:58.203+0000][7][safepoint   ] Safepoint "CollectForMetadataAllocation", Time since last: 20139767 ns, Reaching safepoint: 193562 ns, At safepoint: 174809 ns, Total: 368371 ns
[2022-09-05T02:46:58.204+0000][7][gc,marking  ] GC(17) Concurrent Mark From Roots 11.943ms
[2022-09-05T02:46:58.204+0000][7][gc,marking  ] GC(17) Concurrent Preclean
[2022-09-05T02:46:58.205+0000][7][gc,marking  ] GC(17) Concurrent Preclean 0.240ms
[2022-09-05T02:46:58.205+0000][7][gc,marking  ] GC(17) Concurrent Mark (6.420s, 6.433s) 12.788ms
[2022-09-05T02:46:58.205+0000][7][gc,start    ] GC(17) Pause Remark
[2022-09-05T02:46:58.207+0000][7][gc          ] GC(17) Pause Remark 62M->62M(256M) 1.988ms
[2022-09-05T02:46:58.207+0000][7][gc,cpu      ] GC(17) User=0.01s Sys=0.00s Real=0.00s
[2022-09-05T02:46:58.208+0000][7][safepoint   ] Safepoint "G1Concurrent", Time since last: 1919351 ns, Reaching safepoint: 211923 ns, At safepoint: 2460633 ns, Total: 2672556 ns
[2022-09-05T02:46:58.208+0000][7][gc,marking  ] GC(17) Concurrent Rebuild Remembered Sets
[2022-09-05T02:46:58.224+0000][7][gc,marking  ] GC(17) Concurrent Rebuild Remembered Sets 15.980ms
[2022-09-05T02:46:58.225+0000][7][gc,start    ] GC(17) Pause Cleanup
[2022-09-05T02:46:58.225+0000][7][gc          ] GC(17) Pause Cleanup 64M->64M(256M) 0.367ms
[2022-09-05T02:46:58.225+0000][7][gc,cpu      ] GC(17) User=0.00s Sys=0.00s Real=0.01s
[2022-09-05T02:46:58.225+0000][7][safepoint   ] Safepoint "G1Concurrent", Time since last: 16497060 ns, Reaching safepoint: 456086 ns, At safepoint: 747022 ns, Total: 1203108 ns
[2022-09-05T02:46:58.226+0000][7][gc,marking  ] GC(17) Concurrent Cleanup for Next Mark
[2022-09-05T02:46:58.226+0000][7][gc,marking  ] GC(17) Concurrent Cleanup for Next Mark 0.530ms
[2022-09-05T02:46:58.226+0000][7][gc          ] GC(17) Concurrent Cycle 43.929ms
[2022-09-05T02:46:58.350+0000][7][gc,start    ] GC(18) Pause Young (Concurrent Start) (G1 Evacuation Pause)
[2022-09-05T02:46:58.351+0000][7][gc,task     ] GC(18) Using 6 workers of 6 for evacuation
[2022-09-05T02:46:58.351+0000][7][gc,age      ] GC(18) Desired survivor size 8388608 bytes, new threshold 1 (max threshold 15)
[2022-09-05T02:46:58.358+0000][7][gc,age      ] GC(18) Age table with threshold 1 (max threshold 15)
[2022-09-05T02:46:58.358+0000][7][gc,age      ] GC(18) - age   1:     613896 bytes,     613896 total
[2022-09-05T02:46:58.358+0000][7][gc,phases   ] GC(18)   Pre Evacuate Collection Set: 0.2ms
[2022-09-05T02:46:58.358+0000][7][gc,phases   ] GC(18)   Merge Heap Roots: 0.1ms
[2022-09-05T02:46:58.359+0000][7][gc,phases   ] GC(18)   Evacuate Collection Set: 5.8ms
[2022-09-05T02:46:58.359+0000][7][gc,phases   ] GC(18)   Post Evacuate Collection Set: 0.8ms
[2022-09-05T02:46:58.359+0000][7][gc,phases   ] GC(18)   Other: 1.2ms
[2022-09-05T02:46:58.359+0000][7][gc,heap     ] GC(18) Eden regions: 28->0(30)
[2022-09-05T02:46:58.359+0000][7][gc,heap     ] GC(18) Survivor regions: 4->1(4)
[2022-09-05T02:46:58.359+0000][7][gc,heap     ] GC(18) Old regions: 11->14
[2022-09-05T02:46:58.360+0000][7][gc,heap     ] GC(18) Archive regions: 2->2
[2022-09-05T02:46:58.360+0000][7][gc,heap     ] GC(18) Humongous regions: 0->0
[2022-09-05T02:46:58.360+0000][7][gc,metaspace] GC(18) Metaspace: 35858K(38272K)->35858K(38272K) NonClass: 31289K(33024K)->31289K(33024K) Class: 4568K(5248K)->4568K(5248K)
[2022-09-05T02:46:58.360+0000][7][gc          ] GC(18) Pause Young (Concurrent Start) (G1 Evacuation Pause) 172M->61M(256M) 9.727ms
[2022-09-05T02:46:58.360+0000][7][gc,cpu      ] GC(18) User=0.04s Sys=0.00s Real=0.01s
[2022-09-05T02:46:58.360+0000][7][gc          ] GC(19) Concurrent Cycle
[2022-09-05T02:46:58.360+0000][7][safepoint   ] Safepoint "G1CollectForAllocation", Time since last: 124812289 ns, Reaching safepoint: 156634 ns, At safepoint: 10170713 ns, Total: 10327347 ns
[2022-09-05T02:46:58.361+0000][7][gc,marking  ] GC(19) Concurrent Clear Claimed Marks
[2022-09-05T02:46:58.361+0000][7][gc,marking  ] GC(19) Concurrent Clear Claimed Marks 0.400ms
[2022-09-05T02:46:58.361+0000][7][gc,marking  ] GC(19) Concurrent Scan Root Regions
[2022-09-05T02:46:58.366+0000][7][gc,marking  ] GC(19) Concurrent Scan Root Regions 4.401ms
[2022-09-05T02:46:58.366+0000][7][gc,marking  ] GC(19) Concurrent Mark (6.594s)
[2022-09-05T02:46:58.366+0000][7][gc,marking  ] GC(19) Concurrent Mark From Roots
[2022-09-05T02:46:58.366+0000][7][gc,task     ] GC(19) Using 2 workers of 2 for marking
[2022-09-05T02:46:58.391+0000][7][gc,marking  ] GC(19) Concurrent Mark From Roots 25.005ms
[2022-09-05T02:46:58.392+0000][7][gc,marking  ] GC(19) Concurrent Preclean
[2022-09-05T02:46:58.392+0000][7][gc,marking  ] GC(19) Concurrent Preclean 0.306ms
[2022-09-05T02:46:58.392+0000][7][gc,marking  ] GC(19) Concurrent Mark (6.594s, 6.620s) 26.101ms
[2022-09-05T02:46:58.392+0000][7][gc,start    ] GC(19) Pause Remark
[2022-09-05T02:46:58.395+0000][7][gc          ] GC(19) Pause Remark 63M->63M(256M) 2.183ms
[2022-09-05T02:46:58.395+0000][7][gc,cpu      ] GC(19) User=0.01s Sys=0.00s Real=0.00s
[2022-09-05T02:46:58.395+0000][7][safepoint   ] Safepoint "G1Concurrent", Time since last: 31851145 ns, Reaching safepoint: 61705 ns, At safepoint: 2722419 ns, Total: 2784124 ns
[2022-09-05T02:46:58.395+0000][7][gc,marking  ] GC(19) Concurrent Rebuild Remembered Sets
[2022-09-05T02:46:58.422+0000][7][gc,marking  ] GC(19) Concurrent Rebuild Remembered Sets 26.484ms
[2022-09-05T02:46:58.423+0000][7][gc,start    ] GC(19) Pause Cleanup
[2022-09-05T02:46:58.423+0000][7][gc          ] GC(19) Pause Cleanup 67M->67M(256M) 0.324ms
[2022-09-05T02:46:58.423+0000][7][gc,cpu      ] GC(19) User=0.00s Sys=0.00s Real=0.00s
[2022-09-05T02:46:58.424+0000][7][safepoint   ] Safepoint "G1Concurrent", Time since last: 27080968 ns, Reaching safepoint: 301821 ns, At safepoint: 1022800 ns, Total: 1324621 ns
[2022-09-05T02:46:58.424+0000][7][gc,marking  ] GC(19) Concurrent Cleanup for Next Mark
[2022-09-05T02:46:58.425+0000][7][gc,marking  ] GC(19) Concurrent Cleanup for Next Mark 0.816ms
[2022-09-05T02:46:58.426+0000][7][gc          ] GC(19) Concurrent Cycle 65.592ms
[2022-09-05T02:46:59.438+0000][7][safepoint   ] Safepoint "ICBufferFull", Time since last: 1014553725 ns, Reaching safepoint: 227718 ns, At safepoint: 63509 ns, Total: 291227 ns
[2022-09-05T02:46:59.535+0000][7][gc,start    ] GC(20) Pause Young (Normal) (G1 Evacuation Pause)
[2022-09-05T02:46:59.536+0000][7][gc,task     ] GC(20) Using 6 workers of 6 for evacuation
[2022-09-05T02:46:59.536+0000][7][gc,age      ] GC(20) Desired survivor size 8388608 bytes, new threshold 15 (max threshold 15)
[2022-09-05T02:46:59.545+0000][7][gc,age      ] GC(20) Age table with threshold 15 (max threshold 15)
[2022-09-05T02:46:59.545+0000][7][gc,age      ] GC(20) - age   1:    5975504 bytes,    5975504 total
[2022-09-05T02:46:59.546+0000][7][gc,age      ] GC(20) - age   2:     600176 bytes,    6575680 total
[2022-09-05T02:46:59.546+0000][7][gc,phases   ] GC(20)   Pre Evacuate Collection Set: 0.1ms
[2022-09-05T02:46:59.546+0000][7][gc,phases   ] GC(20)   Merge Heap Roots: 0.1ms
[2022-09-05T02:46:59.546+0000][7][gc,phases   ] GC(20)   Evacuate Collection Set: 5.7ms
[2022-09-05T02:46:59.547+0000][7][gc,phases   ] GC(20)   Post Evacuate Collection Set: 2.9ms
[2022-09-05T02:46:59.551+0000][7][gc,phases   ] GC(20)   Other: 1.8ms
[2022-09-05T02:46:59.551+0000][7][gc,heap     ] GC(20) Eden regions: 30->0(29)
[2022-09-05T02:46:59.551+0000][7][gc,heap     ] GC(20) Survivor regions: 1->2(4)
[2022-09-05T02:46:59.552+0000][7][gc,heap     ] GC(20) Old regions: 14->14
[2022-09-05T02:46:59.553+0000][7][gc,heap     ] GC(20) Archive regions: 2->2
[2022-09-05T02:46:59.557+0000][7][gc,heap     ] GC(20) Humongous regions: 0->0
[2022-09-05T02:46:59.557+0000][7][gc,metaspace] GC(20) Metaspace: 51901K(55424K)->51901K(55424K) NonClass: 44966K(47616K)->44966K(47616K) Class: 6934K(7808K)->6934K(7808K)
[2022-09-05T02:46:59.557+0000][7][gc          ] GC(20) Pause Young (Normal) (G1 Evacuation Pause) 181M->66M(256M) 21.846ms
[2022-09-05T02:46:59.558+0000][7][gc,cpu      ] GC(20) User=0.06s Sys=0.02s Real=0.02s
[2022-09-05T02:46:59.558+0000][7][safepoint   ] Safepoint "G1CollectForAllocation", Time since last: 96989514 ns, Reaching safepoint: 95209 ns, At safepoint: 22294204 ns, Total: 22389413 ns
[2022-09-05T02:46:59.603+0000][7][safepoint   ] Safepoint "ICBufferFull", Time since last: 44585478 ns, Reaching safepoint: 270463 ns, At safepoint: 26069 ns, Total: 296532 ns
[2022-09-05T02:46:59.920+0000][7][safepoint   ] Safepoint "ICBufferFull", Time since last: 316771518 ns, Reaching safepoint: 276103 ns, At safepoint: 7114 ns, Total: 283217 ns
[2022-09-05T02:47:00.447+0000][7][gc,start    ] GC(21) Pause Young (Concurrent Start) (Metadata GC Threshold)
[2022-09-05T02:47:00.447+0000][7][gc,task     ] GC(21) Using 6 workers of 6 for evacuation
[2022-09-05T02:47:00.447+0000][7][gc,age      ] GC(21) Desired survivor size 8388608 bytes, new threshold 15 (max threshold 15)
[2022-09-05T02:47:00.456+0000][7][gc,age      ] GC(21) Age table with threshold 15 (max threshold 15)
[2022-09-05T02:47:00.456+0000][7][gc,age      ] GC(21) - age   1:    4225920 bytes,    4225920 total
[2022-09-05T02:47:00.456+0000][7][gc,age      ] GC(21) - age   2:    5812280 bytes,   10038200 total
[2022-09-05T02:47:00.456+0000][7][gc,age      ] GC(21) - age   3:     598560 bytes,   10636760 total
[2022-09-05T02:47:00.457+0000][7][gc,phases   ] GC(21)   Pre Evacuate Collection Set: 0.3ms
[2022-09-05T02:47:00.457+0000][7][gc,phases   ] GC(21)   Merge Heap Roots: 0.2ms
[2022-09-05T02:47:00.457+0000][7][gc,phases   ] GC(21)   Evacuate Collection Set: 6.0ms
[2022-09-05T02:47:00.457+0000][7][gc,phases   ] GC(21)   Post Evacuate Collection Set: 1.4ms
[2022-09-05T02:47:00.457+0000][7][gc,phases   ] GC(21)   Other: 2.0ms
[2022-09-05T02:47:00.458+0000][7][gc,heap     ] GC(21) Eden regions: 28->0(29)
[2022-09-05T02:47:00.458+0000][7][gc,heap     ] GC(21) Survivor regions: 2->3(4)
[2022-09-05T02:47:00.458+0000][7][gc,heap     ] GC(21) Old regions: 14->14
[2022-09-05T02:47:00.458+0000][7][gc,heap     ] GC(21) Archive regions: 2->2
[2022-09-05T02:47:00.458+0000][7][gc,heap     ] GC(21) Humongous regions: 0->0
[2022-09-05T02:47:00.458+0000][7][gc,metaspace] GC(21) Metaspace: 60689K(64216K)->60689K(64216K) NonClass: 52574K(55256K)->52574K(55256K) Class: 8115K(8960K)->8115K(8960K)
[2022-09-05T02:47:00.459+0000][7][gc          ] GC(21) Pause Young (Concurrent Start) (Metadata GC Threshold) 178M->70M(256M) 11.806ms
[2022-09-05T02:47:00.459+0000][7][gc,cpu      ] GC(21) User=0.02s Sys=0.01s Real=0.01s
[2022-09-05T02:47:00.459+0000][7][gc          ] GC(22) Concurrent Cycle
[2022-09-05T02:47:00.459+0000][7][safepoint   ] Safepoint "CollectForMetadataAllocation", Time since last: 526602240 ns, Reaching safepoint: 416391 ns, At safepoint: 12317446 ns, Total: 12733837 ns
[2022-09-05T02:47:00.459+0000][7][gc,marking  ] GC(22) Concurrent Clear Claimed Marks
[2022-09-05T02:47:00.460+0000][7][gc,marking  ] GC(22) Concurrent Clear Claimed Marks 0.458ms
[2022-09-05T02:47:00.460+0000][7][gc,marking  ] GC(22) Concurrent Scan Root Regions
[2022-09-05T02:47:00.464+0000][7][gc,marking  ] GC(22) Concurrent Scan Root Regions 4.109ms
[2022-09-05T02:47:00.464+0000][7][gc,marking  ] GC(22) Concurrent Mark (8.692s)
[2022-09-05T02:47:00.464+0000][7][gc,marking  ] GC(22) Concurrent Mark From Roots
[2022-09-05T02:47:00.465+0000][7][gc,task     ] GC(22) Using 2 workers of 2 for marking
[2022-09-05T02:47:00.470+0000][7][safepoint   ] Safepoint "CollectForMetadataAllocation", Time since last: 11103107 ns, Reaching safepoint: 134773 ns, At safepoint: 129864 ns, Total: 264637 ns
[2022-09-05T02:47:00.487+0000][7][safepoint   ] Safepoint "CollectForMetadataAllocation", Time since last: 16355825 ns, Reaching safepoint: 163136 ns, At safepoint: 154680 ns, Total: 317816 ns
[2022-09-05T02:47:00.498+0000][7][gc,marking  ] GC(22) Concurrent Mark From Roots 33.977ms
[2022-09-05T02:47:00.499+0000][7][gc,marking  ] GC(22) Concurrent Preclean
[2022-09-05T02:47:00.499+0000][7][gc,marking  ] GC(22) Concurrent Preclean 0.390ms
[2022-09-05T02:47:00.499+0000][7][gc,marking  ] GC(22) Concurrent Mark (8.692s, 8.727s) 35.036ms
[2022-09-05T02:47:00.500+0000][7][gc,start    ] GC(22) Pause Remark
[2022-09-05T02:47:00.502+0000][7][gc          ] GC(22) Pause Remark 76M->76M(256M) 2.511ms
[2022-09-05T02:47:00.502+0000][7][gc,cpu      ] GC(22) User=0.01s Sys=0.00s Real=0.00s
[2022-09-05T02:47:00.503+0000][7][safepoint   ] Safepoint "G1Concurrent", Time since last: 12397306 ns, Reaching safepoint: 120947 ns, At safepoint: 3041057 ns, Total: 3162004 ns
[2022-09-05T02:47:00.503+0000][7][gc,marking  ] GC(22) Concurrent Rebuild Remembered Sets
[2022-09-05T02:47:00.524+0000][7][gc,marking  ] GC(22) Concurrent Rebuild Remembered Sets 21.254ms
[2022-09-05T02:47:00.525+0000][7][gc,start    ] GC(22) Pause Cleanup
[2022-09-05T02:47:00.526+0000][7][gc          ] GC(22) Pause Cleanup 78M->78M(256M) 0.337ms
[2022-09-05T02:47:00.526+0000][7][gc,cpu      ] GC(22) User=0.00s Sys=0.00s Real=0.00s
[2022-09-05T02:47:00.526+0000][7][safepoint   ] Safepoint "G1Concurrent", Time since last: 21798119 ns, Reaching safepoint: 1040532 ns, At safepoint: 694945 ns, Total: 1735477 ns
[2022-09-05T02:47:00.526+0000][7][gc,marking  ] GC(22) Concurrent Cleanup for Next Mark
[2022-09-05T02:47:00.527+0000][7][gc,marking  ] GC(22) Concurrent Cleanup for Next Mark 0.546ms
[2022-09-05T02:47:00.527+0000][7][gc          ] GC(22) Concurrent Cycle 68.279ms
[2022-09-05T02:47:01.642+0000][7][safepoint   ] Safepoint "ICBufferFull", Time since last: 1114784051 ns, Reaching safepoint: 1123303 ns, At safepoint: 79009 ns, Total: 1202312 ns
[2022-09-05T02:47:02.070+0000][7][gc,start    ] GC(23) Pause Young (Concurrent Start) (G1 Evacuation Pause)
[2022-09-05T02:47:02.071+0000][7][gc,task     ] GC(23) Using 6 workers of 6 for evacuation
[2022-09-05T02:47:02.071+0000][7][gc,age      ] GC(23) Desired survivor size 8388608 bytes, new threshold 2 (max threshold 15)
[2022-09-05T02:47:02.081+0000][7][gc,age      ] GC(23) Age table with threshold 2 (max threshold 15)
[2022-09-05T02:47:02.082+0000][7][gc,age      ] GC(23) - age   1:    6539544 bytes,    6539544 total
[2022-09-05T02:47:02.082+0000][7][gc,age      ] GC(23) - age   2:    4081792 bytes,   10621336 total
[2022-09-05T02:47:02.082+0000][7][gc,phases   ] GC(23)   Pre Evacuate Collection Set: 0.3ms
[2022-09-05T02:47:02.082+0000][7][gc,phases   ] GC(23)   Merge Heap Roots: 0.1ms
[2022-09-05T02:47:02.082+0000][7][gc,phases   ] GC(23)   Evacuate Collection Set: 8.6ms
[2022-09-05T02:47:02.083+0000][7][gc,phases   ] GC(23)   Post Evacuate Collection Set: 1.2ms
[2022-09-05T02:47:02.083+0000][7][gc,phases   ] GC(23)   Other: 1.7ms
[2022-09-05T02:47:02.083+0000][7][gc,heap     ] GC(23) Eden regions: 29->0(28)
[2022-09-05T02:47:02.083+0000][7][gc,heap     ] GC(23) Survivor regions: 3->3(4)
[2022-09-05T02:47:02.083+0000][7][gc,heap     ] GC(23) Old regions: 14->16
[2022-09-05T02:47:02.083+0000][7][gc,heap     ] GC(23) Archive regions: 2->2
[2022-09-05T02:47:02.084+0000][7][gc,heap     ] GC(23) Humongous regions: 0->0
[2022-09-05T02:47:02.084+0000][7][gc,metaspace] GC(23) Metaspace: 79760K(84132K)->79760K(84132K) NonClass: 69060K(72356K)->69060K(72356K) Class: 10700K(11776K)->10700K(11776K)
[2022-09-05T02:47:02.084+0000][7][gc          ] GC(23) Pause Young (Concurrent Start) (G1 Evacuation Pause) 186M->76M(256M) 13.666ms
[2022-09-05T02:47:02.084+0000][7][gc,cpu      ] GC(23) User=0.05s Sys=0.00s Real=0.01s
[2022-09-05T02:47:02.084+0000][7][gc          ] GC(24) Concurrent Cycle
[2022-09-05T02:47:02.084+0000][7][gc,marking  ] GC(24) Concurrent Clear Claimed Marks
[2022-09-05T02:47:02.085+0000][7][gc,marking  ] GC(24) Concurrent Clear Claimed Marks 0.280ms
[2022-09-05T02:47:02.085+0000][7][gc,marking  ] GC(24) Concurrent Scan Root Regions
[2022-09-05T02:47:02.084+0000][7][safepoint   ] Safepoint "G1CollectForAllocation", Time since last: 427697075 ns, Reaching safepoint: 348405 ns, At safepoint: 14102555 ns, Total: 14450960 ns
[2022-09-05T02:47:02.091+0000][7][gc,marking  ] GC(24) Concurrent Scan Root Regions 6.089ms
[2022-09-05T02:47:02.091+0000][7][gc,marking  ] GC(24) Concurrent Mark (10.319s)
[2022-09-05T02:47:02.092+0000][7][gc,marking  ] GC(24) Concurrent Mark From Roots
[2022-09-05T02:47:02.092+0000][7][gc,task     ] GC(24) Using 2 workers of 2 for marking
[2022-09-05T02:47:02.128+0000][7][gc,marking  ] GC(24) Concurrent Mark From Roots 36.720ms
[2022-09-05T02:47:02.129+0000][7][gc,marking  ] GC(24) Concurrent Preclean
[2022-09-05T02:47:02.129+0000][7][gc,marking  ] GC(24) Concurrent Preclean 0.496ms
[2022-09-05T02:47:02.129+0000][7][gc,marking  ] GC(24) Concurrent Mark (10.319s, 10.357s) 38.080ms
[2022-09-05T02:47:02.130+0000][7][gc,start    ] GC(24) Pause Remark
[2022-09-05T02:47:02.133+0000][7][gc          ] GC(24) Pause Remark 82M->82M(256M) 3.411ms
[2022-09-05T02:47:02.134+0000][7][gc,cpu      ] GC(24) User=0.01s Sys=0.00s Real=0.00s
[2022-09-05T02:47:02.134+0000][7][safepoint   ] Safepoint "G1Concurrent", Time since last: 45412185 ns, Reaching safepoint: 235642 ns, At safepoint: 4193881 ns, Total: 4429523 ns
[2022-09-05T02:47:02.134+0000][7][gc,marking  ] GC(24) Concurrent Rebuild Remembered Sets
[2022-09-05T02:47:02.160+0000][7][gc,marking  ] GC(24) Concurrent Rebuild Remembered Sets 25.439ms
[2022-09-05T02:47:02.160+0000][7][gc,start    ] GC(24) Pause Cleanup
[2022-09-05T02:47:02.161+0000][7][gc          ] GC(24) Pause Cleanup 82M->82M(256M) 0.345ms
[2022-09-05T02:47:02.161+0000][7][gc,cpu      ] GC(24) User=0.00s Sys=0.00s Real=0.00s
[2022-09-05T02:47:02.161+0000][7][safepoint   ] Safepoint "G1Concurrent", Time since last: 25970299 ns, Reaching safepoint: 343284 ns, At safepoint: 756430 ns, Total: 1099714 ns
[2022-09-05T02:47:02.161+0000][7][gc,marking  ] GC(24) Concurrent Cleanup for Next Mark
[2022-09-05T02:47:02.162+0000][7][gc,marking  ] GC(24) Concurrent Cleanup for Next Mark 0.444ms
[2022-09-05T02:47:02.162+0000][7][gc          ] GC(24) Concurrent Cycle 77.797ms
[2022-09-05T02:47:02.768+0000][7][safepoint   ] Safepoint "ICBufferFull", Time since last: 605965640 ns, Reaching safepoint: 335139 ns, At safepoint: 37641 ns, Total: 372780 ns
[2022-09-05T02:47:03.384+0000][7][safepoint   ] Safepoint "ICBufferFull", Time since last: 615610712 ns, Reaching safepoint: 321423 ns, At safepoint: 50004 ns, Total: 371427 ns
[2022-09-05T02:47:03.443+0000][7][gc,start    ] GC(25) Pause Young (Concurrent Start) (G1 Humongous Allocation)
[2022-09-05T02:47:03.443+0000][7][gc,task     ] GC(25) Using 6 workers of 6 for evacuation
[2022-09-05T02:47:03.444+0000][7][gc,age      ] GC(25) Desired survivor size 8388608 bytes, new threshold 2 (max threshold 15)
[2022-09-05T02:47:03.452+0000][7][gc,age      ] GC(25) Age table with threshold 2 (max threshold 15)
[2022-09-05T02:47:03.452+0000][7][gc,age      ] GC(25) - age   1:    3096872 bytes,    3096872 total
[2022-09-05T02:47:03.453+0000][7][gc,age      ] GC(25) - age   2:    6097576 bytes,    9194448 total
[2022-09-05T02:47:03.453+0000][7][gc,phases   ] GC(25)   Pre Evacuate Collection Set: 0.4ms
[2022-09-05T02:47:03.453+0000][7][gc,phases   ] GC(25)   Merge Heap Roots: 0.2ms
[2022-09-05T02:47:03.453+0000][7][gc,phases   ] GC(25)   Evacuate Collection Set: 6.2ms
[2022-09-05T02:47:03.453+0000][7][gc,phases   ] GC(25)   Post Evacuate Collection Set: 1.1ms
[2022-09-05T02:47:03.453+0000][7][gc,phases   ] GC(25)   Other: 1.8ms
[2022-09-05T02:47:03.454+0000][7][gc,heap     ] GC(25) Eden regions: 14->0(26)
[2022-09-05T02:47:03.454+0000][7][gc,heap     ] GC(25) Survivor regions: 3->3(4)
[2022-09-05T02:47:03.454+0000][7][gc,heap     ] GC(25) Old regions: 16->17
[2022-09-05T02:47:03.454+0000][7][gc,heap     ] GC(25) Archive regions: 2->2
[2022-09-05T02:47:03.454+0000][7][gc,heap     ] GC(25) Humongous regions: 1->1
[2022-09-05T02:47:03.454+0000][7][gc,metaspace] GC(25) Metaspace: 86838K(91300K)->86838K(91300K) NonClass: 75095K(78500K)->75095K(78500K) Class: 11743K(12800K)->11743K(12800K)
[2022-09-05T02:47:03.455+0000][7][gc          ] GC(25) Pause Young (Concurrent Start) (G1 Humongous Allocation) 133M->83M(256M) 11.556ms
[2022-09-05T02:47:03.455+0000][7][gc,cpu      ] GC(25) User=0.03s Sys=0.01s Real=0.01s
[2022-09-05T02:47:03.455+0000][7][gc          ] GC(26) Concurrent Cycle
[2022-09-05T02:47:03.455+0000][7][gc,marking  ] GC(26) Concurrent Clear Claimed Marks
[2022-09-05T02:47:03.456+0000][7][gc,marking  ] GC(26) Concurrent Clear Claimed Marks 0.283ms
[2022-09-05T02:47:03.456+0000][7][gc,marking  ] GC(26) Concurrent Scan Root Regions
[2022-09-05T02:47:03.455+0000][7][safepoint   ] Safepoint "G1TryInitiateConcMark", Time since last: 59336477 ns, Reaching safepoint: 143369 ns, At safepoint: 12081132 ns, Total: 12224501 ns
[2022-09-05T02:47:03.461+0000][7][gc,marking  ] GC(26) Concurrent Scan Root Regions 4.926ms
[2022-09-05T02:47:03.461+0000][7][gc,marking  ] GC(26) Concurrent Mark (11.689s)
[2022-09-05T02:47:03.461+0000][7][gc,marking  ] GC(26) Concurrent Mark From Roots
[2022-09-05T02:47:03.461+0000][7][gc,task     ] GC(26) Using 2 workers of 2 for marking
[2022-09-05T02:47:03.500+0000][7][gc,marking  ] GC(26) Concurrent Mark From Roots 39.083ms
[2022-09-05T02:47:03.501+0000][7][gc,marking  ] GC(26) Concurrent Preclean
[2022-09-05T02:47:03.501+0000][7][gc,marking  ] GC(26) Concurrent Preclean 0.264ms
[2022-09-05T02:47:03.501+0000][7][gc,marking  ] GC(26) Concurrent Mark (11.689s, 11.729s) 40.014ms
[2022-09-05T02:47:03.502+0000][7][gc,start    ] GC(26) Pause Remark
[2022-09-05T02:47:03.506+0000][7][gc          ] GC(26) Pause Remark 92M->92M(256M) 3.701ms
[2022-09-05T02:47:03.506+0000][7][gc,cpu      ] GC(26) User=0.03s Sys=0.00s Real=0.01s
[2022-09-05T02:47:03.506+0000][7][safepoint   ] Safepoint "G1Concurrent", Time since last: 46808109 ns, Reaching safepoint: 159384 ns, At safepoint: 4405228 ns, Total: 4564612 ns
[2022-09-05T02:47:03.507+0000][7][gc,marking  ] GC(26) Concurrent Rebuild Remembered Sets
[2022-09-05T02:47:03.536+0000][7][gc,marking  ] GC(26) Concurrent Rebuild Remembered Sets 29.383ms
[2022-09-05T02:47:03.537+0000][7][gc,start    ] GC(26) Pause Cleanup
[2022-09-05T02:47:03.537+0000][7][gc          ] GC(26) Pause Cleanup 93M->93M(256M) 0.278ms
[2022-09-05T02:47:03.537+0000][7][gc,cpu      ] GC(26) User=0.00s Sys=0.00s Real=0.00s
[2022-09-05T02:47:03.537+0000][7][safepoint   ] Safepoint "G1Concurrent", Time since last: 29927875 ns, Reaching safepoint: 308169 ns, At safepoint: 618891 ns, Total: 927060 ns
[2022-09-05T02:47:03.537+0000][7][gc,marking  ] GC(26) Concurrent Cleanup for Next Mark
[2022-09-05T02:47:03.538+0000][7][gc,marking  ] GC(26) Concurrent Cleanup for Next Mark 0.539ms
[2022-09-05T02:47:03.538+0000][7][gc          ] GC(26) Concurrent Cycle 83.215ms
[2022-09-05T02:47:04.538+0000][7][safepoint   ] Safepoint "Cleanup", Time since last: 1000248328 ns, Reaching safepoint: 250721 ns, At safepoint: 21420 ns, Total: 272141 ns
[2022-09-05T02:47:05.539+0000][7][safepoint   ] Safepoint "Cleanup", Time since last: 1000619766 ns, Reaching safepoint: 420238 ns, At safepoint: 44895 ns, Total: 465133 ns
[2022-09-05T02:47:06.540+0000][7][safepoint   ] Safepoint "Cleanup", Time since last: 1000774536 ns, Reaching safepoint: 444785 ns, At safepoint: 5089 ns, Total: 449874 ns
[2022-09-05T02:47:09.541+0000][7][safepoint   ] Safepoint "Cleanup", Time since last: 3001156528 ns, Reaching safepoint: 160892 ns, At safepoint: 8586 ns, Total: 169478 ns
[2022-09-05T02:47:13.607+0000][7][safepoint   ] Safepoint "Cleanup", Time since last: 4064927223 ns, Reaching safepoint: 226425 ns, At safepoint: 39194 ns, Total: 265619 ns
[2022-09-05T02:47:14.607+0000][7][safepoint   ] Safepoint "Cleanup", Time since last: 1000490277 ns, Reaching safepoint: 181320 ns, At safepoint: 23795 ns, Total: 205115 ns
[2022-09-05T02:47:16.537+0000][7][safepoint   ] Safepoint "Cleanup", Time since last: 1929882266 ns, Reaching safepoint: 113643 ns, At safepoint: 1924 ns, Total: 115567 ns
[2022-09-05T02:47:17.570+0000][7][safepoint   ] Safepoint "Cleanup", Time since last: 1032094974 ns, Reaching safepoint: 189767 ns, At safepoint: 38993 ns, Total: 228760 ns
[2022-09-05T02:47:18.570+0000][7][safepoint   ] Safepoint "Cleanup", Time since last: 1000307574 ns, Reaching safepoint: 289834 ns, At safepoint: 9178 ns, Total: 299012 ns
[2022-09-05T02:47:19.571+0000][7][safepoint   ] Safepoint "Cleanup", Time since last: 1000675325 ns, Reaching safepoint: 192942 ns, At safepoint: 8065 ns, Total: 201007 ns
[2022-09-05T02:47:20.572+0000][7][safepoint   ] Safepoint "Cleanup", Time since last: 1000456829 ns, Reaching safepoint: 189646 ns, At safepoint: 5471 ns, Total: 195117 ns
[2022-09-05T02:47:24.573+0000][7][safepoint   ] Safepoint "Cleanup", Time since last: 4000900600 ns, Reaching safepoint: 208231 ns, At safepoint: 27220 ns, Total: 235451 ns
[2022-09-05T02:47:25.574+0000][7][safepoint   ] Safepoint "Cleanup", Time since last: 1000652036 ns, Reaching safepoint: 229131 ns, At safepoint: 23834 ns, Total: 252965 ns
[2022-09-05T02:47:28.575+0000][7][safepoint   ] Safepoint "Cleanup", Time since last: 3000983674 ns, Reaching safepoint: 462488 ns, At safepoint: 21761 ns, Total: 484249 ns
[2022-09-05T02:47:29.576+0000][7][safepoint   ] Safepoint "Cleanup", Time since last: 1000767683 ns, Reaching safepoint: 361473 ns, At safepoint: 27091 ns, Total: 388564 ns
[2022-09-05T02:47:30.578+0000][7][safepoint   ] Safepoint "Cleanup", Time since last: 1000734070 ns, Reaching safepoint: 380013 ns, At safepoint: 45606 ns, Total: 425619 ns
[2022-09-05T02:47:33.579+0000][7][safepoint   ] Safepoint "Cleanup", Time since last: 3001231353 ns, Reaching safepoint: 188985 ns, At safepoint: 37050 ns, Total: 226035 ns
[2022-09-05T02:47:34.580+0000][7][safepoint   ] Safepoint "Cleanup", Time since last: 1000741674 ns, Reaching safepoint: 227727 ns, At safepoint: 7835 ns, Total: 235562 ns
[2022-09-05T02:47:35.581+0000][7][safepoint   ] Safepoint "Cleanup", Time since last: 1000754599 ns, Reaching safepoint: 285966 ns, At safepoint: 13105 ns, Total: 299071 ns
[2022-09-05T02:47:38.583+0000][7][safepoint   ] Safepoint "Cleanup", Time since last: 3001178309 ns, Reaching safepoint: 335640 ns, At safepoint: 71324 ns, Total: 406964 ns
[2022-09-05T02:47:39.584+0000][7][safepoint   ] Safepoint "Cleanup", Time since last: 1000838245 ns, Reaching safepoint: 252484 ns, At safepoint: 47138 ns, Total: 299622 ns
[2022-09-05T02:47:40.585+0000][7][safepoint   ] Safepoint "Cleanup", Time since last: 1000626689 ns, Reaching safepoint: 349115 ns, At safepoint: 7284 ns, Total: 356399 ns
[2022-09-05T02:47:44.586+0000][7][safepoint   ] Safepoint "Cleanup", Time since last: 4001252009 ns, Reaching safepoint: 313328 ns, At safepoint: 11913 ns, Total: 325241 ns
[2022-09-05T02:47:48.588+0000][7][safepoint   ] Safepoint "Cleanup", Time since last: 4001402481 ns, Reaching safepoint: 316494 ns, At safepoint: 8696 ns, Total: 325190 ns
[2022-09-05T02:47:49.589+0000][7][safepoint   ] Safepoint "Cleanup", Time since last: 1000761101 ns, Reaching safepoint: 295264 ns, At safepoint: 6432 ns, Total: 301696 ns
[2022-09-05T02:47:50.590+0000][7][safepoint   ] Safepoint "Cleanup", Time since last: 1000627330 ns, Reaching safepoint: 434015 ns, At safepoint: 57638 ns, Total: 491653 ns
[2022-09-05T02:47:51.591+0000][7][safepoint   ] Safepoint "Cleanup", Time since last: 1000637018 ns, Reaching safepoint: 367860 ns, At safepoint: 63309 ns, Total: 431169 ns
[2022-09-05T02:47:52.592+0000][7][safepoint   ] Safepoint "Cleanup", Time since last: 1000693965 ns, Reaching safepoint: 275447 ns, At safepoint: 24506 ns, Total: 299953 ns
[2022-09-05T02:47:54.593+0000][7][safepoint   ] Safepoint "Cleanup", Time since last: 2000695239 ns, Reaching safepoint: 330991 ns, At safepoint: 12854 ns, Total: 343845 ns
[2022-09-05T02:47:56.595+0000][7][safepoint   ] Safepoint "Cleanup", Time since last: 2001010863 ns, Reaching safepoint: 183895 ns, At safepoint: 20879 ns, Total: 204774 ns
[2022-09-05T02:47:57.596+0000][7][safepoint   ] Safepoint "Cleanup", Time since last: 1000708502 ns, Reaching safepoint: 392336 ns, At safepoint: 69942 ns, Total: 462278 ns
[2022-09-05T02:47:58.597+0000][7][safepoint   ] Safepoint "Cleanup", Time since last: 1000615006 ns, Reaching safepoint: 184807 ns, At safepoint: 24616 ns, Total: 209423 ns
[2022-09-05T02:47:59.598+0000][7][safepoint   ] Safepoint "Cleanup", Time since last: 1000719613 ns, Reaching safepoint: 590408 ns, At safepoint: 77035 ns, Total: 667443 ns
[2022-09-05T02:48:00.599+0000][7][safepoint   ] Safepoint "Cleanup", Time since last: 1000591973 ns, Reaching safepoint: 352953 ns, At safepoint: 70873 ns, Total: 423826 ns
[2022-09-05T02:48:02.600+0000][7][safepoint   ] Safepoint "Cleanup", Time since last: 2000986416 ns, Reaching safepoint: 318978 ns, At safepoint: 12905 ns, Total: 331883 ns
[2022-09-05T02:48:03.601+0000][7][safepoint   ] Safepoint "Cleanup", Time since last: 1000657386 ns, Reaching safepoint: 280616 ns, At safepoint: 24266 ns, Total: 304882 ns
[2022-09-05T02:48:04.602+0000][7][safepoint   ] Safepoint "Cleanup", Time since last: 1000803380 ns, Reaching safepoint: 156754 ns, At safepoint: 26269 ns, Total: 183023 ns
[2022-09-05T02:48:05.603+0000][7][safepoint   ] Safepoint "Cleanup", Time since last: 1000563781 ns, Reaching safepoint: 338065 ns, At safepoint: 101821 ns, Total: 439886 ns
[2022-09-05T02:48:08.605+0000][7][safepoint   ] Safepoint "Cleanup", Time since last: 3001071969 ns, Reaching safepoint: 311975 ns, At safepoint: 16822 ns, Total: 328797 ns
[2022-09-05T02:48:09.606+0000][7][safepoint   ] Safepoint "Cleanup", Time since last: 1000814341 ns, Reaching safepoint: 408587 ns, At safepoint: 42459 ns, Total: 451046 ns
[2022-09-05T02:48:10.607+0000][7][safepoint   ] Safepoint "Cleanup", Time since last: 1000534015 ns, Reaching safepoint: 418245 ns, At safepoint: 116488 ns, Total: 534733 ns
[2022-09-05T02:48:14.609+0000][7][safepoint   ] Safepoint "Cleanup", Time since last: 4001287506 ns, Reaching safepoint: 473068 ns, At safepoint: 109255 ns, Total: 582323 ns
[2022-09-05T02:48:18.610+0000][7][safepoint   ] Safepoint "Cleanup", Time since last: 4001259008 ns, Reaching safepoint: 330550 ns, At safepoint: 6523 ns, Total: 337073 ns
[2022-09-05T02:48:19.612+0000][7][safepoint   ] Safepoint "Cleanup", Time since last: 1000819415 ns, Reaching safepoint: 547387 ns, At safepoint: 107311 ns, Total: 654698 ns
[2022-09-05T02:48:20.613+0000][7][safepoint   ] Safepoint "Cleanup", Time since last: 1000675471 ns, Reaching safepoint: 145062 ns, At safepoint: 77605 ns, Total: 222667 ns
[2022-09-05T02:48:21.614+0000][7][safepoint   ] Safepoint "Cleanup", Time since last: 1000636973 ns, Reaching safepoint: 475914 ns, At safepoint: 107712 ns, Total: 583626 ns
[2022-09-05T02:48:22.615+0000][7][safepoint   ] Safepoint "Cleanup", Time since last: 1000942186 ns, Reaching safepoint: 290234 ns, At safepoint: 42470 ns, Total: 332704 ns
[2022-09-05T02:48:24.617+0000][7][safepoint   ] Safepoint "Cleanup", Time since last: 2000811348 ns, Reaching safepoint: 366688 ns, At safepoint: 6211 ns, Total: 372899 ns
[2022-09-05T02:48:25.618+0000][7][safepoint   ] Safepoint "Cleanup", Time since last: 1000942973 ns, Reaching safepoint: 256501 ns, At safepoint: 3045 ns, Total: 259546 ns
[2022-09-05T02:48:28.619+0000][7][safepoint   ] Safepoint "Cleanup", Time since last: 3000926932 ns, Reaching safepoint: 424757 ns, At safepoint: 59241 ns, Total: 483998 ns
[2022-09-05T02:48:29.620+0000][7][safepoint   ] Safepoint "Cleanup", Time since last: 1000756823 ns, Reaching safepoint: 296176 ns, At safepoint: 11231 ns, Total: 307407 ns
[2022-09-05T02:48:30.622+0000][7][safepoint   ] Safepoint "Cleanup", Time since last: 1000997945 ns, Reaching safepoint: 302829 ns, At safepoint: 12914 ns, Total: 315743 ns
[2022-09-05T02:48:32.623+0000][7][safepoint   ] Safepoint "Cleanup", Time since last: 2000967250 ns, Reaching safepoint: 330967 ns, At safepoint: 68338 ns, Total: 399305 ns
[2022-09-05T02:48:33.624+0000][7][safepoint   ] Safepoint "Cleanup", Time since last: 1000728630 ns, Reaching safepoint: 249929 ns, At safepoint: 8796 ns, Total: 258725 ns
[2022-09-05T02:48:34.626+0000][7][safepoint   ] Safepoint "Cleanup", Time since last: 1001228428 ns, Reaching safepoint: 349215 ns, At safepoint: 61175 ns, Total: 410390 ns
[2022-09-05T02:48:35.627+0000][7][safepoint   ] Safepoint "Cleanup", Time since last: 1000844468 ns, Reaching safepoint: 457929 ns, At safepoint: 44544 ns, Total: 502473 ns
[2022-09-05T02:48:38.628+0000][7][safepoint   ] Safepoint "Cleanup", Time since last: 3001076087 ns, Reaching safepoint: 385243 ns, At safepoint: 56806 ns, Total: 442049 ns
[2022-09-05T02:48:39.630+0000][7][safepoint   ] Safepoint "Cleanup", Time since last: 1000815844 ns, Reaching safepoint: 345598 ns, At safepoint: 7735 ns, Total: 353333 ns
[2022-09-05T02:48:43.631+0000][7][safepoint   ] Safepoint "Cleanup", Time since last: 4001330066 ns, Reaching safepoint: 351429 ns, At safepoint: 68238 ns, Total: 419667 ns
[2022-09-05T02:48:48.633+0000][7][safepoint   ] Safepoint "Cleanup", Time since last: 5001345287 ns, Reaching safepoint: 461456 ns, At safepoint: 12904 ns, Total: 474360 ns
[2022-09-05T02:48:49.634+0000][7][safepoint   ] Safepoint "Cleanup", Time since last: 1000727017 ns, Reaching safepoint: 320101 ns, At safepoint: 66063 ns, Total: 386164 ns
[2022-09-05T02:48:52.635+0000][7][safepoint   ] Safepoint "Cleanup", Time since last: 3000959409 ns, Reaching safepoint: 257854 ns, At safepoint: 5380 ns, Total: 263234 ns
[2022-09-05T02:48:54.636+0000][7][safepoint   ] Safepoint "Cleanup", Time since last: 2000619688 ns, Reaching safepoint: 355918 ns, At safepoint: 16200 ns, Total: 372118 ns
[2022-09-05T02:48:58.638+0000][7][safepoint   ] Safepoint "Cleanup", Time since last: 4001458567 ns, Reaching safepoint: 407255 ns, At safepoint: 69811 ns, Total: 477066 ns
[2022-09-05T02:49:04.640+0000][7][safepoint   ] Safepoint "Cleanup", Time since last: 6001602812 ns, Reaching safepoint: 251963 ns, At safepoint: 44393 ns, Total: 296356 ns
[2022-09-05T02:49:05.641+0000][7][safepoint   ] Safepoint "Cleanup", Time since last: 1000636016 ns, Reaching safepoint: 355247 ns, At safepoint: 9378 ns, Total: 364625 ns
[2022-09-05T02:49:07.642+0000][7][safepoint   ] Safepoint "Cleanup", Time since last: 2000961950 ns, Reaching safepoint: 328757 ns, At safepoint: 11601 ns, Total: 340358 ns
[2022-09-05T02:49:08.644+0000][7][safepoint   ] Safepoint "Cleanup", Time since last: 1000581614 ns, Reaching safepoint: 433574 ns, At safepoint: 60163 ns, Total: 493737 ns
[2022-09-05T02:49:09.644+0000][7][safepoint   ] Safepoint "Cleanup", Time since last: 1000562879 ns, Reaching safepoint: 303479 ns, At safepoint: 11192 ns, Total: 314671 ns
[2022-09-05T02:49:12.646+0000][7][safepoint   ] Safepoint "Cleanup", Time since last: 3001028106 ns, Reaching safepoint: 292159 ns, At safepoint: 81993 ns, Total: 374152 ns
[2022-09-05T02:49:18.648+0000][7][safepoint   ] Safepoint "Cleanup", Time since last: 6001483419 ns, Reaching safepoint: 208791 ns, At safepoint: 22312 ns, Total: 231103 ns
[2022-09-05T02:49:19.648+0000][7][safepoint   ] Safepoint "Cleanup", Time since last: 1000430030 ns, Reaching safepoint: 202630 ns, At safepoint: 64291 ns, Total: 266921 ns
[2022-09-05T02:49:22.650+0000][7][safepoint   ] Safepoint "Cleanup", Time since last: 3000987881 ns, Reaching safepoint: 283061 ns, At safepoint: 45335 ns, Total: 328396 ns
[2022-09-05T02:49:23.651+0000][7][safepoint   ] Safepoint "Cleanup", Time since last: 1000619967 ns, Reaching safepoint: 173866 ns, At safepoint: 3667 ns, Total: 177533 ns
[2022-09-05T02:49:24.651+0000][7][safepoint   ] Safepoint "Cleanup", Time since last: 1000569631 ns, Reaching safepoint: 247394 ns, At safepoint: 51808 ns, Total: 299202 ns
[2022-09-05T02:49:25.653+0000][7][safepoint   ] Safepoint "Cleanup", Time since last: 1000720414 ns, Reaching safepoint: 367850 ns, At safepoint: 61766 ns, Total: 429616 ns
[2022-09-05T02:49:28.654+0000][7][safepoint   ] Safepoint "Cleanup", Time since last: 3001249282 ns, Reaching safepoint: 251843 ns, At safepoint: 26109 ns, Total: 277952 ns
[2022-09-05T02:49:29.655+0000][7][safepoint   ] Safepoint "Cleanup", Time since last: 1000500662 ns, Reaching safepoint: 631465 ns, At safepoint: 100278 ns, Total: 731743 ns
[2022-09-05T02:49:33.656+0000][7][safepoint   ] Safepoint "Cleanup", Time since last: 4000749928 ns, Reaching safepoint: 271349 ns, At safepoint: 11511 ns, Total: 282860 ns
[2022-09-05T02:49:34.658+0000][7][safepoint   ] Safepoint "Cleanup", Time since last: 1000879303 ns, Reaching safepoint: 484680 ns, At safepoint: 101350 ns, Total: 586030 ns
[2022-09-05T02:49:38.659+0000][7][safepoint   ] Safepoint "Cleanup", Time since last: 4001011833 ns, Reaching safepoint: 195838 ns, At safepoint: 49433 ns, Total: 245271 ns
[2022-09-05T02:49:39.660+0000][7][safepoint   ] Safepoint "Cleanup", Time since last: 1000574831 ns, Reaching safepoint: 314220 ns, At safepoint: 8926 ns, Total: 323146 ns
[2022-09-05T02:49:48.057+0000][7][gc,start    ] GC(27) Pause Young (Normal) (G1 Evacuation Pause)
[2022-09-05T02:49:48.058+0000][7][gc,task     ] GC(27) Using 6 workers of 6 for evacuation
[2022-09-05T02:49:48.058+0000][7][gc,age      ] GC(27) Desired survivor size 8388608 bytes, new threshold 2 (max threshold 15)
[2022-09-05T02:49:48.065+0000][7][gc,age      ] GC(27) Age table with threshold 2 (max threshold 15)
[2022-09-05T02:49:48.065+0000][7][gc,age      ] GC(27) - age   1:    2456104 bytes,    2456104 total
[2022-09-05T02:49:48.065+0000][7][gc,age      ] GC(27) - age   2:    2951296 bytes,    5407400 total
[2022-09-05T02:49:48.065+0000][7][gc,phases   ] GC(27)   Pre Evacuate Collection Set: 0.1ms
[2022-09-05T02:49:48.066+0000][7][gc,phases   ] GC(27)   Merge Heap Roots: 0.1ms
[2022-09-05T02:49:48.066+0000][7][gc,phases   ] GC(27)   Evacuate Collection Set: 5.4ms
[2022-09-05T02:49:48.066+0000][7][gc,phases   ] GC(27)   Post Evacuate Collection Set: 1.0ms
[2022-09-05T02:49:48.066+0000][7][gc,phases   ] GC(27)   Other: 1.3ms
[2022-09-05T02:49:48.066+0000][7][gc,heap     ] GC(27) Eden regions: 26->0(25)
[2022-09-05T02:49:48.066+0000][7][gc,heap     ] GC(27) Survivor regions: 3->2(4)
[2022-09-05T02:49:48.066+0000][7][gc,heap     ] GC(27) Old regions: 17->19
[2022-09-05T02:49:48.067+0000][7][gc,heap     ] GC(27) Archive regions: 2->2
[2022-09-05T02:49:48.067+0000][7][gc,heap     ] GC(27) Humongous regions: 2->2
[2022-09-05T02:49:48.067+0000][7][gc,metaspace] GC(27) Metaspace: 92853K(97444K)->92853K(97444K) NonClass: 80425K(83876K)->80425K(83876K) Class: 12428K(13568K)->12428K(13568K)
[2022-09-05T02:49:48.067+0000][7][gc          ] GC(27) Pause Young (Normal) (G1 Evacuation Pause) 191M->90M(256M) 9.486ms
[2022-09-05T02:49:48.067+0000][7][gc,cpu      ] GC(27) User=0.03s Sys=0.00s Real=0.01s
[2022-09-05T02:49:48.067+0000][7][safepoint   ] Safepoint "G1CollectForAllocation", Time since last: 8397149126 ns, Reaching safepoint: 183545 ns, At safepoint: 9942378 ns, Total: 10125923 ns
[2022-09-05T02:49:49.068+0000][7][safepoint   ] Safepoint "Cleanup", Time since last: 1000313747 ns, Reaching safepoint: 245220 ns, At safepoint: 22342 ns, Total: 267562 ns
[2022-09-05T02:49:58.071+0000][7][safepoint   ] Safepoint "Cleanup", Time since last: 9002836996 ns, Reaching safepoint: 239910 ns, At safepoint: 43572 ns, Total: 283482 ns
[2022-09-05T02:50:02.073+0000][7][safepoint   ] Safepoint "Cleanup", Time since last: 4001351942 ns, Reaching safepoint: 219457 ns, At safepoint: 52218 ns, Total: 271675 ns
[2022-09-05T02:50:03.073+0000][7][safepoint   ] Safepoint "Cleanup", Time since last: 1000496865 ns, Reaching safepoint: 229781 ns, At safepoint: 22412 ns, Total: 252193 ns
[2022-09-05T02:50:07.075+0000][7][safepoint   ] Safepoint "Cleanup", Time since last: 4000997202 ns, Reaching safepoint: 266740 ns, At safepoint: 43292 ns, Total: 310032 ns
[2022-09-05T02:50:08.076+0000][7][safepoint   ] Safepoint "Cleanup", Time since last: 1000626818 ns, Reaching safepoint: 295655 ns, At safepoint: 11933 ns, Total: 307588 ns
[2022-09-05T02:50:09.077+0000][7][safepoint   ] Safepoint "Cleanup", Time since last: 1000675194 ns, Reaching safepoint: 170355 ns, At safepoint: 30407 ns, Total: 200762 ns
[2022-09-05T02:50:12.078+0000][7][safepoint   ] Safepoint "Cleanup", Time since last: 3000933479 ns, Reaching safepoint: 373200 ns, At safepoint: 11552 ns, Total: 384752 ns
[2022-09-05T02:50:14.079+0000][7][safepoint   ] Safepoint "Cleanup", Time since last: 2001037492 ns, Reaching safepoint: 311806 ns, At safepoint: 37891 ns, Total: 349697 ns
[2022-09-05T02:50:18.080+0000][7][safepoint   ] Safepoint "Cleanup", Time since last: 4000897503 ns, Reaching safepoint: 125867 ns, At safepoint: 40936 ns, Total: 166803 ns
[2022-09-05T02:50:19.081+0000][7][safepoint   ] Safepoint "Cleanup", Time since last: 1000429659 ns, Reaching safepoint: 309541 ns, At safepoint: 11562 ns, Total: 321103 ns
[2022-09-05T02:50:20.960+0000][7][safepoint   ] Safepoint "Cleanup", Time since last: 1879295269 ns, Reaching safepoint: 129273 ns, At safepoint: 3015 ns, Total: 132288 ns
[2022-09-05T02:50:21.962+0000][7][safepoint   ] Safepoint "Cleanup", Time since last: 1000919088 ns, Reaching safepoint: 503304 ns, At safepoint: 18966 ns, Total: 522270 ns
[2022-09-05T02:50:23.963+0000][7][safepoint   ] Safepoint "Cleanup", Time since last: 2001257224 ns, Reaching safepoint: 172955 ns, At safepoint: 22121 ns, Total: 195076 ns
[2022-09-05T02:50:28.964+0000][7][safepoint   ] Safepoint "Cleanup", Time since last: 5001030607 ns, Reaching safepoint: 230312 ns, At safepoint: 24696 ns, Total: 255008 ns
[2022-09-05T02:50:29.965+0000][7][safepoint   ] Safepoint "Cleanup", Time since last: 1000525960 ns, Reaching safepoint: 324604 ns, At safepoint: 71865 ns, Total: 396469 ns
[2022-09-05T02:50:32.967+0000][7][safepoint   ] Safepoint "Cleanup", Time since last: 3000913457 ns, Reaching safepoint: 320090 ns, At safepoint: 47981 ns, Total: 368071 ns
[2022-09-05T02:50:33.968+0000][7][safepoint   ] Safepoint "Cleanup", Time since last: 1000644281 ns, Reaching safepoint: 203572 ns, At safepoint: 24957 ns, Total: 228529 ns
[2022-09-05T02:50:38.969+0000][7][safepoint   ] Safepoint "Cleanup", Time since last: 5001116648 ns, Reaching safepoint: 188794 ns, At safepoint: 45555 ns, Total: 234349 ns
[2022-09-05T02:50:48.971+0000][7][safepoint   ] Safepoint "Cleanup", Time since last: 10001794623 ns, Reaching safepoint: 318177 ns, At safepoint: 47409 ns, Total: 365586 ns
[2022-09-05T02:50:53.973+0000][7][safepoint   ] Safepoint "Cleanup", Time since last: 5001304215 ns, Reaching safepoint: 349155 ns, At safepoint: 71144 ns, Total: 420299 ns
[2022-09-05T02:50:58.974+0000][7][safepoint   ] Safepoint "Cleanup", Time since last: 5001294327 ns, Reaching safepoint: 226004 ns, At safepoint: 24416 ns, Total: 250420 ns
[2022-09-05T02:51:01.975+0000][7][safepoint   ] Safepoint "Cleanup", Time since last: 3000726531 ns, Reaching safepoint: 171541 ns, At safepoint: 21230 ns, Total: 192771 ns
[2022-09-05T02:51:18.979+0000][7][safepoint   ] Safepoint "Cleanup", Time since last: 17003585771 ns, Reaching safepoint: 484369 ns, At safepoint: 60674 ns, Total: 545043 ns
[2022-09-05T02:51:23.982+0000][7][safepoint   ] Safepoint "Cleanup", Time since last: 5002029230 ns, Reaching safepoint: 232106 ns, At safepoint: 24436 ns, Total: 256542 ns
[2022-09-05T02:51:28.983+0000][7][safepoint   ] Safepoint "Cleanup", Time since last: 5001002093 ns, Reaching safepoint: 176782 ns, At safepoint: 22011 ns, Total: 198793 ns
[2022-09-05T02:51:32.984+0000][7][safepoint   ] Safepoint "Cleanup", Time since last: 4000766288 ns, Reaching safepoint: 206598 ns, At safepoint: 22121 ns, Total: 228719 ns
[2022-09-05T02:51:38.986+0000][7][safepoint   ] Safepoint "Cleanup", Time since last: 6001237392 ns, Reaching safepoint: 319750 ns, At safepoint: 63599 ns, Total: 383349 ns
[2022-09-05T02:51:43.987+0000][7][safepoint   ] Safepoint "Cleanup", Time since last: 5001618455 ns, Reaching safepoint: 198803 ns, At safepoint: 30738 ns, Total: 229541 ns
[2022-09-05T02:51:48.989+0000][7][safepoint   ] Safepoint "Cleanup", Time since last: 5000902946 ns, Reaching safepoint: 195868 ns, At safepoint: 22452 ns, Total: 218320 ns
[2022-09-05T02:51:58.991+0000][7][safepoint   ] Safepoint "Cleanup", Time since last: 10001830269 ns, Reaching safepoint: 866953 ns, At safepoint: 11161 ns, Total: 878114 ns
[2022-09-05T02:52:02.993+0000][7][safepoint   ] Safepoint "Cleanup", Time since last: 4000898416 ns, Reaching safepoint: 267366 ns, At safepoint: 61967 ns, Total: 329333 ns
[2022-09-05T02:52:08.994+0000][7][safepoint   ] Safepoint "Cleanup", Time since last: 6001505180 ns, Reaching safepoint: 143318 ns, At safepoint: 5421 ns, Total: 148739 ns
[2022-09-05T02:52:18.996+0000][7][safepoint   ] Safepoint "Cleanup", Time since last: 10001841098 ns, Reaching safepoint: 231545 ns, At safepoint: 29155 ns, Total: 260700 ns
[2022-09-05T02:52:21.998+0000][7][safepoint   ] Safepoint "Cleanup", Time since last: 3000829354 ns, Reaching safepoint: 338255 ns, At safepoint: 63749 ns, Total: 402004 ns
[2022-09-05T02:52:28.999+0000][7][safepoint   ] Safepoint "Cleanup", Time since last: 7001547998 ns, Reaching safepoint: 190036 ns, At safepoint: 23324 ns, Total: 213360 ns
[2022-09-05T02:52:33.000+0000][7][safepoint   ] Safepoint "Cleanup", Time since last: 4000735575 ns, Reaching safepoint: 178485 ns, At safepoint: 8687 ns, Total: 187172 ns
[2022-09-05T02:52:49.003+0000][7][safepoint   ] Safepoint "Cleanup", Time since last: 16002529936 ns, Reaching safepoint: 236525 ns, At safepoint: 30196 ns, Total: 266721 ns
[2022-09-05T02:52:50.003+0000][7][safepoint   ] Safepoint "Cleanup", Time since last: 1000414019 ns, Reaching safepoint: 147747 ns, At safepoint: 4950 ns, Total: 152697 ns
[2022-09-05T02:52:54.005+0000][7][safepoint   ] Safepoint "Cleanup", Time since last: 4001137464 ns, Reaching safepoint: 130866 ns, At safepoint: 4799 ns, Total: 135665 ns
[2022-09-05T02:52:59.006+0000][7][safepoint   ] Safepoint "Cleanup", Time since last: 5001237295 ns, Reaching safepoint: 220103 ns, At safepoint: 21730 ns, Total: 241833 ns
[2022-09-05T02:53:01.007+0000][7][safepoint   ] Safepoint "Cleanup", Time since last: 2000551240 ns, Reaching safepoint: 274765 ns, At safepoint: 101380 ns, Total: 376145 ns
[2022-09-05T02:53:02.008+0000][7][safepoint   ] Safepoint "Cleanup", Time since last: 1000580723 ns, Reaching safepoint: 237586 ns, At safepoint: 23323 ns, Total: 260909 ns
[2022-09-05T02:53:04.009+0000][7][safepoint   ] Safepoint "Cleanup", Time since last: 2000590794 ns, Reaching safepoint: 145293 ns, At safepoint: 21931 ns, Total: 167224 ns
[2022-09-05T02:53:09.010+0000][7][safepoint   ] Safepoint "Cleanup", Time since last: 5000974431 ns, Reaching safepoint: 143079 ns, At safepoint: 25698 ns, Total: 168777 ns
[2022-09-05T02:53:10.011+0000][7][safepoint   ] Safepoint "Cleanup", Time since last: 1000519377 ns, Reaching safepoint: 441569 ns, At safepoint: 71264 ns, Total: 512833 ns
[2022-09-05T02:53:14.012+0000][7][safepoint   ] Safepoint "Cleanup", Time since last: 4001172440 ns, Reaching safepoint: 179116 ns, At safepoint: 26820 ns, Total: 205936 ns
[2022-09-05T02:53:19.013+0000][7][safepoint   ] Safepoint "Cleanup", Time since last: 5000889441 ns, Reaching safepoint: 218581 ns, At safepoint: 9758 ns, Total: 228339 ns
[2022-09-05T02:53:28.046+0000][7][gc,start    ] GC(28) Pause Young (Concurrent Start) (G1 Evacuation Pause)
[2022-09-05T02:53:28.046+0000][7][gc,task     ] GC(28) Using 6 workers of 6 for evacuation
[2022-09-05T02:53:28.047+0000][7][gc,age      ] GC(28) Desired survivor size 8388608 bytes, new threshold 15 (max threshold 15)
[2022-09-05T02:53:28.053+0000][7][gc,age      ] GC(28) Age table with threshold 15 (max threshold 15)
[2022-09-05T02:53:28.053+0000][7][gc,age      ] GC(28) - age   1:     774168 bytes,     774168 total
[2022-09-05T02:53:28.053+0000][7][gc,age      ] GC(28) - age   2:    2323224 bytes,    3097392 total
[2022-09-05T02:53:28.053+0000][7][gc,age      ] GC(28) - age   3:    2759048 bytes,    5856440 total
[2022-09-05T02:53:28.054+0000][7][gc,phases   ] GC(28)   Pre Evacuate Collection Set: 0.2ms
[2022-09-05T02:53:28.054+0000][7][gc,phases   ] GC(28)   Merge Heap Roots: 0.1ms
[2022-09-05T02:53:28.054+0000][7][gc,phases   ] GC(28)   Evacuate Collection Set: 3.7ms
[2022-09-05T02:53:28.054+0000][7][gc,phases   ] GC(28)   Post Evacuate Collection Set: 1.7ms
[2022-09-05T02:53:28.054+0000][7][gc,phases   ] GC(28)   Other: 1.7ms
[2022-09-05T02:53:28.055+0000][7][gc,heap     ] GC(28) Eden regions: 25->0(26)
[2022-09-05T02:53:28.055+0000][7][gc,heap     ] GC(28) Survivor regions: 2->2(4)
[2022-09-05T02:53:28.055+0000][7][gc,heap     ] GC(28) Old regions: 19->19
[2022-09-05T02:53:28.055+0000][7][gc,heap     ] GC(28) Archive regions: 2->2
[2022-09-05T02:53:28.055+0000][7][gc,heap     ] GC(28) Humongous regions: 2->2
[2022-09-05T02:53:28.055+0000][7][gc,metaspace] GC(28) Metaspace: 94973K(99492K)->94973K(99492K) NonClass: 82273K(85668K)->82273K(85668K) Class: 12700K(13824K)->12700K(13824K)
[2022-09-05T02:53:28.055+0000][7][gc          ] GC(28) Pause Young (Concurrent Start) (G1 Evacuation Pause) 190M->90M(256M) 9.337ms
[2022-09-05T02:53:28.056+0000][7][gc,cpu      ] GC(28) User=0.02s Sys=0.00s Real=0.01s
[2022-09-05T02:53:28.056+0000][7][gc          ] GC(29) Concurrent Cycle
[2022-09-05T02:53:28.056+0000][7][safepoint   ] Safepoint "G1CollectForAllocation", Time since last: 9032550931 ns, Reaching safepoint: 217918 ns, At safepoint: 9808337 ns, Total: 10026255 ns
[2022-09-05T02:53:28.056+0000][7][gc,marking  ] GC(29) Concurrent Clear Claimed Marks
[2022-09-05T02:53:28.056+0000][7][gc,marking  ] GC(29) Concurrent Clear Claimed Marks 0.393ms
[2022-09-05T02:53:28.057+0000][7][gc,marking  ] GC(29) Concurrent Scan Root Regions
[2022-09-05T02:53:28.060+0000][7][gc,marking  ] GC(29) Concurrent Scan Root Regions 3.886ms
[2022-09-05T02:53:28.061+0000][7][gc,marking  ] GC(29) Concurrent Mark (396.289s)
[2022-09-05T02:53:28.061+0000][7][gc,marking  ] GC(29) Concurrent Mark From Roots
[2022-09-05T02:53:28.061+0000][7][gc,task     ] GC(29) Using 2 workers of 2 for marking
[2022-09-05T02:53:28.107+0000][7][gc,marking  ] GC(29) Concurrent Mark From Roots 46.524ms
[2022-09-05T02:53:28.108+0000][7][gc,marking  ] GC(29) Concurrent Preclean
[2022-09-05T02:53:28.109+0000][7][gc,marking  ] GC(29) Concurrent Preclean 1.085ms
[2022-09-05T02:53:28.109+0000][7][gc,marking  ] GC(29) Concurrent Mark (396.289s, 396.337s) 48.453ms
[2022-09-05T02:53:28.110+0000][7][gc,start    ] GC(29) Pause Remark
[2022-09-05T02:53:28.120+0000][7][gc          ] GC(29) Pause Remark 91M->91M(256M) 10.452ms
[2022-09-05T02:53:28.120+0000][7][gc,cpu      ] GC(29) User=0.06s Sys=0.00s Real=0.01s
[2022-09-05T02:53:28.121+0000][7][safepoint   ] Safepoint "G1Concurrent", Time since last: 53474877 ns, Reaching safepoint: 162404 ns, At safepoint: 11082489 ns, Total: 11244893 ns
[2022-09-05T02:53:28.121+0000][7][gc,marking  ] GC(29) Concurrent Rebuild Remembered Sets
[2022-09-05T02:53:28.149+0000][7][gc,marking  ] GC(29) Concurrent Rebuild Remembered Sets 28.090ms
[2022-09-05T02:53:28.150+0000][7][gc,start    ] GC(29) Pause Cleanup
[2022-09-05T02:53:28.150+0000][7][gc          ] GC(29) Pause Cleanup 91M->91M(256M) 0.325ms
[2022-09-05T02:53:28.151+0000][7][gc,cpu      ] GC(29) User=0.00s Sys=0.00s Real=0.00s
[2022-09-05T02:53:28.151+0000][7][safepoint   ] Safepoint "G1Concurrent", Time since last: 28983914 ns, Reaching safepoint: 377749 ns, At safepoint: 686408 ns, Total: 1064157 ns
[2022-09-05T02:53:28.151+0000][7][gc,marking  ] GC(29) Concurrent Cleanup for Next Mark
[2022-09-05T02:53:28.152+0000][7][gc,marking  ] GC(29) Concurrent Cleanup for Next Mark 0.641ms
[2022-09-05T02:53:28.152+0000][7][gc          ] GC(29) Concurrent Cycle 96.038ms
[2022-09-05T02:53:29.151+0000][7][safepoint   ] Safepoint "Cleanup", Time since last: 1000305255 ns, Reaching safepoint: 319810 ns, At safepoint: 46377 ns, Total: 366187 ns
[2022-09-05T02:53:30.152+0000][7][safepoint   ] Safepoint "Cleanup", Time since last: 1000707882 ns, Reaching safepoint: 168115 ns, At safepoint: 4198 ns, Total: 172313 ns
[2022-09-05T02:53:33.153+0000][7][safepoint   ] Safepoint "Cleanup", Time since last: 3000584474 ns, Reaching safepoint: 220884 ns, At safepoint: 2796 ns, Total: 223680 ns
[2022-09-05T02:53:34.154+0000][7][safepoint   ] Safepoint "Cleanup", Time since last: 1000685158 ns, Reaching safepoint: 263084 ns, At safepoint: 5741 ns, Total: 268825 ns
[2022-09-05T02:53:38.156+0000][7][safepoint   ] Safepoint "Cleanup", Time since last: 4001184703 ns, Reaching safepoint: 341891 ns, At safepoint: 67968 ns, Total: 409859 ns
[2022-09-05T02:53:44.157+0000][7][safepoint   ] Safepoint "Cleanup", Time since last: 6001570662 ns, Reaching safepoint: 146986 ns, At safepoint: 21941 ns, Total: 168927 ns
[2022-09-05T02:53:48.159+0000][7][safepoint   ] Safepoint "Cleanup", Time since last: 4001062615 ns, Reaching safepoint: 547708 ns, At safepoint: 70351 ns, Total: 618059 ns
[2022-09-05T02:53:58.162+0000][7][safepoint   ] Safepoint "Cleanup", Time since last: 10002420137 ns, Reaching safepoint: 318708 ns, At safepoint: 55835 ns, Total: 374543 ns
[2022-09-05T02:53:59.162+0000][7][safepoint   ] Safepoint "Cleanup", Time since last: 1000544554 ns, Reaching safepoint: 240892 ns, At safepoint: 22312 ns, Total: 263204 ns
[2022-09-05T02:54:03.164+0000][7][safepoint   ] Safepoint "Cleanup", Time since last: 4001051323 ns, Reaching safepoint: 187863 ns, At safepoint: 20648 ns, Total: 208511 ns
[2022-09-05T02:54:04.165+0000][7][safepoint   ] Safepoint "Cleanup", Time since last: 1000651516 ns, Reaching safepoint: 345408 ns, At safepoint: 8696 ns, Total: 354104 ns
[2022-09-05T02:54:08.166+0000][7][safepoint   ] Safepoint "Cleanup", Time since last: 4001092220 ns, Reaching safepoint: 288791 ns, At safepoint: 18305 ns, Total: 307096 ns
[2022-09-05T02:54:10.168+0000][7][safepoint   ] Safepoint "Cleanup", Time since last: 2001260090 ns, Reaching safepoint: 428844 ns, At safepoint: 46127 ns, Total: 474971 ns
[2022-09-05T02:54:12.169+0000][7][safepoint   ] Safepoint "Cleanup", Time since last: 2000864267 ns, Reaching safepoint: 368131 ns, At safepoint: 67977 ns, Total: 436108 ns
[2022-09-05T02:54:15.170+0000][7][safepoint   ] Safepoint "Cleanup", Time since last: 3000977963 ns, Reaching safepoint: 299993 ns, At safepoint: 10900 ns, Total: 310893 ns
[2022-09-05T02:54:18.172+0000][7][safepoint   ] Safepoint "Cleanup", Time since last: 3001044438 ns, Reaching safepoint: 418866 ns, At safepoint: 8086 ns, Total: 426952 ns
[2022-09-05T02:54:33.175+0000][7][safepoint   ] Safepoint "Cleanup", Time since last: 15003114241 ns, Reaching safepoint: 263574 ns, At safepoint: 16462 ns, Total: 280036 ns
[2022-09-05T02:54:44.177+0000][7][safepoint   ] Safepoint "Cleanup", Time since last: 11001891396 ns, Reaching safepoint: 205766 ns, At safepoint: 3767 ns, Total: 209533 ns
[2022-09-05T02:54:48.179+0000][7][safepoint   ] Safepoint "Cleanup", Time since last: 4000875724 ns, Reaching safepoint: 214042 ns, At safepoint: 52408 ns, Total: 266450 ns
[2022-09-05T02:55:02.181+0000][7][safepoint   ] Safepoint "Cleanup", Time since last: 14002526501 ns, Reaching safepoint: 196343 ns, At safepoint: 28895 ns, Total: 225238 ns
[2022-09-05T02:55:08.183+0000][7][safepoint   ] Safepoint "Cleanup", Time since last: 6001547689 ns, Reaching safepoint: 224882 ns, At safepoint: 22783 ns, Total: 247665 ns
[2022-09-05T02:55:18.186+0000][7][safepoint   ] Safepoint "Cleanup", Time since last: 10002492582 ns, Reaching safepoint: 211967 ns, At safepoint: 30818 ns, Total: 242785 ns
[2022-09-05T02:55:20.188+0000][7][safepoint   ] Safepoint "Cleanup", Time since last: 2000719596 ns, Reaching safepoint: 349346 ns, At safepoint: 579748 ns, Total: 929094 ns
[2022-09-05T02:55:28.189+0000][7][safepoint   ] Safepoint "Cleanup", Time since last: 8001589092 ns, Reaching safepoint: 136756 ns, At safepoint: 5981 ns, Total: 142737 ns
[2022-09-05T02:55:54.194+0000][7][safepoint   ] Safepoint "Cleanup", Time since last: 26004335561 ns, Reaching safepoint: 366237 ns, At safepoint: 58690 ns, Total: 424927 ns
[2022-09-05T02:55:58.195+0000][7][safepoint   ] Safepoint "Cleanup", Time since last: 4001034923 ns, Reaching safepoint: 248606 ns, At safepoint: 30447 ns, Total: 279053 ns
[2022-09-05T02:56:04.196+0000][7][safepoint   ] Safepoint "Cleanup", Time since last: 6000960708 ns, Reaching safepoint: 265608 ns, At safepoint: 7154 ns, Total: 272762 ns
[2022-09-05T02:56:06.198+0000][7][safepoint   ] Safepoint "Cleanup", Time since last: 2001122461 ns, Reaching safepoint: 263314 ns, At safepoint: 46247 ns, Total: 309561 ns
[2022-09-05T02:56:08.199+0000][7][safepoint   ] Safepoint "Cleanup", Time since last: 2000631971 ns, Reaching safepoint: 206287 ns, At safepoint: 25128 ns, Total: 231415 ns
[2022-09-05T02:56:18.200+0000][7][safepoint   ] Safepoint "Cleanup", Time since last: 10001423199 ns, Reaching safepoint: 207886 ns, At safepoint: 30858 ns, Total: 238744 ns
[2022-09-05T02:56:19.201+0000][7][safepoint   ] Safepoint "Cleanup", Time since last: 1000459665 ns, Reaching safepoint: 265208 ns, At safepoint: 67366 ns, Total: 332574 ns
[2022-09-05T02:56:33.203+0000][7][safepoint   ] Safepoint "Cleanup", Time since last: 14001762082 ns, Reaching safepoint: 202329 ns, At safepoint: 46347 ns, Total: 248676 ns
[2022-09-05T02:56:49.206+0000][7][safepoint   ] Safepoint "Cleanup", Time since last: 16002111482 ns, Reaching safepoint: 157370 ns, At safepoint: 29305 ns, Total: 186675 ns
[2022-09-05T02:56:58.207+0000][7][safepoint   ] Safepoint "Cleanup", Time since last: 9001401258 ns, Reaching safepoint: 136927 ns, At safepoint: 22061 ns, Total: 158988 ns
[2022-09-05T02:57:03.208+0000][7][safepoint   ] Safepoint "Cleanup", Time since last: 5000805965 ns, Reaching safepoint: 164158 ns, At safepoint: 24326 ns, Total: 188484 ns
[2022-09-05T02:57:04.209+0000][7][safepoint   ] Safepoint "Cleanup", Time since last: 1000170957 ns, Reaching safepoint: 172820 ns, At safepoint: 22121 ns, Total: 194941 ns
[2022-09-05T02:57:08.210+0000][7][safepoint   ] Safepoint "Cleanup", Time since last: 4001433631 ns, Reaching safepoint: 190117 ns, At safepoint: 75552 ns, Total: 265669 ns
[2022-09-05T02:57:18.211+0000][7][safepoint   ] Safepoint "Cleanup", Time since last: 10001380424 ns, Reaching safepoint: 186190 ns, At safepoint: 33983 ns, Total: 220173 ns
[2022-09-05T02:57:19.212+0000][7][safepoint   ] Safepoint "Cleanup", Time since last: 1000445203 ns, Reaching safepoint: 192501 ns, At safepoint: 23064 ns, Total: 215565 ns
[2022-09-05T02:57:28.447+0000][7][safepoint   ] Safepoint "Cleanup", Time since last: 9234405559 ns, Reaching safepoint: 372159 ns, At safepoint: 81543 ns, Total: 453702 ns
[2022-09-05T02:57:29.448+0000][7][safepoint   ] Safepoint "Cleanup", Time since last: 1000615167 ns, Reaching safepoint: 167664 ns, At safepoint: 25188 ns, Total: 192852 ns
[2022-09-05T02:57:44.507+0000][7][safepoint   ] Safepoint "Cleanup", Time since last: 15058609093 ns, Reaching safepoint: 240722 ns, At safepoint: 47099 ns, Total: 287821 ns
[2022-09-05T02:57:45.507+0000][7][safepoint   ] Safepoint "Cleanup", Time since last: 1000596832 ns, Reaching safepoint: 162224 ns, At safepoint: 23103 ns, Total: 185327 ns
[2022-09-05T02:57:48.301+0000][7][gc,start    ] GC(30) Pause Young (Normal) (G1 Evacuation Pause)
[2022-09-05T02:57:48.303+0000][7][gc,task     ] GC(30) Using 6 workers of 6 for evacuation
[2022-09-05T02:57:48.306+0000][7][gc,age      ] GC(30) Desired survivor size 8388608 bytes, new threshold 15 (max threshold 15)
[2022-09-05T02:57:48.356+0000][7][gc,age      ] GC(30) Age table with threshold 15 (max threshold 15)
[2022-09-05T02:57:48.359+0000][7][gc,age      ] GC(30) - age   1:     165152 bytes,     165152 total
[2022-09-05T02:57:48.361+0000][7][gc,age      ] GC(30) - age   2:     656024 bytes,     821176 total
[2022-09-05T02:57:48.362+0000][7][gc,age      ] GC(30) - age   3:    2106832 bytes,    2928008 total
[2022-09-05T02:57:48.366+0000][7][gc,age      ] GC(30) - age   4:    2669656 bytes,    5597664 total
[2022-09-05T02:57:48.367+0000][7][gc,phases   ] GC(30)   Pre Evacuate Collection Set: 0.1ms
[2022-09-05T02:57:48.367+0000][7][gc,phases   ] GC(30)   Merge Heap Roots: 0.1ms
[2022-09-05T02:57:48.368+0000][7][gc,phases   ] GC(30)   Evacuate Collection Set: 33.0ms
[2022-09-05T02:57:48.368+0000][7][gc,phases   ] GC(30)   Post Evacuate Collection Set: 15.9ms
[2022-09-05T02:57:48.368+0000][7][gc,phases   ] GC(30)   Other: 17.2ms
[2022-09-05T02:57:48.369+0000][7][gc,heap     ] GC(30) Eden regions: 26->0(26)
[2022-09-05T02:57:48.369+0000][7][gc,heap     ] GC(30) Survivor regions: 2->2(4)
[2022-09-05T02:57:48.370+0000][7][gc,heap     ] GC(30) Old regions: 19->19
[2022-09-05T02:57:48.371+0000][7][gc,heap     ] GC(30) Archive regions: 2->2
[2022-09-05T02:57:48.371+0000][7][gc,heap     ] GC(30) Humongous regions: 2->2
[2022-09-05T02:57:48.371+0000][7][gc,metaspace] GC(30) Metaspace: 95152K(99748K)->95152K(99748K) NonClass: 82465K(85924K)->82465K(85924K) Class: 12687K(13824K)->12687K(13824K)
[2022-09-05T02:57:48.372+0000][7][gc          ] GC(30) Pause Young (Normal) (G1 Evacuation Pause) 194M->90M(256M) 71.053ms
[2022-09-05T02:57:48.372+0000][7][gc,cpu      ] GC(30) User=0.04s Sys=0.02s Real=0.07s
[2022-09-05T02:57:48.374+0000][7][safepoint   ] Safepoint "G1CollectForAllocation", Time since last: 2792713886 ns, Reaching safepoint: 417062 ns, At safepoint: 73271769 ns, Total: 73688831 ns
[2022-09-05T02:57:49.380+0000][7][safepoint   ] Safepoint "Cleanup", Time since last: 1005346877 ns, Reaching safepoint: 334538 ns, At safepoint: 23013 ns, Total: 357551 ns
[2022-09-05T02:57:54.259+0000][7][safepoint   ] Safepoint "Cleanup", Time since last: 4879270841 ns, Reaching safepoint: 141024 ns, At safepoint: 5461 ns, Total: 146485 ns
[2022-09-05T02:58:09.262+0000][7][safepoint   ] Safepoint "Cleanup", Time since last: 15002345138 ns, Reaching safepoint: 187972 ns, At safepoint: 11512 ns, Total: 199484 ns
[2022-09-05T02:58:12.263+0000][7][safepoint   ] Safepoint "Cleanup", Time since last: 3001269119 ns, Reaching safepoint: 405461 ns, At safepoint: 69150 ns, Total: 474611 ns
[2022-09-05T02:58:18.266+0000][7][safepoint   ] Safepoint "Cleanup", Time since last: 6001413813 ns, Reaching safepoint: 249313 ns, At safepoint: 116318 ns, Total: 365631 ns
[2022-09-05T02:58:19.267+0000][7][safepoint   ] Safepoint "Cleanup", Time since last: 1000692642 ns, Reaching safepoint: 290095 ns, At safepoint: 45775 ns, Total: 335870 ns
[2022-09-05T02:58:29.268+0000][7][safepoint   ] Safepoint "Cleanup", Time since last: 10001443013 ns, Reaching safepoint: 349797 ns, At safepoint: 61055 ns, Total: 410852 ns
[2022-09-05T02:58:34.270+0000][7][safepoint   ] Safepoint "Cleanup", Time since last: 5001221670 ns, Reaching safepoint: 327835 ns, At safepoint: 62858 ns, Total: 390693 ns
[2022-09-05T02:58:48.270+0000][7][safepoint   ] Safepoint "Cleanup", Time since last: 14002038424 ns, Reaching safepoint: 189256 ns, At safepoint: 27140 ns, Total: 216396 ns
[2022-09-05T02:58:49.271+0000][7][safepoint   ] Safepoint "Cleanup", Time since last: 1000393050 ns, Reaching safepoint: 168477 ns, At safepoint: 21951 ns, Total: 190428 ns
[2022-09-05T02:58:58.273+0000][7][safepoint   ] Safepoint "Cleanup", Time since last: 9001276267 ns, Reaching safepoint: 391195 ns, At safepoint: 59792 ns, Total: 450987 ns
[2022-09-05T02:58:59.273+0000][7][safepoint   ] Safepoint "Cleanup", Time since last: 1000525698 ns, Reaching safepoint: 161895 ns, At safepoint: 29585 ns, Total: 191480 ns
[2022-09-05T02:59:00.274+0000][7][safepoint   ] Safepoint "Cleanup", Time since last: 1000341534 ns, Reaching safepoint: 179867 ns, At safepoint: 40847 ns, Total: 220714 ns
[2022-09-05T02:59:03.275+0000][7][safepoint   ] Safepoint "Cleanup", Time since last: 3000648324 ns, Reaching safepoint: 708750 ns, At safepoint: 62958 ns, Total: 771708 ns
[2022-09-05T02:59:08.277+0000][7][safepoint   ] Safepoint "Cleanup", Time since last: 5000962819 ns, Reaching safepoint: 187993 ns, At safepoint: 22663 ns, Total: 210656 ns
[2022-09-05T02:59:15.278+0000][7][safepoint   ] Safepoint "Cleanup", Time since last: 7001115064 ns, Reaching safepoint: 280567 ns, At safepoint: 5520 ns, Total: 286087 ns
[2022-09-05T02:59:18.282+0000][7][safepoint   ] Safepoint "Cleanup", Time since last: 3001183073 ns, Reaching safepoint: 431174 ns, At safepoint: 72095 ns, Total: 503269 ns
[2022-09-05T02:59:46.555+0000][7][safepoint   ] Safepoint "Cleanup", Time since last: 30004076233 ns, Reaching safepoint: 203407 ns, At safepoint: 26750 ns, Total: 230157 ns
[2022-09-05T02:59:59.558+0000][7][safepoint   ] Safepoint "Cleanup", Time since last: 13001974638 ns, Reaching safepoint: 154019 ns, At safepoint: 5731 ns, Total: 159750 ns
[2022-09-05T03:00:02.559+0000][7][safepoint   ] Safepoint "Cleanup", Time since last: 3000730608 ns, Reaching safepoint: 261501 ns, At safepoint: 45345 ns, Total: 306846 ns
[2022-09-05T03:00:06.946+0000][7][safepoint   ] Safepoint "Cleanup", Time since last: 4386951138 ns, Reaching safepoint: 199465 ns, At safepoint: 50976 ns, Total: 250441 ns
[2022-09-05T03:00:07.947+0000][7][safepoint   ] Safepoint "Cleanup", Time since last: 1001016970 ns, Reaching safepoint: 324840 ns, At safepoint: 103684 ns, Total: 428524 ns
[2022-09-05T03:00:16.949+0000][7][safepoint   ] Safepoint "Cleanup", Time since last: 9001304867 ns, Reaching safepoint: 150973 ns, At safepoint: 22422 ns, Total: 173395 ns
[2022-09-05T03:00:26.951+0000][7][safepoint   ] Safepoint "Cleanup", Time since last: 10001711817 ns, Reaching safepoint: 355046 ns, At safepoint: 58831 ns, Total: 413877 ns
[2022-09-05T03:00:31.952+0000][7][safepoint   ] Safepoint "Cleanup", Time since last: 5001063288 ns, Reaching safepoint: 343234 ns, At safepoint: 64541 ns, Total: 407775 ns
[2022-09-05T03:00:33.953+0000][7][safepoint   ] Safepoint "Cleanup", Time since last: 2000829121 ns, Reaching safepoint: 222583 ns, At safepoint: 22893 ns, Total: 245476 ns
[2022-09-05T03:00:46.348+0000][7][safepoint   ] Safepoint "Cleanup", Time since last: 12394159776 ns, Reaching safepoint: 235943 ns, At safepoint: 45926 ns, Total: 281869 ns
[2022-09-05T03:00:47.349+0000][7][safepoint   ] Safepoint "Cleanup", Time since last: 1000834268 ns, Reaching safepoint: 197726 ns, At safepoint: 22983 ns, Total: 220709 ns
[2022-09-05T03:00:56.351+0000][7][safepoint   ] Safepoint "Cleanup", Time since last: 9001689002 ns, Reaching safepoint: 210244 ns, At safepoint: 22984 ns, Total: 233228 ns
[2022-09-05T03:01:01.351+0000][7][safepoint   ] Safepoint "Cleanup", Time since last: 5000758195 ns, Reaching safepoint: 207028 ns, At safepoint: 5100 ns, Total: 212128 ns
[2022-09-05T03:01:07.353+0000][7][safepoint   ] Safepoint "Cleanup", Time since last: 6001268070 ns, Reaching safepoint: 197150 ns, At safepoint: 25137 ns, Total: 222287 ns
[2022-09-05T03:01:16.354+0000][7][safepoint   ] Safepoint "Cleanup", Time since last: 9001285675 ns, Reaching safepoint: 182913 ns, At safepoint: 23013 ns, Total: 205926 ns
[2022-09-05T03:01:17.355+0000][7][safepoint   ] Safepoint "Cleanup", Time since last: 1000292757 ns, Reaching safepoint: 180103 ns, At safepoint: 46788 ns, Total: 226891 ns
[2022-09-05T03:01:19.356+0000][7][safepoint   ] Safepoint "Cleanup", Time since last: 2000502447 ns, Reaching safepoint: 201449 ns, At safepoint: 36768 ns, Total: 238217 ns
[2022-09-05T03:01:22.357+0000][7][safepoint   ] Safepoint "Cleanup", Time since last: 3000735588 ns, Reaching safepoint: 163106 ns, At safepoint: 21711 ns, Total: 184817 ns
[2022-09-05T03:01:28.358+0000][7][safepoint   ] Safepoint "Cleanup", Time since last: 6001074231 ns, Reaching safepoint: 138470 ns, At safepoint: 21821 ns, Total: 160291 ns
[2022-09-05T03:01:31.359+0000][7][safepoint   ] Safepoint "Cleanup", Time since last: 3000549338 ns, Reaching safepoint: 184106 ns, At safepoint: 25758 ns, Total: 209864 ns
[2022-09-05T03:01:36.360+0000][7][safepoint   ] Safepoint "Cleanup", Time since last: 5000886777 ns, Reaching safepoint: 151233 ns, At safepoint: 21681 ns, Total: 172914 ns
[2022-09-05T03:01:46.361+0000][7][safepoint   ] Safepoint "Cleanup", Time since last: 10001426051 ns, Reaching safepoint: 290295 ns, At safepoint: 40726 ns, Total: 331021 ns
[2022-09-05T03:02:01.537+0000][7][safepoint   ] Safepoint "Cleanup", Time since last: 15175175779 ns, Reaching safepoint: 182236 ns, At safepoint: 51056 ns, Total: 233292 ns
[2022-09-05T03:02:06.538+0000][7][safepoint   ] Safepoint "Cleanup", Time since last: 5000903628 ns, Reaching safepoint: 241714 ns, At safepoint: 49483 ns, Total: 291197 ns
[2022-09-05T03:02:16.328+0000][7][gc,start    ] GC(31) Pause Young (Concurrent Start) (G1 Evacuation Pause)
[2022-09-05T03:02:16.329+0000][7][gc,task     ] GC(31) Using 6 workers of 6 for evacuation
[2022-09-05T03:02:16.329+0000][7][gc,age      ] GC(31) Desired survivor size 8388608 bytes, new threshold 15 (max threshold 15)
[2022-09-05T03:02:16.335+0000][7][gc,age      ] GC(31) Age table with threshold 15 (max threshold 15)
[2022-09-05T03:02:16.335+0000][7][gc,age      ] GC(31) - age   1:      99608 bytes,      99608 total
[2022-09-05T03:02:16.335+0000][7][gc,age      ] GC(31) - age   2:      50712 bytes,     150320 total
[2022-09-05T03:02:16.335+0000][7][gc,age      ] GC(31) - age   3:     648176 bytes,     798496 total
[2022-09-05T03:02:16.335+0000][7][gc,age      ] GC(31) - age   4:    2106832 bytes,    2905328 total
[2022-09-05T03:02:16.335+0000][7][gc,age      ] GC(31) - age   5:    2669448 bytes,    5574776 total
[2022-09-05T03:02:16.336+0000][7][gc,phases   ] GC(31)   Pre Evacuate Collection Set: 0.2ms
[2022-09-05T03:02:16.336+0000][7][gc,phases   ] GC(31)   Merge Heap Roots: 0.1ms
[2022-09-05T03:02:16.336+0000][7][gc,phases   ] GC(31)   Evacuate Collection Set: 3.8ms
[2022-09-05T03:02:16.336+0000][7][gc,phases   ] GC(31)   Post Evacuate Collection Set: 1.1ms
[2022-09-05T03:02:16.336+0000][7][gc,phases   ] GC(31)   Other: 2.2ms
[2022-09-05T03:02:16.336+0000][7][gc,heap     ] GC(31) Eden regions: 26->0(27)
[2022-09-05T03:02:16.337+0000][7][gc,heap     ] GC(31) Survivor regions: 2->2(4)
[2022-09-05T03:02:16.337+0000][7][gc,heap     ] GC(31) Old regions: 19->19
[2022-09-05T03:02:16.337+0000][7][gc,heap     ] GC(31) Archive regions: 2->2
[2022-09-05T03:02:16.337+0000][7][gc,heap     ] GC(31) Humongous regions: 2->2
[2022-09-05T03:02:16.337+0000][7][gc,metaspace] GC(31) Metaspace: 95346K(100004K)->95346K(100004K) NonClass: 82656K(86180K)->82656K(86180K) Class: 12690K(13824K)->12690K(13824K)
[2022-09-05T03:02:16.337+0000][7][gc          ] GC(31) Pause Young (Concurrent Start) (G1 Evacuation Pause) 194M->90M(256M) 9.170ms
[2022-09-05T03:02:16.338+0000][7][gc,cpu      ] GC(31) User=0.00s Sys=0.02s Real=0.01s
[2022-09-05T03:02:16.338+0000][7][gc          ] GC(32) Concurrent Cycle
[2022-09-05T03:02:16.338+0000][7][gc,marking  ] GC(32) Concurrent Clear Claimed Marks
[2022-09-05T03:02:16.338+0000][7][gc,marking  ] GC(32) Concurrent Clear Claimed Marks 0.285ms
[2022-09-05T03:02:16.338+0000][7][safepoint   ] Safepoint "G1CollectForAllocation", Time since last: 9789782280 ns, Reaching safepoint: 269426 ns, At safepoint: 9565115 ns, Total: 9834541 ns
[2022-09-05T03:02:16.339+0000][7][gc,marking  ] GC(32) Concurrent Scan Root Regions
[2022-09-05T03:02:16.344+0000][7][gc,marking  ] GC(32) Concurrent Scan Root Regions 4.299ms
[2022-09-05T03:02:16.344+0000][7][gc,marking  ] GC(32) Concurrent Mark (926.302s)
[2022-09-05T03:02:16.344+0000][7][gc,marking  ] GC(32) Concurrent Mark From Roots
[2022-09-05T03:02:16.344+0000][7][gc,task     ] GC(32) Using 2 workers of 2 for marking
[2022-09-05T03:02:16.390+0000][7][gc,marking  ] GC(32) Concurrent Mark From Roots 46.349ms
[2022-09-05T03:02:16.391+0000][7][gc,marking  ] GC(32) Concurrent Preclean
[2022-09-05T03:02:16.391+0000][7][gc,marking  ] GC(32) Concurrent Preclean 0.462ms
[2022-09-05T03:02:16.391+0000][7][gc,marking  ] GC(32) Concurrent Mark (926.302s, 926.350s) 47.514ms
[2022-09-05T03:02:16.392+0000][7][gc,start    ] GC(32) Pause Remark
[2022-09-05T03:02:16.396+0000][7][gc          ] GC(32) Pause Remark 94M->94M(256M) 4.143ms
[2022-09-05T03:02:16.396+0000][7][gc,cpu      ] GC(32) User=0.00s Sys=0.01s Real=0.01s
[2022-09-05T03:02:16.396+0000][7][safepoint   ] Safepoint "G1Concurrent", Time since last: 53836926 ns, Reaching safepoint: 155922 ns, At safepoint: 4662801 ns, Total: 4818723 ns
[2022-09-05T03:02:16.397+0000][7][gc,marking  ] GC(32) Concurrent Rebuild Remembered Sets
[2022-09-05T03:02:16.429+0000][7][gc,marking  ] GC(32) Concurrent Rebuild Remembered Sets 32.032ms
[2022-09-05T03:02:16.429+0000][7][gc,start    ] GC(32) Pause Cleanup
[2022-09-05T03:02:16.430+0000][7][gc          ] GC(32) Pause Cleanup 94M->94M(256M) 0.303ms
[2022-09-05T03:02:16.430+0000][7][gc,cpu      ] GC(32) User=0.00s Sys=0.00s Real=0.00s
[2022-09-05T03:02:16.430+0000][7][safepoint   ] Safepoint "G1Concurrent", Time since last: 32669200 ns, Reaching safepoint: 166352 ns, At safepoint: 808668 ns, Total: 975020 ns
[2022-09-05T03:02:16.430+0000][7][gc,marking  ] GC(32) Concurrent Cleanup for Next Mark
[2022-09-05T03:02:16.431+0000][7][gc,marking  ] GC(32) Concurrent Cleanup for Next Mark 0.518ms
[2022-09-05T03:02:16.431+0000][7][gc          ] GC(32) Concurrent Cycle 93.648ms
[2022-09-05T03:02:26.432+0000][7][safepoint   ] Safepoint "Cleanup", Time since last: 10002057576 ns, Reaching safepoint: 167735 ns, At safepoint: 26199 ns, Total: 193934 ns
[2022-09-05T03:02:27.433+0000][7][safepoint   ] Safepoint "Cleanup", Time since last: 1000391778 ns, Reaching safepoint: 152746 ns, At safepoint: 3597 ns, Total: 156343 ns
[2022-09-05T03:02:32.434+0000][7][safepoint   ] Safepoint "Cleanup", Time since last: 5000856470 ns, Reaching safepoint: 235652 ns, At safepoint: 54563 ns, Total: 290215 ns
[2022-09-05T03:02:46.804+0000][7][safepoint   ] Safepoint "Cleanup", Time since last: 14369053608 ns, Reaching safepoint: 252905 ns, At safepoint: 45616 ns, Total: 298521 ns
[2022-09-05T03:03:02.734+0000][7][safepoint   ] Safepoint "Cleanup", Time since last: 15929723231 ns, Reaching safepoint: 222373 ns, At safepoint: 66284 ns, Total: 288657 ns
[2022-09-05T03:03:17.120+0000][7][safepoint   ] Safepoint "Cleanup", Time since last: 14385005241 ns, Reaching safepoint: 243707 ns, At safepoint: 51336 ns, Total: 295043 ns
[2022-09-05T03:03:18.121+0000][7][safepoint   ] Safepoint "Cleanup", Time since last: 1000697251 ns, Reaching safepoint: 242926 ns, At safepoint: 33643 ns, Total: 276569 ns
[2022-09-05T03:03:26.529+0000][7][safepoint   ] Safepoint "Cleanup", Time since last: 8407865739 ns, Reaching safepoint: 195837 ns, At safepoint: 22883 ns, Total: 218720 ns
[2022-09-05T03:03:46.491+0000][7][safepoint   ] Safepoint "Cleanup", Time since last: 19961695945 ns, Reaching safepoint: 185628 ns, At safepoint: 27141 ns, Total: 212769 ns
[2022-09-05T03:03:47.303+0000][7][safepoint   ] Safepoint "Cleanup", Time since last: 3804821690 ns, Reaching safepoint: 288431 ns, At safepoint: 41488 ns, Total: 329919 ns
[2022-09-05T03:04:02.060+0000][7][safepoint   ] Safepoint "Cleanup", Time since last: 14756675722 ns, Reaching safepoint: 204605 ns, At safepoint: 9698 ns, Total: 214303 ns
[2022-09-05T03:04:14.063+0000][7][safepoint   ] Safepoint "Cleanup", Time since last: 12003032942 ns, Reaching safepoint: 184656 ns, At safepoint: 37610 ns, Total: 222266 ns
[2022-09-05T03:04:27.059+0000][7][safepoint   ] Safepoint "Cleanup", Time since last: 10002302856 ns, Reaching safepoint: 323978 ns, At safepoint: 83567 ns, Total: 407545 ns
[2022-09-05T03:04:35.061+0000][7][safepoint   ] Safepoint "Cleanup", Time since last: 8001744573 ns, Reaching safepoint: 163357 ns, At safepoint: 29906 ns, Total: 193263 ns
[2022-09-05T03:04:46.684+0000][7][safepoint   ] Safepoint "Cleanup", Time since last: 11506072650 ns, Reaching safepoint: 116581187 ns, At safepoint: 57688 ns, Total: 116638875 ns
[2022-09-05T03:04:48.686+0000][7][safepoint   ] Safepoint "Cleanup", Time since last: 2002268162 ns, Reaching safepoint: 180469 ns, At safepoint: 6381 ns, Total: 186850 ns
[2022-09-05T03:05:01.233+0000][7][safepoint   ] Safepoint "Cleanup", Time since last: 12546724394 ns, Reaching safepoint: 246963 ns, At safepoint: 23254 ns, Total: 270217 ns
[2022-09-05T03:05:09.235+0000][7][safepoint   ] Safepoint "Cleanup", Time since last: 8001379278 ns, Reaching safepoint: 268995 ns, At safepoint: 5991 ns, Total: 274986 ns
[2022-09-05T03:05:10.236+0000][7][safepoint   ] Safepoint "Cleanup", Time since last: 1001031619 ns, Reaching safepoint: 160080 ns, At safepoint: 47560 ns, Total: 207640 ns
[2022-09-05T03:05:11.237+0000][7][safepoint   ] Safepoint "Cleanup", Time since last: 1000564331 ns, Reaching safepoint: 427292 ns, At safepoint: 62247 ns, Total: 489539 ns
[2022-09-05T03:05:12.238+0000][7][safepoint   ] Safepoint "Cleanup", Time since last: 1000603875 ns, Reaching safepoint: 288221 ns, At safepoint: 65163 ns, Total: 353384 ns
[2022-09-05T03:05:14.239+0000][7][safepoint   ] Safepoint "Cleanup", Time since last: 2000711670 ns, Reaching safepoint: 195557 ns, At safepoint: 5671 ns, Total: 201228 ns
[2022-09-05T03:05:17.241+0000][7][safepoint   ] Safepoint "Cleanup", Time since last: 3001369197 ns, Reaching safepoint: 179397 ns, At safepoint: 35165 ns, Total: 214562 ns
[2022-09-05T03:05:21.242+0000][7][safepoint   ] Safepoint "Cleanup", Time since last: 4001087551 ns, Reaching safepoint: 239760 ns, At safepoint: 4639 ns, Total: 244399 ns
[2022-09-05T03:05:23.243+0000][7][safepoint   ] Safepoint "Cleanup", Time since last: 2000961109 ns, Reaching safepoint: 217638 ns, At safepoint: 22873 ns, Total: 240511 ns
[2022-09-05T03:05:24.244+0000][7][safepoint   ] Safepoint "Cleanup", Time since last: 1000717008 ns, Reaching safepoint: 459743 ns, At safepoint: 69881 ns, Total: 529624 ns
[2022-09-05T03:05:25.245+0000][7][safepoint   ] Safepoint "Cleanup", Time since last: 1000675831 ns, Reaching safepoint: 264446 ns, At safepoint: 43201 ns, Total: 307647 ns
[2022-09-05T03:05:26.246+0000][7][safepoint   ] Safepoint "Cleanup", Time since last: 1000240944 ns, Reaching safepoint: 170259 ns, At safepoint: 6703 ns, Total: 176962 ns
[2022-09-05T03:05:27.247+0000][7][safepoint   ] Safepoint "Cleanup", Time since last: 1000496054 ns, Reaching safepoint: 153347 ns, At safepoint: 22803 ns, Total: 176150 ns
[2022-09-05T03:05:28.247+0000][7][safepoint   ] Safepoint "Cleanup", Time since last: 1000458463 ns, Reaching safepoint: 157135 ns, At safepoint: 23273 ns, Total: 180408 ns
[2022-09-05T03:05:30.249+0000][7][safepoint   ] Safepoint "Cleanup", Time since last: 2000552583 ns, Reaching safepoint: 517571 ns, At safepoint: 63419 ns, Total: 580990 ns
[2022-09-05T03:05:31.250+0000][7][safepoint   ] Safepoint "Cleanup", Time since last: 1001054125 ns, Reaching safepoint: 366578 ns, At safepoint: 63990 ns, Total: 430568 ns
[2022-09-05T03:05:32.251+0000][7][safepoint   ] Safepoint "Cleanup", Time since last: 1000665337 ns, Reaching safepoint: 159489 ns, At safepoint: 20889 ns, Total: 180378 ns
[2022-09-05T03:05:35.579+0000][7][safepoint   ] Safepoint "Cleanup", Time since last: 3327799727 ns, Reaching safepoint: 173686 ns, At safepoint: 3106 ns, Total: 176792 ns
[2022-09-05T03:05:36.581+0000][7][safepoint   ] Safepoint "Cleanup", Time since last: 1001581150 ns, Reaching safepoint: 165831 ns, At safepoint: 12293 ns, Total: 178124 ns
[2022-09-05T03:05:37.581+0000][7][safepoint   ] Safepoint "Cleanup", Time since last: 1000185381 ns, Reaching safepoint: 132318 ns, At safepoint: 47359 ns, Total: 179677 ns
[2022-09-05T03:05:38.582+0000][7][safepoint   ] Safepoint "Cleanup", Time since last: 1000514668 ns, Reaching safepoint: 142077 ns, At safepoint: 20308 ns, Total: 162385 ns
[2022-09-05T03:05:41.583+0000][7][safepoint   ] Safepoint "Cleanup", Time since last: 3000708857 ns, Reaching safepoint: 167475 ns, At safepoint: 23954 ns, Total: 191429 ns
[2022-09-05T03:05:44.584+0000][7][safepoint   ] Safepoint "Cleanup", Time since last: 3000694146 ns, Reaching safepoint: 211081 ns, At safepoint: 24266 ns, Total: 235347 ns
[2022-09-05T03:05:46.584+0000][7][safepoint   ] Safepoint "Cleanup", Time since last: 2000621561 ns, Reaching safepoint: 163427 ns, At safepoint: 3657 ns, Total: 167084 ns
[2022-09-05T03:05:47.585+0000][7][safepoint   ] Safepoint "Cleanup", Time since last: 1000524927 ns, Reaching safepoint: 164599 ns, At safepoint: 49803 ns, Total: 214402 ns
[2022-09-05T03:05:48.586+0000][7][safepoint   ] Safepoint "Cleanup", Time since last: 1000481557 ns, Reaching safepoint: 164458 ns, At safepoint: 73799 ns, Total: 238257 ns
[2022-09-05T03:05:49.587+0000][7][safepoint   ] Safepoint "Cleanup", Time since last: 1000931831 ns, Reaching safepoint: 143530 ns, At safepoint: 5820 ns, Total: 149350 ns
[2022-09-05T03:05:50.588+0000][7][safepoint   ] Safepoint "Cleanup", Time since last: 1000811406 ns, Reaching safepoint: 306365 ns, At safepoint: 48631 ns, Total: 354996 ns
[2022-09-05T03:05:53.590+0000][7][safepoint   ] Safepoint "Cleanup", Time since last: 3001060547 ns, Reaching safepoint: 420279 ns, At safepoint: 38242 ns, Total: 458521 ns
[2022-09-05T03:05:54.590+0000][7][safepoint   ] Safepoint "Cleanup", Time since last: 1000567738 ns, Reaching safepoint: 154480 ns, At safepoint: 21760 ns, Total: 176240 ns
[2022-09-05T03:05:57.591+0000][7][safepoint   ] Safepoint "Cleanup", Time since last: 3000419093 ns, Reaching safepoint: 311976 ns, At safepoint: 29796 ns, Total: 341772 ns
[2022-09-05T03:05:58.592+0000][7][safepoint   ] Safepoint "Cleanup", Time since last: 1000519838 ns, Reaching safepoint: 142778 ns, At safepoint: 23053 ns, Total: 165831 ns
[2022-09-05T03:05:59.592+0000][7][safepoint   ] Safepoint "Cleanup", Time since last: 1000459044 ns, Reaching safepoint: 201353 ns, At safepoint: 25147 ns, Total: 226500 ns
[2022-09-05T03:06:03.593+0000][7][safepoint   ] Safepoint "Cleanup", Time since last: 4000512146 ns, Reaching safepoint: 179347 ns, At safepoint: 24336 ns, Total: 203683 ns
[2022-09-05T03:06:06.596+0000][7][safepoint   ] Safepoint "Cleanup", Time since last: 3002497063 ns, Reaching safepoint: 387558 ns, At safepoint: 48781 ns, Total: 436339 ns
[2022-09-05T03:06:08.597+0000][7][safepoint   ] Safepoint "Cleanup", Time since last: 2000661366 ns, Reaching safepoint: 210174 ns, At safepoint: 80632 ns, Total: 290806 ns
[2022-09-05T03:06:09.597+0000][7][safepoint   ] Safepoint "Cleanup", Time since last: 1000387595 ns, Reaching safepoint: 209719 ns, At safepoint: 24045 ns, Total: 233764 ns
[2022-09-05T03:06:10.598+0000][7][safepoint   ] Safepoint "Cleanup", Time since last: 1000178727 ns, Reaching safepoint: 140244 ns, At safepoint: 5179 ns, Total: 145423 ns
[2022-09-05T03:06:11.599+0000][7][safepoint   ] Safepoint "Cleanup", Time since last: 1000566105 ns, Reaching safepoint: 241523 ns, At safepoint: 43302 ns, Total: 284825 ns
[2022-09-05T03:06:13.599+0000][7][safepoint   ] Safepoint "Cleanup", Time since last: 2000321768 ns, Reaching safepoint: 148880 ns, At safepoint: 6933 ns, Total: 155813 ns
[2022-09-05T03:06:15.600+0000][7][safepoint   ] Safepoint "Cleanup", Time since last: 2000650335 ns, Reaching safepoint: 150373 ns, At safepoint: 22352 ns, Total: 172725 ns
[2022-09-05T03:06:16.307+0000][7][gc,start    ] GC(33) Pause Young (Normal) (G1 Evacuation Pause)
[2022-09-05T03:06:16.307+0000][7][gc,task     ] GC(33) Using 6 workers of 6 for evacuation
[2022-09-05T03:06:16.308+0000][7][gc,age      ] GC(33) Desired survivor size 8388608 bytes, new threshold 15 (max threshold 15)
[2022-09-05T03:06:16.722+0000][7][gc,age      ] GC(33) Age table with threshold 15 (max threshold 15)
[2022-09-05T03:06:16.722+0000][7][gc,age      ] GC(33) - age   1:     348768 bytes,     348768 total
[2022-09-05T03:06:16.722+0000][7][gc,age      ] GC(33) - age   2:      15784 bytes,     364552 total
[2022-09-05T03:06:16.722+0000][7][gc,age      ] GC(33) - age   3:      50688 bytes,     415240 total
[2022-09-05T03:06:16.723+0000][7][gc,age      ] GC(33) - age   4:     557072 bytes,     972312 total
[2022-09-05T03:06:16.723+0000][7][gc,age      ] GC(33) - age   5:    2106832 bytes,    3079144 total
[2022-09-05T03:06:16.723+0000][7][gc,age      ] GC(33) - age   6:    2669312 bytes,    5748456 total
[2022-09-05T03:06:16.723+0000][7][gc,mmu      ] GC(33) MMU target violated: 201.0ms (200.0ms/201.0ms)
[2022-09-05T03:06:16.723+0000][7][gc,phases   ] GC(33)   Pre Evacuate Collection Set: 0.2ms
[2022-09-05T03:06:16.723+0000][7][gc,phases   ] GC(33)   Merge Heap Roots: 0.1ms
[2022-09-05T03:06:16.723+0000][7][gc,phases   ] GC(33)   Evacuate Collection Set: 412.0ms
[2022-09-05T03:06:16.724+0000][7][gc,phases   ] GC(33)   Post Evacuate Collection Set: 1.3ms
[2022-09-05T03:06:16.724+0000][7][gc,phases   ] GC(33)   Other: 2.6ms
[2022-09-05T03:06:16.724+0000][7][gc,heap     ] GC(33) Eden regions: 27->0(27)
[2022-09-05T03:06:16.724+0000][7][gc,heap     ] GC(33) Survivor regions: 2->2(4)
[2022-09-05T03:06:16.724+0000][7][gc,heap     ] GC(33) Old regions: 19->19
[2022-09-05T03:06:16.724+0000][7][gc,heap     ] GC(33) Archive regions: 2->2
[2022-09-05T03:06:16.724+0000][7][gc,heap     ] GC(33) Humongous regions: 2->2
[2022-09-05T03:06:16.725+0000][7][gc,metaspace] GC(33) Metaspace: 95771K(100516K)->95771K(100516K) NonClass: 83076K(86692K)->83076K(86692K) Class: 12695K(13824K)->12695K(13824K)
[2022-09-05T03:06:16.725+0000][7][gc          ] GC(33) Pause Young (Normal) (G1 Evacuation Pause) 198M->90M(256M) 417.833ms
[2022-09-05T03:06:16.725+0000][7][gc,cpu      ] GC(33) User=1.17s Sys=0.09s Real=0.41s
[2022-09-05T03:06:16.725+0000][7][safepoint   ] Safepoint "G1CollectForAllocation", Time since last: 706770330 ns, Reaching safepoint: 202340 ns, At safepoint: 418336770 ns, Total: 418539110 ns
[2022-09-05T03:06:17.727+0000][7][safepoint   ] Safepoint "Cleanup", Time since last: 1001185336 ns, Reaching safepoint: 238648 ns, At safepoint: 82004 ns, Total: 320652 ns
[2022-09-05T03:06:21.728+0000][7][safepoint   ] Safepoint "Cleanup", Time since last: 4000924775 ns, Reaching safepoint: 486664 ns, At safepoint: 119734 ns, Total: 606398 ns
[2022-09-05T03:06:23.729+0000][7][safepoint   ] Safepoint "Cleanup", Time since last: 2000731699 ns, Reaching safepoint: 305353 ns, At safepoint: 26399 ns, Total: 331752 ns
[2022-09-05T03:06:24.730+0000][7][safepoint   ] Safepoint "Cleanup", Time since last: 1000514578 ns, Reaching safepoint: 224362 ns, At safepoint: 8385 ns, Total: 232747 ns
[2022-09-05T03:06:25.732+0000][7][safepoint   ] Safepoint "Cleanup", Time since last: 1001781566 ns, Reaching safepoint: 443212 ns, At safepoint: 152726 ns, Total: 595938 ns
[2022-09-05T03:06:26.733+0000][7][safepoint   ] Safepoint "Cleanup", Time since last: 1000591432 ns, Reaching safepoint: 165080 ns, At safepoint: 31088 ns, Total: 196168 ns
[2022-09-05T03:06:27.734+0000][7][safepoint   ] Safepoint "Cleanup", Time since last: 1000478270 ns, Reaching safepoint: 268955 ns, At safepoint: 47550 ns, Total: 316505 ns
[2022-09-05T03:06:28.735+0000][7][safepoint   ] Safepoint "Cleanup", Time since last: 1000273605 ns, Reaching safepoint: 306235 ns, At safepoint: 15489 ns, Total: 321724 ns
[2022-09-05T03:06:30.736+0000][7][safepoint   ] Safepoint "Cleanup", Time since last: 2000763267 ns, Reaching safepoint: 171502 ns, At safepoint: 37501 ns, Total: 209003 ns
[2022-09-05T03:06:32.737+0000][7][safepoint   ] Safepoint "Cleanup", Time since last: 2000688547 ns, Reaching safepoint: 370325 ns, At safepoint: 21751 ns, Total: 392076 ns
[2022-09-05T03:06:33.738+0000][7][safepoint   ] Safepoint "Cleanup", Time since last: 1000571615 ns, Reaching safepoint: 413766 ns, At safepoint: 61366 ns, Total: 475132 ns
[2022-09-05T03:06:34.739+0000][7][safepoint   ] Safepoint "Cleanup", Time since last: 1000361340 ns, Reaching safepoint: 461917 ns, At safepoint: 15169 ns, Total: 477086 ns
[2022-09-05T03:06:36.740+0000][7][safepoint   ] Safepoint "Cleanup", Time since last: 2001001714 ns, Reaching safepoint: 123522 ns, At safepoint: 5200 ns, Total: 128722 ns
[2022-09-05T03:06:37.741+0000][7][safepoint   ] Safepoint "Cleanup", Time since last: 1000699465 ns, Reaching safepoint: 449814 ns, At safepoint: 60223 ns, Total: 510037 ns
[2022-09-05T03:06:38.742+0000][7][safepoint   ] Safepoint "Cleanup", Time since last: 1000480725 ns, Reaching safepoint: 154790 ns, At safepoint: 25047 ns, Total: 179837 ns
[2022-09-05T03:06:39.743+0000][7][safepoint   ] Safepoint "Cleanup", Time since last: 1000521341 ns, Reaching safepoint: 349636 ns, At safepoint: 48561 ns, Total: 398197 ns
[2022-09-05T03:06:40.744+0000][7][safepoint   ] Safepoint "Cleanup", Time since last: 1000531090 ns, Reaching safepoint: 417984 ns, At safepoint: 14878 ns, Total: 432862 ns
[2022-09-05T03:06:41.745+0000][7][safepoint   ] Safepoint "Cleanup", Time since last: 1001045014 ns, Reaching safepoint: 443322 ns, At safepoint: 48661 ns, Total: 491983 ns
[2022-09-05T03:06:42.746+0000][7][safepoint   ] Safepoint "Cleanup", Time since last: 1000363465 ns, Reaching safepoint: 373040 ns, At safepoint: 172814 ns, Total: 545854 ns
[2022-09-05T03:06:44.747+0000][7][safepoint   ] Safepoint "Cleanup", Time since last: 2000910353 ns, Reaching safepoint: 262914 ns, At safepoint: 47950 ns, Total: 310864 ns
[2022-09-05T03:06:45.748+0000][7][safepoint   ] Safepoint "Cleanup", Time since last: 1000443695 ns, Reaching safepoint: 274415 ns, At safepoint: 9177 ns, Total: 283592 ns
[2022-09-05T03:06:46.749+0000][7][safepoint   ] Safepoint "Cleanup", Time since last: 1000470786 ns, Reaching safepoint: 366438 ns, At safepoint: 24456 ns, Total: 390894 ns
[2022-09-05T03:06:48.750+0000][7][safepoint   ] Safepoint "Cleanup", Time since last: 2000721208 ns, Reaching safepoint: 365947 ns, At safepoint: 46417 ns, Total: 412364 ns
[2022-09-05T03:06:52.773+0000][7][safepoint   ] Safepoint "Cleanup", Time since last: 4022821679 ns, Reaching safepoint: 386225 ns, At safepoint: 54713 ns, Total: 440938 ns
[2022-09-05T03:06:55.775+0000][7][safepoint   ] Safepoint "Cleanup", Time since last: 3001044402 ns, Reaching safepoint: 200101 ns, At safepoint: 22903 ns, Total: 223004 ns
[2022-09-05T03:06:56.774+0000][7][safepoint   ] Safepoint "Cleanup", Time since last: 1000384824 ns, Reaching safepoint: 245446 ns, At safepoint: 8015 ns, Total: 253461 ns
[2022-09-05T03:06:59.776+0000][7][safepoint   ] Safepoint "Cleanup", Time since last: 3000835661 ns, Reaching safepoint: 487655 ns, At safepoint: 65373 ns, Total: 553028 ns
[2022-09-05T03:07:02.777+0000][7][safepoint   ] Safepoint "Cleanup", Time since last: 3000854651 ns, Reaching safepoint: 293200 ns, At safepoint: 45937 ns, Total: 339137 ns
[2022-09-05T03:07:06.779+0000][7][safepoint   ] Safepoint "Cleanup", Time since last: 4001548951 ns, Reaching safepoint: 376026 ns, At safepoint: 68258 ns, Total: 444284 ns
[2022-09-05T03:07:09.780+0000][7][safepoint   ] Safepoint "Cleanup", Time since last: 3000901454 ns, Reaching safepoint: 175319 ns, At safepoint: 26440 ns, Total: 201759 ns
[2022-09-05T03:07:10.781+0000][7][safepoint   ] Safepoint "Cleanup", Time since last: 1001119578 ns, Reaching safepoint: 220284 ns, At safepoint: 22883 ns, Total: 243167 ns
[2022-09-05T03:07:11.782+0000][7][safepoint   ] Safepoint "Cleanup", Time since last: 1000473095 ns, Reaching safepoint: 189846 ns, At safepoint: 24266 ns, Total: 214112 ns
[2022-09-05T03:07:12.783+0000][7][safepoint   ] Safepoint "Cleanup", Time since last: 1000512609 ns, Reaching safepoint: 309386 ns, At safepoint: 51697 ns, Total: 361083 ns
[2022-09-05T03:07:13.784+0000][7][safepoint   ] Safepoint "Cleanup", Time since last: 1000586728 ns, Reaching safepoint: 206839 ns, At safepoint: 2294 ns, Total: 209133 ns
[2022-09-05T03:07:14.785+0000][7][safepoint   ] Safepoint "Cleanup", Time since last: 1000716998 ns, Reaching safepoint: 334177 ns, At safepoint: 5661 ns, Total: 339838 ns
[2022-09-05T03:07:15.785+0000][7][safepoint   ] Safepoint "Cleanup", Time since last: 1000543001 ns, Reaching safepoint: 249053 ns, At safepoint: 33452 ns, Total: 282505 ns
[2022-09-05T03:07:16.786+0000][7][safepoint   ] Safepoint "Cleanup", Time since last: 1000328890 ns, Reaching safepoint: 294292 ns, At safepoint: 5521 ns, Total: 299813 ns
[2022-09-05T03:07:20.787+0000][7][safepoint   ] Safepoint "Cleanup", Time since last: 4001016898 ns, Reaching safepoint: 273393 ns, At safepoint: 6302 ns, Total: 279695 ns
[2022-09-05T03:07:22.788+0000][7][safepoint   ] Safepoint "Cleanup", Time since last: 2000785740 ns, Reaching safepoint: 186841 ns, At safepoint: 25397 ns, Total: 212238 ns
[2022-09-05T03:07:26.790+0000][7][safepoint   ] Safepoint "Cleanup", Time since last: 4000911781 ns, Reaching safepoint: 373811 ns, At safepoint: 50294 ns, Total: 424105 ns
[2022-09-05T03:07:27.792+0000][7][safepoint   ] Safepoint "Cleanup", Time since last: 1000888190 ns, Reaching safepoint: 394540 ns, At safepoint: 67667 ns, Total: 462207 ns
[2022-09-05T03:07:28.793+0000][7][safepoint   ] Safepoint "Cleanup", Time since last: 1000801727 ns, Reaching safepoint: 292810 ns, At safepoint: 10609 ns, Total: 303419 ns
[2022-09-05T03:07:34.262+0000][7][safepoint   ] Safepoint "Cleanup", Time since last: 5469023486 ns, Reaching safepoint: 260288 ns, At safepoint: 43933 ns, Total: 304221 ns
[2022-09-05T03:07:46.922+0000][7][safepoint   ] Safepoint "Cleanup", Time since last: 12659193924 ns, Reaching safepoint: 265959 ns, At safepoint: 24837 ns, Total: 290796 ns
[2022-09-05T03:07:56.924+0000][7][safepoint   ] Safepoint "Cleanup", Time since last: 10002298793 ns, Reaching safepoint: 211302 ns, At safepoint: 26199 ns, Total: 237501 ns
[2022-09-05T03:08:31.296+0000][7][safepoint   ] Safepoint "Cleanup", Time since last: 34189281161 ns, Reaching safepoint: 7679587 ns, At safepoint: 24005 ns, Total: 7703592 ns
[2022-09-05T03:08:37.825+0000][7][safepoint   ] Safepoint "Cleanup", Time since last: 6529063254 ns, Reaching safepoint: 273413 ns, At safepoint: 2494 ns, Total: 275907 ns
[2022-09-05T03:08:42.424+0000][7][safepoint   ] Safepoint "Cleanup", Time since last: 4355187578 ns, Reaching safepoint: 243476280 ns, At safepoint: 138911 ns, Total: 243615191 ns
[2022-09-05T03:08:43.425+0000][7][safepoint   ] Safepoint "Cleanup", Time since last: 1000970654 ns, Reaching safepoint: 286968 ns, At safepoint: 24837 ns, Total: 311805 ns
[2022-09-05T03:08:47.427+0000][7][safepoint   ] Safepoint "Cleanup", Time since last: 4000952848 ns, Reaching safepoint: 357521 ns, At safepoint: 51517 ns, Total: 409038 ns
[2022-09-05T03:08:52.428+0000][7][safepoint   ] Safepoint "Cleanup", Time since last: 5001113963 ns, Reaching safepoint: 204023 ns, At safepoint: 15459 ns, Total: 219482 ns
[2022-09-05T03:09:16.372+0000][7][safepoint   ] Safepoint "Cleanup", Time since last: 24119107712 ns, Reaching safepoint: 293066 ns, At safepoint: 67356 ns, Total: 360422 ns
[2022-09-05T03:09:26.378+0000][7][safepoint   ] Safepoint "Cleanup", Time since last: 10005245289 ns, Reaching safepoint: 167714 ns, At safepoint: 5731 ns, Total: 173445 ns
[2022-09-05T03:09:30.379+0000][7][safepoint   ] Safepoint "Cleanup", Time since last: 4001242362 ns, Reaching safepoint: 183184 ns, At safepoint: 9517 ns, Total: 192701 ns
[2022-09-05T03:09:31.397+0000][7][safepoint   ] Safepoint "Cleanup", Time since last: 1000734220 ns, Reaching safepoint: 288111 ns, At safepoint: 30207 ns, Total: 318318 ns
[2022-09-05T03:09:34.399+0000][7][safepoint   ] Safepoint "Cleanup", Time since last: 3001166797 ns, Reaching safepoint: 232476 ns, At safepoint: 31950 ns, Total: 264426 ns
[2022-09-05T03:09:36.400+0000][7][safepoint   ] Safepoint "Cleanup", Time since last: 2000869627 ns, Reaching safepoint: 310202 ns, At safepoint: 62798 ns, Total: 373000 ns
[2022-09-05T03:09:37.401+0000][7][safepoint   ] Safepoint "Cleanup", Time since last: 1000886246 ns, Reaching safepoint: 343985 ns, At safepoint: 9148 ns, Total: 353133 ns
[2022-09-05T03:09:46.354+0000][7][gc,start    ] GC(34) Pause Young (Concurrent Start) (G1 Evacuation Pause)
[2022-09-05T03:09:46.354+0000][7][gc,task     ] GC(34) Using 6 workers of 6 for evacuation
[2022-09-05T03:09:46.355+0000][7][gc,age      ] GC(34) Desired survivor size 8388608 bytes, new threshold 15 (max threshold 15)
[2022-09-05T03:09:46.477+0000][7][gc,age      ] GC(34) Age table with threshold 15 (max threshold 15)
[2022-09-05T03:09:46.478+0000][7][gc,age      ] GC(34) - age   1:     251224 bytes,     251224 total
[2022-09-05T03:09:46.478+0000][7][gc,age      ] GC(34) - age   2:     338472 bytes,     589696 total
[2022-09-05T03:09:46.478+0000][7][gc,age      ] GC(34) - age   3:      15552 bytes,     605248 total
[2022-09-05T03:09:46.478+0000][7][gc,age      ] GC(34) - age   4:      49984 bytes,     655232 total
[2022-09-05T03:09:46.478+0000][7][gc,age      ] GC(34) - age   5:     557072 bytes,    1212304 total
[2022-09-05T03:09:46.478+0000][7][gc,age      ] GC(34) - age   6:    2106528 bytes,    3318832 total
[2022-09-05T03:09:46.478+0000][7][gc,age      ] GC(34) - age   7:    2669312 bytes,    5988144 total
[2022-09-05T03:09:46.479+0000][7][gc,phases   ] GC(34)   Pre Evacuate Collection Set: 29.6ms
[2022-09-05T03:09:46.479+0000][7][gc,phases   ] GC(34)   Merge Heap Roots: 2.5ms
[2022-09-05T03:09:46.479+0000][7][gc,phases   ] GC(34)   Evacuate Collection Set: 73.6ms
[2022-09-05T03:09:46.479+0000][7][gc,phases   ] GC(34)   Post Evacuate Collection Set: 15.7ms
[2022-09-05T03:09:46.479+0000][7][gc,phases   ] GC(34)   Other: 3.5ms
[2022-09-05T03:09:46.479+0000][7][gc,heap     ] GC(34) Eden regions: 27->0(27)
[2022-09-05T03:09:46.479+0000][7][gc,heap     ] GC(34) Survivor regions: 2->2(4)
[2022-09-05T03:09:46.480+0000][7][gc,heap     ] GC(34) Old regions: 19->19
[2022-09-05T03:09:46.480+0000][7][gc,heap     ] GC(34) Archive regions: 2->2
[2022-09-05T03:09:46.480+0000][7][gc,heap     ] GC(34) Humongous regions: 2->2
[2022-09-05T03:09:46.480+0000][7][gc,metaspace] GC(34) Metaspace: 96117K(100772K)->96117K(100772K) NonClass: 83416K(86948K)->83416K(86948K) Class: 12700K(13824K)->12700K(13824K)
[2022-09-05T03:09:46.480+0000][7][gc          ] GC(34) Pause Young (Concurrent Start) (G1 Evacuation Pause) 198M->90M(256M) 126.335ms
[2022-09-05T03:09:46.480+0000][7][gc,cpu      ] GC(34) User=0.39s Sys=0.00s Real=0.12s
[2022-09-05T03:09:46.481+0000][7][gc          ] GC(35) Concurrent Cycle
[2022-09-05T03:09:46.481+0000][7][gc,marking  ] GC(35) Concurrent Clear Claimed Marks
[2022-09-05T03:09:46.481+0000][7][gc,marking  ] GC(35) Concurrent Clear Claimed Marks 0.273ms
[2022-09-05T03:09:46.481+0000][7][gc,marking  ] GC(35) Concurrent Scan Root Regions
[2022-09-05T03:09:46.481+0000][7][safepoint   ] Safepoint "G1CollectForAllocation", Time since last: 8948854237 ns, Reaching safepoint: 3885922 ns, At safepoint: 126944341 ns, Total: 130830263 ns
[2022-09-05T03:09:46.512+0000][7][gc,marking  ] GC(35) Concurrent Scan Root Regions 30.190ms
[2022-09-05T03:09:46.512+0000][7][gc,marking  ] GC(35) Concurrent Mark (1376.453s)
[2022-09-05T03:09:46.512+0000][7][gc,marking  ] GC(35) Concurrent Mark From Roots
[2022-09-05T03:09:46.513+0000][7][gc,task     ] GC(35) Using 2 workers of 2 for marking
[2022-09-05T03:09:49.075+0000][7][gc,marking  ] GC(35) Concurrent Mark From Roots 2562.663ms
[2022-09-05T03:09:49.076+0000][7][gc,marking  ] GC(35) Concurrent Preclean
[2022-09-05T03:09:49.076+0000][7][gc,marking  ] GC(35) Concurrent Preclean 0.396ms
[2022-09-05T03:09:49.076+0000][7][gc,marking  ] GC(35) Concurrent Mark (1376.453s, 1379.017s) 2563.992ms
[2022-09-05T03:09:49.077+0000][7][gc,start    ] GC(35) Pause Remark
[2022-09-05T03:09:49.117+0000][7][gc          ] GC(35) Pause Remark 94M->94M(256M) 40.037ms
[2022-09-05T03:09:49.117+0000][7][gc,cpu      ] GC(35) User=0.24s Sys=0.00s Real=0.04s
[2022-09-05T03:09:49.117+0000][7][safepoint   ] Safepoint "G1Concurrent", Time since last: 2595635229 ns, Reaching safepoint: 175179 ns, At safepoint: 40540542 ns, Total: 40715721 ns
[2022-09-05T03:09:49.118+0000][7][gc,marking  ] GC(35) Concurrent Rebuild Remembered Sets
[2022-09-05T03:09:49.148+0000][7][gc,marking  ] GC(35) Concurrent Rebuild Remembered Sets 30.944ms
[2022-09-05T03:09:49.149+0000][7][gc,start    ] GC(35) Pause Cleanup
[2022-09-05T03:09:49.149+0000][7][gc          ] GC(35) Pause Cleanup 94M->94M(256M) 0.349ms
[2022-09-05T03:09:49.150+0000][7][gc,cpu      ] GC(35) User=0.00s Sys=0.00s Real=0.00s
[2022-09-05T03:09:49.150+0000][7][safepoint   ] Safepoint "G1Concurrent", Time since last: 31852417 ns, Reaching safepoint: 201559 ns, At safepoint: 757792 ns, Total: 959351 ns
[2022-09-05T03:09:49.150+0000][7][gc,marking  ] GC(35) Concurrent Cleanup for Next Mark
[2022-09-05T03:09:49.151+0000][7][gc,marking  ] GC(35) Concurrent Cleanup for Next Mark 1.357ms
[2022-09-05T03:09:49.152+0000][7][gc          ] GC(35) Concurrent Cycle 2671.088ms
[2022-09-05T03:10:00.152+0000][7][safepoint   ] Safepoint "Cleanup", Time since last: 11001916980 ns, Reaching safepoint: 360406 ns, At safepoint: 48481 ns, Total: 408887 ns
[2022-09-05T03:10:07.141+0000][7][safepoint   ] Safepoint "Cleanup", Time since last: 7002651668 ns, Reaching safepoint: 216882 ns, At safepoint: 8907 ns, Total: 225789 ns
[2022-09-05T03:10:17.143+0000][7][safepoint   ] Safepoint "Cleanup", Time since last: 10001720904 ns, Reaching safepoint: 586310 ns, At safepoint: 12363 ns, Total: 598673 ns
[2022-09-05T03:10:27.146+0000][7][safepoint   ] Safepoint "Cleanup", Time since last: 10002171361 ns, Reaching safepoint: 323106 ns, At safepoint: 46407 ns, Total: 369513 ns
[2022-09-05T03:10:47.148+0000][7][safepoint   ] Safepoint "Cleanup", Time since last: 20003923611 ns, Reaching safepoint: 334228 ns, At safepoint: 20889 ns, Total: 355117 ns
[2022-09-05T03:11:00.079+0000][7][safepoint   ] Safepoint "Cleanup", Time since last: 12930574562 ns, Reaching safepoint: 202770 ns, At safepoint: 23735 ns, Total: 226505 ns
[2022-09-05T03:11:07.082+0000][7][safepoint   ] Safepoint "Cleanup", Time since last: 7003436787 ns, Reaching safepoint: 192321 ns, At safepoint: 50194 ns, Total: 242515 ns
[2022-09-05T03:11:17.611+0000][7][safepoint   ] Safepoint "Cleanup", Time since last: 10002526216 ns, Reaching safepoint: 526660179 ns, At safepoint: 129232 ns, Total: 526789411 ns
[2022-09-05T03:11:29.620+0000][7][safepoint   ] Safepoint "Cleanup", Time since last: 12008807298 ns, Reaching safepoint: 311756 ns, At safepoint: 56135 ns, Total: 367891 ns
[2022-09-05T03:11:36.899+0000][7][safepoint   ] Safepoint "Cleanup", Time since last: 7276515281 ns, Reaching safepoint: 253275 ns, At safepoint: 35286 ns, Total: 288561 ns
[2022-09-05T03:11:46.901+0000][7][safepoint   ] Safepoint "Cleanup", Time since last: 10001970452 ns, Reaching safepoint: 368362 ns, At safepoint: 13054 ns, Total: 381416 ns
[2022-09-05T03:12:06.905+0000][7][safepoint   ] Safepoint "Cleanup", Time since last: 20004355222 ns, Reaching safepoint: 399390 ns, At safepoint: 62197 ns, Total: 461587 ns
[2022-09-05T03:12:16.346+0000][7][safepoint   ] Safepoint "Cleanup", Time since last: 9440218126 ns, Reaching safepoint: 1328884 ns, At safepoint: 33403 ns, Total: 1362287 ns
[2022-09-05T03:12:30.350+0000][7][safepoint   ] Safepoint "Cleanup", Time since last: 14002981069 ns, Reaching safepoint: 248887 ns, At safepoint: 23694 ns, Total: 272581 ns
[2022-09-05T03:12:36.351+0000][7][safepoint   ] Safepoint "Cleanup", Time since last: 6001446178 ns, Reaching safepoint: 348013 ns, At safepoint: 48592 ns, Total: 396605 ns
[2022-09-05T03:12:46.489+0000][7][safepoint   ] Safepoint "Cleanup", Time since last: 10137788672 ns, Reaching safepoint: 160340 ns, At safepoint: 30919 ns, Total: 191259 ns
[2022-09-05T03:12:47.681+0000][7][safepoint   ] Safepoint "Cleanup", Time since last: 1191668845 ns, Reaching safepoint: 373772 ns, At safepoint: 7924 ns, Total: 381696 ns
[2022-09-05T03:13:00.684+0000][7][safepoint   ] Safepoint "Cleanup", Time since last: 13002485397 ns, Reaching safepoint: 212729 ns, At safepoint: 41939 ns, Total: 254668 ns
[2022-09-05T03:13:02.772+0000][7][safepoint   ] Safepoint "Cleanup", Time since last: 2219745971 ns, Reaching safepoint: 406783 ns, At safepoint: 118843 ns, Total: 525626 ns
[2022-09-05T03:13:06.835+0000][7][safepoint   ] Safepoint "Cleanup", Time since last: 4063064011 ns, Reaching safepoint: 407966 ns, At safepoint: 7925 ns, Total: 415891 ns
[2022-09-05T03:13:16.926+0000][7][safepoint   ] Safepoint "Cleanup", Time since last: 10090181408 ns, Reaching safepoint: 364965 ns, At safepoint: 28253 ns, Total: 393218 ns
[2022-09-05T03:13:29.930+0000][7][safepoint   ] Safepoint "Cleanup", Time since last: 13003425475 ns, Reaching safepoint: 310779 ns, At safepoint: 77976 ns, Total: 388755 ns
[2022-09-05T03:13:50.545+0000][7][safepoint   ] Safepoint "Cleanup", Time since last: 19676012143 ns, Reaching safepoint: 805965870 ns, At safepoint: 169188 ns, Total: 806135058 ns
[2022-09-05T03:13:51.556+0000][7][safepoint   ] Safepoint "Cleanup", Time since last: 1011367806 ns, Reaching safepoint: 357120 ns, At safepoint: 71565 ns, Total: 428685 ns
[2022-09-05T03:14:00.559+0000][7][safepoint   ] Safepoint "Cleanup", Time since last: 9002213205 ns, Reaching safepoint: 158768 ns, At safepoint: 24356 ns, Total: 183124 ns
[2022-09-05T03:14:19.098+0000][7][safepoint   ] Safepoint "Cleanup", Time since last: 17003484561 ns, Reaching safepoint: 1528855341 ns, At safepoint: 6354275 ns, Total: 1535209616 ns
[2022-09-05T03:14:19.148+0000][7][gc,start    ] GC(36) Pause Young (Normal) (G1 Evacuation Pause)
[2022-09-05T03:14:19.149+0000][7][gc,task     ] GC(36) Using 6 workers of 6 for evacuation
[2022-09-05T03:14:19.151+0000][7][gc,age      ] GC(36) Desired survivor size 8388608 bytes, new threshold 15 (max threshold 15)
[2022-09-05T03:14:19.168+0000][7][gc,age      ] GC(36) Age table with threshold 15 (max threshold 15)
[2022-09-05T03:14:19.168+0000][7][gc,age      ] GC(36) - age   1:     194264 bytes,     194264 total
[2022-09-05T03:14:19.169+0000][7][gc,age      ] GC(36) - age   2:     170312 bytes,     364576 total
[2022-09-05T03:14:19.169+0000][7][gc,age      ] GC(36) - age   3:     241560 bytes,     606136 total
[2022-09-05T03:14:19.169+0000][7][gc,age      ] GC(36) - age   4:      12816 bytes,     618952 total
[2022-09-05T03:14:19.169+0000][7][gc,age      ] GC(36) - age   5:      49984 bytes,     668936 total
[2022-09-05T03:14:19.169+0000][7][gc,age      ] GC(36) - age   6:     557072 bytes,    1226008 total
[2022-09-05T03:14:19.170+0000][7][gc,age      ] GC(36) - age   7:    2106480 bytes,    3332488 total
[2022-09-05T03:14:19.170+0000][7][gc,age      ] GC(36) - age   8:    2669312 bytes,    6001800 total
[2022-09-05T03:14:19.170+0000][7][gc,phases   ] GC(36)   Pre Evacuate Collection Set: 0.3ms
[2022-09-05T03:14:19.170+0000][7][gc,phases   ] GC(36)   Merge Heap Roots: 0.3ms
[2022-09-05T03:14:19.170+0000][7][gc,phases   ] GC(36)   Evacuate Collection Set: 14.2ms
[2022-09-05T03:14:19.170+0000][7][gc,phases   ] GC(36)   Post Evacuate Collection Set: 2.0ms
[2022-09-05T03:14:19.171+0000][7][gc,phases   ] GC(36)   Other: 5.3ms
[2022-09-05T03:14:19.171+0000][7][gc,heap     ] GC(36) Eden regions: 27->0(27)
[2022-09-05T03:14:19.171+0000][7][gc,heap     ] GC(36) Survivor regions: 2->2(4)
[2022-09-05T03:14:19.171+0000][7][gc,heap     ] GC(36) Old regions: 19->19
[2022-09-05T03:14:19.171+0000][7][gc,heap     ] GC(36) Archive regions: 2->2
[2022-09-05T03:14:19.171+0000][7][gc,heap     ] GC(36) Humongous regions: 2->2
[2022-09-05T03:14:19.172+0000][7][gc,metaspace] GC(36) Metaspace: 96196K(100772K)->96196K(100772K) NonClass: 83495K(86948K)->83495K(86948K) Class: 12700K(13824K)->12700K(13824K)
[2022-09-05T03:14:19.172+0000][7][gc          ] GC(36) Pause Young (Normal) (G1 Evacuation Pause) 198M->90M(256M) 23.380ms
[2022-09-05T03:14:19.172+0000][7][gc,cpu      ] GC(36) User=0.00s Sys=0.07s Real=0.02s
[2022-09-05T03:14:19.172+0000][7][safepoint   ] Safepoint "G1CollectForAllocation", Time since last: 46202348 ns, Reaching safepoint: 3514075 ns, At safepoint: 24277241 ns, Total: 27791316 ns
[2022-09-05T03:14:20.173+0000][7][safepoint   ] Safepoint "Cleanup", Time since last: 1000464484 ns, Reaching safepoint: 401804 ns, At safepoint: 24225 ns, Total: 426029 ns
[2022-09-05T03:14:37.176+0000][7][safepoint   ] Safepoint "Cleanup", Time since last: 17003022213 ns, Reaching safepoint: 223840 ns, At safepoint: 23595 ns, Total: 247435 ns
[2022-09-05T03:14:47.272+0000][7][safepoint   ] Safepoint "Cleanup", Time since last: 10095565130 ns, Reaching safepoint: 245191 ns, At safepoint: 47208 ns, Total: 292399 ns
[2022-09-05T03:14:51.274+0000][7][safepoint   ] Safepoint "Cleanup", Time since last: 4001123188 ns, Reaching safepoint: 369654 ns, At safepoint: 4348 ns, Total: 374002 ns
[2022-09-05T03:14:53.275+0000][7][safepoint   ] Safepoint "Cleanup", Time since last: 2000764379 ns, Reaching safepoint: 218661 ns, At safepoint: 9938 ns, Total: 228599 ns
[2022-09-05T03:14:56.276+0000][7][safepoint   ] Safepoint "Cleanup", Time since last: 3001078522 ns, Reaching safepoint: 318818 ns, At safepoint: 28955 ns, Total: 347773 ns
[2022-09-05T03:15:00.278+0000][7][safepoint   ] Safepoint "Cleanup", Time since last: 4001227964 ns, Reaching safepoint: 326643 ns, At safepoint: 56346 ns, Total: 382989 ns
[2022-09-05T03:15:01.278+0000][7][safepoint   ] Safepoint "Cleanup", Time since last: 1000688053 ns, Reaching safepoint: 367931 ns, At safepoint: 26159 ns, Total: 394090 ns
[2022-09-05T03:15:07.279+0000][7][safepoint   ] Safepoint "Cleanup", Time since last: 6001267884 ns, Reaching safepoint: 303018 ns, At safepoint: 63650 ns, Total: 366668 ns
[2022-09-05T03:15:16.948+0000][7][safepoint   ] Safepoint "Cleanup", Time since last: 9668529276 ns, Reaching safepoint: 275678 ns, At safepoint: 55664 ns, Total: 331342 ns
[2022-09-05T03:15:26.950+0000][7][safepoint   ] Safepoint "Cleanup", Time since last: 10001612341 ns, Reaching safepoint: 165881 ns, At safepoint: 47930 ns, Total: 213811 ns
[2022-09-05T03:15:36.952+0000][7][safepoint   ] Safepoint "Cleanup", Time since last: 10001630229 ns, Reaching safepoint: 189110 ns, At safepoint: 41338 ns, Total: 230448 ns
[2022-09-05T03:15:37.953+0000][7][safepoint   ] Safepoint "Cleanup", Time since last: 1000498568 ns, Reaching safepoint: 286177 ns, At safepoint: 49483 ns, Total: 335660 ns
[2022-09-05T03:15:46.955+0000][7][safepoint   ] Safepoint "Cleanup", Time since last: 9001647333 ns, Reaching safepoint: 185338 ns, At safepoint: 26560 ns, Total: 211898 ns
[2022-09-05T03:15:59.957+0000][7][safepoint   ] Safepoint "Cleanup", Time since last: 13002035572 ns, Reaching safepoint: 275958 ns, At safepoint: 50355 ns, Total: 326313 ns
[2022-09-05T03:16:01.957+0000][7][safepoint   ] Safepoint "Cleanup", Time since last: 2000812760 ns, Reaching safepoint: 187872 ns, At safepoint: 25157 ns, Total: 213029 ns
[2022-09-05T03:16:06.958+0000][7][safepoint   ] Safepoint "Cleanup", Time since last: 5001072476 ns, Reaching safepoint: 252383 ns, At safepoint: 53360 ns, Total: 305743 ns
[2022-09-05T03:16:10.959+0000][7][safepoint   ] Safepoint "Cleanup", Time since last: 4000988680 ns, Reaching safepoint: 472046 ns, At safepoint: 71124 ns, Total: 543170 ns
[2022-09-05T03:16:16.961+0000][7][safepoint   ] Safepoint "Cleanup", Time since last: 6001811644 ns, Reaching safepoint: 200336 ns, At safepoint: 4449 ns, Total: 204785 ns
[2022-09-05T03:16:19.962+0000][7][safepoint   ] Safepoint "Cleanup", Time since last: 3000708502 ns, Reaching safepoint: 232567 ns, At safepoint: 41668 ns, Total: 274235 ns
[2022-09-05T03:16:24.965+0000][7][safepoint   ] Safepoint "Cleanup", Time since last: 5001935224 ns, Reaching safepoint: 345298 ns, At safepoint: 69660 ns, Total: 414958 ns
[2022-09-05T03:16:28.966+0000][7][safepoint   ] Safepoint "Cleanup", Time since last: 4001239988 ns, Reaching safepoint: 314279 ns, At safepoint: 48962 ns, Total: 363241 ns
[2022-09-05T03:16:30.969+0000][7][safepoint   ] Safepoint "Cleanup", Time since last: 2000831014 ns, Reaching safepoint: 197050 ns, At safepoint: 27622 ns, Total: 224672 ns
[2022-09-05T03:17:16.774+0000][7][safepoint   ] Safepoint "Cleanup", Time since last: 45903305366 ns, Reaching safepoint: 435092 ns, At safepoint: 44834 ns, Total: 479926 ns
[2022-09-05T03:17:26.777+0000][7][safepoint   ] Safepoint "Cleanup", Time since last: 10002595120 ns, Reaching safepoint: 207550 ns, At safepoint: 77174 ns, Total: 284724 ns
[2022-09-05T03:17:41.879+0000][7][safepoint   ] Safepoint "Cleanup", Time since last: 15002483688 ns, Reaching safepoint: 384100 ns, At safepoint: 12143 ns, Total: 396243 ns
[2022-09-05T03:17:46.880+0000][7][safepoint   ] Safepoint "Cleanup", Time since last: 5001068588 ns, Reaching safepoint: 265348 ns, At safepoint: 7364 ns, Total: 272712 ns
[2022-09-05T03:18:17.132+0000][7][safepoint   ] Safepoint "Cleanup", Time since last: 30252927912 ns, Reaching safepoint: 163867 ns, At safepoint: 2846 ns, Total: 166713 ns
[2022-09-05T03:18:46.327+0000][7][gc,start    ] GC(37) Pause Young (Concurrent Start) (G1 Evacuation Pause)
[2022-09-05T03:18:46.330+0000][7][gc,task     ] GC(37) Using 6 workers of 6 for evacuation
[2022-09-05T03:18:46.330+0000][7][gc,age      ] GC(37) Desired survivor size 8388608 bytes, new threshold 15 (max threshold 15)
[2022-09-05T03:18:47.103+0000][7][gc,age      ] GC(37) Age table with threshold 15 (max threshold 15)
[2022-09-05T03:18:47.103+0000][7][gc,age      ] GC(37) - age   1:     193600 bytes,     193600 total
[2022-09-05T03:18:47.103+0000][7][gc,age      ] GC(37) - age   2:       8888 bytes,     202488 total
[2022-09-05T03:18:47.103+0000][7][gc,age      ] GC(37) - age   3:     136848 bytes,     339336 total
[2022-09-05T03:18:47.103+0000][7][gc,age      ] GC(37) - age   4:     209096 bytes,     548432 total
[2022-09-05T03:18:47.104+0000][7][gc,age      ] GC(37) - age   5:      12608 bytes,     561040 total
[2022-09-05T03:18:47.104+0000][7][gc,age      ] GC(37) - age   6:      49984 bytes,     611024 total
[2022-09-05T03:18:47.104+0000][7][gc,age      ] GC(37) - age   7:     540424 bytes,    1151448 total
[2022-09-05T03:18:47.104+0000][7][gc,age      ] GC(37) - age   8:    2057024 bytes,    3208472 total
[2022-09-05T03:18:47.104+0000][7][gc,age      ] GC(37) - age   9:    2669312 bytes,    5877784 total
[2022-09-05T03:18:47.105+0000][7][gc,mmu      ] GC(37) MMU target violated: 201.0ms (200.0ms/201.0ms)
[2022-09-05T03:18:47.105+0000][7][gc,phases   ] GC(37)   Pre Evacuate Collection Set: 2.3ms
[2022-09-05T03:18:47.106+0000][7][gc,phases   ] GC(37)   Merge Heap Roots: 0.1ms
[2022-09-05T03:18:47.107+0000][7][gc,phases   ] GC(37)   Evacuate Collection Set: 768.1ms
[2022-09-05T03:18:47.107+0000][7][gc,phases   ] GC(37)   Post Evacuate Collection Set: 1.6ms
[2022-09-05T03:18:47.107+0000][7][gc,phases   ] GC(37)   Other: 5.8ms
[2022-09-05T03:18:47.108+0000][7][gc,heap     ] GC(37) Eden regions: 27->0(27)
[2022-09-05T03:18:47.108+0000][7][gc,heap     ] GC(37) Survivor regions: 2->2(4)
[2022-09-05T03:18:47.108+0000][7][gc,heap     ] GC(37) Old regions: 19->19
[2022-09-05T03:18:47.108+0000][7][gc,heap     ] GC(37) Archive regions: 2->2
[2022-09-05T03:18:47.108+0000][7][gc,heap     ] GC(37) Humongous regions: 2->2
[2022-09-05T03:18:47.108+0000][7][gc,metaspace] GC(37) Metaspace: 96296K(101028K)->96296K(101028K) NonClass: 83595K(87204K)->83595K(87204K) Class: 12701K(13824K)->12701K(13824K)
[2022-09-05T03:18:47.109+0000][7][gc          ] GC(37) Pause Young (Concurrent Start) (G1 Evacuation Pause) 198M->90M(256M) 781.549ms
[2022-09-05T03:18:47.109+0000][7][gc,cpu      ] GC(37) User=1.48s Sys=0.13s Real=0.78s
[2022-09-05T03:18:47.109+0000][7][gc          ] GC(38) Concurrent Cycle
[2022-09-05T03:18:47.109+0000][7][safepoint   ] Safepoint "G1CollectForAllocation", Time since last: 29193534305 ns, Reaching safepoint: 333386 ns, At safepoint: 782082729 ns, Total: 782416115 ns
[2022-09-05T03:18:47.110+0000][7][gc,marking  ] GC(38) Concurrent Clear Claimed Marks
[2022-09-05T03:18:47.111+0000][7][gc,marking  ] GC(38) Concurrent Clear Claimed Marks 1.455ms
[2022-09-05T03:18:47.112+0000][7][gc,marking  ] GC(38) Concurrent Scan Root Regions
[2022-09-05T03:18:47.720+0000][7][gc,marking  ] GC(38) Concurrent Scan Root Regions 608.574ms
[2022-09-05T03:18:47.743+0000][7][gc,marking  ] GC(38) Concurrent Mark (1917.700s)
[2022-09-05T03:18:47.744+0000][7][gc,marking  ] GC(38) Concurrent Mark From Roots
[2022-09-05T03:18:47.745+0000][7][gc,task     ] GC(38) Using 2 workers of 2 for marking
[2022-09-05T03:18:48.252+0000][7][safepoint   ] Safepoint "Cleanup", Time since last: 1001343253 ns, Reaching safepoint: 141721247 ns, At safepoint: 61446 ns, Total: 141782693 ns
[2022-09-05T03:18:50.071+0000][7][gc,marking  ] GC(38) Concurrent Mark From Roots 2327.193ms
[2022-09-05T03:18:50.072+0000][7][gc,marking  ] GC(38) Concurrent Preclean
[2022-09-05T03:18:50.072+0000][7][gc,marking  ] GC(38) Concurrent Preclean 0.363ms
[2022-09-05T03:18:50.073+0000][7][gc,marking  ] GC(38) Concurrent Mark (1917.700s, 1920.030s) 2330.110ms
[2022-09-05T03:18:50.073+0000][7][gc,start    ] GC(38) Pause Remark
[2022-09-05T03:18:50.510+0000][7][gc,mmu      ] GC(38) MMU target violated: 201.0ms (200.0ms/201.0ms)
[2022-09-05T03:18:50.510+0000][7][gc          ] GC(38) Pause Remark 94M->94M(256M) 437.105ms
[2022-09-05T03:18:50.510+0000][7][gc,cpu      ] GC(38) User=1.82s Sys=0.25s Real=0.44s
[2022-09-05T03:18:50.511+0000][7][safepoint   ] Safepoint "G1Concurrent", Time since last: 1820542763 ns, Reaching safepoint: 165706 ns, At safepoint: 437566278 ns, Total: 437731984 ns
[2022-09-05T03:18:50.511+0000][7][gc,marking  ] GC(38) Concurrent Rebuild Remembered Sets
[2022-09-05T03:18:50.544+0000][7][gc,marking  ] GC(38) Concurrent Rebuild Remembered Sets 33.244ms
[2022-09-05T03:18:50.545+0000][7][gc,start    ] GC(38) Pause Cleanup
[2022-09-05T03:18:50.545+0000][7][gc          ] GC(38) Pause Cleanup 94M->94M(256M) 0.378ms
[2022-09-05T03:18:50.545+0000][7][gc,cpu      ] GC(38) User=0.00s Sys=0.00s Real=0.00s
[2022-09-05T03:18:50.546+0000][7][safepoint   ] Safepoint "G1Concurrent", Time since last: 33969590 ns, Reaching safepoint: 202691 ns, At safepoint: 803117 ns, Total: 1005808 ns
[2022-09-05T03:18:50.546+0000][7][gc,marking  ] GC(38) Concurrent Cleanup for Next Mark
[2022-09-05T03:18:51.016+0000][7][gc,marking  ] GC(38) Concurrent Cleanup for Next Mark 470.488ms
[2022-09-05T03:18:51.017+0000][7][gc          ] GC(38) Concurrent Cycle 3907.607ms
[2022-09-05T03:19:01.589+0000][7][safepoint   ] Safepoint "Cleanup", Time since last: 11043053635 ns, Reaching safepoint: 192311 ns, At safepoint: 8717 ns, Total: 201028 ns
[2022-09-05T03:19:16.389+0000][7][safepoint   ] Safepoint "Cleanup", Time since last: 15003319616 ns, Reaching safepoint: 269966 ns, At safepoint: 2185 ns, Total: 272151 ns
[2022-09-05T03:20:01.355+0000][7][safepoint   ] Safepoint "Cleanup", Time since last: 44760961639 ns, Reaching safepoint: 238112 ns, At safepoint: 26599 ns, Total: 264711 ns
[2022-09-05T03:20:30.497+0000][7][safepoint   ] Safepoint "Cleanup", Time since last: 29142339173 ns, Reaching safepoint: 144231 ns, At safepoint: 3607 ns, Total: 147838 ns
[2022-09-05T03:20:57.510+0000][7][safepoint   ] Safepoint "Cleanup", Time since last: 27006207746 ns, Reaching safepoint: 279545 ns, At safepoint: 49022 ns, Total: 328567 ns
[2022-09-05T03:21:02.504+0000][7][safepoint   ] Safepoint "Cleanup", Time since last: 5002534979 ns, Reaching safepoint: 353854 ns, At safepoint: 23123 ns, Total: 376977 ns
[2022-09-05T03:21:06.504+0000][7][safepoint   ] Safepoint "Cleanup", Time since last: 4000806824 ns, Reaching safepoint: 144040 ns, At safepoint: 2946 ns, Total: 146986 ns
[2022-09-05T03:21:33.958+0000][7][safepoint   ] Safepoint "Cleanup", Time since last: 27453799559 ns, Reaching safepoint: 177122 ns, At safepoint: 4038 ns, Total: 181160 ns
[2022-09-05T03:21:47.810+0000][7][safepoint   ] Safepoint "Cleanup", Time since last: 13840309835 ns, Reaching safepoint: 180168 ns, At safepoint: 42299 ns, Total: 222467 ns
[2022-09-05T03:22:07.818+0000][7][safepoint   ] Safepoint "Cleanup", Time since last: 20007757779 ns, Reaching safepoint: 475943 ns, At safepoint: 72967 ns, Total: 548910 ns
[2022-09-05T03:22:12.328+0000][7][safepoint   ] Safepoint "Cleanup", Time since last: 4519828698 ns, Reaching safepoint: 300504 ns, At safepoint: 38793 ns, Total: 339297 ns
[2022-09-05T03:22:16.330+0000][7][safepoint   ] Safepoint "Cleanup", Time since last: 4000807946 ns, Reaching safepoint: 928402 ns, At safepoint: 24897 ns, Total: 953299 ns
[2022-09-05T03:22:17.331+0000][7][safepoint   ] Safepoint "Cleanup", Time since last: 1000439057 ns, Reaching safepoint: 435747 ns, At safepoint: 10440 ns, Total: 446187 ns
[2022-09-05T03:22:27.011+0000][7][safepoint   ] Safepoint "Cleanup", Time since last: 9680143843 ns, Reaching safepoint: 163196 ns, At safepoint: 4178 ns, Total: 167374 ns
[2022-09-05T03:22:32.013+0000][7][safepoint   ] Safepoint "Cleanup", Time since last: 5001616716 ns, Reaching safepoint: 197782 ns, At safepoint: 8235 ns, Total: 206017 ns
[2022-09-05T03:22:47.017+0000][7][safepoint   ] Safepoint "Cleanup", Time since last: 15002817514 ns, Reaching safepoint: 446648 ns, At safepoint: 72036 ns, Total: 518684 ns
[2022-09-05T03:22:57.021+0000][7][safepoint   ] Safepoint "Cleanup", Time since last: 10003225187 ns, Reaching safepoint: 372559 ns, At safepoint: 7875 ns, Total: 380434 ns
[2022-09-05T03:23:07.178+0000][7][safepoint   ] Safepoint "Cleanup", Time since last: 10157151249 ns, Reaching safepoint: 204224 ns, At safepoint: 20829 ns, Total: 225053 ns
[2022-09-05T03:23:24.467+0000][7][gc,start    ] GC(39) Pause Young (Normal) (G1 Evacuation Pause)
[2022-09-05T03:23:24.469+0000][7][gc,task     ] GC(39) Using 6 workers of 6 for evacuation
[2022-09-05T03:23:24.470+0000][7][gc,age      ] GC(39) Desired survivor size 8388608 bytes, new threshold 15 (max threshold 15)
[2022-09-05T03:23:24.483+0000][7][gc,age      ] GC(39) Age table with threshold 15 (max threshold 15)
[2022-09-05T03:23:24.483+0000][7][gc,age      ] GC(39) - age   1:     263992 bytes,     263992 total
[2022-09-05T03:23:24.483+0000][7][gc,age      ] GC(39) - age   2:      27200 bytes,     291192 total
[2022-09-05T03:23:24.484+0000][7][gc,age      ] GC(39) - age   3:       8592 bytes,     299784 total
[2022-09-05T03:23:24.484+0000][7][gc,age      ] GC(39) - age   4:     136608 bytes,     436392 total
[2022-09-05T03:23:24.484+0000][7][gc,age      ] GC(39) - age   5:     176728 bytes,     613120 total
[2022-09-05T03:23:24.484+0000][7][gc,age      ] GC(39) - age   6:      12408 bytes,     625528 total
[2022-09-05T03:23:24.484+0000][7][gc,age      ] GC(39) - age   7:      49984 bytes,     675512 total
[2022-09-05T03:23:24.484+0000][7][gc,age      ] GC(39) - age   8:     540424 bytes,    1215936 total
[2022-09-05T03:23:24.485+0000][7][gc,age      ] GC(39) - age   9:    2056944 bytes,    3272880 total
[2022-09-05T03:23:24.485+0000][7][gc,age      ] GC(39) - age  10:    2669184 bytes,    5942064 total
[2022-09-05T03:23:24.485+0000][7][gc,phases   ] GC(39)   Pre Evacuate Collection Set: 0.3ms
[2022-09-05T03:23:24.485+0000][7][gc,phases   ] GC(39)   Merge Heap Roots: 0.1ms
[2022-09-05T03:23:24.485+0000][7][gc,phases   ] GC(39)   Evacuate Collection Set: 10.5ms
[2022-09-05T03:23:24.485+0000][7][gc,phases   ] GC(39)   Post Evacuate Collection Set: 2.1ms
[2022-09-05T03:23:24.486+0000][7][gc,phases   ] GC(39)   Other: 5.0ms
[2022-09-05T03:23:24.486+0000][7][gc,heap     ] GC(39) Eden regions: 27->0(27)
[2022-09-05T03:23:24.486+0000][7][gc,heap     ] GC(39) Survivor regions: 2->2(4)
[2022-09-05T03:23:24.486+0000][7][gc,heap     ] GC(39) Old regions: 19->19
[2022-09-05T03:23:24.486+0000][7][gc,heap     ] GC(39) Archive regions: 2->2
[2022-09-05T03:23:24.486+0000][7][gc,heap     ] GC(39) Humongous regions: 2->2
[2022-09-05T03:23:24.487+0000][7][gc,metaspace] GC(39) Metaspace: 96347K(101028K)->96347K(101028K) NonClass: 83645K(87204K)->83645K(87204K) Class: 12702K(13824K)->12702K(13824K)
[2022-09-05T03:23:24.487+0000][7][gc          ] GC(39) Pause Young (Normal) (G1 Evacuation Pause) 198M->90M(256M) 19.858ms
[2022-09-05T03:23:24.487+0000][7][gc,cpu      ] GC(39) User=0.03s Sys=0.01s Real=0.02s
[2022-09-05T03:23:24.487+0000][7][safepoint   ] Safepoint "G1CollectForAllocation", Time since last: 17272788400 ns, Reaching safepoint: 847691 ns, At safepoint: 20391029 ns, Total: 21238720 ns
[2022-09-05T03:23:26.489+0000][7][safepoint   ] Safepoint "Cleanup", Time since last: 2001057328 ns, Reaching safepoint: 562777 ns, At safepoint: 49472 ns, Total: 612249 ns
[2022-09-05T03:23:47.561+0000][7][safepoint   ] Safepoint "Cleanup", Time since last: 21085874893 ns, Reaching safepoint: 147627 ns, At safepoint: 2966 ns, Total: 150593 ns
[2022-09-05T03:24:18.094+0000][7][safepoint   ] Safepoint "Cleanup", Time since last: 30532246847 ns, Reaching safepoint: 485662 ns, At safepoint: 49142 ns, Total: 534804 ns
[2022-09-05T03:24:37.099+0000][7][safepoint   ] Safepoint "Cleanup", Time since last: 19004608195 ns, Reaching safepoint: 189906 ns, At safepoint: 21210 ns, Total: 211116 ns
[2022-09-05T03:25:07.373+0000][7][safepoint   ] Safepoint "Cleanup", Time since last: 30276367651 ns, Reaching safepoint: 223339 ns, At safepoint: 32752 ns, Total: 256091 ns
[2022-09-05T03:25:16.993+0000][7][safepoint   ] Safepoint "Cleanup", Time since last: 9654010769 ns, Reaching safepoint: 330530 ns, At safepoint: 48191 ns, Total: 378721 ns
[2022-09-05T03:25:40.998+0000][7][safepoint   ] Safepoint "Cleanup", Time since last: 24005555695 ns, Reaching safepoint: 266460 ns, At safepoint: 47470 ns, Total: 313930 ns
[2022-09-05T03:25:47.038+0000][7][safepoint   ] Safepoint "Cleanup", Time since last: 6002440499 ns, Reaching safepoint: 196479 ns, At safepoint: 32090 ns, Total: 228569 ns
[2022-09-05T03:26:03.041+0000][7][safepoint   ] Safepoint "Cleanup", Time since last: 16002936996 ns, Reaching safepoint: 393048 ns, At safepoint: 17283 ns, Total: 410331 ns
[2022-09-05T03:26:17.045+0000][7][safepoint   ] Safepoint "Cleanup", Time since last: 14003943835 ns, Reaching safepoint: 395793 ns, At safepoint: 57778 ns, Total: 453571 ns
[2022-09-05T03:26:32.049+0000][7][safepoint   ] Safepoint "Cleanup", Time since last: 15003311532 ns, Reaching safepoint: 290736 ns, At safepoint: 48451 ns, Total: 339187 ns
[2022-09-05T03:26:37.051+0000][7][safepoint   ] Safepoint "Cleanup", Time since last: 5001639298 ns, Reaching safepoint: 295094 ns, At safepoint: 25979 ns, Total: 321073 ns
[2022-09-05T03:26:47.138+0000][7][safepoint   ] Safepoint "Cleanup", Time since last: 10088166215 ns, Reaching safepoint: 304642 ns, At safepoint: 46036 ns, Total: 350678 ns
[2022-09-05T03:27:07.026+0000][7][safepoint   ] Safepoint "Cleanup", Time since last: 19887718331 ns, Reaching safepoint: 169920 ns, At safepoint: 28152 ns, Total: 198072 ns
[2022-09-05T03:27:17.154+0000][7][safepoint   ] Safepoint "Cleanup", Time since last: 10125811354 ns, Reaching safepoint: 197736 ns, At safepoint: 61395 ns, Total: 259131 ns
[2022-09-05T03:27:36.977+0000][7][safepoint   ] Safepoint "Cleanup", Time since last: 19822905273 ns, Reaching safepoint: 163787 ns, At safepoint: 22803 ns, Total: 186590 ns
[2022-09-05T03:27:46.982+0000][7][safepoint   ] Safepoint "Cleanup", Time since last: 10004441233 ns, Reaching safepoint: 245476 ns, At safepoint: 25638 ns, Total: 271114 ns
[2022-09-05T03:28:02.985+0000][7][safepoint   ] Safepoint "Cleanup", Time since last: 16002741836 ns, Reaching safepoint: 264175 ns, At safepoint: 62849 ns, Total: 327024 ns
[2022-09-05T03:28:06.947+0000][7][gc,start    ] GC(40) Pause Young (Concurrent Start) (G1 Evacuation Pause)
[2022-09-05T03:28:06.948+0000][7][gc,task     ] GC(40) Using 6 workers of 6 for evacuation
[2022-09-05T03:28:06.948+0000][7][gc,age      ] GC(40) Desired survivor size 8388608 bytes, new threshold 15 (max threshold 15)
[2022-09-05T03:28:07.423+0000][7][gc,age      ] GC(40) Age table with threshold 15 (max threshold 15)
[2022-09-05T03:28:07.424+0000][7][gc,age      ] GC(40) - age   1:      13440 bytes,      13440 total
[2022-09-05T03:28:07.424+0000][7][gc,age      ] GC(40) - age   2:      42448 bytes,      55888 total
[2022-09-05T03:28:07.424+0000][7][gc,age      ] GC(40) - age   3:      25688 bytes,      81576 total
[2022-09-05T03:28:07.424+0000][7][gc,age      ] GC(40) - age   4:       8592 bytes,      90168 total
[2022-09-05T03:28:07.424+0000][7][gc,age      ] GC(40) - age   5:     136608 bytes,     226776 total
[2022-09-05T03:28:07.424+0000][7][gc,age      ] GC(40) - age   6:     176728 bytes,     403504 total
[2022-09-05T03:28:07.425+0000][7][gc,age      ] GC(40) - age   7:      12408 bytes,     415912 total
[2022-09-05T03:28:07.425+0000][7][gc,age      ] GC(40) - age   8:      49984 bytes,     465896 total
[2022-09-05T03:28:07.425+0000][7][gc,age      ] GC(40) - age   9:     540424 bytes,    1006320 total
[2022-09-05T03:28:07.425+0000][7][gc,age      ] GC(40) - age  10:    2056944 bytes,    3063264 total
[2022-09-05T03:28:07.425+0000][7][gc,age      ] GC(40) - age  11:    2669184 bytes,    5732448 total
[2022-09-05T03:28:07.425+0000][7][gc,mmu      ] GC(40) MMU target violated: 201.0ms (200.0ms/201.0ms)
[2022-09-05T03:28:07.425+0000][7][gc,phases   ] GC(40)   Pre Evacuate Collection Set: 0.3ms
[2022-09-05T03:28:07.426+0000][7][gc,phases   ] GC(40)   Merge Heap Roots: 0.2ms
[2022-09-05T03:28:07.426+0000][7][gc,phases   ] GC(40)   Evacuate Collection Set: 473.1ms
[2022-09-05T03:28:07.426+0000][7][gc,phases   ] GC(40)   Post Evacuate Collection Set: 1.4ms
[2022-09-05T03:28:07.426+0000][7][gc,phases   ] GC(40)   Other: 3.6ms
[2022-09-05T03:28:07.426+0000][7][gc,heap     ] GC(40) Eden regions: 27->0(27)
[2022-09-05T03:28:07.426+0000][7][gc,heap     ] GC(40) Survivor regions: 2->2(4)
[2022-09-05T03:28:07.426+0000][7][gc,heap     ] GC(40) Old regions: 19->19
[2022-09-05T03:28:07.426+0000][7][gc,heap     ] GC(40) Archive regions: 2->2
[2022-09-05T03:28:07.427+0000][7][gc,heap     ] GC(40) Humongous regions: 2->2
[2022-09-05T03:28:07.427+0000][7][gc,metaspace] GC(40) Metaspace: 96428K(101028K)->96428K(101028K) NonClass: 83725K(87204K)->83725K(87204K) Class: 12702K(13824K)->12702K(13824K)
[2022-09-05T03:28:07.427+0000][7][gc          ] GC(40) Pause Young (Concurrent Start) (G1 Evacuation Pause) 198M->90M(256M) 480.149ms
[2022-09-05T03:28:07.427+0000][7][gc,cpu      ] GC(40) User=1.28s Sys=0.10s Real=0.48s
[2022-09-05T03:28:07.428+0000][7][gc          ] GC(41) Concurrent Cycle
[2022-09-05T03:28:07.428+0000][7][safepoint   ] Safepoint "G1CollectForAllocation", Time since last: 3961237233 ns, Reaching safepoint: 335610 ns, At safepoint: 480801196 ns, Total: 481136806 ns
[2022-09-05T03:28:07.428+0000][7][gc,marking  ] GC(41) Concurrent Clear Claimed Marks
[2022-09-05T03:28:07.430+0000][7][gc,marking  ] GC(41) Concurrent Clear Claimed Marks 1.803ms
[2022-09-05T03:28:07.430+0000][7][gc,marking  ] GC(41) Concurrent Scan Root Regions
[2022-09-05T03:28:09.437+0000][7][gc,marking  ] GC(41) Concurrent Scan Root Regions 2006.429ms
[2022-09-05T03:28:09.437+0000][7][gc,marking  ] GC(41) Concurrent Mark (2479.393s)
[2022-09-05T03:28:09.437+0000][7][gc,marking  ] GC(41) Concurrent Mark From Roots
[2022-09-05T03:28:09.437+0000][7][gc,task     ] GC(41) Using 2 workers of 2 for marking
[2022-09-05T03:28:11.390+0000][7][gc,marking  ] GC(41) Concurrent Mark From Roots 1952.415ms
[2022-09-05T03:28:11.390+0000][7][gc,marking  ] GC(41) Concurrent Preclean
[2022-09-05T03:28:11.390+0000][7][gc,marking  ] GC(41) Concurrent Preclean 0.359ms
[2022-09-05T03:28:11.391+0000][7][gc,marking  ] GC(41) Concurrent Mark (2479.393s, 2481.346s) 1953.535ms
[2022-09-05T03:28:11.391+0000][7][gc,start    ] GC(41) Pause Remark
[2022-09-05T03:28:11.913+0000][7][gc,mmu      ] GC(41) MMU target violated: 201.0ms (200.0ms/201.0ms)
[2022-09-05T03:28:11.914+0000][7][gc          ] GC(41) Pause Remark 91M->91M(256M) 522.608ms
[2022-09-05T03:28:11.914+0000][7][gc,cpu      ] GC(41) User=1.66s Sys=0.26s Real=0.52s
[2022-09-05T03:28:11.914+0000][7][safepoint   ] Safepoint "G1Concurrent", Time since last: 3963058562 ns, Reaching safepoint: 237416 ns, At safepoint: 523330320 ns, Total: 523567736 ns
[2022-09-05T03:28:11.915+0000][7][gc,marking  ] GC(41) Concurrent Rebuild Remembered Sets
[2022-09-05T03:28:11.947+0000][7][gc,marking  ] GC(41) Concurrent Rebuild Remembered Sets 32.600ms
[2022-09-05T03:28:11.948+0000][7][gc,start    ] GC(41) Pause Cleanup
[2022-09-05T03:28:11.948+0000][7][gc          ] GC(41) Pause Cleanup 91M->91M(256M) 0.384ms
[2022-09-05T03:28:11.948+0000][7][gc,cpu      ] GC(41) User=0.00s Sys=0.00s Real=0.00s
[2022-09-05T03:28:11.949+0000][7][safepoint   ] Safepoint "G1Concurrent", Time since last: 33255390 ns, Reaching safepoint: 343464 ns, At safepoint: 780004 ns, Total: 1123468 ns
[2022-09-05T03:28:11.949+0000][7][gc,marking  ] GC(41) Concurrent Cleanup for Next Mark
[2022-09-05T03:28:11.950+0000][7][gc,marking  ] GC(41) Concurrent Cleanup for Next Mark 0.685ms
[2022-09-05T03:28:11.950+0000][7][gc          ] GC(41) Concurrent Cycle 4522.269ms
[2022-09-05T03:28:16.950+0000][7][safepoint   ] Safepoint "Cleanup", Time since last: 5001528912 ns, Reaching safepoint: 238658 ns, At safepoint: 49162 ns, Total: 287820 ns
[2022-09-05T03:28:36.953+0000][7][safepoint   ] Safepoint "Cleanup", Time since last: 20003275046 ns, Reaching safepoint: 188103 ns, At safepoint: 21811 ns, Total: 209914 ns
[2022-09-05T03:28:46.956+0000][7][safepoint   ] Safepoint "Cleanup", Time since last: 10002871939 ns, Reaching safepoint: 216105 ns, At safepoint: 24637 ns, Total: 240742 ns
[2022-09-05T03:28:56.959+0000][7][safepoint   ] Safepoint "Cleanup", Time since last: 10001891910 ns, Reaching safepoint: 180864 ns, At safepoint: 28363 ns, Total: 209227 ns
[2022-09-05T03:29:02.960+0000][7][safepoint   ] Safepoint "Cleanup", Time since last: 6001074767 ns, Reaching safepoint: 250560 ns, At safepoint: 47920 ns, Total: 298480 ns
[2022-09-05T03:29:10.962+0000][7][safepoint   ] Safepoint "Cleanup", Time since last: 8001705241 ns, Reaching safepoint: 277841 ns, At safepoint: 8817 ns, Total: 286658 ns
[2022-09-05T03:29:15.914+0000][7][gc,heap,exit] Heap
[2022-09-05T03:29:15.914+0000][7][gc,heap,exit]  garbage-first heap   total 262144K, used 121055K [0x00000000f0000000, 0x0000000100000000)
[2022-09-05T03:29:15.914+0000][7][gc,heap,exit]   region size 4096K, 11 young (45056K), 2 survivors (8192K)
[2022-09-05T03:29:15.914+0000][7][gc,heap,exit]  Metaspace       used 96619K, capacity 100042K, committed 101412K, reserved 1136640K
[2022-09-05T03:29:15.914+0000][7][gc,heap,exit]   class space    used 12739K, capacity 13803K, committed 13952K, reserved 1048576K
