[2022-08-30T13:34:20.175+0000][7][gc] Using G1
[2022-08-30T13:34:20.294+0000][7][gc,init] Version: 15.0.1+9 (release)
[2022-08-30T13:34:20.294+0000][7][gc,init] CPUs: 6 total, 6 available
[2022-08-30T13:34:20.295+0000][7][gc,init] Memory: 5874M
[2022-08-30T13:34:20.295+0000][7][gc,init] Large Page Support: Disabled
[2022-08-30T13:34:20.296+0000][7][gc,init] NUMA Support: Disabled
[2022-08-30T13:34:20.296+0000][7][gc,init] Compressed Oops: Enabled (32-bit)
[2022-08-30T13:34:20.296+0000][7][gc,init] Heap Region Size: 4M
[2022-08-30T13:34:20.296+0000][7][gc,init] Heap Min Capacity: 256M
[2022-08-30T13:34:20.297+0000][7][gc,init] Heap Initial Capacity: 256M
[2022-08-30T13:34:20.297+0000][7][gc,init] Heap Max Capacity: 256M
[2022-08-30T13:34:20.297+0000][7][gc,init] Pre-touch: Enabled
[2022-08-30T13:34:20.297+0000][7][gc,init] Parallel Workers: 6
[2022-08-30T13:34:20.298+0000][7][gc,init] Concurrent Workers: 2
[2022-08-30T13:34:20.298+0000][7][gc,init] Concurrent Refinement Workers: 6
[2022-08-30T13:34:20.298+0000][7][gc,init] Periodic GC: Disabled
[2022-08-30T13:34:20.299+0000][7][gc,cds ] Mark closed archive regions in map: [0x00000000ffc00000, 0x00000000ffc7bff8]
[2022-08-30T13:34:20.299+0000][7][gc,cds ] Mark open archive regions in map: [0x00000000ffb00000, 0x00000000ffb51ff8]
[2022-08-30T13:34:20.299+0000][7][gc,metaspace] CDS archive(s) mapped at: [0x0000000800000000-0x0000000800b2a000-0x0000000800b2a000), size 11706368, SharedBaseAddress: 0x0000000800000000, ArchiveRelocationMode: 0.
[2022-08-30T13:34:20.300+0000][7][gc,metaspace] Compressed class space mapped at: 0x0000000800b2c000-0x0000000840b2c000, size: 1073741824
[2022-08-30T13:34:20.300+0000][7][gc,metaspace] Narrow klass base: 0x0000000800000000, Narrow klass shift: 3, Narrow klass range: 0x100000000
[2022-08-30T13:34:21.215+0000][7][gc,start    ] GC(0) Pause Young (Normal) (G1 Evacuation Pause)
[2022-08-30T13:34:21.216+0000][7][gc,task     ] GC(0) Using 6 workers of 6 for evacuation
[2022-08-30T13:34:21.217+0000][7][gc,age      ] GC(0) Desired survivor size 2097152 bytes, new threshold 15 (max threshold 15)
[2022-08-30T13:34:21.221+0000][7][gc,age      ] GC(0) Age table with threshold 15 (max threshold 15)
[2022-08-30T13:34:21.222+0000][7][gc,age      ] GC(0) - age   1:    3366992 bytes,    3366992 total
[2022-08-30T13:34:21.222+0000][7][gc,phases   ] GC(0)   Pre Evacuate Collection Set: 0.1ms
[2022-08-30T13:34:21.222+0000][7][gc,phases   ] GC(0)   Merge Heap Roots: 0.0ms
[2022-08-30T13:34:21.223+0000][7][gc,phases   ] GC(0)   Evacuate Collection Set: 3.4ms
[2022-08-30T13:34:21.223+0000][7][gc,phases   ] GC(0)   Post Evacuate Collection Set: 0.8ms
[2022-08-30T13:34:21.223+0000][7][gc,phases   ] GC(0)   Other: 2.8ms
[2022-08-30T13:34:21.223+0000][7][gc,heap     ] GC(0) Eden regions: 4->0(4)
[2022-08-30T13:34:21.223+0000][7][gc,heap     ] GC(0) Survivor regions: 0->1(1)
[2022-08-30T13:34:21.224+0000][7][gc,heap     ] GC(0) Old regions: 0->0
[2022-08-30T13:34:21.224+0000][7][gc,heap     ] GC(0) Archive regions: 2->2
[2022-08-30T13:34:21.224+0000][7][gc,heap     ] GC(0) Humongous regions: 0->0
[2022-08-30T13:34:21.224+0000][7][gc,metaspace] GC(0) Metaspace: 5139K(7680K)->5139K(7680K) NonClass: 4617K(6912K)->4617K(6912K) Class: 522K(768K)->522K(768K)
[2022-08-30T13:34:21.224+0000][7][gc          ] GC(0) Pause Young (Normal) (G1 Evacuation Pause) 19M->7M(256M) 9.404ms
[2022-08-30T13:34:21.225+0000][7][gc,cpu      ] GC(0) User=0.00s Sys=0.01s Real=0.01s
[2022-08-30T13:34:21.225+0000][7][safepoint   ] Safepoint "G1CollectForAllocation", Time since last: 907628361 ns, Reaching safepoint: 367760 ns, At safepoint: 9963450 ns, Total: 10331210 ns
[2022-08-30T13:34:22.161+0000][7][gc,start    ] GC(1) Pause Young (Normal) (G1 Evacuation Pause)
[2022-08-30T13:34:22.162+0000][7][gc,task     ] GC(1) Using 6 workers of 6 for evacuation
[2022-08-30T13:34:22.164+0000][7][gc,age      ] GC(1) Desired survivor size 2097152 bytes, new threshold 1 (max threshold 15)
[2022-08-30T13:34:22.170+0000][7][gc,age      ] GC(1) Age table with threshold 1 (max threshold 15)
[2022-08-30T13:34:22.171+0000][7][gc,age      ] GC(1) - age   1:    1298192 bytes,    1298192 total
[2022-08-30T13:34:22.171+0000][7][gc,phases   ] GC(1)   Pre Evacuate Collection Set: 0.2ms
[2022-08-30T13:34:22.171+0000][7][gc,phases   ] GC(1)   Merge Heap Roots: 0.1ms
[2022-08-30T13:34:22.171+0000][7][gc,phases   ] GC(1)   Evacuate Collection Set: 3.6ms
[2022-08-30T13:34:22.172+0000][7][gc,phases   ] GC(1)   Post Evacuate Collection Set: 0.6ms
[2022-08-30T13:34:22.172+0000][7][gc,phases   ] GC(1)   Other: 5.1ms
[2022-08-30T13:34:22.172+0000][7][gc,heap     ] GC(1) Eden regions: 4->0(10)
[2022-08-30T13:34:22.172+0000][7][gc,heap     ] GC(1) Survivor regions: 1->1(1)
[2022-08-30T13:34:22.173+0000][7][gc,heap     ] GC(1) Old regions: 0->1
[2022-08-30T13:34:22.173+0000][7][gc,heap     ] GC(1) Archive regions: 2->2
[2022-08-30T13:34:22.173+0000][7][gc,heap     ] GC(1) Humongous regions: 0->0
[2022-08-30T13:34:22.173+0000][7][gc,metaspace] GC(1) Metaspace: 9916K(10496K)->9916K(10496K) NonClass: 8746K(9216K)->8746K(9216K) Class: 1169K(1280K)->1169K(1280K)
[2022-08-30T13:34:22.174+0000][7][gc          ] GC(1) Pause Young (Normal) (G1 Evacuation Pause) 23M->8M(256M) 12.227ms
[2022-08-30T13:34:22.174+0000][7][gc,cpu      ] GC(1) User=0.01s Sys=0.00s Real=0.01s
[2022-08-30T13:34:22.174+0000][7][safepoint   ] Safepoint "G1CollectForAllocation", Time since last: 936175020 ns, Reaching safepoint: 179968 ns, At safepoint: 13058335 ns, Total: 13238303 ns
[2022-08-30T13:34:23.118+0000][7][safepoint   ] Safepoint "ICBufferFull", Time since last: 942993641 ns, Reaching safepoint: 278753 ns, At safepoint: 39645 ns, Total: 318398 ns
[2022-08-30T13:34:23.459+0000][7][gc,start    ] GC(2) Pause Young (Normal) (G1 Evacuation Pause)
[2022-08-30T13:34:23.460+0000][7][gc,task     ] GC(2) Using 6 workers of 6 for evacuation
[2022-08-30T13:34:23.460+0000][7][gc,age      ] GC(2) Desired survivor size 4194304 bytes, new threshold 15 (max threshold 15)
[2022-08-30T13:34:23.472+0000][7][gc,age      ] GC(2) Age table with threshold 15 (max threshold 15)
[2022-08-30T13:34:23.474+0000][7][gc,age      ] GC(2) - age   1:    2466472 bytes,    2466472 total
[2022-08-30T13:34:23.475+0000][7][gc,age      ] GC(2) - age   2:    1249560 bytes,    3716032 total
[2022-08-30T13:34:23.475+0000][7][gc,phases   ] GC(2)   Pre Evacuate Collection Set: 0.6ms
[2022-08-30T13:34:23.476+0000][7][gc,phases   ] GC(2)   Merge Heap Roots: 0.1ms
[2022-08-30T13:34:23.476+0000][7][gc,phases   ] GC(2)   Evacuate Collection Set: 7.1ms
[2022-08-30T13:34:23.477+0000][7][gc,phases   ] GC(2)   Post Evacuate Collection Set: 3.9ms
[2022-08-30T13:34:23.477+0000][7][gc,phases   ] GC(2)   Other: 4.2ms
[2022-08-30T13:34:23.477+0000][7][gc,heap     ] GC(2) Eden regions: 10->0(34)
[2022-08-30T13:34:23.478+0000][7][gc,heap     ] GC(2) Survivor regions: 1->1(2)
[2022-08-30T13:34:23.478+0000][7][gc,heap     ] GC(2) Old regions: 1->1
[2022-08-30T13:34:23.478+0000][7][gc,heap     ] GC(2) Archive regions: 2->2
[2022-08-30T13:34:23.478+0000][7][gc,heap     ] GC(2) Humongous regions: 0->0
[2022-08-30T13:34:23.479+0000][7][gc,metaspace] GC(2) Metaspace: 14402K(14848K)->14402K(14848K) NonClass: 12716K(13056K)->12716K(13056K) Class: 1686K(1792K)->1686K(1792K)
[2022-08-30T13:34:23.479+0000][7][gc          ] GC(2) Pause Young (Normal) (G1 Evacuation Pause) 48M->10M(256M) 19.354ms
[2022-08-30T13:34:23.479+0000][7][gc,cpu      ] GC(2) User=0.00s Sys=0.03s Real=0.02s
[2022-08-30T13:34:23.479+0000][7][safepoint   ] Safepoint "G1CollectForAllocation", Time since last: 341580693 ns, Reaching safepoint: 181340 ns, At safepoint: 19974459 ns, Total: 20155799 ns
[2022-08-30T13:34:24.158+0000][7][safepoint   ] Safepoint "ICBufferFull", Time since last: 678675020 ns, Reaching safepoint: 247554 ns, At safepoint: 3897 ns, Total: 251451 ns
[2022-08-30T13:34:24.182+0000][7][safepoint   ] Safepoint "ICBufferFull", Time since last: 23182667 ns, Reaching safepoint: 258195 ns, At safepoint: 32000 ns, Total: 290195 ns
[2022-08-30T13:34:24.199+0000][7][safepoint   ] Safepoint "ICBufferFull", Time since last: 17387145 ns, Reaching safepoint: 82816 ns, At safepoint: 4618 ns, Total: 87434 ns
[2022-08-30T13:34:24.211+0000][7][safepoint   ] Safepoint "ICBufferFull", Time since last: 5626395 ns, Reaching safepoint: 5880701 ns, At safepoint: 35807 ns, Total: 5916508 ns
[2022-08-30T13:34:24.217+0000][7][safepoint   ] Safepoint "ICBufferFull", Time since last: 5550382 ns, Reaching safepoint: 959700 ns, At safepoint: 7905 ns, Total: 967605 ns
[2022-08-30T13:34:24.239+0000][7][safepoint   ] Safepoint "ICBufferFull", Time since last: 21051780 ns, Reaching safepoint: 82515 ns, At safepoint: 39093 ns, Total: 121608 ns
[2022-08-30T13:34:24.250+0000][7][safepoint   ] Safepoint "ICBufferFull", Time since last: 10859330 ns, Reaching safepoint: 162144 ns, At safepoint: 3778 ns, Total: 165922 ns
[2022-08-30T13:34:24.255+0000][7][safepoint   ] Safepoint "ICBufferFull", Time since last: 5511438 ns, Reaching safepoint: 320942 ns, At safepoint: 9809 ns, Total: 330751 ns
[2022-08-30T13:34:24.261+0000][7][safepoint   ] Safepoint "ICBufferFull", Time since last: 5106499 ns, Reaching safepoint: 176020 ns, At safepoint: 35887 ns, Total: 211907 ns
[2022-08-30T13:34:24.265+0000][7][safepoint   ] Safepoint "ICBufferFull", Time since last: 4191994 ns, Reaching safepoint: 235371 ns, At safepoint: 4108 ns, Total: 239479 ns
[2022-08-30T13:34:24.271+0000][7][safepoint   ] Safepoint "ICBufferFull", Time since last: 5981871 ns, Reaching safepoint: 187432 ns, At safepoint: 11201 ns, Total: 198633 ns
[2022-08-30T13:34:24.284+0000][7][safepoint   ] Safepoint "ICBufferFull", Time since last: 12995567 ns, Reaching safepoint: 89027 ns, At safepoint: 3517 ns, Total: 92544 ns
[2022-08-30T13:34:24.287+0000][7][safepoint   ] Safepoint "ICBufferFull", Time since last: 2769635 ns, Reaching safepoint: 69180 ns, At safepoint: 5951 ns, Total: 75131 ns
[2022-08-30T13:34:24.294+0000][7][safepoint   ] Safepoint "ICBufferFull", Time since last: 6983190 ns, Reaching safepoint: 183825 ns, At safepoint: 11141 ns, Total: 194966 ns
[2022-08-30T13:34:24.298+0000][7][safepoint   ] Safepoint "ICBufferFull", Time since last: 3823702 ns, Reaching safepoint: 85120 ns, At safepoint: 3647 ns, Total: 88767 ns
[2022-08-30T13:34:24.302+0000][7][safepoint   ] Safepoint "ICBufferFull", Time since last: 3258101 ns, Reaching safepoint: 111530 ns, At safepoint: 10158 ns, Total: 121688 ns
[2022-08-30T13:34:24.873+0000][7][gc,start    ] GC(3) Pause Young (Normal) (G1 Evacuation Pause)
[2022-08-30T13:34:24.882+0000][7][gc,task     ] GC(3) Using 6 workers of 6 for evacuation
[2022-08-30T13:34:24.889+0000][7][gc,age      ] GC(3) Desired survivor size 10485760 bytes, new threshold 15 (max threshold 15)
[2022-08-30T13:34:24.931+0000][7][gc,age      ] GC(3) Age table with threshold 15 (max threshold 15)
[2022-08-30T13:34:24.933+0000][7][gc,age      ] GC(3) - age   1:    4074896 bytes,    4074896 total
[2022-08-30T13:34:24.933+0000][7][gc,age      ] GC(3) - age   2:    2364224 bytes,    6439120 total
[2022-08-30T13:34:24.933+0000][7][gc,age      ] GC(3) - age   3:    1233056 bytes,    7672176 total
[2022-08-30T13:34:24.933+0000][7][gc,phases   ] GC(3)   Pre Evacuate Collection Set: 4.5ms
[2022-08-30T13:34:24.935+0000][7][gc,phases   ] GC(3)   Merge Heap Roots: 4.2ms
[2022-08-30T13:34:24.937+0000][7][gc,phases   ] GC(3)   Evacuate Collection Set: 24.5ms
[2022-08-30T13:34:24.938+0000][7][gc,phases   ] GC(3)   Post Evacuate Collection Set: 1.6ms
[2022-08-30T13:34:24.938+0000][7][gc,phases   ] GC(3)   Other: 25.7ms
[2022-08-30T13:34:24.938+0000][7][gc,heap     ] GC(3) Eden regions: 34->0(36)
[2022-08-30T13:34:24.938+0000][7][gc,heap     ] GC(3) Survivor regions: 1->2(5)
[2022-08-30T13:34:24.938+0000][7][gc,heap     ] GC(3) Old regions: 1->1
[2022-08-30T13:34:24.940+0000][7][gc,heap     ] GC(3) Archive regions: 2->2
[2022-08-30T13:34:24.941+0000][7][gc,heap     ] GC(3) Humongous regions: 0->0
[2022-08-30T13:34:24.942+0000][7][gc,metaspace] GC(3) Metaspace: 17845K(18432K)->17845K(18432K) NonClass: 15713K(16128K)->15713K(16128K) Class: 2131K(2304K)->2131K(2304K)
[2022-08-30T13:34:24.944+0000][7][gc          ] GC(3) Pause Young (Normal) (G1 Evacuation Pause) 146M->14M(256M) 70.715ms
[2022-08-30T13:34:24.944+0000][7][gc,cpu      ] GC(3) User=0.04s Sys=0.00s Real=0.07s
[2022-08-30T13:34:24.945+0000][7][safepoint   ] Safepoint "G1CollectForAllocation", Time since last: 568938752 ns, Reaching safepoint: 2275819 ns, At safepoint: 71566919 ns, Total: 73842738 ns
[2022-08-30T13:34:25.316+0000][7][gc,start    ] GC(4) Pause Young (Normal) (G1 Evacuation Pause)
[2022-08-30T13:34:25.326+0000][7][gc,task     ] GC(4) Using 6 workers of 6 for evacuation
[2022-08-30T13:34:25.326+0000][7][gc,age      ] GC(4) Desired survivor size 10485760 bytes, new threshold 15 (max threshold 15)
[2022-08-30T13:34:25.337+0000][7][gc,age      ] GC(4) Age table with threshold 15 (max threshold 15)
[2022-08-30T13:34:25.337+0000][7][gc,age      ] GC(4) - age   1:    3614592 bytes,    3614592 total
[2022-08-30T13:34:25.338+0000][7][gc,age      ] GC(4) - age   2:    3257904 bytes,    6872496 total
[2022-08-30T13:34:25.338+0000][7][gc,age      ] GC(4) - age   3:    2364224 bytes,    9236720 total
[2022-08-30T13:34:25.340+0000][7][gc,age      ] GC(4) - age   4:    1233056 bytes,   10469776 total
[2022-08-30T13:34:25.340+0000][7][gc,phases   ] GC(4)   Pre Evacuate Collection Set: 0.1ms
[2022-08-30T13:34:25.341+0000][7][gc,phases   ] GC(4)   Merge Heap Roots: 0.1ms
[2022-08-30T13:34:25.341+0000][7][gc,phases   ] GC(4)   Evacuate Collection Set: 7.2ms
[2022-08-30T13:34:25.341+0000][7][gc,phases   ] GC(4)   Post Evacuate Collection Set: 3.0ms
[2022-08-30T13:34:25.341+0000][7][gc,phases   ] GC(4)   Other: 13.9ms
[2022-08-30T13:34:25.342+0000][7][gc,heap     ] GC(4) Eden regions: 36->0(35)
[2022-08-30T13:34:25.342+0000][7][gc,heap     ] GC(4) Survivor regions: 2->3(5)
[2022-08-30T13:34:25.343+0000][7][gc,heap     ] GC(4) Old regions: 1->1
[2022-08-30T13:34:25.344+0000][7][gc,heap     ] GC(4) Archive regions: 2->2
[2022-08-30T13:34:25.344+0000][7][gc,heap     ] GC(4) Humongous regions: 0->0
[2022-08-30T13:34:25.344+0000][7][gc,metaspace] GC(4) Metaspace: 18320K(19072K)->18320K(19072K) NonClass: 16130K(16640K)->16130K(16640K) Class: 2189K(2432K)->2189K(2432K)
[2022-08-30T13:34:25.344+0000][7][gc          ] GC(4) Pause Young (Normal) (G1 Evacuation Pause) 158M->17M(256M) 27.982ms
[2022-08-30T13:34:25.344+0000][7][gc,cpu      ] GC(4) User=0.04s Sys=0.00s Real=0.03s
[2022-08-30T13:34:25.344+0000][7][safepoint   ] Safepoint "G1CollectForAllocation", Time since last: 370123845 ns, Reaching safepoint: 1467714 ns, At safepoint: 28357013 ns, Total: 29824727 ns
[2022-08-30T13:34:25.611+0000][7][gc,start    ] GC(5) Pause Young (Normal) (G1 Evacuation Pause)
[2022-08-30T13:34:25.614+0000][7][gc,task     ] GC(5) Using 6 workers of 6 for evacuation
[2022-08-30T13:34:25.622+0000][7][gc,age      ] GC(5) Desired survivor size 10485760 bytes, new threshold 15 (max threshold 15)
[2022-08-30T13:34:25.647+0000][7][gc,age      ] GC(5) Age table with threshold 15 (max threshold 15)
[2022-08-30T13:34:25.647+0000][7][gc,age      ] GC(5) - age   1:    1398568 bytes,    1398568 total
[2022-08-30T13:34:25.648+0000][7][gc,age      ] GC(5) - age   2:    1657888 bytes,    3056456 total
[2022-08-30T13:34:25.648+0000][7][gc,age      ] GC(5) - age   3:    3257768 bytes,    6314224 total
[2022-08-30T13:34:25.648+0000][7][gc,age      ] GC(5) - age   4:    2364224 bytes,    8678448 total
[2022-08-30T13:34:25.649+0000][7][gc,age      ] GC(5) - age   5:    1233056 bytes,    9911504 total
[2022-08-30T13:34:25.649+0000][7][gc,phases   ] GC(5)   Pre Evacuate Collection Set: 2.3ms
[2022-08-30T13:34:25.649+0000][7][gc,phases   ] GC(5)   Merge Heap Roots: 0.1ms
[2022-08-30T13:34:25.649+0000][7][gc,phases   ] GC(5)   Evacuate Collection Set: 12.8ms
[2022-08-30T13:34:25.649+0000][7][gc,phases   ] GC(5)   Post Evacuate Collection Set: 0.7ms
[2022-08-30T13:34:25.650+0000][7][gc,phases   ] GC(5)   Other: 22.0ms
[2022-08-30T13:34:25.650+0000][7][gc,heap     ] GC(5) Eden regions: 35->0(35)
[2022-08-30T13:34:25.650+0000][7][gc,heap     ] GC(5) Survivor regions: 3->3(5)
[2022-08-30T13:34:25.650+0000][7][gc,heap     ] GC(5) Old regions: 1->1
[2022-08-30T13:34:25.650+0000][7][gc,heap     ] GC(5) Archive regions: 2->2
[2022-08-30T13:34:25.650+0000][7][gc,heap     ] GC(5) Humongous regions: 0->0
[2022-08-30T13:34:25.650+0000][7][gc,metaspace] GC(5) Metaspace: 18710K(19584K)->18710K(19584K) NonClass: 16449K(17152K)->16449K(17152K) Class: 2261K(2432K)->2261K(2432K)
[2022-08-30T13:34:25.651+0000][7][gc          ] GC(5) Pause Young (Normal) (G1 Evacuation Pause) 157M->17M(256M) 39.347ms
[2022-08-30T13:34:25.651+0000][7][gc,cpu      ] GC(5) User=0.05s Sys=0.00s Real=0.03s
[2022-08-30T13:34:25.651+0000][7][safepoint   ] Safepoint "G1CollectForAllocation", Time since last: 249890175 ns, Reaching safepoint: 16748878 ns, At safepoint: 39714359 ns, Total: 56463237 ns
[2022-08-30T13:34:26.023+0000][7][gc,start    ] GC(6) Pause Young (Normal) (G1 Evacuation Pause)
[2022-08-30T13:34:26.024+0000][7][gc,task     ] GC(6) Using 6 workers of 6 for evacuation
[2022-08-30T13:34:26.024+0000][7][gc,age      ] GC(6) Desired survivor size 10485760 bytes, new threshold 15 (max threshold 15)
[2022-08-30T13:34:26.033+0000][7][gc,age      ] GC(6) Age table with threshold 15 (max threshold 15)
[2022-08-30T13:34:26.033+0000][7][gc,age      ] GC(6) - age   1:    1460432 bytes,    1460432 total
[2022-08-30T13:34:26.034+0000][7][gc,age      ] GC(6) - age   2:    1216600 bytes,    2677032 total
[2022-08-30T13:34:26.034+0000][7][gc,age      ] GC(6) - age   3:    1657888 bytes,    4334920 total
[2022-08-30T13:34:26.034+0000][7][gc,age      ] GC(6) - age   4:    3256856 bytes,    7591776 total
[2022-08-30T13:34:26.034+0000][7][gc,age      ] GC(6) - age   5:    2364224 bytes,    9956000 total
[2022-08-30T13:34:26.034+0000][7][gc,age      ] GC(6) - age   6:    1233056 bytes,   11189056 total
[2022-08-30T13:34:26.035+0000][7][gc,phases   ] GC(6)   Pre Evacuate Collection Set: 0.0ms
[2022-08-30T13:34:26.036+0000][7][gc,phases   ] GC(6)   Merge Heap Roots: 0.0ms
[2022-08-30T13:34:26.036+0000][7][gc,phases   ] GC(6)   Evacuate Collection Set: 8.1ms
[2022-08-30T13:34:26.036+0000][7][gc,phases   ] GC(6)   Post Evacuate Collection Set: 0.8ms
[2022-08-30T13:34:26.037+0000][7][gc,phases   ] GC(6)   Other: 3.2ms
[2022-08-30T13:34:26.037+0000][7][gc,heap     ] GC(6) Eden regions: 35->0(35)
[2022-08-30T13:34:26.037+0000][7][gc,heap     ] GC(6) Survivor regions: 3->3(5)
[2022-08-30T13:34:26.038+0000][7][gc,heap     ] GC(6) Old regions: 1->1
[2022-08-30T13:34:26.040+0000][7][gc,heap     ] GC(6) Archive regions: 2->2
[2022-08-30T13:34:26.040+0000][7][gc,heap     ] GC(6) Humongous regions: 0->0
[2022-08-30T13:34:26.040+0000][7][gc,metaspace] GC(6) Metaspace: 18964K(19712K)->18964K(19712K) NonClass: 16678K(17152K)->16678K(17152K) Class: 2285K(2560K)->2285K(2560K)
[2022-08-30T13:34:26.040+0000][7][gc          ] GC(6) Pause Young (Normal) (G1 Evacuation Pause) 157M->18M(256M) 17.028ms
[2022-08-30T13:34:26.040+0000][7][gc,cpu      ] GC(6) User=0.03s Sys=0.00s Real=0.01s
[2022-08-30T13:34:26.041+0000][7][safepoint   ] Safepoint "G1CollectForAllocation", Time since last: 372223233 ns, Reaching safepoint: 125245 ns, At safepoint: 17416110 ns, Total: 17541355 ns
[2022-08-30T13:34:26.246+0000][7][gc,start    ] GC(7) Pause Young (Normal) (G1 Evacuation Pause)
[2022-08-30T13:34:26.246+0000][7][gc,task     ] GC(7) Using 6 workers of 6 for evacuation
[2022-08-30T13:34:26.246+0000][7][gc,age      ] GC(7) Desired survivor size 10485760 bytes, new threshold 6 (max threshold 15)
[2022-08-30T13:34:26.260+0000][7][gc,age      ] GC(7) Age table with threshold 6 (max threshold 15)
[2022-08-30T13:34:26.261+0000][7][gc,age      ] GC(7) - age   1:    1929672 bytes,    1929672 total
[2022-08-30T13:34:26.261+0000][7][gc,age      ] GC(7) - age   2:    1425328 bytes,    3355000 total
[2022-08-30T13:34:26.261+0000][7][gc,age      ] GC(7) - age   3:    1216480 bytes,    4571480 total
[2022-08-30T13:34:26.261+0000][7][gc,age      ] GC(7) - age   4:    1657888 bytes,    6229368 total
[2022-08-30T13:34:26.261+0000][7][gc,age      ] GC(7) - age   5:    3256856 bytes,    9486224 total
[2022-08-30T13:34:26.262+0000][7][gc,age      ] GC(7) - age   6:    2364224 bytes,   11850448 total
[2022-08-30T13:34:26.262+0000][7][gc,phases   ] GC(7)   Pre Evacuate Collection Set: 0.1ms
[2022-08-30T13:34:26.262+0000][7][gc,phases   ] GC(7)   Merge Heap Roots: 0.0ms
[2022-08-30T13:34:26.263+0000][7][gc,phases   ] GC(7)   Evacuate Collection Set: 8.4ms
[2022-08-30T13:34:26.263+0000][7][gc,phases   ] GC(7)   Post Evacuate Collection Set: 4.9ms
[2022-08-30T13:34:26.263+0000][7][gc,phases   ] GC(7)   Other: 2.6ms
[2022-08-30T13:34:26.264+0000][7][gc,heap     ] GC(7) Eden regions: 35->0(35)
[2022-08-30T13:34:26.264+0000][7][gc,heap     ] GC(7) Survivor regions: 3->3(5)
[2022-08-30T13:34:26.264+0000][7][gc,heap     ] GC(7) Old regions: 1->2
[2022-08-30T13:34:26.264+0000][7][gc,heap     ] GC(7) Archive regions: 2->2
[2022-08-30T13:34:26.264+0000][7][gc,heap     ] GC(7) Humongous regions: 0->0
[2022-08-30T13:34:26.264+0000][7][gc,metaspace] GC(7) Metaspace: 19197K(20224K)->19197K(20224K) NonClass: 16887K(17664K)->16887K(17664K) Class: 2310K(2560K)->2310K(2560K)
[2022-08-30T13:34:26.264+0000][7][gc          ] GC(7) Pause Young (Normal) (G1 Evacuation Pause) 158M->20M(256M) 18.598ms
[2022-08-30T13:34:26.265+0000][7][gc,cpu      ] GC(7) User=0.04s Sys=0.00s Real=0.02s
[2022-08-30T13:34:26.265+0000][7][safepoint   ] Safepoint "G1CollectForAllocation", Time since last: 204941228 ns, Reaching safepoint: 235402 ns, At safepoint: 19197442 ns, Total: 19432844 ns
[2022-08-30T13:34:26.588+0000][7][gc,start    ] GC(8) Pause Young (Normal) (G1 Evacuation Pause)
[2022-08-30T13:34:26.590+0000][7][gc,task     ] GC(8) Using 6 workers of 6 for evacuation
[2022-08-30T13:34:26.591+0000][7][gc,age      ] GC(8) Desired survivor size 10485760 bytes, new threshold 6 (max threshold 15)
[2022-08-30T13:34:26.612+0000][7][gc,age      ] GC(8) Age table with threshold 6 (max threshold 15)
[2022-08-30T13:34:26.612+0000][7][gc,age      ] GC(8) - age   1:     737768 bytes,     737768 total
[2022-08-30T13:34:26.612+0000][7][gc,age      ] GC(8) - age   2:     370432 bytes,    1108200 total
[2022-08-30T13:34:26.612+0000][7][gc,age      ] GC(8) - age   3:    1424984 bytes,    2533184 total
[2022-08-30T13:34:26.613+0000][7][gc,age      ] GC(8) - age   4:    1216016 bytes,    3749200 total
[2022-08-30T13:34:26.613+0000][7][gc,age      ] GC(8) - age   5:    1657824 bytes,    5407024 total
[2022-08-30T13:34:26.613+0000][7][gc,age      ] GC(8) - age   6:    3252936 bytes,    8659960 total
[2022-08-30T13:34:26.613+0000][7][gc,phases   ] GC(8)   Pre Evacuate Collection Set: 0.1ms
[2022-08-30T13:34:26.613+0000][7][gc,phases   ] GC(8)   Merge Heap Roots: 9.0ms
[2022-08-30T13:34:26.613+0000][7][gc,phases   ] GC(8)   Evacuate Collection Set: 11.1ms
[2022-08-30T13:34:26.613+0000][7][gc,phases   ] GC(8)   Post Evacuate Collection Set: 0.7ms
[2022-08-30T13:34:26.614+0000][7][gc,phases   ] GC(8)   Other: 4.5ms
[2022-08-30T13:34:26.614+0000][7][gc,heap     ] GC(8) Eden regions: 35->0(35)
[2022-08-30T13:34:26.614+0000][7][gc,heap     ] GC(8) Survivor regions: 3->3(5)
[2022-08-30T13:34:26.614+0000][7][gc,heap     ] GC(8) Old regions: 2->2
[2022-08-30T13:34:26.614+0000][7][gc,heap     ] GC(8) Archive regions: 2->2
[2022-08-30T13:34:26.615+0000][7][gc,heap     ] GC(8) Humongous regions: 0->0
[2022-08-30T13:34:26.615+0000][7][gc,metaspace] GC(8) Metaspace: 19330K(20224K)->19330K(20224K) NonClass: 16996K(17664K)->16996K(17664K) Class: 2334K(2560K)->2334K(2560K)
[2022-08-30T13:34:26.615+0000][7][gc          ] GC(8) Pause Young (Normal) (G1 Evacuation Pause) 160M->19M(256M) 27.296ms
[2022-08-30T13:34:26.615+0000][7][gc,cpu      ] GC(8) User=0.06s Sys=0.00s Real=0.03s
[2022-08-30T13:34:26.615+0000][7][safepoint   ] Safepoint "G1CollectForAllocation", Time since last: 320053882 ns, Reaching safepoint: 2657404 ns, At safepoint: 27817061 ns, Total: 30474465 ns
[2022-08-30T13:34:26.940+0000][7][gc,start    ] GC(9) Pause Young (Normal) (G1 Evacuation Pause)
[2022-08-30T13:34:26.943+0000][7][gc,task     ] GC(9) Using 6 workers of 6 for evacuation
[2022-08-30T13:34:26.944+0000][7][gc,age      ] GC(9) Desired survivor size 10485760 bytes, new threshold 15 (max threshold 15)
[2022-08-30T13:34:26.965+0000][7][gc,age      ] GC(9) Age table with threshold 15 (max threshold 15)
[2022-08-30T13:34:26.967+0000][7][gc,age      ] GC(9) - age   1:    1714512 bytes,    1714512 total
[2022-08-30T13:34:26.968+0000][7][gc,age      ] GC(9) - age   2:     223360 bytes,    1937872 total
[2022-08-30T13:34:26.969+0000][7][gc,age      ] GC(9) - age   3:     370432 bytes,    2308304 total
[2022-08-30T13:34:26.969+0000][7][gc,age      ] GC(9) - age   4:    1424984 bytes,    3733288 total
[2022-08-30T13:34:26.970+0000][7][gc,age      ] GC(9) - age   5:    1216016 bytes,    4949304 total
[2022-08-30T13:34:26.989+0000][7][gc,age      ] GC(9) - age   6:    1657824 bytes,    6607128 total
[2022-08-30T13:34:27.009+0000][7][gc,age      ] GC(9) - age   7:    3252936 bytes,    9860064 total
[2022-08-30T13:34:27.026+0000][7][gc,phases   ] GC(9)   Pre Evacuate Collection Set: 0.7ms
[2022-08-30T13:34:27.041+0000][7][gc,phases   ] GC(9)   Merge Heap Roots: 1.0ms
[2022-08-30T13:34:27.047+0000][7][gc,phases   ] GC(9)   Evacuate Collection Set: 13.4ms
[2022-08-30T13:34:27.054+0000][7][gc,phases   ] GC(9)   Post Evacuate Collection Set: 0.6ms
[2022-08-30T13:34:27.054+0000][7][gc,phases   ] GC(9)   Other: 70.0ms
[2022-08-30T13:34:27.054+0000][7][gc,heap     ] GC(9) Eden regions: 35->0(35)
[2022-08-30T13:34:27.055+0000][7][gc,heap     ] GC(9) Survivor regions: 3->3(5)
[2022-08-30T13:34:27.055+0000][7][gc,heap     ] GC(9) Old regions: 2->2
[2022-08-30T13:34:27.055+0000][7][gc,heap     ] GC(9) Archive regions: 2->2
[2022-08-30T13:34:27.055+0000][7][gc,heap     ] GC(9) Humongous regions: 0->0
[2022-08-30T13:34:27.055+0000][7][gc,metaspace] GC(9) Metaspace: 19541K(20864K)->19541K(20864K) NonClass: 17167K(18176K)->17167K(18176K) Class: 2374K(2688K)->2374K(2688K)
[2022-08-30T13:34:27.055+0000][7][gc          ] GC(9) Pause Young (Normal) (G1 Evacuation Pause) 159M->20M(256M) 115.320ms
[2022-08-30T13:34:27.055+0000][7][gc,cpu      ] GC(9) User=0.03s Sys=0.01s Real=0.11s
[2022-08-30T13:34:27.055+0000][7][safepoint   ] Safepoint "G1CollectForAllocation", Time since last: 319947993 ns, Reaching safepoint: 4284176 ns, At safepoint: 115692742 ns, Total: 119976918 ns
[2022-08-30T13:34:27.360+0000][7][gc,start    ] GC(10) Pause Young (Normal) (G1 Evacuation Pause)
[2022-08-30T13:34:27.361+0000][7][gc,task     ] GC(10) Using 6 workers of 6 for evacuation
[2022-08-30T13:34:27.364+0000][7][gc,age      ] GC(10) Desired survivor size 10485760 bytes, new threshold 15 (max threshold 15)
[2022-08-30T13:34:27.375+0000][7][gc,age      ] GC(10) Age table with threshold 15 (max threshold 15)
[2022-08-30T13:34:27.376+0000][7][gc,age      ] GC(10) - age   1:     250296 bytes,     250296 total
[2022-08-30T13:34:27.376+0000][7][gc,age      ] GC(10) - age   2:     220984 bytes,     471280 total
[2022-08-30T13:34:27.376+0000][7][gc,age      ] GC(10) - age   3:     223208 bytes,     694488 total
[2022-08-30T13:34:27.376+0000][7][gc,age      ] GC(10) - age   4:     370432 bytes,    1064920 total
[2022-08-30T13:34:27.376+0000][7][gc,age      ] GC(10) - age   5:    1424984 bytes,    2489904 total
[2022-08-30T13:34:27.377+0000][7][gc,age      ] GC(10) - age   6:    1215344 bytes,    3705248 total
[2022-08-30T13:34:27.377+0000][7][gc,age      ] GC(10) - age   7:    1657536 bytes,    5362784 total
[2022-08-30T13:34:27.377+0000][7][gc,age      ] GC(10) - age   8:    3252808 bytes,    8615592 total
[2022-08-30T13:34:27.377+0000][7][gc,phases   ] GC(10)   Pre Evacuate Collection Set: 0.5ms
[2022-08-30T13:34:27.377+0000][7][gc,phases   ] GC(10)   Merge Heap Roots: 0.0ms
[2022-08-30T13:34:27.377+0000][7][gc,phases   ] GC(10)   Evacuate Collection Set: 7.2ms
[2022-08-30T13:34:27.377+0000][7][gc,phases   ] GC(10)   Post Evacuate Collection Set: 1.0ms
[2022-08-30T13:34:27.378+0000][7][gc,phases   ] GC(10)   Other: 8.0ms
[2022-08-30T13:34:27.378+0000][7][gc,heap     ] GC(10) Eden regions: 35->0(35)
[2022-08-30T13:34:27.378+0000][7][gc,heap     ] GC(10) Survivor regions: 3->3(5)
[2022-08-30T13:34:27.378+0000][7][gc,heap     ] GC(10) Old regions: 2->2
[2022-08-30T13:34:27.378+0000][7][gc,heap     ] GC(10) Archive regions: 2->2
[2022-08-30T13:34:27.378+0000][7][gc,heap     ] GC(10) Humongous regions: 0->0
[2022-08-30T13:34:27.379+0000][7][gc,metaspace] GC(10) Metaspace: 19595K(20864K)->19595K(20864K) NonClass: 17211K(18176K)->17211K(18176K) Class: 2384K(2688K)->2384K(2688K)
[2022-08-30T13:34:27.379+0000][7][gc          ] GC(10) Pause Young (Normal) (G1 Evacuation Pause) 160M->18M(256M) 18.834ms
[2022-08-30T13:34:27.379+0000][7][gc,cpu      ] GC(10) User=0.03s Sys=0.00s Real=0.02s
[2022-08-30T13:34:27.380+0000][7][safepoint   ] Safepoint "G1CollectForAllocation", Time since last: 304700621 ns, Reaching safepoint: 181401 ns, At safepoint: 19408908 ns, Total: 19590309 ns
[2022-08-30T13:34:27.616+0000][7][gc,start    ] GC(11) Pause Young (Normal) (G1 Evacuation Pause)
[2022-08-30T13:34:27.616+0000][7][gc,task     ] GC(11) Using 6 workers of 6 for evacuation
[2022-08-30T13:34:27.616+0000][7][gc,age      ] GC(11) Desired survivor size 10485760 bytes, new threshold 15 (max threshold 15)
[2022-08-30T13:34:27.624+0000][7][gc,age      ] GC(11) Age table with threshold 15 (max threshold 15)
[2022-08-30T13:34:27.624+0000][7][gc,age      ] GC(11) - age   1:    2392384 bytes,    2392384 total
[2022-08-30T13:34:27.625+0000][7][gc,age      ] GC(11) - age   2:     219808 bytes,    2612192 total
[2022-08-30T13:34:27.625+0000][7][gc,age      ] GC(11) - age   3:     220984 bytes,    2833176 total
[2022-08-30T13:34:27.625+0000][7][gc,age      ] GC(11) - age   4:     223208 bytes,    3056384 total
[2022-08-30T13:34:27.625+0000][7][gc,age      ] GC(11) - age   5:     370432 bytes,    3426816 total
[2022-08-30T13:34:27.625+0000][7][gc,age      ] GC(11) - age   6:    1423944 bytes,    4850760 total
[2022-08-30T13:34:27.625+0000][7][gc,age      ] GC(11) - age   7:    1215344 bytes,    6066104 total
[2022-08-30T13:34:27.626+0000][7][gc,age      ] GC(11) - age   8:    1657536 bytes,    7723640 total
[2022-08-30T13:34:27.626+0000][7][gc,age      ] GC(11) - age   9:    3252704 bytes,   10976344 total
[2022-08-30T13:34:27.626+0000][7][gc,phases   ] GC(11)   Pre Evacuate Collection Set: 0.1ms
[2022-08-30T13:34:27.626+0000][7][gc,phases   ] GC(11)   Merge Heap Roots: 0.1ms
[2022-08-30T13:34:27.626+0000][7][gc,phases   ] GC(11)   Evacuate Collection Set: 6.6ms
[2022-08-30T13:34:27.626+0000][7][gc,phases   ] GC(11)   Post Evacuate Collection Set: 0.8ms
[2022-08-30T13:34:27.626+0000][7][gc,phases   ] GC(11)   Other: 2.5ms
[2022-08-30T13:34:27.627+0000][7][gc,heap     ] GC(11) Eden regions: 35->0(35)
[2022-08-30T13:34:27.627+0000][7][gc,heap     ] GC(11) Survivor regions: 3->3(5)
[2022-08-30T13:34:27.627+0000][7][gc,heap     ] GC(11) Old regions: 2->2
[2022-08-30T13:34:27.627+0000][7][gc,heap     ] GC(11) Archive regions: 2->2
[2022-08-30T13:34:27.627+0000][7][gc,heap     ] GC(11) Humongous regions: 0->0
[2022-08-30T13:34:27.627+0000][7][gc,metaspace] GC(11) Metaspace: 19803K(20864K)->19803K(20864K) NonClass: 17382K(18176K)->17382K(18176K) Class: 2421K(2688K)->2421K(2688K)
[2022-08-30T13:34:27.627+0000][7][gc          ] GC(11) Pause Young (Normal) (G1 Evacuation Pause) 158M->21M(256M) 11.400ms
[2022-08-30T13:34:27.627+0000][7][gc,cpu      ] GC(11) User=0.03s Sys=0.00s Real=0.01s
[2022-08-30T13:34:27.628+0000][7][safepoint   ] Safepoint "G1CollectForAllocation", Time since last: 235877640 ns, Reaching safepoint: 287069 ns, At safepoint: 11711950 ns, Total: 11999019 ns
[2022-08-30T13:34:27.700+0000][7][gc,start    ] GC(12) Pause Young (Concurrent Start) (Metadata GC Threshold)
[2022-08-30T13:34:27.700+0000][7][gc,task     ] GC(12) Using 6 workers of 6 for evacuation
[2022-08-30T13:34:27.700+0000][7][gc,age      ] GC(12) Desired survivor size 10485760 bytes, new threshold 9 (max threshold 15)
[2022-08-30T13:34:27.706+0000][7][gc,age      ] GC(12) Age table with threshold 9 (max threshold 15)
[2022-08-30T13:34:27.706+0000][7][gc,age      ] GC(12) - age   1:     479064 bytes,     479064 total
[2022-08-30T13:34:27.706+0000][7][gc,age      ] GC(12) - age   2:    1413808 bytes,    1892872 total
[2022-08-30T13:34:27.707+0000][7][gc,age      ] GC(12) - age   3:     219200 bytes,    2112072 total
[2022-08-30T13:34:27.707+0000][7][gc,age      ] GC(12) - age   4:     220984 bytes,    2333056 total
[2022-08-30T13:34:27.708+0000][7][gc,age      ] GC(12) - age   5:     223144 bytes,    2556200 total
[2022-08-30T13:34:27.708+0000][7][gc,age      ] GC(12) - age   6:     370432 bytes,    2926632 total
[2022-08-30T13:34:27.709+0000][7][gc,age      ] GC(12) - age   7:    1423944 bytes,    4350576 total
[2022-08-30T13:34:27.709+0000][7][gc,age      ] GC(12) - age   8:    1215280 bytes,    5565856 total
[2022-08-30T13:34:27.709+0000][7][gc,age      ] GC(12) - age   9:    1657408 bytes,    7223264 total
[2022-08-30T13:34:27.709+0000][7][gc,phases   ] GC(12)   Pre Evacuate Collection Set: 0.2ms
[2022-08-30T13:34:27.709+0000][7][gc,phases   ] GC(12)   Merge Heap Roots: 0.1ms
[2022-08-30T13:34:27.709+0000][7][gc,phases   ] GC(12)   Evacuate Collection Set: 3.6ms
[2022-08-30T13:34:27.709+0000][7][gc,phases   ] GC(12)   Post Evacuate Collection Set: 1.6ms
[2022-08-30T13:34:27.710+0000][7][gc,phases   ] GC(12)   Other: 4.1ms
[2022-08-30T13:34:27.710+0000][7][gc,heap     ] GC(12) Eden regions: 16->0(36)
[2022-08-30T13:34:27.710+0000][7][gc,heap     ] GC(12) Survivor regions: 3->2(5)
[2022-08-30T13:34:27.710+0000][7][gc,heap     ] GC(12) Old regions: 2->3
[2022-08-30T13:34:27.710+0000][7][gc,heap     ] GC(12) Archive regions: 2->2
[2022-08-30T13:34:27.710+0000][7][gc,heap     ] GC(12) Humongous regions: 0->0
[2022-08-30T13:34:27.710+0000][7][gc,metaspace] GC(12) Metaspace: 19905K(21248K)->19905K(21248K) NonClass: 17468K(18432K)->17468K(18432K) Class: 2436K(2816K)->2436K(2816K)
[2022-08-30T13:34:27.711+0000][7][gc          ] GC(12) Pause Young (Concurrent Start) (Metadata GC Threshold) 85M->20M(256M) 11.008ms
[2022-08-30T13:34:27.711+0000][7][gc,cpu      ] GC(12) User=0.03s Sys=0.00s Real=0.01s
[2022-08-30T13:34:27.711+0000][7][gc          ] GC(13) Concurrent Cycle
[2022-08-30T13:34:27.711+0000][7][gc,marking  ] GC(13) Concurrent Clear Claimed Marks
[2022-08-30T13:34:27.711+0000][7][safepoint   ] Safepoint "CollectForMetadataAllocation", Time since last: 71934688 ns, Reaching safepoint: 79489 ns, At safepoint: 11551339 ns, Total: 11630828 ns
[2022-08-30T13:34:27.711+0000][7][gc,marking  ] GC(13) Concurrent Clear Claimed Marks 0.204ms
[2022-08-30T13:34:27.712+0000][7][gc,marking  ] GC(13) Concurrent Scan Root Regions
[2022-08-30T13:34:27.715+0000][7][gc,marking  ] GC(13) Concurrent Scan Root Regions 3.069ms
[2022-08-30T13:34:27.715+0000][7][gc,marking  ] GC(13) Concurrent Mark (7.672s)
[2022-08-30T13:34:27.715+0000][7][gc,marking  ] GC(13) Concurrent Mark From Roots
[2022-08-30T13:34:27.716+0000][7][gc,task     ] GC(13) Using 2 workers of 2 for marking
[2022-08-30T13:34:27.725+0000][7][gc,marking  ] GC(13) Concurrent Mark From Roots 9.094ms
[2022-08-30T13:34:27.725+0000][7][gc,marking  ] GC(13) Concurrent Preclean
[2022-08-30T13:34:27.725+0000][7][gc,marking  ] GC(13) Concurrent Preclean 0.303ms
[2022-08-30T13:34:27.726+0000][7][gc,marking  ] GC(13) Concurrent Mark (7.672s, 7.682s) 10.329ms
[2022-08-30T13:34:27.729+0000][7][gc,start    ] GC(13) Pause Remark
[2022-08-30T13:34:27.732+0000][7][gc          ] GC(13) Pause Remark 32M->32M(256M) 2.371ms
[2022-08-30T13:34:27.732+0000][7][gc,cpu      ] GC(13) User=0.01s Sys=0.00s Real=0.01s
[2022-08-30T13:34:27.732+0000][7][safepoint   ] Safepoint "G1Concurrent", Time since last: 14542128 ns, Reaching safepoint: 3494145 ns, At safepoint: 2901343 ns, Total: 6395488 ns
[2022-08-30T13:34:27.732+0000][7][gc,marking  ] GC(13) Concurrent Rebuild Remembered Sets
[2022-08-30T13:34:27.735+0000][7][gc,marking  ] GC(13) Concurrent Rebuild Remembered Sets 2.988ms
[2022-08-30T13:34:27.736+0000][7][gc,start    ] GC(13) Pause Cleanup
[2022-08-30T13:34:27.737+0000][7][gc          ] GC(13) Pause Cleanup 38M->38M(256M) 0.806ms
[2022-08-30T13:34:27.738+0000][7][gc,cpu      ] GC(13) User=0.00s Sys=0.00s Real=0.00s
[2022-08-30T13:34:27.738+0000][7][safepoint   ] Safepoint "G1Concurrent", Time since last: 3598480 ns, Reaching safepoint: 697678 ns, At safepoint: 1478404 ns, Total: 2176082 ns
[2022-08-30T13:34:27.738+0000][7][gc,marking  ] GC(13) Concurrent Cleanup for Next Mark
[2022-08-30T13:34:27.739+0000][7][gc,marking  ] GC(13) Concurrent Cleanup for Next Mark 0.579ms
[2022-08-30T13:34:27.739+0000][7][gc          ] GC(13) Concurrent Cycle 28.145ms
[2022-08-30T13:34:27.866+0000][7][gc,start    ] GC(14) Pause Young (Normal) (G1 Evacuation Pause)
[2022-08-30T13:34:27.867+0000][7][gc,task     ] GC(14) Using 6 workers of 6 for evacuation
[2022-08-30T13:34:27.867+0000][7][gc,age      ] GC(14) Desired survivor size 10485760 bytes, new threshold 15 (max threshold 15)
[2022-08-30T13:34:27.872+0000][7][gc,age      ] GC(14) Age table with threshold 15 (max threshold 15)
[2022-08-30T13:34:27.872+0000][7][gc,age      ] GC(14) - age   1:     535520 bytes,     535520 total
[2022-08-30T13:34:27.872+0000][7][gc,age      ] GC(14) - age   2:     458144 bytes,     993664 total
[2022-08-30T13:34:27.873+0000][7][gc,age      ] GC(14) - age   3:    1413776 bytes,    2407440 total
[2022-08-30T13:34:27.873+0000][7][gc,age      ] GC(14) - age   4:     218208 bytes,    2625648 total
[2022-08-30T13:34:27.873+0000][7][gc,age      ] GC(14) - age   5:     220920 bytes,    2846568 total
[2022-08-30T13:34:27.873+0000][7][gc,age      ] GC(14) - age   6:     223144 bytes,    3069712 total
[2022-08-30T13:34:27.873+0000][7][gc,age      ] GC(14) - age   7:     370432 bytes,    3440144 total
[2022-08-30T13:34:27.873+0000][7][gc,age      ] GC(14) - age   8:    1423944 bytes,    4864088 total
[2022-08-30T13:34:27.873+0000][7][gc,age      ] GC(14) - age   9:    1215280 bytes,    6079368 total
[2022-08-30T13:34:27.874+0000][7][gc,age      ] GC(14) - age  10:    1657408 bytes,    7736776 total
[2022-08-30T13:34:27.876+0000][7][gc,phases   ] GC(14)   Pre Evacuate Collection Set: 0.1ms
[2022-08-30T13:34:27.876+0000][7][gc,phases   ] GC(14)   Merge Heap Roots: 0.1ms
[2022-08-30T13:34:27.876+0000][7][gc,phases   ] GC(14)   Evacuate Collection Set: 3.1ms
[2022-08-30T13:34:27.876+0000][7][gc,phases   ] GC(14)   Post Evacuate Collection Set: 1.6ms
[2022-08-30T13:34:27.877+0000][7][gc,phases   ] GC(14)   Other: 4.5ms
[2022-08-30T13:34:27.877+0000][7][gc,heap     ] GC(14) Eden regions: 36->0(36)
[2022-08-30T13:34:27.877+0000][7][gc,heap     ] GC(14) Survivor regions: 2->2(5)
[2022-08-30T13:34:27.877+0000][7][gc,heap     ] GC(14) Old regions: 3->3
[2022-08-30T13:34:27.877+0000][7][gc,heap     ] GC(14) Archive regions: 2->2
[2022-08-30T13:34:27.877+0000][7][gc,heap     ] GC(14) Humongous regions: 0->0
[2022-08-30T13:34:27.878+0000][7][gc,metaspace] GC(14) Metaspace: 19993K(21504K)->19993K(21504K) NonClass: 17539K(18688K)->17539K(18688K) Class: 2454K(2816K)->2454K(2816K)
[2022-08-30T13:34:27.878+0000][7][gc          ] GC(14) Pause Young (Normal) (G1 Evacuation Pause) 164M->21M(256M) 11.502ms
[2022-08-30T13:34:27.878+0000][7][gc,cpu      ] GC(14) User=0.01s Sys=0.01s Real=0.01s
[2022-08-30T13:34:27.878+0000][7][safepoint   ] Safepoint "G1CollectForAllocation", Time since last: 128158876 ns, Reaching safepoint: 151204 ns, At safepoint: 12026099 ns, Total: 12177303 ns
[2022-08-30T13:34:27.996+0000][7][gc,start    ] GC(15) Pause Young (Normal) (G1 Evacuation Pause)
[2022-08-30T13:34:27.996+0000][7][gc,task     ] GC(15) Using 6 workers of 6 for evacuation
[2022-08-30T13:34:27.997+0000][7][gc,age      ] GC(15) Desired survivor size 10485760 bytes, new threshold 15 (max threshold 15)
[2022-08-30T13:34:28.005+0000][7][gc,age      ] GC(15) Age table with threshold 15 (max threshold 15)
[2022-08-30T13:34:28.006+0000][7][gc,age      ] GC(15) - age   1:     751320 bytes,     751320 total
[2022-08-30T13:34:28.006+0000][7][gc,age      ] GC(15) - age   2:     506152 bytes,    1257472 total
[2022-08-30T13:34:28.006+0000][7][gc,age      ] GC(15) - age   3:     458144 bytes,    1715616 total
[2022-08-30T13:34:28.006+0000][7][gc,age      ] GC(15) - age   4:    1413776 bytes,    3129392 total
[2022-08-30T13:34:28.006+0000][7][gc,age      ] GC(15) - age   5:     217992 bytes,    3347384 total
[2022-08-30T13:34:28.007+0000][7][gc,age      ] GC(15) - age   6:     220920 bytes,    3568304 total
[2022-08-30T13:34:28.007+0000][7][gc,age      ] GC(15) - age   7:     222600 bytes,    3790904 total
[2022-08-30T13:34:28.007+0000][7][gc,age      ] GC(15) - age   8:     370432 bytes,    4161336 total
[2022-08-30T13:34:28.007+0000][7][gc,age      ] GC(15) - age   9:    1423944 bytes,    5585280 total
[2022-08-30T13:34:28.007+0000][7][gc,age      ] GC(15) - age  10:    1215280 bytes,    6800560 total
[2022-08-30T13:34:28.007+0000][7][gc,age      ] GC(15) - age  11:    1657408 bytes,    8457968 total
[2022-08-30T13:34:28.008+0000][7][gc,phases   ] GC(15)   Pre Evacuate Collection Set: 0.1ms
[2022-08-30T13:34:28.008+0000][7][gc,phases   ] GC(15)   Merge Heap Roots: 0.1ms
[2022-08-30T13:34:28.008+0000][7][gc,phases   ] GC(15)   Evacuate Collection Set: 4.6ms
[2022-08-30T13:34:28.008+0000][7][gc,phases   ] GC(15)   Post Evacuate Collection Set: 3.6ms
[2022-08-30T13:34:28.008+0000][7][gc,phases   ] GC(15)   Other: 3.6ms
[2022-08-30T13:34:28.009+0000][7][gc,heap     ] GC(15) Eden regions: 36->0(35)
[2022-08-30T13:34:28.009+0000][7][gc,heap     ] GC(15) Survivor regions: 2->3(5)
[2022-08-30T13:34:28.009+0000][7][gc,heap     ] GC(15) Old regions: 3->3
[2022-08-30T13:34:28.009+0000][7][gc,heap     ] GC(15) Archive regions: 2->2
[2022-08-30T13:34:28.009+0000][7][gc,heap     ] GC(15) Humongous regions: 0->0
[2022-08-30T13:34:28.009+0000][7][gc,metaspace] GC(15) Metaspace: 20006K(21504K)->20006K(21504K) NonClass: 17548K(18688K)->17548K(18688K) Class: 2457K(2816K)->2457K(2816K)
[2022-08-30T13:34:28.009+0000][7][gc          ] GC(15) Pause Young (Normal) (G1 Evacuation Pause) 165M->22M(256M) 13.734ms
[2022-08-30T13:34:28.010+0000][7][gc,cpu      ] GC(15) User=0.04s Sys=0.00s Real=0.01s
[2022-08-30T13:34:28.010+0000][7][safepoint   ] Safepoint "G1CollectForAllocation", Time since last: 117276973 ns, Reaching safepoint: 126608 ns, At safepoint: 14098667 ns, Total: 14225275 ns
[2022-08-30T13:34:28.808+0000][7][gc,start    ] GC(16) Pause Young (Normal) (G1 Evacuation Pause)
[2022-08-30T13:34:28.808+0000][7][gc,task     ] GC(16) Using 6 workers of 6 for evacuation
[2022-08-30T13:34:28.808+0000][7][gc,age      ] GC(16) Desired survivor size 10485760 bytes, new threshold 15 (max threshold 15)
[2022-08-30T13:34:28.815+0000][7][gc,age      ] GC(16) Age table with threshold 15 (max threshold 15)
[2022-08-30T13:34:28.816+0000][7][gc,age      ] GC(16) - age   1:    1082808 bytes,    1082808 total
[2022-08-30T13:34:28.816+0000][7][gc,age      ] GC(16) - age   2:     143456 bytes,    1226264 total
[2022-08-30T13:34:28.816+0000][7][gc,age      ] GC(16) - age   3:     505744 bytes,    1732008 total
[2022-08-30T13:34:28.816+0000][7][gc,age      ] GC(16) - age   4:     456128 bytes,    2188136 total
[2022-08-30T13:34:28.817+0000][7][gc,age      ] GC(16) - age   5:    1413688 bytes,    3601824 total
[2022-08-30T13:34:28.817+0000][7][gc,age      ] GC(16) - age   6:     217848 bytes,    3819672 total
[2022-08-30T13:34:28.817+0000][7][gc,age      ] GC(16) - age   7:     220920 bytes,    4040592 total
[2022-08-30T13:34:28.817+0000][7][gc,age      ] GC(16) - age   8:     222600 bytes,    4263192 total
[2022-08-30T13:34:28.817+0000][7][gc,age      ] GC(16) - age   9:     370232 bytes,    4633424 total
[2022-08-30T13:34:28.817+0000][7][gc,age      ] GC(16) - age  10:    1423648 bytes,    6057072 total
[2022-08-30T13:34:28.817+0000][7][gc,age      ] GC(16) - age  11:    1214944 bytes,    7272016 total
[2022-08-30T13:34:28.817+0000][7][gc,age      ] GC(16) - age  12:    1656960 bytes,    8928976 total
[2022-08-30T13:34:28.818+0000][7][gc,phases   ] GC(16)   Pre Evacuate Collection Set: 0.1ms
[2022-08-30T13:34:28.818+0000][7][gc,phases   ] GC(16)   Merge Heap Roots: 0.1ms
[2022-08-30T13:34:28.818+0000][7][gc,phases   ] GC(16)   Evacuate Collection Set: 5.8ms
[2022-08-30T13:34:28.818+0000][7][gc,phases   ] GC(16)   Post Evacuate Collection Set: 1.1ms
[2022-08-30T13:34:28.818+0000][7][gc,phases   ] GC(16)   Other: 2.9ms
[2022-08-30T13:34:28.818+0000][7][gc,heap     ] GC(16) Eden regions: 35->0(35)
[2022-08-30T13:34:28.818+0000][7][gc,heap     ] GC(16) Survivor regions: 3->3(5)
[2022-08-30T13:34:28.819+0000][7][gc,heap     ] GC(16) Old regions: 3->3
[2022-08-30T13:34:28.819+0000][7][gc,heap     ] GC(16) Archive regions: 2->2
[2022-08-30T13:34:28.819+0000][7][gc,heap     ] GC(16) Humongous regions: 0->0
[2022-08-30T13:34:28.819+0000][7][gc,metaspace] GC(16) Metaspace: 23005K(24448K)->23005K(24448K) NonClass: 20161K(21248K)->20161K(21248K) Class: 2843K(3200K)->2843K(3200K)
[2022-08-30T13:34:28.819+0000][7][gc          ] GC(16) Pause Young (Normal) (G1 Evacuation Pause) 162M->22M(256M) 11.857ms
[2022-08-30T13:34:28.820+0000][7][gc,cpu      ] GC(16) User=0.02s Sys=0.00s Real=0.01s
[2022-08-30T13:34:28.820+0000][7][safepoint   ] Safepoint "G1CollectForAllocation", Time since last: 797521919 ns, Reaching safepoint: 344095 ns, At safepoint: 12743505 ns, Total: 13087600 ns
[2022-08-30T13:34:29.536+0000][7][safepoint   ] Safepoint "ICBufferFull", Time since last: 708673272 ns, Reaching safepoint: 5245690 ns, At safepoint: 75010 ns, Total: 5320700 ns
[2022-08-30T13:34:30.501+0000][7][gc,start    ] GC(17) Pause Young (Normal) (G1 Evacuation Pause)
[2022-08-30T13:34:30.501+0000][7][gc,task     ] GC(17) Using 6 workers of 6 for evacuation
[2022-08-30T13:34:30.501+0000][7][gc,age      ] GC(17) Desired survivor size 10485760 bytes, new threshold 15 (max threshold 15)
[2022-08-30T13:34:30.533+0000][7][gc,age      ] GC(17) Age table with threshold 15 (max threshold 15)
[2022-08-30T13:34:30.534+0000][7][gc,age      ] GC(17) - age   1:   13334024 bytes,   13334024 total
[2022-08-30T13:34:30.534+0000][7][gc,age      ] GC(17) - age   2:     885336 bytes,   14219360 total
[2022-08-30T13:34:30.534+0000][7][gc,age      ] GC(17) - age   3:     114384 bytes,   14333744 total
[2022-08-30T13:34:30.534+0000][7][gc,age      ] GC(17) - age   4:     386304 bytes,   14720048 total
[2022-08-30T13:34:30.534+0000][7][gc,age      ] GC(17) - age   5:     450232 bytes,   15170280 total
[2022-08-30T13:34:30.535+0000][7][gc,age      ] GC(17) - age   6:    1254280 bytes,   16424560 total
[2022-08-30T13:34:30.535+0000][7][gc,age      ] GC(17) - age   7:      72712 bytes,   16497272 total
[2022-08-30T13:34:30.535+0000][7][gc,age      ] GC(17) - age   8:      86112 bytes,   16583384 total
[2022-08-30T13:34:30.535+0000][7][gc,age      ] GC(17) - age   9:      61360 bytes,   16644744 total
[2022-08-30T13:34:30.535+0000][7][gc,age      ] GC(17) - age  10:     269384 bytes,   16914128 total
[2022-08-30T13:34:30.536+0000][7][gc,age      ] GC(17) - age  11:    1287248 bytes,   18201376 total
[2022-08-30T13:34:30.536+0000][7][gc,age      ] GC(17) - age  12:    1139704 bytes,   19341080 total
[2022-08-30T13:34:30.536+0000][7][gc,age      ] GC(17) - age  13:    1574896 bytes,   20915976 total
[2022-08-30T13:34:30.537+0000][7][gc,phases   ] GC(17)   Pre Evacuate Collection Set: 0.1ms
[2022-08-30T13:34:30.537+0000][7][gc,phases   ] GC(17)   Merge Heap Roots: 0.0ms
[2022-08-30T13:34:30.537+0000][7][gc,phases   ] GC(17)   Evacuate Collection Set: 22.1ms
[2022-08-30T13:34:30.537+0000][7][gc,phases   ] GC(17)   Post Evacuate Collection Set: 9.3ms
[2022-08-30T13:34:30.537+0000][7][gc,phases   ] GC(17)   Other: 4.3ms
[2022-08-30T13:34:30.538+0000][7][gc,heap     ] GC(17) Eden regions: 35->0(33)
[2022-08-30T13:34:30.538+0000][7][gc,heap     ] GC(17) Survivor regions: 3->5(5)
[2022-08-30T13:34:30.538+0000][7][gc,heap     ] GC(17) Old regions: 3->5
[2022-08-30T13:34:30.538+0000][7][gc,heap     ] GC(17) Archive regions: 2->2
[2022-08-30T13:34:30.538+0000][7][gc,heap     ] GC(17) Humongous regions: 0->0
[2022-08-30T13:34:30.539+0000][7][gc,metaspace] GC(17) Metaspace: 30126K(32256K)->30126K(32256K) NonClass: 26352K(27904K)->26352K(27904K) Class: 3773K(4352K)->3773K(4352K)
[2022-08-30T13:34:30.539+0000][7][gc          ] GC(17) Pause Young (Normal) (G1 Evacuation Pause) 162M->40M(256M) 38.084ms
[2022-08-30T13:34:30.539+0000][7][gc,cpu      ] GC(17) User=0.11s Sys=0.01s Real=0.04s
[2022-08-30T13:34:30.539+0000][7][safepoint   ] Safepoint "G1CollectForAllocation", Time since last: 964867313 ns, Reaching safepoint: 275747 ns, At safepoint: 38493208 ns, Total: 38768955 ns
[2022-08-30T13:34:31.501+0000][7][gc,start    ] GC(18) Pause Young (Normal) (G1 Evacuation Pause)
[2022-08-30T13:34:31.504+0000][7][gc,task     ] GC(18) Using 6 workers of 6 for evacuation
[2022-08-30T13:34:31.504+0000][7][gc,age      ] GC(18) Desired survivor size 10485760 bytes, new threshold 1 (max threshold 15)
[2022-08-30T13:34:31.538+0000][7][gc,age      ] GC(18) Age table with threshold 1 (max threshold 15)
[2022-08-30T13:34:31.539+0000][7][gc,age      ] GC(18) - age   1:   18085512 bytes,   18085512 total
[2022-08-30T13:34:31.539+0000][7][gc,phases   ] GC(18)   Pre Evacuate Collection Set: 0.2ms
[2022-08-30T13:34:31.539+0000][7][gc,phases   ] GC(18)   Merge Heap Roots: 0.2ms
[2022-08-30T13:34:31.539+0000][7][gc,phases   ] GC(18)   Evacuate Collection Set: 28.2ms
[2022-08-30T13:34:31.539+0000][7][gc,phases   ] GC(18)   Post Evacuate Collection Set: 3.3ms
[2022-08-30T13:34:31.540+0000][7][gc,phases   ] GC(18)   Other: 6.3ms
[2022-08-30T13:34:31.540+0000][7][gc,heap     ] GC(18) Eden regions: 33->0(29)
[2022-08-30T13:34:31.540+0000][7][gc,heap     ] GC(18) Survivor regions: 5->5(5)
[2022-08-30T13:34:31.540+0000][7][gc,heap     ] GC(18) Old regions: 5->10
[2022-08-30T13:34:31.540+0000][7][gc,heap     ] GC(18) Archive regions: 2->2
[2022-08-30T13:34:31.540+0000][7][gc,heap     ] GC(18) Humongous regions: 0->0
[2022-08-30T13:34:31.540+0000][7][gc,metaspace] GC(18) Metaspace: 32840K(35072K)->32840K(35072K) NonClass: 28602K(30208K)->28602K(30208K) Class: 4237K(4864K)->4237K(4864K)
[2022-08-30T13:34:31.541+0000][7][gc          ] GC(18) Pause Young (Normal) (G1 Evacuation Pause) 172M->59M(256M) 39.842ms
[2022-08-30T13:34:31.541+0000][7][gc,cpu      ] GC(18) User=0.10s Sys=0.00s Real=0.04s
[2022-08-30T13:34:31.543+0000][7][safepoint   ] Safepoint "G1CollectForAllocation", Time since last: 961256399 ns, Reaching safepoint: 209954 ns, At safepoint: 42373276 ns, Total: 42583230 ns
[2022-08-30T13:34:31.609+0000][7][gc,start    ] GC(19) Pause Young (Concurrent Start) (Metadata GC Threshold)
[2022-08-30T13:34:31.610+0000][7][gc,task     ] GC(19) Using 6 workers of 6 for evacuation
[2022-08-30T13:34:31.610+0000][7][gc,age      ] GC(19) Desired survivor size 10485760 bytes, new threshold 1 (max threshold 15)
[2022-08-30T13:34:31.624+0000][7][gc,age      ] GC(19) Age table with threshold 1 (max threshold 15)
[2022-08-30T13:34:31.624+0000][7][gc,age      ] GC(19) - age   1:     481536 bytes,     481536 total
[2022-08-30T13:34:31.624+0000][7][gc,phases   ] GC(19)   Pre Evacuate Collection Set: 0.2ms
[2022-08-30T13:34:31.624+0000][7][gc,phases   ] GC(19)   Merge Heap Roots: 0.1ms
[2022-08-30T13:34:31.624+0000][7][gc,phases   ] GC(19)   Evacuate Collection Set: 12.3ms
[2022-08-30T13:34:31.624+0000][7][gc,phases   ] GC(19)   Post Evacuate Collection Set: 0.7ms
[2022-08-30T13:34:31.625+0000][7][gc,phases   ] GC(19)   Other: 1.4ms
[2022-08-30T13:34:31.625+0000][7][gc,heap     ] GC(19) Eden regions: 4->0(30)
[2022-08-30T13:34:31.625+0000][7][gc,heap     ] GC(19) Survivor regions: 5->1(5)
[2022-08-30T13:34:31.625+0000][7][gc,heap     ] GC(19) Old regions: 10->14
[2022-08-30T13:34:31.625+0000][7][gc,heap     ] GC(19) Archive regions: 2->2
[2022-08-30T13:34:31.626+0000][7][gc,heap     ] GC(19) Humongous regions: 0->0
[2022-08-30T13:34:31.626+0000][7][gc,metaspace] GC(19) Metaspace: 33564K(35840K)->33564K(35840K) NonClass: 29217K(30848K)->29217K(30848K) Class: 4346K(4992K)->4346K(4992K)
[2022-08-30T13:34:31.626+0000][7][gc          ] GC(19) Pause Young (Concurrent Start) (Metadata GC Threshold) 71M->62M(256M) 16.445ms
[2022-08-30T13:34:31.626+0000][7][gc,cpu      ] GC(19) User=0.06s Sys=0.00s Real=0.02s
[2022-08-30T13:34:31.626+0000][7][gc          ] GC(20) Concurrent Cycle
[2022-08-30T13:34:31.627+0000][7][gc,marking  ] GC(20) Concurrent Clear Claimed Marks
[2022-08-30T13:34:31.627+0000][7][gc,marking  ] GC(20) Concurrent Clear Claimed Marks 0.275ms
[2022-08-30T13:34:31.628+0000][7][gc,marking  ] GC(20) Concurrent Scan Root Regions
[2022-08-30T13:34:31.626+0000][7][safepoint   ] Safepoint "CollectForMetadataAllocation", Time since last: 66158823 ns, Reaching safepoint: 226856 ns, At safepoint: 17037740 ns, Total: 17264596 ns
[2022-08-30T13:34:31.633+0000][7][gc,marking  ] GC(20) Concurrent Scan Root Regions 5.669ms
[2022-08-30T13:34:31.634+0000][7][gc,marking  ] GC(20) Concurrent Mark (11.589s)
[2022-08-30T13:34:31.634+0000][7][gc,marking  ] GC(20) Concurrent Mark From Roots
[2022-08-30T13:34:31.634+0000][7][gc,task     ] GC(20) Using 2 workers of 2 for marking
[2022-08-30T13:34:31.649+0000][7][safepoint   ] Safepoint "CollectForMetadataAllocation", Time since last: 21843125 ns, Reaching safepoint: 180228 ns, At safepoint: 774543 ns, Total: 954771 ns
[2022-08-30T13:34:31.660+0000][7][gc,marking  ] GC(20) Concurrent Mark From Roots 26.614ms
[2022-08-30T13:34:31.661+0000][7][gc,marking  ] GC(20) Concurrent Preclean
[2022-08-30T13:34:31.661+0000][7][gc,marking  ] GC(20) Concurrent Preclean 0.330ms
[2022-08-30T13:34:31.661+0000][7][gc,marking  ] GC(20) Concurrent Mark (11.589s, 11.617s) 27.637ms
[2022-08-30T13:34:31.661+0000][7][gc,start    ] GC(20) Pause Remark
[2022-08-30T13:34:31.664+0000][7][gc          ] GC(20) Pause Remark 64M->64M(256M) 2.964ms
[2022-08-30T13:34:31.665+0000][7][gc,cpu      ] GC(20) User=0.01s Sys=0.00s Real=0.01s
[2022-08-30T13:34:31.665+0000][7][safepoint   ] Safepoint "G1Concurrent", Time since last: 12077916 ns, Reaching safepoint: 124333 ns, At safepoint: 3586568 ns, Total: 3710901 ns
[2022-08-30T13:34:31.665+0000][7][gc,marking  ] GC(20) Concurrent Rebuild Remembered Sets
[2022-08-30T13:34:31.692+0000][7][gc,marking  ] GC(20) Concurrent Rebuild Remembered Sets 26.173ms
[2022-08-30T13:34:31.692+0000][7][gc,start    ] GC(20) Pause Cleanup
[2022-08-30T13:34:31.693+0000][7][gc          ] GC(20) Pause Cleanup 68M->68M(256M) 0.416ms
[2022-08-30T13:34:31.693+0000][7][gc,cpu      ] GC(20) User=0.00s Sys=0.00s Real=0.00s
[2022-08-30T13:34:31.693+0000][7][safepoint   ] Safepoint "G1Concurrent", Time since last: 26804491 ns, Reaching safepoint: 514205 ns, At safepoint: 908233 ns, Total: 1422438 ns
[2022-08-30T13:34:31.694+0000][7][gc,marking  ] GC(20) Concurrent Cleanup for Next Mark
[2022-08-30T13:34:31.694+0000][7][gc,marking  ] GC(20) Concurrent Cleanup for Next Mark 0.578ms
[2022-08-30T13:34:31.695+0000][7][gc          ] GC(20) Concurrent Cycle 68.198ms
[2022-08-30T13:34:31.961+0000][7][gc,start    ] GC(21) Pause Young (Concurrent Start) (G1 Evacuation Pause)
[2022-08-30T13:34:31.961+0000][7][gc,task     ] GC(21) Using 6 workers of 6 for evacuation
[2022-08-30T13:34:31.962+0000][7][gc,age      ] GC(21) Desired survivor size 8388608 bytes, new threshold 15 (max threshold 15)
[2022-08-30T13:34:31.972+0000][7][gc,age      ] GC(21) Age table with threshold 15 (max threshold 15)
[2022-08-30T13:34:31.973+0000][7][gc,age      ] GC(21) - age   1:    1671848 bytes,    1671848 total
[2022-08-30T13:34:31.973+0000][7][gc,age      ] GC(21) - age   2:     466008 bytes,    2137856 total
[2022-08-30T13:34:31.974+0000][7][gc,phases   ] GC(21)   Pre Evacuate Collection Set: 0.4ms
[2022-08-30T13:34:31.974+0000][7][gc,phases   ] GC(21)   Merge Heap Roots: 0.1ms
[2022-08-30T13:34:31.974+0000][7][gc,phases   ] GC(21)   Evacuate Collection Set: 7.1ms
[2022-08-30T13:34:31.974+0000][7][gc,phases   ] GC(21)   Post Evacuate Collection Set: 0.9ms
[2022-08-30T13:34:31.974+0000][7][gc,phases   ] GC(21)   Other: 4.5ms
[2022-08-30T13:34:31.974+0000][7][gc,heap     ] GC(21) Eden regions: 30->0(31)
[2022-08-30T13:34:31.974+0000][7][gc,heap     ] GC(21) Survivor regions: 1->1(4)
[2022-08-30T13:34:31.975+0000][7][gc,heap     ] GC(21) Old regions: 14->14
[2022-08-30T13:34:31.975+0000][7][gc,heap     ] GC(21) Archive regions: 2->2
[2022-08-30T13:34:31.975+0000][7][gc,heap     ] GC(21) Humongous regions: 0->0
[2022-08-30T13:34:31.975+0000][7][gc,metaspace] GC(21) Metaspace: 36062K(38528K)->36062K(38528K) NonClass: 31473K(33280K)->31473K(33280K) Class: 4589K(5248K)->4589K(5248K)
[2022-08-30T13:34:31.976+0000][7][gc          ] GC(21) Pause Young (Concurrent Start) (G1 Evacuation Pause) 182M->61M(256M) 15.545ms
[2022-08-30T13:34:31.976+0000][7][gc,cpu      ] GC(21) User=0.02s Sys=0.00s Real=0.02s
[2022-08-30T13:34:31.977+0000][7][safepoint   ] Safepoint "G1CollectForAllocation", Time since last: 266813551 ns, Reaching safepoint: 405952 ns, At safepoint: 16094872 ns, Total: 16500824 ns
[2022-08-30T13:34:31.977+0000][7][gc          ] GC(22) Concurrent Cycle
[2022-08-30T13:34:31.983+0000][7][gc,marking  ] GC(22) Concurrent Clear Claimed Marks
[2022-08-30T13:34:31.983+0000][7][gc,marking  ] GC(22) Concurrent Clear Claimed Marks 0.296ms
[2022-08-30T13:34:31.983+0000][7][gc,marking  ] GC(22) Concurrent Scan Root Regions
[2022-08-30T13:34:31.985+0000][7][gc,marking  ] GC(22) Concurrent Scan Root Regions 2.127ms
[2022-08-30T13:34:31.987+0000][7][gc,marking  ] GC(22) Concurrent Mark (11.942s)
[2022-08-30T13:34:31.987+0000][7][gc,marking  ] GC(22) Concurrent Mark From Roots
[2022-08-30T13:34:31.987+0000][7][gc,task     ] GC(22) Using 2 workers of 2 for marking
[2022-08-30T13:34:32.045+0000][7][gc,marking  ] GC(22) Concurrent Mark From Roots 58.160ms
[2022-08-30T13:34:32.045+0000][7][gc,marking  ] GC(22) Concurrent Preclean
[2022-08-30T13:34:32.046+0000][7][gc,marking  ] GC(22) Concurrent Preclean 0.257ms
[2022-08-30T13:34:32.046+0000][7][gc,marking  ] GC(22) Concurrent Mark (11.942s, 12.001s) 59.141ms
[2022-08-30T13:34:32.046+0000][7][gc,start    ] GC(22) Pause Remark
[2022-08-30T13:34:32.054+0000][7][gc          ] GC(22) Pause Remark 69M->69M(256M) 7.848ms
[2022-08-30T13:34:32.054+0000][7][gc,cpu      ] GC(22) User=0.02s Sys=0.00s Real=0.01s
[2022-08-30T13:34:32.055+0000][7][safepoint   ] Safepoint "G1Concurrent", Time since last: 69311437 ns, Reaching safepoint: 171492 ns, At safepoint: 8520544 ns, Total: 8692036 ns
[2022-08-30T13:34:32.063+0000][7][gc,marking  ] GC(22) Concurrent Rebuild Remembered Sets
[2022-08-30T13:34:32.108+0000][7][gc,marking  ] GC(22) Concurrent Rebuild Remembered Sets 45.901ms
[2022-08-30T13:34:32.111+0000][7][gc,start    ] GC(22) Pause Cleanup
[2022-08-30T13:34:32.111+0000][7][gc          ] GC(22) Pause Cleanup 73M->73M(256M) 0.461ms
[2022-08-30T13:34:32.111+0000][7][gc,cpu      ] GC(22) User=0.01s Sys=0.00s Real=0.00s
[2022-08-30T13:34:32.112+0000][7][safepoint   ] Safepoint "G1Concurrent", Time since last: 55648357 ns, Reaching safepoint: 354154 ns, At safepoint: 898396 ns, Total: 1252550 ns
[2022-08-30T13:34:32.123+0000][7][gc,marking  ] GC(22) Concurrent Cleanup for Next Mark
[2022-08-30T13:34:32.124+0000][7][gc,marking  ] GC(22) Concurrent Cleanup for Next Mark 0.901ms
[2022-08-30T13:34:32.126+0000][7][gc          ] GC(22) Concurrent Cycle 149.202ms
[2022-08-30T13:34:33.813+0000][7][safepoint   ] Safepoint "Cleanup", Time since last: 1701128345 ns, Reaching safepoint: 227697 ns, At safepoint: 2354 ns, Total: 230051 ns
[2022-08-30T13:34:34.059+0000][7][gc,start    ] GC(23) Pause Young (Normal) (G1 Evacuation Pause)
[2022-08-30T13:34:34.059+0000][7][gc,task     ] GC(23) Using 6 workers of 6 for evacuation
[2022-08-30T13:34:34.060+0000][7][gc,age      ] GC(23) Desired survivor size 8388608 bytes, new threshold 15 (max threshold 15)
[2022-08-30T13:34:34.074+0000][7][gc,age      ] GC(23) Age table with threshold 15 (max threshold 15)
[2022-08-30T13:34:34.082+0000][7][gc,age      ] GC(23) - age   1:    5222704 bytes,    5222704 total
[2022-08-30T13:34:34.085+0000][7][gc,age      ] GC(23) - age   2:    1352464 bytes,    6575168 total
[2022-08-30T13:34:34.085+0000][7][gc,age      ] GC(23) - age   3:     465144 bytes,    7040312 total
[2022-08-30T13:34:34.085+0000][7][gc,phases   ] GC(23)   Pre Evacuate Collection Set: 0.1ms
[2022-08-30T13:34:34.086+0000][7][gc,phases   ] GC(23)   Merge Heap Roots: 0.1ms
[2022-08-30T13:34:34.086+0000][7][gc,phases   ] GC(23)   Evacuate Collection Set: 10.5ms
[2022-08-30T13:34:34.086+0000][7][gc,phases   ] GC(23)   Post Evacuate Collection Set: 3.5ms
[2022-08-30T13:34:34.086+0000][7][gc,phases   ] GC(23)   Other: 12.5ms
[2022-08-30T13:34:34.086+0000][7][gc,heap     ] GC(23) Eden regions: 31->0(30)
[2022-08-30T13:34:34.086+0000][7][gc,heap     ] GC(23) Survivor regions: 1->2(4)
[2022-08-30T13:34:34.086+0000][7][gc,heap     ] GC(23) Old regions: 14->14
[2022-08-30T13:34:34.086+0000][7][gc,heap     ] GC(23) Archive regions: 2->2
[2022-08-30T13:34:34.087+0000][7][gc,heap     ] GC(23) Humongous regions: 0->0
[2022-08-30T13:34:34.087+0000][7][gc,metaspace] GC(23) Metaspace: 51817K(55168K)->51817K(55168K) NonClass: 44879K(47360K)->44879K(47360K) Class: 6937K(7808K)->6937K(7808K)
[2022-08-30T13:34:34.087+0000][7][gc          ] GC(23) Pause Young (Normal) (G1 Evacuation Pause) 185M->66M(256M) 28.183ms
[2022-08-30T13:34:34.087+0000][7][gc,cpu      ] GC(23) User=0.04s Sys=0.01s Real=0.03s
[2022-08-30T13:34:34.087+0000][7][safepoint   ] Safepoint "G1CollectForAllocation", Time since last: 245326485 ns, Reaching safepoint: 441057 ns, At safepoint: 28561968 ns, Total: 29003025 ns
[2022-08-30T13:34:34.325+0000][7][safepoint   ] Safepoint "ICBufferFull", Time since last: 235004082 ns, Reaching safepoint: 2734089 ns, At safepoint: 28113 ns, Total: 2762202 ns
[2022-08-30T13:34:35.481+0000][7][safepoint   ] Safepoint "Cleanup", Time since last: 1155754597 ns, Reaching safepoint: 327615 ns, At safepoint: 25769 ns, Total: 353384 ns
[2022-08-30T13:34:36.235+0000][7][gc,start    ] GC(24) Pause Young (Concurrent Start) (Metadata GC Threshold)
[2022-08-30T13:34:36.235+0000][7][gc,task     ] GC(24) Using 6 workers of 6 for evacuation
[2022-08-30T13:34:36.235+0000][7][gc,age      ] GC(24) Desired survivor size 8388608 bytes, new threshold 15 (max threshold 15)
[2022-08-30T13:34:36.244+0000][7][gc,age      ] GC(24) Age table with threshold 15 (max threshold 15)
[2022-08-30T13:34:36.245+0000][7][gc,age      ] GC(24) - age   1:    4475224 bytes,    4475224 total
[2022-08-30T13:34:36.245+0000][7][gc,age      ] GC(24) - age   2:    5038888 bytes,    9514112 total
[2022-08-30T13:34:36.245+0000][7][gc,age      ] GC(24) - age   3:    1350808 bytes,   10864920 total
[2022-08-30T13:34:36.245+0000][7][gc,age      ] GC(24) - age   4:     465128 bytes,   11330048 total
[2022-08-30T13:34:36.245+0000][7][gc,phases   ] GC(24)   Pre Evacuate Collection Set: 0.2ms
[2022-08-30T13:34:36.245+0000][7][gc,phases   ] GC(24)   Merge Heap Roots: 0.1ms
[2022-08-30T13:34:36.246+0000][7][gc,phases   ] GC(24)   Evacuate Collection Set: 7.2ms
[2022-08-30T13:34:36.246+0000][7][gc,phases   ] GC(24)   Post Evacuate Collection Set: 1.4ms
[2022-08-30T13:34:36.246+0000][7][gc,phases   ] GC(24)   Other: 1.8ms
[2022-08-30T13:34:36.246+0000][7][gc,heap     ] GC(24) Eden regions: 28->0(30)
[2022-08-30T13:34:36.246+0000][7][gc,heap     ] GC(24) Survivor regions: 2->3(4)
[2022-08-30T13:34:36.246+0000][7][gc,heap     ] GC(24) Old regions: 14->14
[2022-08-30T13:34:36.247+0000][7][gc,heap     ] GC(24) Archive regions: 2->2
[2022-08-30T13:34:36.247+0000][7][gc,heap     ] GC(24) Humongous regions: 0->0
[2022-08-30T13:34:36.247+0000][7][gc,metaspace] GC(24) Metaspace: 61780K(65280K)->61780K(65280K) NonClass: 53455K(56064K)->53455K(56064K) Class: 8325K(9216K)->8325K(9216K)
[2022-08-30T13:34:36.247+0000][7][gc          ] GC(24) Pause Young (Concurrent Start) (Metadata GC Threshold) 178M->70M(256M) 12.431ms
[2022-08-30T13:34:36.247+0000][7][gc,cpu      ] GC(24) User=0.03s Sys=0.01s Real=0.01s
[2022-08-30T13:34:36.247+0000][7][gc          ] GC(25) Concurrent Cycle
[2022-08-30T13:34:36.248+0000][7][gc,marking  ] GC(25) Concurrent Clear Claimed Marks
[2022-08-30T13:34:36.248+0000][7][safepoint   ] Safepoint "CollectForMetadataAllocation", Time since last: 753090231 ns, Reaching safepoint: 390622 ns, At safepoint: 13144217 ns, Total: 13534839 ns
[2022-08-30T13:34:36.248+0000][7][gc,marking  ] GC(25) Concurrent Clear Claimed Marks 0.276ms
[2022-08-30T13:34:36.248+0000][7][gc,marking  ] GC(25) Concurrent Scan Root Regions
[2022-08-30T13:34:36.258+0000][7][gc,marking  ] GC(25) Concurrent Scan Root Regions 10.028ms
[2022-08-30T13:34:36.259+0000][7][gc,marking  ] GC(25) Concurrent Mark (16.214s)
[2022-08-30T13:34:36.259+0000][7][gc,marking  ] GC(25) Concurrent Mark From Roots
[2022-08-30T13:34:36.259+0000][7][gc,task     ] GC(25) Using 2 workers of 2 for marking
[2022-08-30T13:34:36.264+0000][7][safepoint   ] Safepoint "CollectForMetadataAllocation", Time since last: 14750379 ns, Reaching safepoint: 1094203 ns, At safepoint: 181861 ns, Total: 1276064 ns
[2022-08-30T13:34:36.285+0000][7][safepoint   ] Safepoint "CollectForMetadataAllocation", Time since last: 21167106 ns, Reaching safepoint: 195597 ns, At safepoint: 160922 ns, Total: 356519 ns
[2022-08-30T13:34:36.298+0000][7][gc,marking  ] GC(25) Concurrent Mark From Roots 38.836ms
[2022-08-30T13:34:36.298+0000][7][gc,marking  ] GC(25) Concurrent Preclean
[2022-08-30T13:34:36.299+0000][7][gc,marking  ] GC(25) Concurrent Preclean 0.403ms
[2022-08-30T13:34:36.299+0000][7][gc,marking  ] GC(25) Concurrent Mark (16.214s, 16.254s) 40.209ms
[2022-08-30T13:34:36.299+0000][7][gc,start    ] GC(25) Pause Remark
[2022-08-30T13:34:36.302+0000][7][gc          ] GC(25) Pause Remark 76M->76M(256M) 2.900ms
[2022-08-30T13:34:36.303+0000][7][gc,cpu      ] GC(25) User=0.02s Sys=0.00s Real=0.01s
[2022-08-30T13:34:36.303+0000][7][safepoint   ] Safepoint "G1Concurrent", Time since last: 13848478 ns, Reaching safepoint: 214512 ns, At safepoint: 3379440 ns, Total: 3593952 ns
[2022-08-30T13:34:36.303+0000][7][gc,marking  ] GC(25) Concurrent Rebuild Remembered Sets
[2022-08-30T13:34:36.323+0000][7][gc,marking  ] GC(25) Concurrent Rebuild Remembered Sets 20.491ms
[2022-08-30T13:34:36.325+0000][7][gc,start    ] GC(25) Pause Cleanup
[2022-08-30T13:34:36.325+0000][7][gc          ] GC(25) Pause Cleanup 76M->76M(256M) 0.577ms
[2022-08-30T13:34:36.326+0000][7][gc,cpu      ] GC(25) User=0.00s Sys=0.00s Real=0.00s
[2022-08-30T13:34:36.326+0000][7][safepoint   ] Safepoint "G1Concurrent", Time since last: 21133814 ns, Reaching safepoint: 971031 ns, At safepoint: 1041544 ns, Total: 2012575 ns
[2022-08-30T13:34:36.326+0000][7][gc,marking  ] GC(25) Concurrent Cleanup for Next Mark
[2022-08-30T13:34:36.327+0000][7][gc,marking  ] GC(25) Concurrent Cleanup for Next Mark 0.653ms
[2022-08-30T13:34:36.327+0000][7][gc          ] GC(25) Concurrent Cycle 79.639ms
[2022-08-30T13:34:37.509+0000][7][safepoint   ] Safepoint "ICBufferFull", Time since last: 1183004254 ns, Reaching safepoint: 215895 ns, At safepoint: 5741 ns, Total: 221636 ns
[2022-08-30T13:34:38.060+0000][7][safepoint   ] Safepoint "ICBufferFull", Time since last: 550552231 ns, Reaching safepoint: 274234 ns, At safepoint: 22843 ns, Total: 297077 ns
[2022-08-30T13:34:38.430+0000][7][gc,start    ] GC(26) Pause Young (Concurrent Start) (G1 Evacuation Pause)
[2022-08-30T13:34:38.431+0000][7][gc,task     ] GC(26) Using 6 workers of 6 for evacuation
[2022-08-30T13:34:38.431+0000][7][gc,age      ] GC(26) Desired survivor size 10485760 bytes, new threshold 3 (max threshold 15)
[2022-08-30T13:34:38.446+0000][7][gc,age      ] GC(26) Age table with threshold 3 (max threshold 15)
[2022-08-30T13:34:38.447+0000][7][gc,age      ] GC(26) - age   1:    6512304 bytes,    6512304 total
[2022-08-30T13:34:38.447+0000][7][gc,age      ] GC(26) - age   2:    4362432 bytes,   10874736 total
[2022-08-30T13:34:38.447+0000][7][gc,age      ] GC(26) - age   3:    4997624 bytes,   15872360 total
[2022-08-30T13:34:38.447+0000][7][gc,phases   ] GC(26)   Pre Evacuate Collection Set: 0.2ms
[2022-08-30T13:34:38.447+0000][7][gc,phases   ] GC(26)   Merge Heap Roots: 0.1ms
[2022-08-30T13:34:38.447+0000][7][gc,phases   ] GC(26)   Evacuate Collection Set: 12.7ms
[2022-08-30T13:34:38.448+0000][7][gc,phases   ] GC(26)   Post Evacuate Collection Set: 1.9ms
[2022-08-30T13:34:38.448+0000][7][gc,phases   ] GC(26)   Other: 1.8ms
[2022-08-30T13:34:38.448+0000][7][gc,heap     ] GC(26) Eden regions: 30->0(28)
[2022-08-30T13:34:38.448+0000][7][gc,heap     ] GC(26) Survivor regions: 3->4(5)
[2022-08-30T13:34:38.448+0000][7][gc,heap     ] GC(26) Old regions: 14->15
[2022-08-30T13:34:38.448+0000][7][gc,heap     ] GC(26) Archive regions: 2->2
[2022-08-30T13:34:38.449+0000][7][gc,heap     ] GC(26) Humongous regions: 0->0
[2022-08-30T13:34:38.449+0000][7][gc,metaspace] GC(26) Metaspace: 81540K(85964K)->81540K(85964K) NonClass: 70606K(73932K)->70606K(73932K) Class: 10934K(12032K)->10934K(12032K)
[2022-08-30T13:34:38.449+0000][7][gc          ] GC(26) Pause Young (Concurrent Start) (G1 Evacuation Pause) 190M->77M(256M) 18.431ms
[2022-08-30T13:34:38.449+0000][7][gc,cpu      ] GC(26) User=0.05s Sys=0.00s Real=0.02s
[2022-08-30T13:34:38.449+0000][7][gc          ] GC(27) Concurrent Cycle
[2022-08-30T13:34:38.450+0000][7][safepoint   ] Safepoint "G1CollectForAllocation", Time since last: 370203605 ns, Reaching safepoint: 254858 ns, At safepoint: 19158318 ns, Total: 19413176 ns
[2022-08-30T13:34:38.451+0000][7][gc,marking  ] GC(27) Concurrent Clear Claimed Marks
[2022-08-30T13:34:38.452+0000][7][gc,marking  ] GC(27) Concurrent Clear Claimed Marks 0.741ms
[2022-08-30T13:34:38.454+0000][7][gc,marking  ] GC(27) Concurrent Scan Root Regions
[2022-08-30T13:34:38.461+0000][7][gc,marking  ] GC(27) Concurrent Scan Root Regions 7.187ms
[2022-08-30T13:34:38.462+0000][7][gc,marking  ] GC(27) Concurrent Mark (18.417s)
[2022-08-30T13:34:38.462+0000][7][gc,marking  ] GC(27) Concurrent Mark From Roots
[2022-08-30T13:34:38.462+0000][7][gc,task     ] GC(27) Using 2 workers of 2 for marking
[2022-08-30T13:34:38.509+0000][7][gc,marking  ] GC(27) Concurrent Mark From Roots 46.999ms
[2022-08-30T13:34:38.509+0000][7][gc,marking  ] GC(27) Concurrent Preclean
[2022-08-30T13:34:38.510+0000][7][gc,marking  ] GC(27) Concurrent Preclean 0.417ms
[2022-08-30T13:34:38.510+0000][7][gc,marking  ] GC(27) Concurrent Mark (18.417s, 18.465s) 48.168ms
[2022-08-30T13:34:38.510+0000][7][gc,start    ] GC(27) Pause Remark
[2022-08-30T13:34:38.517+0000][7][gc          ] GC(27) Pause Remark 80M->80M(256M) 6.897ms
[2022-08-30T13:34:38.517+0000][7][gc,cpu      ] GC(27) User=0.02s Sys=0.00s Real=0.01s
[2022-08-30T13:34:38.518+0000][7][safepoint   ] Safepoint "G1Concurrent", Time since last: 60495921 ns, Reaching safepoint: 196910 ns, At safepoint: 7426380 ns, Total: 7623290 ns
[2022-08-30T13:34:38.518+0000][7][gc,marking  ] GC(27) Concurrent Rebuild Remembered Sets
[2022-08-30T13:34:38.545+0000][7][gc,marking  ] GC(27) Concurrent Rebuild Remembered Sets 27.497ms
[2022-08-30T13:34:38.549+0000][7][gc,start    ] GC(27) Pause Cleanup
[2022-08-30T13:34:38.550+0000][7][gc          ] GC(27) Pause Cleanup 81M->81M(256M) 0.970ms
[2022-08-30T13:34:38.550+0000][7][gc,cpu      ] GC(27) User=0.00s Sys=0.00s Real=0.00s
[2022-08-30T13:34:38.551+0000][7][safepoint   ] Safepoint "G1Concurrent", Time since last: 28474574 ns, Reaching safepoint: 2588697 ns, At safepoint: 1916685 ns, Total: 4505382 ns
[2022-08-30T13:34:38.552+0000][7][gc,marking  ] GC(27) Concurrent Cleanup for Next Mark
[2022-08-30T13:34:38.561+0000][7][gc,marking  ] GC(27) Concurrent Cleanup for Next Mark 8.788ms
[2022-08-30T13:34:38.561+0000][7][gc          ] GC(27) Concurrent Cycle 111.600ms
[2022-08-30T13:34:39.552+0000][7][safepoint   ] Safepoint "Cleanup", Time since last: 1001256182 ns, Reaching safepoint: 178806 ns, At safepoint: 4688 ns, Total: 183494 ns
[2022-08-30T13:34:40.553+0000][7][safepoint   ] Safepoint "Cleanup", Time since last: 1000444390 ns, Reaching safepoint: 340329 ns, At safepoint: 12564 ns, Total: 352893 ns
[2022-08-30T13:34:41.885+0000][7][safepoint   ] Safepoint "ICBufferFull", Time since last: 1331377609 ns, Reaching safepoint: 278433 ns, At safepoint: 22993 ns, Total: 301426 ns
[2022-08-30T13:34:42.886+0000][7][safepoint   ] Safepoint "Cleanup", Time since last: 1000681204 ns, Reaching safepoint: 598663 ns, At safepoint: 76714 ns, Total: 675377 ns
[2022-08-30T13:34:43.887+0000][7][safepoint   ] Safepoint "Cleanup", Time since last: 1000598058 ns, Reaching safepoint: 198983 ns, At safepoint: 6482 ns, Total: 205465 ns
[2022-08-30T13:34:44.887+0000][7][safepoint   ] Safepoint "Cleanup", Time since last: 1000492791 ns, Reaching safepoint: 235212 ns, At safepoint: 23333 ns, Total: 258545 ns
[2022-08-30T13:34:48.510+0000][7][safepoint   ] Safepoint "Cleanup", Time since last: 3622749020 ns, Reaching safepoint: 228068 ns, At safepoint: 22011 ns, Total: 250079 ns
[2022-08-30T13:34:49.511+0000][7][safepoint   ] Safepoint "Cleanup", Time since last: 1000299328 ns, Reaching safepoint: 310793 ns, At safepoint: 10770 ns, Total: 321563 ns
[2022-08-30T13:35:00.513+0000][7][safepoint   ] Safepoint "Cleanup", Time since last: 11002994817 ns, Reaching safepoint: 223189 ns, At safepoint: 2575 ns, Total: 225764 ns
[2022-08-30T13:35:02.514+0000][7][safepoint   ] Safepoint "Cleanup", Time since last: 2000897827 ns, Reaching safepoint: 161773 ns, At safepoint: 3156 ns, Total: 164929 ns
[2022-08-30T13:35:04.516+0000][7][safepoint   ] Safepoint "Cleanup", Time since last: 2000672254 ns, Reaching safepoint: 477074 ns, At safepoint: 38693 ns, Total: 515767 ns
[2022-08-30T13:35:06.517+0000][7][safepoint   ] Safepoint "Cleanup", Time since last: 2000835871 ns, Reaching safepoint: 345648 ns, At safepoint: 62007 ns, Total: 407655 ns
[2022-08-30T13:35:07.518+0000][7][safepoint   ] Safepoint "Cleanup", Time since last: 1000640006 ns, Reaching safepoint: 519014 ns, At safepoint: 5901 ns, Total: 524915 ns
[2022-08-30T13:35:09.519+0000][7][safepoint   ] Safepoint "Cleanup", Time since last: 2001051274 ns, Reaching safepoint: 361258 ns, At safepoint: 4659 ns, Total: 365917 ns
[2022-08-30T13:35:10.522+0000][7][safepoint   ] Safepoint "Cleanup", Time since last: 1002010257 ns, Reaching safepoint: 256632 ns, At safepoint: 35236 ns, Total: 291868 ns
[2022-08-30T13:35:11.523+0000][7][safepoint   ] Safepoint "Cleanup", Time since last: 1000763408 ns, Reaching safepoint: 248967 ns, At safepoint: 35577 ns, Total: 284544 ns
[2022-08-30T13:35:12.523+0000][7][safepoint   ] Safepoint "Cleanup", Time since last: 1000288978 ns, Reaching safepoint: 226315 ns, At safepoint: 9518 ns, Total: 235833 ns
[2022-08-30T13:35:18.564+0000][7][safepoint   ] Safepoint "Cleanup", Time since last: 6039888742 ns, Reaching safepoint: 331883 ns, At safepoint: 109645 ns, Total: 441528 ns
[2022-08-30T13:35:19.564+0000][7][safepoint   ] Safepoint "Cleanup", Time since last: 1000213077 ns, Reaching safepoint: 193082 ns, At safepoint: 26119 ns, Total: 219201 ns
[2022-08-30T13:35:22.565+0000][7][safepoint   ] Safepoint "Cleanup", Time since last: 3000754153 ns, Reaching safepoint: 324729 ns, At safepoint: 33814 ns, Total: 358543 ns
[2022-08-30T13:35:23.566+0000][7][safepoint   ] Safepoint "Cleanup", Time since last: 1000747759 ns, Reaching safepoint: 330019 ns, At safepoint: 9278 ns, Total: 339297 ns
[2022-08-30T13:35:26.567+0000][7][safepoint   ] Safepoint "Cleanup", Time since last: 3000933730 ns, Reaching safepoint: 255199 ns, At safepoint: 8105 ns, Total: 263304 ns
[2022-08-30T13:35:27.568+0000][7][safepoint   ] Safepoint "Cleanup", Time since last: 1000655075 ns, Reaching safepoint: 266069 ns, At safepoint: 4679 ns, Total: 270748 ns
[2022-08-30T13:35:28.569+0000][7][safepoint   ] Safepoint "Cleanup", Time since last: 1000737039 ns, Reaching safepoint: 212458 ns, At safepoint: 4559 ns, Total: 217017 ns
[2022-08-30T13:35:33.570+0000][7][safepoint   ] Safepoint "Cleanup", Time since last: 5001113870 ns, Reaching safepoint: 286598 ns, At safepoint: 52979 ns, Total: 339577 ns
[2022-08-30T13:35:35.572+0000][7][safepoint   ] Safepoint "Cleanup", Time since last: 2000892307 ns, Reaching safepoint: 354505 ns, At safepoint: 4598 ns, Total: 359103 ns
[2022-08-30T13:35:40.574+0000][7][safepoint   ] Safepoint "Cleanup", Time since last: 5001915355 ns, Reaching safepoint: 345217 ns, At safepoint: 8266 ns, Total: 353483 ns
[2022-08-30T13:35:43.575+0000][7][safepoint   ] Safepoint "Cleanup", Time since last: 3000995496 ns, Reaching safepoint: 469471 ns, At safepoint: 6141 ns, Total: 475612 ns
[2022-08-30T13:35:44.577+0000][7][safepoint   ] Safepoint "Cleanup", Time since last: 1001070485 ns, Reaching safepoint: 480501 ns, At safepoint: 6001 ns, Total: 486502 ns
[2022-08-30T13:35:48.579+0000][7][safepoint   ] Safepoint "Cleanup", Time since last: 4001758454 ns, Reaching safepoint: 433654 ns, At safepoint: 59671 ns, Total: 493325 ns
[2022-08-30T13:35:50.770+0000][7][safepoint   ] Safepoint "Cleanup", Time since last: 2190266674 ns, Reaching safepoint: 581400 ns, At safepoint: 74720 ns, Total: 656120 ns
[2022-08-30T13:35:51.771+0000][7][safepoint   ] Safepoint "Cleanup", Time since last: 1000709558 ns, Reaching safepoint: 520135 ns, At safepoint: 121228 ns, Total: 641363 ns
[2022-08-30T13:36:01.774+0000][7][safepoint   ] Safepoint "Cleanup", Time since last: 10002302832 ns, Reaching safepoint: 434736 ns, At safepoint: 4138 ns, Total: 438874 ns
[2022-08-30T13:36:04.776+0000][7][safepoint   ] Safepoint "Cleanup", Time since last: 3001152080 ns, Reaching safepoint: 230722 ns, At safepoint: 4559 ns, Total: 235281 ns
[2022-08-30T13:36:09.777+0000][7][safepoint   ] Safepoint "Cleanup", Time since last: 5001209911 ns, Reaching safepoint: 338014 ns, At safepoint: 18104 ns, Total: 356118 ns
[2022-08-30T13:36:14.779+0000][7][safepoint   ] Safepoint "Cleanup", Time since last: 5001320749 ns, Reaching safepoint: 476123 ns, At safepoint: 4459 ns, Total: 480582 ns
[2022-08-30T13:36:19.781+0000][7][safepoint   ] Safepoint "Cleanup", Time since last: 5001540280 ns, Reaching safepoint: 365626 ns, At safepoint: 15359 ns, Total: 380985 ns
[2022-08-30T13:36:21.782+0000][7][safepoint   ] Safepoint "Cleanup", Time since last: 2001319979 ns, Reaching safepoint: 308629 ns, At safepoint: 6081 ns, Total: 314710 ns
[2022-08-30T13:36:22.784+0000][7][safepoint   ] Safepoint "Cleanup", Time since last: 1000845472 ns, Reaching safepoint: 336652 ns, At safepoint: 3697 ns, Total: 340349 ns
[2022-08-30T13:36:24.785+0000][7][safepoint   ] Safepoint "Cleanup", Time since last: 2001385511 ns, Reaching safepoint: 357631 ns, At safepoint: 44724 ns, Total: 402355 ns
[2022-08-30T13:36:29.788+0000][7][safepoint   ] Safepoint "Cleanup", Time since last: 5001262960 ns, Reaching safepoint: 361809 ns, At safepoint: 13766 ns, Total: 375575 ns
[2022-08-30T13:36:34.789+0000][7][safepoint   ] Safepoint "Cleanup", Time since last: 5001556932 ns, Reaching safepoint: 255830 ns, At safepoint: 34254 ns, Total: 290084 ns
[2022-08-30T13:36:39.791+0000][7][safepoint   ] Safepoint "Cleanup", Time since last: 5001334004 ns, Reaching safepoint: 534472 ns, At safepoint: 42550 ns, Total: 577022 ns
[2022-08-30T13:36:42.793+0000][7][safepoint   ] Safepoint "Cleanup", Time since last: 3001552381 ns, Reaching safepoint: 353213 ns, At safepoint: 4398 ns, Total: 357611 ns
[2022-08-30T13:36:44.796+0000][7][safepoint   ] Safepoint "Cleanup", Time since last: 2001871864 ns, Reaching safepoint: 396072 ns, At safepoint: 65673 ns, Total: 461745 ns
[2022-08-30T13:36:45.797+0000][7][safepoint   ] Safepoint "Cleanup", Time since last: 1000661869 ns, Reaching safepoint: 394981 ns, At safepoint: 57788 ns, Total: 452769 ns
[2022-08-30T13:36:49.798+0000][7][safepoint   ] Safepoint "Cleanup", Time since last: 4001236174 ns, Reaching safepoint: 420328 ns, At safepoint: 65303 ns, Total: 485631 ns
[2022-08-30T13:36:50.800+0000][7][safepoint   ] Safepoint "Cleanup", Time since last: 1001172436 ns, Reaching safepoint: 351219 ns, At safepoint: 58549 ns, Total: 409768 ns
[2022-08-30T13:36:52.801+0000][7][safepoint   ] Safepoint "Cleanup", Time since last: 2000983969 ns, Reaching safepoint: 330820 ns, At safepoint: 13075 ns, Total: 343895 ns
[2022-08-30T13:37:10.138+0000][7][gc,start    ] GC(28) Pause Young (Normal) (G1 Evacuation Pause)
[2022-08-30T13:37:10.139+0000][7][gc,task     ] GC(28) Using 6 workers of 6 for evacuation
[2022-08-30T13:37:10.139+0000][7][gc,age      ] GC(28) Desired survivor size 8388608 bytes, new threshold 2 (max threshold 15)
[2022-08-30T13:37:10.169+0000][7][gc,age      ] GC(28) Age table with threshold 2 (max threshold 15)
[2022-08-30T13:37:10.169+0000][7][gc,age      ] GC(28) - age   1:    5827768 bytes,    5827768 total
[2022-08-30T13:37:10.170+0000][7][gc,age      ] GC(28) - age   2:    6244040 bytes,   12071808 total
[2022-08-30T13:37:10.170+0000][7][gc,phases   ] GC(28)   Pre Evacuate Collection Set: 0.1ms
[2022-08-30T13:37:10.170+0000][7][gc,phases   ] GC(28)   Merge Heap Roots: 0.1ms
[2022-08-30T13:37:10.171+0000][7][gc,phases   ] GC(28)   Evacuate Collection Set: 24.9ms
[2022-08-30T13:37:10.171+0000][7][gc,phases   ] GC(28)   Post Evacuate Collection Set: 4.1ms
[2022-08-30T13:37:10.172+0000][7][gc,phases   ] GC(28)   Other: 2.5ms
[2022-08-30T13:37:10.172+0000][7][gc,heap     ] GC(28) Eden regions: 28->0(25)
[2022-08-30T13:37:10.173+0000][7][gc,heap     ] GC(28) Survivor regions: 4->4(4)
[2022-08-30T13:37:10.174+0000][7][gc,heap     ] GC(28) Old regions: 15->17
[2022-08-30T13:37:10.174+0000][7][gc,heap     ] GC(28) Archive regions: 2->2
[2022-08-30T13:37:10.175+0000][7][gc,heap     ] GC(28) Humongous regions: 2->2
[2022-08-30T13:37:10.175+0000][7][gc,metaspace] GC(28) Metaspace: 93780K(98508K)->93780K(98508K) NonClass: 81037K(84684K)->81037K(84684K) Class: 12742K(13824K)->12742K(13824K)
[2022-08-30T13:37:10.175+0000][7][gc          ] GC(28) Pause Young (Normal) (G1 Evacuation Pause) 197M->90M(256M) 37.056ms
[2022-08-30T13:37:10.176+0000][7][gc,cpu      ] GC(28) User=0.12s Sys=0.01s Real=0.04s
[2022-08-30T13:37:10.177+0000][7][safepoint   ] Safepoint "G1CollectForAllocation", Time since last: 17336915899 ns, Reaching safepoint: 277010 ns, At safepoint: 38360458 ns, Total: 38637468 ns
[2022-08-30T13:37:12.178+0000][7][safepoint   ] Safepoint "Cleanup", Time since last: 2000763515 ns, Reaching safepoint: 267051 ns, At safepoint: 16952 ns, Total: 284003 ns
[2022-08-30T13:37:15.330+0000][7][safepoint   ] Safepoint "Cleanup", Time since last: 3151741091 ns, Reaching safepoint: 182964 ns, At safepoint: 29515 ns, Total: 212479 ns
[2022-08-30T13:37:19.565+0000][7][safepoint   ] Safepoint "Cleanup", Time since last: 4234765599 ns, Reaching safepoint: 364344 ns, At safepoint: 69390 ns, Total: 433734 ns
[2022-08-30T13:37:20.565+0000][7][safepoint   ] Safepoint "Cleanup", Time since last: 1000279440 ns, Reaching safepoint: 146996 ns, At safepoint: 2715 ns, Total: 149711 ns
[2022-08-30T13:37:29.957+0000][7][safepoint   ] Safepoint "Cleanup", Time since last: 9391130206 ns, Reaching safepoint: 520597 ns, At safepoint: 6562 ns, Total: 527159 ns
[2022-08-30T13:37:38.961+0000][7][safepoint   ] Safepoint "Cleanup", Time since last: 9002850584 ns, Reaching safepoint: 278082 ns, At safepoint: 62136 ns, Total: 340218 ns
[2022-08-30T13:37:40.962+0000][7][safepoint   ] Safepoint "Cleanup", Time since last: 2000874493 ns, Reaching safepoint: 327995 ns, At safepoint: 33674 ns, Total: 361669 ns
[2022-08-30T13:37:49.964+0000][7][safepoint   ] Safepoint "Cleanup", Time since last: 9001474422 ns, Reaching safepoint: 511460 ns, At safepoint: 6391 ns, Total: 517851 ns
[2022-08-30T13:37:59.968+0000][7][safepoint   ] Safepoint "Cleanup", Time since last: 10003436730 ns, Reaching safepoint: 345007 ns, At safepoint: 4048 ns, Total: 349055 ns
[2022-08-30T13:38:00.969+0000][7][safepoint   ] Safepoint "Cleanup", Time since last: 1000887741 ns, Reaching safepoint: 343394 ns, At safepoint: 4479 ns, Total: 347873 ns
[2022-08-30T13:38:10.971+0000][7][safepoint   ] Safepoint "Cleanup", Time since last: 10002018909 ns, Reaching safepoint: 287460 ns, At safepoint: 43612 ns, Total: 331072 ns
[2022-08-30T13:38:19.974+0000][7][safepoint   ] Safepoint "Cleanup", Time since last: 9001754778 ns, Reaching safepoint: 325621 ns, At safepoint: 15780 ns, Total: 341401 ns
[2022-08-30T13:38:37.976+0000][7][safepoint   ] Safepoint "Cleanup", Time since last: 18003357981 ns, Reaching safepoint: 271379 ns, At safepoint: 9638 ns, Total: 281017 ns
[2022-08-30T13:38:40.978+0000][7][safepoint   ] Safepoint "Cleanup", Time since last: 3001184361 ns, Reaching safepoint: 551013 ns, At safepoint: 13255 ns, Total: 564268 ns
[2022-08-30T13:38:41.979+0000][7][safepoint   ] Safepoint "Cleanup", Time since last: 1001253508 ns, Reaching safepoint: 271960 ns, At safepoint: 34455 ns, Total: 306415 ns
[2022-08-30T13:38:42.980+0000][7][safepoint   ] Safepoint "Cleanup", Time since last: 1000709227 ns, Reaching safepoint: 463259 ns, At safepoint: 6242 ns, Total: 469501 ns
[2022-08-30T13:38:44.982+0000][7][safepoint   ] Safepoint "Cleanup", Time since last: 2001068937 ns, Reaching safepoint: 327504 ns, At safepoint: 3517 ns, Total: 331021 ns
[2022-08-30T13:38:47.983+0000][7][safepoint   ] Safepoint "Cleanup", Time since last: 3001212884 ns, Reaching safepoint: 370886 ns, At safepoint: 3667 ns, Total: 374553 ns
[2022-08-30T13:38:49.984+0000][7][safepoint   ] Safepoint "Cleanup", Time since last: 2000801205 ns, Reaching safepoint: 338976 ns, At safepoint: 15799 ns, Total: 354775 ns
[2022-08-30T13:39:05.989+0000][7][safepoint   ] Safepoint "Cleanup", Time since last: 16003277399 ns, Reaching safepoint: 497002 ns, At safepoint: 6392 ns, Total: 503394 ns
[2022-08-30T13:39:09.991+0000][7][safepoint   ] Safepoint "Cleanup", Time since last: 4001697539 ns, Reaching safepoint: 335840 ns, At safepoint: 49744 ns, Total: 385584 ns
[2022-08-30T13:39:10.992+0000][7][safepoint   ] Safepoint "Cleanup", Time since last: 1000953926 ns, Reaching safepoint: 484488 ns, At safepoint: 5992 ns, Total: 490480 ns
[2022-08-30T13:39:20.002+0000][7][safepoint   ] Safepoint "Cleanup", Time since last: 9009287578 ns, Reaching safepoint: 441418 ns, At safepoint: 271449 ns, Total: 712867 ns
[2022-08-30T13:39:21.003+0000][7][safepoint   ] Safepoint "Cleanup", Time since last: 1000660335 ns, Reaching safepoint: 485661 ns, At safepoint: 6202 ns, Total: 491863 ns
[2022-08-30T13:39:45.010+0000][7][safepoint   ] Safepoint "Cleanup", Time since last: 24004273768 ns, Reaching safepoint: 480742 ns, At safepoint: 15118 ns, Total: 495860 ns
[2022-08-30T13:39:51.012+0000][7][safepoint   ] Safepoint "Cleanup", Time since last: 6001618433 ns, Reaching safepoint: 527079 ns, At safepoint: 5971 ns, Total: 533050 ns
[2022-08-30T13:40:21.017+0000][7][safepoint   ] Safepoint "Cleanup", Time since last: 30005208378 ns, Reaching safepoint: 514295 ns, At safepoint: 6272 ns, Total: 520567 ns
[2022-08-30T13:40:25.021+0000][7][safepoint   ] Safepoint "Cleanup", Time since last: 4004362148 ns, Reaching safepoint: 373881 ns, At safepoint: 3437 ns, Total: 377318 ns
[2022-08-30T13:40:41.040+0000][7][safepoint   ] Safepoint "Cleanup", Time since last: 16018323962 ns, Reaching safepoint: 350949 ns, At safepoint: 7374 ns, Total: 358323 ns
[2022-08-30T13:40:51.043+0000][7][safepoint   ] Safepoint "Cleanup", Time since last: 10002463814 ns, Reaching safepoint: 516309 ns, At safepoint: 5730 ns, Total: 522039 ns
[2022-08-30T13:41:01.046+0000][7][safepoint   ] Safepoint "Cleanup", Time since last: 10003029927 ns, Reaching safepoint: 484940 ns, At safepoint: 6251 ns, Total: 491191 ns
[2022-08-30T13:41:21.050+0000][7][safepoint   ] Safepoint "Cleanup", Time since last: 20003779526 ns, Reaching safepoint: 592892 ns, At safepoint: 72436 ns, Total: 665328 ns
[2022-08-30T13:41:41.057+0000][7][safepoint   ] Safepoint "Cleanup", Time since last: 20004463598 ns, Reaching safepoint: 481474 ns, At safepoint: 6041 ns, Total: 487515 ns
[2022-08-30T13:41:43.058+0000][7][safepoint   ] Safepoint "Cleanup", Time since last: 2001399888 ns, Reaching safepoint: 348905 ns, At safepoint: 7644 ns, Total: 356549 ns
[2022-08-30T13:41:51.061+0000][7][safepoint   ] Safepoint "Cleanup", Time since last: 8002093698 ns, Reaching safepoint: 519575 ns, At safepoint: 9698 ns, Total: 529273 ns
[2022-08-30T13:42:13.065+0000][7][safepoint   ] Safepoint "Cleanup", Time since last: 22004906651 ns, Reaching safepoint: 265819 ns, At safepoint: 4308 ns, Total: 270127 ns
[2022-08-30T13:42:16.066+0000][7][safepoint   ] Safepoint "Cleanup", Time since last: 3001090255 ns, Reaching safepoint: 484979 ns, At safepoint: 5841 ns, Total: 490820 ns
[2022-08-30T13:42:21.069+0000][7][safepoint   ] Safepoint "Cleanup", Time since last: 5001590605 ns, Reaching safepoint: 548058 ns, At safepoint: 5681 ns, Total: 553739 ns
[2022-08-30T13:42:41.073+0000][7][safepoint   ] Safepoint "Cleanup", Time since last: 20004551984 ns, Reaching safepoint: 513133 ns, At safepoint: 6221 ns, Total: 519354 ns
[2022-08-30T13:42:45.076+0000][7][safepoint   ] Safepoint "Cleanup", Time since last: 4002442227 ns, Reaching safepoint: 325330 ns, At safepoint: 4168 ns, Total: 329498 ns
[2022-08-30T13:42:47.080+0000][7][safepoint   ] Safepoint "Cleanup", Time since last: 2003508714 ns, Reaching safepoint: 406032 ns, At safepoint: 54993 ns, Total: 461025 ns
[2022-08-30T13:42:51.082+0000][7][safepoint   ] Safepoint "Cleanup", Time since last: 4002057635 ns, Reaching safepoint: 527980 ns, At safepoint: 6773 ns, Total: 534753 ns
[2022-08-30T13:42:59.085+0000][7][safepoint   ] Safepoint "Cleanup", Time since last: 8002473490 ns, Reaching safepoint: 425538 ns, At safepoint: 6393 ns, Total: 431931 ns
[2022-08-30T13:43:13.089+0000][7][safepoint   ] Safepoint "Cleanup", Time since last: 14002625553 ns, Reaching safepoint: 356478 ns, At safepoint: 13155 ns, Total: 369633 ns
[2022-08-30T13:43:21.092+0000][7][safepoint   ] Safepoint "Cleanup", Time since last: 8001950529 ns, Reaching safepoint: 581221 ns, At safepoint: 5730 ns, Total: 586951 ns
[2022-08-30T13:43:26.094+0000][7][safepoint   ] Safepoint "Cleanup", Time since last: 5002113627 ns, Reaching safepoint: 340288 ns, At safepoint: 3487 ns, Total: 343775 ns
[2022-08-30T13:43:30.096+0000][7][safepoint   ] Safepoint "Cleanup", Time since last: 4001500649 ns, Reaching safepoint: 289563 ns, At safepoint: 7194 ns, Total: 296757 ns
[2022-08-30T13:43:43.099+0000][7][safepoint   ] Safepoint "Cleanup", Time since last: 13002766721 ns, Reaching safepoint: 475553 ns, At safepoint: 5971 ns, Total: 481524 ns
[2022-08-30T13:43:51.102+0000][7][safepoint   ] Safepoint "Cleanup", Time since last: 8002246023 ns, Reaching safepoint: 415049 ns, At safepoint: 7063 ns, Total: 422112 ns
[2022-08-30T13:44:11.106+0000][7][safepoint   ] Safepoint "Cleanup", Time since last: 20003995650 ns, Reaching safepoint: 503404 ns, At safepoint: 5972 ns, Total: 509376 ns
[2022-08-30T13:44:21.113+0000][7][safepoint   ] Safepoint "Cleanup", Time since last: 10006703187 ns, Reaching safepoint: 367449 ns, At safepoint: 8236 ns, Total: 375685 ns
[2022-08-30T13:44:51.122+0000][7][safepoint   ] Safepoint "Cleanup", Time since last: 30007580658 ns, Reaching safepoint: 791925 ns, At safepoint: 157396 ns, Total: 949321 ns
[2022-08-30T13:44:59.125+0000][7][safepoint   ] Safepoint "Cleanup", Time since last: 8002684245 ns, Reaching safepoint: 351169 ns, At safepoint: 56737 ns, Total: 407906 ns
[2022-08-30T13:45:11.128+0000][7][safepoint   ] Safepoint "Cleanup", Time since last: 12002765502 ns, Reaching safepoint: 466496 ns, At safepoint: 6432 ns, Total: 472928 ns
[2022-08-30T13:45:22.131+0000][7][safepoint   ] Safepoint "Cleanup", Time since last: 11002308900 ns, Reaching safepoint: 537889 ns, At safepoint: 12213 ns, Total: 550102 ns
[2022-08-30T13:45:41.136+0000][7][safepoint   ] Safepoint "Cleanup", Time since last: 19004053163 ns, Reaching safepoint: 336531 ns, At safepoint: 14006 ns, Total: 350537 ns
[2022-08-30T13:45:52.138+0000][7][safepoint   ] Safepoint "Cleanup", Time since last: 11002285086 ns, Reaching safepoint: 349986 ns, At safepoint: 8486 ns, Total: 358472 ns
[2022-08-30T13:46:22.145+0000][7][safepoint   ] Safepoint "Cleanup", Time since last: 30005915274 ns, Reaching safepoint: 592702 ns, At safepoint: 6001 ns, Total: 598703 ns
[2022-08-30T13:46:30.153+0000][7][safepoint   ] Safepoint "Cleanup", Time since last: 8003193611 ns, Reaching safepoint: 513423 ns, At safepoint: 5971 ns, Total: 519394 ns
[2022-08-30T13:46:31.155+0000][7][safepoint   ] Safepoint "Cleanup", Time since last: 1001115990 ns, Reaching safepoint: 380824 ns, At safepoint: 13565 ns, Total: 394389 ns
[2022-08-30T13:46:41.157+0000][7][safepoint   ] Safepoint "Cleanup", Time since last: 10002159143 ns, Reaching safepoint: 310784 ns, At safepoint: 6081 ns, Total: 316865 ns
[2022-08-30T13:46:52.159+0000][7][safepoint   ] Safepoint "Cleanup", Time since last: 11002010741 ns, Reaching safepoint: 231364 ns, At safepoint: 8155 ns, Total: 239519 ns
[2022-08-30T13:47:22.168+0000][7][safepoint   ] Safepoint "Cleanup", Time since last: 30009869873 ns, Reaching safepoint: 571002 ns, At safepoint: 64841 ns, Total: 635843 ns
[2022-08-30T13:47:52.168+0000][7][safepoint   ] Safepoint "Cleanup", Time since last: 30006292833 ns, Reaching safepoint: 393417 ns, At safepoint: 55985 ns, Total: 449402 ns
[2022-08-30T13:48:11.176+0000][7][safepoint   ] Safepoint "Cleanup", Time since last: 19004019850 ns, Reaching safepoint: 521769 ns, At safepoint: 6192 ns, Total: 527961 ns
[2022-08-30T13:48:15.178+0000][7][safepoint   ] Safepoint "Cleanup", Time since last: 4001331572 ns, Reaching safepoint: 489068 ns, At safepoint: 6282 ns, Total: 495350 ns
[2022-08-30T13:48:22.181+0000][7][safepoint   ] Safepoint "Cleanup", Time since last: 7002234385 ns, Reaching safepoint: 351980 ns, At safepoint: 50174 ns, Total: 402154 ns
[2022-08-30T13:48:52.188+0000][7][safepoint   ] Safepoint "Cleanup", Time since last: 30005781524 ns, Reaching safepoint: 513934 ns, At safepoint: 5781 ns, Total: 519715 ns
[2022-08-30T13:48:58.190+0000][7][safepoint   ] Safepoint "Cleanup", Time since last: 6001944044 ns, Reaching safepoint: 383650 ns, At safepoint: 6542 ns, Total: 390192 ns
[2022-08-30T13:49:22.196+0000][7][safepoint   ] Safepoint "Cleanup", Time since last: 24004488711 ns, Reaching safepoint: 408256 ns, At safepoint: 56666 ns, Total: 464922 ns
[2022-08-30T13:49:40.202+0000][7][safepoint   ] Safepoint "Cleanup", Time since last: 18005999296 ns, Reaching safepoint: 404639 ns, At safepoint: 10280 ns, Total: 414919 ns
[2022-08-30T13:49:41.204+0000][7][safepoint   ] Safepoint "Cleanup", Time since last: 1000809345 ns, Reaching safepoint: 532188 ns, At safepoint: 6442 ns, Total: 538630 ns
[2022-08-30T13:49:48.206+0000][7][safepoint   ] Safepoint "Cleanup", Time since last: 7001837551 ns, Reaching safepoint: 327003 ns, At safepoint: 34094 ns, Total: 361097 ns
[2022-08-30T13:49:49.207+0000][7][safepoint   ] Safepoint "Cleanup", Time since last: 1000754902 ns, Reaching safepoint: 376076 ns, At safepoint: 60654 ns, Total: 436730 ns
[2022-08-30T13:49:52.209+0000][7][safepoint   ] Safepoint "Cleanup", Time since last: 3001141950 ns, Reaching safepoint: 584477 ns, At safepoint: 79649 ns, Total: 664126 ns
[2022-08-30T13:50:11.212+0000][7][safepoint   ] Safepoint "Cleanup", Time since last: 19004364446 ns, Reaching safepoint: 322265 ns, At safepoint: 13806 ns, Total: 336071 ns
[2022-08-30T13:50:22.215+0000][7][safepoint   ] Safepoint "Cleanup", Time since last: 11002107132 ns, Reaching safepoint: 590698 ns, At safepoint: 56746 ns, Total: 647444 ns
[2022-08-30T13:50:30.217+0000][7][safepoint   ] Safepoint "Cleanup", Time since last: 8002104879 ns, Reaching safepoint: 478006 ns, At safepoint: 6242 ns, Total: 484248 ns
[2022-08-30T13:50:53.223+0000][7][safepoint   ] Safepoint "Cleanup", Time since last: 23004993031 ns, Reaching safepoint: 613310 ns, At safepoint: 3818 ns, Total: 617128 ns
[2022-08-30T13:51:20.230+0000][7][safepoint   ] Safepoint "Cleanup", Time since last: 27006028127 ns, Reaching safepoint: 464522 ns, At safepoint: 5830 ns, Total: 470352 ns
[2022-08-30T13:51:23.232+0000][7][safepoint   ] Safepoint "Cleanup", Time since last: 3001558603 ns, Reaching safepoint: 309470 ns, At safepoint: 35948 ns, Total: 345418 ns
[2022-08-30T13:51:44.231+0000][7][safepoint   ] Safepoint "Cleanup", Time since last: 21004325465 ns, Reaching safepoint: 366899 ns, At safepoint: 7935 ns, Total: 374834 ns
[2022-08-30T13:51:50.233+0000][7][safepoint   ] Safepoint "Cleanup", Time since last: 6001851491 ns, Reaching safepoint: 501090 ns, At safepoint: 7203 ns, Total: 508293 ns
[2022-08-30T13:51:53.235+0000][7][safepoint   ] Safepoint "Cleanup", Time since last: 3001536892 ns, Reaching safepoint: 378821 ns, At safepoint: 20548 ns, Total: 399369 ns
[2022-08-30T13:52:13.245+0000][7][safepoint   ] Safepoint "Cleanup", Time since last: 20004164096 ns, Reaching safepoint: 366177 ns, At safepoint: 16271 ns, Total: 382448 ns
[2022-08-30T13:52:23.248+0000][7][safepoint   ] Safepoint "Cleanup", Time since last: 10002431845 ns, Reaching safepoint: 500719 ns, At safepoint: 6412 ns, Total: 507131 ns
[2022-08-30T13:52:25.250+0000][7][safepoint   ] Safepoint "Cleanup", Time since last: 2001639057 ns, Reaching safepoint: 492524 ns, At safepoint: 6442 ns, Total: 498966 ns
[2022-08-30T13:52:37.253+0000][7][safepoint   ] Safepoint "Cleanup", Time since last: 12002719386 ns, Reaching safepoint: 265198 ns, At safepoint: 34294 ns, Total: 299492 ns
[2022-08-30T13:52:40.108+0000][7][safepoint   ] Safepoint "Cleanup", Time since last: 2853786936 ns, Reaching safepoint: 708308 ns, At safepoint: 6693 ns, Total: 715001 ns
[2022-08-30T13:52:53.135+0000][7][safepoint   ] Safepoint "Cleanup", Time since last: 13027072155 ns, Reaching safepoint: 366828 ns, At safepoint: 3968 ns, Total: 370796 ns
[2022-08-30T13:53:15.141+0000][7][safepoint   ] Safepoint "Cleanup", Time since last: 22004534413 ns, Reaching safepoint: 528592 ns, At safepoint: 7284 ns, Total: 535876 ns
[2022-08-30T13:53:23.143+0000][7][safepoint   ] Safepoint "Cleanup", Time since last: 8002130937 ns, Reaching safepoint: 521919 ns, At safepoint: 5891 ns, Total: 527810 ns
[2022-08-30T13:53:41.158+0000][7][safepoint   ] Safepoint "Cleanup", Time since last: 18003895130 ns, Reaching safepoint: 488366 ns, At safepoint: 6222 ns, Total: 494588 ns
[2022-08-30T13:53:50.161+0000][7][safepoint   ] Safepoint "Cleanup", Time since last: 9002342691 ns, Reaching safepoint: 506209 ns, At safepoint: 6032 ns, Total: 512241 ns
[2022-08-30T13:53:53.163+0000][7][safepoint   ] Safepoint "Cleanup", Time since last: 3001324853 ns, Reaching safepoint: 417002 ns, At safepoint: 63680 ns, Total: 480682 ns
[2022-08-30T13:54:13.156+0000][7][safepoint   ] Safepoint "Cleanup", Time since last: 20003792680 ns, Reaching safepoint: 386344 ns, At safepoint: 46518 ns, Total: 432862 ns
[2022-08-30T13:54:23.159+0000][7][safepoint   ] Safepoint "Cleanup", Time since last: 10001970860 ns, Reaching safepoint: 592431 ns, At safepoint: 83968 ns, Total: 676399 ns
[2022-08-30T13:54:28.161+0000][7][safepoint   ] Safepoint "Cleanup", Time since last: 5001910485 ns, Reaching safepoint: 283001 ns, At safepoint: 4639 ns, Total: 287640 ns
[2022-08-30T13:54:41.168+0000][7][safepoint   ] Safepoint "Cleanup", Time since last: 13004712090 ns, Reaching safepoint: 446548 ns, At safepoint: 5300 ns, Total: 451848 ns
[2022-08-30T13:54:43.169+0000][7][safepoint   ] Safepoint "Cleanup", Time since last: 2001178112 ns, Reaching safepoint: 306225 ns, At safepoint: 6291 ns, Total: 312516 ns
[2022-08-30T13:54:54.172+0000][7][safepoint   ] Safepoint "Cleanup", Time since last: 11002160462 ns, Reaching safepoint: 596098 ns, At safepoint: 6874 ns, Total: 602972 ns
[2022-08-30T13:56:55.827+0000][7][safepoint   ] Safepoint "Cleanup", Time since last: 121376523199 ns, Reaching safepoint: 325600 ns, At safepoint: 4729 ns, Total: 330329 ns
[2022-08-30T14:38:59.507+0000][7][safepoint   ] Safepoint "Cleanup", Time since last: 2524351861434 ns, Reaching safepoint: 367670 ns, At safepoint: 41689 ns, Total: 409359 ns
