[2022-09-06T02:10:48.728+0000][7][gc] Using G1
[2022-09-06T02:10:48.845+0000][7][gc,init] Version: 15.0.1+9 (release)
[2022-09-06T02:10:48.845+0000][7][gc,init] CPUs: 6 total, 6 available
[2022-09-06T02:10:48.846+0000][7][gc,init] Memory: 5874M
[2022-09-06T02:10:48.846+0000][7][gc,init] Large Page Support: Disabled
[2022-09-06T02:10:48.846+0000][7][gc,init] NUMA Support: Disabled
[2022-09-06T02:10:48.847+0000][7][gc,init] Compressed Oops: Enabled (32-bit)
[2022-09-06T02:10:48.847+0000][7][gc,init] Heap Region Size: 4M
[2022-09-06T02:10:48.847+0000][7][gc,init] Heap Min Capacity: 256M
[2022-09-06T02:10:48.847+0000][7][gc,init] Heap Initial Capacity: 256M
[2022-09-06T02:10:48.848+0000][7][gc,init] Heap Max Capacity: 256M
[2022-09-06T02:10:48.848+0000][7][gc,init] Pre-touch: Enabled
[2022-09-06T02:10:48.848+0000][7][gc,init] Parallel Workers: 6
[2022-09-06T02:10:48.848+0000][7][gc,init] Concurrent Workers: 2
[2022-09-06T02:10:48.849+0000][7][gc,init] Concurrent Refinement Workers: 6
[2022-09-06T02:10:48.849+0000][7][gc,init] Periodic GC: Disabled
[2022-09-06T02:10:48.849+0000][7][gc,cds ] Mark closed archive regions in map: [0x00000000ffc00000, 0x00000000ffc7bff8]
[2022-09-06T02:10:48.850+0000][7][gc,cds ] Mark open archive regions in map: [0x00000000ffb00000, 0x00000000ffb51ff8]
[2022-09-06T02:10:48.850+0000][7][gc,metaspace] CDS archive(s) mapped at: [0x0000000800000000-0x0000000800b2a000-0x0000000800b2a000), size 11706368, SharedBaseAddress: 0x0000000800000000, ArchiveRelocationMode: 0.
[2022-09-06T02:10:48.850+0000][7][gc,metaspace] Compressed class space mapped at: 0x0000000800b2c000-0x0000000840b2c000, size: 1073741824
[2022-09-06T02:10:48.851+0000][7][gc,metaspace] Narrow klass base: 0x0000000800000000, Narrow klass shift: 3, Narrow klass range: 0x100000000
[2022-09-06T02:10:49.393+0000][7][gc,start    ] GC(0) Pause Young (Normal) (G1 Evacuation Pause)
[2022-09-06T02:10:49.394+0000][7][gc,task     ] GC(0) Using 6 workers of 6 for evacuation
[2022-09-06T02:10:49.394+0000][7][gc,age      ] GC(0) Desired survivor size 2097152 bytes, new threshold 15 (max threshold 15)
[2022-09-06T02:10:49.398+0000][7][gc,age      ] GC(0) Age table with threshold 15 (max threshold 15)
[2022-09-06T02:10:49.398+0000][7][gc,age      ] GC(0) - age   1:    3402664 bytes,    3402664 total
[2022-09-06T02:10:49.399+0000][7][gc,phases   ] GC(0)   Pre Evacuate Collection Set: 0.2ms
[2022-09-06T02:10:49.399+0000][7][gc,phases   ] GC(0)   Merge Heap Roots: 0.2ms
[2022-09-06T02:10:49.399+0000][7][gc,phases   ] GC(0)   Evacuate Collection Set: 2.5ms
[2022-09-06T02:10:49.399+0000][7][gc,phases   ] GC(0)   Post Evacuate Collection Set: 0.8ms
[2022-09-06T02:10:49.399+0000][7][gc,phases   ] GC(0)   Other: 2.3ms
[2022-09-06T02:10:49.400+0000][7][gc,heap     ] GC(0) Eden regions: 4->0(4)
[2022-09-06T02:10:49.400+0000][7][gc,heap     ] GC(0) Survivor regions: 0->1(1)
[2022-09-06T02:10:49.400+0000][7][gc,heap     ] GC(0) Old regions: 0->0
[2022-09-06T02:10:49.400+0000][7][gc,heap     ] GC(0) Archive regions: 2->2
[2022-09-06T02:10:49.401+0000][7][gc,heap     ] GC(0) Humongous regions: 0->0
[2022-09-06T02:10:49.401+0000][7][gc,metaspace] GC(0) Metaspace: 5118K(7680K)->5118K(7680K) NonClass: 4597K(6912K)->4597K(6912K) Class: 521K(768K)->521K(768K)
[2022-09-06T02:10:49.401+0000][7][gc          ] GC(0) Pause Young (Normal) (G1 Evacuation Pause) 19M->7M(256M) 8.434ms
[2022-09-06T02:10:49.401+0000][7][gc,cpu      ] GC(0) User=0.01s Sys=0.00s Real=0.00s
[2022-09-06T02:10:49.402+0000][7][safepoint   ] Safepoint "G1CollectForAllocation", Time since last: 530541284 ns, Reaching safepoint: 308488 ns, At safepoint: 8997305 ns, Total: 9305793 ns
[2022-09-06T02:10:50.184+0000][7][safepoint   ] Safepoint "ICBufferFull", Time since last: 782391118 ns, Reaching safepoint: 228950 ns, At safepoint: 37480 ns, Total: 266430 ns
[2022-09-06T02:10:50.392+0000][7][gc,start    ] GC(1) Pause Young (Normal) (G1 Evacuation Pause)
[2022-09-06T02:10:50.393+0000][7][gc,task     ] GC(1) Using 6 workers of 6 for evacuation
[2022-09-06T02:10:50.393+0000][7][gc,age      ] GC(1) Desired survivor size 2097152 bytes, new threshold 1 (max threshold 15)
[2022-09-06T02:10:50.398+0000][7][gc,age      ] GC(1) Age table with threshold 1 (max threshold 15)
[2022-09-06T02:10:50.398+0000][7][gc,age      ] GC(1) - age   1:    1251480 bytes,    1251480 total
[2022-09-06T02:10:50.399+0000][7][gc,phases   ] GC(1)   Pre Evacuate Collection Set: 0.3ms
[2022-09-06T02:10:50.399+0000][7][gc,phases   ] GC(1)   Merge Heap Roots: 0.2ms
[2022-09-06T02:10:50.399+0000][7][gc,phases   ] GC(1)   Evacuate Collection Set: 3.3ms
[2022-09-06T02:10:50.399+0000][7][gc,phases   ] GC(1)   Post Evacuate Collection Set: 0.9ms
[2022-09-06T02:10:50.400+0000][7][gc,phases   ] GC(1)   Other: 1.9ms
[2022-09-06T02:10:50.400+0000][7][gc,heap     ] GC(1) Eden regions: 4->0(10)
[2022-09-06T02:10:50.400+0000][7][gc,heap     ] GC(1) Survivor regions: 1->1(1)
[2022-09-06T02:10:50.401+0000][7][gc,heap     ] GC(1) Old regions: 0->1
[2022-09-06T02:10:50.401+0000][7][gc,heap     ] GC(1) Archive regions: 2->2
[2022-09-06T02:10:50.402+0000][7][gc,heap     ] GC(1) Humongous regions: 0->0
[2022-09-06T02:10:50.402+0000][7][gc,metaspace] GC(1) Metaspace: 9828K(10496K)->9828K(10496K) NonClass: 8668K(9216K)->8668K(9216K) Class: 1159K(1280K)->1159K(1280K)
[2022-09-06T02:10:50.402+0000][7][gc          ] GC(1) Pause Young (Normal) (G1 Evacuation Pause) 23M->8M(256M) 10.155ms
[2022-09-06T02:10:50.403+0000][7][gc,cpu      ] GC(1) User=0.01s Sys=0.00s Real=0.02s
[2022-09-06T02:10:50.403+0000][7][safepoint   ] Safepoint "G1CollectForAllocation", Time since last: 207697945 ns, Reaching safepoint: 162335 ns, At safepoint: 10827109 ns, Total: 10989444 ns
[2022-09-06T02:10:51.370+0000][7][safepoint   ] Safepoint "ICBufferFull", Time since last: 966517486 ns, Reaching safepoint: 318718 ns, At safepoint: 40236 ns, Total: 358954 ns
[2022-09-06T02:10:51.670+0000][7][gc,start    ] GC(2) Pause Young (Normal) (G1 Evacuation Pause)
[2022-09-06T02:10:51.670+0000][7][gc,task     ] GC(2) Using 6 workers of 6 for evacuation
[2022-09-06T02:10:51.670+0000][7][gc,age      ] GC(2) Desired survivor size 4194304 bytes, new threshold 15 (max threshold 15)
[2022-09-06T02:10:51.690+0000][7][gc,age      ] GC(2) Age table with threshold 15 (max threshold 15)
[2022-09-06T02:10:51.690+0000][7][gc,age      ] GC(2) - age   1:    2428800 bytes,    2428800 total
[2022-09-06T02:10:51.690+0000][7][gc,age      ] GC(2) - age   2:    1202888 bytes,    3631688 total
[2022-09-06T02:10:51.690+0000][7][gc,phases   ] GC(2)   Pre Evacuate Collection Set: 0.1ms
[2022-09-06T02:10:51.691+0000][7][gc,phases   ] GC(2)   Merge Heap Roots: 1.9ms
[2022-09-06T02:10:51.691+0000][7][gc,phases   ] GC(2)   Evacuate Collection Set: 10.0ms
[2022-09-06T02:10:51.691+0000][7][gc,phases   ] GC(2)   Post Evacuate Collection Set: 7.1ms
[2022-09-06T02:10:51.692+0000][7][gc,phases   ] GC(2)   Other: 1.7ms
[2022-09-06T02:10:51.692+0000][7][gc,heap     ] GC(2) Eden regions: 10->0(34)
[2022-09-06T02:10:51.692+0000][7][gc,heap     ] GC(2) Survivor regions: 1->1(2)
[2022-09-06T02:10:51.692+0000][7][gc,heap     ] GC(2) Old regions: 1->1
[2022-09-06T02:10:51.692+0000][7][gc,heap     ] GC(2) Archive regions: 2->2
[2022-09-06T02:10:51.693+0000][7][gc,heap     ] GC(2) Humongous regions: 0->0
[2022-09-06T02:10:51.693+0000][7][gc,metaspace] GC(2) Metaspace: 14425K(14848K)->14425K(14848K) NonClass: 12744K(13056K)->12744K(13056K) Class: 1680K(1792K)->1680K(1792K)
[2022-09-06T02:10:51.693+0000][7][gc          ] GC(2) Pause Young (Normal) (G1 Evacuation Pause) 48M->10M(256M) 23.637ms
[2022-09-06T02:10:51.694+0000][7][gc,cpu      ] GC(2) User=0.05s Sys=0.00s Real=0.03s
[2022-09-06T02:10:51.694+0000][7][safepoint   ] Safepoint "G1CollectForAllocation", Time since last: 299647275 ns, Reaching safepoint: 185980 ns, At safepoint: 24282400 ns, Total: 24468380 ns
[2022-09-06T02:10:52.205+0000][7][safepoint   ] Safepoint "ICBufferFull", Time since last: 510361883 ns, Reaching safepoint: 223289 ns, At safepoint: 60222 ns, Total: 283511 ns
[2022-09-06T02:10:52.212+0000][7][safepoint   ] Safepoint "ICBufferFull", Time since last: 6822585 ns, Reaching safepoint: 260799 ns, At safepoint: 96421 ns, Total: 357220 ns
[2022-09-06T02:10:52.217+0000][7][safepoint   ] Safepoint "ICBufferFull", Time since last: 5519027 ns, Reaching safepoint: 172454 ns, At safepoint: 43501 ns, Total: 215955 ns
[2022-09-06T02:10:52.223+0000][7][safepoint   ] Safepoint "ICBufferFull", Time since last: 4721742 ns, Reaching safepoint: 356429 ns, At safepoint: 59010 ns, Total: 415439 ns
[2022-09-06T02:10:52.229+0000][7][safepoint   ] Safepoint "ICBufferFull", Time since last: 6514135 ns, Reaching safepoint: 153278 ns, At safepoint: 34415 ns, Total: 187693 ns
[2022-09-06T02:10:52.235+0000][7][safepoint   ] Safepoint "ICBufferFull", Time since last: 5225326 ns, Reaching safepoint: 241934 ns, At safepoint: 101340 ns, Total: 343274 ns
[2022-09-06T02:10:52.240+0000][7][safepoint   ] Safepoint "ICBufferFull", Time since last: 4650818 ns, Reaching safepoint: 85811 ns, At safepoint: 6002 ns, Total: 91813 ns
[2022-09-06T02:10:52.245+0000][7][safepoint   ] Safepoint "ICBufferFull", Time since last: 5244302 ns, Reaching safepoint: 121978 ns, At safepoint: 34465 ns, Total: 156443 ns
[2022-09-06T02:10:52.251+0000][7][safepoint   ] Safepoint "ICBufferFull", Time since last: 5551058 ns, Reaching safepoint: 122119 ns, At safepoint: 34585 ns, Total: 156704 ns
[2022-09-06T02:10:52.256+0000][7][safepoint   ] Safepoint "ICBufferFull", Time since last: 5541470 ns, Reaching safepoint: 124794 ns, At safepoint: 33723 ns, Total: 158517 ns
[2022-09-06T02:10:52.270+0000][7][safepoint   ] Safepoint "ICBufferFull", Time since last: 9424737 ns, Reaching safepoint: 3691298 ns, At safepoint: 81623 ns, Total: 3772921 ns
[2022-09-06T02:10:52.275+0000][7][safepoint   ] Safepoint "ICBufferFull", Time since last: 5235305 ns, Reaching safepoint: 121057 ns, At safepoint: 6963 ns, Total: 128020 ns
[2022-09-06T02:10:52.280+0000][7][safepoint   ] Safepoint "ICBufferFull", Time since last: 5063363 ns, Reaching safepoint: 156283 ns, At safepoint: 9778 ns, Total: 166061 ns
[2022-09-06T02:10:52.288+0000][7][safepoint   ] Safepoint "ICBufferFull", Time since last: 7559678 ns, Reaching safepoint: 317576 ns, At safepoint: 58279 ns, Total: 375855 ns
[2022-09-06T02:10:52.381+0000][7][safepoint   ] Safepoint "ICBufferFull", Time since last: 92170726 ns, Reaching safepoint: 282089 ns, At safepoint: 66866 ns, Total: 348955 ns
[2022-09-06T02:10:52.721+0000][7][gc,start    ] GC(3) Pause Young (Normal) (G1 Evacuation Pause)
[2022-09-06T02:10:52.721+0000][7][gc,task     ] GC(3) Using 6 workers of 6 for evacuation
[2022-09-06T02:10:52.721+0000][7][gc,age      ] GC(3) Desired survivor size 10485760 bytes, new threshold 15 (max threshold 15)
[2022-09-06T02:10:52.734+0000][7][gc,age      ] GC(3) Age table with threshold 15 (max threshold 15)
[2022-09-06T02:10:52.735+0000][7][gc,age      ] GC(3) - age   1:    3970936 bytes,    3970936 total
[2022-09-06T02:10:52.735+0000][7][gc,age      ] GC(3) - age   2:    2348064 bytes,    6319000 total
[2022-09-06T02:10:52.735+0000][7][gc,age      ] GC(3) - age   3:    1186688 bytes,    7505688 total
[2022-09-06T02:10:52.736+0000][7][gc,phases   ] GC(3)   Pre Evacuate Collection Set: 0.1ms
[2022-09-06T02:10:52.736+0000][7][gc,phases   ] GC(3)   Merge Heap Roots: 0.0ms
[2022-09-06T02:10:52.736+0000][7][gc,phases   ] GC(3)   Evacuate Collection Set: 11.0ms
[2022-09-06T02:10:52.736+0000][7][gc,phases   ] GC(3)   Post Evacuate Collection Set: 1.6ms
[2022-09-06T02:10:52.737+0000][7][gc,phases   ] GC(3)   Other: 2.1ms
[2022-09-06T02:10:52.739+0000][7][gc,heap     ] GC(3) Eden regions: 34->0(36)
[2022-09-06T02:10:52.742+0000][7][gc,heap     ] GC(3) Survivor regions: 1->2(5)
[2022-09-06T02:10:52.743+0000][7][gc,heap     ] GC(3) Old regions: 1->1
[2022-09-06T02:10:52.743+0000][7][gc,heap     ] GC(3) Archive regions: 2->2
[2022-09-06T02:10:52.743+0000][7][gc,heap     ] GC(3) Humongous regions: 0->0
[2022-09-06T02:10:52.743+0000][7][gc,metaspace] GC(3) Metaspace: 17901K(18432K)->17901K(18432K) NonClass: 15773K(16128K)->15773K(16128K) Class: 2128K(2304K)->2128K(2304K)
[2022-09-06T02:10:52.744+0000][7][gc          ] GC(3) Pause Young (Normal) (G1 Evacuation Pause) 146M->14M(256M) 22.964ms
[2022-09-06T02:10:52.744+0000][7][gc,cpu      ] GC(3) User=0.03s Sys=0.00s Real=0.03s
[2022-09-06T02:10:52.744+0000][7][safepoint   ] Safepoint "G1CollectForAllocation", Time since last: 338835680 ns, Reaching safepoint: 1208147 ns, At safepoint: 23501716 ns, Total: 24709863 ns
[2022-09-06T02:10:53.181+0000][7][gc,start    ] GC(4) Pause Young (Normal) (G1 Evacuation Pause)
[2022-09-06T02:10:53.192+0000][7][gc,task     ] GC(4) Using 6 workers of 6 for evacuation
[2022-09-06T02:10:53.193+0000][7][gc,age      ] GC(4) Desired survivor size 10485760 bytes, new threshold 15 (max threshold 15)
[2022-09-06T02:10:53.221+0000][7][gc,age      ] GC(4) Age table with threshold 15 (max threshold 15)
[2022-09-06T02:10:53.221+0000][7][gc,age      ] GC(4) - age   1:    2482160 bytes,    2482160 total
[2022-09-06T02:10:53.222+0000][7][gc,age      ] GC(4) - age   2:    3320080 bytes,    5802240 total
[2022-09-06T02:10:53.224+0000][7][gc,age      ] GC(4) - age   3:    2348064 bytes,    8150304 total
[2022-09-06T02:10:53.225+0000][7][gc,age      ] GC(4) - age   4:    1186688 bytes,    9336992 total
[2022-09-06T02:10:53.227+0000][7][gc,phases   ] GC(4)   Pre Evacuate Collection Set: 0.1ms
[2022-09-06T02:10:53.228+0000][7][gc,phases   ] GC(4)   Merge Heap Roots: 0.1ms
[2022-09-06T02:10:53.229+0000][7][gc,phases   ] GC(4)   Evacuate Collection Set: 10.7ms
[2022-09-06T02:10:53.231+0000][7][gc,phases   ] GC(4)   Post Evacuate Collection Set: 16.9ms
[2022-09-06T02:10:53.232+0000][7][gc,phases   ] GC(4)   Other: 18.4ms
[2022-09-06T02:10:53.233+0000][7][gc,heap     ] GC(4) Eden regions: 36->0(35)
[2022-09-06T02:10:53.233+0000][7][gc,heap     ] GC(4) Survivor regions: 2->3(5)
[2022-09-06T02:10:53.234+0000][7][gc,heap     ] GC(4) Old regions: 1->1
[2022-09-06T02:10:53.234+0000][7][gc,heap     ] GC(4) Archive regions: 2->2
[2022-09-06T02:10:53.234+0000][7][gc,heap     ] GC(4) Humongous regions: 0->0
[2022-09-06T02:10:53.235+0000][7][gc,metaspace] GC(4) Metaspace: 18452K(19328K)->18452K(19328K) NonClass: 16254K(16896K)->16254K(16896K) Class: 2198K(2432K)->2198K(2432K)
[2022-09-06T02:10:53.242+0000][7][gc          ] GC(4) Pause Young (Normal) (G1 Evacuation Pause) 158M->16M(256M) 61.429ms
[2022-09-06T02:10:53.252+0000][7][gc,cpu      ] GC(4) User=0.11s Sys=0.00s Real=0.08s
[2022-09-06T02:10:53.262+0000][7][safepoint   ] Safepoint "G1CollectForAllocation", Time since last: 436621344 ns, Reaching safepoint: 152587 ns, At safepoint: 81457019 ns, Total: 81609606 ns
[2022-09-06T02:10:53.529+0000][7][gc,start    ] GC(5) Pause Young (Normal) (G1 Evacuation Pause)
[2022-09-06T02:10:53.530+0000][7][gc,task     ] GC(5) Using 6 workers of 6 for evacuation
[2022-09-06T02:10:53.530+0000][7][gc,age      ] GC(5) Desired survivor size 10485760 bytes, new threshold 15 (max threshold 15)
[2022-09-06T02:10:53.565+0000][7][gc,age      ] GC(5) Age table with threshold 15 (max threshold 15)
[2022-09-06T02:10:53.565+0000][7][gc,age      ] GC(5) - age   1:    2064888 bytes,    2064888 total
[2022-09-06T02:10:53.565+0000][7][gc,age      ] GC(5) - age   2:    1881872 bytes,    3946760 total
[2022-09-06T02:10:53.565+0000][7][gc,age      ] GC(5) - age   3:    3319032 bytes,    7265792 total
[2022-09-06T02:10:53.565+0000][7][gc,age      ] GC(5) - age   4:    2348064 bytes,    9613856 total
[2022-09-06T02:10:53.566+0000][7][gc,age      ] GC(5) - age   5:    1186688 bytes,   10800544 total
[2022-09-06T02:10:53.566+0000][7][gc,phases   ] GC(5)   Pre Evacuate Collection Set: 0.1ms
[2022-09-06T02:10:53.566+0000][7][gc,phases   ] GC(5)   Merge Heap Roots: 0.0ms
[2022-09-06T02:10:53.566+0000][7][gc,phases   ] GC(5)   Evacuate Collection Set: 31.8ms
[2022-09-06T02:10:53.566+0000][7][gc,phases   ] GC(5)   Post Evacuate Collection Set: 2.2ms
[2022-09-06T02:10:53.566+0000][7][gc,phases   ] GC(5)   Other: 2.3ms
[2022-09-06T02:10:53.566+0000][7][gc,heap     ] GC(5) Eden regions: 35->0(35)
[2022-09-06T02:10:53.566+0000][7][gc,heap     ] GC(5) Survivor regions: 3->3(5)
[2022-09-06T02:10:53.567+0000][7][gc,heap     ] GC(5) Old regions: 1->1
[2022-09-06T02:10:53.567+0000][7][gc,heap     ] GC(5) Archive regions: 2->2
[2022-09-06T02:10:53.567+0000][7][gc,heap     ] GC(5) Humongous regions: 0->0
[2022-09-06T02:10:53.567+0000][7][gc,metaspace] GC(5) Metaspace: 18922K(19968K)->18922K(19968K) NonClass: 16650K(17408K)->16650K(17408K) Class: 2272K(2560K)->2272K(2560K)
[2022-09-06T02:10:53.567+0000][7][gc          ] GC(5) Pause Young (Normal) (G1 Evacuation Pause) 156M->17M(256M) 38.011ms
[2022-09-06T02:10:53.567+0000][7][gc,cpu      ] GC(5) User=0.08s Sys=0.00s Real=0.04s
[2022-09-06T02:10:53.568+0000][7][safepoint   ] Safepoint "G1CollectForAllocation", Time since last: 258719988 ns, Reaching safepoint: 8041922 ns, At safepoint: 38351955 ns, Total: 46393877 ns
[2022-09-06T02:10:53.756+0000][7][gc,start    ] GC(6) Pause Young (Normal) (G1 Evacuation Pause)
[2022-09-06T02:10:53.757+0000][7][gc,task     ] GC(6) Using 6 workers of 6 for evacuation
[2022-09-06T02:10:53.757+0000][7][gc,age      ] GC(6) Desired survivor size 10485760 bytes, new threshold 5 (max threshold 15)
[2022-09-06T02:10:53.770+0000][7][gc,age      ] GC(6) Age table with threshold 5 (max threshold 15)
[2022-09-06T02:10:53.770+0000][7][gc,age      ] GC(6) - age   1:    1272104 bytes,    1272104 total
[2022-09-06T02:10:53.770+0000][7][gc,age      ] GC(6) - age   2:    1479040 bytes,    2751144 total
[2022-09-06T02:10:53.771+0000][7][gc,age      ] GC(6) - age   3:    1881872 bytes,    4633016 total
[2022-09-06T02:10:53.771+0000][7][gc,age      ] GC(6) - age   4:    3318976 bytes,    7951992 total
[2022-09-06T02:10:53.771+0000][7][gc,age      ] GC(6) - age   5:    2348064 bytes,   10300056 total
[2022-09-06T02:10:53.771+0000][7][gc,phases   ] GC(6)   Pre Evacuate Collection Set: 0.1ms
[2022-09-06T02:10:53.771+0000][7][gc,phases   ] GC(6)   Merge Heap Roots: 0.1ms
[2022-09-06T02:10:53.771+0000][7][gc,phases   ] GC(6)   Evacuate Collection Set: 12.0ms
[2022-09-06T02:10:53.771+0000][7][gc,phases   ] GC(6)   Post Evacuate Collection Set: 0.7ms
[2022-09-06T02:10:53.772+0000][7][gc,phases   ] GC(6)   Other: 1.8ms
[2022-09-06T02:10:53.772+0000][7][gc,heap     ] GC(6) Eden regions: 35->0(35)
[2022-09-06T02:10:53.772+0000][7][gc,heap     ] GC(6) Survivor regions: 3->3(5)
[2022-09-06T02:10:53.772+0000][7][gc,heap     ] GC(6) Old regions: 1->2
[2022-09-06T02:10:53.772+0000][7][gc,heap     ] GC(6) Archive regions: 2->2
[2022-09-06T02:10:53.773+0000][7][gc,heap     ] GC(6) Humongous regions: 0->0
[2022-09-06T02:10:53.773+0000][7][gc,metaspace] GC(6) Metaspace: 19215K(20224K)->19215K(20224K) NonClass: 16910K(17664K)->16910K(17664K) Class: 2304K(2560K)->2304K(2560K)
[2022-09-06T02:10:53.773+0000][7][gc          ] GC(6) Pause Young (Normal) (G1 Evacuation Pause) 157M->18M(256M) 16.351ms
[2022-09-06T02:10:53.773+0000][7][gc,cpu      ] GC(6) User=0.02s Sys=0.00s Real=0.02s
[2022-09-06T02:10:53.773+0000][7][safepoint   ] Safepoint "G1CollectForAllocation", Time since last: 188124712 ns, Reaching safepoint: 773812 ns, At safepoint: 16758321 ns, Total: 17532133 ns
[2022-09-06T02:10:53.925+0000][7][gc,start    ] GC(7) Pause Young (Normal) (G1 Evacuation Pause)
[2022-09-06T02:10:53.925+0000][7][gc,task     ] GC(7) Using 6 workers of 6 for evacuation
[2022-09-06T02:10:53.926+0000][7][gc,age      ] GC(7) Desired survivor size 10485760 bytes, new threshold 15 (max threshold 15)
[2022-09-06T02:10:53.934+0000][7][gc,age      ] GC(7) Age table with threshold 15 (max threshold 15)
[2022-09-06T02:10:53.935+0000][7][gc,age      ] GC(7) - age   1:     853536 bytes,     853536 total
[2022-09-06T02:10:53.935+0000][7][gc,age      ] GC(7) - age   2:    1239920 bytes,    2093456 total
[2022-09-06T02:10:53.935+0000][7][gc,age      ] GC(7) - age   3:    1478432 bytes,    3571888 total
[2022-09-06T02:10:53.935+0000][7][gc,age      ] GC(7) - age   4:    1881840 bytes,    5453728 total
[2022-09-06T02:10:53.936+0000][7][gc,age      ] GC(7) - age   5:    3315024 bytes,    8768752 total
[2022-09-06T02:10:53.936+0000][7][gc,age      ] GC(7) - age   6:    2348064 bytes,   11116816 total
[2022-09-06T02:10:53.936+0000][7][gc,phases   ] GC(7)   Pre Evacuate Collection Set: 0.0ms
[2022-09-06T02:10:53.936+0000][7][gc,phases   ] GC(7)   Merge Heap Roots: 0.0ms
[2022-09-06T02:10:53.936+0000][7][gc,phases   ] GC(7)   Evacuate Collection Set: 7.8ms
[2022-09-06T02:10:53.936+0000][7][gc,phases   ] GC(7)   Post Evacuate Collection Set: 0.7ms
[2022-09-06T02:10:53.937+0000][7][gc,phases   ] GC(7)   Other: 2.4ms
[2022-09-06T02:10:53.937+0000][7][gc,heap     ] GC(7) Eden regions: 35->0(35)
[2022-09-06T02:10:53.937+0000][7][gc,heap     ] GC(7) Survivor regions: 3->3(5)
[2022-09-06T02:10:53.937+0000][7][gc,heap     ] GC(7) Old regions: 2->2
[2022-09-06T02:10:53.937+0000][7][gc,heap     ] GC(7) Archive regions: 2->2
[2022-09-06T02:10:53.937+0000][7][gc,heap     ] GC(7) Humongous regions: 0->0
[2022-09-06T02:10:53.937+0000][7][gc,metaspace] GC(7) Metaspace: 19355K(20224K)->19355K(20224K) NonClass: 17025K(17664K)->17025K(17664K) Class: 2329K(2560K)->2329K(2560K)
[2022-09-06T02:10:53.938+0000][7][gc          ] GC(7) Pause Young (Normal) (G1 Evacuation Pause) 158M->19M(256M) 12.677ms
[2022-09-06T02:10:53.938+0000][7][gc,cpu      ] GC(7) User=0.04s Sys=0.00s Real=0.01s
[2022-09-06T02:10:53.938+0000][7][safepoint   ] Safepoint "G1CollectForAllocation", Time since last: 151464031 ns, Reaching safepoint: 251412 ns, At safepoint: 13078434 ns, Total: 13329846 ns
[2022-09-06T02:10:54.089+0000][7][gc,start    ] GC(8) Pause Young (Normal) (G1 Evacuation Pause)
[2022-09-06T02:10:54.090+0000][7][gc,task     ] GC(8) Using 6 workers of 6 for evacuation
[2022-09-06T02:10:54.090+0000][7][gc,age      ] GC(8) Desired survivor size 10485760 bytes, new threshold 6 (max threshold 15)
[2022-09-06T02:10:54.097+0000][7][gc,age      ] GC(8) Age table with threshold 6 (max threshold 15)
[2022-09-06T02:10:54.098+0000][7][gc,age      ] GC(8) - age   1:     688576 bytes,     688576 total
[2022-09-06T02:10:54.098+0000][7][gc,age      ] GC(8) - age   2:     256384 bytes,     944960 total
[2022-09-06T02:10:54.098+0000][7][gc,age      ] GC(8) - age   3:    1239920 bytes,    2184880 total
[2022-09-06T02:10:54.098+0000][7][gc,age      ] GC(8) - age   4:    1478432 bytes,    3663312 total
[2022-09-06T02:10:54.098+0000][7][gc,age      ] GC(8) - age   5:    1881840 bytes,    5545152 total
[2022-09-06T02:10:54.098+0000][7][gc,age      ] GC(8) - age   6:    3315024 bytes,    8860176 total
[2022-09-06T02:10:54.098+0000][7][gc,phases   ] GC(8)   Pre Evacuate Collection Set: 0.1ms
[2022-09-06T02:10:54.099+0000][7][gc,phases   ] GC(8)   Merge Heap Roots: 0.1ms
[2022-09-06T02:10:54.099+0000][7][gc,phases   ] GC(8)   Evacuate Collection Set: 6.7ms
[2022-09-06T02:10:54.099+0000][7][gc,phases   ] GC(8)   Post Evacuate Collection Set: 0.6ms
[2022-09-06T02:10:54.099+0000][7][gc,phases   ] GC(8)   Other: 1.9ms
[2022-09-06T02:10:54.099+0000][7][gc,heap     ] GC(8) Eden regions: 35->0(35)
[2022-09-06T02:10:54.099+0000][7][gc,heap     ] GC(8) Survivor regions: 3->3(5)
[2022-09-06T02:10:54.099+0000][7][gc,heap     ] GC(8) Old regions: 2->2
[2022-09-06T02:10:54.099+0000][7][gc,heap     ] GC(8) Archive regions: 2->2
[2022-09-06T02:10:54.100+0000][7][gc,heap     ] GC(8) Humongous regions: 0->0
[2022-09-06T02:10:54.100+0000][7][gc,metaspace] GC(8) Metaspace: 19572K(20864K)->19572K(20864K) NonClass: 17202K(18176K)->17202K(18176K) Class: 2370K(2688K)->2370K(2688K)
[2022-09-06T02:10:54.100+0000][7][gc          ] GC(8) Pause Young (Normal) (G1 Evacuation Pause) 159M->19M(256M) 10.670ms
[2022-09-06T02:10:54.100+0000][7][gc,cpu      ] GC(8) User=0.03s Sys=0.00s Real=0.01s
[2022-09-06T02:10:54.100+0000][7][safepoint   ] Safepoint "G1CollectForAllocation", Time since last: 151056056 ns, Reaching safepoint: 133871 ns, At safepoint: 11023047 ns, Total: 11156918 ns
[2022-09-06T02:10:54.242+0000][7][gc,start    ] GC(9) Pause Young (Normal) (G1 Evacuation Pause)
[2022-09-06T02:10:54.243+0000][7][gc,task     ] GC(9) Using 6 workers of 6 for evacuation
[2022-09-06T02:10:54.243+0000][7][gc,age      ] GC(9) Desired survivor size 10485760 bytes, new threshold 15 (max threshold 15)
[2022-09-06T02:10:54.247+0000][7][gc,age      ] GC(9) Age table with threshold 15 (max threshold 15)
[2022-09-06T02:10:54.248+0000][7][gc,age      ] GC(9) - age   1:     436704 bytes,     436704 total
[2022-09-06T02:10:54.248+0000][7][gc,age      ] GC(9) - age   2:     254896 bytes,     691600 total
[2022-09-06T02:10:54.248+0000][7][gc,age      ] GC(9) - age   3:     256232 bytes,     947832 total
[2022-09-06T02:10:54.248+0000][7][gc,age      ] GC(9) - age   4:    1239920 bytes,    2187752 total
[2022-09-06T02:10:54.248+0000][7][gc,age      ] GC(9) - age   5:    1477760 bytes,    3665512 total
[2022-09-06T02:10:54.249+0000][7][gc,age      ] GC(9) - age   6:    1881552 bytes,    5547064 total
[2022-09-06T02:10:54.249+0000][7][gc,age      ] GC(9) - age   7:    3314896 bytes,    8861960 total
[2022-09-06T02:10:54.249+0000][7][gc,phases   ] GC(9)   Pre Evacuate Collection Set: 0.1ms
[2022-09-06T02:10:54.249+0000][7][gc,phases   ] GC(9)   Merge Heap Roots: 0.0ms
[2022-09-06T02:10:54.249+0000][7][gc,phases   ] GC(9)   Evacuate Collection Set: 3.8ms
[2022-09-06T02:10:54.249+0000][7][gc,phases   ] GC(9)   Post Evacuate Collection Set: 0.6ms
[2022-09-06T02:10:54.249+0000][7][gc,phases   ] GC(9)   Other: 2.0ms
[2022-09-06T02:10:54.249+0000][7][gc,heap     ] GC(9) Eden regions: 35->0(35)
[2022-09-06T02:10:54.249+0000][7][gc,heap     ] GC(9) Survivor regions: 3->3(5)
[2022-09-06T02:10:54.250+0000][7][gc,heap     ] GC(9) Old regions: 2->2
[2022-09-06T02:10:54.250+0000][7][gc,heap     ] GC(9) Archive regions: 2->2
[2022-09-06T02:10:54.250+0000][7][gc,heap     ] GC(9) Humongous regions: 0->0
[2022-09-06T02:10:54.260+0000][7][gc,metaspace] GC(9) Metaspace: 19641K(20864K)->19641K(20864K) NonClass: 17257K(18176K)->17257K(18176K) Class: 2383K(2688K)->2383K(2688K)
[2022-09-06T02:10:54.261+0000][7][gc          ] GC(9) Pause Young (Normal) (G1 Evacuation Pause) 159M->19M(256M) 18.368ms
[2022-09-06T02:10:54.261+0000][7][gc,cpu      ] GC(9) User=0.02s Sys=0.01s Real=0.02s
[2022-09-06T02:10:54.261+0000][7][safepoint   ] Safepoint "G1CollectForAllocation", Time since last: 141902938 ns, Reaching safepoint: 174237 ns, At safepoint: 18698311 ns, Total: 18872548 ns
[2022-09-06T02:10:54.454+0000][7][gc,start    ] GC(10) Pause Young (Concurrent Start) (Metadata GC Threshold)
[2022-09-06T02:10:54.455+0000][7][gc,task     ] GC(10) Using 6 workers of 6 for evacuation
[2022-09-06T02:10:54.455+0000][7][gc,age      ] GC(10) Desired survivor size 10485760 bytes, new threshold 15 (max threshold 15)
[2022-09-06T02:10:54.461+0000][7][gc,age      ] GC(10) Age table with threshold 15 (max threshold 15)
[2022-09-06T02:10:54.461+0000][7][gc,age      ] GC(10) - age   1:    1662976 bytes,    1662976 total
[2022-09-06T02:10:54.461+0000][7][gc,age      ] GC(10) - age   2:     414600 bytes,    2077576 total
[2022-09-06T02:10:54.462+0000][7][gc,age      ] GC(10) - age   3:     254896 bytes,    2332472 total
[2022-09-06T02:10:54.462+0000][7][gc,age      ] GC(10) - age   4:     256168 bytes,    2588640 total
[2022-09-06T02:10:54.462+0000][7][gc,age      ] GC(10) - age   5:    1239920 bytes,    3828560 total
[2022-09-06T02:10:54.462+0000][7][gc,age      ] GC(10) - age   6:    1476720 bytes,    5305280 total
[2022-09-06T02:10:54.462+0000][7][gc,age      ] GC(10) - age   7:    1881360 bytes,    7186640 total
[2022-09-06T02:10:54.462+0000][7][gc,age      ] GC(10) - age   8:    3314600 bytes,   10501240 total
[2022-09-06T02:10:54.463+0000][7][gc,phases   ] GC(10)   Pre Evacuate Collection Set: 0.1ms
[2022-09-06T02:10:54.463+0000][7][gc,phases   ] GC(10)   Merge Heap Roots: 0.0ms
[2022-09-06T02:10:54.463+0000][7][gc,phases   ] GC(10)   Evacuate Collection Set: 4.8ms
[2022-09-06T02:10:54.463+0000][7][gc,phases   ] GC(10)   Post Evacuate Collection Set: 0.8ms
[2022-09-06T02:10:54.463+0000][7][gc,phases   ] GC(10)   Other: 2.6ms
[2022-09-06T02:10:54.463+0000][7][gc,heap     ] GC(10) Eden regions: 35->0(35)
[2022-09-06T02:10:54.463+0000][7][gc,heap     ] GC(10) Survivor regions: 3->3(5)
[2022-09-06T02:10:54.464+0000][7][gc,heap     ] GC(10) Old regions: 2->2
[2022-09-06T02:10:54.464+0000][7][gc,heap     ] GC(10) Archive regions: 2->2
[2022-09-06T02:10:54.464+0000][7][gc,heap     ] GC(10) Humongous regions: 0->0
[2022-09-06T02:10:54.464+0000][7][gc,metaspace] GC(10) Metaspace: 19936K(21248K)->19936K(21248K) NonClass: 17503K(18432K)->17503K(18432K) Class: 2432K(2816K)->2432K(2816K)
[2022-09-06T02:10:54.464+0000][7][gc          ] GC(10) Pause Young (Concurrent Start) (Metadata GC Threshold) 157M->21M(256M) 9.956ms
[2022-09-06T02:10:54.464+0000][7][gc,cpu      ] GC(10) User=0.02s Sys=0.00s Real=0.01s
[2022-09-06T02:10:54.465+0000][7][safepoint   ] Safepoint "CollectForMetadataAllocation", Time since last: 192202635 ns, Reaching safepoint: 920758 ns, At safepoint: 10504354 ns, Total: 11425112 ns
[2022-09-06T02:10:54.465+0000][7][gc          ] GC(11) Concurrent Cycle
[2022-09-06T02:10:54.465+0000][7][gc,marking  ] GC(11) Concurrent Clear Claimed Marks
[2022-09-06T02:10:54.465+0000][7][gc,marking  ] GC(11) Concurrent Clear Claimed Marks 0.169ms
[2022-09-06T02:10:54.472+0000][7][gc,marking  ] GC(11) Concurrent Scan Root Regions
[2022-09-06T02:10:54.492+0000][7][gc,marking  ] GC(11) Concurrent Scan Root Regions 19.893ms
[2022-09-06T02:10:54.493+0000][7][gc,marking  ] GC(11) Concurrent Mark (5.871s)
[2022-09-06T02:10:54.493+0000][7][gc,marking  ] GC(11) Concurrent Mark From Roots
[2022-09-06T02:10:54.493+0000][7][gc,task     ] GC(11) Using 2 workers of 2 for marking
[2022-09-06T02:10:54.514+0000][7][gc,marking  ] GC(11) Concurrent Mark From Roots 21.129ms
[2022-09-06T02:10:54.516+0000][7][gc,marking  ] GC(11) Concurrent Preclean
[2022-09-06T02:10:54.516+0000][7][gc,marking  ] GC(11) Concurrent Preclean 0.283ms
[2022-09-06T02:10:54.517+0000][7][gc,marking  ] GC(11) Concurrent Mark (5.871s, 5.894s) 23.829ms
[2022-09-06T02:10:54.521+0000][7][gc,start    ] GC(11) Pause Remark
[2022-09-06T02:10:54.532+0000][7][gc          ] GC(11) Pause Remark 49M->49M(256M) 11.496ms
[2022-09-06T02:10:54.533+0000][7][gc,cpu      ] GC(11) User=0.02s Sys=0.01s Real=0.02s
[2022-09-06T02:10:54.534+0000][7][safepoint   ] Safepoint "G1Concurrent", Time since last: 52104063 ns, Reaching safepoint: 4246630 ns, At safepoint: 12691979 ns, Total: 16938609 ns
[2022-09-06T02:10:54.534+0000][7][gc,marking  ] GC(11) Concurrent Rebuild Remembered Sets
[2022-09-06T02:10:54.538+0000][7][gc,marking  ] GC(11) Concurrent Rebuild Remembered Sets 4.145ms
[2022-09-06T02:10:54.553+0000][7][gc,start    ] GC(11) Pause Cleanup
[2022-09-06T02:10:54.554+0000][7][gc          ] GC(11) Pause Cleanup 51M->51M(256M) 0.451ms
[2022-09-06T02:10:54.554+0000][7][gc,cpu      ] GC(11) User=0.00s Sys=0.00s Real=0.00s
[2022-09-06T02:10:54.554+0000][7][safepoint   ] Safepoint "G1Concurrent", Time since last: 9001092 ns, Reaching safepoint: 10453468 ns, At safepoint: 900079 ns, Total: 11353547 ns
[2022-09-06T02:10:54.554+0000][7][gc,marking  ] GC(11) Concurrent Cleanup for Next Mark
[2022-09-06T02:10:54.555+0000][7][gc,marking  ] GC(11) Concurrent Cleanup for Next Mark 0.535ms
[2022-09-06T02:10:54.555+0000][7][gc          ] GC(11) Concurrent Cycle 90.581ms
[2022-09-06T02:10:54.772+0000][7][gc,start    ] GC(12) Pause Young (Normal) (G1 Evacuation Pause)
[2022-09-06T02:10:54.772+0000][7][gc,task     ] GC(12) Using 6 workers of 6 for evacuation
[2022-09-06T02:10:54.773+0000][7][gc,age      ] GC(12) Desired survivor size 10485760 bytes, new threshold 8 (max threshold 15)
[2022-09-06T02:10:54.793+0000][7][gc,age      ] GC(12) Age table with threshold 8 (max threshold 15)
[2022-09-06T02:10:54.793+0000][7][gc,age      ] GC(12) - age   1:    2069248 bytes,    2069248 total
[2022-09-06T02:10:54.793+0000][7][gc,age      ] GC(12) - age   2:    1642072 bytes,    3711320 total
[2022-09-06T02:10:54.793+0000][7][gc,age      ] GC(12) - age   3:     413608 bytes,    4124928 total
[2022-09-06T02:10:54.794+0000][7][gc,age      ] GC(12) - age   4:     254832 bytes,    4379760 total
[2022-09-06T02:10:54.794+0000][7][gc,age      ] GC(12) - age   5:     256168 bytes,    4635928 total
[2022-09-06T02:10:54.794+0000][7][gc,age      ] GC(12) - age   6:    1239920 bytes,    5875848 total
[2022-09-06T02:10:54.794+0000][7][gc,age      ] GC(12) - age   7:    1476720 bytes,    7352568 total
[2022-09-06T02:10:54.795+0000][7][gc,age      ] GC(12) - age   8:    1881360 bytes,    9233928 total
[2022-09-06T02:10:54.795+0000][7][gc,phases   ] GC(12)   Pre Evacuate Collection Set: 0.1ms
[2022-09-06T02:10:54.795+0000][7][gc,phases   ] GC(12)   Merge Heap Roots: 0.0ms
[2022-09-06T02:10:54.796+0000][7][gc,phases   ] GC(12)   Evacuate Collection Set: 18.8ms
[2022-09-06T02:10:54.796+0000][7][gc,phases   ] GC(12)   Post Evacuate Collection Set: 0.9ms
[2022-09-06T02:10:54.796+0000][7][gc,phases   ] GC(12)   Other: 3.2ms
[2022-09-06T02:10:54.796+0000][7][gc,heap     ] GC(12) Eden regions: 35->0(35)
[2022-09-06T02:10:54.796+0000][7][gc,heap     ] GC(12) Survivor regions: 3->3(5)
[2022-09-06T02:10:54.796+0000][7][gc,heap     ] GC(12) Old regions: 2->3
[2022-09-06T02:10:54.797+0000][7][gc,heap     ] GC(12) Archive regions: 2->2
[2022-09-06T02:10:54.797+0000][7][gc,heap     ] GC(12) Humongous regions: 0->0
[2022-09-06T02:10:54.797+0000][7][gc,metaspace] GC(12) Metaspace: 20040K(21504K)->20040K(21504K) NonClass: 17591K(18688K)->17591K(18688K) Class: 2449K(2816K)->2449K(2816K)
[2022-09-06T02:10:54.797+0000][7][gc          ] GC(12) Pause Young (Normal) (G1 Evacuation Pause) 161M->23M(256M) 24.969ms
[2022-09-06T02:10:54.798+0000][7][gc,cpu      ] GC(12) User=0.02s Sys=0.00s Real=0.03s
[2022-09-06T02:10:54.798+0000][7][safepoint   ] Safepoint "G1CollectForAllocation", Time since last: 215711364 ns, Reaching safepoint: 2264349 ns, At safepoint: 25960300 ns, Total: 28224649 ns
[2022-09-06T02:10:54.948+0000][7][gc,start    ] GC(13) Pause Young (Normal) (G1 Evacuation Pause)
[2022-09-06T02:10:54.949+0000][7][gc,task     ] GC(13) Using 6 workers of 6 for evacuation
[2022-09-06T02:10:54.949+0000][7][gc,age      ] GC(13) Desired survivor size 10485760 bytes, new threshold 15 (max threshold 15)
[2022-09-06T02:10:54.956+0000][7][gc,age      ] GC(13) Age table with threshold 15 (max threshold 15)
[2022-09-06T02:10:54.956+0000][7][gc,age      ] GC(13) - age   1:     919976 bytes,     919976 total
[2022-09-06T02:10:54.957+0000][7][gc,age      ] GC(13) - age   2:     506896 bytes,    1426872 total
[2022-09-06T02:10:54.957+0000][7][gc,age      ] GC(13) - age   3:    1642072 bytes,    3068944 total
[2022-09-06T02:10:54.957+0000][7][gc,age      ] GC(13) - age   4:     413392 bytes,    3482336 total
[2022-09-06T02:10:54.957+0000][7][gc,age      ] GC(13) - age   5:     254832 bytes,    3737168 total
[2022-09-06T02:10:54.957+0000][7][gc,age      ] GC(13) - age   6:     255624 bytes,    3992792 total
[2022-09-06T02:10:54.957+0000][7][gc,age      ] GC(13) - age   7:    1239920 bytes,    5232712 total
[2022-09-06T02:10:54.957+0000][7][gc,age      ] GC(13) - age   8:    1476720 bytes,    6709432 total
[2022-09-06T02:10:54.958+0000][7][gc,age      ] GC(13) - age   9:    1881360 bytes,    8590792 total
[2022-09-06T02:10:54.958+0000][7][gc,phases   ] GC(13)   Pre Evacuate Collection Set: 0.0ms
[2022-09-06T02:10:54.960+0000][7][gc,phases   ] GC(13)   Merge Heap Roots: 0.0ms
[2022-09-06T02:10:54.960+0000][7][gc,phases   ] GC(13)   Evacuate Collection Set: 6.2ms
[2022-09-06T02:10:54.965+0000][7][gc,phases   ] GC(13)   Post Evacuate Collection Set: 0.4ms
[2022-09-06T02:10:54.966+0000][7][gc,phases   ] GC(13)   Other: 3.2ms
[2022-09-06T02:10:54.967+0000][7][gc,heap     ] GC(13) Eden regions: 35->0(35)
[2022-09-06T02:10:54.967+0000][7][gc,heap     ] GC(13) Survivor regions: 3->3(5)
[2022-09-06T02:10:54.967+0000][7][gc,heap     ] GC(13) Old regions: 3->3
[2022-09-06T02:10:54.968+0000][7][gc,heap     ] GC(13) Archive regions: 2->2
[2022-09-06T02:10:54.968+0000][7][gc,heap     ] GC(13) Humongous regions: 0->0
[2022-09-06T02:10:54.968+0000][7][gc,metaspace] GC(13) Metaspace: 20075K(21504K)->20075K(21504K) NonClass: 17616K(18688K)->17616K(18688K) Class: 2458K(2816K)->2458K(2816K)
[2022-09-06T02:10:54.968+0000][7][gc          ] GC(13) Pause Young (Normal) (G1 Evacuation Pause) 163M->22M(256M) 19.787ms
[2022-09-06T02:10:54.968+0000][7][gc,cpu      ] GC(13) User=0.03s Sys=0.00s Real=0.02s
[2022-09-06T02:10:54.969+0000][7][safepoint   ] Safepoint "G1CollectForAllocation", Time since last: 150296160 ns, Reaching safepoint: 193332 ns, At safepoint: 20188277 ns, Total: 20381609 ns
[2022-09-06T02:10:56.103+0000][7][safepoint   ] Safepoint "ICBufferFull", Time since last: 1134246593 ns, Reaching safepoint: 393608 ns, At safepoint: 35316 ns, Total: 428924 ns
[2022-09-06T02:10:56.583+0000][7][safepoint   ] Safepoint "ICBufferFull", Time since last: 479158874 ns, Reaching safepoint: 363874 ns, At safepoint: 26269 ns, Total: 390143 ns
[2022-09-06T02:10:56.832+0000][7][gc,start    ] GC(14) Pause Young (Normal) (G1 Evacuation Pause)
[2022-09-06T02:10:56.832+0000][7][gc,task     ] GC(14) Using 6 workers of 6 for evacuation
[2022-09-06T02:10:56.832+0000][7][gc,age      ] GC(14) Desired survivor size 10485760 bytes, new threshold 15 (max threshold 15)
[2022-09-06T02:10:56.864+0000][7][gc,age      ] GC(14) Age table with threshold 15 (max threshold 15)
[2022-09-06T02:10:56.864+0000][7][gc,age      ] GC(14) - age   1:    9466776 bytes,    9466776 total
[2022-09-06T02:10:56.864+0000][7][gc,age      ] GC(14) - age   2:     298592 bytes,    9765368 total
[2022-09-06T02:10:56.864+0000][7][gc,age      ] GC(14) - age   3:     506328 bytes,   10271696 total
[2022-09-06T02:10:56.864+0000][7][gc,age      ] GC(14) - age   4:    1637920 bytes,   11909616 total
[2022-09-06T02:10:56.865+0000][7][gc,age      ] GC(14) - age   5:     412832 bytes,   12322448 total
[2022-09-06T02:10:56.865+0000][7][gc,age      ] GC(14) - age   6:     254304 bytes,   12576752 total
[2022-09-06T02:10:56.865+0000][7][gc,age      ] GC(14) - age   7:     248640 bytes,   12825392 total
[2022-09-06T02:10:56.865+0000][7][gc,age      ] GC(14) - age   8:    1237072 bytes,   14062464 total
[2022-09-06T02:10:56.865+0000][7][gc,age      ] GC(14) - age   9:    1473088 bytes,   15535552 total
[2022-09-06T02:10:56.865+0000][7][gc,age      ] GC(14) - age  10:    1873856 bytes,   17409408 total
[2022-09-06T02:10:56.865+0000][7][gc,phases   ] GC(14)   Pre Evacuate Collection Set: 0.1ms
[2022-09-06T02:10:56.866+0000][7][gc,phases   ] GC(14)   Merge Heap Roots: 0.1ms
[2022-09-06T02:10:56.866+0000][7][gc,phases   ] GC(14)   Evacuate Collection Set: 30.0ms
[2022-09-06T02:10:56.866+0000][7][gc,phases   ] GC(14)   Post Evacuate Collection Set: 1.3ms
[2022-09-06T02:10:56.866+0000][7][gc,phases   ] GC(14)   Other: 2.5ms
[2022-09-06T02:10:56.866+0000][7][gc,heap     ] GC(14) Eden regions: 35->0(33)
[2022-09-06T02:10:56.866+0000][7][gc,heap     ] GC(14) Survivor regions: 3->5(5)
[2022-09-06T02:10:56.867+0000][7][gc,heap     ] GC(14) Old regions: 3->3
[2022-09-06T02:10:56.867+0000][7][gc,heap     ] GC(14) Archive regions: 2->2
[2022-09-06T02:10:56.867+0000][7][gc,heap     ] GC(14) Humongous regions: 0->0
[2022-09-06T02:10:56.867+0000][7][gc,metaspace] GC(14) Metaspace: 30009K(32000K)->30009K(32000K) NonClass: 26252K(27648K)->26252K(27648K) Class: 3757K(4352K)->3757K(4352K)
[2022-09-06T02:10:56.867+0000][7][gc          ] GC(14) Pause Young (Normal) (G1 Evacuation Pause) 162M->31M(256M) 35.571ms
[2022-09-06T02:10:56.867+0000][7][gc,cpu      ] GC(14) User=0.08s Sys=0.01s Real=0.04s
[2022-09-06T02:10:56.867+0000][7][safepoint   ] Safepoint "G1CollectForAllocation", Time since last: 248399049 ns, Reaching safepoint: 269465 ns, At safepoint: 35941131 ns, Total: 36210596 ns
[2022-09-06T02:10:57.713+0000][7][gc,start    ] GC(15) Pause Young (Normal) (G1 Evacuation Pause)
[2022-09-06T02:10:57.714+0000][7][gc,task     ] GC(15) Using 6 workers of 6 for evacuation
[2022-09-06T02:10:57.714+0000][7][gc,age      ] GC(15) Desired survivor size 10485760 bytes, new threshold 4 (max threshold 15)
[2022-09-06T02:10:57.760+0000][7][gc,age      ] GC(15) Age table with threshold 4 (max threshold 15)
[2022-09-06T02:10:57.760+0000][7][gc,age      ] GC(15) - age   1:   12881704 bytes,   12881704 total
[2022-09-06T02:10:57.760+0000][7][gc,age      ] GC(15) - age   2:    7057096 bytes,   19938800 total
[2022-09-06T02:10:57.761+0000][7][gc,age      ] GC(15) - age   3:     298592 bytes,   20237392 total
[2022-09-06T02:10:57.761+0000][7][gc,age      ] GC(15) - age   4:     506328 bytes,   20743720 total
[2022-09-06T02:10:57.761+0000][7][gc,phases   ] GC(15)   Pre Evacuate Collection Set: 0.1ms
[2022-09-06T02:10:57.761+0000][7][gc,phases   ] GC(15)   Merge Heap Roots: 0.0ms
[2022-09-06T02:10:57.761+0000][7][gc,phases   ] GC(15)   Evacuate Collection Set: 42.7ms
[2022-09-06T02:10:57.761+0000][7][gc,phases   ] GC(15)   Post Evacuate Collection Set: 3.1ms
[2022-09-06T02:10:57.761+0000][7][gc,phases   ] GC(15)   Other: 1.8ms
[2022-09-06T02:10:57.762+0000][7][gc,heap     ] GC(15) Eden regions: 33->0(33)
[2022-09-06T02:10:57.762+0000][7][gc,heap     ] GC(15) Survivor regions: 5->5(5)
[2022-09-06T02:10:57.762+0000][7][gc,heap     ] GC(15) Old regions: 3->6
[2022-09-06T02:10:57.762+0000][7][gc,heap     ] GC(15) Archive regions: 2->2
[2022-09-06T02:10:57.762+0000][7][gc,heap     ] GC(15) Humongous regions: 0->0
[2022-09-06T02:10:57.762+0000][7][gc,metaspace] GC(15) Metaspace: 30112K(32256K)->30112K(32256K) NonClass: 26345K(27904K)->26345K(27904K) Class: 3767K(4352K)->3767K(4352K)
[2022-09-06T02:10:57.762+0000][7][gc          ] GC(15) Pause Young (Normal) (G1 Evacuation Pause) 163M->46M(256M) 49.128ms
[2022-09-06T02:10:57.762+0000][7][gc,cpu      ] GC(15) User=0.11s Sys=0.00s Real=0.05s
[2022-09-06T02:10:57.763+0000][7][safepoint   ] Safepoint "G1CollectForAllocation", Time since last: 845544246 ns, Reaching safepoint: 192521 ns, At safepoint: 49455292 ns, Total: 49647813 ns
[2022-09-06T02:10:58.683+0000][7][gc,start    ] GC(16) Pause Young (Concurrent Start) (Metadata GC Threshold)
[2022-09-06T02:10:58.684+0000][7][gc,task     ] GC(16) Using 6 workers of 6 for evacuation
[2022-09-06T02:10:58.684+0000][7][gc,age      ] GC(16) Desired survivor size 10485760 bytes, new threshold 1 (max threshold 15)
[2022-09-06T02:10:58.716+0000][7][gc,age      ] GC(16) Age table with threshold 1 (max threshold 15)
[2022-09-06T02:10:58.716+0000][7][gc,age      ] GC(16) - age   1:   12402848 bytes,   12402848 total
[2022-09-06T02:10:58.716+0000][7][gc,phases   ] GC(16)   Pre Evacuate Collection Set: 0.1ms
[2022-09-06T02:10:58.716+0000][7][gc,phases   ] GC(16)   Merge Heap Roots: 0.2ms
[2022-09-06T02:10:58.717+0000][7][gc,phases   ] GC(16)   Evacuate Collection Set: 29.7ms
[2022-09-06T02:10:58.717+0000][7][gc,phases   ] GC(16)   Post Evacuate Collection Set: 1.1ms
[2022-09-06T02:10:58.717+0000][7][gc,phases   ] GC(16)   Other: 1.7ms
[2022-09-06T02:10:58.717+0000][7][gc,heap     ] GC(16) Eden regions: 23->0(30)
[2022-09-06T02:10:58.717+0000][7][gc,heap     ] GC(16) Survivor regions: 5->4(5)
[2022-09-06T02:10:58.717+0000][7][gc,heap     ] GC(16) Old regions: 6->11
[2022-09-06T02:10:58.718+0000][7][gc,heap     ] GC(16) Archive regions: 2->2
[2022-09-06T02:10:58.718+0000][7][gc,heap     ] GC(16) Humongous regions: 0->0
[2022-09-06T02:10:58.718+0000][7][gc,metaspace] GC(16) Metaspace: 33622K(35840K)->33622K(35840K) NonClass: 29273K(30848K)->29273K(30848K) Class: 4349K(4992K)->4349K(4992K)
[2022-09-06T02:10:58.718+0000][7][gc          ] GC(16) Pause Young (Concurrent Start) (Metadata GC Threshold) 136M->60M(256M) 34.579ms
[2022-09-06T02:10:58.718+0000][7][gc,cpu      ] GC(16) User=0.08s Sys=0.00s Real=0.03s
[2022-09-06T02:10:58.719+0000][7][safepoint   ] Safepoint "CollectForMetadataAllocation", Time since last: 920540562 ns, Reaching safepoint: 263194 ns, At safepoint: 35078411 ns, Total: 35341605 ns
[2022-09-06T02:10:58.719+0000][7][gc          ] GC(17) Concurrent Cycle
[2022-09-06T02:10:58.719+0000][7][gc,marking  ] GC(17) Concurrent Clear Claimed Marks
[2022-09-06T02:10:58.719+0000][7][gc,marking  ] GC(17) Concurrent Clear Claimed Marks 0.280ms
[2022-09-06T02:10:58.719+0000][7][gc,marking  ] GC(17) Concurrent Scan Root Regions
[2022-09-06T02:10:58.734+0000][7][gc,marking  ] GC(17) Concurrent Scan Root Regions 15.089ms
[2022-09-06T02:10:58.735+0000][7][gc,marking  ] GC(17) Concurrent Mark (10.113s)
[2022-09-06T02:10:58.735+0000][7][gc,marking  ] GC(17) Concurrent Mark From Roots
[2022-09-06T02:10:58.735+0000][7][gc,task     ] GC(17) Using 2 workers of 2 for marking
[2022-09-06T02:10:58.748+0000][7][safepoint   ] Safepoint "CollectForMetadataAllocation", Time since last: 29250064 ns, Reaching safepoint: 221926 ns, At safepoint: 117010 ns, Total: 338936 ns
[2022-09-06T02:10:58.761+0000][7][gc,marking  ] GC(17) Concurrent Mark From Roots 26.096ms
[2022-09-06T02:10:58.761+0000][7][gc,marking  ] GC(17) Concurrent Preclean
[2022-09-06T02:10:58.762+0000][7][gc,marking  ] GC(17) Concurrent Preclean 0.403ms
[2022-09-06T02:10:58.762+0000][7][gc,marking  ] GC(17) Concurrent Mark (10.113s, 10.140s) 27.246ms
[2022-09-06T02:10:58.773+0000][7][gc,start    ] GC(17) Pause Remark
[2022-09-06T02:10:58.787+0000][7][gc          ] GC(17) Pause Remark 62M->62M(256M) 14.520ms
[2022-09-06T02:10:58.787+0000][7][gc,cpu      ] GC(17) User=0.01s Sys=0.00s Real=0.01s
[2022-09-06T02:10:58.788+0000][7][safepoint   ] Safepoint "G1Concurrent", Time since last: 22917409 ns, Reaching safepoint: 1474377 ns, At safepoint: 15166352 ns, Total: 16640729 ns
[2022-09-06T02:10:58.788+0000][7][gc,marking  ] GC(17) Concurrent Rebuild Remembered Sets
[2022-09-06T02:10:58.801+0000][7][gc,marking  ] GC(17) Concurrent Rebuild Remembered Sets 13.574ms
[2022-09-06T02:10:58.803+0000][7][gc,start    ] GC(17) Pause Cleanup
[2022-09-06T02:10:58.803+0000][7][gc          ] GC(17) Pause Cleanup 62M->62M(256M) 0.492ms
[2022-09-06T02:10:58.804+0000][7][gc,cpu      ] GC(17) User=0.00s Sys=0.00s Real=0.00s
[2022-09-06T02:10:58.805+0000][7][safepoint   ] Safepoint "G1Concurrent", Time since last: 14258589 ns, Reaching safepoint: 616758 ns, At safepoint: 2013529 ns, Total: 2630287 ns
[2022-09-06T02:10:58.805+0000][7][gc,marking  ] GC(17) Concurrent Cleanup for Next Mark
[2022-09-06T02:10:58.808+0000][7][gc,marking  ] GC(17) Concurrent Cleanup for Next Mark 2.665ms
[2022-09-06T02:10:58.808+0000][7][gc          ] GC(17) Concurrent Cycle 89.531ms
[2022-09-06T02:10:59.174+0000][7][gc,start    ] GC(18) Pause Young (Concurrent Start) (G1 Evacuation Pause)
[2022-09-06T02:10:59.174+0000][7][gc,task     ] GC(18) Using 6 workers of 6 for evacuation
[2022-09-06T02:10:59.174+0000][7][gc,age      ] GC(18) Desired survivor size 10485760 bytes, new threshold 1 (max threshold 15)
[2022-09-06T02:10:59.186+0000][7][gc,age      ] GC(18) Age table with threshold 1 (max threshold 15)
[2022-09-06T02:10:59.186+0000][7][gc,age      ] GC(18) - age   1:    1679648 bytes,    1679648 total
[2022-09-06T02:10:59.186+0000][7][gc,phases   ] GC(18)   Pre Evacuate Collection Set: 0.2ms
[2022-09-06T02:10:59.186+0000][7][gc,phases   ] GC(18)   Merge Heap Roots: 0.1ms
[2022-09-06T02:10:59.186+0000][7][gc,phases   ] GC(18)   Evacuate Collection Set: 10.1ms
[2022-09-06T02:10:59.187+0000][7][gc,phases   ] GC(18)   Post Evacuate Collection Set: 0.7ms
[2022-09-06T02:10:59.187+0000][7][gc,phases   ] GC(18)   Other: 1.4ms
[2022-09-06T02:10:59.187+0000][7][gc,heap     ] GC(18) Eden regions: 30->0(31)
[2022-09-06T02:10:59.187+0000][7][gc,heap     ] GC(18) Survivor regions: 4->1(5)
[2022-09-06T02:10:59.187+0000][7][gc,heap     ] GC(18) Old regions: 11->14
[2022-09-06T02:10:59.187+0000][7][gc,heap     ] GC(18) Archive regions: 2->2
[2022-09-06T02:10:59.188+0000][7][gc,heap     ] GC(18) Humongous regions: 0->0
[2022-09-06T02:10:59.188+0000][7][gc,metaspace] GC(18) Metaspace: 36048K(38528K)->36048K(38528K) NonClass: 31465K(33280K)->31465K(33280K) Class: 4582K(5248K)->4582K(5248K)
[2022-09-06T02:10:59.188+0000][7][gc          ] GC(18) Pause Young (Concurrent Start) (G1 Evacuation Pause) 180M->62M(256M) 14.209ms
[2022-09-06T02:10:59.188+0000][7][gc,cpu      ] GC(18) User=0.02s Sys=0.00s Real=0.01s
[2022-09-06T02:10:59.188+0000][7][gc          ] GC(19) Concurrent Cycle
[2022-09-06T02:10:59.189+0000][7][gc,marking  ] GC(19) Concurrent Clear Claimed Marks
[2022-09-06T02:10:59.189+0000][7][gc,marking  ] GC(19) Concurrent Clear Claimed Marks 0.263ms
[2022-09-06T02:10:59.189+0000][7][gc,marking  ] GC(19) Concurrent Scan Root Regions
[2022-09-06T02:10:59.188+0000][7][safepoint   ] Safepoint "G1CollectForAllocation", Time since last: 369052988 ns, Reaching safepoint: 166563 ns, At safepoint: 14654462 ns, Total: 14821025 ns
[2022-09-06T02:10:59.194+0000][7][gc,marking  ] GC(19) Concurrent Scan Root Regions 4.669ms
[2022-09-06T02:10:59.194+0000][7][gc,marking  ] GC(19) Concurrent Mark (10.572s)
[2022-09-06T02:10:59.194+0000][7][gc,marking  ] GC(19) Concurrent Mark From Roots
[2022-09-06T02:10:59.194+0000][7][gc,task     ] GC(19) Using 2 workers of 2 for marking
[2022-09-06T02:10:59.272+0000][7][gc,marking  ] GC(19) Concurrent Mark From Roots 78.162ms
[2022-09-06T02:10:59.273+0000][7][gc,marking  ] GC(19) Concurrent Preclean
[2022-09-06T02:10:59.273+0000][7][gc,marking  ] GC(19) Concurrent Preclean 0.277ms
[2022-09-06T02:10:59.273+0000][7][gc,marking  ] GC(19) Concurrent Mark (10.572s, 10.651s) 79.118ms
[2022-09-06T02:10:59.292+0000][7][gc,start    ] GC(19) Pause Remark
[2022-09-06T02:10:59.330+0000][7][gc          ] GC(19) Pause Remark 66M->66M(256M) 37.212ms
[2022-09-06T02:10:59.330+0000][7][gc,cpu      ] GC(19) User=0.04s Sys=0.00s Real=0.03s
[2022-09-06T02:10:59.330+0000][7][safepoint   ] Safepoint "G1Concurrent", Time since last: 93958892 ns, Reaching safepoint: 9986261 ns, At safepoint: 37937597 ns, Total: 47923858 ns
[2022-09-06T02:10:59.331+0000][7][gc,marking  ] GC(19) Concurrent Rebuild Remembered Sets
[2022-09-06T02:10:59.386+0000][7][gc,marking  ] GC(19) Concurrent Rebuild Remembered Sets 55.418ms
[2022-09-06T02:10:59.389+0000][7][gc,start    ] GC(19) Pause Cleanup
[2022-09-06T02:10:59.390+0000][7][gc          ] GC(19) Pause Cleanup 68M->68M(256M) 0.493ms
[2022-09-06T02:10:59.390+0000][7][gc,cpu      ] GC(19) User=0.00s Sys=0.00s Real=0.00s
[2022-09-06T02:10:59.390+0000][7][safepoint   ] Safepoint "G1Concurrent", Time since last: 58353893 ns, Reaching safepoint: 348524 ns, At safepoint: 930406 ns, Total: 1278930 ns
[2022-09-06T02:10:59.390+0000][7][gc,marking  ] GC(19) Concurrent Cleanup for Next Mark
[2022-09-06T02:10:59.412+0000][7][gc,marking  ] GC(19) Concurrent Cleanup for Next Mark 22.168ms
[2022-09-06T02:10:59.422+0000][7][gc          ] GC(19) Concurrent Cycle 233.986ms
[2022-09-06T02:11:01.040+0000][7][safepoint   ] Safepoint "Cleanup", Time since last: 1649706551 ns, Reaching safepoint: 379643 ns, At safepoint: 7414 ns, Total: 387057 ns
[2022-09-06T02:11:01.160+0000][7][gc,start    ] GC(20) Pause Young (Normal) (G1 Evacuation Pause)
[2022-09-06T02:11:01.160+0000][7][gc,task     ] GC(20) Using 6 workers of 6 for evacuation
[2022-09-06T02:11:01.161+0000][7][gc,age      ] GC(20) Desired survivor size 8388608 bytes, new threshold 15 (max threshold 15)
[2022-09-06T02:11:01.184+0000][7][gc,age      ] GC(20) Age table with threshold 15 (max threshold 15)
[2022-09-06T02:11:01.185+0000][7][gc,age      ] GC(20) - age   1:    5193352 bytes,    5193352 total
[2022-09-06T02:11:01.185+0000][7][gc,age      ] GC(20) - age   2:    1333432 bytes,    6526784 total
[2022-09-06T02:11:01.185+0000][7][gc,phases   ] GC(20)   Pre Evacuate Collection Set: 0.1ms
[2022-09-06T02:11:01.186+0000][7][gc,phases   ] GC(20)   Merge Heap Roots: 0.1ms
[2022-09-06T02:11:01.186+0000][7][gc,phases   ] GC(20)   Evacuate Collection Set: 13.7ms
[2022-09-06T02:11:01.186+0000][7][gc,phases   ] GC(20)   Post Evacuate Collection Set: 10.0ms
[2022-09-06T02:11:01.186+0000][7][gc,phases   ] GC(20)   Other: 1.7ms
[2022-09-06T02:11:01.186+0000][7][gc,heap     ] GC(20) Eden regions: 31->0(30)
[2022-09-06T02:11:01.186+0000][7][gc,heap     ] GC(20) Survivor regions: 1->2(4)
[2022-09-06T02:11:01.187+0000][7][gc,heap     ] GC(20) Old regions: 14->14
[2022-09-06T02:11:01.187+0000][7][gc,heap     ] GC(20) Archive regions: 2->2
[2022-09-06T02:11:01.187+0000][7][gc,heap     ] GC(20) Humongous regions: 0->0
[2022-09-06T02:11:01.187+0000][7][gc,metaspace] GC(20) Metaspace: 51794K(54912K)->51794K(54912K) NonClass: 44864K(47104K)->44864K(47104K) Class: 6929K(7808K)->6929K(7808K)
[2022-09-06T02:11:01.187+0000][7][gc          ] GC(20) Pause Young (Normal) (G1 Evacuation Pause) 186M->66M(256M) 27.469ms
[2022-09-06T02:11:01.188+0000][7][gc,cpu      ] GC(20) User=0.07s Sys=0.00s Real=0.03s
[2022-09-06T02:11:01.188+0000][7][safepoint   ] Safepoint "G1CollectForAllocation", Time since last: 119502619 ns, Reaching safepoint: 224762 ns, At safepoint: 27976453 ns, Total: 28201215 ns
[2022-09-06T02:11:01.378+0000][7][safepoint   ] Safepoint "ICBufferFull", Time since last: 189537704 ns, Reaching safepoint: 271380 ns, At safepoint: 3636 ns, Total: 275016 ns
[2022-09-06T02:11:02.576+0000][7][gc,start    ] GC(21) Pause Young (Concurrent Start) (Metadata GC Threshold)
[2022-09-06T02:11:02.576+0000][7][gc,task     ] GC(21) Using 6 workers of 6 for evacuation
[2022-09-06T02:11:02.576+0000][7][gc,age      ] GC(21) Desired survivor size 8388608 bytes, new threshold 15 (max threshold 15)
[2022-09-06T02:11:02.616+0000][7][gc,age      ] GC(21) Age table with threshold 15 (max threshold 15)
[2022-09-06T02:11:02.616+0000][7][gc,age      ] GC(21) - age   1:    4434504 bytes,    4434504 total
[2022-09-06T02:11:02.616+0000][7][gc,age      ] GC(21) - age   2:    5031656 bytes,    9466160 total
[2022-09-06T02:11:02.616+0000][7][gc,age      ] GC(21) - age   3:    1331776 bytes,   10797936 total
[2022-09-06T02:11:02.617+0000][7][gc,phases   ] GC(21)   Pre Evacuate Collection Set: 0.2ms
[2022-09-06T02:11:02.617+0000][7][gc,phases   ] GC(21)   Merge Heap Roots: 0.1ms
[2022-09-06T02:11:02.617+0000][7][gc,phases   ] GC(21)   Evacuate Collection Set: 18.4ms
[2022-09-06T02:11:02.617+0000][7][gc,phases   ] GC(21)   Post Evacuate Collection Set: 21.0ms
[2022-09-06T02:11:02.617+0000][7][gc,phases   ] GC(21)   Other: 1.4ms
[2022-09-06T02:11:02.617+0000][7][gc,heap     ] GC(21) Eden regions: 26->0(30)
[2022-09-06T02:11:02.617+0000][7][gc,heap     ] GC(21) Survivor regions: 2->3(4)
[2022-09-06T02:11:02.617+0000][7][gc,heap     ] GC(21) Old regions: 14->14
[2022-09-06T02:11:02.618+0000][7][gc,heap     ] GC(21) Archive regions: 2->2
[2022-09-06T02:11:02.618+0000][7][gc,heap     ] GC(21) Humongous regions: 0->0
[2022-09-06T02:11:02.618+0000][7][gc,metaspace] GC(21) Metaspace: 61381K(64640K)->61381K(64640K) NonClass: 53138K(55424K)->53138K(55424K) Class: 8243K(9216K)->8243K(9216K)
[2022-09-06T02:11:02.618+0000][7][gc          ] GC(21) Pause Young (Concurrent Start) (Metadata GC Threshold) 170M->70M(256M) 42.450ms
[2022-09-06T02:11:02.618+0000][7][gc,cpu      ] GC(21) User=0.04s Sys=0.00s Real=0.04s
[2022-09-06T02:11:02.618+0000][7][gc          ] GC(22) Concurrent Cycle
[2022-09-06T02:11:02.619+0000][7][gc,marking  ] GC(22) Concurrent Clear Claimed Marks
[2022-09-06T02:11:02.619+0000][7][gc,marking  ] GC(22) Concurrent Clear Claimed Marks 0.374ms
[2022-09-06T02:11:02.620+0000][7][gc,marking  ] GC(22) Concurrent Scan Root Regions
[2022-09-06T02:11:02.619+0000][7][safepoint   ] Safepoint "CollectForMetadataAllocation", Time since last: 1197453572 ns, Reaching safepoint: 406904 ns, At safepoint: 43521646 ns, Total: 43928550 ns
[2022-09-06T02:11:02.633+0000][7][gc,marking  ] GC(22) Concurrent Scan Root Regions 13.839ms
[2022-09-06T02:11:02.634+0000][7][gc,marking  ] GC(22) Concurrent Mark (14.012s)
[2022-09-06T02:11:02.634+0000][7][gc,marking  ] GC(22) Concurrent Mark From Roots
[2022-09-06T02:11:02.634+0000][7][gc,task     ] GC(22) Using 2 workers of 2 for marking
[2022-09-06T02:11:02.654+0000][7][safepoint   ] Safepoint "CollectForMetadataAllocation", Time since last: 32754721 ns, Reaching safepoint: 2588698 ns, At safepoint: 137789 ns, Total: 2726487 ns
[2022-09-06T02:11:02.697+0000][7][gc,marking  ] GC(22) Concurrent Mark From Roots 63.196ms
[2022-09-06T02:11:02.698+0000][7][gc,marking  ] GC(22) Concurrent Preclean
[2022-09-06T02:11:02.698+0000][7][gc,marking  ] GC(22) Concurrent Preclean 0.323ms
[2022-09-06T02:11:02.698+0000][7][gc,marking  ] GC(22) Concurrent Mark (14.012s, 14.076s) 64.242ms
[2022-09-06T02:11:02.713+0000][7][gc,start    ] GC(22) Pause Remark
[2022-09-06T02:11:02.738+0000][7][gc          ] GC(22) Pause Remark 74M->74M(256M) 24.963ms
[2022-09-06T02:11:02.738+0000][7][gc,cpu      ] GC(22) User=0.02s Sys=0.00s Real=0.02s
[2022-09-06T02:11:02.738+0000][7][safepoint   ] Safepoint "G1Concurrent", Time since last: 46828753 ns, Reaching safepoint: 11213815 ns, At safepoint: 25639337 ns, Total: 36853152 ns
[2022-09-06T02:11:02.741+0000][7][gc,marking  ] GC(22) Concurrent Rebuild Remembered Sets
[2022-09-06T02:11:02.770+0000][7][gc,marking  ] GC(22) Concurrent Rebuild Remembered Sets 29.224ms
[2022-09-06T02:11:02.780+0000][7][gc,start    ] GC(22) Pause Cleanup
[2022-09-06T02:11:02.781+0000][7][gc          ] GC(22) Pause Cleanup 78M->78M(256M) 1.076ms
[2022-09-06T02:11:02.782+0000][7][gc,cpu      ] GC(22) User=0.00s Sys=0.00s Real=0.00s
[2022-09-06T02:11:02.782+0000][7][safepoint   ] Safepoint "G1Concurrent", Time since last: 40207237 ns, Reaching safepoint: 1884096 ns, At safepoint: 1606494 ns, Total: 3490590 ns
[2022-09-06T02:11:02.782+0000][7][gc,marking  ] GC(22) Concurrent Cleanup for Next Mark
[2022-09-06T02:11:02.783+0000][7][gc,marking  ] GC(22) Concurrent Cleanup for Next Mark 0.829ms
[2022-09-06T02:11:02.784+0000][7][gc          ] GC(22) Concurrent Cycle 165.365ms
[2022-09-06T02:11:03.970+0000][7][safepoint   ] Safepoint "Cleanup", Time since last: 1188014709 ns, Reaching safepoint: 229761 ns, At safepoint: 1954 ns, Total: 231715 ns
[2022-09-06T02:11:05.077+0000][7][safepoint   ] Safepoint "Cleanup", Time since last: 1106670720 ns, Reaching safepoint: 522341 ns, At safepoint: 8396 ns, Total: 530737 ns
[2022-09-06T02:11:05.525+0000][7][gc,start    ] GC(23) Pause Young (Concurrent Start) (G1 Evacuation Pause)
[2022-09-06T02:11:05.527+0000][7][gc,task     ] GC(23) Using 6 workers of 6 for evacuation
[2022-09-06T02:11:05.529+0000][7][gc,age      ] GC(23) Desired survivor size 10485760 bytes, new threshold 3 (max threshold 15)
[2022-09-06T02:11:05.565+0000][7][gc,age      ] GC(23) Age table with threshold 3 (max threshold 15)
[2022-09-06T02:11:05.567+0000][7][gc,age      ] GC(23) - age   1:    6751784 bytes,    6751784 total
[2022-09-06T02:11:05.569+0000][7][gc,age      ] GC(23) - age   2:    4312952 bytes,   11064736 total
[2022-09-06T02:11:05.569+0000][7][gc,age      ] GC(23) - age   3:    4990376 bytes,   16055112 total
[2022-09-06T02:11:05.570+0000][7][gc,phases   ] GC(23)   Pre Evacuate Collection Set: 0.3ms
[2022-09-06T02:11:05.570+0000][7][gc,phases   ] GC(23)   Merge Heap Roots: 0.2ms
[2022-09-06T02:11:05.571+0000][7][gc,phases   ] GC(23)   Evacuate Collection Set: 33.2ms
[2022-09-06T02:11:05.574+0000][7][gc,phases   ] GC(23)   Post Evacuate Collection Set: 2.3ms
[2022-09-06T02:11:05.574+0000][7][gc,phases   ] GC(23)   Other: 8.8ms
[2022-09-06T02:11:05.575+0000][7][gc,heap     ] GC(23) Eden regions: 30->0(28)
[2022-09-06T02:11:05.575+0000][7][gc,heap     ] GC(23) Survivor regions: 3->4(5)
[2022-09-06T02:11:05.578+0000][7][gc,heap     ] GC(23) Old regions: 14->15
[2022-09-06T02:11:05.578+0000][7][gc,heap     ] GC(23) Archive regions: 2->2
[2022-09-06T02:11:05.579+0000][7][gc,heap     ] GC(23) Humongous regions: 0->0
[2022-09-06T02:11:05.580+0000][7][gc,metaspace] GC(23) Metaspace: 81187K(85120K)->81187K(85120K) NonClass: 70315K(73216K)->70315K(73216K) Class: 10872K(11904K)->10872K(11904K)
[2022-09-06T02:11:05.582+0000][7][gc          ] GC(23) Pause Young (Concurrent Start) (G1 Evacuation Pause) 190M->76M(256M) 56.818ms
[2022-09-06T02:11:05.586+0000][7][gc,cpu      ] GC(23) User=0.05s Sys=0.00s Real=0.06s
[2022-09-06T02:11:05.588+0000][7][safepoint   ] Safepoint "G1CollectForAllocation", Time since last: 447599736 ns, Reaching safepoint: 264226 ns, At safepoint: 62452855 ns, Total: 62717081 ns
[2022-09-06T02:11:05.588+0000][7][gc          ] GC(24) Concurrent Cycle
[2022-09-06T02:11:05.592+0000][7][gc,marking  ] GC(24) Concurrent Clear Claimed Marks
[2022-09-06T02:11:05.593+0000][7][gc,marking  ] GC(24) Concurrent Clear Claimed Marks 0.375ms
[2022-09-06T02:11:05.593+0000][7][gc,marking  ] GC(24) Concurrent Scan Root Regions
[2022-09-06T02:11:05.602+0000][7][gc,marking  ] GC(24) Concurrent Scan Root Regions 8.649ms
[2022-09-06T02:11:05.602+0000][7][gc,marking  ] GC(24) Concurrent Mark (16.980s)
[2022-09-06T02:11:05.603+0000][7][gc,marking  ] GC(24) Concurrent Mark From Roots
[2022-09-06T02:11:05.604+0000][7][gc,task     ] GC(24) Using 2 workers of 2 for marking
[2022-09-06T02:11:05.664+0000][7][gc,marking  ] GC(24) Concurrent Mark From Roots 60.783ms
[2022-09-06T02:11:05.665+0000][7][gc,marking  ] GC(24) Concurrent Preclean
[2022-09-06T02:11:05.666+0000][7][gc,marking  ] GC(24) Concurrent Preclean 0.612ms
[2022-09-06T02:11:05.666+0000][7][gc,marking  ] GC(24) Concurrent Mark (16.980s, 17.044s) 63.812ms
[2022-09-06T02:11:05.667+0000][7][gc,start    ] GC(24) Pause Remark
[2022-09-06T02:11:05.673+0000][7][gc          ] GC(24) Pause Remark 80M->80M(256M) 6.617ms
[2022-09-06T02:11:05.674+0000][7][gc,cpu      ] GC(24) User=0.01s Sys=0.00s Real=0.01s
[2022-09-06T02:11:05.675+0000][7][safepoint   ] Safepoint "G1Concurrent", Time since last: 79101880 ns, Reaching safepoint: 97283 ns, At safepoint: 8054666 ns, Total: 8151949 ns
[2022-09-06T02:11:05.676+0000][7][gc,marking  ] GC(24) Concurrent Rebuild Remembered Sets
[2022-09-06T02:11:05.706+0000][7][gc,marking  ] GC(24) Concurrent Rebuild Remembered Sets 29.805ms
[2022-09-06T02:11:05.707+0000][7][gc,start    ] GC(24) Pause Cleanup
[2022-09-06T02:11:05.708+0000][7][gc          ] GC(24) Pause Cleanup 80M->80M(256M) 0.985ms
[2022-09-06T02:11:05.708+0000][7][gc,cpu      ] GC(24) User=0.00s Sys=0.00s Real=0.00s
[2022-09-06T02:11:05.712+0000][7][safepoint   ] Safepoint "G1Concurrent", Time since last: 31528489 ns, Reaching safepoint: 383991 ns, At safepoint: 5163430 ns, Total: 5547421 ns
[2022-09-06T02:11:05.714+0000][7][gc,marking  ] GC(24) Concurrent Cleanup for Next Mark
[2022-09-06T02:11:05.716+0000][7][gc,marking  ] GC(24) Concurrent Cleanup for Next Mark 2.550ms
[2022-09-06T02:11:05.720+0000][7][gc          ] GC(24) Concurrent Cycle 132.473ms
[2022-09-06T02:11:06.721+0000][7][safepoint   ] Safepoint "Cleanup", Time since last: 1001675777 ns, Reaching safepoint: 7462355 ns, At safepoint: 32501 ns, Total: 7494856 ns
[2022-09-06T02:11:07.723+0000][7][safepoint   ] Safepoint "Cleanup", Time since last: 1001619261 ns, Reaching safepoint: 279244 ns, At safepoint: 4769 ns, Total: 284013 ns
[2022-09-06T02:11:08.737+0000][7][safepoint   ] Safepoint "Cleanup", Time since last: 1014114180 ns, Reaching safepoint: 274726 ns, At safepoint: 5992 ns, Total: 280718 ns
[2022-09-06T02:11:09.745+0000][7][safepoint   ] Safepoint "Cleanup", Time since last: 1006539564 ns, Reaching safepoint: 1132957 ns, At safepoint: 32911 ns, Total: 1165868 ns
[2022-09-06T02:11:10.770+0000][7][safepoint   ] Safepoint "Cleanup", Time since last: 1025083036 ns, Reaching safepoint: 247394 ns, At safepoint: 1683 ns, Total: 249077 ns
[2022-09-06T02:11:11.773+0000][7][safepoint   ] Safepoint "Cleanup", Time since last: 1002401720 ns, Reaching safepoint: 151815 ns, At safepoint: 1683 ns, Total: 153498 ns
[2022-09-06T02:11:13.774+0000][7][safepoint   ] Safepoint "Cleanup", Time since last: 2000776242 ns, Reaching safepoint: 174147 ns, At safepoint: 1613 ns, Total: 175760 ns
[2022-09-06T02:11:15.182+0000][7][safepoint   ] Safepoint "Cleanup", Time since last: 1407303135 ns, Reaching safepoint: 287029 ns, At safepoint: 2305 ns, Total: 289334 ns
[2022-09-06T02:11:16.185+0000][7][safepoint   ] Safepoint "Cleanup", Time since last: 1001357960 ns, Reaching safepoint: 2467371 ns, At safepoint: 23213 ns, Total: 2490584 ns
[2022-09-06T02:11:18.188+0000][7][safepoint   ] Safepoint "Cleanup", Time since last: 2002430406 ns, Reaching safepoint: 168045 ns, At safepoint: 1764 ns, Total: 169809 ns
[2022-09-06T02:11:20.189+0000][7][safepoint   ] Safepoint "Cleanup", Time since last: 2000592868 ns, Reaching safepoint: 127379 ns, At safepoint: 1763 ns, Total: 129142 ns
[2022-09-06T02:11:21.189+0000][7][safepoint   ] Safepoint "Cleanup", Time since last: 1000472429 ns, Reaching safepoint: 233238 ns, At safepoint: 5210 ns, Total: 238448 ns
[2022-09-06T02:11:23.016+0000][7][safepoint   ] Safepoint "Cleanup", Time since last: 1826530345 ns, Reaching safepoint: 173415 ns, At safepoint: 3687 ns, Total: 177102 ns
[2022-09-06T02:11:24.017+0000][7][safepoint   ] Safepoint "Cleanup", Time since last: 1000217611 ns, Reaching safepoint: 183385 ns, At safepoint: 2454 ns, Total: 185839 ns
[2022-09-06T02:11:26.018+0000][7][safepoint   ] Safepoint "Cleanup", Time since last: 2000712692 ns, Reaching safepoint: 191740 ns, At safepoint: 36920 ns, Total: 228660 ns
[2022-09-06T02:11:27.018+0000][7][safepoint   ] Safepoint "Cleanup", Time since last: 1000472389 ns, Reaching safepoint: 251301 ns, At safepoint: 42560 ns, Total: 293861 ns
[2022-09-06T02:11:30.019+0000][7][safepoint   ] Safepoint "Cleanup", Time since last: 3000708928 ns, Reaching safepoint: 256652 ns, At safepoint: 49422 ns, Total: 306074 ns
[2022-09-06T02:11:31.020+0000][7][safepoint   ] Safepoint "Cleanup", Time since last: 1000529636 ns, Reaching safepoint: 232266 ns, At safepoint: 39254 ns, Total: 271520 ns
[2022-09-06T02:11:32.021+0000][7][safepoint   ] Safepoint "Cleanup", Time since last: 1000624564 ns, Reaching safepoint: 199505 ns, At safepoint: 43632 ns, Total: 243137 ns
[2022-09-06T02:11:33.022+0000][7][safepoint   ] Safepoint "Cleanup", Time since last: 1000597333 ns, Reaching safepoint: 233879 ns, At safepoint: 44223 ns, Total: 278102 ns
[2022-09-06T02:11:35.023+0000][7][safepoint   ] Safepoint "Cleanup", Time since last: 2000652700 ns, Reaching safepoint: 282590 ns, At safepoint: 33332 ns, Total: 315922 ns
[2022-09-06T02:11:37.024+0000][7][safepoint   ] Safepoint "Cleanup", Time since last: 2000665154 ns, Reaching safepoint: 233568 ns, At safepoint: 39003 ns, Total: 272571 ns
[2022-09-06T02:11:38.025+0000][7][safepoint   ] Safepoint "Cleanup", Time since last: 1000604137 ns, Reaching safepoint: 206928 ns, At safepoint: 4068 ns, Total: 210996 ns
[2022-09-06T02:11:39.026+0000][7][safepoint   ] Safepoint "Cleanup", Time since last: 1000619715 ns, Reaching safepoint: 285947 ns, At safepoint: 37921 ns, Total: 323868 ns
[2022-09-06T02:11:41.027+0000][7][safepoint   ] Safepoint "Cleanup", Time since last: 2000734783 ns, Reaching safepoint: 301406 ns, At safepoint: 60814 ns, Total: 362220 ns
[2022-09-06T02:11:42.027+0000][7][safepoint   ] Safepoint "Cleanup", Time since last: 1000637109 ns, Reaching safepoint: 205986 ns, At safepoint: 7524 ns, Total: 213510 ns
[2022-09-06T02:11:43.028+0000][7][safepoint   ] Safepoint "Cleanup", Time since last: 1000502947 ns, Reaching safepoint: 266760 ns, At safepoint: 37390 ns, Total: 304150 ns
[2022-09-06T02:11:44.029+0000][7][safepoint   ] Safepoint "Cleanup", Time since last: 1000637379 ns, Reaching safepoint: 176241 ns, At safepoint: 6702 ns, Total: 182943 ns
[2022-09-06T02:11:45.030+0000][7][safepoint   ] Safepoint "Cleanup", Time since last: 1000524537 ns, Reaching safepoint: 189737 ns, At safepoint: 31098 ns, Total: 220835 ns
[2022-09-06T02:11:47.031+0000][7][safepoint   ] Safepoint "Cleanup", Time since last: 2000692695 ns, Reaching safepoint: 261160 ns, At safepoint: 38312 ns, Total: 299472 ns
[2022-09-06T02:11:48.032+0000][7][safepoint   ] Safepoint "Cleanup", Time since last: 1000768525 ns, Reaching safepoint: 306064 ns, At safepoint: 15289 ns, Total: 321353 ns
[2022-09-06T02:11:49.033+0000][7][safepoint   ] Safepoint "Cleanup", Time since last: 1000685990 ns, Reaching safepoint: 327083 ns, At safepoint: 64962 ns, Total: 392045 ns
[2022-09-06T02:11:51.034+0000][7][safepoint   ] Safepoint "Cleanup", Time since last: 2000881319 ns, Reaching safepoint: 392126 ns, At safepoint: 168526 ns, Total: 560652 ns
[2022-09-06T02:11:52.738+0000][7][gc,start    ] GC(25) Pause Young (Normal) (G1 Evacuation Pause)
[2022-09-06T02:11:52.738+0000][7][gc,task     ] GC(25) Using 6 workers of 6 for evacuation
[2022-09-06T02:11:52.739+0000][7][gc,age      ] GC(25) Desired survivor size 8388608 bytes, new threshold 2 (max threshold 15)
[2022-09-06T02:11:52.780+0000][7][gc,age      ] GC(25) Age table with threshold 2 (max threshold 15)
[2022-09-06T02:11:52.781+0000][7][gc,age      ] GC(25) - age   1:    5434472 bytes,    5434472 total
[2022-09-06T02:11:52.781+0000][7][gc,age      ] GC(25) - age   2:    6319168 bytes,   11753640 total
[2022-09-06T02:11:52.781+0000][7][gc,phases   ] GC(25)   Pre Evacuate Collection Set: 0.2ms
[2022-09-06T02:11:52.781+0000][7][gc,phases   ] GC(25)   Merge Heap Roots: 0.1ms
[2022-09-06T02:11:52.782+0000][7][gc,phases   ] GC(25)   Evacuate Collection Set: 38.8ms
[2022-09-06T02:11:52.782+0000][7][gc,phases   ] GC(25)   Post Evacuate Collection Set: 2.0ms
[2022-09-06T02:11:52.782+0000][7][gc,phases   ] GC(25)   Other: 2.1ms
[2022-09-06T02:11:52.782+0000][7][gc,heap     ] GC(25) Eden regions: 28->0(24)
[2022-09-06T02:11:52.783+0000][7][gc,heap     ] GC(25) Survivor regions: 4->4(4)
[2022-09-06T02:11:52.783+0000][7][gc,heap     ] GC(25) Old regions: 15->17
[2022-09-06T02:11:52.783+0000][7][gc,heap     ] GC(25) Archive regions: 2->2
[2022-09-06T02:11:52.783+0000][7][gc,heap     ] GC(25) Humongous regions: 2->2
[2022-09-06T02:11:52.784+0000][7][gc,metaspace] GC(25) Metaspace: 92942K(97152K)->92942K(97152K) NonClass: 80428K(83456K)->80428K(83456K) Class: 12513K(13696K)->12513K(13696K)
[2022-09-06T02:11:52.784+0000][7][gc          ] GC(25) Pause Young (Normal) (G1 Evacuation Pause) 196M->90M(256M) 46.009ms
[2022-09-06T02:11:52.784+0000][7][gc,cpu      ] GC(25) User=0.18s Sys=0.02s Real=0.05s
[2022-09-06T02:11:52.785+0000][7][safepoint   ] Safepoint "G1CollectForAllocation", Time since last: 1703385491 ns, Reaching safepoint: 174678 ns, At safepoint: 46715871 ns, Total: 46890549 ns
[2022-09-06T02:11:53.788+0000][7][safepoint   ] Safepoint "Cleanup", Time since last: 1002627103 ns, Reaching safepoint: 318678 ns, At safepoint: 36067 ns, Total: 354745 ns
[2022-09-06T02:11:54.789+0000][7][safepoint   ] Safepoint "Cleanup", Time since last: 1000665422 ns, Reaching safepoint: 250780 ns, At safepoint: 39655 ns, Total: 290435 ns
[2022-09-06T02:11:55.789+0000][7][safepoint   ] Safepoint "Cleanup", Time since last: 1000585572 ns, Reaching safepoint: 198402 ns, At safepoint: 7914 ns, Total: 206316 ns
[2022-09-06T02:11:56.790+0000][7][safepoint   ] Safepoint "Cleanup", Time since last: 1000588838 ns, Reaching safepoint: 202761 ns, At safepoint: 3987 ns, Total: 206748 ns
[2022-09-06T02:11:58.791+0000][7][safepoint   ] Safepoint "Cleanup", Time since last: 2000655185 ns, Reaching safepoint: 284043 ns, At safepoint: 39033 ns, Total: 323076 ns
[2022-09-06T02:11:59.792+0000][7][safepoint   ] Safepoint "Cleanup", Time since last: 1000485273 ns, Reaching safepoint: 251783 ns, At safepoint: 48050 ns, Total: 299833 ns
[2022-09-06T02:12:00.793+0000][7][safepoint   ] Safepoint "Cleanup", Time since last: 1000569099 ns, Reaching safepoint: 192482 ns, At safepoint: 32200 ns, Total: 224682 ns
[2022-09-06T02:12:01.794+0000][7][safepoint   ] Safepoint "Cleanup", Time since last: 1000899571 ns, Reaching safepoint: 310883 ns, At safepoint: 41578 ns, Total: 352461 ns
[2022-09-06T02:12:02.795+0000][7][safepoint   ] Safepoint "Cleanup", Time since last: 1000565705 ns, Reaching safepoint: 214522 ns, At safepoint: 45806 ns, Total: 260328 ns
[2022-09-06T02:12:03.797+0000][7][safepoint   ] Safepoint "Cleanup", Time since last: 1001672551 ns, Reaching safepoint: 240322 ns, At safepoint: 44583 ns, Total: 284905 ns
[2022-09-06T02:12:05.798+0000][7][safepoint   ] Safepoint "Cleanup", Time since last: 2000597687 ns, Reaching safepoint: 264436 ns, At safepoint: 3657 ns, Total: 268093 ns
[2022-09-06T02:12:06.799+0000][7][safepoint   ] Safepoint "Cleanup", Time since last: 1000886215 ns, Reaching safepoint: 186631 ns, At safepoint: 30938 ns, Total: 217569 ns
[2022-09-06T02:12:07.800+0000][7][safepoint   ] Safepoint "Cleanup", Time since last: 1000618453 ns, Reaching safepoint: 200126 ns, At safepoint: 31519 ns, Total: 231645 ns
[2022-09-06T02:12:08.800+0000][7][safepoint   ] Safepoint "Cleanup", Time since last: 1000513396 ns, Reaching safepoint: 215845 ns, At safepoint: 6282 ns, Total: 222127 ns
[2022-09-06T02:12:10.801+0000][7][safepoint   ] Safepoint "Cleanup", Time since last: 2000701491 ns, Reaching safepoint: 170089 ns, At safepoint: 9077 ns, Total: 179166 ns
[2022-09-06T02:12:11.802+0000][7][safepoint   ] Safepoint "Cleanup", Time since last: 1000522183 ns, Reaching safepoint: 200315 ns, At safepoint: 7945 ns, Total: 208260 ns
[2022-09-06T02:12:12.803+0000][7][safepoint   ] Safepoint "Cleanup", Time since last: 1000499370 ns, Reaching safepoint: 347633 ns, At safepoint: 66815 ns, Total: 414448 ns
[2022-09-06T02:12:13.804+0000][7][safepoint   ] Safepoint "Cleanup", Time since last: 1000769436 ns, Reaching safepoint: 193052 ns, At safepoint: 38162 ns, Total: 231214 ns
[2022-09-06T02:12:14.805+0000][7][safepoint   ] Safepoint "Cleanup", Time since last: 1000554063 ns, Reaching safepoint: 214943 ns, At safepoint: 36188 ns, Total: 251131 ns
[2022-09-06T02:12:16.192+0000][7][safepoint   ] Safepoint "Cleanup", Time since last: 1386875078 ns, Reaching safepoint: 357310 ns, At safepoint: 36399 ns, Total: 393709 ns
[2022-09-06T02:12:18.193+0000][7][safepoint   ] Safepoint "Cleanup", Time since last: 2000892409 ns, Reaching safepoint: 271049 ns, At safepoint: 11341 ns, Total: 282390 ns
[2022-09-06T02:12:19.194+0000][7][safepoint   ] Safepoint "Cleanup", Time since last: 1000554894 ns, Reaching safepoint: 354425 ns, At safepoint: 33603 ns, Total: 388028 ns
[2022-09-06T02:12:20.195+0000][7][safepoint   ] Safepoint "Cleanup", Time since last: 1000542281 ns, Reaching safepoint: 204223 ns, At safepoint: 8005 ns, Total: 212228 ns
[2022-09-06T02:12:22.196+0000][7][safepoint   ] Safepoint "Cleanup", Time since last: 2000730846 ns, Reaching safepoint: 264727 ns, At safepoint: 10820 ns, Total: 275547 ns
[2022-09-06T02:12:23.197+0000][7][safepoint   ] Safepoint "Cleanup", Time since last: 1000587706 ns, Reaching safepoint: 239579 ns, At safepoint: 41178 ns, Total: 280757 ns
[2022-09-06T02:12:25.198+0000][7][safepoint   ] Safepoint "Cleanup", Time since last: 2000732570 ns, Reaching safepoint: 216185 ns, At safepoint: 30908 ns, Total: 247093 ns
[2022-09-06T02:12:26.199+0000][7][safepoint   ] Safepoint "Cleanup", Time since last: 1000539575 ns, Reaching safepoint: 350448 ns, At safepoint: 37531 ns, Total: 387979 ns
[2022-09-06T02:12:28.200+0000][7][safepoint   ] Safepoint "Cleanup", Time since last: 2000693516 ns, Reaching safepoint: 267061 ns, At safepoint: 46718 ns, Total: 313779 ns
[2022-09-06T02:12:31.201+0000][7][safepoint   ] Safepoint "Cleanup", Time since last: 3000929141 ns, Reaching safepoint: 198372 ns, At safepoint: 35717 ns, Total: 234089 ns
[2022-09-06T02:12:33.202+0000][7][safepoint   ] Safepoint "Cleanup", Time since last: 2000655535 ns, Reaching safepoint: 196929 ns, At safepoint: 28905 ns, Total: 225834 ns
[2022-09-06T02:12:35.203+0000][7][safepoint   ] Safepoint "Cleanup", Time since last: 2000849339 ns, Reaching safepoint: 187922 ns, At safepoint: 4308 ns, Total: 192230 ns
[2022-09-06T02:12:37.204+0000][7][safepoint   ] Safepoint "Cleanup", Time since last: 2000711140 ns, Reaching safepoint: 204033 ns, At safepoint: 3647 ns, Total: 207680 ns
[2022-09-06T02:12:39.205+0000][7][safepoint   ] Safepoint "Cleanup", Time since last: 2000784537 ns, Reaching safepoint: 185969 ns, At safepoint: 3276 ns, Total: 189245 ns
[2022-09-06T02:12:43.206+0000][7][safepoint   ] Safepoint "Cleanup", Time since last: 4000972986 ns, Reaching safepoint: 210465 ns, At safepoint: 4378 ns, Total: 214843 ns
[2022-09-06T02:12:44.207+0000][7][safepoint   ] Safepoint "Cleanup", Time since last: 1000537762 ns, Reaching safepoint: 235301 ns, At safepoint: 4098 ns, Total: 239399 ns
[2022-09-06T02:12:45.207+0000][7][safepoint   ] Safepoint "Cleanup", Time since last: 1000652507 ns, Reaching safepoint: 199264 ns, At safepoint: 30978 ns, Total: 230242 ns
[2022-09-06T02:12:47.208+0000][7][safepoint   ] Safepoint "Cleanup", Time since last: 2000678308 ns, Reaching safepoint: 201138 ns, At safepoint: 7584 ns, Total: 208722 ns
[2022-09-06T02:12:48.209+0000][7][safepoint   ] Safepoint "Cleanup", Time since last: 1000822115 ns, Reaching safepoint: 207309 ns, At safepoint: 37040 ns, Total: 244349 ns
[2022-09-06T02:12:50.211+0000][7][safepoint   ] Safepoint "Cleanup", Time since last: 2000870128 ns, Reaching safepoint: 260338 ns, At safepoint: 40025 ns, Total: 300363 ns
[2022-09-06T02:12:52.212+0000][7][safepoint   ] Safepoint "Cleanup", Time since last: 2000603087 ns, Reaching safepoint: 379653 ns, At safepoint: 100438 ns, Total: 480091 ns
[2022-09-06T02:12:53.213+0000][7][safepoint   ] Safepoint "Cleanup", Time since last: 1000630797 ns, Reaching safepoint: 418695 ns, At safepoint: 37080 ns, Total: 455775 ns
[2022-09-06T02:12:54.214+0000][7][safepoint   ] Safepoint "Cleanup", Time since last: 1000508777 ns, Reaching safepoint: 212729 ns, At safepoint: 4619 ns, Total: 217348 ns
[2022-09-06T02:12:55.214+0000][7][safepoint   ] Safepoint "Cleanup", Time since last: 1000570373 ns, Reaching safepoint: 196739 ns, At safepoint: 7484 ns, Total: 204223 ns
[2022-09-06T02:12:56.215+0000][7][safepoint   ] Safepoint "Cleanup", Time since last: 1000579670 ns, Reaching safepoint: 204334 ns, At safepoint: 4148 ns, Total: 208482 ns
[2022-09-06T02:12:58.216+0000][7][safepoint   ] Safepoint "Cleanup", Time since last: 2000714826 ns, Reaching safepoint: 220905 ns, At safepoint: 6332 ns, Total: 227237 ns
[2022-09-06T02:12:59.217+0000][7][safepoint   ] Safepoint "Cleanup", Time since last: 1000481837 ns, Reaching safepoint: 242865 ns, At safepoint: 31830 ns, Total: 274695 ns
[2022-09-06T02:13:02.218+0000][7][safepoint   ] Safepoint "Cleanup", Time since last: 3000793867 ns, Reaching safepoint: 369082 ns, At safepoint: 60383 ns, Total: 429465 ns
[2022-09-06T02:13:03.219+0000][7][safepoint   ] Safepoint "Cleanup", Time since last: 1000580573 ns, Reaching safepoint: 225423 ns, At safepoint: 32080 ns, Total: 257503 ns
[2022-09-06T02:13:07.220+0000][7][safepoint   ] Safepoint "Cleanup", Time since last: 4000905299 ns, Reaching safepoint: 192150 ns, At safepoint: 9669 ns, Total: 201819 ns
[2022-09-06T02:13:08.221+0000][7][safepoint   ] Safepoint "Cleanup", Time since last: 1000535477 ns, Reaching safepoint: 202420 ns, At safepoint: 29375 ns, Total: 231795 ns
[2022-09-06T02:13:09.221+0000][7][safepoint   ] Safepoint "Cleanup", Time since last: 1000494110 ns, Reaching safepoint: 181540 ns, At safepoint: 7174 ns, Total: 188714 ns
[2022-09-06T02:13:13.223+0000][7][safepoint   ] Safepoint "Cleanup", Time since last: 4000963708 ns, Reaching safepoint: 402445 ns, At safepoint: 64411 ns, Total: 466856 ns
[2022-09-06T02:13:14.223+0000][7][safepoint   ] Safepoint "Cleanup", Time since last: 1000568390 ns, Reaching safepoint: 197270 ns, At safepoint: 35787 ns, Total: 233057 ns
[2022-09-06T02:13:18.225+0000][7][safepoint   ] Safepoint "Cleanup", Time since last: 4000927290 ns, Reaching safepoint: 215074 ns, At safepoint: 31159 ns, Total: 246233 ns
[2022-09-06T02:13:23.226+0000][7][safepoint   ] Safepoint "Cleanup", Time since last: 5000996962 ns, Reaching safepoint: 277251 ns, At safepoint: 37811 ns, Total: 315062 ns
[2022-09-06T02:13:24.227+0000][7][safepoint   ] Safepoint "Cleanup", Time since last: 1000668447 ns, Reaching safepoint: 189295 ns, At safepoint: 29275 ns, Total: 218570 ns
[2022-09-06T02:13:26.228+0000][7][safepoint   ] Safepoint "Cleanup", Time since last: 2000667407 ns, Reaching safepoint: 184527 ns, At safepoint: 3687 ns, Total: 188214 ns
[2022-09-06T02:13:28.229+0000][7][safepoint   ] Safepoint "Cleanup", Time since last: 2000677115 ns, Reaching safepoint: 199264 ns, At safepoint: 31840 ns, Total: 231104 ns
[2022-09-06T02:13:29.229+0000][7][safepoint   ] Safepoint "Cleanup", Time since last: 1000433667 ns, Reaching safepoint: 200375 ns, At safepoint: 30938 ns, Total: 231313 ns
[2022-09-06T02:13:33.231+0000][7][safepoint   ] Safepoint "Cleanup", Time since last: 4000986041 ns, Reaching safepoint: 224812 ns, At safepoint: 29054 ns, Total: 253866 ns
[2022-09-06T02:13:37.232+0000][7][safepoint   ] Safepoint "Cleanup", Time since last: 4000903576 ns, Reaching safepoint: 185919 ns, At safepoint: 4428 ns, Total: 190347 ns
[2022-09-06T02:13:39.233+0000][7][safepoint   ] Safepoint "Cleanup", Time since last: 2000703105 ns, Reaching safepoint: 273292 ns, At safepoint: 3307 ns, Total: 276599 ns
[2022-09-06T02:13:42.234+0000][7][safepoint   ] Safepoint "Cleanup", Time since last: 3001042403 ns, Reaching safepoint: 201729 ns, At safepoint: 31699 ns, Total: 233428 ns
[2022-09-06T02:13:43.235+0000][7][safepoint   ] Safepoint "Cleanup", Time since last: 1000506664 ns, Reaching safepoint: 210114 ns, At safepoint: 32701 ns, Total: 242815 ns
[2022-09-06T02:13:44.236+0000][7][safepoint   ] Safepoint "Cleanup", Time since last: 1000612853 ns, Reaching safepoint: 244779 ns, At safepoint: 43031 ns, Total: 287810 ns
[2022-09-06T02:13:45.237+0000][7][safepoint   ] Safepoint "Cleanup", Time since last: 1000815874 ns, Reaching safepoint: 212078 ns, At safepoint: 11441 ns, Total: 223519 ns
[2022-09-06T02:13:48.238+0000][7][safepoint   ] Safepoint "Cleanup", Time since last: 3000788076 ns, Reaching safepoint: 407846 ns, At safepoint: 67737 ns, Total: 475583 ns
[2022-09-06T02:13:49.239+0000][7][safepoint   ] Safepoint "Cleanup", Time since last: 1000733519 ns, Reaching safepoint: 220734 ns, At safepoint: 7024 ns, Total: 227758 ns
[2022-09-06T02:13:53.240+0000][7][safepoint   ] Safepoint "Cleanup", Time since last: 4000859813 ns, Reaching safepoint: 392697 ns, At safepoint: 39344 ns, Total: 432041 ns
[2022-09-06T02:13:54.241+0000][7][safepoint   ] Safepoint "Cleanup", Time since last: 1000499560 ns, Reaching safepoint: 188624 ns, At safepoint: 7043 ns, Total: 195667 ns
[2022-09-06T02:13:56.242+0000][7][safepoint   ] Safepoint "Cleanup", Time since last: 2000729114 ns, Reaching safepoint: 226164 ns, At safepoint: 4949 ns, Total: 231113 ns
[2022-09-06T02:14:03.240+0000][7][safepoint   ] Safepoint "Cleanup", Time since last: 7001232911 ns, Reaching safepoint: 226765 ns, At safepoint: 3788 ns, Total: 230553 ns
[2022-09-06T02:14:09.242+0000][7][safepoint   ] Safepoint "Cleanup", Time since last: 6002105325 ns, Reaching safepoint: 204364 ns, At safepoint: 4388 ns, Total: 208752 ns
[2022-09-06T02:14:10.243+0000][7][safepoint   ] Safepoint "Cleanup", Time since last: 1000688555 ns, Reaching safepoint: 200817 ns, At safepoint: 5079 ns, Total: 205896 ns
[2022-09-06T02:14:15.244+0000][7][safepoint   ] Safepoint "Cleanup", Time since last: 5001030877 ns, Reaching safepoint: 286849 ns, At safepoint: 8646 ns, Total: 295495 ns
[2022-09-06T02:14:38.899+0000][7][gc,start    ] GC(26) Pause Young (Concurrent Start) (G1 Evacuation Pause)
[2022-09-06T02:14:38.917+0000][7][gc,task     ] GC(26) Using 6 workers of 6 for evacuation
[2022-09-06T02:14:38.922+0000][7][gc,age      ] GC(26) Desired survivor size 8388608 bytes, new threshold 2 (max threshold 15)
[2022-09-06T02:14:39.108+0000][7][gc,age      ] GC(26) Age table with threshold 2 (max threshold 15)
[2022-09-06T02:14:39.109+0000][7][gc,age      ] GC(26) - age   1:    1063336 bytes,    1063336 total
[2022-09-06T02:14:39.110+0000][7][gc,age      ] GC(26) - age   2:    5265312 bytes,    6328648 total
[2022-09-06T02:14:39.112+0000][7][gc,phases   ] GC(26)   Pre Evacuate Collection Set: 0.5ms
[2022-09-06T02:14:39.113+0000][7][gc,phases   ] GC(26)   Merge Heap Roots: 10.7ms
[2022-09-06T02:14:39.114+0000][7][gc,phases   ] GC(26)   Evacuate Collection Set: 97.5ms
[2022-09-06T02:14:39.117+0000][7][gc,phases   ] GC(26)   Post Evacuate Collection Set: 73.7ms
[2022-09-06T02:14:39.118+0000][7][gc,phases   ] GC(26)   Other: 30.6ms
[2022-09-06T02:14:39.118+0000][7][gc,heap     ] GC(26) Eden regions: 24->0(25)
[2022-09-06T02:14:39.119+0000][7][gc,heap     ] GC(26) Survivor regions: 4->2(4)
[2022-09-06T02:14:39.120+0000][7][gc,heap     ] GC(26) Old regions: 17->19
[2022-09-06T02:14:39.121+0000][7][gc,heap     ] GC(26) Archive regions: 2->2
[2022-09-06T02:14:39.122+0000][7][gc,heap     ] GC(26) Humongous regions: 2->2
[2022-09-06T02:14:39.123+0000][7][gc,metaspace] GC(26) Metaspace: 95454K(99712K)->95454K(99712K) NonClass: 82660K(85760K)->82660K(85760K) Class: 12793K(13952K)->12793K(13952K)
[2022-09-06T02:14:39.124+0000][7][gc          ] GC(26) Pause Young (Concurrent Start) (G1 Evacuation Pause) 186M->91M(256M) 225.208ms
[2022-09-06T02:14:39.124+0000][7][gc,cpu      ] GC(26) User=0.27s Sys=0.15s Real=0.23s
[2022-09-06T02:14:39.125+0000][7][gc          ] GC(27) Concurrent Cycle
[2022-09-06T02:14:39.133+0000][7][gc,marking  ] GC(27) Concurrent Clear Claimed Marks
[2022-09-06T02:14:39.138+0000][7][gc,marking  ] GC(27) Concurrent Clear Claimed Marks 5.527ms
[2022-09-06T02:14:39.141+0000][7][gc,marking  ] GC(27) Concurrent Scan Root Regions
[2022-09-06T02:14:39.143+0000][7][safepoint   ] Safepoint "G1CollectForAllocation", Time since last: 23581217824 ns, Reaching safepoint: 28995896 ns, At safepoint: 244384174 ns, Total: 273380070 ns
[2022-09-06T02:14:39.190+0000][7][gc,marking  ] GC(27) Concurrent Scan Root Regions 49.008ms
[2022-09-06T02:14:39.204+0000][7][gc,marking  ] GC(27) Concurrent Mark (230.541s)
[2022-09-06T02:14:39.229+0000][7][gc,marking  ] GC(27) Concurrent Mark From Roots
[2022-09-06T02:14:39.232+0000][7][gc,task     ] GC(27) Using 2 workers of 2 for marking
[2022-09-06T02:14:39.365+0000][7][gc,marking  ] GC(27) Concurrent Mark From Roots 136.413ms
[2022-09-06T02:14:39.366+0000][7][gc,marking  ] GC(27) Concurrent Preclean
[2022-09-06T02:14:39.368+0000][7][gc,marking  ] GC(27) Concurrent Preclean 1.756ms
[2022-09-06T02:14:39.368+0000][7][gc,marking  ] GC(27) Concurrent Mark (230.541s, 230.706s) 164.388ms
[2022-09-06T02:14:39.369+0000][7][gc,start    ] GC(27) Pause Remark
[2022-09-06T02:14:39.412+0000][7][gc          ] GC(27) Pause Remark 96M->96M(256M) 42.880ms
[2022-09-06T02:14:39.412+0000][7][gc,cpu      ] GC(27) User=0.16s Sys=0.00s Real=0.04s
[2022-09-06T02:14:39.413+0000][7][safepoint   ] Safepoint "G1Concurrent", Time since last: 225889054 ns, Reaching safepoint: 307748 ns, At safepoint: 43842389 ns, Total: 44150137 ns
[2022-09-06T02:14:39.413+0000][7][gc,marking  ] GC(27) Concurrent Rebuild Remembered Sets
[2022-09-06T02:14:39.486+0000][7][gc,marking  ] GC(27) Concurrent Rebuild Remembered Sets 72.216ms
[2022-09-06T02:14:39.487+0000][7][gc,start    ] GC(27) Pause Cleanup
[2022-09-06T02:14:39.487+0000][7][gc          ] GC(27) Pause Cleanup 96M->96M(256M) 0.594ms
[2022-09-06T02:14:39.488+0000][7][gc,cpu      ] GC(27) User=0.00s Sys=0.00s Real=0.00s
[2022-09-06T02:14:39.488+0000][7][safepoint   ] Safepoint "G1Concurrent", Time since last: 73301835 ns, Reaching safepoint: 635743 ns, At safepoint: 1509853 ns, Total: 2145596 ns
[2022-09-06T02:14:39.489+0000][7][gc,marking  ] GC(27) Concurrent Cleanup for Next Mark
[2022-09-06T02:14:39.503+0000][7][gc,marking  ] GC(27) Concurrent Cleanup for Next Mark 14.725ms
[2022-09-06T02:14:39.504+0000][7][gc          ] GC(27) Concurrent Cycle 379.426ms
[2022-09-06T02:14:40.489+0000][7][safepoint   ] Safepoint "Cleanup", Time since last: 1000437794 ns, Reaching safepoint: 337654 ns, At safepoint: 41017 ns, Total: 378671 ns
[2022-09-06T02:14:43.491+0000][7][safepoint   ] Safepoint "Cleanup", Time since last: 3000948938 ns, Reaching safepoint: 427072 ns, At safepoint: 40566 ns, Total: 467638 ns
[2022-09-06T02:14:44.491+0000][7][safepoint   ] Safepoint "Cleanup", Time since last: 1000556156 ns, Reaching safepoint: 202841 ns, At safepoint: 3907 ns, Total: 206748 ns
[2022-09-06T02:14:48.493+0000][7][safepoint   ] Safepoint "Cleanup", Time since last: 4001018912 ns, Reaching safepoint: 275507 ns, At safepoint: 35106 ns, Total: 310613 ns
[2022-09-06T02:14:51.494+0000][7][safepoint   ] Safepoint "Cleanup", Time since last: 3000814827 ns, Reaching safepoint: 198773 ns, At safepoint: 3977 ns, Total: 202750 ns
[2022-09-06T02:14:53.495+0000][7][safepoint   ] Safepoint "Cleanup", Time since last: 2000711300 ns, Reaching safepoint: 396404 ns, At safepoint: 47389 ns, Total: 443793 ns
[2022-09-06T02:14:56.496+0000][7][safepoint   ] Safepoint "Cleanup", Time since last: 3000725709 ns, Reaching safepoint: 225944 ns, At safepoint: 4088 ns, Total: 230032 ns
[2022-09-06T02:14:57.497+0000][7][safepoint   ] Safepoint "Cleanup", Time since last: 1000489291 ns, Reaching safepoint: 231334 ns, At safepoint: 31549 ns, Total: 262883 ns
[2022-09-06T02:14:58.497+0000][7][safepoint   ] Safepoint "Cleanup", Time since last: 1000546147 ns, Reaching safepoint: 190458 ns, At safepoint: 64841 ns, Total: 255299 ns
[2022-09-06T02:15:01.499+0000][7][safepoint   ] Safepoint "Cleanup", Time since last: 3000865312 ns, Reaching safepoint: 285886 ns, At safepoint: 39695 ns, Total: 325581 ns
[2022-09-06T02:15:02.499+0000][7][safepoint   ] Safepoint "Cleanup", Time since last: 1000542040 ns, Reaching safepoint: 182382 ns, At safepoint: 3907 ns, Total: 186289 ns
[2022-09-06T02:15:05.500+0000][7][safepoint   ] Safepoint "Cleanup", Time since last: 3000782356 ns, Reaching safepoint: 195877 ns, At safepoint: 6392 ns, Total: 202269 ns
[2022-09-06T02:15:08.461+0000][7][safepoint   ] Safepoint "Cleanup", Time since last: 3000877284 ns, Reaching safepoint: 317395 ns, At safepoint: 62558 ns, Total: 379953 ns
[2022-09-06T02:15:23.464+0000][7][safepoint   ] Safepoint "Cleanup", Time since last: 15002858301 ns, Reaching safepoint: 231445 ns, At safepoint: 35877 ns, Total: 267322 ns
[2022-09-06T02:15:27.466+0000][7][safepoint   ] Safepoint "Cleanup", Time since last: 4001104843 ns, Reaching safepoint: 236674 ns, At safepoint: 8837 ns, Total: 245511 ns
[2022-09-06T02:15:33.467+0000][7][safepoint   ] Safepoint "Cleanup", Time since last: 6001031390 ns, Reaching safepoint: 410781 ns, At safepoint: 41548 ns, Total: 452329 ns
[2022-09-06T02:15:38.468+0000][7][safepoint   ] Safepoint "Cleanup", Time since last: 5001063798 ns, Reaching safepoint: 374764 ns, At safepoint: 92824 ns, Total: 467588 ns
[2022-09-06T02:15:39.469+0000][7][safepoint   ] Safepoint "Cleanup", Time since last: 1000677884 ns, Reaching safepoint: 215856 ns, At safepoint: 31308 ns, Total: 247164 ns
[2022-09-06T02:15:40.470+0000][7][safepoint   ] Safepoint "Cleanup", Time since last: 1000680580 ns, Reaching safepoint: 213160 ns, At safepoint: 86041 ns, Total: 299201 ns
[2022-09-06T02:15:43.471+0000][7][safepoint   ] Safepoint "Cleanup", Time since last: 3000848731 ns, Reaching safepoint: 347251 ns, At safepoint: 24887 ns, Total: 372138 ns
[2022-09-06T02:15:48.473+0000][7][safepoint   ] Safepoint "Cleanup", Time since last: 5001033592 ns, Reaching safepoint: 394751 ns, At safepoint: 63720 ns, Total: 458471 ns
[2022-09-06T02:15:51.474+0000][7][safepoint   ] Safepoint "Cleanup", Time since last: 3000897341 ns, Reaching safepoint: 391414 ns, At safepoint: 66125 ns, Total: 457539 ns
[2022-09-06T02:15:52.475+0000][7][safepoint   ] Safepoint "Cleanup", Time since last: 1000759277 ns, Reaching safepoint: 202741 ns, At safepoint: 3797 ns, Total: 206538 ns
[2022-09-06T02:15:53.476+0000][7][safepoint   ] Safepoint "Cleanup", Time since last: 1000570042 ns, Reaching safepoint: 209974 ns, At safepoint: 33884 ns, Total: 243858 ns
[2022-09-06T02:16:03.478+0000][7][safepoint   ] Safepoint "Cleanup", Time since last: 10001577425 ns, Reaching safepoint: 286808 ns, At safepoint: 10540 ns, Total: 297348 ns
[2022-09-06T02:16:08.479+0000][7][safepoint   ] Safepoint "Cleanup", Time since last: 5001163486 ns, Reaching safepoint: 166673 ns, At safepoint: 7654 ns, Total: 174327 ns
[2022-09-06T02:16:13.481+0000][7][safepoint   ] Safepoint "Cleanup", Time since last: 5001451055 ns, Reaching safepoint: 179558 ns, At safepoint: 7824 ns, Total: 187382 ns
[2022-09-06T02:16:14.482+0000][7][safepoint   ] Safepoint "Cleanup", Time since last: 1000569531 ns, Reaching safepoint: 317356 ns, At safepoint: 11632 ns, Total: 328988 ns
[2022-09-06T02:16:18.483+0000][7][safepoint   ] Safepoint "Cleanup", Time since last: 4001031936 ns, Reaching safepoint: 172915 ns, At safepoint: 7514 ns, Total: 180429 ns
[2022-09-06T02:16:20.484+0000][7][safepoint   ] Safepoint "Cleanup", Time since last: 2000676885 ns, Reaching safepoint: 387497 ns, At safepoint: 39474 ns, Total: 426971 ns
[2022-09-06T02:16:23.485+0000][7][safepoint   ] Safepoint "Cleanup", Time since last: 3000831809 ns, Reaching safepoint: 218821 ns, At safepoint: 7804 ns, Total: 226625 ns
[2022-09-06T02:16:26.912+0000][7][safepoint   ] Safepoint "Cleanup", Time since last: 3426262121 ns, Reaching safepoint: 295313 ns, At safepoint: 49744 ns, Total: 345057 ns
[2022-09-06T02:16:27.936+0000][7][safepoint   ] Safepoint "Cleanup", Time since last: 1023240708 ns, Reaching safepoint: 341471 ns, At safepoint: 28954 ns, Total: 370425 ns
[2022-09-06T02:16:32.937+0000][7][safepoint   ] Safepoint "Cleanup", Time since last: 5001055413 ns, Reaching safepoint: 202150 ns, At safepoint: 36348 ns, Total: 238498 ns
[2022-09-06T02:16:36.938+0000][7][safepoint   ] Safepoint "Cleanup", Time since last: 4000801013 ns, Reaching safepoint: 201969 ns, At safepoint: 31570 ns, Total: 233539 ns
[2022-09-06T02:16:38.939+0000][7][safepoint   ] Safepoint "Cleanup", Time since last: 2000781912 ns, Reaching safepoint: 199775 ns, At safepoint: 11572 ns, Total: 211347 ns
[2022-09-06T02:16:42.940+0000][7][safepoint   ] Safepoint "Cleanup", Time since last: 4000939112 ns, Reaching safepoint: 217438 ns, At safepoint: 6141 ns, Total: 223579 ns
[2022-09-06T02:16:51.942+0000][7][safepoint   ] Safepoint "Cleanup", Time since last: 9001625874 ns, Reaching safepoint: 259156 ns, At safepoint: 34355 ns, Total: 293511 ns
[2022-09-06T02:16:52.943+0000][7][safepoint   ] Safepoint "Cleanup", Time since last: 1000557449 ns, Reaching safepoint: 338304 ns, At safepoint: 47099 ns, Total: 385403 ns
[2022-09-06T02:17:01.945+0000][7][safepoint   ] Safepoint "Cleanup", Time since last: 9001622457 ns, Reaching safepoint: 274836 ns, At safepoint: 8415 ns, Total: 283251 ns
[2022-09-06T02:17:02.945+0000][7][safepoint   ] Safepoint "Cleanup", Time since last: 1000512555 ns, Reaching safepoint: 220904 ns, At safepoint: 32111 ns, Total: 253015 ns
[2022-09-06T02:17:08.947+0000][7][safepoint   ] Safepoint "Cleanup", Time since last: 6001293882 ns, Reaching safepoint: 199885 ns, At safepoint: 7384 ns, Total: 207269 ns
[2022-09-06T02:17:13.948+0000][7][safepoint   ] Safepoint "Cleanup", Time since last: 5001101991 ns, Reaching safepoint: 185358 ns, At safepoint: 7333 ns, Total: 192691 ns
[2022-09-06T02:17:18.950+0000][7][safepoint   ] Safepoint "Cleanup", Time since last: 5001053049 ns, Reaching safepoint: 494939 ns, At safepoint: 45846 ns, Total: 540785 ns
[2022-09-06T02:17:22.951+0000][7][safepoint   ] Safepoint "Cleanup", Time since last: 4000952868 ns, Reaching safepoint: 211056 ns, At safepoint: 35647 ns, Total: 246703 ns
[2022-09-06T02:17:23.952+0000][7][safepoint   ] Safepoint "Cleanup", Time since last: 1000496774 ns, Reaching safepoint: 325201 ns, At safepoint: 42590 ns, Total: 367791 ns
[2022-09-06T02:17:30.954+0000][7][safepoint   ] Safepoint "Cleanup", Time since last: 7001538635 ns, Reaching safepoint: 413265 ns, At safepoint: 61726 ns, Total: 474991 ns
[2022-09-06T02:17:32.789+0000][7][gc,start    ] GC(28) Pause Young (Normal) (G1 Evacuation Pause)
[2022-09-06T02:17:32.789+0000][7][gc,task     ] GC(28) Using 6 workers of 6 for evacuation
[2022-09-06T02:17:32.790+0000][7][gc,age      ] GC(28) Desired survivor size 8388608 bytes, new threshold 15 (max threshold 15)
[2022-09-06T02:17:32.806+0000][7][gc,age      ] GC(28) Age table with threshold 15 (max threshold 15)
[2022-09-06T02:17:32.806+0000][7][gc,age      ] GC(28) - age   1:      83912 bytes,      83912 total
[2022-09-06T02:17:32.806+0000][7][gc,age      ] GC(28) - age   2:     738256 bytes,     822168 total
[2022-09-06T02:17:32.807+0000][7][gc,age      ] GC(28) - age   3:    4842000 bytes,    5664168 total
[2022-09-06T02:17:32.807+0000][7][gc,phases   ] GC(28)   Pre Evacuate Collection Set: 0.2ms
[2022-09-06T02:17:32.808+0000][7][gc,phases   ] GC(28)   Merge Heap Roots: 0.2ms
[2022-09-06T02:17:32.808+0000][7][gc,phases   ] GC(28)   Evacuate Collection Set: 12.6ms
[2022-09-06T02:17:32.808+0000][7][gc,phases   ] GC(28)   Post Evacuate Collection Set: 2.5ms
[2022-09-06T02:17:32.809+0000][7][gc,phases   ] GC(28)   Other: 3.0ms
[2022-09-06T02:17:32.809+0000][7][gc,heap     ] GC(28) Eden regions: 25->0(26)
[2022-09-06T02:17:32.809+0000][7][gc,heap     ] GC(28) Survivor regions: 2->2(4)
[2022-09-06T02:17:32.810+0000][7][gc,heap     ] GC(28) Old regions: 19->19
[2022-09-06T02:17:32.810+0000][7][gc,heap     ] GC(28) Archive regions: 2->2
[2022-09-06T02:17:32.810+0000][7][gc,heap     ] GC(28) Humongous regions: 2->2
[2022-09-06T02:17:32.810+0000][7][gc,metaspace] GC(28) Metaspace: 95635K(99968K)->95635K(99968K) NonClass: 82854K(86016K)->82854K(86016K) Class: 12780K(13952K)->12780K(13952K)
[2022-09-06T02:17:32.811+0000][7][gc          ] GC(28) Pause Young (Normal) (G1 Evacuation Pause) 191M->90M(256M) 22.289ms
[2022-09-06T02:17:32.812+0000][7][gc,cpu      ] GC(28) User=0.07s Sys=0.00s Real=0.02s
[2022-09-06T02:17:32.812+0000][7][safepoint   ] Safepoint "G1CollectForAllocation", Time since last: 1834717120 ns, Reaching safepoint: 205085 ns, At safepoint: 23181564 ns, Total: 23386649 ns
[2022-09-06T02:17:34.813+0000][7][safepoint   ] Safepoint "Cleanup", Time since last: 2000513549 ns, Reaching safepoint: 210606 ns, At safepoint: 32791 ns, Total: 243397 ns
[2022-09-06T02:17:41.815+0000][7][safepoint   ] Safepoint "Cleanup", Time since last: 7001656696 ns, Reaching safepoint: 223369 ns, At safepoint: 4408 ns, Total: 227777 ns
[2022-09-06T02:17:42.816+0000][7][safepoint   ] Safepoint "Cleanup", Time since last: 1000621630 ns, Reaching safepoint: 276108 ns, At safepoint: 74209 ns, Total: 350317 ns
[2022-09-06T02:17:43.817+0000][7][safepoint   ] Safepoint "Cleanup", Time since last: 1000651054 ns, Reaching safepoint: 280807 ns, At safepoint: 36629 ns, Total: 317436 ns
[2022-09-06T02:17:44.818+0000][7][safepoint   ] Safepoint "Cleanup", Time since last: 1000635135 ns, Reaching safepoint: 303259 ns, At safepoint: 37861 ns, Total: 341120 ns
[2022-09-06T02:17:45.818+0000][7][safepoint   ] Safepoint "Cleanup", Time since last: 1000538182 ns, Reaching safepoint: 319199 ns, At safepoint: 57097 ns, Total: 376296 ns
[2022-09-06T02:17:47.820+0000][7][safepoint   ] Safepoint "Cleanup", Time since last: 2000885617 ns, Reaching safepoint: 241123 ns, At safepoint: 40406 ns, Total: 281529 ns
[2022-09-06T02:17:50.825+0000][7][safepoint   ] Safepoint "Cleanup", Time since last: 3005447751 ns, Reaching safepoint: 218500 ns, At safepoint: 7364 ns, Total: 225864 ns
[2022-09-06T02:17:52.826+0000][7][safepoint   ] Safepoint "Cleanup", Time since last: 2000711740 ns, Reaching safepoint: 222247 ns, At safepoint: 11111 ns, Total: 233358 ns
[2022-09-06T02:17:53.827+0000][7][safepoint   ] Safepoint "Cleanup", Time since last: 1000627911 ns, Reaching safepoint: 324980 ns, At safepoint: 45886 ns, Total: 370866 ns
[2022-09-06T02:17:54.828+0000][7][safepoint   ] Safepoint "Cleanup", Time since last: 1000550676 ns, Reaching safepoint: 249268 ns, At safepoint: 3677 ns, Total: 252945 ns
[2022-09-06T02:17:57.829+0000][7][safepoint   ] Safepoint "Cleanup", Time since last: 3000879238 ns, Reaching safepoint: 230011 ns, At safepoint: 7755 ns, Total: 237766 ns
[2022-09-06T02:17:58.830+0000][7][safepoint   ] Safepoint "Cleanup", Time since last: 1000603905 ns, Reaching safepoint: 273463 ns, At safepoint: 54062 ns, Total: 327525 ns
[2022-09-06T02:18:22.834+0000][7][safepoint   ] Safepoint "Cleanup", Time since last: 24003483106 ns, Reaching safepoint: 217037 ns, At safepoint: 40155 ns, Total: 257192 ns
[2022-09-06T02:18:32.836+0000][7][safepoint   ] Safepoint "Cleanup", Time since last: 10001788652 ns, Reaching safepoint: 260448 ns, At safepoint: 35978 ns, Total: 296426 ns
[2022-09-06T02:18:33.837+0000][7][safepoint   ] Safepoint "Cleanup", Time since last: 1000510731 ns, Reaching safepoint: 201418 ns, At safepoint: 32241 ns, Total: 233659 ns
[2022-09-06T02:18:38.838+0000][7][safepoint   ] Safepoint "Cleanup", Time since last: 5001088595 ns, Reaching safepoint: 279043 ns, At safepoint: 59973 ns, Total: 339016 ns
[2022-09-06T02:18:39.839+0000][7][safepoint   ] Safepoint "Cleanup", Time since last: 1000523915 ns, Reaching safepoint: 216116 ns, At safepoint: 28874 ns, Total: 244990 ns
[2022-09-06T02:18:43.251+0000][7][safepoint   ] Safepoint "Cleanup", Time since last: 3412170825 ns, Reaching safepoint: 205196 ns, At safepoint: 7353 ns, Total: 212549 ns
[2022-09-06T02:18:45.252+0000][7][safepoint   ] Safepoint "Cleanup", Time since last: 2000641008 ns, Reaching safepoint: 189807 ns, At safepoint: 7654 ns, Total: 197461 ns
[2022-09-06T02:18:46.253+0000][7][safepoint   ] Safepoint "Cleanup", Time since last: 1000570012 ns, Reaching safepoint: 266891 ns, At safepoint: 34755 ns, Total: 301646 ns
[2022-09-06T02:18:48.254+0000][7][safepoint   ] Safepoint "Cleanup", Time since last: 2000654934 ns, Reaching safepoint: 250230 ns, At safepoint: 41958 ns, Total: 292188 ns
[2022-09-06T02:18:49.255+0000][7][safepoint   ] Safepoint "Cleanup", Time since last: 1000747977 ns, Reaching safepoint: 345689 ns, At safepoint: 34775 ns, Total: 380464 ns
[2022-09-06T02:18:51.256+0000][7][safepoint   ] Safepoint "Cleanup", Time since last: 2000665744 ns, Reaching safepoint: 277200 ns, At safepoint: 11322 ns, Total: 288522 ns
[2022-09-06T02:18:53.257+0000][7][safepoint   ] Safepoint "Cleanup", Time since last: 2000740594 ns, Reaching safepoint: 249528 ns, At safepoint: 44013 ns, Total: 293541 ns
[2022-09-06T02:18:55.258+0000][7][safepoint   ] Safepoint "Cleanup", Time since last: 2000637371 ns, Reaching safepoint: 234360 ns, At safepoint: 9899 ns, Total: 244259 ns
[2022-09-06T02:18:56.262+0000][7][safepoint   ] Safepoint "Cleanup", Time since last: 1003327877 ns, Reaching safepoint: 438243 ns, At safepoint: 67527 ns, Total: 505770 ns
[2022-09-06T02:18:57.264+0000][7][safepoint   ] Safepoint "Cleanup", Time since last: 1001228638 ns, Reaching safepoint: 320552 ns, At safepoint: 40245 ns, Total: 360797 ns
[2022-09-06T02:18:59.264+0000][7][safepoint   ] Safepoint "Cleanup", Time since last: 2000607515 ns, Reaching safepoint: 233599 ns, At safepoint: 12824 ns, Total: 246423 ns
[2022-09-06T02:19:03.267+0000][7][safepoint   ] Safepoint "Cleanup", Time since last: 4002604868 ns, Reaching safepoint: 243016 ns, At safepoint: 8776 ns, Total: 251792 ns
[2022-09-06T02:19:09.318+0000][7][safepoint   ] Safepoint "Cleanup", Time since last: 6050511008 ns, Reaching safepoint: 266019 ns, At safepoint: 38693 ns, Total: 304712 ns
[2022-09-06T02:19:23.322+0000][7][safepoint   ] Safepoint "Cleanup", Time since last: 14003357335 ns, Reaching safepoint: 440487 ns, At safepoint: 38142 ns, Total: 478629 ns
[2022-09-06T02:19:33.324+0000][7][safepoint   ] Safepoint "Cleanup", Time since last: 10001636766 ns, Reaching safepoint: 334117 ns, At safepoint: 37801 ns, Total: 371918 ns
[2022-09-06T02:19:34.325+0000][7][safepoint   ] Safepoint "Cleanup", Time since last: 1000622441 ns, Reaching safepoint: 241683 ns, At safepoint: 34014 ns, Total: 275697 ns
[2022-09-06T02:19:37.326+0000][7][safepoint   ] Safepoint "Cleanup", Time since last: 3000784930 ns, Reaching safepoint: 264637 ns, At safepoint: 37851 ns, Total: 302488 ns
[2022-09-06T02:19:39.327+0000][7][safepoint   ] Safepoint "Cleanup", Time since last: 2000772615 ns, Reaching safepoint: 282700 ns, At safepoint: 45255 ns, Total: 327955 ns
[2022-09-06T02:19:43.329+0000][7][safepoint   ] Safepoint "Cleanup", Time since last: 4001549007 ns, Reaching safepoint: 212058 ns, At safepoint: 4098 ns, Total: 216156 ns
[2022-09-06T02:19:53.331+0000][7][safepoint   ] Safepoint "Cleanup", Time since last: 10001856859 ns, Reaching safepoint: 311615 ns, At safepoint: 41518 ns, Total: 353133 ns
[2022-09-06T02:20:03.333+0000][7][safepoint   ] Safepoint "Cleanup", Time since last: 10001697220 ns, Reaching safepoint: 284474 ns, At safepoint: 13475 ns, Total: 297949 ns
[2022-09-06T02:20:09.335+0000][7][safepoint   ] Safepoint "Cleanup", Time since last: 6001348064 ns, Reaching safepoint: 339217 ns, At safepoint: 41247 ns, Total: 380464 ns
[2022-09-06T02:20:13.336+0000][7][safepoint   ] Safepoint "Cleanup", Time since last: 4000966304 ns, Reaching safepoint: 211957 ns, At safepoint: 5220 ns, Total: 217177 ns
[2022-09-06T02:20:18.337+0000][7][safepoint   ] Safepoint "Cleanup", Time since last: 5001077484 ns, Reaching safepoint: 297689 ns, At safepoint: 73357 ns, Total: 371046 ns
[2022-09-06T02:20:23.339+0000][7][safepoint   ] Safepoint "Cleanup", Time since last: 5001308158 ns, Reaching safepoint: 260429 ns, At safepoint: 43411 ns, Total: 303840 ns
[2022-09-06T02:20:27.340+0000][7][safepoint   ] Safepoint "Cleanup", Time since last: 4000879381 ns, Reaching safepoint: 253816 ns, At safepoint: 38663 ns, Total: 292479 ns
[2022-09-06T02:20:29.341+0000][7][safepoint   ] Safepoint "Cleanup", Time since last: 2000604238 ns, Reaching safepoint: 221957 ns, At safepoint: 39624 ns, Total: 261581 ns
[2022-09-06T02:20:33.342+0000][7][safepoint   ] Safepoint "Cleanup", Time since last: 4000921609 ns, Reaching safepoint: 254849 ns, At safepoint: 41037 ns, Total: 295886 ns
[2022-09-06T02:20:38.344+0000][7][safepoint   ] Safepoint "Cleanup", Time since last: 5001371075 ns, Reaching safepoint: 449394 ns, At safepoint: 44022 ns, Total: 493416 ns
[2022-09-06T02:20:39.345+0000][7][safepoint   ] Safepoint "Cleanup", Time since last: 1000574642 ns, Reaching safepoint: 409598 ns, At safepoint: 11792 ns, Total: 421390 ns
[2022-09-06T02:20:52.769+0000][7][gc,start    ] GC(29) Pause Young (Concurrent Start) (G1 Evacuation Pause)
[2022-09-06T02:20:52.770+0000][7][gc,task     ] GC(29) Using 6 workers of 6 for evacuation
[2022-09-06T02:20:52.770+0000][7][gc,age      ] GC(29) Desired survivor size 8388608 bytes, new threshold 15 (max threshold 15)
[2022-09-06T02:20:52.780+0000][7][gc,age      ] GC(29) Age table with threshold 15 (max threshold 15)
[2022-09-06T02:20:52.781+0000][7][gc,age      ] GC(29) - age   1:     182752 bytes,     182752 total
[2022-09-06T02:20:52.781+0000][7][gc,age      ] GC(29) - age   2:      73384 bytes,     256136 total
[2022-09-06T02:20:52.781+0000][7][gc,age      ] GC(29) - age   3:     737056 bytes,     993192 total
[2022-09-06T02:20:52.782+0000][7][gc,age      ] GC(29) - age   4:    4841768 bytes,    5834960 total
[2022-09-06T02:20:52.782+0000][7][gc,phases   ] GC(29)   Pre Evacuate Collection Set: 0.4ms
[2022-09-06T02:20:52.782+0000][7][gc,phases   ] GC(29)   Merge Heap Roots: 0.2ms
[2022-09-06T02:20:52.783+0000][7][gc,phases   ] GC(29)   Evacuate Collection Set: 7.3ms
[2022-09-06T02:20:52.783+0000][7][gc,phases   ] GC(29)   Post Evacuate Collection Set: 1.8ms
[2022-09-06T02:20:52.783+0000][7][gc,phases   ] GC(29)   Other: 3.1ms
[2022-09-06T02:20:52.784+0000][7][gc,heap     ] GC(29) Eden regions: 26->0(26)
[2022-09-06T02:20:52.784+0000][7][gc,heap     ] GC(29) Survivor regions: 2->2(4)
[2022-09-06T02:20:52.784+0000][7][gc,heap     ] GC(29) Old regions: 19->19
[2022-09-06T02:20:52.785+0000][7][gc,heap     ] GC(29) Archive regions: 2->2
[2022-09-06T02:20:52.785+0000][7][gc,heap     ] GC(29) Humongous regions: 2->2
[2022-09-06T02:20:52.785+0000][7][gc,metaspace] GC(29) Metaspace: 96065K(100480K)->96065K(100480K) NonClass: 83250K(86528K)->83250K(86528K) Class: 12815K(13952K)->12815K(13952K)
[2022-09-06T02:20:52.786+0000][7][gc          ] GC(29) Pause Young (Concurrent Start) (G1 Evacuation Pause) 194M->90M(256M) 16.138ms
[2022-09-06T02:20:52.786+0000][7][gc,cpu      ] GC(29) User=0.04s Sys=0.00s Real=0.02s
[2022-09-06T02:20:52.787+0000][7][gc          ] GC(30) Concurrent Cycle
[2022-09-06T02:20:52.787+0000][7][safepoint   ] Safepoint "G1CollectForAllocation", Time since last: 13424075792 ns, Reaching safepoint: 355988 ns, At safepoint: 17435992 ns, Total: 17791980 ns
[2022-09-06T02:20:52.787+0000][7][gc,marking  ] GC(30) Concurrent Clear Claimed Marks
[2022-09-06T02:20:52.788+0000][7][gc,marking  ] GC(30) Concurrent Clear Claimed Marks 0.896ms
[2022-09-06T02:20:52.789+0000][7][gc,marking  ] GC(30) Concurrent Scan Root Regions
[2022-09-06T02:20:52.805+0000][7][gc,marking  ] GC(30) Concurrent Scan Root Regions 16.779ms
[2022-09-06T02:20:52.806+0000][7][gc,marking  ] GC(30) Concurrent Mark (604.184s)
[2022-09-06T02:20:52.806+0000][7][gc,marking  ] GC(30) Concurrent Mark From Roots
[2022-09-06T02:20:52.807+0000][7][gc,task     ] GC(30) Using 2 workers of 2 for marking
[2022-09-06T02:20:52.932+0000][7][gc,marking  ] GC(30) Concurrent Mark From Roots 125.693ms
[2022-09-06T02:20:52.932+0000][7][gc,marking  ] GC(30) Concurrent Preclean
[2022-09-06T02:20:52.934+0000][7][gc,marking  ] GC(30) Concurrent Preclean 1.216ms
[2022-09-06T02:20:52.934+0000][7][gc,marking  ] GC(30) Concurrent Mark (604.184s, 604.312s) 128.246ms
[2022-09-06T02:20:52.935+0000][7][gc,start    ] GC(30) Pause Remark
[2022-09-06T02:20:53.043+0000][7][gc          ] GC(30) Pause Remark 96M->96M(256M) 108.372ms
[2022-09-06T02:20:53.044+0000][7][gc,cpu      ] GC(30) User=0.57s Sys=0.00s Real=0.11s
[2022-09-06T02:20:53.044+0000][7][safepoint   ] Safepoint "G1Concurrent", Time since last: 147750983 ns, Reaching safepoint: 322726 ns, At safepoint: 109067396 ns, Total: 109390122 ns
[2022-09-06T02:20:53.044+0000][7][gc,marking  ] GC(30) Concurrent Rebuild Remembered Sets
[2022-09-06T02:20:53.090+0000][7][gc,marking  ] GC(30) Concurrent Rebuild Remembered Sets 45.813ms
[2022-09-06T02:20:53.096+0000][7][gc,start    ] GC(30) Pause Cleanup
[2022-09-06T02:20:53.097+0000][7][gc          ] GC(30) Pause Cleanup 96M->96M(256M) 0.511ms
[2022-09-06T02:20:53.097+0000][7][gc,cpu      ] GC(30) User=0.00s Sys=0.00s Real=0.00s
[2022-09-06T02:20:53.097+0000][7][safepoint   ] Safepoint "G1Concurrent", Time since last: 46561211 ns, Reaching safepoint: 5718341 ns, At safepoint: 1073024 ns, Total: 6791365 ns
[2022-09-06T02:20:53.098+0000][7][gc,marking  ] GC(30) Concurrent Cleanup for Next Mark
[2022-09-06T02:20:53.113+0000][7][gc,marking  ] GC(30) Concurrent Cleanup for Next Mark 15.423ms
[2022-09-06T02:20:53.113+0000][7][gc          ] GC(30) Concurrent Cycle 326.734ms
[2022-09-06T02:20:54.098+0000][7][safepoint   ] Safepoint "Cleanup", Time since last: 1000375227 ns, Reaching safepoint: 292599 ns, At safepoint: 31459 ns, Total: 324058 ns
[2022-09-06T02:20:57.099+0000][7][safepoint   ] Safepoint "Cleanup", Time since last: 3000746258 ns, Reaching safepoint: 239129 ns, At safepoint: 37069 ns, Total: 276198 ns
[2022-09-06T02:20:59.100+0000][7][safepoint   ] Safepoint "Cleanup", Time since last: 2000772455 ns, Reaching safepoint: 370546 ns, At safepoint: 62627 ns, Total: 433173 ns
[2022-09-06T02:21:03.101+0000][7][safepoint   ] Safepoint "Cleanup", Time since last: 4000866446 ns, Reaching safepoint: 237876 ns, At safepoint: 7674 ns, Total: 245550 ns
[2022-09-06T02:21:05.102+0000][7][safepoint   ] Safepoint "Cleanup", Time since last: 2000663962 ns, Reaching safepoint: 184305 ns, At safepoint: 48672 ns, Total: 232977 ns
[2022-09-06T02:21:08.103+0000][7][safepoint   ] Safepoint "Cleanup", Time since last: 3000769171 ns, Reaching safepoint: 301385 ns, At safepoint: 9308 ns, Total: 310693 ns
[2022-09-06T02:21:09.104+0000][7][safepoint   ] Safepoint "Cleanup", Time since last: 1000474412 ns, Reaching safepoint: 290476 ns, At safepoint: 42048 ns, Total: 332524 ns
[2022-09-06T02:21:14.105+0000][7][safepoint   ] Safepoint "Cleanup", Time since last: 5000968130 ns, Reaching safepoint: 266139 ns, At safepoint: 43812 ns, Total: 309951 ns
[2022-09-06T02:21:15.106+0000][7][safepoint   ] Safepoint "Cleanup", Time since last: 1000544304 ns, Reaching safepoint: 270678 ns, At safepoint: 32141 ns, Total: 302819 ns
[2022-09-06T02:21:18.108+0000][7][safepoint   ] Safepoint "Cleanup", Time since last: 3001157449 ns, Reaching safepoint: 600317 ns, At safepoint: 149190 ns, Total: 749507 ns
[2022-09-06T02:21:19.109+0000][7][safepoint   ] Safepoint "Cleanup", Time since last: 1000589879 ns, Reaching safepoint: 222929 ns, At safepoint: 26189 ns, Total: 249118 ns
[2022-09-06T02:21:20.110+0000][7][safepoint   ] Safepoint "Cleanup", Time since last: 1000534094 ns, Reaching safepoint: 401654 ns, At safepoint: 123582 ns, Total: 525236 ns
[2022-09-06T02:21:21.111+0000][7][safepoint   ] Safepoint "Cleanup", Time since last: 1000581334 ns, Reaching safepoint: 250439 ns, At safepoint: 37852 ns, Total: 288291 ns
[2022-09-06T02:21:22.112+0000][7][safepoint   ] Safepoint "Cleanup", Time since last: 1000437733 ns, Reaching safepoint: 313680 ns, At safepoint: 43421 ns, Total: 357101 ns
[2022-09-06T02:21:23.113+0000][7][safepoint   ] Safepoint "Cleanup", Time since last: 1000589088 ns, Reaching safepoint: 281909 ns, At safepoint: 39674 ns, Total: 321583 ns
[2022-09-06T02:21:24.113+0000][7][safepoint   ] Safepoint "Cleanup", Time since last: 1000473421 ns, Reaching safepoint: 280025 ns, At safepoint: 34956 ns, Total: 314981 ns
[2022-09-06T02:21:26.114+0000][7][safepoint   ] Safepoint "Cleanup", Time since last: 2000692966 ns, Reaching safepoint: 301325 ns, At safepoint: 29135 ns, Total: 330460 ns
[2022-09-06T02:21:27.115+0000][7][safepoint   ] Safepoint "Cleanup", Time since last: 1000247657 ns, Reaching safepoint: 274996 ns, At safepoint: 17243 ns, Total: 292239 ns
[2022-09-06T02:21:28.116+0000][7][safepoint   ] Safepoint "Cleanup", Time since last: 1000802468 ns, Reaching safepoint: 302227 ns, At safepoint: 61285 ns, Total: 363512 ns
[2022-09-06T02:21:29.117+0000][7][safepoint   ] Safepoint "Cleanup", Time since last: 1000610989 ns, Reaching safepoint: 250270 ns, At safepoint: 40626 ns, Total: 290896 ns
[2022-09-06T02:21:33.118+0000][7][safepoint   ] Safepoint "Cleanup", Time since last: 4000986121 ns, Reaching safepoint: 313739 ns, At safepoint: 5159 ns, Total: 318898 ns
[2022-09-06T02:21:39.120+0000][7][safepoint   ] Safepoint "Cleanup", Time since last: 6001232277 ns, Reaching safepoint: 222979 ns, At safepoint: 3707 ns, Total: 226686 ns
[2022-09-06T02:21:43.121+0000][7][safepoint   ] Safepoint "Cleanup", Time since last: 4000926739 ns, Reaching safepoint: 336752 ns, At safepoint: 45555 ns, Total: 382307 ns
[2022-09-06T02:21:46.122+0000][7][safepoint   ] Safepoint "Cleanup", Time since last: 3000856515 ns, Reaching safepoint: 294693 ns, At safepoint: 37531 ns, Total: 332224 ns
[2022-09-06T02:21:49.124+0000][7][safepoint   ] Safepoint "Cleanup", Time since last: 3001089952 ns, Reaching safepoint: 296397 ns, At safepoint: 49262 ns, Total: 345659 ns
[2022-09-06T02:21:53.125+0000][7][safepoint   ] Safepoint "Cleanup", Time since last: 4000663185 ns, Reaching safepoint: 258745 ns, At safepoint: 9658 ns, Total: 268403 ns
[2022-09-06T02:21:58.126+0000][7][safepoint   ] Safepoint "Cleanup", Time since last: 5001144621 ns, Reaching safepoint: 346170 ns, At safepoint: 61545 ns, Total: 407715 ns
[2022-09-06T02:22:13.131+0000][7][safepoint   ] Safepoint "Cleanup", Time since last: 15002461616 ns, Reaching safepoint: 206748 ns, At safepoint: 8376 ns, Total: 215124 ns
[2022-09-06T02:22:16.132+0000][7][safepoint   ] Safepoint "Cleanup", Time since last: 3000835275 ns, Reaching safepoint: 243998 ns, At safepoint: 7104 ns, Total: 251102 ns
[2022-09-06T02:22:18.133+0000][7][safepoint   ] Safepoint "Cleanup", Time since last: 2000613025 ns, Reaching safepoint: 194074 ns, At safepoint: 8185 ns, Total: 202259 ns
[2022-09-06T02:22:23.134+0000][7][safepoint   ] Safepoint "Cleanup", Time since last: 5000781860 ns, Reaching safepoint: 233498 ns, At safepoint: 9337 ns, Total: 242835 ns
[2022-09-06T02:22:24.136+0000][7][safepoint   ] Safepoint "Cleanup", Time since last: 1000782912 ns, Reaching safepoint: 410771 ns, At safepoint: 64261 ns, Total: 475032 ns
[2022-09-06T02:22:28.137+0000][7][safepoint   ] Safepoint "Cleanup", Time since last: 4001070489 ns, Reaching safepoint: 227066 ns, At safepoint: 34875 ns, Total: 261941 ns
[2022-09-06T02:22:35.139+0000][7][safepoint   ] Safepoint "Cleanup", Time since last: 7001481267 ns, Reaching safepoint: 231805 ns, At safepoint: 40186 ns, Total: 271991 ns
[2022-09-06T02:22:39.138+0000][7][safepoint   ] Safepoint "Cleanup", Time since last: 4001257449 ns, Reaching safepoint: 382668 ns, At safepoint: 40005 ns, Total: 422673 ns
[2022-09-06T02:22:40.139+0000][7][safepoint   ] Safepoint "Cleanup", Time since last: 1000538344 ns, Reaching safepoint: 279724 ns, At safepoint: 44504 ns, Total: 324228 ns
[2022-09-06T02:22:43.140+0000][7][safepoint   ] Safepoint "Cleanup", Time since last: 3000847037 ns, Reaching safepoint: 335589 ns, At safepoint: 69521 ns, Total: 405110 ns
[2022-09-06T02:22:45.141+0000][7][safepoint   ] Safepoint "Cleanup", Time since last: 2000706401 ns, Reaching safepoint: 367479 ns, At safepoint: 41498 ns, Total: 408977 ns
[2022-09-06T02:22:53.143+0000][7][safepoint   ] Safepoint "Cleanup", Time since last: 8001976509 ns, Reaching safepoint: 250470 ns, At safepoint: 13476 ns, Total: 263946 ns
[2022-09-06T02:23:03.145+0000][7][safepoint   ] Safepoint "Cleanup", Time since last: 10001784553 ns, Reaching safepoint: 234330 ns, At safepoint: 40246 ns, Total: 274576 ns
[2022-09-06T02:23:04.146+0000][7][safepoint   ] Safepoint "Cleanup", Time since last: 1000496875 ns, Reaching safepoint: 181200 ns, At safepoint: 9478 ns, Total: 190678 ns
[2022-09-06T02:23:10.147+0000][7][safepoint   ] Safepoint "Cleanup", Time since last: 6001110067 ns, Reaching safepoint: 239229 ns, At safepoint: 4459 ns, Total: 243688 ns
[2022-09-06T02:23:13.149+0000][7][safepoint   ] Safepoint "Cleanup", Time since last: 3000763199 ns, Reaching safepoint: 251172 ns, At safepoint: 39975 ns, Total: 291147 ns
[2022-09-06T02:23:16.150+0000][7][safepoint   ] Safepoint "Cleanup", Time since last: 3001023949 ns, Reaching safepoint: 265468 ns, At safepoint: 12954 ns, Total: 278422 ns
[2022-09-06T02:23:18.151+0000][7][safepoint   ] Safepoint "Cleanup", Time since last: 2000903701 ns, Reaching safepoint: 176091 ns, At safepoint: 8185 ns, Total: 184276 ns
[2022-09-06T02:23:23.152+0000][7][safepoint   ] Safepoint "Cleanup", Time since last: 5000760981 ns, Reaching safepoint: 205626 ns, At safepoint: 8405 ns, Total: 214031 ns
[2022-09-06T02:23:35.155+0000][7][safepoint   ] Safepoint "Cleanup", Time since last: 12002291991 ns, Reaching safepoint: 285727 ns, At safepoint: 70853 ns, Total: 356580 ns
[2022-09-06T02:23:39.156+0000][7][safepoint   ] Safepoint "Cleanup", Time since last: 4001104572 ns, Reaching safepoint: 248647 ns, At safepoint: 37320 ns, Total: 285967 ns
[2022-09-06T02:23:42.157+0000][7][safepoint   ] Safepoint "Cleanup", Time since last: 3000865091 ns, Reaching safepoint: 261040 ns, At safepoint: 40335 ns, Total: 301375 ns
[2022-09-06T02:23:43.158+0000][7][safepoint   ] Safepoint "Cleanup", Time since last: 1000691361 ns, Reaching safepoint: 176531 ns, At safepoint: 7404 ns, Total: 183935 ns
[2022-09-06T02:23:44.159+0000][7][safepoint   ] Safepoint "Cleanup", Time since last: 1000515960 ns, Reaching safepoint: 223720 ns, At safepoint: 32331 ns, Total: 256051 ns
[2022-09-06T02:23:46.159+0000][7][safepoint   ] Safepoint "Cleanup", Time since last: 2000618766 ns, Reaching safepoint: 189666 ns, At safepoint: 30658 ns, Total: 220324 ns
[2022-09-06T02:23:48.161+0000][7][safepoint   ] Safepoint "Cleanup", Time since last: 2000807079 ns, Reaching safepoint: 297458 ns, At safepoint: 49894 ns, Total: 347352 ns
[2022-09-06T02:23:49.054+0000][7][gc,start    ] GC(31) Pause Young (Normal) (G1 Evacuation Pause)
[2022-09-06T02:23:49.054+0000][7][gc,task     ] GC(31) Using 6 workers of 6 for evacuation
[2022-09-06T02:23:49.055+0000][7][gc,age      ] GC(31) Desired survivor size 8388608 bytes, new threshold 15 (max threshold 15)
[2022-09-06T02:23:49.066+0000][7][gc,age      ] GC(31) Age table with threshold 15 (max threshold 15)
[2022-09-06T02:23:49.067+0000][7][gc,age      ] GC(31) - age   1:     128416 bytes,     128416 total
[2022-09-06T02:23:49.067+0000][7][gc,age      ] GC(31) - age   2:      72568 bytes,     200984 total
[2022-09-06T02:23:49.067+0000][7][gc,age      ] GC(31) - age   3:      72336 bytes,     273320 total
[2022-09-06T02:23:49.068+0000][7][gc,age      ] GC(31) - age   4:     736920 bytes,    1010240 total
[2022-09-06T02:23:49.068+0000][7][gc,age      ] GC(31) - age   5:    4839816 bytes,    5850056 total
[2022-09-06T02:23:49.069+0000][7][gc,phases   ] GC(31)   Pre Evacuate Collection Set: 0.2ms
[2022-09-06T02:23:49.069+0000][7][gc,phases   ] GC(31)   Merge Heap Roots: 0.2ms
[2022-09-06T02:23:49.069+0000][7][gc,phases   ] GC(31)   Evacuate Collection Set: 8.6ms
[2022-09-06T02:23:49.069+0000][7][gc,phases   ] GC(31)   Post Evacuate Collection Set: 2.1ms
[2022-09-06T02:23:49.070+0000][7][gc,phases   ] GC(31)   Other: 3.6ms
[2022-09-06T02:23:49.070+0000][7][gc,heap     ] GC(31) Eden regions: 26->0(27)
[2022-09-06T02:23:49.070+0000][7][gc,heap     ] GC(31) Survivor regions: 2->2(4)
[2022-09-06T02:23:49.071+0000][7][gc,heap     ] GC(31) Old regions: 19->19
[2022-09-06T02:23:49.071+0000][7][gc,heap     ] GC(31) Archive regions: 2->2
[2022-09-06T02:23:49.071+0000][7][gc,heap     ] GC(31) Humongous regions: 2->2
[2022-09-06T02:23:49.072+0000][7][gc,metaspace] GC(31) Metaspace: 96334K(100736K)->96334K(100736K) NonClass: 83516K(86784K)->83516K(86784K) Class: 12818K(13952K)->12818K(13952K)
[2022-09-06T02:23:49.073+0000][7][gc          ] GC(31) Pause Young (Normal) (G1 Evacuation Pause) 194M->90M(256M) 18.605ms
[2022-09-06T02:23:49.073+0000][7][gc,cpu      ] GC(31) User=0.03s Sys=0.00s Real=0.02s
[2022-09-06T02:23:49.073+0000][7][safepoint   ] Safepoint "G1CollectForAllocation", Time since last: 893054418 ns, Reaching safepoint: 246473 ns, At safepoint: 19454229 ns, Total: 19700702 ns
[2022-09-06T02:23:53.074+0000][7][safepoint   ] Safepoint "Cleanup", Time since last: 4000908185 ns, Reaching safepoint: 179667 ns, At safepoint: 31960 ns, Total: 211627 ns
[2022-09-06T02:24:03.076+0000][7][safepoint   ] Safepoint "Cleanup", Time since last: 10001634292 ns, Reaching safepoint: 222397 ns, At safepoint: 34154 ns, Total: 256551 ns
[2022-09-06T02:24:09.079+0000][7][safepoint   ] Safepoint "Cleanup", Time since last: 6001952239 ns, Reaching safepoint: 223269 ns, At safepoint: 4468 ns, Total: 227737 ns
[2022-09-06T02:24:10.080+0000][7][safepoint   ] Safepoint "Cleanup", Time since last: 1000712059 ns, Reaching safepoint: 230182 ns, At safepoint: 37701 ns, Total: 267883 ns
[2022-09-06T02:24:20.082+0000][7][safepoint   ] Safepoint "Cleanup", Time since last: 10001758885 ns, Reaching safepoint: 198673 ns, At safepoint: 33944 ns, Total: 232617 ns
[2022-09-06T02:24:23.083+0000][7][safepoint   ] Safepoint "Cleanup", Time since last: 3000819295 ns, Reaching safepoint: 266730 ns, At safepoint: 41979 ns, Total: 308709 ns
[2022-09-06T02:24:30.084+0000][7][safepoint   ] Safepoint "Cleanup", Time since last: 7001334041 ns, Reaching safepoint: 198963 ns, At safepoint: 4358 ns, Total: 203321 ns
[2022-09-06T02:24:37.086+0000][7][safepoint   ] Safepoint "Cleanup", Time since last: 7001381220 ns, Reaching safepoint: 312667 ns, At safepoint: 38422 ns, Total: 351089 ns
[2022-09-06T02:24:39.087+0000][7][safepoint   ] Safepoint "Cleanup", Time since last: 2000728992 ns, Reaching safepoint: 438844 ns, At safepoint: 37791 ns, Total: 476635 ns
[2022-09-06T02:24:48.089+0000][7][safepoint   ] Safepoint "Cleanup", Time since last: 9001820639 ns, Reaching safepoint: 173696 ns, At safepoint: 7875 ns, Total: 181571 ns
[2022-09-06T02:24:50.090+0000][7][safepoint   ] Safepoint "Cleanup", Time since last: 2001005842 ns, Reaching safepoint: 256472 ns, At safepoint: 6652 ns, Total: 263124 ns
[2022-09-06T02:24:52.091+0000][7][safepoint   ] Safepoint "Cleanup", Time since last: 2000869467 ns, Reaching safepoint: 210084 ns, At safepoint: 33152 ns, Total: 243236 ns
[2022-09-06T02:24:53.092+0000][7][safepoint   ] Safepoint "Cleanup", Time since last: 1000542771 ns, Reaching safepoint: 225594 ns, At safepoint: 7785 ns, Total: 233379 ns
[2022-09-06T02:24:58.094+0000][7][safepoint   ] Safepoint "Cleanup", Time since last: 5001021759 ns, Reaching safepoint: 333316 ns, At safepoint: 14938 ns, Total: 348254 ns
[2022-09-06T02:25:00.095+0000][7][safepoint   ] Safepoint "Cleanup", Time since last: 2000660574 ns, Reaching safepoint: 249629 ns, At safepoint: 30848 ns, Total: 280477 ns
[2022-09-06T02:25:11.097+0000][7][safepoint   ] Safepoint "Cleanup", Time since last: 11001815694 ns, Reaching safepoint: 329588 ns, At safepoint: 34736 ns, Total: 364324 ns
[2022-09-06T02:25:13.098+0000][7][safepoint   ] Safepoint "Cleanup", Time since last: 2000355412 ns, Reaching safepoint: 599805 ns, At safepoint: 64762 ns, Total: 664567 ns
[2022-09-06T02:25:14.100+0000][7][safepoint   ] Safepoint "Cleanup", Time since last: 1000774055 ns, Reaching safepoint: 612098 ns, At safepoint: 66205 ns, Total: 678303 ns
[2022-09-06T02:25:15.100+0000][7][safepoint   ] Safepoint "Cleanup", Time since last: 1000269077 ns, Reaching safepoint: 337994 ns, At safepoint: 41719 ns, Total: 379713 ns
[2022-09-06T02:25:16.101+0000][7][safepoint   ] Safepoint "Cleanup", Time since last: 1000634333 ns, Reaching safepoint: 297388 ns, At safepoint: 38342 ns, Total: 335730 ns
[2022-09-06T02:25:17.102+0000][7][safepoint   ] Safepoint "Cleanup", Time since last: 1000701148 ns, Reaching safepoint: 392807 ns, At safepoint: 40366 ns, Total: 433173 ns
[2022-09-06T02:25:18.103+0000][7][safepoint   ] Safepoint "Cleanup", Time since last: 1000649541 ns, Reaching safepoint: 233098 ns, At safepoint: 90840 ns, Total: 323938 ns
[2022-09-06T02:25:19.104+0000][7][safepoint   ] Safepoint "Cleanup", Time since last: 1000469754 ns, Reaching safepoint: 251572 ns, At safepoint: 128892 ns, Total: 380464 ns
[2022-09-06T02:25:20.105+0000][7][safepoint   ] Safepoint "Cleanup", Time since last: 1000613354 ns, Reaching safepoint: 266590 ns, At safepoint: 30498 ns, Total: 297088 ns
[2022-09-06T02:25:22.106+0000][7][safepoint   ] Safepoint "Cleanup", Time since last: 2000651858 ns, Reaching safepoint: 406552 ns, At safepoint: 46668 ns, Total: 453220 ns
[2022-09-06T02:25:23.107+0000][7][safepoint   ] Safepoint "Cleanup", Time since last: 1000528946 ns, Reaching safepoint: 211927 ns, At safepoint: 5020 ns, Total: 216947 ns
[2022-09-06T02:25:24.108+0000][7][safepoint   ] Safepoint "Cleanup", Time since last: 1000635925 ns, Reaching safepoint: 229581 ns, At safepoint: 9709 ns, Total: 239290 ns
[2022-09-06T02:25:26.109+0000][7][safepoint   ] Safepoint "Cleanup", Time since last: 2000729664 ns, Reaching safepoint: 264637 ns, At safepoint: 49262 ns, Total: 313899 ns
[2022-09-06T02:25:28.110+0000][7][safepoint   ] Safepoint "Cleanup", Time since last: 2000715889 ns, Reaching safepoint: 204063 ns, At safepoint: 8195 ns, Total: 212258 ns
[2022-09-06T02:25:30.111+0000][7][safepoint   ] Safepoint "Cleanup", Time since last: 2000682275 ns, Reaching safepoint: 285496 ns, At safepoint: 64571 ns, Total: 350067 ns
[2022-09-06T02:25:31.895+0000][7][gc,start    ] GC(32) Pause Young (Concurrent Start) (G1 Evacuation Pause)
[2022-09-06T02:25:31.895+0000][7][gc,task     ] GC(32) Using 6 workers of 6 for evacuation
[2022-09-06T02:25:31.895+0000][7][gc,age      ] GC(32) Desired survivor size 8388608 bytes, new threshold 15 (max threshold 15)
[2022-09-06T02:25:31.918+0000][7][gc,age      ] GC(32) Age table with threshold 15 (max threshold 15)
[2022-09-06T02:25:31.918+0000][7][gc,age      ] GC(32) - age   1:    1142936 bytes,    1142936 total
[2022-09-06T02:25:31.919+0000][7][gc,age      ] GC(32) - age   2:      73016 bytes,    1215952 total
[2022-09-06T02:25:31.919+0000][7][gc,age      ] GC(32) - age   3:      72056 bytes,    1288008 total
[2022-09-06T02:25:31.919+0000][7][gc,age      ] GC(32) - age   4:      63704 bytes,    1351712 total
[2022-09-06T02:25:31.920+0000][7][gc,age      ] GC(32) - age   5:     646704 bytes,    1998416 total
[2022-09-06T02:25:31.920+0000][7][gc,age      ] GC(32) - age   6:    4767800 bytes,    6766216 total
[2022-09-06T02:25:31.920+0000][7][gc,phases   ] GC(32)   Pre Evacuate Collection Set: 0.4ms
[2022-09-06T02:25:31.921+0000][7][gc,phases   ] GC(32)   Merge Heap Roots: 0.2ms
[2022-09-06T02:25:31.921+0000][7][gc,phases   ] GC(32)   Evacuate Collection Set: 19.5ms
[2022-09-06T02:25:31.922+0000][7][gc,phases   ] GC(32)   Post Evacuate Collection Set: 2.1ms
[2022-09-06T02:25:31.922+0000][7][gc,phases   ] GC(32)   Other: 3.4ms
[2022-09-06T02:25:31.922+0000][7][gc,heap     ] GC(32) Eden regions: 27->0(27)
[2022-09-06T02:25:31.923+0000][7][gc,heap     ] GC(32) Survivor regions: 2->2(4)
[2022-09-06T02:25:31.923+0000][7][gc,heap     ] GC(32) Old regions: 19->19
[2022-09-06T02:25:31.923+0000][7][gc,heap     ] GC(32) Archive regions: 2->2
[2022-09-06T02:25:31.923+0000][7][gc,heap     ] GC(32) Humongous regions: 2->2
[2022-09-06T02:25:31.924+0000][7][gc,metaspace] GC(32) Metaspace: 96962K(101376K)->96962K(101376K) NonClass: 84069K(87296K)->84069K(87296K) Class: 12893K(14080K)->12893K(14080K)
[2022-09-06T02:25:31.924+0000][7][gc          ] GC(32) Pause Young (Concurrent Start) (G1 Evacuation Pause) 198M->91M(256M) 29.415ms
[2022-09-06T02:25:31.924+0000][7][gc,cpu      ] GC(32) User=0.10s Sys=0.00s Real=0.03s
[2022-09-06T02:25:31.925+0000][7][gc          ] GC(33) Concurrent Cycle
[2022-09-06T02:25:31.925+0000][7][safepoint   ] Safepoint "G1CollectForAllocation", Time since last: 1783397329 ns, Reaching safepoint: 214041 ns, At safepoint: 30074931 ns, Total: 30288972 ns
[2022-09-06T02:25:31.925+0000][7][gc,marking  ] GC(33) Concurrent Clear Claimed Marks
[2022-09-06T02:25:31.925+0000][7][gc,marking  ] GC(33) Concurrent Clear Claimed Marks 0.632ms
[2022-09-06T02:25:31.926+0000][7][gc,marking  ] GC(33) Concurrent Scan Root Regions
[2022-09-06T02:25:31.932+0000][7][gc,marking  ] GC(33) Concurrent Scan Root Regions 5.738ms
[2022-09-06T02:25:31.932+0000][7][gc,marking  ] GC(33) Concurrent Mark (883.310s)
[2022-09-06T02:25:31.932+0000][7][gc,marking  ] GC(33) Concurrent Mark From Roots
[2022-09-06T02:25:31.933+0000][7][gc,task     ] GC(33) Using 2 workers of 2 for marking
[2022-09-06T02:25:32.019+0000][7][gc,marking  ] GC(33) Concurrent Mark From Roots 86.696ms
[2022-09-06T02:25:32.019+0000][7][gc,marking  ] GC(33) Concurrent Preclean
[2022-09-06T02:25:32.020+0000][7][gc,marking  ] GC(33) Concurrent Preclean 0.431ms
[2022-09-06T02:25:32.020+0000][7][gc,marking  ] GC(33) Concurrent Mark (883.310s, 883.398s) 88.094ms
[2022-09-06T02:25:32.022+0000][7][gc,start    ] GC(33) Pause Remark
[2022-09-06T02:25:32.027+0000][7][gc          ] GC(33) Pause Remark 93M->93M(256M) 5.474ms
[2022-09-06T02:25:32.027+0000][7][gc,cpu      ] GC(33) User=0.02s Sys=0.00s Real=0.01s
[2022-09-06T02:25:32.028+0000][7][safepoint   ] Safepoint "G1Concurrent", Time since last: 95985977 ns, Reaching safepoint: 965051 ns, At safepoint: 6303239 ns, Total: 7268290 ns
[2022-09-06T02:25:32.028+0000][7][gc,marking  ] GC(33) Concurrent Rebuild Remembered Sets
[2022-09-06T02:25:32.076+0000][7][gc,marking  ] GC(33) Concurrent Rebuild Remembered Sets 47.428ms
[2022-09-06T02:25:32.076+0000][7][gc,start    ] GC(33) Pause Cleanup
[2022-09-06T02:25:32.077+0000][7][gc          ] GC(33) Pause Cleanup 95M->95M(256M) 0.465ms
[2022-09-06T02:25:32.077+0000][7][gc,cpu      ] GC(33) User=0.00s Sys=0.00s Real=0.00s
[2022-09-06T02:25:32.077+0000][7][safepoint   ] Safepoint "G1Concurrent", Time since last: 48183946 ns, Reaching safepoint: 288161 ns, At safepoint: 1056814 ns, Total: 1344975 ns
[2022-09-06T02:25:32.078+0000][7][gc,marking  ] GC(33) Concurrent Cleanup for Next Mark
[2022-09-06T02:25:32.088+0000][7][gc,marking  ] GC(33) Concurrent Cleanup for Next Mark 10.167ms
[2022-09-06T02:25:32.088+0000][7][gc          ] GC(33) Concurrent Cycle 163.707ms
[2022-09-06T02:25:33.078+0000][7][safepoint   ] Safepoint "Cleanup", Time since last: 1000577716 ns, Reaching safepoint: 290295 ns, At safepoint: 36248 ns, Total: 326543 ns
[2022-09-06T02:25:34.079+0000][7][safepoint   ] Safepoint "Cleanup", Time since last: 1000502325 ns, Reaching safepoint: 219753 ns, At safepoint: 8155 ns, Total: 227908 ns
[2022-09-06T02:25:35.080+0000][7][safepoint   ] Safepoint "Cleanup", Time since last: 1000567988 ns, Reaching safepoint: 260980 ns, At safepoint: 41448 ns, Total: 302428 ns
[2022-09-06T02:25:36.081+0000][7][safepoint   ] Safepoint "Cleanup", Time since last: 1000735493 ns, Reaching safepoint: 218289 ns, At safepoint: 33614 ns, Total: 251903 ns
[2022-09-06T02:25:39.082+0000][7][safepoint   ] Safepoint "Cleanup", Time since last: 3001439308 ns, Reaching safepoint: 197420 ns, At safepoint: 5992 ns, Total: 203412 ns
[2022-09-06T02:25:40.083+0000][7][safepoint   ] Safepoint "Cleanup", Time since last: 1000534916 ns, Reaching safepoint: 221445 ns, At safepoint: 4429 ns, Total: 225874 ns
[2022-09-06T02:25:42.083+0000][7][safepoint   ] Safepoint "Cleanup", Time since last: 2000376321 ns, Reaching safepoint: 191800 ns, At safepoint: 7454 ns, Total: 199254 ns
[2022-09-06T02:25:43.085+0000][7][safepoint   ] Safepoint "Cleanup", Time since last: 1000721947 ns, Reaching safepoint: 288542 ns, At safepoint: 73568 ns, Total: 362110 ns
[2022-09-06T02:25:44.085+0000][7][safepoint   ] Safepoint "Cleanup", Time since last: 1000227950 ns, Reaching safepoint: 313418 ns, At safepoint: 103294 ns, Total: 416712 ns
[2022-09-06T02:25:45.086+0000][7][safepoint   ] Safepoint "Cleanup", Time since last: 1000768735 ns, Reaching safepoint: 203572 ns, At safepoint: 14828 ns, Total: 218400 ns
[2022-09-06T02:25:46.087+0000][7][safepoint   ] Safepoint "Cleanup", Time since last: 1000545877 ns, Reaching safepoint: 184136 ns, At safepoint: 46297 ns, Total: 230433 ns
[2022-09-06T02:25:47.088+0000][7][safepoint   ] Safepoint "Cleanup", Time since last: 1000508817 ns, Reaching safepoint: 293100 ns, At safepoint: 38452 ns, Total: 331552 ns
[2022-09-06T02:25:48.089+0000][7][safepoint   ] Safepoint "Cleanup", Time since last: 1000675871 ns, Reaching safepoint: 269095 ns, At safepoint: 34916 ns, Total: 304011 ns
[2022-09-06T02:25:50.090+0000][7][safepoint   ] Safepoint "Cleanup", Time since last: 2000658350 ns, Reaching safepoint: 178815 ns, At safepoint: 8867 ns, Total: 187682 ns
[2022-09-06T02:25:53.091+0000][7][safepoint   ] Safepoint "Cleanup", Time since last: 3000823243 ns, Reaching safepoint: 259176 ns, At safepoint: 15759 ns, Total: 274935 ns
[2022-09-06T02:25:55.092+0000][7][safepoint   ] Safepoint "Cleanup", Time since last: 2000594130 ns, Reaching safepoint: 296046 ns, At safepoint: 36799 ns, Total: 332845 ns
[2022-09-06T02:25:58.093+0000][7][safepoint   ] Safepoint "Cleanup", Time since last: 3000769852 ns, Reaching safepoint: 297499 ns, At safepoint: 46547 ns, Total: 344046 ns
[2022-09-06T02:25:59.094+0000][7][safepoint   ] Safepoint "Cleanup", Time since last: 1000705246 ns, Reaching safepoint: 221656 ns, At safepoint: 35176 ns, Total: 256832 ns
[2022-09-06T02:26:00.666+0000][7][safepoint   ] Safepoint "Cleanup", Time since last: 1572165782 ns, Reaching safepoint: 378590 ns, At safepoint: 13205 ns, Total: 391795 ns
[2022-09-06T02:26:01.667+0000][7][safepoint   ] Safepoint "Cleanup", Time since last: 1000666724 ns, Reaching safepoint: 336681 ns, At safepoint: 59302 ns, Total: 395983 ns
[2022-09-06T02:26:03.668+0000][7][safepoint   ] Safepoint "Cleanup", Time since last: 2000631600 ns, Reaching safepoint: 202140 ns, At safepoint: 33092 ns, Total: 235232 ns
[2022-09-06T02:26:06.669+0000][7][safepoint   ] Safepoint "Cleanup", Time since last: 3000767087 ns, Reaching safepoint: 274395 ns, At safepoint: 39874 ns, Total: 314269 ns
[2022-09-06T02:26:08.670+0000][7][safepoint   ] Safepoint "Cleanup", Time since last: 2000379877 ns, Reaching safepoint: 253666 ns, At safepoint: 9137 ns, Total: 262803 ns
[2022-09-06T02:26:09.671+0000][7][safepoint   ] Safepoint "Cleanup", Time since last: 1000704405 ns, Reaching safepoint: 210716 ns, At safepoint: 5480 ns, Total: 216196 ns
[2022-09-06T02:26:10.672+0000][7][safepoint   ] Safepoint "Cleanup", Time since last: 1000300516 ns, Reaching safepoint: 541867 ns, At safepoint: 19567 ns, Total: 561434 ns
[2022-09-06T02:26:12.673+0000][7][safepoint   ] Safepoint "Cleanup", Time since last: 2001328227 ns, Reaching safepoint: 245652 ns, At safepoint: 39153 ns, Total: 284805 ns
[2022-09-06T02:26:14.675+0000][7][safepoint   ] Safepoint "Cleanup", Time since last: 2000667638 ns, Reaching safepoint: 416191 ns, At safepoint: 64481 ns, Total: 480672 ns
[2022-09-06T02:26:19.676+0000][7][safepoint   ] Safepoint "Cleanup", Time since last: 5001256701 ns, Reaching safepoint: 431209 ns, At safepoint: 42530 ns, Total: 473739 ns
[2022-09-06T02:26:23.678+0000][7][safepoint   ] Safepoint "Cleanup", Time since last: 4000931788 ns, Reaching safepoint: 299673 ns, At safepoint: 37019 ns, Total: 336692 ns
[2022-09-06T02:26:24.678+0000][7][safepoint   ] Safepoint "Cleanup", Time since last: 1000676152 ns, Reaching safepoint: 190197 ns, At safepoint: 8135 ns, Total: 198332 ns
[2022-09-06T02:26:29.680+0000][7][safepoint   ] Safepoint "Cleanup", Time since last: 5001076853 ns, Reaching safepoint: 193844 ns, At safepoint: 8165 ns, Total: 202009 ns
[2022-09-06T02:26:35.681+0000][7][safepoint   ] Safepoint "Cleanup", Time since last: 6001225425 ns, Reaching safepoint: 266039 ns, At safepoint: 41658 ns, Total: 307697 ns
[2022-09-06T02:26:39.682+0000][7][safepoint   ] Safepoint "Cleanup", Time since last: 4000777539 ns, Reaching safepoint: 281748 ns, At safepoint: 25097 ns, Total: 306845 ns
[2022-09-06T02:26:53.685+0000][7][safepoint   ] Safepoint "Cleanup", Time since last: 14002252272 ns, Reaching safepoint: 173656 ns, At safepoint: 43101 ns, Total: 216757 ns
[2022-09-06T02:27:02.686+0000][7][safepoint   ] Safepoint "Cleanup", Time since last: 9001403876 ns, Reaching safepoint: 209584 ns, At safepoint: 11932 ns, Total: 221516 ns
[2022-09-06T02:27:05.687+0000][7][safepoint   ] Safepoint "Cleanup", Time since last: 3000893104 ns, Reaching safepoint: 168566 ns, At safepoint: 8095 ns, Total: 176661 ns
[2022-09-06T02:27:08.689+0000][7][safepoint   ] Safepoint "Cleanup", Time since last: 3000796432 ns, Reaching safepoint: 164097 ns, At safepoint: 8226 ns, Total: 172323 ns
[2022-09-06T02:27:13.690+0000][7][safepoint   ] Safepoint "Cleanup", Time since last: 5001253395 ns, Reaching safepoint: 185067 ns, At safepoint: 5310 ns, Total: 190377 ns
[2022-09-06T02:27:18.894+0000][7][gc,start    ] GC(34) Pause Young (Normal) (G1 Evacuation Pause)
[2022-09-06T02:27:18.895+0000][7][gc,task     ] GC(34) Using 6 workers of 6 for evacuation
[2022-09-06T02:27:18.895+0000][7][gc,age      ] GC(34) Desired survivor size 8388608 bytes, new threshold 15 (max threshold 15)
[2022-09-06T02:27:18.908+0000][7][gc,age      ] GC(34) Age table with threshold 15 (max threshold 15)
[2022-09-06T02:27:18.909+0000][7][gc,age      ] GC(34) - age   1:     282424 bytes,     282424 total
[2022-09-06T02:27:18.909+0000][7][gc,age      ] GC(34) - age   2:    1023960 bytes,    1306384 total
[2022-09-06T02:27:18.909+0000][7][gc,age      ] GC(34) - age   3:      72880 bytes,    1379264 total
[2022-09-06T02:27:18.910+0000][7][gc,age      ] GC(34) - age   4:      71376 bytes,    1450640 total
[2022-09-06T02:27:18.910+0000][7][gc,age      ] GC(34) - age   5:      63704 bytes,    1514344 total
[2022-09-06T02:27:18.910+0000][7][gc,age      ] GC(34) - age   6:     646704 bytes,    2161048 total
[2022-09-06T02:27:18.910+0000][7][gc,age      ] GC(34) - age   7:    4766880 bytes,    6927928 total
[2022-09-06T02:27:18.911+0000][7][gc,phases   ] GC(34)   Pre Evacuate Collection Set: 0.2ms
[2022-09-06T02:27:18.911+0000][7][gc,phases   ] GC(34)   Merge Heap Roots: 0.2ms
[2022-09-06T02:27:18.911+0000][7][gc,phases   ] GC(34)   Evacuate Collection Set: 9.8ms
[2022-09-06T02:27:18.912+0000][7][gc,phases   ] GC(34)   Post Evacuate Collection Set: 2.6ms
[2022-09-06T02:27:18.912+0000][7][gc,phases   ] GC(34)   Other: 3.8ms
[2022-09-06T02:27:18.912+0000][7][gc,heap     ] GC(34) Eden regions: 27->0(27)
[2022-09-06T02:27:18.912+0000][7][gc,heap     ] GC(34) Survivor regions: 2->2(4)
[2022-09-06T02:27:18.913+0000][7][gc,heap     ] GC(34) Old regions: 19->19
[2022-09-06T02:27:18.913+0000][7][gc,heap     ] GC(34) Archive regions: 2->2
[2022-09-06T02:27:18.913+0000][7][gc,heap     ] GC(34) Humongous regions: 2->2
[2022-09-06T02:27:18.913+0000][7][gc,metaspace] GC(34) Metaspace: 97246K(101632K)->97246K(101632K) NonClass: 84337K(87552K)->84337K(87552K) Class: 12909K(14080K)->12909K(14080K)
[2022-09-06T02:27:18.914+0000][7][gc          ] GC(34) Pause Young (Normal) (G1 Evacuation Pause) 199M->92M(256M) 19.552ms
[2022-09-06T02:27:18.914+0000][7][gc,cpu      ] GC(34) User=0.05s Sys=0.00s Real=0.02s
[2022-09-06T02:27:18.914+0000][7][safepoint   ] Safepoint "G1CollectForAllocation", Time since last: 5203704854 ns, Reaching safepoint: 290014 ns, At safepoint: 20189480 ns, Total: 20479494 ns
[2022-09-06T02:27:22.916+0000][7][safepoint   ] Safepoint "Cleanup", Time since last: 4000795472 ns, Reaching safepoint: 431911 ns, At safepoint: 44303 ns, Total: 476214 ns
[2022-09-06T02:27:42.918+0000][7][safepoint   ] Safepoint "Cleanup", Time since last: 20003059540 ns, Reaching safepoint: 194606 ns, At safepoint: 8405 ns, Total: 203011 ns
[2022-09-06T02:27:48.919+0000][7][safepoint   ] Safepoint "Cleanup", Time since last: 6001088318 ns, Reaching safepoint: 273793 ns, At safepoint: 102373 ns, Total: 376166 ns
[2022-09-06T02:27:52.921+0000][7][safepoint   ] Safepoint "Cleanup", Time since last: 4001047616 ns, Reaching safepoint: 378270 ns, At safepoint: 41327 ns, Total: 419597 ns
[2022-09-06T02:28:02.923+0000][7][safepoint   ] Safepoint "Cleanup", Time since last: 10002034403 ns, Reaching safepoint: 495941 ns, At safepoint: 66374 ns, Total: 562315 ns
[2022-09-06T02:28:13.926+0000][7][safepoint   ] Safepoint "Cleanup", Time since last: 11001808451 ns, Reaching safepoint: 273574 ns, At safepoint: 41728 ns, Total: 315302 ns
[2022-09-06T02:28:18.928+0000][7][safepoint   ] Safepoint "Cleanup", Time since last: 5001042649 ns, Reaching safepoint: 354906 ns, At safepoint: 69149 ns, Total: 424055 ns
[2022-09-06T02:28:22.929+0000][7][safepoint   ] Safepoint "Cleanup", Time since last: 4000951977 ns, Reaching safepoint: 374463 ns, At safepoint: 42109 ns, Total: 416572 ns
[2022-09-06T02:28:30.931+0000][7][safepoint   ] Safepoint "Cleanup", Time since last: 8001719556 ns, Reaching safepoint: 217779 ns, At safepoint: 35988 ns, Total: 253767 ns
[2022-09-06T02:28:32.932+0000][7][safepoint   ] Safepoint "Cleanup", Time since last: 2000661987 ns, Reaching safepoint: 235993 ns, At safepoint: 39404 ns, Total: 275397 ns
[2022-09-06T02:28:34.933+0000][7][safepoint   ] Safepoint "Cleanup", Time since last: 2000663851 ns, Reaching safepoint: 191269 ns, At safepoint: 38923 ns, Total: 230192 ns
[2022-09-06T02:28:38.934+0000][7][safepoint   ] Safepoint "Cleanup", Time since last: 4000947768 ns, Reaching safepoint: 364875 ns, At safepoint: 36619 ns, Total: 401494 ns
[2022-09-06T02:28:40.935+0000][7][safepoint   ] Safepoint "Cleanup", Time since last: 2000741306 ns, Reaching safepoint: 196579 ns, At safepoint: 4078 ns, Total: 200657 ns
[2022-09-06T02:28:42.936+0000][7][safepoint   ] Safepoint "Cleanup", Time since last: 2000885586 ns, Reaching safepoint: 276159 ns, At safepoint: 35907 ns, Total: 312066 ns
[2022-09-06T02:28:48.938+0000][7][safepoint   ] Safepoint "Cleanup", Time since last: 6001074161 ns, Reaching safepoint: 193783 ns, At safepoint: 36780 ns, Total: 230563 ns
[2022-09-06T02:28:52.939+0000][7][safepoint   ] Safepoint "Cleanup", Time since last: 4000973697 ns, Reaching safepoint: 406142 ns, At safepoint: 50144 ns, Total: 456286 ns
[2022-09-06T02:29:32.946+0000][7][safepoint   ] Safepoint "Cleanup", Time since last: 40006237985 ns, Reaching safepoint: 381626 ns, At safepoint: 38964 ns, Total: 420590 ns
[2022-09-06T02:29:43.948+0000][7][safepoint   ] Safepoint "Cleanup", Time since last: 11001858495 ns, Reaching safepoint: 213410 ns, At safepoint: 71986 ns, Total: 285396 ns
[2022-09-06T02:29:49.950+0000][7][safepoint   ] Safepoint "Cleanup", Time since last: 6001497174 ns, Reaching safepoint: 194094 ns, At safepoint: 29355 ns, Total: 223449 ns
[2022-09-06T02:29:52.951+0000][7][safepoint   ] Safepoint "Cleanup", Time since last: 3000978955 ns, Reaching safepoint: 425148 ns, At safepoint: 41968 ns, Total: 467116 ns
[2022-09-06T02:29:59.953+0000][7][safepoint   ] Safepoint "Cleanup", Time since last: 7001536551 ns, Reaching safepoint: 216767 ns, At safepoint: 32241 ns, Total: 249008 ns
[2022-09-06T02:30:08.955+0000][7][safepoint   ] Safepoint "Cleanup", Time since last: 9001468778 ns, Reaching safepoint: 265448 ns, At safepoint: 42780 ns, Total: 308228 ns
[2022-09-06T02:30:09.955+0000][7][safepoint   ] Safepoint "Cleanup", Time since last: 1000533254 ns, Reaching safepoint: 182322 ns, At safepoint: 4418 ns, Total: 186740 ns
[2022-09-06T02:30:18.957+0000][7][safepoint   ] Safepoint "Cleanup", Time since last: 9001472135 ns, Reaching safepoint: 219331 ns, At safepoint: 14057 ns, Total: 233388 ns
[2022-09-06T02:30:19.958+0000][7][safepoint   ] Safepoint "Cleanup", Time since last: 1000563220 ns, Reaching safepoint: 267432 ns, At safepoint: 42229 ns, Total: 309661 ns
[2022-09-06T02:30:20.012+0000][7][gc,start    ] GC(35) Pause Young (Concurrent Start) (G1 Evacuation Pause)
[2022-09-06T02:30:20.013+0000][7][gc,task     ] GC(35) Using 6 workers of 6 for evacuation
[2022-09-06T02:30:20.013+0000][7][gc,age      ] GC(35) Desired survivor size 8388608 bytes, new threshold 15 (max threshold 15)
[2022-09-06T02:30:20.025+0000][7][gc,age      ] GC(35) Age table with threshold 15 (max threshold 15)
[2022-09-06T02:30:20.025+0000][7][gc,age      ] GC(35) - age   1:      49088 bytes,      49088 total
[2022-09-06T02:30:20.026+0000][7][gc,age      ] GC(35) - age   2:     268776 bytes,     317864 total
[2022-09-06T02:30:20.026+0000][7][gc,age      ] GC(35) - age   3:     770288 bytes,    1088152 total
[2022-09-06T02:30:20.026+0000][7][gc,age      ] GC(35) - age   4:      72480 bytes,    1160632 total
[2022-09-06T02:30:20.026+0000][7][gc,age      ] GC(35) - age   5:      71376 bytes,    1232008 total
[2022-09-06T02:30:20.026+0000][7][gc,age      ] GC(35) - age   6:      63672 bytes,    1295680 total
[2022-09-06T02:30:20.027+0000][7][gc,age      ] GC(35) - age   7:     646704 bytes,    1942384 total
[2022-09-06T02:30:20.027+0000][7][gc,age      ] GC(35) - age   8:    4766880 bytes,    6709264 total
[2022-09-06T02:30:20.027+0000][7][gc,phases   ] GC(35)   Pre Evacuate Collection Set: 0.3ms
[2022-09-06T02:30:20.027+0000][7][gc,phases   ] GC(35)   Merge Heap Roots: 0.2ms
[2022-09-06T02:30:20.028+0000][7][gc,phases   ] GC(35)   Evacuate Collection Set: 9.4ms
[2022-09-06T02:30:20.028+0000][7][gc,phases   ] GC(35)   Post Evacuate Collection Set: 1.7ms
[2022-09-06T02:30:20.028+0000][7][gc,phases   ] GC(35)   Other: 3.1ms
[2022-09-06T02:30:20.028+0000][7][gc,heap     ] GC(35) Eden regions: 27->0(27)
[2022-09-06T02:30:20.029+0000][7][gc,heap     ] GC(35) Survivor regions: 2->2(4)
[2022-09-06T02:30:20.029+0000][7][gc,heap     ] GC(35) Old regions: 19->19
[2022-09-06T02:30:20.029+0000][7][gc,heap     ] GC(35) Archive regions: 2->2
[2022-09-06T02:30:20.029+0000][7][gc,heap     ] GC(35) Humongous regions: 2->2
[2022-09-06T02:30:20.030+0000][7][gc,metaspace] GC(35) Metaspace: 97324K(101632K)->97324K(101632K) NonClass: 84415K(87552K)->84415K(87552K) Class: 12909K(14080K)->12909K(14080K)
[2022-09-06T02:30:20.030+0000][7][gc          ] GC(35) Pause Young (Concurrent Start) (G1 Evacuation Pause) 200M->91M(256M) 17.399ms
[2022-09-06T02:30:20.030+0000][7][gc,cpu      ] GC(35) User=0.04s Sys=0.00s Real=0.01s
[2022-09-06T02:30:20.030+0000][7][gc          ] GC(36) Concurrent Cycle
[2022-09-06T02:30:20.030+0000][7][safepoint   ] Safepoint "G1CollectForAllocation", Time since last: 54267864 ns, Reaching safepoint: 251321 ns, At safepoint: 18166052 ns, Total: 18417373 ns
[2022-09-06T02:30:20.031+0000][7][gc,marking  ] GC(36) Concurrent Clear Claimed Marks
[2022-09-06T02:30:20.032+0000][7][gc,marking  ] GC(36) Concurrent Clear Claimed Marks 1.305ms
[2022-09-06T02:30:20.032+0000][7][gc,marking  ] GC(36) Concurrent Scan Root Regions
[2022-09-06T02:30:20.039+0000][7][gc,marking  ] GC(36) Concurrent Scan Root Regions 6.665ms
[2022-09-06T02:30:20.039+0000][7][gc,marking  ] GC(36) Concurrent Mark (1171.417s)
[2022-09-06T02:30:20.040+0000][7][gc,marking  ] GC(36) Concurrent Mark From Roots
[2022-09-06T02:30:20.040+0000][7][gc,task     ] GC(36) Using 2 workers of 2 for marking
[2022-09-06T02:30:20.109+0000][7][gc,marking  ] GC(36) Concurrent Mark From Roots 68.910ms
[2022-09-06T02:30:20.109+0000][7][gc,marking  ] GC(36) Concurrent Preclean
[2022-09-06T02:30:20.109+0000][7][gc,marking  ] GC(36) Concurrent Preclean 0.414ms
[2022-09-06T02:30:20.110+0000][7][gc,marking  ] GC(36) Concurrent Mark (1171.417s, 1171.488s) 70.267ms
[2022-09-06T02:30:20.110+0000][7][gc,start    ] GC(36) Pause Remark
[2022-09-06T02:30:20.117+0000][7][gc          ] GC(36) Pause Remark 94M->94M(256M) 6.167ms
[2022-09-06T02:30:20.117+0000][7][gc,cpu      ] GC(36) User=0.02s Sys=0.00s Real=0.01s
[2022-09-06T02:30:20.117+0000][7][safepoint   ] Safepoint "G1Concurrent", Time since last: 79533801 ns, Reaching safepoint: 273353 ns, At safepoint: 7040803 ns, Total: 7314156 ns
[2022-09-06T02:30:20.118+0000][7][gc,marking  ] GC(36) Concurrent Rebuild Remembered Sets
[2022-09-06T02:30:20.164+0000][7][gc,marking  ] GC(36) Concurrent Rebuild Remembered Sets 46.158ms
[2022-09-06T02:30:20.165+0000][7][gc,start    ] GC(36) Pause Cleanup
[2022-09-06T02:30:20.165+0000][7][gc          ] GC(36) Pause Cleanup 94M->94M(256M) 0.494ms
[2022-09-06T02:30:20.165+0000][7][gc,cpu      ] GC(36) User=0.00s Sys=0.00s Real=0.00s
[2022-09-06T02:30:20.166+0000][7][safepoint   ] Safepoint "G1Concurrent", Time since last: 47026024 ns, Reaching safepoint: 206597 ns, At safepoint: 1061963 ns, Total: 1268560 ns
[2022-09-06T02:30:20.166+0000][7][gc,marking  ] GC(36) Concurrent Cleanup for Next Mark
[2022-09-06T02:30:20.167+0000][7][gc,marking  ] GC(36) Concurrent Cleanup for Next Mark 0.691ms
[2022-09-06T02:30:20.167+0000][7][gc          ] GC(36) Concurrent Cycle 136.554ms
[2022-09-06T02:30:23.166+0000][7][safepoint   ] Safepoint "Cleanup", Time since last: 3000585286 ns, Reaching safepoint: 203141 ns, At safepoint: 7254 ns, Total: 210395 ns
[2022-09-06T02:30:33.169+0000][7][safepoint   ] Safepoint "Cleanup", Time since last: 10001889260 ns, Reaching safepoint: 325742 ns, At safepoint: 36689 ns, Total: 362431 ns
[2022-09-06T02:30:36.170+0000][7][safepoint   ] Safepoint "Cleanup", Time since last: 3000695402 ns, Reaching safepoint: 194635 ns, At safepoint: 34425 ns, Total: 229060 ns
[2022-09-06T02:30:39.171+0000][7][safepoint   ] Safepoint "Cleanup", Time since last: 3000674302 ns, Reaching safepoint: 329388 ns, At safepoint: 38602 ns, Total: 367990 ns
[2022-09-06T02:30:53.174+0000][7][safepoint   ] Safepoint "Cleanup", Time since last: 14002581009 ns, Reaching safepoint: 197741 ns, At safepoint: 13155 ns, Total: 210896 ns
[2022-09-06T02:31:03.176+0000][7][safepoint   ] Safepoint "Cleanup", Time since last: 10001983457 ns, Reaching safepoint: 200246 ns, At safepoint: 5830 ns, Total: 206076 ns
[2022-09-06T02:31:05.177+0000][7][safepoint   ] Safepoint "Cleanup", Time since last: 2000703455 ns, Reaching safepoint: 174117 ns, At safepoint: 8166 ns, Total: 182283 ns
[2022-09-06T02:31:07.177+0000][7][safepoint   ] Safepoint "Cleanup", Time since last: 2000457533 ns, Reaching safepoint: 196218 ns, At safepoint: 43983 ns, Total: 240201 ns
[2022-09-06T02:31:09.179+0000][7][safepoint   ] Safepoint "Cleanup", Time since last: 2001437953 ns, Reaching safepoint: 254358 ns, At safepoint: 12463 ns, Total: 266821 ns
[2022-09-06T02:31:13.181+0000][7][safepoint   ] Safepoint "Cleanup", Time since last: 4001036816 ns, Reaching safepoint: 175930 ns, At safepoint: 11181 ns, Total: 187111 ns
[2022-09-06T02:31:18.182+0000][7][safepoint   ] Safepoint "Cleanup", Time since last: 5001008194 ns, Reaching safepoint: 203723 ns, At safepoint: 37781 ns, Total: 241504 ns
[2022-09-06T02:31:23.183+0000][7][safepoint   ] Safepoint "Cleanup", Time since last: 5001128760 ns, Reaching safepoint: 364484 ns, At safepoint: 41167 ns, Total: 405651 ns
[2022-09-06T02:31:24.184+0000][7][safepoint   ] Safepoint "Cleanup", Time since last: 1000567598 ns, Reaching safepoint: 279124 ns, At safepoint: 37190 ns, Total: 316314 ns
[2022-09-06T02:31:30.186+0000][7][safepoint   ] Safepoint "Cleanup", Time since last: 6001107543 ns, Reaching safepoint: 333486 ns, At safepoint: 41408 ns, Total: 374894 ns
[2022-09-06T02:31:31.187+0000][7][safepoint   ] Safepoint "Cleanup", Time since last: 1000603214 ns, Reaching safepoint: 213200 ns, At safepoint: 36088 ns, Total: 249288 ns
[2022-09-06T02:31:33.187+0000][7][safepoint   ] Safepoint "Cleanup", Time since last: 2000713835 ns, Reaching safepoint: 172483 ns, At safepoint: 32441 ns, Total: 204924 ns
[2022-09-06T02:31:36.188+0000][7][safepoint   ] Safepoint "Cleanup", Time since last: 3000786574 ns, Reaching safepoint: 205716 ns, At safepoint: 10790 ns, Total: 216506 ns
[2022-09-06T02:31:38.189+0000][7][safepoint   ] Safepoint "Cleanup", Time since last: 2000681614 ns, Reaching safepoint: 168617 ns, At safepoint: 11331 ns, Total: 179948 ns
[2022-09-06T02:31:39.190+0000][7][safepoint   ] Safepoint "Cleanup", Time since last: 1000487947 ns, Reaching safepoint: 252875 ns, At safepoint: 39263 ns, Total: 292138 ns
[2022-09-06T02:31:53.192+0000][7][safepoint   ] Safepoint "Cleanup", Time since last: 14002235551 ns, Reaching safepoint: 249869 ns, At safepoint: 36999 ns, Total: 286868 ns
[2022-09-06T02:31:54.193+0000][7][safepoint   ] Safepoint "Cleanup", Time since last: 1000559953 ns, Reaching safepoint: 299623 ns, At safepoint: 38382 ns, Total: 338005 ns
[2022-09-06T02:32:10.197+0000][7][safepoint   ] Safepoint "Cleanup", Time since last: 16002797509 ns, Reaching safepoint: 332173 ns, At safepoint: 71244 ns, Total: 403417 ns
[2022-09-06T02:32:11.198+0000][7][safepoint   ] Safepoint "Cleanup", Time since last: 1000590931 ns, Reaching safepoint: 267913 ns, At safepoint: 47690 ns, Total: 315603 ns
[2022-09-06T02:32:23.200+0000][7][safepoint   ] Safepoint "Cleanup", Time since last: 12001882662 ns, Reaching safepoint: 217458 ns, At safepoint: 32632 ns, Total: 250090 ns
[2022-09-06T02:32:25.201+0000][7][safepoint   ] Safepoint "Cleanup", Time since last: 2000727670 ns, Reaching safepoint: 171151 ns, At safepoint: 8185 ns, Total: 179336 ns
[2022-09-06T02:32:28.202+0000][7][safepoint   ] Safepoint "Cleanup", Time since last: 3000783218 ns, Reaching safepoint: 218801 ns, At safepoint: 42349 ns, Total: 261150 ns
[2022-09-06T02:32:33.203+0000][7][safepoint   ] Safepoint "Cleanup", Time since last: 5000964933 ns, Reaching safepoint: 203402 ns, At safepoint: 4639 ns, Total: 208041 ns
[2022-09-06T02:32:39.198+0000][7][safepoint   ] Safepoint "Cleanup", Time since last: 6001146837 ns, Reaching safepoint: 181531 ns, At safepoint: 8425 ns, Total: 189956 ns
[2022-09-06T02:32:40.200+0000][7][safepoint   ] Safepoint "Cleanup", Time since last: 1001354194 ns, Reaching safepoint: 162365 ns, At safepoint: 12012 ns, Total: 174377 ns
[2022-09-06T02:32:43.201+0000][7][safepoint   ] Safepoint "Cleanup", Time since last: 3000813404 ns, Reaching safepoint: 205055 ns, At safepoint: 32201 ns, Total: 237256 ns
[2022-09-06T02:32:48.202+0000][7][safepoint   ] Safepoint "Cleanup", Time since last: 5000965885 ns, Reaching safepoint: 172183 ns, At safepoint: 8075 ns, Total: 180258 ns
[2022-09-06T02:32:49.203+0000][7][safepoint   ] Safepoint "Cleanup", Time since last: 1000552619 ns, Reaching safepoint: 281399 ns, At safepoint: 40826 ns, Total: 322225 ns
[2022-09-06T02:32:50.204+0000][7][safepoint   ] Safepoint "Cleanup", Time since last: 1000544955 ns, Reaching safepoint: 201769 ns, At safepoint: 33433 ns, Total: 235202 ns
[2022-09-06T02:32:52.757+0000][7][gc,start    ] GC(37) Pause Young (Normal) (G1 Evacuation Pause)
[2022-09-06T02:32:52.757+0000][7][gc,task     ] GC(37) Using 6 workers of 6 for evacuation
[2022-09-06T02:32:52.758+0000][7][gc,age      ] GC(37) Desired survivor size 8388608 bytes, new threshold 15 (max threshold 15)
[2022-09-06T02:32:52.768+0000][7][gc,age      ] GC(37) Age table with threshold 15 (max threshold 15)
[2022-09-06T02:32:52.768+0000][7][gc,age      ] GC(37) - age   1:     132488 bytes,     132488 total
[2022-09-06T02:32:52.768+0000][7][gc,age      ] GC(37) - age   2:      13600 bytes,     146088 total
[2022-09-06T02:32:52.769+0000][7][gc,age      ] GC(37) - age   3:     245416 bytes,     391504 total
[2022-09-06T02:32:52.769+0000][7][gc,age      ] GC(37) - age   4:     752680 bytes,    1144184 total
[2022-09-06T02:32:52.769+0000][7][gc,age      ] GC(37) - age   5:      52720 bytes,    1196904 total
[2022-09-06T02:32:52.770+0000][7][gc,age      ] GC(37) - age   6:      69616 bytes,    1266520 total
[2022-09-06T02:32:52.770+0000][7][gc,age      ] GC(37) - age   7:      63672 bytes,    1330192 total
[2022-09-06T02:32:52.770+0000][7][gc,age      ] GC(37) - age   8:     646672 bytes,    1976864 total
[2022-09-06T02:32:52.771+0000][7][gc,age      ] GC(37) - age   9:    4766792 bytes,    6743656 total
[2022-09-06T02:32:52.771+0000][7][gc,phases   ] GC(37)   Pre Evacuate Collection Set: 0.3ms
[2022-09-06T02:32:52.771+0000][7][gc,phases   ] GC(37)   Merge Heap Roots: 0.2ms
[2022-09-06T02:32:52.772+0000][7][gc,phases   ] GC(37)   Evacuate Collection Set: 6.9ms
[2022-09-06T02:32:52.772+0000][7][gc,phases   ] GC(37)   Post Evacuate Collection Set: 2.0ms
[2022-09-06T02:32:52.772+0000][7][gc,phases   ] GC(37)   Other: 4.7ms
[2022-09-06T02:32:52.773+0000][7][gc,heap     ] GC(37) Eden regions: 27->0(27)
[2022-09-06T02:32:52.773+0000][7][gc,heap     ] GC(37) Survivor regions: 2->2(4)
[2022-09-06T02:32:52.773+0000][7][gc,heap     ] GC(37) Old regions: 19->19
[2022-09-06T02:32:52.774+0000][7][gc,heap     ] GC(37) Archive regions: 2->2
[2022-09-06T02:32:52.774+0000][7][gc,heap     ] GC(37) Humongous regions: 2->2
[2022-09-06T02:32:52.774+0000][7][gc,metaspace] GC(37) Metaspace: 97439K(101888K)->97439K(101888K) NonClass: 84528K(87808K)->84528K(87808K) Class: 12910K(14080K)->12910K(14080K)
[2022-09-06T02:32:52.775+0000][7][gc          ] GC(37) Pause Young (Normal) (G1 Evacuation Pause) 199M->91M(256M) 17.497ms
[2022-09-06T02:32:52.775+0000][7][gc,cpu      ] GC(37) User=0.04s Sys=0.00s Real=0.01s
[2022-09-06T02:32:52.775+0000][7][safepoint   ] Safepoint "G1CollectForAllocation", Time since last: 2552943399 ns, Reaching safepoint: 221306 ns, At safepoint: 18358373 ns, Total: 18579679 ns
[2022-09-06T02:32:53.776+0000][7][safepoint   ] Safepoint "Cleanup", Time since last: 1000481736 ns, Reaching safepoint: 272392 ns, At safepoint: 72556 ns, Total: 344948 ns
[2022-09-06T02:33:02.778+0000][7][safepoint   ] Safepoint "Cleanup", Time since last: 9001684333 ns, Reaching safepoint: 485831 ns, At safepoint: 7645 ns, Total: 493476 ns
[2022-09-06T02:33:08.787+0000][7][safepoint   ] Safepoint "Cleanup", Time since last: 6002784280 ns, Reaching safepoint: 261160 ns, At safepoint: 41718 ns, Total: 302878 ns
[2022-09-06T02:33:09.788+0000][7][safepoint   ] Safepoint "Cleanup", Time since last: 1000747786 ns, Reaching safepoint: 293551 ns, At safepoint: 74510 ns, Total: 368061 ns
[2022-09-06T02:33:14.790+0000][7][safepoint   ] Safepoint "Cleanup", Time since last: 5001138659 ns, Reaching safepoint: 186640 ns, At safepoint: 4088 ns, Total: 190728 ns
[2022-09-06T02:33:22.792+0000][7][safepoint   ] Safepoint "Cleanup", Time since last: 8002121351 ns, Reaching safepoint: 260509 ns, At safepoint: 13545 ns, Total: 274054 ns
[2022-09-06T02:33:32.794+0000][7][safepoint   ] Safepoint "Cleanup", Time since last: 10001429638 ns, Reaching safepoint: 203051 ns, At safepoint: 10710 ns, Total: 213761 ns
[2022-09-06T02:33:36.795+0000][7][safepoint   ] Safepoint "Cleanup", Time since last: 4000937710 ns, Reaching safepoint: 198893 ns, At safepoint: 34565 ns, Total: 233458 ns
[2022-09-06T02:33:38.796+0000][7][safepoint   ] Safepoint "Cleanup", Time since last: 2000701952 ns, Reaching safepoint: 312596 ns, At safepoint: 40677 ns, Total: 353273 ns
[2022-09-06T02:33:42.797+0000][7][safepoint   ] Safepoint "Cleanup", Time since last: 4000970250 ns, Reaching safepoint: 279725 ns, At safepoint: 38332 ns, Total: 318057 ns
[2022-09-06T02:33:49.798+0000][7][safepoint   ] Safepoint "Cleanup", Time since last: 7001246397 ns, Reaching safepoint: 255369 ns, At safepoint: 12714 ns, Total: 268083 ns
[2022-09-06T02:33:52.800+0000][7][safepoint   ] Safepoint "Cleanup", Time since last: 3000885208 ns, Reaching safepoint: 246483 ns, At safepoint: 37971 ns, Total: 284454 ns
[2022-09-06T02:34:05.802+0000][7][safepoint   ] Safepoint "Cleanup", Time since last: 13001975971 ns, Reaching safepoint: 249027 ns, At safepoint: 37300 ns, Total: 286327 ns
[2022-09-06T02:34:12.803+0000][7][safepoint   ] Safepoint "Cleanup", Time since last: 7001330204 ns, Reaching safepoint: 185397 ns, At safepoint: 8296 ns, Total: 193693 ns
[2022-09-06T02:34:13.805+0000][7][safepoint   ] Safepoint "Cleanup", Time since last: 1001597190 ns, Reaching safepoint: 194946 ns, At safepoint: 5049 ns, Total: 199995 ns
[2022-09-06T02:34:20.808+0000][7][safepoint   ] Safepoint "Cleanup", Time since last: 7002337835 ns, Reaching safepoint: 186329 ns, At safepoint: 38563 ns, Total: 224892 ns
[2022-09-06T02:34:22.809+0000][7][safepoint   ] Safepoint "Cleanup", Time since last: 2001264498 ns, Reaching safepoint: 196729 ns, At safepoint: 3978 ns, Total: 200707 ns
[2022-09-06T02:34:23.814+0000][7][safepoint   ] Safepoint "Cleanup", Time since last: 1004281497 ns, Reaching safepoint: 237546 ns, At safepoint: 40496 ns, Total: 278042 ns
[2022-09-06T02:34:24.814+0000][7][safepoint   ] Safepoint "Cleanup", Time since last: 1000403720 ns, Reaching safepoint: 201028 ns, At safepoint: 3907 ns, Total: 204935 ns
[2022-09-06T02:34:29.816+0000][7][safepoint   ] Safepoint "Cleanup", Time since last: 5001162814 ns, Reaching safepoint: 380494 ns, At safepoint: 52950 ns, Total: 433444 ns
[2022-09-06T02:34:32.817+0000][7][safepoint   ] Safepoint "Cleanup", Time since last: 3000853379 ns, Reaching safepoint: 203412 ns, At safepoint: 4147 ns, Total: 207559 ns
[2022-09-06T02:34:38.819+0000][7][safepoint   ] Safepoint "Cleanup", Time since last: 6001584468 ns, Reaching safepoint: 250109 ns, At safepoint: 43863 ns, Total: 293972 ns
[2022-09-06T02:34:47.821+0000][7][safepoint   ] Safepoint "Cleanup", Time since last: 9001578123 ns, Reaching safepoint: 267603 ns, At safepoint: 14577 ns, Total: 282180 ns
[2022-09-06T02:35:03.823+0000][7][safepoint   ] Safepoint "Cleanup", Time since last: 16002459375 ns, Reaching safepoint: 216587 ns, At safepoint: 40175 ns, Total: 256762 ns
[2022-09-06T02:35:05.824+0000][7][safepoint   ] Safepoint "Cleanup", Time since last: 2000684379 ns, Reaching safepoint: 174928 ns, At safepoint: 7835 ns, Total: 182763 ns
[2022-09-06T02:35:08.825+0000][7][safepoint   ] Safepoint "Cleanup", Time since last: 3000822391 ns, Reaching safepoint: 259447 ns, At safepoint: 40466 ns, Total: 299913 ns
[2022-09-06T02:35:09.826+0000][7][safepoint   ] Safepoint "Cleanup", Time since last: 1000570753 ns, Reaching safepoint: 326373 ns, At safepoint: 38422 ns, Total: 364795 ns
[2022-09-06T02:35:10.827+0000][7][safepoint   ] Safepoint "Cleanup", Time since last: 1000566315 ns, Reaching safepoint: 179247 ns, At safepoint: 7824 ns, Total: 187071 ns
[2022-09-06T02:35:11.828+0000][7][safepoint   ] Safepoint "Cleanup", Time since last: 1000568249 ns, Reaching safepoint: 259938 ns, At safepoint: 38482 ns, Total: 298420 ns
[2022-09-06T02:35:17.829+0000][7][safepoint   ] Safepoint "Cleanup", Time since last: 6001120698 ns, Reaching safepoint: 327605 ns, At safepoint: 37981 ns, Total: 365586 ns
[2022-09-06T02:35:22.831+0000][7][safepoint   ] Safepoint "Cleanup", Time since last: 5000905171 ns, Reaching safepoint: 214182 ns, At safepoint: 6934 ns, Total: 221116 ns
[2022-09-06T02:35:32.842+0000][7][safepoint   ] Safepoint "Cleanup", Time since last: 10010990310 ns, Reaching safepoint: 267522 ns, At safepoint: 43351 ns, Total: 310873 ns
[2022-09-06T02:35:33.843+0000][7][safepoint   ] Safepoint "Cleanup", Time since last: 1000787650 ns, Reaching safepoint: 618211 ns, At safepoint: 70903 ns, Total: 689114 ns
[2022-09-06T02:35:38.845+0000][7][safepoint   ] Safepoint "Cleanup", Time since last: 5001231613 ns, Reaching safepoint: 216947 ns, At safepoint: 35417 ns, Total: 252364 ns
[2022-09-06T02:35:39.845+0000][7][safepoint   ] Safepoint "Cleanup", Time since last: 1000518055 ns, Reaching safepoint: 175349 ns, At safepoint: 8486 ns, Total: 183835 ns
[2022-09-06T02:35:52.763+0000][7][gc,start    ] GC(38) Pause Young (Concurrent Start) (G1 Evacuation Pause)
[2022-09-06T02:35:52.763+0000][7][gc,task     ] GC(38) Using 6 workers of 6 for evacuation
[2022-09-06T02:35:52.764+0000][7][gc,age      ] GC(38) Desired survivor size 8388608 bytes, new threshold 15 (max threshold 15)
[2022-09-06T02:35:52.774+0000][7][gc,age      ] GC(38) Age table with threshold 15 (max threshold 15)
[2022-09-06T02:35:52.774+0000][7][gc,age      ] GC(38) - age   1:     149128 bytes,     149128 total
[2022-09-06T02:35:52.774+0000][7][gc,age      ] GC(38) - age   2:      49752 bytes,     198880 total
[2022-09-06T02:35:52.775+0000][7][gc,age      ] GC(38) - age   3:      12656 bytes,     211536 total
[2022-09-06T02:35:52.775+0000][7][gc,age      ] GC(38) - age   4:     245216 bytes,     456752 total
[2022-09-06T02:35:52.775+0000][7][gc,age      ] GC(38) - age   5:     752320 bytes,    1209072 total
[2022-09-06T02:35:52.776+0000][7][gc,age      ] GC(38) - age   6:      52640 bytes,    1261712 total
[2022-09-06T02:35:52.776+0000][7][gc,age      ] GC(38) - age   7:      69616 bytes,    1331328 total
[2022-09-06T02:35:52.776+0000][7][gc,age      ] GC(38) - age   8:      62992 bytes,    1394320 total
[2022-09-06T02:35:52.777+0000][7][gc,age      ] GC(38) - age   9:     646584 bytes,    2040904 total
[2022-09-06T02:35:52.777+0000][7][gc,age      ] GC(38) - age  10:    4766320 bytes,    6807224 total
[2022-09-06T02:35:52.777+0000][7][gc,phases   ] GC(38)   Pre Evacuate Collection Set: 0.3ms
[2022-09-06T02:35:52.778+0000][7][gc,phases   ] GC(38)   Merge Heap Roots: 0.1ms
[2022-09-06T02:35:52.778+0000][7][gc,phases   ] GC(38)   Evacuate Collection Set: 7.4ms
[2022-09-06T02:35:52.778+0000][7][gc,phases   ] GC(38)   Post Evacuate Collection Set: 1.7ms
[2022-09-06T02:35:52.779+0000][7][gc,phases   ] GC(38)   Other: 5.0ms
[2022-09-06T02:35:52.779+0000][7][gc,heap     ] GC(38) Eden regions: 27->0(27)
[2022-09-06T02:35:52.779+0000][7][gc,heap     ] GC(38) Survivor regions: 2->2(4)
[2022-09-06T02:35:52.779+0000][7][gc,heap     ] GC(38) Old regions: 19->19
[2022-09-06T02:35:52.780+0000][7][gc,heap     ] GC(38) Archive regions: 2->2
[2022-09-06T02:35:52.780+0000][7][gc,heap     ] GC(38) Humongous regions: 2->2
[2022-09-06T02:35:52.781+0000][7][gc,metaspace] GC(38) Metaspace: 97555K(101888K)->97555K(101888K) NonClass: 84642K(87808K)->84642K(87808K) Class: 12912K(14080K)->12912K(14080K)
[2022-09-06T02:35:52.781+0000][7][gc          ] GC(38) Pause Young (Concurrent Start) (G1 Evacuation Pause) 199M->91M(256M) 18.022ms
[2022-09-06T02:35:52.781+0000][7][gc,cpu      ] GC(38) User=0.04s Sys=0.00s Real=0.01s
[2022-09-06T02:35:52.781+0000][7][gc          ] GC(39) Concurrent Cycle
[2022-09-06T02:35:52.782+0000][7][gc,marking  ] GC(39) Concurrent Clear Claimed Marks
[2022-09-06T02:35:52.782+0000][7][safepoint   ] Safepoint "G1CollectForAllocation", Time since last: 12917055952 ns, Reaching safepoint: 332714 ns, At safepoint: 18842451 ns, Total: 19175165 ns
[2022-09-06T02:35:52.782+0000][7][gc,marking  ] GC(39) Concurrent Clear Claimed Marks 0.463ms
[2022-09-06T02:35:52.783+0000][7][gc,marking  ] GC(39) Concurrent Scan Root Regions
[2022-09-06T02:35:52.788+0000][7][gc,marking  ] GC(39) Concurrent Scan Root Regions 5.253ms
[2022-09-06T02:35:52.789+0000][7][gc,marking  ] GC(39) Concurrent Mark (1504.167s)
[2022-09-06T02:35:52.789+0000][7][gc,marking  ] GC(39) Concurrent Mark From Roots
[2022-09-06T02:35:52.789+0000][7][gc,task     ] GC(39) Using 2 workers of 2 for marking
[2022-09-06T02:35:52.868+0000][7][gc,marking  ] GC(39) Concurrent Mark From Roots 78.424ms
[2022-09-06T02:35:52.868+0000][7][gc,marking  ] GC(39) Concurrent Preclean
[2022-09-06T02:35:52.868+0000][7][gc,marking  ] GC(39) Concurrent Preclean 0.460ms
[2022-09-06T02:35:52.869+0000][7][gc,marking  ] GC(39) Concurrent Mark (1504.167s, 1504.247s) 79.882ms
[2022-09-06T02:35:52.869+0000][7][gc,start    ] GC(39) Pause Remark
[2022-09-06T02:35:52.875+0000][7][gc          ] GC(39) Pause Remark 96M->96M(256M) 5.349ms
[2022-09-06T02:35:52.875+0000][7][gc,cpu      ] GC(39) User=0.03s Sys=0.00s Real=0.01s
[2022-09-06T02:35:52.875+0000][7][safepoint   ] Safepoint "G1Concurrent", Time since last: 87413679 ns, Reaching safepoint: 256511 ns, At safepoint: 6121899 ns, Total: 6378410 ns
[2022-09-06T02:35:52.876+0000][7][gc,marking  ] GC(39) Concurrent Rebuild Remembered Sets
[2022-09-06T02:35:52.922+0000][7][gc,marking  ] GC(39) Concurrent Rebuild Remembered Sets 45.993ms
[2022-09-06T02:35:52.922+0000][7][gc,start    ] GC(39) Pause Cleanup
[2022-09-06T02:35:52.923+0000][7][gc          ] GC(39) Pause Cleanup 97M->97M(256M) 0.587ms
[2022-09-06T02:35:52.923+0000][7][gc,cpu      ] GC(39) User=0.01s Sys=0.00s Real=0.00s
[2022-09-06T02:35:52.924+0000][7][safepoint   ] Safepoint "G1Concurrent", Time since last: 46764142 ns, Reaching safepoint: 257764 ns, At safepoint: 1374159 ns, Total: 1631923 ns
[2022-09-06T02:35:52.924+0000][7][gc,marking  ] GC(39) Concurrent Cleanup for Next Mark
[2022-09-06T02:35:52.925+0000][7][gc,marking  ] GC(39) Concurrent Cleanup for Next Mark 1.155ms
[2022-09-06T02:35:52.926+0000][7][gc          ] GC(39) Concurrent Cycle 144.466ms
[2022-09-06T02:35:54.925+0000][7][safepoint   ] Safepoint "Cleanup", Time since last: 2000601413 ns, Reaching safepoint: 457579 ns, At safepoint: 49333 ns, Total: 506912 ns
[2022-09-06T02:36:03.927+0000][7][safepoint   ] Safepoint "Cleanup", Time since last: 9001932859 ns, Reaching safepoint: 197772 ns, At safepoint: 36608 ns, Total: 234380 ns
[2022-09-06T02:36:04.928+0000][7][safepoint   ] Safepoint "Cleanup", Time since last: 1000906163 ns, Reaching safepoint: 262233 ns, At safepoint: 40014 ns, Total: 302247 ns
[2022-09-06T02:36:09.930+0000][7][safepoint   ] Safepoint "Cleanup", Time since last: 5001055563 ns, Reaching safepoint: 342412 ns, At safepoint: 62027 ns, Total: 404439 ns
[2022-09-06T02:36:16.932+0000][7][safepoint   ] Safepoint "Cleanup", Time since last: 7001358867 ns, Reaching safepoint: 254358 ns, At safepoint: 39263 ns, Total: 293621 ns
[2022-09-06T02:36:18.933+0000][7][safepoint   ] Safepoint "Cleanup", Time since last: 2000795288 ns, Reaching safepoint: 221004 ns, At safepoint: 8667 ns, Total: 229671 ns
[2022-09-06T02:36:22.935+0000][7][safepoint   ] Safepoint "Cleanup", Time since last: 4001438409 ns, Reaching safepoint: 422723 ns, At safepoint: 64251 ns, Total: 486974 ns
[2022-09-06T02:36:30.937+0000][7][safepoint   ] Safepoint "Cleanup", Time since last: 8001816499 ns, Reaching safepoint: 383319 ns, At safepoint: 148499 ns, Total: 531818 ns
[2022-09-06T02:36:52.941+0000][7][safepoint   ] Safepoint "Cleanup", Time since last: 22003435963 ns, Reaching safepoint: 273613 ns, At safepoint: 131397 ns, Total: 405010 ns
[2022-09-06T02:37:02.943+0000][7][safepoint   ] Safepoint "Cleanup", Time since last: 10001766790 ns, Reaching safepoint: 395132 ns, At safepoint: 58750 ns, Total: 453882 ns
[2022-09-06T02:37:08.945+0000][7][safepoint   ] Safepoint "Cleanup", Time since last: 6001152327 ns, Reaching safepoint: 289173 ns, At safepoint: 64481 ns, Total: 353654 ns
[2022-09-06T02:37:19.947+0000][7][safepoint   ] Safepoint "Cleanup", Time since last: 11002185248 ns, Reaching safepoint: 261010 ns, At safepoint: 42990 ns, Total: 304000 ns
[2022-09-06T02:37:38.950+0000][7][safepoint   ] Safepoint "Cleanup", Time since last: 19003109332 ns, Reaching safepoint: 183314 ns, At safepoint: 8366 ns, Total: 191680 ns
[2022-09-06T02:37:52.952+0000][7][safepoint   ] Safepoint "Cleanup", Time since last: 14002079377 ns, Reaching safepoint: 263294 ns, At safepoint: 36208 ns, Total: 299502 ns
[2022-09-06T02:38:08.955+0000][7][safepoint   ] Safepoint "Cleanup", Time since last: 16002399993 ns, Reaching safepoint: 225263 ns, At safepoint: 39534 ns, Total: 264797 ns
[2022-09-06T02:38:13.956+0000][7][safepoint   ] Safepoint "Cleanup", Time since last: 5000900732 ns, Reaching safepoint: 214944 ns, At safepoint: 41348 ns, Total: 256292 ns
[2022-09-06T02:38:18.958+0000][7][safepoint   ] Safepoint "Cleanup", Time since last: 5001179466 ns, Reaching safepoint: 313187 ns, At safepoint: 42921 ns, Total: 356108 ns
[2022-09-06T02:38:19.959+0000][7][safepoint   ] Safepoint "Cleanup", Time since last: 1000683365 ns, Reaching safepoint: 392958 ns, At safepoint: 62727 ns, Total: 455685 ns
[2022-09-06T02:38:22.961+0000][7][safepoint   ] Safepoint "Cleanup", Time since last: 3001069655 ns, Reaching safepoint: 272992 ns, At safepoint: 88967 ns, Total: 361959 ns
[2022-09-06T02:38:28.962+0000][7][safepoint   ] Safepoint "Cleanup", Time since last: 6001371359 ns, Reaching safepoint: 342102 ns, At safepoint: 45124 ns, Total: 387226 ns
[2022-09-06T02:38:30.963+0000][7][safepoint   ] Safepoint "Cleanup", Time since last: 2000460840 ns, Reaching safepoint: 318458 ns, At safepoint: 9768 ns, Total: 328226 ns
[2022-09-06T02:38:32.947+0000][7][safepoint   ] Safepoint "Cleanup", Time since last: 1983652977 ns, Reaching safepoint: 351059 ns, At safepoint: 62316 ns, Total: 413375 ns
[2022-09-06T02:38:33.977+0000][7][safepoint   ] Safepoint "Cleanup", Time since last: 1029250667 ns, Reaching safepoint: 361278 ns, At safepoint: 34145 ns, Total: 395423 ns
[2022-09-06T02:38:39.978+0000][7][safepoint   ] Safepoint "Cleanup", Time since last: 6001181621 ns, Reaching safepoint: 272441 ns, At safepoint: 39274 ns, Total: 311715 ns
[2022-09-06T02:38:52.748+0000][7][gc,start    ] GC(40) Pause Young (Normal) (G1 Evacuation Pause)
[2022-09-06T02:38:52.749+0000][7][gc,task     ] GC(40) Using 6 workers of 6 for evacuation
[2022-09-06T02:38:52.749+0000][7][gc,age      ] GC(40) Desired survivor size 8388608 bytes, new threshold 15 (max threshold 15)
[2022-09-06T02:38:52.759+0000][7][gc,age      ] GC(40) Age table with threshold 15 (max threshold 15)
[2022-09-06T02:38:52.760+0000][7][gc,age      ] GC(40) - age   1:      33840 bytes,      33840 total
[2022-09-06T02:38:52.760+0000][7][gc,age      ] GC(40) - age   2:       7512 bytes,      41352 total
[2022-09-06T02:38:52.760+0000][7][gc,age      ] GC(40) - age   3:      20312 bytes,      61664 total
[2022-09-06T02:38:52.761+0000][7][gc,age      ] GC(40) - age   4:      12656 bytes,      74320 total
[2022-09-06T02:38:52.761+0000][7][gc,age      ] GC(40) - age   5:     229064 bytes,     303384 total
[2022-09-06T02:38:52.762+0000][7][gc,age      ] GC(40) - age   6:     752080 bytes,    1055464 total
[2022-09-06T02:38:52.762+0000][7][gc,age      ] GC(40) - age   7:      52592 bytes,    1108056 total
[2022-09-06T02:38:52.762+0000][7][gc,age      ] GC(40) - age   8:      69552 bytes,    1177608 total
[2022-09-06T02:38:52.763+0000][7][gc,age      ] GC(40) - age   9:      62992 bytes,    1240600 total
[2022-09-06T02:38:52.763+0000][7][gc,age      ] GC(40) - age  10:     646584 bytes,    1887184 total
[2022-09-06T02:38:52.764+0000][7][gc,age      ] GC(40) - age  11:    4766320 bytes,    6653504 total
[2022-09-06T02:38:52.764+0000][7][gc,phases   ] GC(40)   Pre Evacuate Collection Set: 0.3ms
[2022-09-06T02:38:52.764+0000][7][gc,phases   ] GC(40)   Merge Heap Roots: 0.3ms
[2022-09-06T02:38:52.765+0000][7][gc,phases   ] GC(40)   Evacuate Collection Set: 7.1ms
[2022-09-06T02:38:52.765+0000][7][gc,phases   ] GC(40)   Post Evacuate Collection Set: 2.1ms
[2022-09-06T02:38:52.765+0000][7][gc,phases   ] GC(40)   Other: 6.1ms
[2022-09-06T02:38:52.766+0000][7][gc,heap     ] GC(40) Eden regions: 27->0(27)
[2022-09-06T02:38:52.766+0000][7][gc,heap     ] GC(40) Survivor regions: 2->2(4)
[2022-09-06T02:38:52.766+0000][7][gc,heap     ] GC(40) Old regions: 19->19
[2022-09-06T02:38:52.767+0000][7][gc,heap     ] GC(40) Archive regions: 2->2
[2022-09-06T02:38:52.767+0000][7][gc,heap     ] GC(40) Humongous regions: 2->2
[2022-09-06T02:38:52.767+0000][7][gc,metaspace] GC(40) Metaspace: 97663K(102144K)->97663K(102144K) NonClass: 84751K(88064K)->84751K(88064K) Class: 12912K(14080K)->12912K(14080K)
[2022-09-06T02:38:52.768+0000][7][gc          ] GC(40) Pause Young (Normal) (G1 Evacuation Pause) 199M->91M(256M) 19.451ms
[2022-09-06T02:38:52.768+0000][7][gc,cpu      ] GC(40) User=0.04s Sys=0.00s Real=0.02s
[2022-09-06T02:38:52.768+0000][7][safepoint   ] Safepoint "G1CollectForAllocation", Time since last: 12769717943 ns, Reaching safepoint: 247224 ns, At safepoint: 20314795 ns, Total: 20562019 ns
[2022-09-06T02:38:53.769+0000][7][safepoint   ] Safepoint "Cleanup", Time since last: 1000406365 ns, Reaching safepoint: 183384 ns, At safepoint: 34475 ns, Total: 217859 ns
[2022-09-06T02:39:22.775+0000][7][safepoint   ] Safepoint "Cleanup", Time since last: 29005508178 ns, Reaching safepoint: 186019 ns, At safepoint: 4298 ns, Total: 190317 ns
[2022-09-06T02:39:32.777+0000][7][safepoint   ] Safepoint "Cleanup", Time since last: 10001933854 ns, Reaching safepoint: 321844 ns, At safepoint: 46297 ns, Total: 368141 ns
[2022-09-06T02:39:52.781+0000][7][safepoint   ] Safepoint "Cleanup", Time since last: 20003318707 ns, Reaching safepoint: 240031 ns, At safepoint: 44533 ns, Total: 284564 ns
[2022-09-06T02:40:53.790+0000][7][safepoint   ] Safepoint "Cleanup", Time since last: 61008915071 ns, Reaching safepoint: 270388 ns, At safepoint: 52148 ns, Total: 322536 ns
[2022-09-06T02:40:59.792+0000][7][safepoint   ] Safepoint "Cleanup", Time since last: 6001507764 ns, Reaching safepoint: 200617 ns, At safepoint: 14567 ns, Total: 215184 ns
[2022-09-06T02:41:02.793+0000][7][safepoint   ] Safepoint "Cleanup", Time since last: 3001276984 ns, Reaching safepoint: 316424 ns, At safepoint: 35777 ns, Total: 352201 ns
[2022-09-06T02:41:06.794+0000][7][safepoint   ] Safepoint "Cleanup", Time since last: 4000720943 ns, Reaching safepoint: 281568 ns, At safepoint: 12955 ns, Total: 294523 ns
[2022-09-06T02:41:08.796+0000][7][safepoint   ] Safepoint "Cleanup", Time since last: 2001068789 ns, Reaching safepoint: 216417 ns, At safepoint: 38782 ns, Total: 255199 ns
[2022-09-06T02:41:18.798+0000][7][safepoint   ] Safepoint "Cleanup", Time since last: 10001732516 ns, Reaching safepoint: 183715 ns, At safepoint: 4629 ns, Total: 188344 ns
[2022-09-06T02:41:22.802+0000][7][safepoint   ] Safepoint "Cleanup", Time since last: 4003175108 ns, Reaching safepoint: 1161800 ns, At safepoint: 72126 ns, Total: 1233926 ns
[2022-09-06T02:41:30.804+0000][7][safepoint   ] Safepoint "Cleanup", Time since last: 8001311431 ns, Reaching safepoint: 275457 ns, At safepoint: 36589 ns, Total: 312046 ns
[2022-09-06T02:41:32.805+0000][7][safepoint   ] Safepoint "Cleanup", Time since last: 2000665363 ns, Reaching safepoint: 291217 ns, At safepoint: 36258 ns, Total: 327475 ns
[2022-09-06T02:41:38.807+0000][7][safepoint   ] Safepoint "Cleanup", Time since last: 6001230744 ns, Reaching safepoint: 206437 ns, At safepoint: 58890 ns, Total: 265327 ns
[2022-09-06T02:41:48.022+0000][7][gc,start    ] GC(41) Pause Young (Concurrent Start) (G1 Evacuation Pause)
[2022-09-06T02:41:48.023+0000][7][gc,task     ] GC(41) Using 6 workers of 6 for evacuation
[2022-09-06T02:41:48.023+0000][7][gc,age      ] GC(41) Desired survivor size 8388608 bytes, new threshold 15 (max threshold 15)
[2022-09-06T02:41:48.035+0000][7][gc,age      ] GC(41) Age table with threshold 15 (max threshold 15)
[2022-09-06T02:41:48.036+0000][7][gc,age      ] GC(41) - age   1:      19136 bytes,      19136 total
[2022-09-06T02:41:48.036+0000][7][gc,age      ] GC(41) - age   2:       1736 bytes,      20872 total
[2022-09-06T02:41:48.037+0000][7][gc,age      ] GC(41) - age   3:       7512 bytes,      28384 total
[2022-09-06T02:41:48.038+0000][7][gc,age      ] GC(41) - age   4:      19608 bytes,      47992 total
[2022-09-06T02:41:48.038+0000][7][gc,age      ] GC(41) - age   5:      12656 bytes,      60648 total
[2022-09-06T02:41:48.039+0000][7][gc,age      ] GC(41) - age   6:     228832 bytes,     289480 total
[2022-09-06T02:41:48.039+0000][7][gc,age      ] GC(41) - age   7:     751600 bytes,    1041080 total
[2022-09-06T02:41:48.040+0000][7][gc,age      ] GC(41) - age   8:      52592 bytes,    1093672 total
[2022-09-06T02:41:48.040+0000][7][gc,age      ] GC(41) - age   9:      69552 bytes,    1163224 total
[2022-09-06T02:41:48.041+0000][7][gc,age      ] GC(41) - age  10:      62992 bytes,    1226216 total
[2022-09-06T02:41:48.041+0000][7][gc,age      ] GC(41) - age  11:     646584 bytes,    1872800 total
[2022-09-06T02:41:48.041+0000][7][gc,age      ] GC(41) - age  12:    4766320 bytes,    6639120 total
[2022-09-06T02:41:48.042+0000][7][gc,phases   ] GC(41)   Pre Evacuate Collection Set: 0.4ms
[2022-09-06T02:41:48.043+0000][7][gc,phases   ] GC(41)   Merge Heap Roots: 0.1ms
[2022-09-06T02:41:48.043+0000][7][gc,phases   ] GC(41)   Evacuate Collection Set: 8.3ms
[2022-09-06T02:41:48.043+0000][7][gc,phases   ] GC(41)   Post Evacuate Collection Set: 2.8ms
[2022-09-06T02:41:48.044+0000][7][gc,phases   ] GC(41)   Other: 8.0ms
[2022-09-06T02:41:48.044+0000][7][gc,heap     ] GC(41) Eden regions: 27->0(27)
[2022-09-06T02:41:48.044+0000][7][gc,heap     ] GC(41) Survivor regions: 2->2(4)
[2022-09-06T02:41:48.044+0000][7][gc,heap     ] GC(41) Old regions: 19->19
[2022-09-06T02:41:48.045+0000][7][gc,heap     ] GC(41) Archive regions: 2->2
[2022-09-06T02:41:48.045+0000][7][gc,heap     ] GC(41) Humongous regions: 2->2
[2022-09-06T02:41:48.045+0000][7][gc,metaspace] GC(41) Metaspace: 97692K(102144K)->97692K(102144K) NonClass: 84780K(88064K)->84780K(88064K) Class: 12912K(14080K)->12912K(14080K)
[2022-09-06T02:41:48.046+0000][7][gc          ] GC(41) Pause Young (Concurrent Start) (G1 Evacuation Pause) 199M->91M(256M) 23.294ms
[2022-09-06T02:41:48.046+0000][7][gc,cpu      ] GC(41) User=0.04s Sys=0.01s Real=0.03s
[2022-09-06T02:41:48.047+0000][7][gc          ] GC(42) Concurrent Cycle
[2022-09-06T02:41:48.047+0000][7][safepoint   ] Safepoint "G1CollectForAllocation", Time since last: 9215356992 ns, Reaching safepoint: 315021 ns, At safepoint: 25114582 ns, Total: 25429603 ns
[2022-09-06T02:41:48.048+0000][7][gc,marking  ] GC(42) Concurrent Clear Claimed Marks
[2022-09-06T02:41:48.050+0000][7][gc,marking  ] GC(42) Concurrent Clear Claimed Marks 1.605ms
[2022-09-06T02:41:48.050+0000][7][gc,marking  ] GC(42) Concurrent Scan Root Regions
[2022-09-06T02:41:48.056+0000][7][gc,marking  ] GC(42) Concurrent Scan Root Regions 6.436ms
[2022-09-06T02:41:48.059+0000][7][gc,marking  ] GC(42) Concurrent Mark (1859.437s)
[2022-09-06T02:41:48.060+0000][7][gc,marking  ] GC(42) Concurrent Mark From Roots
[2022-09-06T02:41:48.061+0000][7][gc,task     ] GC(42) Using 2 workers of 2 for marking
[2022-09-06T02:41:48.182+0000][7][gc,marking  ] GC(42) Concurrent Mark From Roots 121.790ms
[2022-09-06T02:41:48.182+0000][7][gc,marking  ] GC(42) Concurrent Preclean
[2022-09-06T02:41:48.183+0000][7][gc,marking  ] GC(42) Concurrent Preclean 0.484ms
[2022-09-06T02:41:48.183+0000][7][gc,marking  ] GC(42) Concurrent Mark (1859.437s, 1859.561s) 124.310ms
[2022-09-06T02:41:48.184+0000][7][gc,start    ] GC(42) Pause Remark
[2022-09-06T02:41:48.191+0000][7][gc          ] GC(42) Pause Remark 91M->91M(256M) 6.672ms
[2022-09-06T02:41:48.191+0000][7][gc,cpu      ] GC(42) User=0.02s Sys=0.00s Real=0.00s
[2022-09-06T02:41:48.192+0000][7][safepoint   ] Safepoint "G1Concurrent", Time since last: 136458962 ns, Reaching safepoint: 315302 ns, At safepoint: 7985776 ns, Total: 8301078 ns
[2022-09-06T02:41:48.193+0000][7][gc,marking  ] GC(42) Concurrent Rebuild Remembered Sets
[2022-09-06T02:41:48.244+0000][7][gc,marking  ] GC(42) Concurrent Rebuild Remembered Sets 51.764ms
[2022-09-06T02:41:48.245+0000][7][gc,start    ] GC(42) Pause Cleanup
[2022-09-06T02:41:48.246+0000][7][gc          ] GC(42) Pause Cleanup 91M->91M(256M) 0.538ms
[2022-09-06T02:41:48.246+0000][7][gc,cpu      ] GC(42) User=0.00s Sys=0.00s Real=0.00s
[2022-09-06T02:41:48.246+0000][7][safepoint   ] Safepoint "G1Concurrent", Time since last: 52653395 ns, Reaching safepoint: 371527 ns, At safepoint: 1096417 ns, Total: 1467944 ns
[2022-09-06T02:41:48.247+0000][7][gc,marking  ] GC(42) Concurrent Cleanup for Next Mark
[2022-09-06T02:41:48.247+0000][7][gc,marking  ] GC(42) Concurrent Cleanup for Next Mark 0.729ms
[2022-09-06T02:41:48.248+0000][7][gc          ] GC(42) Concurrent Cycle 200.322ms
[2022-09-06T02:41:50.247+0000][7][safepoint   ] Safepoint "Cleanup", Time since last: 2000554857 ns, Reaching safepoint: 303479 ns, At safepoint: 36940 ns, Total: 340419 ns
[2022-09-06T02:41:53.249+0000][7][safepoint   ] Safepoint "Cleanup", Time since last: 3001139205 ns, Reaching safepoint: 291547 ns, At safepoint: 37110 ns, Total: 328657 ns
[2022-09-06T02:42:33.254+0000][7][safepoint   ] Safepoint "Cleanup", Time since last: 40006339776 ns, Reaching safepoint: 303760 ns, At safepoint: 47309 ns, Total: 351069 ns
[2022-09-06T02:43:14.262+0000][7][safepoint   ] Safepoint "Cleanup", Time since last: 41006345608 ns, Reaching safepoint: 245080 ns, At safepoint: 43843 ns, Total: 288923 ns
[2022-09-06T02:43:18.263+0000][7][safepoint   ] Safepoint "Cleanup", Time since last: 4000991690 ns, Reaching safepoint: 181722 ns, At safepoint: 7824 ns, Total: 189546 ns
[2022-09-06T02:43:20.264+0000][7][safepoint   ] Safepoint "Cleanup", Time since last: 2000664743 ns, Reaching safepoint: 285225 ns, At safepoint: 37530 ns, Total: 322755 ns
[2022-09-06T02:43:33.267+0000][7][safepoint   ] Safepoint "Cleanup", Time since last: 13002167340 ns, Reaching safepoint: 516319 ns, At safepoint: 79359 ns, Total: 595678 ns
[2022-09-06T02:43:39.268+0000][7][safepoint   ] Safepoint "Cleanup", Time since last: 6001108845 ns, Reaching safepoint: 218840 ns, At safepoint: 64702 ns, Total: 283542 ns
[2022-09-06T02:44:03.272+0000][7][safepoint   ] Safepoint "Cleanup", Time since last: 24004340956 ns, Reaching safepoint: 180429 ns, At safepoint: 10319 ns, Total: 190748 ns
[2022-09-06T02:44:23.276+0000][7][safepoint   ] Safepoint "Cleanup", Time since last: 20003334888 ns, Reaching safepoint: 352742 ns, At safepoint: 9958 ns, Total: 362700 ns
[2022-09-06T02:44:50.913+0000][7][gc,start    ] GC(43) Pause Young (Normal) (G1 Evacuation Pause)
[2022-09-06T02:44:50.913+0000][7][gc,task     ] GC(43) Using 6 workers of 6 for evacuation
[2022-09-06T02:44:50.914+0000][7][gc,age      ] GC(43) Desired survivor size 8388608 bytes, new threshold 15 (max threshold 15)
[2022-09-06T02:44:50.927+0000][7][gc,age      ] GC(43) Age table with threshold 15 (max threshold 15)
[2022-09-06T02:44:50.927+0000][7][gc,age      ] GC(43) - age   1:      12656 bytes,      12656 total
[2022-09-06T02:44:50.928+0000][7][gc,age      ] GC(43) - age   2:       1760 bytes,      14416 total
[2022-09-06T02:44:50.928+0000][7][gc,age      ] GC(43) - age   3:       1736 bytes,      16152 total
[2022-09-06T02:44:50.928+0000][7][gc,age      ] GC(43) - age   4:       7512 bytes,      23664 total
[2022-09-06T02:44:50.929+0000][7][gc,age      ] GC(43) - age   5:      19608 bytes,      43272 total
[2022-09-06T02:44:50.929+0000][7][gc,age      ] GC(43) - age   6:      12656 bytes,      55928 total
[2022-09-06T02:44:50.929+0000][7][gc,age      ] GC(43) - age   7:     228832 bytes,     284760 total
[2022-09-06T02:44:50.930+0000][7][gc,age      ] GC(43) - age   8:     751600 bytes,    1036360 total
[2022-09-06T02:44:50.930+0000][7][gc,age      ] GC(43) - age   9:      52592 bytes,    1088952 total
[2022-09-06T02:44:50.930+0000][7][gc,age      ] GC(43) - age  10:      69552 bytes,    1158504 total
[2022-09-06T02:44:50.930+0000][7][gc,age      ] GC(43) - age  11:      62992 bytes,    1221496 total
[2022-09-06T02:44:50.931+0000][7][gc,age      ] GC(43) - age  12:     646584 bytes,    1868080 total
[2022-09-06T02:44:50.931+0000][7][gc,age      ] GC(43) - age  13:    4766320 bytes,    6634400 total
[2022-09-06T02:44:50.931+0000][7][gc,phases   ] GC(43)   Pre Evacuate Collection Set: 0.2ms
[2022-09-06T02:44:50.931+0000][7][gc,phases   ] GC(43)   Merge Heap Roots: 0.2ms
[2022-09-06T02:44:50.932+0000][7][gc,phases   ] GC(43)   Evacuate Collection Set: 7.0ms
[2022-09-06T02:44:50.932+0000][7][gc,phases   ] GC(43)   Post Evacuate Collection Set: 5.8ms
[2022-09-06T02:44:50.932+0000][7][gc,phases   ] GC(43)   Other: 5.2ms
[2022-09-06T02:44:50.932+0000][7][gc,heap     ] GC(43) Eden regions: 27->0(27)
[2022-09-06T02:44:50.933+0000][7][gc,heap     ] GC(43) Survivor regions: 2->2(4)
[2022-09-06T02:44:50.933+0000][7][gc,heap     ] GC(43) Old regions: 19->19
[2022-09-06T02:44:50.933+0000][7][gc,heap     ] GC(43) Archive regions: 2->2
[2022-09-06T02:44:50.934+0000][7][gc,heap     ] GC(43) Humongous regions: 2->2
[2022-09-06T02:44:50.934+0000][7][gc,metaspace] GC(43) Metaspace: 97718K(102144K)->97718K(102144K) NonClass: 84806K(88064K)->84806K(88064K) Class: 12912K(14080K)->12912K(14080K)
[2022-09-06T02:44:50.934+0000][7][gc          ] GC(43) Pause Young (Normal) (G1 Evacuation Pause) 199M->91M(256M) 21.643ms
[2022-09-06T02:44:50.935+0000][7][gc,cpu      ] GC(43) User=0.02s Sys=0.02s Real=0.02s
[2022-09-06T02:44:50.935+0000][7][safepoint   ] Safepoint "G1CollectForAllocation", Time since last: 27636464645 ns, Reaching safepoint: 246933 ns, At safepoint: 22309288 ns, Total: 22556221 ns
[2022-09-06T02:44:52.936+0000][7][safepoint   ] Safepoint "Cleanup", Time since last: 2000588509 ns, Reaching safepoint: 277401 ns, At safepoint: 74630 ns, Total: 352031 ns
[2022-09-06T02:45:08.682+0000][7][safepoint   ] Safepoint "Cleanup", Time since last: 15746004928 ns, Reaching safepoint: 244780 ns, At safepoint: 34504 ns, Total: 279284 ns
[2022-09-06T02:45:09.683+0000][7][safepoint   ] Safepoint "Cleanup", Time since last: 1000758256 ns, Reaching safepoint: 201458 ns, At safepoint: 32251 ns, Total: 233709 ns
[2022-09-06T02:45:23.686+0000][7][safepoint   ] Safepoint "Cleanup", Time since last: 14002176659 ns, Reaching safepoint: 335269 ns, At safepoint: 35086 ns, Total: 370355 ns
[2022-09-06T02:45:53.691+0000][7][safepoint   ] Safepoint "Cleanup", Time since last: 30004321063 ns, Reaching safepoint: 279584 ns, At safepoint: 38893 ns, Total: 318477 ns
[2022-09-06T02:46:08.693+0000][7][safepoint   ] Safepoint "Cleanup", Time since last: 15002210205 ns, Reaching safepoint: 175138 ns, At safepoint: 36218 ns, Total: 211356 ns
[2022-09-06T02:46:14.695+0000][7][safepoint   ] Safepoint "Cleanup", Time since last: 6001382219 ns, Reaching safepoint: 201839 ns, At safepoint: 7083 ns, Total: 208922 ns
[2022-09-06T02:46:23.696+0000][7][safepoint   ] Safepoint "Cleanup", Time since last: 9001442680 ns, Reaching safepoint: 196058 ns, At safepoint: 11291 ns, Total: 207349 ns
[2022-09-06T02:46:29.698+0000][7][safepoint   ] Safepoint "Cleanup", Time since last: 6001229312 ns, Reaching safepoint: 268023 ns, At safepoint: 3977 ns, Total: 272000 ns
[2022-09-06T02:46:38.700+0000][7][safepoint   ] Safepoint "Cleanup", Time since last: 9001734317 ns, Reaching safepoint: 209593 ns, At safepoint: 36809 ns, Total: 246402 ns
[2022-09-06T02:46:43.701+0000][7][safepoint   ] Safepoint "Cleanup", Time since last: 5001040355 ns, Reaching safepoint: 283312 ns, At safepoint: 34074 ns, Total: 317386 ns
[2022-09-06T02:46:44.702+0000][7][safepoint   ] Safepoint "Cleanup", Time since last: 1000703152 ns, Reaching safepoint: 253596 ns, At safepoint: 63589 ns, Total: 317185 ns
[2022-09-06T02:46:53.704+0000][7][safepoint   ] Safepoint "Cleanup", Time since last: 9001896081 ns, Reaching safepoint: 254998 ns, At safepoint: 36228 ns, Total: 291226 ns
[2022-09-06T02:47:14.708+0000][7][safepoint   ] Safepoint "Cleanup", Time since last: 21003240644 ns, Reaching safepoint: 186830 ns, At safepoint: 3547 ns, Total: 190377 ns
[2022-09-06T02:47:42.787+0000][7][gc,start    ] GC(44) Pause Young (Concurrent Start) (G1 Evacuation Pause)
[2022-09-06T02:47:42.787+0000][7][gc,task     ] GC(44) Using 6 workers of 6 for evacuation
[2022-09-06T02:47:42.788+0000][7][gc,age      ] GC(44) Desired survivor size 8388608 bytes, new threshold 15 (max threshold 15)
[2022-09-06T02:47:42.800+0000][7][gc,age      ] GC(44) Age table with threshold 15 (max threshold 15)
[2022-09-06T02:47:42.800+0000][7][gc,age      ] GC(44) - age   1:      15056 bytes,      15056 total
[2022-09-06T02:47:42.800+0000][7][gc,age      ] GC(44) - age   2:        888 bytes,      15944 total
[2022-09-06T02:47:42.801+0000][7][gc,age      ] GC(44) - age   3:       1296 bytes,      17240 total
[2022-09-06T02:47:42.801+0000][7][gc,age      ] GC(44) - age   4:       1736 bytes,      18976 total
[2022-09-06T02:47:42.801+0000][7][gc,age      ] GC(44) - age   5:       7080 bytes,      26056 total
[2022-09-06T02:47:42.801+0000][7][gc,age      ] GC(44) - age   6:      19608 bytes,      45664 total
[2022-09-06T02:47:42.802+0000][7][gc,age      ] GC(44) - age   7:      12656 bytes,      58320 total
[2022-09-06T02:47:42.802+0000][7][gc,age      ] GC(44) - age   8:     228832 bytes,     287152 total
[2022-09-06T02:47:42.802+0000][7][gc,age      ] GC(44) - age   9:     751600 bytes,    1038752 total
[2022-09-06T02:47:42.803+0000][7][gc,age      ] GC(44) - age  10:      52592 bytes,    1091344 total
[2022-09-06T02:47:42.803+0000][7][gc,age      ] GC(44) - age  11:      69552 bytes,    1160896 total
[2022-09-06T02:47:42.803+0000][7][gc,age      ] GC(44) - age  12:      62992 bytes,    1223888 total
[2022-09-06T02:47:42.803+0000][7][gc,age      ] GC(44) - age  13:     646584 bytes,    1870472 total
[2022-09-06T02:47:42.804+0000][7][gc,age      ] GC(44) - age  14:    4766320 bytes,    6636792 total
[2022-09-06T02:47:42.804+0000][7][gc,phases   ] GC(44)   Pre Evacuate Collection Set: 0.5ms
[2022-09-06T02:47:42.804+0000][7][gc,phases   ] GC(44)   Merge Heap Roots: 0.3ms
[2022-09-06T02:47:42.804+0000][7][gc,phases   ] GC(44)   Evacuate Collection Set: 9.1ms
[2022-09-06T02:47:42.805+0000][7][gc,phases   ] GC(44)   Post Evacuate Collection Set: 1.9ms
[2022-09-06T02:47:42.805+0000][7][gc,phases   ] GC(44)   Other: 5.2ms
[2022-09-06T02:47:42.805+0000][7][gc,heap     ] GC(44) Eden regions: 27->0(27)
[2022-09-06T02:47:42.805+0000][7][gc,heap     ] GC(44) Survivor regions: 2->2(4)
[2022-09-06T02:47:42.806+0000][7][gc,heap     ] GC(44) Old regions: 19->19
[2022-09-06T02:47:42.806+0000][7][gc,heap     ] GC(44) Archive regions: 2->2
[2022-09-06T02:47:42.806+0000][7][gc,heap     ] GC(44) Humongous regions: 2->2
[2022-09-06T02:47:42.806+0000][7][gc,metaspace] GC(44) Metaspace: 97778K(102144K)->97778K(102144K) NonClass: 84866K(88064K)->84866K(88064K) Class: 12912K(14080K)->12912K(14080K)
[2022-09-06T02:47:42.807+0000][7][gc          ] GC(44) Pause Young (Concurrent Start) (G1 Evacuation Pause) 199M->91M(256M) 19.877ms
[2022-09-06T02:47:42.807+0000][7][gc,cpu      ] GC(44) User=0.05s Sys=0.00s Real=0.02s
[2022-09-06T02:47:42.807+0000][7][gc          ] GC(45) Concurrent Cycle
[2022-09-06T02:47:42.808+0000][7][gc,marking  ] GC(45) Concurrent Clear Claimed Marks
[2022-09-06T02:47:42.808+0000][7][safepoint   ] Safepoint "G1CollectForAllocation", Time since last: 28077243742 ns, Reaching safepoint: 456767 ns, At safepoint: 20697903 ns, Total: 21154670 ns
[2022-09-06T02:47:42.809+0000][7][gc,marking  ] GC(45) Concurrent Clear Claimed Marks 0.968ms
[2022-09-06T02:47:42.810+0000][7][gc,marking  ] GC(45) Concurrent Scan Root Regions
[2022-09-06T02:47:42.815+0000][7][gc,marking  ] GC(45) Concurrent Scan Root Regions 4.563ms
[2022-09-06T02:47:42.818+0000][7][gc,marking  ] GC(45) Concurrent Mark (2214.194s)
[2022-09-06T02:47:42.818+0000][7][gc,marking  ] GC(45) Concurrent Mark From Roots
[2022-09-06T02:47:42.819+0000][7][gc,task     ] GC(45) Using 2 workers of 2 for marking
[2022-09-06T02:47:42.896+0000][7][gc,marking  ] GC(45) Concurrent Mark From Roots 77.658ms
[2022-09-06T02:47:42.896+0000][7][gc,marking  ] GC(45) Concurrent Preclean
[2022-09-06T02:47:42.897+0000][7][gc,marking  ] GC(45) Concurrent Preclean 0.529ms
[2022-09-06T02:47:42.897+0000][7][gc,marking  ] GC(45) Concurrent Mark (2214.194s, 2214.274s) 79.532ms
[2022-09-06T02:47:42.898+0000][7][gc,start    ] GC(45) Pause Remark
[2022-09-06T02:47:42.905+0000][7][gc          ] GC(45) Pause Remark 91M->91M(256M) 7.589ms
[2022-09-06T02:47:42.906+0000][7][gc,cpu      ] GC(45) User=0.04s Sys=0.00s Real=0.01s
[2022-09-06T02:47:42.906+0000][7][safepoint   ] Safepoint "G1Concurrent", Time since last: 90050357 ns, Reaching safepoint: 185158 ns, At safepoint: 8366781 ns, Total: 8551939 ns
[2022-09-06T02:47:42.906+0000][7][gc,marking  ] GC(45) Concurrent Rebuild Remembered Sets
[2022-09-06T02:47:42.952+0000][7][gc,marking  ] GC(45) Concurrent Rebuild Remembered Sets 46.025ms
[2022-09-06T02:47:42.953+0000][7][gc,start    ] GC(45) Pause Cleanup
[2022-09-06T02:47:42.954+0000][7][gc          ] GC(45) Pause Cleanup 91M->91M(256M) 0.566ms
[2022-09-06T02:47:42.954+0000][7][gc,cpu      ] GC(45) User=0.01s Sys=0.00s Real=0.01s
[2022-09-06T02:47:42.954+0000][7][safepoint   ] Safepoint "G1Concurrent", Time since last: 46835566 ns, Reaching safepoint: 251693 ns, At safepoint: 1244365 ns, Total: 1496058 ns
[2022-09-06T02:47:42.955+0000][7][gc,marking  ] GC(45) Concurrent Cleanup for Next Mark
[2022-09-06T02:47:42.955+0000][7][gc,marking  ] GC(45) Concurrent Cleanup for Next Mark 0.619ms
[2022-09-06T02:47:42.956+0000][7][gc          ] GC(45) Concurrent Cycle 148.233ms
[2022-09-06T02:47:44.955+0000][7][safepoint   ] Safepoint "Cleanup", Time since last: 2000531392 ns, Reaching safepoint: 285366 ns, At safepoint: 7514 ns, Total: 292880 ns
[2022-09-06T02:47:52.957+0000][7][safepoint   ] Safepoint "Cleanup", Time since last: 8001628005 ns, Reaching safepoint: 283071 ns, At safepoint: 45526 ns, Total: 328597 ns
[2022-09-06T02:48:40.963+0000][7][safepoint   ] Safepoint "Cleanup", Time since last: 48006693419 ns, Reaching safepoint: 296085 ns, At safepoint: 41999 ns, Total: 338084 ns
[2022-09-06T02:48:48.964+0000][7][safepoint   ] Safepoint "Cleanup", Time since last: 8001488283 ns, Reaching safepoint: 273002 ns, At safepoint: 40166 ns, Total: 313168 ns
[2022-09-06T02:48:52.966+0000][7][safepoint   ] Safepoint "Cleanup", Time since last: 4000911741 ns, Reaching safepoint: 188133 ns, At safepoint: 7413 ns, Total: 195546 ns
[2022-09-06T02:49:00.967+0000][7][safepoint   ] Safepoint "Cleanup", Time since last: 8001443449 ns, Reaching safepoint: 215655 ns, At safepoint: 7885 ns, Total: 223540 ns
[2022-09-06T02:49:08.969+0000][7][safepoint   ] Safepoint "Cleanup", Time since last: 8001524069 ns, Reaching safepoint: 312176 ns, At safepoint: 12764 ns, Total: 324940 ns
[2022-09-06T02:49:22.972+0000][7][safepoint   ] Safepoint "Cleanup", Time since last: 14002134851 ns, Reaching safepoint: 214763 ns, At safepoint: 8726 ns, Total: 223489 ns
[2022-09-06T02:49:52.977+0000][7][safepoint   ] Safepoint "Cleanup", Time since last: 30004491854 ns, Reaching safepoint: 211848 ns, At safepoint: 33523 ns, Total: 245371 ns
[2022-09-06T02:49:56.978+0000][7][safepoint   ] Safepoint "Cleanup", Time since last: 4000885031 ns, Reaching safepoint: 181240 ns, At safepoint: 7224 ns, Total: 188464 ns
[2022-09-06T02:50:42.984+0000][7][safepoint   ] Safepoint "Cleanup", Time since last: 46006262214 ns, Reaching safepoint: 307357 ns, At safepoint: 38763 ns, Total: 346120 ns
[2022-09-06T02:50:48.904+0000][7][gc,start    ] GC(46) Pause Young (Normal) (G1 Evacuation Pause)
[2022-09-06T02:50:48.911+0000][7][gc,task     ] GC(46) Using 6 workers of 6 for evacuation
[2022-09-06T02:50:48.914+0000][7][gc,age      ] GC(46) Desired survivor size 8388608 bytes, new threshold 15 (max threshold 15)
[2022-09-06T02:50:48.937+0000][7][gc,age      ] GC(46) Age table with threshold 15 (max threshold 15)
[2022-09-06T02:50:48.938+0000][7][gc,age      ] GC(46) - age   1:      17928 bytes,      17928 total
[2022-09-06T02:50:48.939+0000][7][gc,age      ] GC(46) - age   2:       3136 bytes,      21064 total
[2022-09-06T02:50:48.941+0000][7][gc,age      ] GC(46) - age   3:        888 bytes,      21952 total
[2022-09-06T02:50:48.942+0000][7][gc,age      ] GC(46) - age   4:       1296 bytes,      23248 total
[2022-09-06T02:50:48.942+0000][7][gc,age      ] GC(46) - age   5:       1736 bytes,      24984 total
[2022-09-06T02:50:48.942+0000][7][gc,age      ] GC(46) - age   6:       7080 bytes,      32064 total
[2022-09-06T02:50:48.943+0000][7][gc,age      ] GC(46) - age   7:      19368 bytes,      51432 total
[2022-09-06T02:50:48.943+0000][7][gc,age      ] GC(46) - age   8:      12656 bytes,      64088 total
[2022-09-06T02:50:48.944+0000][7][gc,age      ] GC(46) - age   9:     228832 bytes,     292920 total
[2022-09-06T02:50:48.944+0000][7][gc,age      ] GC(46) - age  10:     751600 bytes,    1044520 total
[2022-09-06T02:50:48.944+0000][7][gc,age      ] GC(46) - age  11:      52592 bytes,    1097112 total
[2022-09-06T02:50:48.945+0000][7][gc,age      ] GC(46) - age  12:      69552 bytes,    1166664 total
[2022-09-06T02:50:48.945+0000][7][gc,age      ] GC(46) - age  13:      62992 bytes,    1229656 total
[2022-09-06T02:50:48.945+0000][7][gc,age      ] GC(46) - age  14:     646584 bytes,    1876240 total
[2022-09-06T02:50:48.946+0000][7][gc,age      ] GC(46) - age  15:    4766320 bytes,    6642560 total
[2022-09-06T02:50:48.946+0000][7][gc,phases   ] GC(46)   Pre Evacuate Collection Set: 1.0ms
[2022-09-06T02:50:48.947+0000][7][gc,phases   ] GC(46)   Merge Heap Roots: 0.2ms
[2022-09-06T02:50:48.947+0000][7][gc,phases   ] GC(46)   Evacuate Collection Set: 13.2ms
[2022-09-06T02:50:48.947+0000][7][gc,phases   ] GC(46)   Post Evacuate Collection Set: 3.9ms
[2022-09-06T02:50:48.947+0000][7][gc,phases   ] GC(46)   Other: 24.1ms
[2022-09-06T02:50:48.948+0000][7][gc,heap     ] GC(46) Eden regions: 27->0(27)
[2022-09-06T02:50:48.948+0000][7][gc,heap     ] GC(46) Survivor regions: 2->2(4)
[2022-09-06T02:50:48.948+0000][7][gc,heap     ] GC(46) Old regions: 19->19
[2022-09-06T02:50:48.948+0000][7][gc,heap     ] GC(46) Archive regions: 2->2
[2022-09-06T02:50:48.949+0000][7][gc,heap     ] GC(46) Humongous regions: 2->2
[2022-09-06T02:50:48.949+0000][7][gc,metaspace] GC(46) Metaspace: 97839K(102144K)->97839K(102144K) NonClass: 84923K(88064K)->84923K(88064K) Class: 12915K(14080K)->12915K(14080K)
[2022-09-06T02:50:48.949+0000][7][gc          ] GC(46) Pause Young (Normal) (G1 Evacuation Pause) 199M->91M(256M) 45.455ms
[2022-09-06T02:50:48.950+0000][7][gc,cpu      ] GC(46) User=0.04s Sys=0.01s Real=0.04s
[2022-09-06T02:50:48.954+0000][7][safepoint   ] Safepoint "G1CollectForAllocation", Time since last: 5918755324 ns, Reaching safepoint: 1107118 ns, At safepoint: 50558632 ns, Total: 51665750 ns
[2022-09-06T02:50:49.955+0000][7][safepoint   ] Safepoint "Cleanup", Time since last: 1000651346 ns, Reaching safepoint: 207629 ns, At safepoint: 6643 ns, Total: 214272 ns
[2022-09-06T02:50:55.956+0000][7][safepoint   ] Safepoint "Cleanup", Time since last: 6001144793 ns, Reaching safepoint: 205205 ns, At safepoint: 36999 ns, Total: 242204 ns
[2022-09-06T02:51:00.958+0000][7][safepoint   ] Safepoint "Cleanup", Time since last: 5001147807 ns, Reaching safepoint: 212218 ns, At safepoint: 4819 ns, Total: 217037 ns
[2022-09-06T02:51:28.962+0000][7][safepoint   ] Safepoint "Cleanup", Time since last: 28004169283 ns, Reaching safepoint: 137378 ns, At safepoint: 5810 ns, Total: 143188 ns
[2022-09-06T02:51:30.963+0000][7][safepoint   ] Safepoint "Cleanup", Time since last: 2000708405 ns, Reaching safepoint: 311264 ns, At safepoint: 33142 ns, Total: 344406 ns
[2022-09-06T02:51:36.965+0000][7][safepoint   ] Safepoint "Cleanup", Time since last: 6001380496 ns, Reaching safepoint: 174588 ns, At safepoint: 7193 ns, Total: 181781 ns
[2022-09-06T02:51:48.960+0000][7][safepoint   ] Safepoint "Cleanup", Time since last: 12001879818 ns, Reaching safepoint: 262763 ns, At safepoint: 61455 ns, Total: 324218 ns
[2022-09-06T02:51:58.962+0000][7][safepoint   ] Safepoint "Cleanup", Time since last: 10001723630 ns, Reaching safepoint: 178925 ns, At safepoint: 3858 ns, Total: 182783 ns
[2022-09-06T02:53:30.984+0000][7][safepoint   ] Safepoint "Cleanup", Time since last: 92014462277 ns, Reaching safepoint: 259437 ns, At safepoint: 4749 ns, Total: 264186 ns
[2022-09-06T02:53:38.986+0000][7][safepoint   ] Safepoint "Cleanup", Time since last: 8001828570 ns, Reaching safepoint: 201048 ns, At safepoint: 12723 ns, Total: 213771 ns
[2022-09-06T02:53:58.450+0000][7][gc,start    ] GC(47) Pause Young (Concurrent Start) (G1 Evacuation Pause)
[2022-09-06T02:53:58.450+0000][7][gc,task     ] GC(47) Using 6 workers of 6 for evacuation
[2022-09-06T02:53:58.450+0000][7][gc,age      ] GC(47) Desired survivor size 8388608 bytes, new threshold 15 (max threshold 15)
[2022-09-06T02:53:58.530+0000][7][gc,age      ] GC(47) Age table with threshold 15 (max threshold 15)
[2022-09-06T02:53:58.530+0000][7][gc,age      ] GC(47) - age   1:     304056 bytes,     304056 total
[2022-09-06T02:53:58.531+0000][7][gc,age      ] GC(47) - age   2:       1664 bytes,     305720 total
[2022-09-06T02:53:58.531+0000][7][gc,age      ] GC(47) - age   3:       2864 bytes,     308584 total
[2022-09-06T02:53:58.531+0000][7][gc,age      ] GC(47) - age   4:        888 bytes,     309472 total
[2022-09-06T02:53:58.531+0000][7][gc,age      ] GC(47) - age   5:        592 bytes,     310064 total
[2022-09-06T02:53:58.532+0000][7][gc,age      ] GC(47) - age   6:       1496 bytes,     311560 total
[2022-09-06T02:53:58.532+0000][7][gc,age      ] GC(47) - age   7:       7040 bytes,     318600 total
[2022-09-06T02:53:58.532+0000][7][gc,age      ] GC(47) - age   8:      19344 bytes,     337944 total
[2022-09-06T02:53:58.533+0000][7][gc,age      ] GC(47) - age   9:      12656 bytes,     350600 total
[2022-09-06T02:53:58.533+0000][7][gc,age      ] GC(47) - age  10:     228256 bytes,     578856 total
[2022-09-06T02:53:58.533+0000][7][gc,age      ] GC(47) - age  11:     751136 bytes,    1329992 total
[2022-09-06T02:53:58.533+0000][7][gc,age      ] GC(47) - age  12:      52128 bytes,    1382120 total
[2022-09-06T02:53:58.534+0000][7][gc,age      ] GC(47) - age  13:      69088 bytes,    1451208 total
[2022-09-06T02:53:58.534+0000][7][gc,age      ] GC(47) - age  14:      62992 bytes,    1514200 total
[2022-09-06T02:53:58.534+0000][7][gc,age      ] GC(47) - age  15:     638376 bytes,    2152576 total
[2022-09-06T02:53:58.534+0000][7][gc,phases   ] GC(47)   Pre Evacuate Collection Set: 7.5ms
[2022-09-06T02:53:58.535+0000][7][gc,phases   ] GC(47)   Merge Heap Roots: 0.4ms
[2022-09-06T02:53:58.535+0000][7][gc,phases   ] GC(47)   Evacuate Collection Set: 64.7ms
[2022-09-06T02:53:58.535+0000][7][gc,phases   ] GC(47)   Post Evacuate Collection Set: 4.6ms
[2022-09-06T02:53:58.536+0000][7][gc,phases   ] GC(47)   Other: 8.0ms
[2022-09-06T02:53:58.536+0000][7][gc,heap     ] GC(47) Eden regions: 27->0(28)
[2022-09-06T02:53:58.536+0000][7][gc,heap     ] GC(47) Survivor regions: 2->1(4)
[2022-09-06T02:53:58.536+0000][7][gc,heap     ] GC(47) Old regions: 19->20
[2022-09-06T02:53:58.536+0000][7][gc,heap     ] GC(47) Archive regions: 2->2
[2022-09-06T02:53:58.537+0000][7][gc,heap     ] GC(47) Humongous regions: 2->2
[2022-09-06T02:53:58.537+0000][7][gc,metaspace] GC(47) Metaspace: 97875K(102400K)->97875K(102400K) NonClass: 84960K(88320K)->84960K(88320K) Class: 12915K(14080K)->12915K(14080K)
[2022-09-06T02:53:58.537+0000][7][gc          ] GC(47) Pause Young (Concurrent Start) (G1 Evacuation Pause) 199M->91M(256M) 87.619ms
[2022-09-06T02:53:58.537+0000][7][gc,cpu      ] GC(47) User=0.36s Sys=0.01s Real=0.09s
[2022-09-06T02:53:58.538+0000][7][gc          ] GC(48) Concurrent Cycle
[2022-09-06T02:53:58.538+0000][7][gc,marking  ] GC(48) Concurrent Clear Claimed Marks
[2022-09-06T02:53:58.539+0000][7][gc,marking  ] GC(48) Concurrent Clear Claimed Marks 0.333ms
[2022-09-06T02:53:58.539+0000][7][gc,marking  ] GC(48) Concurrent Scan Root Regions
[2022-09-06T02:53:58.542+0000][7][safepoint   ] Safepoint "G1CollectForAllocation", Time since last: 19462976382 ns, Reaching safepoint: 490540 ns, At safepoint: 92930172 ns, Total: 93420712 ns
[2022-09-06T02:53:58.579+0000][7][gc,marking  ] GC(48) Concurrent Scan Root Regions 39.701ms
[2022-09-06T02:53:58.579+0000][7][gc,marking  ] GC(48) Concurrent Mark (2589.957s)
[2022-09-06T02:53:58.579+0000][7][gc,marking  ] GC(48) Concurrent Mark From Roots
[2022-09-06T02:53:58.580+0000][7][gc,task     ] GC(48) Using 2 workers of 2 for marking
[2022-09-06T02:53:58.829+0000][7][gc,marking  ] GC(48) Concurrent Mark From Roots 249.745ms
[2022-09-06T02:53:58.830+0000][7][gc,marking  ] GC(48) Concurrent Preclean
[2022-09-06T02:53:58.830+0000][7][gc,marking  ] GC(48) Concurrent Preclean 0.531ms
[2022-09-06T02:53:58.830+0000][7][gc,marking  ] GC(48) Concurrent Mark (2589.957s, 2590.209s) 251.197ms
[2022-09-06T02:53:58.831+0000][7][gc,start    ] GC(48) Pause Remark
[2022-09-06T02:53:58.922+0000][7][gc          ] GC(48) Pause Remark 95M->95M(256M) 90.653ms
[2022-09-06T02:53:58.922+0000][7][gc,cpu      ] GC(48) User=0.43s Sys=0.02s Real=0.10s
[2022-09-06T02:53:58.923+0000][7][safepoint   ] Safepoint "G1Concurrent", Time since last: 288654415 ns, Reaching safepoint: 315492 ns, At safepoint: 91449764 ns, Total: 91765256 ns
[2022-09-06T02:53:58.923+0000][7][gc,marking  ] GC(48) Concurrent Rebuild Remembered Sets
[2022-09-06T02:53:58.975+0000][7][gc,marking  ] GC(48) Concurrent Rebuild Remembered Sets 52.265ms
[2022-09-06T02:53:58.976+0000][7][gc,start    ] GC(48) Pause Cleanup
[2022-09-06T02:53:58.976+0000][7][gc          ] GC(48) Pause Cleanup 95M->95M(256M) 0.491ms
[2022-09-06T02:53:58.977+0000][7][gc,cpu      ] GC(48) User=0.00s Sys=0.00s Real=0.00s
[2022-09-06T02:53:58.977+0000][7][safepoint   ] Safepoint "G1Concurrent", Time since last: 53122094 ns, Reaching safepoint: 317445 ns, At safepoint: 1113450 ns, Total: 1430895 ns
[2022-09-06T02:53:58.977+0000][7][gc,marking  ] GC(48) Concurrent Cleanup for Next Mark
[2022-09-06T02:53:58.992+0000][7][gc,marking  ] GC(48) Concurrent Cleanup for Next Mark 14.148ms
[2022-09-06T02:53:58.992+0000][7][gc          ] GC(48) Concurrent Cycle 454.010ms
[2022-09-06T02:54:20.980+0000][7][safepoint   ] Safepoint "Cleanup", Time since last: 22003104651 ns, Reaching safepoint: 181540 ns, At safepoint: 34856 ns, Total: 216396 ns
[2022-09-06T02:54:44.984+0000][7][safepoint   ] Safepoint "Cleanup", Time since last: 24003488796 ns, Reaching safepoint: 352291 ns, At safepoint: 35947 ns, Total: 388238 ns
[2022-09-06T02:55:28.993+0000][7][safepoint   ] Safepoint "Cleanup", Time since last: 44008590130 ns, Reaching safepoint: 181490 ns, At safepoint: 4198 ns, Total: 185688 ns
[2022-09-06T02:55:38.995+0000][7][safepoint   ] Safepoint "Cleanup", Time since last: 10001609384 ns, Reaching safepoint: 265058 ns, At safepoint: 7434 ns, Total: 272492 ns
[2022-09-06T02:55:43.996+0000][7][safepoint   ] Safepoint "Cleanup", Time since last: 5001392436 ns, Reaching safepoint: 222517 ns, At safepoint: 3807 ns, Total: 226324 ns
[2022-09-06T02:56:00.999+0000][7][safepoint   ] Safepoint "Cleanup", Time since last: 17002770542 ns, Reaching safepoint: 215654 ns, At safepoint: 33964 ns, Total: 249618 ns
[2022-09-06T02:56:07.002+0000][7][safepoint   ] Safepoint "Cleanup", Time since last: 6002449191 ns, Reaching safepoint: 193584 ns, At safepoint: 29325 ns, Total: 222909 ns
[2022-09-06T02:56:09.003+0000][7][safepoint   ] Safepoint "Cleanup", Time since last: 2000732569 ns, Reaching safepoint: 234350 ns, At safepoint: 3977 ns, Total: 238327 ns
[2022-09-06T02:56:13.004+0000][7][safepoint   ] Safepoint "Cleanup", Time since last: 4000939704 ns, Reaching safepoint: 240110 ns, At safepoint: 31790 ns, Total: 271900 ns
[2022-09-06T02:56:58.470+0000][7][gc,start    ] GC(49) Pause Young (Normal) (G1 Evacuation Pause)
[2022-09-06T02:56:58.470+0000][7][gc,task     ] GC(49) Using 6 workers of 6 for evacuation
[2022-09-06T02:56:58.470+0000][7][gc,age      ] GC(49) Desired survivor size 8388608 bytes, new threshold 15 (max threshold 15)
[2022-09-06T02:56:58.487+0000][7][gc,age      ] GC(49) Age table with threshold 15 (max threshold 15)
[2022-09-06T02:56:58.487+0000][7][gc,age      ] GC(49) - age   1:      33392 bytes,      33392 total
[2022-09-06T02:56:58.487+0000][7][gc,age      ] GC(49) - age   2:     101784 bytes,     135176 total
[2022-09-06T02:56:58.487+0000][7][gc,age      ] GC(49) - age   3:       1664 bytes,     136840 total
[2022-09-06T02:56:58.488+0000][7][gc,age      ] GC(49) - age   4:       2672 bytes,     139512 total
[2022-09-06T02:56:58.488+0000][7][gc,age      ] GC(49) - age   5:        888 bytes,     140400 total
[2022-09-06T02:56:58.488+0000][7][gc,age      ] GC(49) - age   6:        384 bytes,     140784 total
[2022-09-06T02:56:58.488+0000][7][gc,age      ] GC(49) - age   7:       1496 bytes,     142280 total
[2022-09-06T02:56:58.489+0000][7][gc,age      ] GC(49) - age   8:       7040 bytes,     149320 total
[2022-09-06T02:56:58.489+0000][7][gc,age      ] GC(49) - age   9:      19344 bytes,     168664 total
[2022-09-06T02:56:58.489+0000][7][gc,age      ] GC(49) - age  10:      12656 bytes,     181320 total
[2022-09-06T02:56:58.489+0000][7][gc,age      ] GC(49) - age  11:     228256 bytes,     409576 total
[2022-09-06T02:56:58.490+0000][7][gc,age      ] GC(49) - age  12:     751136 bytes,    1160712 total
[2022-09-06T02:56:58.490+0000][7][gc,age      ] GC(49) - age  13:      52104 bytes,    1212816 total
[2022-09-06T02:56:58.490+0000][7][gc,age      ] GC(49) - age  14:      69088 bytes,    1281904 total
[2022-09-06T02:56:58.490+0000][7][gc,age      ] GC(49) - age  15:      62992 bytes,    1344896 total
[2022-09-06T02:56:58.491+0000][7][gc,phases   ] GC(49)   Pre Evacuate Collection Set: 0.1ms
[2022-09-06T02:56:58.491+0000][7][gc,phases   ] GC(49)   Merge Heap Roots: 0.1ms
[2022-09-06T02:56:58.491+0000][7][gc,phases   ] GC(49)   Evacuate Collection Set: 13.3ms
[2022-09-06T02:56:58.491+0000][7][gc,phases   ] GC(49)   Post Evacuate Collection Set: 2.1ms
[2022-09-06T02:56:58.492+0000][7][gc,phases   ] GC(49)   Other: 5.6ms
[2022-09-06T02:56:58.492+0000][7][gc,heap     ] GC(49) Eden regions: 28->0(28)
[2022-09-06T02:56:58.492+0000][7][gc,heap     ] GC(49) Survivor regions: 1->1(4)
[2022-09-06T02:56:58.492+0000][7][gc,heap     ] GC(49) Old regions: 20->20
[2022-09-06T02:56:58.492+0000][7][gc,heap     ] GC(49) Archive regions: 2->2
[2022-09-06T02:56:58.493+0000][7][gc,heap     ] GC(49) Humongous regions: 2->2
[2022-09-06T02:56:58.493+0000][7][gc,metaspace] GC(49) Metaspace: 97957K(102400K)->97957K(102400K) NonClass: 85041K(88320K)->85041K(88320K) Class: 12915K(14080K)->12915K(14080K)
[2022-09-06T02:56:58.494+0000][7][gc          ] GC(49) Pause Young (Normal) (G1 Evacuation Pause) 203M->91M(256M) 24.153ms
[2022-09-06T02:56:58.494+0000][7][gc,cpu      ] GC(49) User=0.06s Sys=0.00s Real=0.03s
[2022-09-06T02:56:58.494+0000][7][safepoint   ] Safepoint "G1CollectForAllocation", Time since last: 45464128066 ns, Reaching safepoint: 973968 ns, At safepoint: 24947359 ns, Total: 25921327 ns
[2022-09-06T02:57:28.499+0000][7][safepoint   ] Safepoint "Cleanup", Time since last: 30004393759 ns, Reaching safepoint: 183364 ns, At safepoint: 4568 ns, Total: 187932 ns
[2022-09-06T02:57:38.501+0000][7][safepoint   ] Safepoint "Cleanup", Time since last: 10001524135 ns, Reaching safepoint: 240522 ns, At safepoint: 39824 ns, Total: 280346 ns
[2022-09-06T02:57:58.504+0000][7][safepoint   ] Safepoint "Cleanup", Time since last: 20002777582 ns, Reaching safepoint: 373220 ns, At safepoint: 37250 ns, Total: 410470 ns
[2022-09-06T02:58:09.505+0000][7][safepoint   ] Safepoint "Cleanup", Time since last: 11001886057 ns, Reaching safepoint: 207930 ns, At safepoint: 4188 ns, Total: 212118 ns
[2022-09-06T02:58:29.408+0000][7][safepoint   ] Safepoint "Cleanup", Time since last: 19902770870 ns, Reaching safepoint: 462769 ns, At safepoint: 75050 ns, Total: 537819 ns
[2022-09-06T02:58:39.411+0000][7][safepoint   ] Safepoint "Cleanup", Time since last: 10001752533 ns, Reaching safepoint: 205506 ns, At safepoint: 7725 ns, Total: 213231 ns
[2022-09-06T02:59:29.419+0000][7][safepoint   ] Safepoint "Cleanup", Time since last: 50007163035 ns, Reaching safepoint: 338937 ns, At safepoint: 69640 ns, Total: 408577 ns
[2022-09-06T03:00:10.452+0000][7][gc,start    ] GC(50) Pause Young (Concurrent Start) (G1 Evacuation Pause)
[2022-09-06T03:00:10.453+0000][7][gc,task     ] GC(50) Using 6 workers of 6 for evacuation
[2022-09-06T03:00:10.453+0000][7][gc,age      ] GC(50) Desired survivor size 8388608 bytes, new threshold 15 (max threshold 15)
[2022-09-06T03:00:10.463+0000][7][gc,age      ] GC(50) Age table with threshold 15 (max threshold 15)
[2022-09-06T03:00:10.464+0000][7][gc,age      ] GC(50) - age   1:      17168 bytes,      17168 total
[2022-09-06T03:00:10.464+0000][7][gc,age      ] GC(50) - age   2:       1952 bytes,      19120 total
[2022-09-06T03:00:10.464+0000][7][gc,age      ] GC(50) - age   3:     101656 bytes,     120776 total
[2022-09-06T03:00:10.465+0000][7][gc,age      ] GC(50) - age   4:       1632 bytes,     122408 total
[2022-09-06T03:00:10.465+0000][7][gc,age      ] GC(50) - age   5:       2672 bytes,     125080 total
[2022-09-06T03:00:10.465+0000][7][gc,age      ] GC(50) - age   6:        688 bytes,     125768 total
[2022-09-06T03:00:10.466+0000][7][gc,age      ] GC(50) - age   7:        344 bytes,     126112 total
[2022-09-06T03:00:10.466+0000][7][gc,age      ] GC(50) - age   8:       1496 bytes,     127608 total
[2022-09-06T03:00:10.466+0000][7][gc,age      ] GC(50) - age   9:       6800 bytes,     134408 total
[2022-09-06T03:00:10.467+0000][7][gc,age      ] GC(50) - age  10:      19344 bytes,     153752 total
[2022-09-06T03:00:10.467+0000][7][gc,age      ] GC(50) - age  11:      12656 bytes,     166408 total
[2022-09-06T03:00:10.467+0000][7][gc,age      ] GC(50) - age  12:     228256 bytes,     394664 total
[2022-09-06T03:00:10.468+0000][7][gc,age      ] GC(50) - age  13:     751136 bytes,    1145800 total
[2022-09-06T03:00:10.468+0000][7][gc,age      ] GC(50) - age  14:      52104 bytes,    1197904 total
[2022-09-06T03:00:10.468+0000][7][gc,age      ] GC(50) - age  15:      69088 bytes,    1266992 total
[2022-09-06T03:00:10.468+0000][7][gc,phases   ] GC(50)   Pre Evacuate Collection Set: 0.3ms
[2022-09-06T03:00:10.469+0000][7][gc,phases   ] GC(50)   Merge Heap Roots: 0.2ms
[2022-09-06T03:00:10.469+0000][7][gc,phases   ] GC(50)   Evacuate Collection Set: 5.7ms
[2022-09-06T03:00:10.469+0000][7][gc,phases   ] GC(50)   Post Evacuate Collection Set: 2.4ms
[2022-09-06T03:00:10.470+0000][7][gc,phases   ] GC(50)   Other: 7.6ms
[2022-09-06T03:00:10.470+0000][7][gc,heap     ] GC(50) Eden regions: 28->0(28)
[2022-09-06T03:00:10.470+0000][7][gc,heap     ] GC(50) Survivor regions: 1->1(4)
[2022-09-06T03:00:10.471+0000][7][gc,heap     ] GC(50) Old regions: 20->20
[2022-09-06T03:00:10.471+0000][7][gc,heap     ] GC(50) Archive regions: 2->2
[2022-09-06T03:00:10.471+0000][7][gc,heap     ] GC(50) Humongous regions: 2->2
[2022-09-06T03:00:10.471+0000][7][gc,metaspace] GC(50) Metaspace: 97988K(102400K)->97988K(102400K) NonClass: 85072K(88320K)->85072K(88320K) Class: 12915K(14080K)->12915K(14080K)
[2022-09-06T03:00:10.472+0000][7][gc          ] GC(50) Pause Young (Concurrent Start) (G1 Evacuation Pause) 203M->91M(256M) 19.437ms
[2022-09-06T03:00:10.472+0000][7][gc,cpu      ] GC(50) User=0.02s Sys=0.01s Real=0.02s
[2022-09-06T03:00:10.472+0000][7][gc          ] GC(51) Concurrent Cycle
[2022-09-06T03:00:10.473+0000][7][gc,marking  ] GC(51) Concurrent Clear Claimed Marks
[2022-09-06T03:00:10.472+0000][7][safepoint   ] Safepoint "G1CollectForAllocation", Time since last: 41033526730 ns, Reaching safepoint: 262032 ns, At safepoint: 20239192 ns, Total: 20501224 ns
[2022-09-06T03:00:10.473+0000][7][gc,marking  ] GC(51) Concurrent Clear Claimed Marks 0.478ms
[2022-09-06T03:00:10.474+0000][7][gc,marking  ] GC(51) Concurrent Scan Root Regions
[2022-09-06T03:00:10.477+0000][7][gc,marking  ] GC(51) Concurrent Scan Root Regions 3.406ms
[2022-09-06T03:00:10.478+0000][7][gc,marking  ] GC(51) Concurrent Mark (2961.856s)
[2022-09-06T03:00:10.478+0000][7][gc,marking  ] GC(51) Concurrent Mark From Roots
[2022-09-06T03:00:10.478+0000][7][gc,task     ] GC(51) Using 2 workers of 2 for marking
[2022-09-06T03:00:10.554+0000][7][gc,marking  ] GC(51) Concurrent Mark From Roots 76.385ms
[2022-09-06T03:00:10.555+0000][7][gc,marking  ] GC(51) Concurrent Preclean
[2022-09-06T03:00:10.555+0000][7][gc,marking  ] GC(51) Concurrent Preclean 0.519ms
[2022-09-06T03:00:10.556+0000][7][gc,marking  ] GC(51) Concurrent Mark (2961.856s, 2961.934s) 77.953ms
[2022-09-06T03:00:10.556+0000][7][gc,start    ] GC(51) Pause Remark
[2022-09-06T03:00:10.952+0000][7][gc,mmu      ] GC(51) MMU target violated: 201.0ms (200.0ms/201.0ms)
[2022-09-06T03:00:10.952+0000][7][gc          ] GC(51) Pause Remark 92M->92M(256M) 395.711ms
[2022-09-06T03:00:10.952+0000][7][gc,cpu      ] GC(51) User=1.88s Sys=0.00s Real=0.40s
[2022-09-06T03:00:10.953+0000][7][safepoint   ] Safepoint "G1Concurrent", Time since last: 83469106 ns, Reaching safepoint: 274666 ns, At safepoint: 396299292 ns, Total: 396573958 ns
[2022-09-06T03:00:10.953+0000][7][gc,marking  ] GC(51) Concurrent Rebuild Remembered Sets
[2022-09-06T03:00:11.004+0000][7][gc,marking  ] GC(51) Concurrent Rebuild Remembered Sets 51.138ms
[2022-09-06T03:00:11.196+0000][7][gc,start    ] GC(51) Pause Cleanup
[2022-09-06T03:00:11.197+0000][7][gc          ] GC(51) Pause Cleanup 92M->92M(256M) 0.643ms
[2022-09-06T03:00:11.197+0000][7][gc,cpu      ] GC(51) User=0.00s Sys=0.00s Real=0.00s
[2022-09-06T03:00:11.198+0000][7][safepoint   ] Safepoint "G1Concurrent", Time since last: 52284612 ns, Reaching safepoint: 191567012 ns, At safepoint: 1404566 ns, Total: 192971578 ns
[2022-09-06T03:00:11.198+0000][7][gc,marking  ] GC(51) Concurrent Cleanup for Next Mark
[2022-09-06T03:00:11.216+0000][7][gc,marking  ] GC(51) Concurrent Cleanup for Next Mark 17.530ms
[2022-09-06T03:00:11.216+0000][7][gc          ] GC(51) Concurrent Cycle 743.837ms
[2022-09-06T03:00:12.199+0000][7][safepoint   ] Safepoint "Cleanup", Time since last: 1000437584 ns, Reaching safepoint: 490741 ns, At safepoint: 65462 ns, Total: 556203 ns
[2022-09-06T03:00:13.200+0000][7][safepoint   ] Safepoint "Cleanup", Time since last: 1001082214 ns, Reaching safepoint: 236043 ns, At safepoint: 34014 ns, Total: 270057 ns
[2022-09-06T03:00:14.201+0000][7][safepoint   ] Safepoint "Cleanup", Time since last: 1000511352 ns, Reaching safepoint: 279164 ns, At safepoint: 40386 ns, Total: 319550 ns
[2022-09-06T03:00:15.202+0000][7][safepoint   ] Safepoint "Cleanup", Time since last: 1000528715 ns, Reaching safepoint: 178194 ns, At safepoint: 28664 ns, Total: 206858 ns
[2022-09-06T03:00:18.203+0000][7][safepoint   ] Safepoint "Cleanup", Time since last: 3000752099 ns, Reaching safepoint: 203662 ns, At safepoint: 31459 ns, Total: 235121 ns
[2022-09-06T03:00:19.203+0000][7][safepoint   ] Safepoint "Cleanup", Time since last: 1000539445 ns, Reaching safepoint: 186520 ns, At safepoint: 7404 ns, Total: 193924 ns
[2022-09-06T03:00:29.205+0000][7][safepoint   ] Safepoint "Cleanup", Time since last: 10001599596 ns, Reaching safepoint: 355458 ns, At safepoint: 8285 ns, Total: 363743 ns
[2022-09-06T03:00:30.206+0000][7][safepoint   ] Safepoint "Cleanup", Time since last: 1000678816 ns, Reaching safepoint: 193483 ns, At safepoint: 31159 ns, Total: 224642 ns
[2022-09-06T03:00:39.208+0000][7][safepoint   ] Safepoint "Cleanup", Time since last: 9001666529 ns, Reaching safepoint: 228469 ns, At safepoint: 4158 ns, Total: 232627 ns
[2022-09-06T03:00:59.212+0000][7][safepoint   ] Safepoint "Cleanup", Time since last: 20003553769 ns, Reaching safepoint: 215153 ns, At safepoint: 40146 ns, Total: 255299 ns
[2022-09-06T03:01:05.214+0000][7][safepoint   ] Safepoint "Cleanup", Time since last: 6001119796 ns, Reaching safepoint: 365396 ns, At safepoint: 35667 ns, Total: 401063 ns
[2022-09-06T03:01:18.216+0000][7][safepoint   ] Safepoint "Cleanup", Time since last: 13002215078 ns, Reaching safepoint: 216356 ns, At safepoint: 9958 ns, Total: 226314 ns
[2022-09-06T03:01:33.219+0000][7][safepoint   ] Safepoint "Cleanup", Time since last: 15002666752 ns, Reaching safepoint: 253906 ns, At safepoint: 40587 ns, Total: 294493 ns
[2022-09-06T03:01:48.222+0000][7][safepoint   ] Safepoint "Cleanup", Time since last: 15002297749 ns, Reaching safepoint: 219081 ns, At safepoint: 11011 ns, Total: 230092 ns
[2022-09-06T03:03:14.967+0000][7][gc,start    ] GC(52) Pause Young (Normal) (G1 Evacuation Pause)
[2022-09-06T03:03:14.968+0000][7][gc,task     ] GC(52) Using 6 workers of 6 for evacuation
[2022-09-06T03:03:14.968+0000][7][gc,age      ] GC(52) Desired survivor size 8388608 bytes, new threshold 15 (max threshold 15)
[2022-09-06T03:03:14.977+0000][7][gc,age      ] GC(52) Age table with threshold 15 (max threshold 15)
[2022-09-06T03:03:14.978+0000][7][gc,age      ] GC(52) - age   1:     145304 bytes,     145304 total
[2022-09-06T03:03:14.978+0000][7][gc,age      ] GC(52) - age   2:       5080 bytes,     150384 total
[2022-09-06T03:03:14.978+0000][7][gc,age      ] GC(52) - age   3:       1752 bytes,     152136 total
[2022-09-06T03:03:14.978+0000][7][gc,age      ] GC(52) - age   4:      92896 bytes,     245032 total
[2022-09-06T03:03:14.979+0000][7][gc,age      ] GC(52) - age   5:       1632 bytes,     246664 total
[2022-09-06T03:03:14.979+0000][7][gc,age      ] GC(52) - age   6:       2432 bytes,     249096 total
[2022-09-06T03:03:14.979+0000][7][gc,age      ] GC(52) - age   7:        688 bytes,     249784 total
[2022-09-06T03:03:14.979+0000][7][gc,age      ] GC(52) - age   8:        344 bytes,     250128 total
[2022-09-06T03:03:14.980+0000][7][gc,age      ] GC(52) - age   9:       1496 bytes,     251624 total
[2022-09-06T03:03:14.980+0000][7][gc,age      ] GC(52) - age  10:       6800 bytes,     258424 total
[2022-09-06T03:03:14.980+0000][7][gc,age      ] GC(52) - age  11:      19344 bytes,     277768 total
[2022-09-06T03:03:14.980+0000][7][gc,age      ] GC(52) - age  12:      12656 bytes,     290424 total
[2022-09-06T03:03:14.981+0000][7][gc,age      ] GC(52) - age  13:     228256 bytes,     518680 total
[2022-09-06T03:03:14.981+0000][7][gc,age      ] GC(52) - age  14:     751136 bytes,    1269816 total
[2022-09-06T03:03:14.981+0000][7][gc,age      ] GC(52) - age  15:      52104 bytes,    1321920 total
[2022-09-06T03:03:14.981+0000][7][gc,phases   ] GC(52)   Pre Evacuate Collection Set: 0.2ms
[2022-09-06T03:03:14.982+0000][7][gc,phases   ] GC(52)   Merge Heap Roots: 0.2ms
[2022-09-06T03:03:14.982+0000][7][gc,phases   ] GC(52)   Evacuate Collection Set: 6.3ms
[2022-09-06T03:03:14.982+0000][7][gc,phases   ] GC(52)   Post Evacuate Collection Set: 2.3ms
[2022-09-06T03:03:14.984+0000][7][gc,phases   ] GC(52)   Other: 5.1ms
[2022-09-06T03:03:14.984+0000][7][gc,heap     ] GC(52) Eden regions: 28->0(28)
[2022-09-06T03:03:14.984+0000][7][gc,heap     ] GC(52) Survivor regions: 1->1(4)
[2022-09-06T03:03:14.984+0000][7][gc,heap     ] GC(52) Old regions: 20->20
[2022-09-06T03:03:14.985+0000][7][gc,heap     ] GC(52) Archive regions: 2->2
[2022-09-06T03:03:14.985+0000][7][gc,heap     ] GC(52) Humongous regions: 2->2
[2022-09-06T03:03:14.985+0000][7][gc,metaspace] GC(52) Metaspace: 98015K(102400K)->98015K(102400K) NonClass: 85101K(88320K)->85101K(88320K) Class: 12914K(14080K)->12914K(14080K)
[2022-09-06T03:03:14.986+0000][7][gc          ] GC(52) Pause Young (Normal) (G1 Evacuation Pause) 203M->91M(256M) 18.260ms
[2022-09-06T03:03:14.986+0000][7][gc,cpu      ] GC(52) User=0.04s Sys=0.00s Real=0.02s
[2022-09-06T03:03:14.986+0000][7][safepoint   ] Safepoint "G1CollectForAllocation", Time since last: 86745272558 ns, Reaching safepoint: 205496 ns, At safepoint: 18900150 ns, Total: 19105646 ns
[2022-09-06T03:04:28.997+0000][7][safepoint   ] Safepoint "Cleanup", Time since last: 74010446416 ns, Reaching safepoint: 195517 ns, At safepoint: 4318 ns, Total: 199835 ns
[2022-09-06T03:04:43.999+0000][7][safepoint   ] Safepoint "Cleanup", Time since last: 15002191520 ns, Reaching safepoint: 170139 ns, At safepoint: 8646 ns, Total: 178785 ns
[2022-09-06T03:04:59.003+0000][7][safepoint   ] Safepoint "Cleanup", Time since last: 15003518180 ns, Reaching safepoint: 209603 ns, At safepoint: 32641 ns, Total: 242244 ns
[2022-09-06T03:05:09.005+0000][7][safepoint   ] Safepoint "Cleanup", Time since last: 10001664418 ns, Reaching safepoint: 206738 ns, At safepoint: 31259 ns, Total: 237997 ns
[2022-09-06T03:06:28.415+0000][7][gc,start    ] GC(53) Pause Young (Concurrent Start) (G1 Evacuation Pause)
[2022-09-06T03:06:28.415+0000][7][gc,task     ] GC(53) Using 6 workers of 6 for evacuation
[2022-09-06T03:06:28.416+0000][7][gc,age      ] GC(53) Desired survivor size 8388608 bytes, new threshold 15 (max threshold 15)
[2022-09-06T03:06:28.431+0000][7][gc,age      ] GC(53) Age table with threshold 15 (max threshold 15)
[2022-09-06T03:06:28.432+0000][7][gc,age      ] GC(53) - age   1:      19072 bytes,      19072 total
[2022-09-06T03:06:28.432+0000][7][gc,age      ] GC(53) - age   2:     133248 bytes,     152320 total
[2022-09-06T03:06:28.433+0000][7][gc,age      ] GC(53) - age   3:       4840 bytes,     157160 total
[2022-09-06T03:06:28.433+0000][7][gc,age      ] GC(53) - age   4:       1560 bytes,     158720 total
[2022-09-06T03:06:28.433+0000][7][gc,age      ] GC(53) - age   5:      92896 bytes,     251616 total
[2022-09-06T03:06:28.434+0000][7][gc,age      ] GC(53) - age   6:       1632 bytes,     253248 total
[2022-09-06T03:06:28.434+0000][7][gc,age      ] GC(53) - age   7:       2432 bytes,     255680 total
[2022-09-06T03:06:28.434+0000][7][gc,age      ] GC(53) - age   8:        688 bytes,     256368 total
[2022-09-06T03:06:28.434+0000][7][gc,age      ] GC(53) - age   9:        344 bytes,     256712 total
[2022-09-06T03:06:28.435+0000][7][gc,age      ] GC(53) - age  10:       1496 bytes,     258208 total
[2022-09-06T03:06:28.435+0000][7][gc,age      ] GC(53) - age  11:       6800 bytes,     265008 total
[2022-09-06T03:06:28.435+0000][7][gc,age      ] GC(53) - age  12:      19344 bytes,     284352 total
[2022-09-06T03:06:28.436+0000][7][gc,age      ] GC(53) - age  13:      12656 bytes,     297008 total
[2022-09-06T03:06:28.437+0000][7][gc,age      ] GC(53) - age  14:     228256 bytes,     525264 total
[2022-09-06T03:06:28.437+0000][7][gc,age      ] GC(53) - age  15:     751136 bytes,    1276400 total
[2022-09-06T03:06:28.437+0000][7][gc,phases   ] GC(53)   Pre Evacuate Collection Set: 0.4ms
[2022-09-06T03:06:28.438+0000][7][gc,phases   ] GC(53)   Merge Heap Roots: 0.2ms
[2022-09-06T03:06:28.438+0000][7][gc,phases   ] GC(53)   Evacuate Collection Set: 12.6ms
[2022-09-06T03:06:28.438+0000][7][gc,phases   ] GC(53)   Post Evacuate Collection Set: 2.2ms
[2022-09-06T03:06:28.439+0000][7][gc,phases   ] GC(53)   Other: 7.3ms
[2022-09-06T03:06:28.439+0000][7][gc,heap     ] GC(53) Eden regions: 28->0(28)
[2022-09-06T03:06:28.439+0000][7][gc,heap     ] GC(53) Survivor regions: 1->1(4)
[2022-09-06T03:06:28.439+0000][7][gc,heap     ] GC(53) Old regions: 20->20
[2022-09-06T03:06:28.440+0000][7][gc,heap     ] GC(53) Archive regions: 2->2
[2022-09-06T03:06:28.440+0000][7][gc,heap     ] GC(53) Humongous regions: 2->2
[2022-09-06T03:06:28.440+0000][7][gc,metaspace] GC(53) Metaspace: 98041K(102400K)->98041K(102400K) NonClass: 85126K(88320K)->85126K(88320K) Class: 12914K(14080K)->12914K(14080K)
[2022-09-06T03:06:28.441+0000][7][gc          ] GC(53) Pause Young (Concurrent Start) (G1 Evacuation Pause) 203M->91M(256M) 25.795ms
[2022-09-06T03:06:28.441+0000][7][gc,cpu      ] GC(53) User=0.05s Sys=0.00s Real=0.02s
[2022-09-06T03:06:28.441+0000][7][gc          ] GC(54) Concurrent Cycle
[2022-09-06T03:06:28.441+0000][7][safepoint   ] Safepoint "G1CollectForAllocation", Time since last: 79409387759 ns, Reaching safepoint: 260900 ns, At safepoint: 26539967 ns, Total: 26800867 ns
[2022-09-06T03:06:28.442+0000][7][gc,marking  ] GC(54) Concurrent Clear Claimed Marks
[2022-09-06T03:06:28.443+0000][7][gc,marking  ] GC(54) Concurrent Clear Claimed Marks 1.025ms
[2022-09-06T03:06:28.443+0000][7][gc,marking  ] GC(54) Concurrent Scan Root Regions
[2022-09-06T03:06:28.450+0000][7][gc,marking  ] GC(54) Concurrent Scan Root Regions 6.032ms
[2022-09-06T03:06:28.452+0000][7][gc,marking  ] GC(54) Concurrent Mark (3339.830s)
[2022-09-06T03:06:28.453+0000][7][gc,marking  ] GC(54) Concurrent Mark From Roots
[2022-09-06T03:06:28.453+0000][7][gc,task     ] GC(54) Using 2 workers of 2 for marking
[2022-09-06T03:06:28.531+0000][7][gc,marking  ] GC(54) Concurrent Mark From Roots 77.656ms
[2022-09-06T03:06:28.531+0000][7][gc,marking  ] GC(54) Concurrent Preclean
[2022-09-06T03:06:28.531+0000][7][gc,marking  ] GC(54) Concurrent Preclean 0.382ms
[2022-09-06T03:06:28.532+0000][7][gc,marking  ] GC(54) Concurrent Mark (3339.830s, 3339.910s) 79.241ms
[2022-09-06T03:06:28.532+0000][7][gc,start    ] GC(54) Pause Remark
[2022-09-06T03:06:28.545+0000][7][gc          ] GC(54) Pause Remark 102M->102M(256M) 13.081ms
[2022-09-06T03:06:28.546+0000][7][gc,cpu      ] GC(54) User=0.04s Sys=0.01s Real=0.01s
[2022-09-06T03:06:28.546+0000][7][safepoint   ] Safepoint "G1Concurrent", Time since last: 90601912 ns, Reaching safepoint: 293891 ns, At safepoint: 13822331 ns, Total: 14116222 ns
[2022-09-06T03:06:28.546+0000][7][gc,marking  ] GC(54) Concurrent Rebuild Remembered Sets
[2022-09-06T03:06:28.598+0000][7][gc,marking  ] GC(54) Concurrent Rebuild Remembered Sets 51.970ms
[2022-09-06T03:06:28.599+0000][7][gc,start    ] GC(54) Pause Cleanup
[2022-09-06T03:06:28.599+0000][7][gc          ] GC(54) Pause Cleanup 102M->102M(256M) 0.481ms
[2022-09-06T03:06:28.600+0000][7][gc,cpu      ] GC(54) User=0.01s Sys=0.00s Real=0.00s
[2022-09-06T03:06:28.600+0000][7][safepoint   ] Safepoint "G1Concurrent", Time since last: 52763571 ns, Reaching safepoint: 207679 ns, At safepoint: 1039381 ns, Total: 1247060 ns
[2022-09-06T03:06:28.600+0000][7][gc,marking  ] GC(54) Concurrent Cleanup for Next Mark
[2022-09-06T03:06:28.611+0000][7][gc,marking  ] GC(54) Concurrent Cleanup for Next Mark 10.994ms
[2022-09-06T03:06:28.612+0000][7][gc          ] GC(54) Concurrent Cycle 170.552ms
[2022-09-06T03:06:29.601+0000][7][safepoint   ] Safepoint "Cleanup", Time since last: 1000437203 ns, Reaching safepoint: 323547 ns, At safepoint: 35998 ns, Total: 359545 ns
[2022-09-06T03:06:32.602+0000][7][safepoint   ] Safepoint "Cleanup", Time since last: 3000885579 ns, Reaching safepoint: 237295 ns, At safepoint: 7475 ns, Total: 244770 ns
[2022-09-06T03:06:33.603+0000][7][safepoint   ] Safepoint "Cleanup", Time since last: 1000577486 ns, Reaching safepoint: 202390 ns, At safepoint: 10990 ns, Total: 213380 ns
[2022-09-06T03:06:35.609+0000][7][safepoint   ] Safepoint "Cleanup", Time since last: 2006031334 ns, Reaching safepoint: 330179 ns, At safepoint: 71524 ns, Total: 401703 ns
[2022-09-06T03:06:38.610+0000][7][safepoint   ] Safepoint "Cleanup", Time since last: 3000779480 ns, Reaching safepoint: 472387 ns, At safepoint: 40025 ns, Total: 512412 ns
[2022-09-06T03:06:39.611+0000][7][safepoint   ] Safepoint "Cleanup", Time since last: 1000579991 ns, Reaching safepoint: 279404 ns, At safepoint: 38793 ns, Total: 318197 ns
[2022-09-06T03:06:48.613+0000][7][safepoint   ] Safepoint "Cleanup", Time since last: 9001685526 ns, Reaching safepoint: 218860 ns, At safepoint: 34956 ns, Total: 253816 ns
[2022-09-06T03:06:58.615+0000][7][safepoint   ] Safepoint "Cleanup", Time since last: 10001543591 ns, Reaching safepoint: 369904 ns, At safepoint: 37761 ns, Total: 407665 ns
[2022-09-06T03:07:28.620+0000][7][safepoint   ] Safepoint "Cleanup", Time since last: 30004564932 ns, Reaching safepoint: 117300 ns, At safepoint: 32861 ns, Total: 150161 ns
[2022-09-06T03:08:28.628+0000][7][safepoint   ] Safepoint "Cleanup", Time since last: 60008362140 ns, Reaching safepoint: 342312 ns, At safepoint: 59843 ns, Total: 402155 ns
[2022-09-06T03:08:51.632+0000][7][safepoint   ] Safepoint "Cleanup", Time since last: 23003247000 ns, Reaching safepoint: 262653 ns, At safepoint: 13545 ns, Total: 276198 ns
[2022-09-06T03:09:26.638+0000][7][safepoint   ] Safepoint "Cleanup", Time since last: 35005789771 ns, Reaching safepoint: 287479 ns, At safepoint: 38513 ns, Total: 325992 ns
[2022-09-06T03:09:28.427+0000][7][gc,start    ] GC(55) Pause Young (Normal) (G1 Evacuation Pause)
[2022-09-06T03:09:28.428+0000][7][gc,task     ] GC(55) Using 6 workers of 6 for evacuation
[2022-09-06T03:09:28.428+0000][7][gc,age      ] GC(55) Desired survivor size 8388608 bytes, new threshold 15 (max threshold 15)
[2022-09-06T03:09:28.441+0000][7][gc,age      ] GC(55) Age table with threshold 15 (max threshold 15)
[2022-09-06T03:09:28.442+0000][7][gc,age      ] GC(55) - age   1:      80992 bytes,      80992 total
[2022-09-06T03:09:28.442+0000][7][gc,age      ] GC(55) - age   2:       1064 bytes,      82056 total
[2022-09-06T03:09:28.442+0000][7][gc,age      ] GC(55) - age   3:     133216 bytes,     215272 total
[2022-09-06T03:09:28.442+0000][7][gc,age      ] GC(55) - age   4:       4816 bytes,     220088 total
[2022-09-06T03:09:28.443+0000][7][gc,age      ] GC(55) - age   5:       1560 bytes,     221648 total
[2022-09-06T03:09:28.443+0000][7][gc,age      ] GC(55) - age   6:      92656 bytes,     314304 total
[2022-09-06T03:09:28.443+0000][7][gc,age      ] GC(55) - age   7:       1392 bytes,     315696 total
[2022-09-06T03:09:28.444+0000][7][gc,age      ] GC(55) - age   8:       2432 bytes,     318128 total
[2022-09-06T03:09:28.444+0000][7][gc,age      ] GC(55) - age   9:        688 bytes,     318816 total
[2022-09-06T03:09:28.444+0000][7][gc,age      ] GC(55) - age  10:        344 bytes,     319160 total
[2022-09-06T03:09:28.444+0000][7][gc,age      ] GC(55) - age  11:       1496 bytes,     320656 total
[2022-09-06T03:09:28.445+0000][7][gc,age      ] GC(55) - age  12:       6800 bytes,     327456 total
[2022-09-06T03:09:28.445+0000][7][gc,age      ] GC(55) - age  13:      19344 bytes,     346800 total
[2022-09-06T03:09:28.445+0000][7][gc,age      ] GC(55) - age  14:      12656 bytes,     359456 total
[2022-09-06T03:09:28.446+0000][7][gc,age      ] GC(55) - age  15:     228256 bytes,     587712 total
[2022-09-06T03:09:28.446+0000][7][gc,phases   ] GC(55)   Pre Evacuate Collection Set: 0.2ms
[2022-09-06T03:09:28.446+0000][7][gc,phases   ] GC(55)   Merge Heap Roots: 0.2ms
[2022-09-06T03:09:28.447+0000][7][gc,phases   ] GC(55)   Evacuate Collection Set: 10.1ms
[2022-09-06T03:09:28.447+0000][7][gc,phases   ] GC(55)   Post Evacuate Collection Set: 2.0ms
[2022-09-06T03:09:28.447+0000][7][gc,phases   ] GC(55)   Other: 6.0ms
[2022-09-06T03:09:28.447+0000][7][gc,heap     ] GC(55) Eden regions: 28->0(28)
[2022-09-06T03:09:28.448+0000][7][gc,heap     ] GC(55) Survivor regions: 1->1(4)
[2022-09-06T03:09:28.448+0000][7][gc,heap     ] GC(55) Old regions: 20->20
[2022-09-06T03:09:28.448+0000][7][gc,heap     ] GC(55) Archive regions: 2->2
[2022-09-06T03:09:28.449+0000][7][gc,heap     ] GC(55) Humongous regions: 2->2
[2022-09-06T03:09:28.449+0000][7][gc,metaspace] GC(55) Metaspace: 98043K(102400K)->98043K(102400K) NonClass: 85129K(88320K)->85129K(88320K) Class: 12914K(14080K)->12914K(14080K)
[2022-09-06T03:09:28.449+0000][7][gc          ] GC(55) Pause Young (Normal) (G1 Evacuation Pause) 203M->91M(256M) 21.758ms
[2022-09-06T03:09:28.450+0000][7][gc,cpu      ] GC(55) User=0.05s Sys=0.01s Real=0.02s
[2022-09-06T03:09:28.450+0000][7][safepoint   ] Safepoint "G1CollectForAllocation", Time since last: 1788553535 ns, Reaching safepoint: 793098 ns, At safepoint: 22578012 ns, Total: 23371110 ns
[2022-09-06T03:09:38.453+0000][7][safepoint   ] Safepoint "Cleanup", Time since last: 10002653966 ns, Reaching safepoint: 190888 ns, At safepoint: 35797 ns, Total: 226685 ns
[2022-09-06T03:10:22.458+0000][7][safepoint   ] Safepoint "Cleanup", Time since last: 44006522698 ns, Reaching safepoint: 370115 ns, At safepoint: 59231 ns, Total: 429346 ns
[2022-09-06T03:10:48.464+0000][7][safepoint   ] Safepoint "Cleanup", Time since last: 26003891637 ns, Reaching safepoint: 356208 ns, At safepoint: 61005 ns, Total: 417213 ns
[2022-09-06T03:10:54.466+0000][7][safepoint   ] Safepoint "Cleanup", Time since last: 6001367811 ns, Reaching safepoint: 322796 ns, At safepoint: 40657 ns, Total: 363453 ns
[2022-09-06T03:10:58.467+0000][7][safepoint   ] Safepoint "Cleanup", Time since last: 4000843502 ns, Reaching safepoint: 305033 ns, At safepoint: 35537 ns, Total: 340570 ns
[2022-09-06T03:11:07.469+0000][7][safepoint   ] Safepoint "Cleanup", Time since last: 9001476763 ns, Reaching safepoint: 301346 ns, At safepoint: 41708 ns, Total: 343054 ns
[2022-09-06T03:11:48.476+0000][7][safepoint   ] Safepoint "Cleanup", Time since last: 41006833295 ns, Reaching safepoint: 256992 ns, At safepoint: 9748 ns, Total: 266740 ns
[2022-09-06T03:11:55.868+0000][7][gc,heap,exit] Heap
[2022-09-06T03:11:55.868+0000][7][gc,heap,exit]  garbage-first heap   total 262144K, used 188406K [0x00000000f0000000, 0x0000000100000000)
[2022-09-06T03:11:55.868+0000][7][gc,heap,exit]   region size 4096K, 26 young (106496K), 1 survivors (4096K)
[2022-09-06T03:11:55.869+0000][7][gc,heap,exit]  Metaspace       used 98232K, capacity 101636K, committed 102656K, reserved 1138688K
[2022-09-06T03:11:55.869+0000][7][gc,heap,exit]   class space    used 12950K, capacity 14009K, committed 14080K, reserved 1048576K
