[2022-08-29T07:12:20.896+0000][7][gc] Using G1
[2022-08-29T07:12:20.983+0000][7][gc,init] Version: 15.0.1+9 (release)
[2022-08-29T07:12:20.984+0000][7][gc,init] CPUs: 6 total, 6 available
[2022-08-29T07:12:20.984+0000][7][gc,init] Memory: 5874M
[2022-08-29T07:12:20.984+0000][7][gc,init] Large Page Support: Disabled
[2022-08-29T07:12:20.985+0000][7][gc,init] NUMA Support: Disabled
[2022-08-29T07:12:20.985+0000][7][gc,init] Compressed Oops: Enabled (32-bit)
[2022-08-29T07:12:20.985+0000][7][gc,init] Heap Region Size: 4M
[2022-08-29T07:12:20.986+0000][7][gc,init] Heap Min Capacity: 256M
[2022-08-29T07:12:20.986+0000][7][gc,init] Heap Initial Capacity: 256M
[2022-08-29T07:12:20.987+0000][7][gc,init] Heap Max Capacity: 256M
[2022-08-29T07:12:20.987+0000][7][gc,init] Pre-touch: Enabled
[2022-08-29T07:12:20.987+0000][7][gc,init] Parallel Workers: 6
[2022-08-29T07:12:20.988+0000][7][gc,init] Concurrent Workers: 2
[2022-08-29T07:12:20.988+0000][7][gc,init] Concurrent Refinement Workers: 6
[2022-08-29T07:12:20.988+0000][7][gc,init] Periodic GC: Disabled
[2022-08-29T07:12:20.989+0000][7][gc,cds ] Mark closed archive regions in map: [0x00000000ffc00000, 0x00000000ffc7bff8]
[2022-08-29T07:12:20.989+0000][7][gc,cds ] Mark open archive regions in map: [0x00000000ffb00000, 0x00000000ffb51ff8]
[2022-08-29T07:12:20.989+0000][7][gc,metaspace] CDS archive(s) mapped at: [0x0000000800000000-0x0000000800b2a000-0x0000000800b2a000), size 11706368, SharedBaseAddress: 0x0000000800000000, ArchiveRelocationMode: 0.
[2022-08-29T07:12:20.989+0000][7][gc,metaspace] Compressed class space mapped at: 0x0000000800b2c000-0x0000000840b2c000, size: 1073741824
[2022-08-29T07:12:20.990+0000][7][gc,metaspace] Narrow klass base: 0x0000000800000000, Narrow klass shift: 3, Narrow klass range: 0x100000000
[2022-08-29T07:12:21.562+0000][7][gc,start    ] GC(0) Pause Young (Normal) (G1 Evacuation Pause)
[2022-08-29T07:12:21.563+0000][7][gc,task     ] GC(0) Using 6 workers of 6 for evacuation
[2022-08-29T07:12:21.563+0000][7][gc,age      ] GC(0) Desired survivor size 2097152 bytes, new threshold 15 (max threshold 15)
[2022-08-29T07:12:21.567+0000][7][gc,age      ] GC(0) Age table with threshold 15 (max threshold 15)
[2022-08-29T07:12:21.567+0000][7][gc,age      ] GC(0) - age   1:    3363792 bytes,    3363792 total
[2022-08-29T07:12:21.568+0000][7][gc,phases   ] GC(0)   Pre Evacuate Collection Set: 0.1ms
[2022-08-29T07:12:21.568+0000][7][gc,phases   ] GC(0)   Merge Heap Roots: 0.1ms
[2022-08-29T07:12:21.568+0000][7][gc,phases   ] GC(0)   Evacuate Collection Set: 2.7ms
[2022-08-29T07:12:21.568+0000][7][gc,phases   ] GC(0)   Post Evacuate Collection Set: 0.5ms
[2022-08-29T07:12:21.568+0000][7][gc,phases   ] GC(0)   Other: 2.4ms
[2022-08-29T07:12:21.569+0000][7][gc,heap     ] GC(0) Eden regions: 4->0(4)
[2022-08-29T07:12:21.569+0000][7][gc,heap     ] GC(0) Survivor regions: 0->1(1)
[2022-08-29T07:12:21.569+0000][7][gc,heap     ] GC(0) Old regions: 0->0
[2022-08-29T07:12:21.569+0000][7][gc,heap     ] GC(0) Archive regions: 2->2
[2022-08-29T07:12:21.569+0000][7][gc,heap     ] GC(0) Humongous regions: 0->0
[2022-08-29T07:12:21.570+0000][7][gc,metaspace] GC(0) Metaspace: 5107K(7680K)->5107K(7680K) NonClass: 4586K(6912K)->4586K(6912K) Class: 521K(768K)->521K(768K)
[2022-08-29T07:12:21.570+0000][7][gc          ] GC(0) Pause Young (Normal) (G1 Evacuation Pause) 19M->7M(256M) 7.954ms
[2022-08-29T07:12:21.570+0000][7][gc,cpu      ] GC(0) User=0.02s Sys=0.01s Real=0.01s
[2022-08-29T07:12:21.570+0000][7][safepoint   ] Safepoint "G1CollectForAllocation", Time since last: 564053758 ns, Reaching safepoint: 259767 ns, At safepoint: 8441138 ns, Total: 8700905 ns
[2022-08-29T07:12:21.980+0000][7][safepoint   ] Safepoint "ICBufferFull", Time since last: 409279428 ns, Reaching safepoint: 230914 ns, At safepoint: 32931 ns, Total: 263845 ns
[2022-08-29T07:12:22.109+0000][7][gc,start    ] GC(1) Pause Young (Normal) (G1 Evacuation Pause)
[2022-08-29T07:12:22.110+0000][7][gc,task     ] GC(1) Using 6 workers of 6 for evacuation
[2022-08-29T07:12:22.110+0000][7][gc,age      ] GC(1) Desired survivor size 2097152 bytes, new threshold 1 (max threshold 15)
[2022-08-29T07:12:22.119+0000][7][gc,age      ] GC(1) Age table with threshold 1 (max threshold 15)
[2022-08-29T07:12:22.119+0000][7][gc,age      ] GC(1) - age   1:    1298808 bytes,    1298808 total
[2022-08-29T07:12:22.121+0000][7][gc,phases   ] GC(1)   Pre Evacuate Collection Set: 0.1ms
[2022-08-29T07:12:22.121+0000][7][gc,phases   ] GC(1)   Merge Heap Roots: 0.0ms
[2022-08-29T07:12:22.121+0000][7][gc,phases   ] GC(1)   Evacuate Collection Set: 7.2ms
[2022-08-29T07:12:22.122+0000][7][gc,phases   ] GC(1)   Post Evacuate Collection Set: 1.3ms
[2022-08-29T07:12:22.123+0000][7][gc,phases   ] GC(1)   Other: 2.7ms
[2022-08-29T07:12:22.124+0000][7][gc,heap     ] GC(1) Eden regions: 4->0(10)
[2022-08-29T07:12:22.125+0000][7][gc,heap     ] GC(1) Survivor regions: 1->1(1)
[2022-08-29T07:12:22.125+0000][7][gc,heap     ] GC(1) Old regions: 0->1
[2022-08-29T07:12:22.126+0000][7][gc,heap     ] GC(1) Archive regions: 2->2
[2022-08-29T07:12:22.127+0000][7][gc,heap     ] GC(1) Humongous regions: 0->0
[2022-08-29T07:12:22.127+0000][7][gc,metaspace] GC(1) Metaspace: 9912K(10496K)->9912K(10496K) NonClass: 8742K(9216K)->8742K(9216K) Class: 1170K(1280K)->1170K(1280K)
[2022-08-29T07:12:22.129+0000][7][gc          ] GC(1) Pause Young (Normal) (G1 Evacuation Pause) 23M->8M(256M) 19.339ms
[2022-08-29T07:12:22.129+0000][7][gc,cpu      ] GC(1) User=0.06s Sys=0.00s Real=0.02s
[2022-08-29T07:12:22.130+0000][7][safepoint   ] Safepoint "G1CollectForAllocation", Time since last: 129021449 ns, Reaching safepoint: 160972 ns, At safepoint: 20778937 ns, Total: 20939909 ns
[2022-08-29T07:12:22.992+0000][7][safepoint   ] Safepoint "ICBufferFull", Time since last: 861908482 ns, Reaching safepoint: 333225 ns, At safepoint: 29887 ns, Total: 363112 ns
[2022-08-29T07:12:23.236+0000][7][gc,start    ] GC(2) Pause Young (Normal) (G1 Evacuation Pause)
[2022-08-29T07:12:23.236+0000][7][gc,task     ] GC(2) Using 6 workers of 6 for evacuation
[2022-08-29T07:12:23.236+0000][7][gc,age      ] GC(2) Desired survivor size 4194304 bytes, new threshold 15 (max threshold 15)
[2022-08-29T07:12:23.244+0000][7][gc,age      ] GC(2) Age table with threshold 15 (max threshold 15)
[2022-08-29T07:12:23.244+0000][7][gc,age      ] GC(2) - age   1:    2410784 bytes,    2410784 total
[2022-08-29T07:12:23.244+0000][7][gc,age      ] GC(2) - age   2:    1249960 bytes,    3660744 total
[2022-08-29T07:12:23.244+0000][7][gc,phases   ] GC(2)   Pre Evacuate Collection Set: 0.3ms
[2022-08-29T07:12:23.245+0000][7][gc,phases   ] GC(2)   Merge Heap Roots: 0.2ms
[2022-08-29T07:12:23.245+0000][7][gc,phases   ] GC(2)   Evacuate Collection Set: 5.7ms
[2022-08-29T07:12:23.245+0000][7][gc,phases   ] GC(2)   Post Evacuate Collection Set: 1.0ms
[2022-08-29T07:12:23.245+0000][7][gc,phases   ] GC(2)   Other: 1.7ms
[2022-08-29T07:12:23.246+0000][7][gc,heap     ] GC(2) Eden regions: 10->0(35)
[2022-08-29T07:12:23.246+0000][7][gc,heap     ] GC(2) Survivor regions: 1->1(2)
[2022-08-29T07:12:23.246+0000][7][gc,heap     ] GC(2) Old regions: 1->1
[2022-08-29T07:12:23.246+0000][7][gc,heap     ] GC(2) Archive regions: 2->2
[2022-08-29T07:12:23.247+0000][7][gc,heap     ] GC(2) Humongous regions: 0->0
[2022-08-29T07:12:23.247+0000][7][gc,metaspace] GC(2) Metaspace: 14507K(14848K)->14507K(14848K) NonClass: 12820K(13056K)->12820K(13056K) Class: 1686K(1792K)->1686K(1792K)
[2022-08-29T07:12:23.247+0000][7][gc          ] GC(2) Pause Young (Normal) (G1 Evacuation Pause) 48M->10M(256M) 11.459ms
[2022-08-29T07:12:23.247+0000][7][gc,cpu      ] GC(2) User=0.02s Sys=0.01s Real=0.01s
[2022-08-29T07:12:23.248+0000][7][safepoint   ] Safepoint "G1CollectForAllocation", Time since last: 243195710 ns, Reaching safepoint: 193754 ns, At safepoint: 12035071 ns, Total: 12228825 ns
[2022-08-29T07:12:23.683+0000][7][safepoint   ] Safepoint "ICBufferFull", Time since last: 425222051 ns, Reaching safepoint: 10112154 ns, At safepoint: 54361 ns, Total: 10166515 ns
[2022-08-29T07:12:23.705+0000][7][safepoint   ] Safepoint "ICBufferFull", Time since last: 19861957 ns, Reaching safepoint: 2285799 ns, At safepoint: 54462 ns, Total: 2340261 ns
[2022-08-29T07:12:23.710+0000][7][safepoint   ] Safepoint "ICBufferFull", Time since last: 4481869 ns, Reaching safepoint: 143670 ns, At safepoint: 10149 ns, Total: 153819 ns
[2022-08-29T07:12:23.714+0000][7][safepoint   ] Safepoint "ICBufferFull", Time since last: 4316980 ns, Reaching safepoint: 91431 ns, At safepoint: 4158 ns, Total: 95589 ns
[2022-08-29T07:12:23.720+0000][7][safepoint   ] Safepoint "ICBufferFull", Time since last: 6098532 ns, Reaching safepoint: 170049 ns, At safepoint: 3868 ns, Total: 173917 ns
[2022-08-29T07:12:23.725+0000][7][safepoint   ] Safepoint "ICBufferFull", Time since last: 4149445 ns, Reaching safepoint: 178836 ns, At safepoint: 3456 ns, Total: 182292 ns
[2022-08-29T07:12:23.732+0000][7][safepoint   ] Safepoint "ICBufferFull", Time since last: 6880750 ns, Reaching safepoint: 193212 ns, At safepoint: 4679 ns, Total: 197891 ns
[2022-08-29T07:12:23.737+0000][7][safepoint   ] Safepoint "ICBufferFull", Time since last: 5113274 ns, Reaching safepoint: 224041 ns, At safepoint: 35536 ns, Total: 259577 ns
[2022-08-29T07:12:23.741+0000][7][safepoint   ] Safepoint "ICBufferFull", Time since last: 3210173 ns, Reaching safepoint: 183615 ns, At safepoint: 3426 ns, Total: 187041 ns
[2022-08-29T07:12:23.748+0000][7][safepoint   ] Safepoint "ICBufferFull", Time since last: 7377643 ns, Reaching safepoint: 99056 ns, At safepoint: 4328 ns, Total: 103384 ns
[2022-08-29T07:12:23.754+0000][7][safepoint   ] Safepoint "ICBufferFull", Time since last: 5528814 ns, Reaching safepoint: 119564 ns, At safepoint: 32181 ns, Total: 151745 ns
[2022-08-29T07:12:23.759+0000][7][safepoint   ] Safepoint "ICBufferFull", Time since last: 4230076 ns, Reaching safepoint: 573096 ns, At safepoint: 7283 ns, Total: 580379 ns
[2022-08-29T07:12:23.763+0000][7][safepoint   ] Safepoint "ICBufferFull", Time since last: 3882113 ns, Reaching safepoint: 181531 ns, At safepoint: 4098 ns, Total: 185629 ns
[2022-08-29T07:12:23.770+0000][7][safepoint   ] Safepoint "ICBufferFull", Time since last: 7227360 ns, Reaching safepoint: 263895 ns, At safepoint: 63169 ns, Total: 327064 ns
[2022-08-29T07:12:23.774+0000][7][safepoint   ] Safepoint "ICBufferFull", Time since last: 3835757 ns, Reaching safepoint: 148138 ns, At safepoint: 35016 ns, Total: 183154 ns
[2022-08-29T07:12:23.778+0000][7][safepoint   ] Safepoint "ICBufferFull", Time since last: 3652743 ns, Reaching safepoint: 267332 ns, At safepoint: 30828 ns, Total: 298160 ns
[2022-08-29T07:12:23.783+0000][7][safepoint   ] Safepoint "ICBufferFull", Time since last: 4311419 ns, Reaching safepoint: 230262 ns, At safepoint: 8185 ns, Total: 238447 ns
[2022-08-29T07:12:23.790+0000][7][safepoint   ] Safepoint "ICBufferFull", Time since last: 6752821 ns, Reaching safepoint: 282981 ns, At safepoint: 51466 ns, Total: 334447 ns
[2022-08-29T07:12:23.798+0000][7][safepoint   ] Safepoint "ICBufferFull", Time since last: 7876889 ns, Reaching safepoint: 195898 ns, At safepoint: 34795 ns, Total: 230693 ns
[2022-08-29T07:12:23.803+0000][7][safepoint   ] Safepoint "ICBufferFull", Time since last: 4627663 ns, Reaching safepoint: 299722 ns, At safepoint: 36308 ns, Total: 336030 ns
[2022-08-29T07:12:23.805+0000][7][safepoint   ] Safepoint "ICBufferFull", Time since last: 1512498 ns, Reaching safepoint: 219562 ns, At safepoint: 38302 ns, Total: 257864 ns
[2022-08-29T07:12:23.806+0000][7][safepoint   ] Safepoint "ICBufferFull", Time since last: 1254504 ns, Reaching safepoint: 213490 ns, At safepoint: 4599 ns, Total: 218089 ns
[2022-08-29T07:12:23.808+0000][7][safepoint   ] Safepoint "ICBufferFull", Time since last: 1554176 ns, Reaching safepoint: 253355 ns, At safepoint: 47880 ns, Total: 301235 ns
[2022-08-29T07:12:23.813+0000][7][safepoint   ] Safepoint "ICBufferFull", Time since last: 4363698 ns, Reaching safepoint: 240210 ns, At safepoint: 30227 ns, Total: 270437 ns
[2022-08-29T07:12:24.362+0000][7][gc,start    ] GC(3) Pause Young (Normal) (G1 Evacuation Pause)
[2022-08-29T07:12:24.362+0000][7][gc,task     ] GC(3) Using 6 workers of 6 for evacuation
[2022-08-29T07:12:24.363+0000][7][gc,age      ] GC(3) Desired survivor size 10485760 bytes, new threshold 15 (max threshold 15)
[2022-08-29T07:12:24.370+0000][7][gc,age      ] GC(3) Age table with threshold 15 (max threshold 15)
[2022-08-29T07:12:24.371+0000][7][gc,age      ] GC(3) - age   1:    3568448 bytes,    3568448 total
[2022-08-29T07:12:24.371+0000][7][gc,age      ] GC(3) - age   2:    2338616 bytes,    5907064 total
[2022-08-29T07:12:24.371+0000][7][gc,age      ] GC(3) - age   3:    1233456 bytes,    7140520 total
[2022-08-29T07:12:24.371+0000][7][gc,phases   ] GC(3)   Pre Evacuate Collection Set: 0.1ms
[2022-08-29T07:12:24.371+0000][7][gc,phases   ] GC(3)   Merge Heap Roots: 0.0ms
[2022-08-29T07:12:24.371+0000][7][gc,phases   ] GC(3)   Evacuate Collection Set: 5.7ms
[2022-08-29T07:12:24.372+0000][7][gc,phases   ] GC(3)   Post Evacuate Collection Set: 1.0ms
[2022-08-29T07:12:24.372+0000][7][gc,phases   ] GC(3)   Other: 2.3ms
[2022-08-29T07:12:24.372+0000][7][gc,heap     ] GC(3) Eden regions: 35->0(36)
[2022-08-29T07:12:24.372+0000][7][gc,heap     ] GC(3) Survivor regions: 1->2(5)
[2022-08-29T07:12:24.372+0000][7][gc,heap     ] GC(3) Old regions: 1->1
[2022-08-29T07:12:24.373+0000][7][gc,heap     ] GC(3) Archive regions: 2->2
[2022-08-29T07:12:24.373+0000][7][gc,heap     ] GC(3) Humongous regions: 0->0
[2022-08-29T07:12:24.373+0000][7][gc,metaspace] GC(3) Metaspace: 17951K(18432K)->17951K(18432K) NonClass: 15817K(16128K)->15817K(16128K) Class: 2133K(2304K)->2133K(2304K)
[2022-08-29T07:12:24.373+0000][7][gc          ] GC(3) Pause Young (Normal) (G1 Evacuation Pause) 150M->13M(256M) 11.280ms
[2022-08-29T07:12:24.373+0000][7][gc,cpu      ] GC(3) User=0.03s Sys=0.01s Real=0.02s
[2022-08-29T07:12:24.374+0000][7][safepoint   ] Safepoint "G1CollectForAllocation", Time since last: 548875599 ns, Reaching safepoint: 422773 ns, At safepoint: 11813144 ns, Total: 12235917 ns
[2022-08-29T07:12:24.706+0000][7][gc,start    ] GC(4) Pause Young (Normal) (G1 Evacuation Pause)
[2022-08-29T07:12:24.706+0000][7][gc,task     ] GC(4) Using 6 workers of 6 for evacuation
[2022-08-29T07:12:24.706+0000][7][gc,age      ] GC(4) Desired survivor size 10485760 bytes, new threshold 15 (max threshold 15)
[2022-08-29T07:12:24.722+0000][7][gc,age      ] GC(4) Age table with threshold 15 (max threshold 15)
[2022-08-29T07:12:24.723+0000][7][gc,age      ] GC(4) - age   1:    2263584 bytes,    2263584 total
[2022-08-29T07:12:24.723+0000][7][gc,age      ] GC(4) - age   2:    3320384 bytes,    5583968 total
[2022-08-29T07:12:24.723+0000][7][gc,age      ] GC(4) - age   3:    2338616 bytes,    7922584 total
[2022-08-29T07:12:24.723+0000][7][gc,age      ] GC(4) - age   4:    1233456 bytes,    9156040 total
[2022-08-29T07:12:24.724+0000][7][gc,phases   ] GC(4)   Pre Evacuate Collection Set: 0.2ms
[2022-08-29T07:12:24.724+0000][7][gc,phases   ] GC(4)   Merge Heap Roots: 0.1ms
[2022-08-29T07:12:24.724+0000][7][gc,phases   ] GC(4)   Evacuate Collection Set: 14.2ms
[2022-08-29T07:12:24.724+0000][7][gc,phases   ] GC(4)   Post Evacuate Collection Set: 1.0ms
[2022-08-29T07:12:24.725+0000][7][gc,phases   ] GC(4)   Other: 2.5ms
[2022-08-29T07:12:24.725+0000][7][gc,heap     ] GC(4) Eden regions: 36->0(35)
[2022-08-29T07:12:24.725+0000][7][gc,heap     ] GC(4) Survivor regions: 2->3(5)
[2022-08-29T07:12:24.725+0000][7][gc,heap     ] GC(4) Old regions: 1->1
[2022-08-29T07:12:24.726+0000][7][gc,heap     ] GC(4) Archive regions: 2->2
[2022-08-29T07:12:24.726+0000][7][gc,heap     ] GC(4) Humongous regions: 0->0
[2022-08-29T07:12:24.726+0000][7][gc,metaspace] GC(4) Metaspace: 18498K(19328K)->18498K(19328K) NonClass: 16294K(16896K)->16294K(16896K) Class: 2204K(2432K)->2204K(2432K)
[2022-08-29T07:12:24.726+0000][7][gc          ] GC(4) Pause Young (Normal) (G1 Evacuation Pause) 157M->16M(256M) 20.456ms
[2022-08-29T07:12:24.727+0000][7][gc,cpu      ] GC(4) User=0.04s Sys=0.00s Real=0.02s
[2022-08-29T07:12:24.727+0000][7][safepoint   ] Safepoint "G1CollectForAllocation", Time since last: 331754371 ns, Reaching safepoint: 282781 ns, At safepoint: 20964996 ns, Total: 21247777 ns
[2022-08-29T07:12:25.079+0000][7][gc,start    ] GC(5) Pause Young (Normal) (G1 Evacuation Pause)
[2022-08-29T07:12:25.079+0000][7][gc,task     ] GC(5) Using 6 workers of 6 for evacuation
[2022-08-29T07:12:25.080+0000][7][gc,age      ] GC(5) Desired survivor size 10485760 bytes, new threshold 15 (max threshold 15)
[2022-08-29T07:12:25.096+0000][7][gc,age      ] GC(5) Age table with threshold 15 (max threshold 15)
[2022-08-29T07:12:25.096+0000][7][gc,age      ] GC(5) - age   1:    2322744 bytes,    2322744 total
[2022-08-29T07:12:25.096+0000][7][gc,age      ] GC(5) - age   2:    1882128 bytes,    4204872 total
[2022-08-29T07:12:25.096+0000][7][gc,age      ] GC(5) - age   3:    3319336 bytes,    7524208 total
[2022-08-29T07:12:25.096+0000][7][gc,age      ] GC(5) - age   4:    2338616 bytes,    9862824 total
[2022-08-29T07:12:25.097+0000][7][gc,age      ] GC(5) - age   5:    1233456 bytes,   11096280 total
[2022-08-29T07:12:25.097+0000][7][gc,phases   ] GC(5)   Pre Evacuate Collection Set: 0.0ms
[2022-08-29T07:12:25.097+0000][7][gc,phases   ] GC(5)   Merge Heap Roots: 0.0ms
[2022-08-29T07:12:25.097+0000][7][gc,phases   ] GC(5)   Evacuate Collection Set: 14.7ms
[2022-08-29T07:12:25.098+0000][7][gc,phases   ] GC(5)   Post Evacuate Collection Set: 1.0ms
[2022-08-29T07:12:25.098+0000][7][gc,phases   ] GC(5)   Other: 2.2ms
[2022-08-29T07:12:25.098+0000][7][gc,heap     ] GC(5) Eden regions: 35->0(35)
[2022-08-29T07:12:25.098+0000][7][gc,heap     ] GC(5) Survivor regions: 3->3(5)
[2022-08-29T07:12:25.098+0000][7][gc,heap     ] GC(5) Old regions: 1->1
[2022-08-29T07:12:25.099+0000][7][gc,heap     ] GC(5) Archive regions: 2->2
[2022-08-29T07:12:25.099+0000][7][gc,heap     ] GC(5) Humongous regions: 0->0
[2022-08-29T07:12:25.099+0000][7][gc,metaspace] GC(5) Metaspace: 18966K(19712K)->18966K(19712K) NonClass: 16688K(17152K)->16688K(17152K) Class: 2278K(2560K)->2278K(2560K)
[2022-08-29T07:12:25.099+0000][7][gc          ] GC(5) Pause Young (Normal) (G1 Evacuation Pause) 156M->17M(256M) 20.253ms
[2022-08-29T07:12:25.099+0000][7][gc,cpu      ] GC(5) User=0.04s Sys=0.00s Real=0.02s
[2022-08-29T07:12:25.100+0000][7][safepoint   ] Safepoint "G1CollectForAllocation", Time since last: 351925787 ns, Reaching safepoint: 178054 ns, At safepoint: 20829562 ns, Total: 21007616 ns
[2022-08-29T07:12:25.493+0000][7][gc,start    ] GC(6) Pause Young (Normal) (G1 Evacuation Pause)
[2022-08-29T07:12:25.493+0000][7][gc,task     ] GC(6) Using 6 workers of 6 for evacuation
[2022-08-29T07:12:25.496+0000][7][gc,age      ] GC(6) Desired survivor size 10485760 bytes, new threshold 5 (max threshold 15)
[2022-08-29T07:12:25.522+0000][7][gc,age      ] GC(6) Age table with threshold 5 (max threshold 15)
[2022-08-29T07:12:25.522+0000][7][gc,age      ] GC(6) - age   1:    1833312 bytes,    1833312 total
[2022-08-29T07:12:25.522+0000][7][gc,age      ] GC(6) - age   2:    1478880 bytes,    3312192 total
[2022-08-29T07:12:25.523+0000][7][gc,age      ] GC(6) - age   3:    1882128 bytes,    5194320 total
[2022-08-29T07:12:25.530+0000][7][gc,age      ] GC(6) - age   4:    3319336 bytes,    8513656 total
[2022-08-29T07:12:25.531+0000][7][gc,age      ] GC(6) - age   5:    2338616 bytes,   10852272 total
[2022-08-29T07:12:25.532+0000][7][gc,phases   ] GC(6)   Pre Evacuate Collection Set: 0.7ms
[2022-08-29T07:12:25.532+0000][7][gc,phases   ] GC(6)   Merge Heap Roots: 0.1ms
[2022-08-29T07:12:25.534+0000][7][gc,phases   ] GC(6)   Evacuate Collection Set: 20.3ms
[2022-08-29T07:12:25.535+0000][7][gc,phases   ] GC(6)   Post Evacuate Collection Set: 2.1ms
[2022-08-29T07:12:25.536+0000][7][gc,phases   ] GC(6)   Other: 15.8ms
[2022-08-29T07:12:25.537+0000][7][gc,heap     ] GC(6) Eden regions: 35->0(35)
[2022-08-29T07:12:25.537+0000][7][gc,heap     ] GC(6) Survivor regions: 3->3(5)
[2022-08-29T07:12:25.537+0000][7][gc,heap     ] GC(6) Old regions: 1->2
[2022-08-29T07:12:25.537+0000][7][gc,heap     ] GC(6) Archive regions: 2->2
[2022-08-29T07:12:25.538+0000][7][gc,heap     ] GC(6) Humongous regions: 0->0
[2022-08-29T07:12:25.538+0000][7][gc,metaspace] GC(6) Metaspace: 19262K(20224K)->19262K(20224K) NonClass: 16953K(17664K)->16953K(17664K) Class: 2309K(2560K)->2309K(2560K)
[2022-08-29T07:12:25.538+0000][7][gc          ] GC(6) Pause Young (Normal) (G1 Evacuation Pause) 157M->19M(256M) 45.249ms
[2022-08-29T07:12:25.538+0000][7][gc,cpu      ] GC(6) User=0.11s Sys=0.01s Real=0.04s
[2022-08-29T07:12:25.539+0000][7][safepoint   ] Safepoint "G1CollectForAllocation", Time since last: 390688818 ns, Reaching safepoint: 2394753 ns, At safepoint: 45879782 ns, Total: 48274535 ns
[2022-08-29T07:12:25.767+0000][7][gc,start    ] GC(7) Pause Young (Normal) (G1 Evacuation Pause)
[2022-08-29T07:12:25.768+0000][7][gc,task     ] GC(7) Using 6 workers of 6 for evacuation
[2022-08-29T07:12:25.768+0000][7][gc,age      ] GC(7) Desired survivor size 10485760 bytes, new threshold 5 (max threshold 15)
[2022-08-29T07:12:25.781+0000][7][gc,age      ] GC(7) Age table with threshold 5 (max threshold 15)
[2022-08-29T07:12:25.781+0000][7][gc,age      ] GC(7) - age   1:     608264 bytes,     608264 total
[2022-08-29T07:12:25.782+0000][7][gc,age      ] GC(7) - age   2:    1240800 bytes,    1849064 total
[2022-08-29T07:12:25.782+0000][7][gc,age      ] GC(7) - age   3:    1478272 bytes,    3327336 total
[2022-08-29T07:12:25.782+0000][7][gc,age      ] GC(7) - age   4:    1882096 bytes,    5209432 total
[2022-08-29T07:12:25.782+0000][7][gc,age      ] GC(7) - age   5:    3315384 bytes,    8524816 total
[2022-08-29T07:12:25.783+0000][7][gc,phases   ] GC(7)   Pre Evacuate Collection Set: 0.2ms
[2022-08-29T07:12:25.783+0000][7][gc,phases   ] GC(7)   Merge Heap Roots: 0.2ms
[2022-08-29T07:12:25.783+0000][7][gc,phases   ] GC(7)   Evacuate Collection Set: 11.0ms
[2022-08-29T07:12:25.784+0000][7][gc,phases   ] GC(7)   Post Evacuate Collection Set: 1.4ms
[2022-08-29T07:12:25.784+0000][7][gc,phases   ] GC(7)   Other: 2.9ms
[2022-08-29T07:12:25.784+0000][7][gc,heap     ] GC(7) Eden regions: 35->0(35)
[2022-08-29T07:12:25.784+0000][7][gc,heap     ] GC(7) Survivor regions: 3->3(5)
[2022-08-29T07:12:25.784+0000][7][gc,heap     ] GC(7) Old regions: 2->2
[2022-08-29T07:12:25.784+0000][7][gc,heap     ] GC(7) Archive regions: 2->2
[2022-08-29T07:12:25.785+0000][7][gc,heap     ] GC(7) Humongous regions: 0->0
[2022-08-29T07:12:25.785+0000][7][gc,metaspace] GC(7) Metaspace: 19398K(20480K)->19398K(20480K) NonClass: 17064K(17920K)->17064K(17920K) Class: 2334K(2560K)->2334K(2560K)
[2022-08-29T07:12:25.785+0000][7][gc          ] GC(7) Pause Young (Normal) (G1 Evacuation Pause) 159M->19M(256M) 17.581ms
[2022-08-29T07:12:25.785+0000][7][gc,cpu      ] GC(7) User=0.02s Sys=0.00s Real=0.02s
[2022-08-29T07:12:25.785+0000][7][safepoint   ] Safepoint "G1CollectForAllocation", Time since last: 228486773 ns, Reaching safepoint: 170541 ns, At safepoint: 18171544 ns, Total: 18342085 ns
[2022-08-29T07:12:26.022+0000][7][gc,start    ] GC(8) Pause Young (Normal) (G1 Evacuation Pause)
[2022-08-29T07:12:26.022+0000][7][gc,task     ] GC(8) Using 6 workers of 6 for evacuation
[2022-08-29T07:12:26.022+0000][7][gc,age      ] GC(8) Desired survivor size 10485760 bytes, new threshold 15 (max threshold 15)
[2022-08-29T07:12:26.035+0000][7][gc,age      ] GC(8) Age table with threshold 15 (max threshold 15)
[2022-08-29T07:12:26.038+0000][7][gc,age      ] GC(8) - age   1:    1480744 bytes,    1480744 total
[2022-08-29T07:12:26.038+0000][7][gc,age      ] GC(8) - age   2:     255536 bytes,    1736280 total
[2022-08-29T07:12:26.038+0000][7][gc,age      ] GC(8) - age   3:    1240800 bytes,    2977080 total
[2022-08-29T07:12:26.038+0000][7][gc,age      ] GC(8) - age   4:    1478272 bytes,    4455352 total
[2022-08-29T07:12:26.039+0000][7][gc,age      ] GC(8) - age   5:    1882096 bytes,    6337448 total
[2022-08-29T07:12:26.039+0000][7][gc,age      ] GC(8) - age   6:    3315384 bytes,    9652832 total
[2022-08-29T07:12:26.039+0000][7][gc,phases   ] GC(8)   Pre Evacuate Collection Set: 0.1ms
[2022-08-29T07:12:26.039+0000][7][gc,phases   ] GC(8)   Merge Heap Roots: 0.1ms
[2022-08-29T07:12:26.039+0000][7][gc,phases   ] GC(8)   Evacuate Collection Set: 10.1ms
[2022-08-29T07:12:26.041+0000][7][gc,phases   ] GC(8)   Post Evacuate Collection Set: 2.6ms
[2022-08-29T07:12:26.042+0000][7][gc,phases   ] GC(8)   Other: 4.5ms
[2022-08-29T07:12:26.042+0000][7][gc,heap     ] GC(8) Eden regions: 35->0(35)
[2022-08-29T07:12:26.042+0000][7][gc,heap     ] GC(8) Survivor regions: 3->3(5)
[2022-08-29T07:12:26.042+0000][7][gc,heap     ] GC(8) Old regions: 2->2
[2022-08-29T07:12:26.043+0000][7][gc,heap     ] GC(8) Archive regions: 2->2
[2022-08-29T07:12:26.043+0000][7][gc,heap     ] GC(8) Humongous regions: 0->0
[2022-08-29T07:12:26.043+0000][7][gc,metaspace] GC(8) Metaspace: 19614K(20864K)->19614K(20864K) NonClass: 17239K(18176K)->17239K(18176K) Class: 2375K(2688K)->2375K(2688K)
[2022-08-29T07:12:26.043+0000][7][gc          ] GC(8) Pause Young (Normal) (G1 Evacuation Pause) 159M->20M(256M) 21.402ms
[2022-08-29T07:12:26.043+0000][7][gc,cpu      ] GC(8) User=0.02s Sys=0.01s Real=0.03s
[2022-08-29T07:12:26.044+0000][7][safepoint   ] Safepoint "G1CollectForAllocation", Time since last: 235931461 ns, Reaching safepoint: 283171 ns, At safepoint: 21892186 ns, Total: 22175357 ns
[2022-08-29T07:12:26.258+0000][7][gc,start    ] GC(9) Pause Young (Normal) (G1 Evacuation Pause)
[2022-08-29T07:12:26.258+0000][7][gc,task     ] GC(9) Using 6 workers of 6 for evacuation
[2022-08-29T07:12:26.258+0000][7][gc,age      ] GC(9) Desired survivor size 10485760 bytes, new threshold 15 (max threshold 15)
[2022-08-29T07:12:26.268+0000][7][gc,age      ] GC(9) Age table with threshold 15 (max threshold 15)
[2022-08-29T07:12:26.268+0000][7][gc,age      ] GC(9) - age   1:     794128 bytes,     794128 total
[2022-08-29T07:12:26.269+0000][7][gc,age      ] GC(9) - age   2:     255072 bytes,    1049200 total
[2022-08-29T07:12:26.269+0000][7][gc,age      ] GC(9) - age   3:     255384 bytes,    1304584 total
[2022-08-29T07:12:26.269+0000][7][gc,age      ] GC(9) - age   4:    1240800 bytes,    2545384 total
[2022-08-29T07:12:26.269+0000][7][gc,age      ] GC(9) - age   5:    1477600 bytes,    4022984 total
[2022-08-29T07:12:26.269+0000][7][gc,age      ] GC(9) - age   6:    1881808 bytes,    5904792 total
[2022-08-29T07:12:26.269+0000][7][gc,age      ] GC(9) - age   7:    3315256 bytes,    9220048 total
[2022-08-29T07:12:26.270+0000][7][gc,phases   ] GC(9)   Pre Evacuate Collection Set: 0.1ms
[2022-08-29T07:12:26.270+0000][7][gc,phases   ] GC(9)   Merge Heap Roots: 0.1ms
[2022-08-29T07:12:26.270+0000][7][gc,phases   ] GC(9)   Evacuate Collection Set: 6.6ms
[2022-08-29T07:12:26.270+0000][7][gc,phases   ] GC(9)   Post Evacuate Collection Set: 0.6ms
[2022-08-29T07:12:26.270+0000][7][gc,phases   ] GC(9)   Other: 4.4ms
[2022-08-29T07:12:26.270+0000][7][gc,heap     ] GC(9) Eden regions: 35->0(35)
[2022-08-29T07:12:26.270+0000][7][gc,heap     ] GC(9) Survivor regions: 3->3(5)
[2022-08-29T07:12:26.271+0000][7][gc,heap     ] GC(9) Old regions: 2->2
[2022-08-29T07:12:26.271+0000][7][gc,heap     ] GC(9) Archive regions: 2->2
[2022-08-29T07:12:26.271+0000][7][gc,heap     ] GC(9) Humongous regions: 0->0
[2022-08-29T07:12:26.271+0000][7][gc,metaspace] GC(9) Metaspace: 19687K(20864K)->19687K(20864K) NonClass: 17298K(18176K)->17298K(18176K) Class: 2389K(2688K)->2389K(2688K)
[2022-08-29T07:12:26.271+0000][7][gc          ] GC(9) Pause Young (Normal) (G1 Evacuation Pause) 160M->19M(256M) 13.462ms
[2022-08-29T07:12:26.271+0000][7][gc,cpu      ] GC(9) User=0.03s Sys=0.00s Real=0.01s
[2022-08-29T07:12:26.272+0000][7][safepoint   ] Safepoint "G1CollectForAllocation", Time since last: 213873534 ns, Reaching safepoint: 222217 ns, At safepoint: 13909258 ns, Total: 14131475 ns
[2022-08-29T07:12:26.521+0000][7][gc,start    ] GC(10) Pause Young (Concurrent Start) (Metadata GC Threshold)
[2022-08-29T07:12:26.522+0000][7][gc,task     ] GC(10) Using 6 workers of 6 for evacuation
[2022-08-29T07:12:26.522+0000][7][gc,age      ] GC(10) Desired survivor size 10485760 bytes, new threshold 15 (max threshold 15)
[2022-08-29T07:12:26.528+0000][7][gc,age      ] GC(10) Age table with threshold 15 (max threshold 15)
[2022-08-29T07:12:26.529+0000][7][gc,age      ] GC(10) - age   1:    1645064 bytes,    1645064 total
[2022-08-29T07:12:26.529+0000][7][gc,age      ] GC(10) - age   2:     449112 bytes,    2094176 total
[2022-08-29T07:12:26.530+0000][7][gc,age      ] GC(10) - age   3:     255072 bytes,    2349248 total
[2022-08-29T07:12:26.530+0000][7][gc,age      ] GC(10) - age   4:     255384 bytes,    2604632 total
[2022-08-29T07:12:26.530+0000][7][gc,age      ] GC(10) - age   5:    1240800 bytes,    3845432 total
[2022-08-29T07:12:26.530+0000][7][gc,age      ] GC(10) - age   6:    1476560 bytes,    5321992 total
[2022-08-29T07:12:26.531+0000][7][gc,age      ] GC(10) - age   7:    1881808 bytes,    7203800 total
[2022-08-29T07:12:26.531+0000][7][gc,age      ] GC(10) - age   8:    3315152 bytes,   10518952 total
[2022-08-29T07:12:26.531+0000][7][gc,phases   ] GC(10)   Pre Evacuate Collection Set: 0.1ms
[2022-08-29T07:12:26.531+0000][7][gc,phases   ] GC(10)   Merge Heap Roots: 0.1ms
[2022-08-29T07:12:26.531+0000][7][gc,phases   ] GC(10)   Evacuate Collection Set: 5.7ms
[2022-08-29T07:12:26.531+0000][7][gc,phases   ] GC(10)   Post Evacuate Collection Set: 0.5ms
[2022-08-29T07:12:26.532+0000][7][gc,phases   ] GC(10)   Other: 3.3ms
[2022-08-29T07:12:26.532+0000][7][gc,heap     ] GC(10) Eden regions: 34->0(35)
[2022-08-29T07:12:26.532+0000][7][gc,heap     ] GC(10) Survivor regions: 3->3(5)
[2022-08-29T07:12:26.532+0000][7][gc,heap     ] GC(10) Old regions: 2->2
[2022-08-29T07:12:26.532+0000][7][gc,heap     ] GC(10) Archive regions: 2->2
[2022-08-29T07:12:26.532+0000][7][gc,heap     ] GC(10) Humongous regions: 0->0
[2022-08-29T07:12:26.532+0000][7][gc,metaspace] GC(10) Metaspace: 19943K(21248K)->19943K(21248K) NonClass: 17511K(18432K)->17511K(18432K) Class: 2431K(2816K)->2431K(2816K)
[2022-08-29T07:12:26.533+0000][7][gc          ] GC(10) Pause Young (Concurrent Start) (Metadata GC Threshold) 153M->20M(256M) 11.281ms
[2022-08-29T07:12:26.533+0000][7][gc,cpu      ] GC(10) User=0.04s Sys=0.00s Real=0.02s
[2022-08-29T07:12:26.533+0000][7][safepoint   ] Safepoint "CollectForMetadataAllocation", Time since last: 249474381 ns, Reaching safepoint: 202500 ns, At safepoint: 11775133 ns, Total: 11977633 ns
[2022-08-29T07:12:26.538+0000][7][gc          ] GC(11) Concurrent Cycle
[2022-08-29T07:12:26.539+0000][7][gc,marking  ] GC(11) Concurrent Clear Claimed Marks
[2022-08-29T07:12:26.539+0000][7][gc,marking  ] GC(11) Concurrent Clear Claimed Marks 0.193ms
[2022-08-29T07:12:26.539+0000][7][gc,marking  ] GC(11) Concurrent Scan Root Regions
[2022-08-29T07:12:26.545+0000][7][gc,marking  ] GC(11) Concurrent Scan Root Regions 6.205ms
[2022-08-29T07:12:26.547+0000][7][gc,marking  ] GC(11) Concurrent Mark (5.767s)
[2022-08-29T07:12:26.547+0000][7][gc,marking  ] GC(11) Concurrent Mark From Roots
[2022-08-29T07:12:26.547+0000][7][gc,task     ] GC(11) Using 2 workers of 2 for marking
[2022-08-29T07:12:26.573+0000][7][gc,marking  ] GC(11) Concurrent Mark From Roots 25.760ms
[2022-08-29T07:12:26.574+0000][7][gc,marking  ] GC(11) Concurrent Preclean
[2022-08-29T07:12:26.574+0000][7][gc,marking  ] GC(11) Concurrent Preclean 0.230ms
[2022-08-29T07:12:26.574+0000][7][gc,marking  ] GC(11) Concurrent Mark (5.767s, 5.795s) 27.699ms
[2022-08-29T07:12:26.575+0000][7][gc,start    ] GC(11) Pause Remark
[2022-08-29T07:12:26.578+0000][7][gc          ] GC(11) Pause Remark 46M->46M(256M) 3.219ms
[2022-08-29T07:12:26.578+0000][7][gc,cpu      ] GC(11) User=0.00s Sys=0.00s Real=0.00s
[2022-08-29T07:12:26.579+0000][7][safepoint   ] Safepoint "G1Concurrent", Time since last: 41539349 ns, Reaching safepoint: 203272 ns, At safepoint: 3874829 ns, Total: 4078101 ns
[2022-08-29T07:12:26.583+0000][7][gc,marking  ] GC(11) Concurrent Rebuild Remembered Sets
[2022-08-29T07:12:26.588+0000][7][gc,marking  ] GC(11) Concurrent Rebuild Remembered Sets 4.826ms
[2022-08-29T07:12:26.589+0000][7][gc,start    ] GC(11) Pause Cleanup
[2022-08-29T07:12:26.589+0000][7][gc          ] GC(11) Pause Cleanup 48M->48M(256M) 0.408ms
[2022-08-29T07:12:26.589+0000][7][gc,cpu      ] GC(11) User=0.00s Sys=0.00s Real=0.00s
[2022-08-29T07:12:26.589+0000][7][safepoint   ] Safepoint "G1Concurrent", Time since last: 9432499 ns, Reaching safepoint: 471174 ns, At safepoint: 901180 ns, Total: 1372354 ns
[2022-08-29T07:12:26.590+0000][7][gc,marking  ] GC(11) Concurrent Cleanup for Next Mark
[2022-08-29T07:12:26.590+0000][7][gc,marking  ] GC(11) Concurrent Cleanup for Next Mark 0.681ms
[2022-08-29T07:12:26.591+0000][7][gc          ] GC(11) Concurrent Cycle 52.376ms
[2022-08-29T07:12:26.726+0000][7][gc,start    ] GC(12) Pause Young (Normal) (G1 Evacuation Pause)
[2022-08-29T07:12:26.727+0000][7][gc,task     ] GC(12) Using 6 workers of 6 for evacuation
[2022-08-29T07:12:26.727+0000][7][gc,age      ] GC(12) Desired survivor size 10485760 bytes, new threshold 8 (max threshold 15)
[2022-08-29T07:12:26.734+0000][7][gc,age      ] GC(12) Age table with threshold 8 (max threshold 15)
[2022-08-29T07:12:26.734+0000][7][gc,age      ] GC(12) - age   1:    2075752 bytes,    2075752 total
[2022-08-29T07:12:26.734+0000][7][gc,age      ] GC(12) - age   2:    1600416 bytes,    3676168 total
[2022-08-29T07:12:26.734+0000][7][gc,age      ] GC(12) - age   3:     447512 bytes,    4123680 total
[2022-08-29T07:12:26.735+0000][7][gc,age      ] GC(12) - age   4:     255008 bytes,    4378688 total
[2022-08-29T07:12:26.735+0000][7][gc,age      ] GC(12) - age   5:     255320 bytes,    4634008 total
[2022-08-29T07:12:26.735+0000][7][gc,age      ] GC(12) - age   6:    1240800 bytes,    5874808 total
[2022-08-29T07:12:26.735+0000][7][gc,age      ] GC(12) - age   7:    1476560 bytes,    7351368 total
[2022-08-29T07:12:26.735+0000][7][gc,age      ] GC(12) - age   8:    1881616 bytes,    9232984 total
[2022-08-29T07:12:26.735+0000][7][gc,phases   ] GC(12)   Pre Evacuate Collection Set: 0.0ms
[2022-08-29T07:12:26.735+0000][7][gc,phases   ] GC(12)   Merge Heap Roots: 0.0ms
[2022-08-29T07:12:26.736+0000][7][gc,phases   ] GC(12)   Evacuate Collection Set: 5.8ms
[2022-08-29T07:12:26.736+0000][7][gc,phases   ] GC(12)   Post Evacuate Collection Set: 0.6ms
[2022-08-29T07:12:26.736+0000][7][gc,phases   ] GC(12)   Other: 2.3ms
[2022-08-29T07:12:26.736+0000][7][gc,heap     ] GC(12) Eden regions: 35->0(35)
[2022-08-29T07:12:26.736+0000][7][gc,heap     ] GC(12) Survivor regions: 3->3(5)
[2022-08-29T07:12:26.736+0000][7][gc,heap     ] GC(12) Old regions: 2->3
[2022-08-29T07:12:26.736+0000][7][gc,heap     ] GC(12) Archive regions: 2->2
[2022-08-29T07:12:26.737+0000][7][gc,heap     ] GC(12) Humongous regions: 0->0
[2022-08-29T07:12:26.737+0000][7][gc,metaspace] GC(12) Metaspace: 20056K(21504K)->20056K(21504K) NonClass: 17602K(18688K)->17602K(18688K) Class: 2454K(2816K)->2454K(2816K)
[2022-08-29T07:12:26.737+0000][7][gc          ] GC(12) Pause Young (Normal) (G1 Evacuation Pause) 160M->23M(256M) 10.304ms
[2022-08-29T07:12:26.737+0000][7][gc,cpu      ] GC(12) User=0.03s Sys=0.00s Real=0.01s
[2022-08-29T07:12:26.737+0000][7][safepoint   ] Safepoint "G1CollectForAllocation", Time since last: 136749059 ns, Reaching safepoint: 243908 ns, At safepoint: 10665691 ns, Total: 10909599 ns
[2022-08-29T07:12:26.863+0000][7][gc,start    ] GC(13) Pause Young (Normal) (G1 Evacuation Pause)
[2022-08-29T07:12:26.864+0000][7][gc,task     ] GC(13) Using 6 workers of 6 for evacuation
[2022-08-29T07:12:26.864+0000][7][gc,age      ] GC(13) Desired survivor size 10485760 bytes, new threshold 15 (max threshold 15)
[2022-08-29T07:12:26.868+0000][7][gc,age      ] GC(13) Age table with threshold 15 (max threshold 15)
[2022-08-29T07:12:26.868+0000][7][gc,age      ] GC(13) - age   1:     870744 bytes,     870744 total
[2022-08-29T07:12:26.868+0000][7][gc,age      ] GC(13) - age   2:     514648 bytes,    1385392 total
[2022-08-29T07:12:26.868+0000][7][gc,age      ] GC(13) - age   3:    1600416 bytes,    2985808 total
[2022-08-29T07:12:26.868+0000][7][gc,age      ] GC(13) - age   4:     447296 bytes,    3433104 total
[2022-08-29T07:12:26.869+0000][7][gc,age      ] GC(13) - age   5:     255008 bytes,    3688112 total
[2022-08-29T07:12:26.869+0000][7][gc,age      ] GC(13) - age   6:     254776 bytes,    3942888 total
[2022-08-29T07:12:26.869+0000][7][gc,age      ] GC(13) - age   7:    1240800 bytes,    5183688 total
[2022-08-29T07:12:26.869+0000][7][gc,age      ] GC(13) - age   8:    1476560 bytes,    6660248 total
[2022-08-29T07:12:26.869+0000][7][gc,age      ] GC(13) - age   9:    1881616 bytes,    8541864 total
[2022-08-29T07:12:26.869+0000][7][gc,phases   ] GC(13)   Pre Evacuate Collection Set: 0.1ms
[2022-08-29T07:12:26.869+0000][7][gc,phases   ] GC(13)   Merge Heap Roots: 0.1ms
[2022-08-29T07:12:26.869+0000][7][gc,phases   ] GC(13)   Evacuate Collection Set: 2.7ms
[2022-08-29T07:12:26.870+0000][7][gc,phases   ] GC(13)   Post Evacuate Collection Set: 0.6ms
[2022-08-29T07:12:26.870+0000][7][gc,phases   ] GC(13)   Other: 2.2ms
[2022-08-29T07:12:26.870+0000][7][gc,heap     ] GC(13) Eden regions: 35->0(35)
[2022-08-29T07:12:26.870+0000][7][gc,heap     ] GC(13) Survivor regions: 3->3(5)
[2022-08-29T07:12:26.870+0000][7][gc,heap     ] GC(13) Old regions: 3->3
[2022-08-29T07:12:26.870+0000][7][gc,heap     ] GC(13) Archive regions: 2->2
[2022-08-29T07:12:26.870+0000][7][gc,heap     ] GC(13) Humongous regions: 0->0
[2022-08-29T07:12:26.870+0000][7][gc,metaspace] GC(13) Metaspace: 20094K(21504K)->20094K(21504K) NonClass: 17631K(18688K)->17631K(18688K) Class: 2463K(2816K)->2463K(2816K)
[2022-08-29T07:12:26.871+0000][7][gc          ] GC(13) Pause Young (Normal) (G1 Evacuation Pause) 163M->22M(256M) 7.099ms
[2022-08-29T07:12:26.871+0000][7][gc,cpu      ] GC(13) User=0.01s Sys=0.01s Real=0.00s
[2022-08-29T07:12:26.871+0000][7][safepoint   ] Safepoint "G1CollectForAllocation", Time since last: 126070893 ns, Reaching safepoint: 229060 ns, At safepoint: 7419981 ns, Total: 7649041 ns
[2022-08-29T07:12:27.766+0000][7][safepoint   ] Safepoint "ICBufferFull", Time since last: 894785128 ns, Reaching safepoint: 377138 ns, At safepoint: 43502 ns, Total: 420640 ns
[2022-08-29T07:12:28.135+0000][7][safepoint   ] Safepoint "ICBufferFull", Time since last: 368542955 ns, Reaching safepoint: 262533 ns, At safepoint: 37961 ns, Total: 300494 ns
[2022-08-29T07:12:28.321+0000][7][gc,start    ] GC(14) Pause Young (Normal) (G1 Evacuation Pause)
[2022-08-29T07:12:28.322+0000][7][gc,task     ] GC(14) Using 6 workers of 6 for evacuation
[2022-08-29T07:12:28.322+0000][7][gc,age      ] GC(14) Desired survivor size 10485760 bytes, new threshold 15 (max threshold 15)
[2022-08-29T07:12:28.340+0000][7][gc,age      ] GC(14) Age table with threshold 15 (max threshold 15)
[2022-08-29T07:12:28.341+0000][7][gc,age      ] GC(14) - age   1:    9496216 bytes,    9496216 total
[2022-08-29T07:12:28.343+0000][7][gc,age      ] GC(14) - age   2:     298648 bytes,    9794864 total
[2022-08-29T07:12:28.343+0000][7][gc,age      ] GC(14) - age   3:     514048 bytes,   10308912 total
[2022-08-29T07:12:28.344+0000][7][gc,age      ] GC(14) - age   4:    1596328 bytes,   11905240 total
[2022-08-29T07:12:28.345+0000][7][gc,age      ] GC(14) - age   5:     446736 bytes,   12351976 total
[2022-08-29T07:12:28.345+0000][7][gc,age      ] GC(14) - age   6:     254480 bytes,   12606456 total
[2022-08-29T07:12:28.347+0000][7][gc,age      ] GC(14) - age   7:     247792 bytes,   12854248 total
[2022-08-29T07:12:28.347+0000][7][gc,age      ] GC(14) - age   8:    1237952 bytes,   14092200 total
[2022-08-29T07:12:28.347+0000][7][gc,age      ] GC(14) - age   9:    1472928 bytes,   15565128 total
[2022-08-29T07:12:28.347+0000][7][gc,age      ] GC(14) - age  10:    1874264 bytes,   17439392 total
[2022-08-29T07:12:28.347+0000][7][gc,phases   ] GC(14)   Pre Evacuate Collection Set: 0.0ms
[2022-08-29T07:12:28.348+0000][7][gc,phases   ] GC(14)   Merge Heap Roots: 0.0ms
[2022-08-29T07:12:28.348+0000][7][gc,phases   ] GC(14)   Evacuate Collection Set: 12.3ms
[2022-08-29T07:12:28.348+0000][7][gc,phases   ] GC(14)   Post Evacuate Collection Set: 5.7ms
[2022-08-29T07:12:28.348+0000][7][gc,phases   ] GC(14)   Other: 7.9ms
[2022-08-29T07:12:28.348+0000][7][gc,heap     ] GC(14) Eden regions: 35->0(33)
[2022-08-29T07:12:28.348+0000][7][gc,heap     ] GC(14) Survivor regions: 3->5(5)
[2022-08-29T07:12:28.348+0000][7][gc,heap     ] GC(14) Old regions: 3->3
[2022-08-29T07:12:28.348+0000][7][gc,heap     ] GC(14) Archive regions: 2->2
[2022-08-29T07:12:28.349+0000][7][gc,heap     ] GC(14) Humongous regions: 0->0
[2022-08-29T07:12:28.349+0000][7][gc,metaspace] GC(14) Metaspace: 30016K(32000K)->30016K(32000K) NonClass: 26271K(27648K)->26271K(27648K) Class: 3744K(4352K)->3744K(4352K)
[2022-08-29T07:12:28.349+0000][7][gc          ] GC(14) Pause Young (Normal) (G1 Evacuation Pause) 162M->31M(256M) 27.335ms
[2022-08-29T07:12:28.349+0000][7][gc,cpu      ] GC(14) User=0.08s Sys=0.00s Real=0.03s
[2022-08-29T07:12:28.349+0000][7][safepoint   ] Safepoint "G1CollectForAllocation", Time since last: 186434312 ns, Reaching safepoint: 124984 ns, At safepoint: 27664837 ns, Total: 27789821 ns
[2022-08-29T07:12:29.064+0000][7][gc,start    ] GC(15) Pause Young (Normal) (G1 Evacuation Pause)
[2022-08-29T07:12:29.065+0000][7][gc,task     ] GC(15) Using 6 workers of 6 for evacuation
[2022-08-29T07:12:29.065+0000][7][gc,age      ] GC(15) Desired survivor size 10485760 bytes, new threshold 4 (max threshold 15)
[2022-08-29T07:12:29.089+0000][7][gc,age      ] GC(15) Age table with threshold 4 (max threshold 15)
[2022-08-29T07:12:29.089+0000][7][gc,age      ] GC(15) - age   1:   13043976 bytes,   13043976 total
[2022-08-29T07:12:29.089+0000][7][gc,age      ] GC(15) - age   2:    6676432 bytes,   19720408 total
[2022-08-29T07:12:29.089+0000][7][gc,age      ] GC(15) - age   3:     298648 bytes,   20019056 total
[2022-08-29T07:12:29.089+0000][7][gc,age      ] GC(15) - age   4:     513432 bytes,   20532488 total
[2022-08-29T07:12:29.090+0000][7][gc,phases   ] GC(15)   Pre Evacuate Collection Set: 0.2ms
[2022-08-29T07:12:29.090+0000][7][gc,phases   ] GC(15)   Merge Heap Roots: 0.2ms
[2022-08-29T07:12:29.090+0000][7][gc,phases   ] GC(15)   Evacuate Collection Set: 22.1ms
[2022-08-29T07:12:29.090+0000][7][gc,phases   ] GC(15)   Post Evacuate Collection Set: 1.3ms
[2022-08-29T07:12:29.090+0000][7][gc,phases   ] GC(15)   Other: 1.6ms
[2022-08-29T07:12:29.091+0000][7][gc,heap     ] GC(15) Eden regions: 33->0(33)
[2022-08-29T07:12:29.091+0000][7][gc,heap     ] GC(15) Survivor regions: 5->5(5)
[2022-08-29T07:12:29.091+0000][7][gc,heap     ] GC(15) Old regions: 3->6
[2022-08-29T07:12:29.091+0000][7][gc,heap     ] GC(15) Archive regions: 2->2
[2022-08-29T07:12:29.091+0000][7][gc,heap     ] GC(15) Humongous regions: 0->0
[2022-08-29T07:12:29.091+0000][7][gc,metaspace] GC(15) Metaspace: 30217K(32256K)->30217K(32256K) NonClass: 26443K(27904K)->26443K(27904K) Class: 3773K(4352K)->3773K(4352K)
[2022-08-29T07:12:29.091+0000][7][gc          ] GC(15) Pause Young (Normal) (G1 Evacuation Pause) 163M->46M(256M) 27.145ms
[2022-08-29T07:12:29.092+0000][7][gc,cpu      ] GC(15) User=0.11s Sys=0.00s Real=0.02s
[2022-08-29T07:12:29.092+0000][7][safepoint   ] Safepoint "G1CollectForAllocation", Time since last: 714902740 ns, Reaching safepoint: 181030 ns, At safepoint: 27518231 ns, Total: 27699261 ns
[2022-08-29T07:12:29.618+0000][7][gc,start    ] GC(16) Pause Young (Concurrent Start) (Metadata GC Threshold)
[2022-08-29T07:12:29.619+0000][7][gc,task     ] GC(16) Using 6 workers of 6 for evacuation
[2022-08-29T07:12:29.619+0000][7][gc,age      ] GC(16) Desired survivor size 10485760 bytes, new threshold 1 (max threshold 15)
[2022-08-29T07:12:29.640+0000][7][gc,age      ] GC(16) Age table with threshold 1 (max threshold 15)
[2022-08-29T07:12:29.640+0000][7][gc,age      ] GC(16) - age   1:   12333680 bytes,   12333680 total
[2022-08-29T07:12:29.640+0000][7][gc,phases   ] GC(16)   Pre Evacuate Collection Set: 0.2ms
[2022-08-29T07:12:29.641+0000][7][gc,phases   ] GC(16)   Merge Heap Roots: 0.1ms
[2022-08-29T07:12:29.641+0000][7][gc,phases   ] GC(16)   Evacuate Collection Set: 19.8ms
[2022-08-29T07:12:29.641+0000][7][gc,phases   ] GC(16)   Post Evacuate Collection Set: 0.9ms
[2022-08-29T07:12:29.641+0000][7][gc,phases   ] GC(16)   Other: 1.1ms
[2022-08-29T07:12:29.641+0000][7][gc,heap     ] GC(16) Eden regions: 22->0(29)
[2022-08-29T07:12:29.641+0000][7][gc,heap     ] GC(16) Survivor regions: 5->4(5)
[2022-08-29T07:12:29.641+0000][7][gc,heap     ] GC(16) Old regions: 6->11
[2022-08-29T07:12:29.642+0000][7][gc,heap     ] GC(16) Archive regions: 2->2
[2022-08-29T07:12:29.642+0000][7][gc,heap     ] GC(16) Humongous regions: 0->0
[2022-08-29T07:12:29.642+0000][7][gc,metaspace] GC(16) Metaspace: 33570K(35840K)->33570K(35840K) NonClass: 29235K(30848K)->29235K(30848K) Class: 4335K(4992K)->4335K(4992K)
[2022-08-29T07:12:29.642+0000][7][gc          ] GC(16) Pause Young (Concurrent Start) (Metadata GC Threshold) 132M->59M(256M) 23.738ms
[2022-08-29T07:12:29.642+0000][7][gc,cpu      ] GC(16) User=0.07s Sys=0.00s Real=0.02s
[2022-08-29T07:12:29.642+0000][7][gc          ] GC(17) Concurrent Cycle
[2022-08-29T07:12:29.642+0000][7][safepoint   ] Safepoint "CollectForMetadataAllocation", Time since last: 526241471 ns, Reaching safepoint: 296076 ns, At safepoint: 24209122 ns, Total: 24505198 ns
[2022-08-29T07:12:29.643+0000][7][gc,marking  ] GC(17) Concurrent Clear Claimed Marks
[2022-08-29T07:12:29.643+0000][7][gc,marking  ] GC(17) Concurrent Clear Claimed Marks 0.391ms
[2022-08-29T07:12:29.643+0000][7][gc,marking  ] GC(17) Concurrent Scan Root Regions
[2022-08-29T07:12:29.651+0000][7][gc,marking  ] GC(17) Concurrent Scan Root Regions 7.764ms
[2022-08-29T07:12:29.651+0000][7][gc,marking  ] GC(17) Concurrent Mark (8.872s)
[2022-08-29T07:12:29.651+0000][7][gc,marking  ] GC(17) Concurrent Mark From Roots
[2022-08-29T07:12:29.651+0000][7][gc,task     ] GC(17) Using 2 workers of 2 for marking
[2022-08-29T07:12:29.661+0000][7][safepoint   ] Safepoint "CollectForMetadataAllocation", Time since last: 17298237 ns, Reaching safepoint: 193913 ns, At safepoint: 630794 ns, Total: 824707 ns
[2022-08-29T07:12:29.668+0000][7][gc,marking  ] GC(17) Concurrent Mark From Roots 16.760ms
[2022-08-29T07:12:29.668+0000][7][gc,marking  ] GC(17) Concurrent Preclean
[2022-08-29T07:12:29.669+0000][7][gc,marking  ] GC(17) Concurrent Preclean 0.302ms
[2022-08-29T07:12:29.669+0000][7][gc,marking  ] GC(17) Concurrent Mark (8.872s, 8.889s) 17.673ms
[2022-08-29T07:12:29.669+0000][7][gc,start    ] GC(17) Pause Remark
[2022-08-29T07:12:29.672+0000][7][gc          ] GC(17) Pause Remark 61M->61M(256M) 3.092ms
[2022-08-29T07:12:29.673+0000][7][gc,cpu      ] GC(17) User=0.01s Sys=0.00s Real=0.00s
[2022-08-29T07:12:29.673+0000][7][safepoint   ] Safepoint "G1Concurrent", Time since last: 8330250 ns, Reaching safepoint: 385323 ns, At safepoint: 3538188 ns, Total: 3923511 ns
[2022-08-29T07:12:29.673+0000][7][gc,marking  ] GC(17) Concurrent Rebuild Remembered Sets
[2022-08-29T07:12:29.689+0000][7][gc,marking  ] GC(17) Concurrent Rebuild Remembered Sets 15.829ms
[2022-08-29T07:12:29.690+0000][7][gc,start    ] GC(17) Pause Cleanup
[2022-08-29T07:12:29.690+0000][7][gc          ] GC(17) Pause Cleanup 63M->63M(256M) 0.261ms
[2022-08-29T07:12:29.690+0000][7][gc,cpu      ] GC(17) User=0.01s Sys=0.00s Real=0.00s
[2022-08-29T07:12:29.690+0000][7][safepoint   ] Safepoint "G1Concurrent", Time since last: 16354335 ns, Reaching safepoint: 624322 ns, At safepoint: 562986 ns, Total: 1187308 ns
[2022-08-29T07:12:29.703+0000][7][gc,marking  ] GC(17) Concurrent Cleanup for Next Mark
[2022-08-29T07:12:29.710+0000][7][gc,marking  ] GC(17) Concurrent Cleanup for Next Mark 7.070ms
[2022-08-29T07:12:29.713+0000][7][gc          ] GC(17) Concurrent Cycle 70.511ms
[2022-08-29T07:12:29.894+0000][7][gc,start    ] GC(18) Pause Young (Concurrent Start) (G1 Evacuation Pause)
[2022-08-29T07:12:29.897+0000][7][gc,task     ] GC(18) Using 6 workers of 6 for evacuation
[2022-08-29T07:12:29.897+0000][7][gc,age      ] GC(18) Desired survivor size 10485760 bytes, new threshold 1 (max threshold 15)
[2022-08-29T07:12:29.914+0000][7][gc,age      ] GC(18) Age table with threshold 1 (max threshold 15)
[2022-08-29T07:12:29.914+0000][7][gc,age      ] GC(18) - age   1:    1363080 bytes,    1363080 total
[2022-08-29T07:12:29.914+0000][7][gc,phases   ] GC(18)   Pre Evacuate Collection Set: 0.2ms
[2022-08-29T07:12:29.915+0000][7][gc,phases   ] GC(18)   Merge Heap Roots: 0.3ms
[2022-08-29T07:12:29.915+0000][7][gc,phases   ] GC(18)   Evacuate Collection Set: 15.8ms
[2022-08-29T07:12:29.915+0000][7][gc,phases   ] GC(18)   Post Evacuate Collection Set: 0.7ms
[2022-08-29T07:12:29.915+0000][7][gc,phases   ] GC(18)   Other: 3.4ms
[2022-08-29T07:12:29.915+0000][7][gc,heap     ] GC(18) Eden regions: 29->0(30)
[2022-08-29T07:12:29.915+0000][7][gc,heap     ] GC(18) Survivor regions: 4->1(5)
[2022-08-29T07:12:29.915+0000][7][gc,heap     ] GC(18) Old regions: 11->14
[2022-08-29T07:12:29.915+0000][7][gc,heap     ] GC(18) Archive regions: 2->2
[2022-08-29T07:12:29.915+0000][7][gc,heap     ] GC(18) Humongous regions: 0->0
[2022-08-29T07:12:29.916+0000][7][gc,metaspace] GC(18) Metaspace: 36131K(38528K)->36131K(38528K) NonClass: 31542K(33280K)->31542K(33280K) Class: 4589K(5248K)->4589K(5248K)
[2022-08-29T07:12:29.916+0000][7][gc          ] GC(18) Pause Young (Concurrent Start) (G1 Evacuation Pause) 175M->61M(256M) 21.572ms
[2022-08-29T07:12:29.916+0000][7][gc,cpu      ] GC(18) User=0.03s Sys=0.00s Real=0.02s
[2022-08-29T07:12:29.916+0000][7][safepoint   ] Safepoint "G1CollectForAllocation", Time since last: 203557138 ns, Reaching safepoint: 179066 ns, At safepoint: 21903346 ns, Total: 22082412 ns
[2022-08-29T07:12:29.923+0000][7][gc          ] GC(19) Concurrent Cycle
[2022-08-29T07:12:29.923+0000][7][gc,marking  ] GC(19) Concurrent Clear Claimed Marks
[2022-08-29T07:12:29.923+0000][7][gc,marking  ] GC(19) Concurrent Clear Claimed Marks 0.196ms
[2022-08-29T07:12:29.923+0000][7][gc,marking  ] GC(19) Concurrent Scan Root Regions
[2022-08-29T07:12:29.931+0000][7][gc,marking  ] GC(19) Concurrent Scan Root Regions 7.210ms
[2022-08-29T07:12:29.931+0000][7][gc,marking  ] GC(19) Concurrent Mark (9.152s)
[2022-08-29T07:12:29.931+0000][7][gc,marking  ] GC(19) Concurrent Mark From Roots
[2022-08-29T07:12:29.931+0000][7][gc,task     ] GC(19) Using 2 workers of 2 for marking
[2022-08-29T07:12:29.981+0000][7][gc,marking  ] GC(19) Concurrent Mark From Roots 49.471ms
[2022-08-29T07:12:29.981+0000][7][gc,marking  ] GC(19) Concurrent Preclean
[2022-08-29T07:12:29.981+0000][7][gc,marking  ] GC(19) Concurrent Preclean 0.294ms
[2022-08-29T07:12:29.982+0000][7][gc,marking  ] GC(19) Concurrent Mark (9.152s, 9.202s) 50.583ms
[2022-08-29T07:12:29.982+0000][7][gc,start    ] GC(19) Pause Remark
[2022-08-29T07:12:29.986+0000][7][gc          ] GC(19) Pause Remark 69M->69M(256M) 3.742ms
[2022-08-29T07:12:29.986+0000][7][gc,cpu      ] GC(19) User=0.01s Sys=0.00s Real=0.01s
[2022-08-29T07:12:29.986+0000][7][safepoint   ] Safepoint "G1Concurrent", Time since last: 65729607 ns, Reaching safepoint: 187271 ns, At safepoint: 4346396 ns, Total: 4533667 ns
[2022-08-29T07:12:29.988+0000][7][gc,marking  ] GC(19) Concurrent Rebuild Remembered Sets
[2022-08-29T07:12:30.022+0000][7][gc,marking  ] GC(19) Concurrent Rebuild Remembered Sets 33.688ms
[2022-08-29T07:12:30.023+0000][7][gc,start    ] GC(19) Pause Cleanup
[2022-08-29T07:12:30.024+0000][7][gc          ] GC(19) Pause Cleanup 71M->71M(256M) 0.399ms
[2022-08-29T07:12:30.024+0000][7][gc,cpu      ] GC(19) User=0.00s Sys=0.00s Real=0.00s
[2022-08-29T07:12:30.024+0000][7][safepoint   ] Safepoint "G1Concurrent", Time since last: 36552412 ns, Reaching safepoint: 265217 ns, At safepoint: 717246 ns, Total: 982463 ns
[2022-08-29T07:12:30.024+0000][7][gc,marking  ] GC(19) Concurrent Cleanup for Next Mark
[2022-08-29T07:12:30.025+0000][7][gc,marking  ] GC(19) Concurrent Cleanup for Next Mark 0.895ms
[2022-08-29T07:12:30.025+0000][7][gc          ] GC(19) Concurrent Cycle 102.518ms
[2022-08-29T07:12:31.552+0000][7][safepoint   ] Safepoint "Cleanup", Time since last: 1527647497 ns, Reaching safepoint: 435767 ns, At safepoint: 25288 ns, Total: 461055 ns
[2022-08-29T07:12:31.566+0000][7][gc,start    ] GC(20) Pause Young (Normal) (G1 Evacuation Pause)
[2022-08-29T07:12:31.566+0000][7][gc,task     ] GC(20) Using 6 workers of 6 for evacuation
[2022-08-29T07:12:31.566+0000][7][gc,age      ] GC(20) Desired survivor size 8388608 bytes, new threshold 15 (max threshold 15)
[2022-08-29T07:12:31.574+0000][7][gc,age      ] GC(20) Age table with threshold 15 (max threshold 15)
[2022-08-29T07:12:31.575+0000][7][gc,age      ] GC(20) - age   1:    5325472 bytes,    5325472 total
[2022-08-29T07:12:31.575+0000][7][gc,age      ] GC(20) - age   2:    1262224 bytes,    6587696 total
[2022-08-29T07:12:31.575+0000][7][gc,phases   ] GC(20)   Pre Evacuate Collection Set: 0.1ms
[2022-08-29T07:12:31.575+0000][7][gc,phases   ] GC(20)   Merge Heap Roots: 0.1ms
[2022-08-29T07:12:31.575+0000][7][gc,phases   ] GC(20)   Evacuate Collection Set: 6.8ms
[2022-08-29T07:12:31.575+0000][7][gc,phases   ] GC(20)   Post Evacuate Collection Set: 1.2ms
[2022-08-29T07:12:31.576+0000][7][gc,phases   ] GC(20)   Other: 1.2ms
[2022-08-29T07:12:31.576+0000][7][gc,heap     ] GC(20) Eden regions: 30->0(30)
[2022-08-29T07:12:31.576+0000][7][gc,heap     ] GC(20) Survivor regions: 1->2(4)
[2022-08-29T07:12:31.576+0000][7][gc,heap     ] GC(20) Old regions: 14->14
[2022-08-29T07:12:31.576+0000][7][gc,heap     ] GC(20) Archive regions: 2->2
[2022-08-29T07:12:31.576+0000][7][gc,heap     ] GC(20) Humongous regions: 0->0
[2022-08-29T07:12:31.576+0000][7][gc,metaspace] GC(20) Metaspace: 51889K(55168K)->51889K(55168K) NonClass: 44952K(47360K)->44952K(47360K) Class: 6936K(7808K)->6936K(7808K)
[2022-08-29T07:12:31.577+0000][7][gc          ] GC(20) Pause Young (Normal) (G1 Evacuation Pause) 181M->65M(256M) 11.063ms
[2022-08-29T07:12:31.577+0000][7][gc,cpu      ] GC(20) User=0.03s Sys=0.02s Real=0.01s
[2022-08-29T07:12:31.577+0000][7][safepoint   ] Safepoint "G1CollectForAllocation", Time since last: 13104759 ns, Reaching safepoint: 75040 ns, At safepoint: 11446206 ns, Total: 11521246 ns
[2022-08-29T07:12:31.657+0000][7][safepoint   ] Safepoint "ICBufferFull", Time since last: 79585744 ns, Reaching safepoint: 392046 ns, At safepoint: 8997 ns, Total: 401043 ns
[2022-08-29T07:12:32.297+0000][7][safepoint   ] Safepoint "ICBufferFull", Time since last: 639833349 ns, Reaching safepoint: 360106 ns, At safepoint: 7554 ns, Total: 367660 ns
[2022-08-29T07:12:32.885+0000][7][gc,start    ] GC(21) Pause Young (Concurrent Start) (Metadata GC Threshold)
[2022-08-29T07:12:32.885+0000][7][gc,task     ] GC(21) Using 6 workers of 6 for evacuation
[2022-08-29T07:12:32.885+0000][7][gc,age      ] GC(21) Desired survivor size 8388608 bytes, new threshold 15 (max threshold 15)
[2022-08-29T07:12:32.896+0000][7][gc,age      ] GC(21) Age table with threshold 15 (max threshold 15)
[2022-08-29T07:12:32.897+0000][7][gc,age      ] GC(21) - age   1:    4303520 bytes,    4303520 total
[2022-08-29T07:12:32.897+0000][7][gc,age      ] GC(21) - age   2:    5143392 bytes,    9446912 total
[2022-08-29T07:12:32.897+0000][7][gc,age      ] GC(21) - age   3:    1260568 bytes,   10707480 total
[2022-08-29T07:12:32.897+0000][7][gc,phases   ] GC(21)   Pre Evacuate Collection Set: 0.1ms
[2022-08-29T07:12:32.897+0000][7][gc,phases   ] GC(21)   Merge Heap Roots: 0.1ms
[2022-08-29T07:12:32.897+0000][7][gc,phases   ] GC(21)   Evacuate Collection Set: 9.6ms
[2022-08-29T07:12:32.897+0000][7][gc,phases   ] GC(21)   Post Evacuate Collection Set: 1.3ms
[2022-08-29T07:12:32.898+0000][7][gc,phases   ] GC(21)   Other: 1.3ms
[2022-08-29T07:12:32.898+0000][7][gc,heap     ] GC(21) Eden regions: 28->0(29)
[2022-08-29T07:12:32.898+0000][7][gc,heap     ] GC(21) Survivor regions: 2->3(4)
[2022-08-29T07:12:32.898+0000][7][gc,heap     ] GC(21) Old regions: 14->14
[2022-08-29T07:12:32.898+0000][7][gc,heap     ] GC(21) Archive regions: 2->2
[2022-08-29T07:12:32.898+0000][7][gc,heap     ] GC(21) Humongous regions: 0->0
[2022-08-29T07:12:32.898+0000][7][gc,metaspace] GC(21) Metaspace: 61175K(64640K)->61175K(64640K) NonClass: 52971K(55552K)->52971K(55552K) Class: 8203K(9088K)->8203K(9088K)
[2022-08-29T07:12:32.899+0000][7][gc          ] GC(21) Pause Young (Concurrent Start) (Metadata GC Threshold) 177M->69M(256M) 13.937ms
[2022-08-29T07:12:32.899+0000][7][gc,cpu      ] GC(21) User=0.03s Sys=0.00s Real=0.01s
[2022-08-29T07:12:32.899+0000][7][gc          ] GC(22) Concurrent Cycle
[2022-08-29T07:12:32.899+0000][7][safepoint   ] Safepoint "CollectForMetadataAllocation", Time since last: 587138109 ns, Reaching safepoint: 299553 ns, At safepoint: 14406521 ns, Total: 14706074 ns
[2022-08-29T07:12:32.899+0000][7][gc,marking  ] GC(22) Concurrent Clear Claimed Marks
[2022-08-29T07:12:32.900+0000][7][gc,marking  ] GC(22) Concurrent Clear Claimed Marks 0.750ms
[2022-08-29T07:12:32.900+0000][7][gc,marking  ] GC(22) Concurrent Scan Root Regions
[2022-08-29T07:12:32.906+0000][7][gc,marking  ] GC(22) Concurrent Scan Root Regions 5.693ms
[2022-08-29T07:12:32.906+0000][7][gc,marking  ] GC(22) Concurrent Mark (12.126s)
[2022-08-29T07:12:32.906+0000][7][gc,marking  ] GC(22) Concurrent Mark From Roots
[2022-08-29T07:12:32.906+0000][7][gc,task     ] GC(22) Using 2 workers of 2 for marking
[2022-08-29T07:12:32.919+0000][7][safepoint   ] Safepoint "CollectForMetadataAllocation", Time since last: 19642865 ns, Reaching safepoint: 322625 ns, At safepoint: 117531 ns, Total: 440156 ns
[2022-08-29T07:12:32.950+0000][7][gc,marking  ] GC(22) Concurrent Mark From Roots 44.232ms
[2022-08-29T07:12:32.951+0000][7][gc,marking  ] GC(22) Concurrent Preclean
[2022-08-29T07:12:32.951+0000][7][gc,marking  ] GC(22) Concurrent Preclean 0.476ms
[2022-08-29T07:12:32.951+0000][7][gc,marking  ] GC(22) Concurrent Mark (12.126s, 12.172s) 45.355ms
[2022-08-29T07:12:32.952+0000][7][gc,start    ] GC(22) Pause Remark
[2022-08-29T07:12:32.959+0000][7][gc          ] GC(22) Pause Remark 75M->75M(256M) 6.798ms
[2022-08-29T07:12:32.959+0000][7][gc,cpu      ] GC(22) User=0.01s Sys=0.00s Real=0.01s
[2022-08-29T07:12:32.959+0000][7][safepoint   ] Safepoint "G1Concurrent", Time since last: 32502362 ns, Reaching safepoint: 145734 ns, At safepoint: 7293094 ns, Total: 7438828 ns
[2022-08-29T07:12:32.959+0000][7][gc,marking  ] GC(22) Concurrent Rebuild Remembered Sets
[2022-08-29T07:12:32.985+0000][7][gc,marking  ] GC(22) Concurrent Rebuild Remembered Sets 26.207ms
[2022-08-29T07:12:32.987+0000][7][gc,start    ] GC(22) Pause Cleanup
[2022-08-29T07:12:32.987+0000][7][gc          ] GC(22) Pause Cleanup 75M->75M(256M) 0.245ms
[2022-08-29T07:12:32.987+0000][7][gc,cpu      ] GC(22) User=0.00s Sys=0.00s Real=0.00s
[2022-08-29T07:12:32.987+0000][7][safepoint   ] Safepoint "G1Concurrent", Time since last: 26760610 ns, Reaching safepoint: 964630 ns, At safepoint: 626335 ns, Total: 1590965 ns
[2022-08-29T07:12:32.988+0000][7][gc,marking  ] GC(22) Concurrent Cleanup for Next Mark
[2022-08-29T07:12:32.988+0000][7][gc,marking  ] GC(22) Concurrent Cleanup for Next Mark 0.445ms
[2022-08-29T07:12:32.988+0000][7][gc          ] GC(22) Concurrent Cycle 89.490ms
[2022-08-29T07:12:33.989+0000][7][safepoint   ] Safepoint "Cleanup", Time since last: 1000170830 ns, Reaching safepoint: 1286123 ns, At safepoint: 33062 ns, Total: 1319185 ns
[2022-08-29T07:12:35.049+0000][7][safepoint   ] Safepoint "Cleanup", Time since last: 1057959868 ns, Reaching safepoint: 2558971 ns, At safepoint: 18194 ns, Total: 2577165 ns
[2022-08-29T07:12:35.267+0000][7][gc,start    ] GC(23) Pause Young (Concurrent Start) (G1 Evacuation Pause)
[2022-08-29T07:12:35.267+0000][7][gc,task     ] GC(23) Using 6 workers of 6 for evacuation
[2022-08-29T07:12:35.267+0000][7][gc,age      ] GC(23) Desired survivor size 8388608 bytes, new threshold 2 (max threshold 15)
[2022-08-29T07:12:35.285+0000][7][gc,age      ] GC(23) Age table with threshold 2 (max threshold 15)
[2022-08-29T07:12:35.285+0000][7][gc,age      ] GC(23) - age   1:    6374944 bytes,    6374944 total
[2022-08-29T07:12:35.285+0000][7][gc,age      ] GC(23) - age   2:    4192536 bytes,   10567480 total
[2022-08-29T07:12:35.285+0000][7][gc,phases   ] GC(23)   Pre Evacuate Collection Set: 0.2ms
[2022-08-29T07:12:35.285+0000][7][gc,phases   ] GC(23)   Merge Heap Roots: 0.1ms
[2022-08-29T07:12:35.285+0000][7][gc,phases   ] GC(23)   Evacuate Collection Set: 15.6ms
[2022-08-29T07:12:35.286+0000][7][gc,phases   ] GC(23)   Post Evacuate Collection Set: 1.3ms
[2022-08-29T07:12:35.286+0000][7][gc,phases   ] GC(23)   Other: 1.2ms
[2022-08-29T07:12:35.286+0000][7][gc,heap     ] GC(23) Eden regions: 29->0(28)
[2022-08-29T07:12:35.286+0000][7][gc,heap     ] GC(23) Survivor regions: 3->3(4)
[2022-08-29T07:12:35.286+0000][7][gc,heap     ] GC(23) Old regions: 14->16
[2022-08-29T07:12:35.286+0000][7][gc,heap     ] GC(23) Archive regions: 2->2
[2022-08-29T07:12:35.286+0000][7][gc,heap     ] GC(23) Humongous regions: 0->0
[2022-08-29T07:12:35.287+0000][7][gc,metaspace] GC(23) Metaspace: 80408K(84760K)->80408K(84760K) NonClass: 69620K(72908K)->69620K(72908K) Class: 10788K(11852K)->10788K(11852K)
[2022-08-29T07:12:35.287+0000][7][gc          ] GC(23) Pause Young (Concurrent Start) (G1 Evacuation Pause) 185M->76M(256M) 19.934ms
[2022-08-29T07:12:35.287+0000][7][gc,cpu      ] GC(23) User=0.05s Sys=0.00s Real=0.02s
[2022-08-29T07:12:35.287+0000][7][safepoint   ] Safepoint "G1CollectForAllocation", Time since last: 217157356 ns, Reaching safepoint: 204874 ns, At safepoint: 20340074 ns, Total: 20544948 ns
[2022-08-29T07:12:35.287+0000][7][gc          ] GC(24) Concurrent Cycle
[2022-08-29T07:12:35.288+0000][7][gc,marking  ] GC(24) Concurrent Clear Claimed Marks
[2022-08-29T07:12:35.288+0000][7][gc,marking  ] GC(24) Concurrent Clear Claimed Marks 0.371ms
[2022-08-29T07:12:35.289+0000][7][gc,marking  ] GC(24) Concurrent Scan Root Regions
[2022-08-29T07:12:35.304+0000][7][gc,marking  ] GC(24) Concurrent Scan Root Regions 15.330ms
[2022-08-29T07:12:35.313+0000][7][gc,marking  ] GC(24) Concurrent Mark (14.533s)
[2022-08-29T07:12:35.313+0000][7][gc,marking  ] GC(24) Concurrent Mark From Roots
[2022-08-29T07:12:35.313+0000][7][gc,task     ] GC(24) Using 2 workers of 2 for marking
[2022-08-29T07:12:35.384+0000][7][gc,marking  ] GC(24) Concurrent Mark From Roots 70.765ms
[2022-08-29T07:12:35.384+0000][7][gc,marking  ] GC(24) Concurrent Preclean
[2022-08-29T07:12:35.385+0000][7][gc,marking  ] GC(24) Concurrent Preclean 0.315ms
[2022-08-29T07:12:35.385+0000][7][gc,marking  ] GC(24) Concurrent Mark (14.533s, 14.605s) 71.714ms
[2022-08-29T07:12:35.392+0000][7][gc,start    ] GC(24) Pause Remark
[2022-08-29T07:12:35.403+0000][7][gc          ] GC(24) Pause Remark 80M->80M(256M) 10.359ms
[2022-08-29T07:12:35.404+0000][7][gc,cpu      ] GC(24) User=0.01s Sys=0.01s Real=0.02s
[2022-08-29T07:12:35.405+0000][7][safepoint   ] Safepoint "G1Concurrent", Time since last: 99809119 ns, Reaching safepoint: 5446589 ns, At safepoint: 12442115 ns, Total: 17888704 ns
[2022-08-29T07:12:35.407+0000][7][gc,marking  ] GC(24) Concurrent Rebuild Remembered Sets
[2022-08-29T07:12:35.455+0000][7][gc,marking  ] GC(24) Concurrent Rebuild Remembered Sets 47.402ms
[2022-08-29T07:12:35.464+0000][7][gc,start    ] GC(24) Pause Cleanup
[2022-08-29T07:12:35.464+0000][7][gc          ] GC(24) Pause Cleanup 82M->82M(256M) 0.586ms
[2022-08-29T07:12:35.464+0000][7][gc,cpu      ] GC(24) User=0.00s Sys=0.00s Real=0.00s
[2022-08-29T07:12:35.465+0000][7][safepoint   ] Safepoint "G1Concurrent", Time since last: 58414621 ns, Reaching safepoint: 365616 ns, At safepoint: 961675 ns, Total: 1327291 ns
[2022-08-29T07:12:35.473+0000][7][gc,marking  ] GC(24) Concurrent Cleanup for Next Mark
[2022-08-29T07:12:35.474+0000][7][gc,marking  ] GC(24) Concurrent Cleanup for Next Mark 0.964ms
[2022-08-29T07:12:35.475+0000][7][gc          ] GC(24) Concurrent Cycle 187.406ms
[2022-08-29T07:12:36.383+0000][7][safepoint   ] Safepoint "ICBufferFull", Time since last: 917948148 ns, Reaching safepoint: 329037 ns, At safepoint: 26059 ns, Total: 355096 ns
[2022-08-29T07:12:36.972+0000][7][gc,start    ] GC(25) Pause Young (Concurrent Start) (G1 Humongous Allocation)
[2022-08-29T07:12:36.972+0000][7][gc,task     ] GC(25) Using 6 workers of 6 for evacuation
[2022-08-29T07:12:36.972+0000][7][gc,age      ] GC(25) Desired survivor size 8388608 bytes, new threshold 2 (max threshold 15)
[2022-08-29T07:12:36.982+0000][7][gc,age      ] GC(25) Age table with threshold 2 (max threshold 15)
[2022-08-29T07:12:36.982+0000][7][gc,age      ] GC(25) - age   1:    2918496 bytes,    2918496 total
[2022-08-29T07:12:36.982+0000][7][gc,age      ] GC(25) - age   2:    6169080 bytes,    9087576 total
[2022-08-29T07:12:36.983+0000][7][gc,phases   ] GC(25)   Pre Evacuate Collection Set: 0.2ms
[2022-08-29T07:12:36.983+0000][7][gc,phases   ] GC(25)   Merge Heap Roots: 0.1ms
[2022-08-29T07:12:36.983+0000][7][gc,phases   ] GC(25)   Evacuate Collection Set: 7.8ms
[2022-08-29T07:12:36.983+0000][7][gc,phases   ] GC(25)   Post Evacuate Collection Set: 1.2ms
[2022-08-29T07:12:36.983+0000][7][gc,phases   ] GC(25)   Other: 1.3ms
[2022-08-29T07:12:36.983+0000][7][gc,heap     ] GC(25) Eden regions: 13->0(26)
[2022-08-29T07:12:36.984+0000][7][gc,heap     ] GC(25) Survivor regions: 3->3(4)
[2022-08-29T07:12:36.984+0000][7][gc,heap     ] GC(25) Old regions: 16->17
[2022-08-29T07:12:36.984+0000][7][gc,heap     ] GC(25) Archive regions: 2->2
[2022-08-29T07:12:36.984+0000][7][gc,heap     ] GC(25) Humongous regions: 1->1
[2022-08-29T07:12:36.984+0000][7][gc,metaspace] GC(25) Metaspace: 86749K(91416K)->86749K(91416K) NonClass: 75013K(78540K)->75013K(78540K) Class: 11736K(12876K)->11736K(12876K)
[2022-08-29T07:12:36.984+0000][7][gc          ] GC(25) Pause Young (Concurrent Start) (G1 Humongous Allocation) 130M->83M(256M) 12.330ms
[2022-08-29T07:12:36.984+0000][7][gc,cpu      ] GC(25) User=0.04s Sys=0.00s Real=0.02s
[2022-08-29T07:12:36.985+0000][7][gc          ] GC(26) Concurrent Cycle
[2022-08-29T07:12:36.985+0000][7][gc,marking  ] GC(26) Concurrent Clear Claimed Marks
[2022-08-29T07:12:36.985+0000][7][safepoint   ] Safepoint "G1TryInitiateConcMark", Time since last: 588785981 ns, Reaching safepoint: 200546 ns, At safepoint: 12778917 ns, Total: 12979463 ns
[2022-08-29T07:12:36.985+0000][7][gc,marking  ] GC(26) Concurrent Clear Claimed Marks 0.311ms
[2022-08-29T07:12:36.986+0000][7][gc,marking  ] GC(26) Concurrent Scan Root Regions
[2022-08-29T07:12:36.995+0000][7][gc,marking  ] GC(26) Concurrent Scan Root Regions 9.317ms
[2022-08-29T07:12:36.996+0000][7][gc,marking  ] GC(26) Concurrent Mark (16.216s)
[2022-08-29T07:12:36.996+0000][7][gc,marking  ] GC(26) Concurrent Mark From Roots
[2022-08-29T07:12:36.996+0000][7][gc,task     ] GC(26) Using 2 workers of 2 for marking
[2022-08-29T07:12:37.040+0000][7][gc,marking  ] GC(26) Concurrent Mark From Roots 44.581ms
[2022-08-29T07:12:37.041+0000][7][gc,marking  ] GC(26) Concurrent Preclean
[2022-08-29T07:12:37.041+0000][7][gc,marking  ] GC(26) Concurrent Preclean 0.261ms
[2022-08-29T07:12:37.041+0000][7][gc,marking  ] GC(26) Concurrent Mark (16.216s, 16.261s) 45.433ms
[2022-08-29T07:12:37.049+0000][7][gc,start    ] GC(26) Pause Remark
[2022-08-29T07:12:37.052+0000][7][gc          ] GC(26) Pause Remark 89M->89M(256M) 3.293ms
[2022-08-29T07:12:37.052+0000][7][gc,cpu      ] GC(26) User=0.01s Sys=0.00s Real=0.00s
[2022-08-29T07:12:37.052+0000][7][safepoint   ] Safepoint "G1Concurrent", Time since last: 56542449 ns, Reaching safepoint: 7523837 ns, At safepoint: 3833292 ns, Total: 11357129 ns
[2022-08-29T07:12:37.053+0000][7][gc,marking  ] GC(26) Concurrent Rebuild Remembered Sets
[2022-08-29T07:12:37.102+0000][7][gc,marking  ] GC(26) Concurrent Rebuild Remembered Sets 49.680ms
[2022-08-29T07:12:37.103+0000][7][gc,start    ] GC(26) Pause Cleanup
[2022-08-29T07:12:37.103+0000][7][gc          ] GC(26) Pause Cleanup 92M->92M(256M) 0.327ms
[2022-08-29T07:12:37.103+0000][7][gc,cpu      ] GC(26) User=0.00s Sys=0.00s Real=0.01s
[2022-08-29T07:12:37.104+0000][7][safepoint   ] Safepoint "G1Concurrent", Time since last: 50063152 ns, Reaching safepoint: 280907 ns, At safepoint: 720932 ns, Total: 1001839 ns
[2022-08-29T07:12:37.104+0000][7][gc,marking  ] GC(26) Concurrent Cleanup for Next Mark
[2022-08-29T07:12:37.105+0000][7][gc,marking  ] GC(26) Concurrent Cleanup for Next Mark 0.767ms
[2022-08-29T07:12:37.105+0000][7][gc          ] GC(26) Concurrent Cycle 120.638ms
[2022-08-29T07:12:38.111+0000][7][safepoint   ] Safepoint "Cleanup", Time since last: 1000483026 ns, Reaching safepoint: 7256826 ns, At safepoint: 35667 ns, Total: 7292493 ns
[2022-08-29T07:12:39.112+0000][7][safepoint   ] Safepoint "Cleanup", Time since last: 1000747903 ns, Reaching safepoint: 141535 ns, At safepoint: 4920 ns, Total: 146455 ns
[2022-08-29T07:12:40.113+0000][7][safepoint   ] Safepoint "Cleanup", Time since last: 1000448991 ns, Reaching safepoint: 182853 ns, At safepoint: 21400 ns, Total: 204253 ns
[2022-08-29T07:12:42.115+0000][7][safepoint   ] Safepoint "Cleanup", Time since last: 2002126609 ns, Reaching safepoint: 209984 ns, At safepoint: 2776 ns, Total: 212760 ns
[2022-08-29T07:12:43.117+0000][7][safepoint   ] Safepoint "Cleanup", Time since last: 1001030783 ns, Reaching safepoint: 603382 ns, At safepoint: 57798 ns, Total: 661180 ns
[2022-08-29T07:12:46.118+0000][7][safepoint   ] Safepoint "Cleanup", Time since last: 3001110833 ns, Reaching safepoint: 370214 ns, At safepoint: 59892 ns, Total: 430106 ns
[2022-08-29T07:12:47.120+0000][7][safepoint   ] Safepoint "Cleanup", Time since last: 1000716985 ns, Reaching safepoint: 342723 ns, At safepoint: 10640 ns, Total: 353363 ns
[2022-08-29T07:13:02.123+0000][7][safepoint   ] Safepoint "Cleanup", Time since last: 15002796368 ns, Reaching safepoint: 992973 ns, At safepoint: 76233 ns, Total: 1069206 ns
[2022-08-29T07:13:04.125+0000][7][safepoint   ] Safepoint "Cleanup", Time since last: 2001080526 ns, Reaching safepoint: 404188 ns, At safepoint: 56897 ns, Total: 461085 ns
[2022-08-29T07:13:06.126+0000][7][safepoint   ] Safepoint "Cleanup", Time since last: 2000961994 ns, Reaching safepoint: 223459 ns, At safepoint: 6953 ns, Total: 230412 ns
[2022-08-29T07:13:07.129+0000][7][safepoint   ] Safepoint "Cleanup", Time since last: 1000486682 ns, Reaching safepoint: 2560254 ns, At safepoint: 248447 ns, Total: 2808701 ns
[2022-08-29T07:13:08.136+0000][7][safepoint   ] Safepoint "Cleanup", Time since last: 1006383536 ns, Reaching safepoint: 235702 ns, At safepoint: 3236 ns, Total: 238938 ns
[2022-08-29T07:13:12.138+0000][7][safepoint   ] Safepoint "Cleanup", Time since last: 4001258710 ns, Reaching safepoint: 826791 ns, At safepoint: 55604 ns, Total: 882395 ns
[2022-08-29T07:13:16.140+0000][7][safepoint   ] Safepoint "Cleanup", Time since last: 4001249101 ns, Reaching safepoint: 254858 ns, At safepoint: 37631 ns, Total: 292489 ns
[2022-08-29T07:13:17.141+0000][7][safepoint   ] Safepoint "Cleanup", Time since last: 1000704892 ns, Reaching safepoint: 394721 ns, At safepoint: 4839 ns, Total: 399560 ns
[2022-08-29T07:13:18.142+0000][7][safepoint   ] Safepoint "Cleanup", Time since last: 1001076659 ns, Reaching safepoint: 257784 ns, At safepoint: 4148 ns, Total: 261932 ns
[2022-08-29T07:13:19.143+0000][7][safepoint   ] Safepoint "Cleanup", Time since last: 1000605615 ns, Reaching safepoint: 321764 ns, At safepoint: 54783 ns, Total: 376547 ns
[2022-08-29T07:13:20.144+0000][7][safepoint   ] Safepoint "Cleanup", Time since last: 1000531086 ns, Reaching safepoint: 210926 ns, At safepoint: 3757 ns, Total: 214683 ns
[2022-08-29T07:13:23.145+0000][7][safepoint   ] Safepoint "Cleanup", Time since last: 3001096315 ns, Reaching safepoint: 295865 ns, At safepoint: 7334 ns, Total: 303199 ns
[2022-08-29T07:13:24.160+0000][7][safepoint   ] Safepoint "Cleanup", Time since last: 1014014784 ns, Reaching safepoint: 452349 ns, At safepoint: 32491 ns, Total: 484840 ns
[2022-08-29T07:13:28.163+0000][7][safepoint   ] Safepoint "Cleanup", Time since last: 4002647876 ns, Reaching safepoint: 408216 ns, At safepoint: 7183 ns, Total: 415399 ns
[2022-08-29T07:13:30.164+0000][7][safepoint   ] Safepoint "Cleanup", Time since last: 2001071008 ns, Reaching safepoint: 277712 ns, At safepoint: 6001 ns, Total: 283713 ns
[2022-08-29T07:13:31.165+0000][7][safepoint   ] Safepoint "Cleanup", Time since last: 1000706103 ns, Reaching safepoint: 263024 ns, At safepoint: 3536 ns, Total: 266560 ns
[2022-08-29T07:13:35.166+0000][7][safepoint   ] Safepoint "Cleanup", Time since last: 4001003040 ns, Reaching safepoint: 227827 ns, At safepoint: 45816 ns, Total: 273643 ns
[2022-08-29T07:13:36.167+0000][7][safepoint   ] Safepoint "Cleanup", Time since last: 1000691838 ns, Reaching safepoint: 388869 ns, At safepoint: 5641 ns, Total: 394510 ns
[2022-08-29T07:13:37.169+0000][7][safepoint   ] Safepoint "Cleanup", Time since last: 1001007079 ns, Reaching safepoint: 213831 ns, At safepoint: 7023 ns, Total: 220854 ns
[2022-08-29T07:13:39.170+0000][7][safepoint   ] Safepoint "Cleanup", Time since last: 2001116083 ns, Reaching safepoint: 246052 ns, At safepoint: 3106 ns, Total: 249158 ns
[2022-08-29T07:13:40.173+0000][7][safepoint   ] Safepoint "Cleanup", Time since last: 1002896804 ns, Reaching safepoint: 499778 ns, At safepoint: 6011 ns, Total: 505789 ns
[2022-08-29T07:13:41.175+0000][7][safepoint   ] Safepoint "Cleanup", Time since last: 1001135831 ns, Reaching safepoint: 412303 ns, At safepoint: 5741 ns, Total: 418044 ns
[2022-08-29T07:13:53.178+0000][7][safepoint   ] Safepoint "Cleanup", Time since last: 12002618085 ns, Reaching safepoint: 375685 ns, At safepoint: 37630 ns, Total: 413315 ns
[2022-08-29T07:13:54.179+0000][7][safepoint   ] Safepoint "Cleanup", Time since last: 1000685636 ns, Reaching safepoint: 294783 ns, At safepoint: 30608 ns, Total: 325391 ns
[2022-08-29T07:13:56.180+0000][7][safepoint   ] Safepoint "Cleanup", Time since last: 2000667972 ns, Reaching safepoint: 247804 ns, At safepoint: 53130 ns, Total: 300934 ns
[2022-08-29T07:14:02.182+0000][7][safepoint   ] Safepoint "Cleanup", Time since last: 6001542190 ns, Reaching safepoint: 324679 ns, At safepoint: 52469 ns, Total: 377148 ns
[2022-08-29T07:14:12.185+0000][7][safepoint   ] Safepoint "Cleanup", Time since last: 10002076259 ns, Reaching safepoint: 531006 ns, At safepoint: 34655 ns, Total: 565661 ns
[2022-08-29T07:14:18.186+0000][7][safepoint   ] Safepoint "Cleanup", Time since last: 6001121240 ns, Reaching safepoint: 283011 ns, At safepoint: 3337 ns, Total: 286348 ns
[2022-08-29T07:14:19.187+0000][7][safepoint   ] Safepoint "Cleanup", Time since last: 1001020433 ns, Reaching safepoint: 242906 ns, At safepoint: 4148 ns, Total: 247054 ns
[2022-08-29T07:14:21.188+0000][7][safepoint   ] Safepoint "Cleanup", Time since last: 2000844223 ns, Reaching safepoint: 259437 ns, At safepoint: 10580 ns, Total: 270017 ns
[2022-08-29T07:14:22.189+0000][7][safepoint   ] Safepoint "Cleanup", Time since last: 1000757380 ns, Reaching safepoint: 219562 ns, At safepoint: 3496 ns, Total: 223058 ns
[2022-08-29T07:14:37.193+0000][7][safepoint   ] Safepoint "Cleanup", Time since last: 15003424156 ns, Reaching safepoint: 525816 ns, At safepoint: 5471 ns, Total: 531287 ns
[2022-08-29T07:14:42.195+0000][7][safepoint   ] Safepoint "Cleanup", Time since last: 5001734852 ns, Reaching safepoint: 248766 ns, At safepoint: 7635 ns, Total: 256401 ns
[2022-08-29T07:14:44.196+0000][7][safepoint   ] Safepoint "Cleanup", Time since last: 2000795411 ns, Reaching safepoint: 220704 ns, At safepoint: 29345 ns, Total: 250049 ns
[2022-08-29T07:14:47.197+0000][7][safepoint   ] Safepoint "Cleanup", Time since last: 3000862246 ns, Reaching safepoint: 289844 ns, At safepoint: 3456 ns, Total: 293300 ns
[2022-08-29T07:14:56.200+0000][7][safepoint   ] Safepoint "Cleanup", Time since last: 9002051103 ns, Reaching safepoint: 309631 ns, At safepoint: 10590 ns, Total: 320221 ns
[2022-08-29T07:15:07.203+0000][7][safepoint   ] Safepoint "Cleanup", Time since last: 11002306190 ns, Reaching safepoint: 283742 ns, At safepoint: 10410 ns, Total: 294152 ns
[2022-08-29T07:15:12.204+0000][7][safepoint   ] Safepoint "Cleanup", Time since last: 5001381028 ns, Reaching safepoint: 410110 ns, At safepoint: 5580 ns, Total: 415690 ns
[2022-08-29T07:15:45.210+0000][7][safepoint   ] Safepoint "Cleanup", Time since last: 33005413847 ns, Reaching safepoint: 462247 ns, At safepoint: 5551 ns, Total: 467798 ns
[2022-08-29T07:15:46.211+0000][7][safepoint   ] Safepoint "Cleanup", Time since last: 1001168762 ns, Reaching safepoint: 416491 ns, At safepoint: 5591 ns, Total: 422082 ns
[2022-08-29T07:15:56.215+0000][7][safepoint   ] Safepoint "Cleanup", Time since last: 10003567507 ns, Reaching safepoint: 455715 ns, At safepoint: 5581 ns, Total: 461296 ns
[2022-08-29T07:16:06.219+0000][7][safepoint   ] Safepoint "Cleanup", Time since last: 10002930802 ns, Reaching safepoint: 259968 ns, At safepoint: 10219 ns, Total: 270187 ns
[2022-08-29T07:16:07.220+0000][7][safepoint   ] Safepoint "Cleanup", Time since last: 1000794931 ns, Reaching safepoint: 429275 ns, At safepoint: 16691 ns, Total: 445966 ns
[2022-08-29T07:16:33.225+0000][7][safepoint   ] Safepoint "Cleanup", Time since last: 26004477304 ns, Reaching safepoint: 422323 ns, At safepoint: 4839 ns, Total: 427162 ns
[2022-08-29T07:16:35.227+0000][7][safepoint   ] Safepoint "Cleanup", Time since last: 2001175053 ns, Reaching safepoint: 463310 ns, At safepoint: 4608 ns, Total: 467918 ns
[2022-08-29T07:16:36.228+0000][7][safepoint   ] Safepoint "Cleanup", Time since last: 1001114331 ns, Reaching safepoint: 267381 ns, At safepoint: 10349 ns, Total: 277730 ns
[2022-08-29T07:16:37.229+0000][7][safepoint   ] Safepoint "Cleanup", Time since last: 1000726132 ns, Reaching safepoint: 247425 ns, At safepoint: 6983 ns, Total: 254408 ns
[2022-08-29T07:16:52.233+0000][7][safepoint   ] Safepoint "Cleanup", Time since last: 15003506880 ns, Reaching safepoint: 302638 ns, At safepoint: 5821 ns, Total: 308459 ns
[2022-08-29T07:16:53.234+0000][7][safepoint   ] Safepoint "Cleanup", Time since last: 1000863019 ns, Reaching safepoint: 286126 ns, At safepoint: 10570 ns, Total: 296696 ns
[2022-08-29T07:16:57.235+0000][7][safepoint   ] Safepoint "Cleanup", Time since last: 4001196302 ns, Reaching safepoint: 268895 ns, At safepoint: 4218 ns, Total: 273113 ns
[2022-08-29T07:16:58.237+0000][7][safepoint   ] Safepoint "Cleanup", Time since last: 1000783800 ns, Reaching safepoint: 310182 ns, At safepoint: 50615 ns, Total: 360797 ns
[2022-08-29T07:17:05.239+0000][7][safepoint   ] Safepoint "Cleanup", Time since last: 7001558329 ns, Reaching safepoint: 277230 ns, At safepoint: 10810 ns, Total: 288040 ns
[2022-08-29T07:17:06.240+0000][7][safepoint   ] Safepoint "Cleanup", Time since last: 1000819828 ns, Reaching safepoint: 272261 ns, At safepoint: 10289 ns, Total: 282550 ns
[2022-08-29T07:17:42.245+0000][7][safepoint   ] Safepoint "Cleanup", Time since last: 36005869570 ns, Reaching safepoint: 276629 ns, At safepoint: 9789 ns, Total: 286418 ns
[2022-08-29T07:18:07.250+0000][7][safepoint   ] Safepoint "Cleanup", Time since last: 25004160159 ns, Reaching safepoint: 239309 ns, At safepoint: 7303 ns, Total: 246612 ns
[2022-08-29T07:18:12.252+0000][7][safepoint   ] Safepoint "Cleanup", Time since last: 5001159733 ns, Reaching safepoint: 313338 ns, At safepoint: 12133 ns, Total: 325471 ns
[2022-08-29T07:18:14.253+0000][7][safepoint   ] Safepoint "Cleanup", Time since last: 2000915557 ns, Reaching safepoint: 195406 ns, At safepoint: 6222 ns, Total: 201628 ns
[2022-08-29T07:18:29.257+0000][7][safepoint   ] Safepoint "Cleanup", Time since last: 15003858671 ns, Reaching safepoint: 270287 ns, At safepoint: 34965 ns, Total: 305252 ns
[2022-08-29T07:18:36.259+0000][7][safepoint   ] Safepoint "Cleanup", Time since last: 7001476797 ns, Reaching safepoint: 416190 ns, At safepoint: 4739 ns, Total: 420929 ns
[2022-08-29T07:18:37.260+0000][7][safepoint   ] Safepoint "Cleanup", Time since last: 1001277958 ns, Reaching safepoint: 310222 ns, At safepoint: 3316 ns, Total: 313538 ns
[2022-08-29T07:18:42.282+0000][7][safepoint   ] Safepoint "Cleanup", Time since last: 5021458308 ns, Reaching safepoint: 229260 ns, At safepoint: 6312 ns, Total: 235572 ns
[2022-08-29T07:19:06.300+0000][7][safepoint   ] Safepoint "Cleanup", Time since last: 24017180981 ns, Reaching safepoint: 306815 ns, At safepoint: 15429 ns, Total: 322244 ns
[2022-08-29T07:19:07.301+0000][7][safepoint   ] Safepoint "Cleanup", Time since last: 1001071961 ns, Reaching safepoint: 310002 ns, At safepoint: 12503 ns, Total: 322505 ns
[2022-08-29T07:19:12.303+0000][7][safepoint   ] Safepoint "Cleanup", Time since last: 5001369857 ns, Reaching safepoint: 702138 ns, At safepoint: 36107 ns, Total: 738245 ns
[2022-08-29T07:19:36.306+0000][7][safepoint   ] Safepoint "Cleanup", Time since last: 24003434439 ns, Reaching safepoint: 453792 ns, At safepoint: 5440 ns, Total: 459232 ns
[2022-08-29T07:19:43.310+0000][7][safepoint   ] Safepoint "Cleanup", Time since last: 7002703829 ns, Reaching safepoint: 659157 ns, At safepoint: 37019 ns, Total: 696176 ns
[2022-08-29T07:20:07.316+0000][7][safepoint   ] Safepoint "Cleanup", Time since last: 24004187602 ns, Reaching safepoint: 986381 ns, At safepoint: 53049 ns, Total: 1039430 ns
[2022-08-29T07:20:20.319+0000][7][safepoint   ] Safepoint "Cleanup", Time since last: 13002402931 ns, Reaching safepoint: 419927 ns, At safepoint: 5080 ns, Total: 425007 ns
[2022-08-29T07:20:35.322+0000][7][safepoint   ] Safepoint "Cleanup", Time since last: 15003045074 ns, Reaching safepoint: 351389 ns, At safepoint: 4929 ns, Total: 356318 ns
[2022-08-29T07:20:36.323+0000][7][safepoint   ] Safepoint "Cleanup", Time since last: 1000766037 ns, Reaching safepoint: 301666 ns, At safepoint: 6192 ns, Total: 307858 ns
[2022-08-29T07:20:37.324+0000][7][safepoint   ] Safepoint "Cleanup", Time since last: 1000769102 ns, Reaching safepoint: 261410 ns, At safepoint: 3497 ns, Total: 264907 ns
[2022-08-29T07:21:19.340+0000][7][safepoint   ] Safepoint "Cleanup", Time since last: 42015093713 ns, Reaching safepoint: 298931 ns, At safepoint: 32812 ns, Total: 331743 ns
[2022-08-29T07:21:22.341+0000][7][safepoint   ] Safepoint "Cleanup", Time since last: 3001009542 ns, Reaching safepoint: 410420 ns, At safepoint: 5130 ns, Total: 415550 ns
[2022-08-29T07:21:36.343+0000][7][safepoint   ] Safepoint "Cleanup", Time since last: 14003132338 ns, Reaching safepoint: 323888 ns, At safepoint: 5630 ns, Total: 329518 ns
[2022-08-29T07:30:15.025+0000][7][safepoint   ] Safepoint "Cleanup", Time since last: 517790397649 ns, Reaching safepoint: 825815552 ns, At safepoint: 4294999 ns, Total: 830110551 ns
[2022-08-29T07:30:16.121+0000][7][safepoint   ] Safepoint "Cleanup", Time since last: 1095491908 ns, Reaching safepoint: 446858 ns, At safepoint: 57278 ns, Total: 504136 ns
[2022-08-29T07:30:24.123+0000][7][safepoint   ] Safepoint "Cleanup", Time since last: 8001838775 ns, Reaching safepoint: 284373 ns, At safepoint: 94718 ns, Total: 379091 ns
[2022-08-29T07:30:46.067+0000][7][safepoint   ] Safepoint "Cleanup", Time since last: 22004143891 ns, Reaching safepoint: 354856 ns, At safepoint: 50084 ns, Total: 404940 ns
[2022-08-29T07:32:07.081+0000][7][safepoint   ] Safepoint "Cleanup", Time since last: 81013285114 ns, Reaching safepoint: 255850 ns, At safepoint: 6192 ns, Total: 262042 ns
[2022-08-29T07:32:15.083+0000][7][safepoint   ] Safepoint "Cleanup", Time since last: 8001618010 ns, Reaching safepoint: 322275 ns, At safepoint: 50344 ns, Total: 372619 ns
[2022-08-29T07:32:38.088+0000][7][safepoint   ] Safepoint "Cleanup", Time since last: 23004001253 ns, Reaching safepoint: 339617 ns, At safepoint: 51267 ns, Total: 390884 ns
[2022-08-29T07:32:45.089+0000][7][safepoint   ] Safepoint "Cleanup", Time since last: 7001709362 ns, Reaching safepoint: 325721 ns, At safepoint: 52800 ns, Total: 378521 ns
[2022-08-29T07:33:15.095+0000][7][safepoint   ] Safepoint "Cleanup", Time since last: 30004961649 ns, Reaching safepoint: 358593 ns, At safepoint: 50134 ns, Total: 408727 ns
[2022-08-29T07:33:16.096+0000][7][safepoint   ] Safepoint "Cleanup", Time since last: 1000783360 ns, Reaching safepoint: 274344 ns, At safepoint: 15480 ns, Total: 289824 ns
[2022-08-29T07:33:30.107+0000][7][safepoint   ] Safepoint "Cleanup", Time since last: 14011345648 ns, Reaching safepoint: 234581 ns, At safepoint: 2805 ns, Total: 237386 ns
[2022-08-29T07:34:15.114+0000][7][safepoint   ] Safepoint "Cleanup", Time since last: 45006833513 ns, Reaching safepoint: 286247 ns, At safepoint: 5230 ns, Total: 291477 ns
[2022-08-29T07:34:25.116+0000][7][safepoint   ] Safepoint "Cleanup", Time since last: 10001798288 ns, Reaching safepoint: 211827 ns, At safepoint: 7895 ns, Total: 219722 ns
[2022-08-29T07:34:46.120+0000][7][safepoint   ] Safepoint "Cleanup", Time since last: 21003323322 ns, Reaching safepoint: 339127 ns, At safepoint: 52568 ns, Total: 391695 ns
[2022-08-29T07:35:15.153+0000][7][safepoint   ] Safepoint "Cleanup", Time since last: 29032551858 ns, Reaching safepoint: 329277 ns, At safepoint: 44043 ns, Total: 373320 ns
[2022-08-29T07:35:28.157+0000][7][safepoint   ] Safepoint "Cleanup", Time since last: 13002911134 ns, Reaching safepoint: 388098 ns, At safepoint: 4880 ns, Total: 392978 ns
[2022-08-29T07:36:06.164+0000][7][safepoint   ] Safepoint "Cleanup", Time since last: 38007027962 ns, Reaching safepoint: 347201 ns, At safepoint: 6904 ns, Total: 354105 ns
[2022-08-29T07:36:36.169+0000][7][safepoint   ] Safepoint "Cleanup", Time since last: 30004261216 ns, Reaching safepoint: 432101 ns, At safepoint: 4558 ns, Total: 436659 ns
[2022-08-29T07:36:44.173+0000][7][safepoint   ] Safepoint "Cleanup", Time since last: 8003136821 ns, Reaching safepoint: 350447 ns, At safepoint: 3497 ns, Total: 353944 ns
[2022-08-29T07:36:45.174+0000][7][safepoint   ] Safepoint "Cleanup", Time since last: 1008696616 ns, Reaching safepoint: 263955 ns, At safepoint: 5550 ns, Total: 269505 ns
[2022-08-29T07:37:45.191+0000][7][safepoint   ] Safepoint "Cleanup", Time since last: 60009809748 ns, Reaching safepoint: 381956 ns, At safepoint: 5240 ns, Total: 387196 ns
[2022-08-29T07:37:47.193+0000][7][safepoint   ] Safepoint "Cleanup", Time since last: 2001221571 ns, Reaching safepoint: 199164 ns, At safepoint: 29245 ns, Total: 228409 ns
[2022-08-29T07:38:04.196+0000][7][safepoint   ] Safepoint "Cleanup", Time since last: 17002822665 ns, Reaching safepoint: 358663 ns, At safepoint: 36017 ns, Total: 394680 ns
[2022-08-29T07:38:15.199+0000][7][safepoint   ] Safepoint "Cleanup", Time since last: 11002348600 ns, Reaching safepoint: 314369 ns, At safepoint: 39825 ns, Total: 354194 ns
[2022-08-29T07:38:54.205+0000][7][safepoint   ] Safepoint "Cleanup", Time since last: 39005859781 ns, Reaching safepoint: 232716 ns, At safepoint: 5641 ns, Total: 238357 ns
[2022-08-29T07:38:56.207+0000][7][safepoint   ] Safepoint "Cleanup", Time since last: 2001851863 ns, Reaching safepoint: 264426 ns, At safepoint: 2796 ns, Total: 267222 ns
[2022-08-29T07:39:20.211+0000][7][safepoint   ] Safepoint "Cleanup", Time since last: 24003964702 ns, Reaching safepoint: 364494 ns, At safepoint: 57468 ns, Total: 421962 ns
[2022-08-29T07:39:24.213+0000][7][safepoint   ] Safepoint "Cleanup", Time since last: 4001113166 ns, Reaching safepoint: 296597 ns, At safepoint: 33543 ns, Total: 330140 ns
[2022-08-29T07:40:07.220+0000][7][safepoint   ] Safepoint "Cleanup", Time since last: 43006816262 ns, Reaching safepoint: 483227 ns, At safepoint: 56736 ns, Total: 539963 ns
[2022-08-29T07:40:15.222+0000][7][safepoint   ] Safepoint "Cleanup", Time since last: 8001731183 ns, Reaching safepoint: 472947 ns, At safepoint: 55905 ns, Total: 528852 ns
[2022-08-29T07:40:45.228+0000][7][safepoint   ] Safepoint "Cleanup", Time since last: 30004915304 ns, Reaching safepoint: 325050 ns, At safepoint: 5981 ns, Total: 331031 ns
[2022-08-29T07:41:15.233+0000][7][safepoint   ] Safepoint "Cleanup", Time since last: 30004883404 ns, Reaching safepoint: 317846 ns, At safepoint: 6262 ns, Total: 324108 ns
[2022-08-29T07:42:14.242+0000][7][safepoint   ] Safepoint "Cleanup", Time since last: 59009275997 ns, Reaching safepoint: 258094 ns, At safepoint: 27452 ns, Total: 285546 ns
[2022-08-29T07:42:45.248+0000][7][safepoint   ] Safepoint "Cleanup", Time since last: 31005601399 ns, Reaching safepoint: 386075 ns, At safepoint: 11151 ns, Total: 397226 ns
[2022-08-29T07:51:52.914+0000][7][safepoint   ] Safepoint "Cleanup", Time since last: 547645272105 ns, Reaching safepoint: 476824 ns, At safepoint: 57718 ns, Total: 534542 ns
[2022-08-29T07:52:03.917+0000][7][safepoint   ] Safepoint "Cleanup", Time since last: 11002567431 ns, Reaching safepoint: 314330 ns, At safepoint: 54231 ns, Total: 368561 ns
[2022-08-29T07:52:11.918+0000][7][safepoint   ] Safepoint "Cleanup", Time since last: 8001401756 ns, Reaching safepoint: 267852 ns, At safepoint: 4579 ns, Total: 272431 ns
[2022-08-29T07:52:18.879+0000][7][gc,heap,exit] Heap
[2022-08-29T07:52:18.879+0000][7][gc,heap,exit]  garbage-first heap   total 262144K, used 179414K [0x00000000f0000000, 0x0000000100000000)
[2022-08-29T07:52:18.880+0000][7][gc,heap,exit]   region size 4096K, 27 young (110592K), 3 survivors (12288K)
[2022-08-29T07:52:18.880+0000][7][gc,heap,exit]  Metaspace       used 91001K, capacity 94387K, committed 95512K, reserved 1132544K
[2022-08-29T07:52:18.880+0000][7][gc,heap,exit]   class space    used 12287K, capacity 13308K, committed 13388K, reserved 1048576K
