[2022-09-08T03:37:07.495+0000][7][gc] Using G1
[2022-09-08T03:37:07.616+0000][7][gc,init] Version: 15.0.1+9 (release)
[2022-09-08T03:37:07.617+0000][7][gc,init] CPUs: 6 total, 6 available
[2022-09-08T03:37:07.617+0000][7][gc,init] Memory: 5874M
[2022-09-08T03:37:07.617+0000][7][gc,init] Large Page Support: Disabled
[2022-09-08T03:37:07.617+0000][7][gc,init] NUMA Support: Disabled
[2022-09-08T03:37:07.618+0000][7][gc,init] Compressed Oops: Enabled (32-bit)
[2022-09-08T03:37:07.618+0000][7][gc,init] Heap Region Size: 4M
[2022-09-08T03:37:07.618+0000][7][gc,init] Heap Min Capacity: 256M
[2022-09-08T03:37:07.618+0000][7][gc,init] Heap Initial Capacity: 256M
[2022-09-08T03:37:07.619+0000][7][gc,init] Heap Max Capacity: 256M
[2022-09-08T03:37:07.619+0000][7][gc,init] Pre-touch: Enabled
[2022-09-08T03:37:07.619+0000][7][gc,init] Parallel Workers: 6
[2022-09-08T03:37:07.619+0000][7][gc,init] Concurrent Workers: 2
[2022-09-08T03:37:07.619+0000][7][gc,init] Concurrent Refinement Workers: 6
[2022-09-08T03:37:07.620+0000][7][gc,init] Periodic GC: Disabled
[2022-09-08T03:37:07.620+0000][7][gc,cds ] Mark closed archive regions in map: [0x00000000ffc00000, 0x00000000ffc7bff8]
[2022-09-08T03:37:07.620+0000][7][gc,cds ] Mark open archive regions in map: [0x00000000ffb00000, 0x00000000ffb51ff8]
[2022-09-08T03:37:07.621+0000][7][gc,metaspace] CDS archive(s) mapped at: [0x0000000800000000-0x0000000800b2a000-0x0000000800b2a000), size 11706368, SharedBaseAddress: 0x0000000800000000, ArchiveRelocationMode: 0.
[2022-09-08T03:37:07.621+0000][7][gc,metaspace] Compressed class space mapped at: 0x0000000800b2c000-0x0000000840b2c000, size: 1073741824
[2022-09-08T03:37:07.621+0000][7][gc,metaspace] Narrow klass base: 0x0000000800000000, Narrow klass shift: 3, Narrow klass range: 0x100000000
[2022-09-08T03:37:08.414+0000][7][gc,start    ] GC(0) Pause Young (Normal) (G1 Evacuation Pause)
[2022-09-08T03:37:08.424+0000][7][gc,task     ] GC(0) Using 6 workers of 6 for evacuation
[2022-09-08T03:37:08.425+0000][7][gc,age      ] GC(0) Desired survivor size 2097152 bytes, new threshold 15 (max threshold 15)
[2022-09-08T03:37:08.430+0000][7][gc,age      ] GC(0) Age table with threshold 15 (max threshold 15)
[2022-09-08T03:37:08.430+0000][7][gc,age      ] GC(0) - age   1:    3398936 bytes,    3398936 total
[2022-09-08T03:37:08.430+0000][7][gc,phases   ] GC(0)   Pre Evacuate Collection Set: 0.1ms
[2022-09-08T03:37:08.431+0000][7][gc,phases   ] GC(0)   Merge Heap Roots: 0.1ms
[2022-09-08T03:37:08.431+0000][7][gc,phases   ] GC(0)   Evacuate Collection Set: 3.9ms
[2022-09-08T03:37:08.431+0000][7][gc,phases   ] GC(0)   Post Evacuate Collection Set: 0.5ms
[2022-09-08T03:37:08.431+0000][7][gc,phases   ] GC(0)   Other: 11.4ms
[2022-09-08T03:37:08.432+0000][7][gc,heap     ] GC(0) Eden regions: 4->0(4)
[2022-09-08T03:37:08.432+0000][7][gc,heap     ] GC(0) Survivor regions: 0->1(1)
[2022-09-08T03:37:08.432+0000][7][gc,heap     ] GC(0) Old regions: 0->0
[2022-09-08T03:37:08.432+0000][7][gc,heap     ] GC(0) Archive regions: 2->2
[2022-09-08T03:37:08.433+0000][7][gc,heap     ] GC(0) Humongous regions: 0->0
[2022-09-08T03:37:08.433+0000][7][gc,metaspace] GC(0) Metaspace: 5033K(7680K)->5033K(7680K) NonClass: 4511K(6912K)->4511K(6912K) Class: 521K(768K)->521K(768K)
[2022-09-08T03:37:08.433+0000][7][gc          ] GC(0) Pause Young (Normal) (G1 Evacuation Pause) 19M->7M(256M) 18.788ms
[2022-09-08T03:37:08.433+0000][7][gc,cpu      ] GC(0) User=0.02s Sys=0.01s Real=0.01s
[2022-09-08T03:37:08.434+0000][7][safepoint   ] Safepoint "G1CollectForAllocation", Time since last: 784006816 ns, Reaching safepoint: 309400 ns, At safepoint: 19336773 ns, Total: 19646173 ns
[2022-09-08T03:37:09.575+0000][7][gc,start    ] GC(1) Pause Young (Normal) (G1 Evacuation Pause)
[2022-09-08T03:37:09.576+0000][7][gc,task     ] GC(1) Using 6 workers of 6 for evacuation
[2022-09-08T03:37:09.576+0000][7][gc,age      ] GC(1) Desired survivor size 2097152 bytes, new threshold 1 (max threshold 15)
[2022-09-08T03:37:09.585+0000][7][gc,age      ] GC(1) Age table with threshold 1 (max threshold 15)
[2022-09-08T03:37:09.585+0000][7][gc,age      ] GC(1) - age   1:    1238224 bytes,    1238224 total
[2022-09-08T03:37:09.586+0000][7][gc,phases   ] GC(1)   Pre Evacuate Collection Set: 0.1ms
[2022-09-08T03:37:09.586+0000][7][gc,phases   ] GC(1)   Merge Heap Roots: 0.1ms
[2022-09-08T03:37:09.586+0000][7][gc,phases   ] GC(1)   Evacuate Collection Set: 7.6ms
[2022-09-08T03:37:09.586+0000][7][gc,phases   ] GC(1)   Post Evacuate Collection Set: 0.8ms
[2022-09-08T03:37:09.587+0000][7][gc,phases   ] GC(1)   Other: 1.8ms
[2022-09-08T03:37:09.587+0000][7][gc,heap     ] GC(1) Eden regions: 4->0(10)
[2022-09-08T03:37:09.587+0000][7][gc,heap     ] GC(1) Survivor regions: 1->1(1)
[2022-09-08T03:37:09.587+0000][7][gc,heap     ] GC(1) Old regions: 0->1
[2022-09-08T03:37:09.588+0000][7][gc,heap     ] GC(1) Archive regions: 2->2
[2022-09-08T03:37:09.588+0000][7][gc,heap     ] GC(1) Humongous regions: 0->0
[2022-09-08T03:37:09.588+0000][7][gc,metaspace] GC(1) Metaspace: 9694K(10496K)->9694K(10496K) NonClass: 8548K(9216K)->8548K(9216K) Class: 1145K(1280K)->1145K(1280K)
[2022-09-08T03:37:09.588+0000][7][gc          ] GC(1) Pause Young (Normal) (G1 Evacuation Pause) 23M->8M(256M) 12.847ms
[2022-09-08T03:37:09.588+0000][7][gc,cpu      ] GC(1) User=0.01s Sys=0.00s Real=0.01s
[2022-09-08T03:37:09.589+0000][7][safepoint   ] Safepoint "G1CollectForAllocation", Time since last: 1141461178 ns, Reaching safepoint: 219622 ns, At safepoint: 13373463 ns, Total: 13593085 ns
[2022-09-08T03:37:10.682+0000][7][safepoint   ] Safepoint "ICBufferFull", Time since last: 1092512451 ns, Reaching safepoint: 305031 ns, At safepoint: 5050 ns, Total: 310081 ns
[2022-09-08T03:37:11.228+0000][7][gc,start    ] GC(2) Pause Young (Normal) (G1 Evacuation Pause)
[2022-09-08T03:37:11.229+0000][7][gc,task     ] GC(2) Using 6 workers of 6 for evacuation
[2022-09-08T03:37:11.229+0000][7][gc,age      ] GC(2) Desired survivor size 4194304 bytes, new threshold 15 (max threshold 15)
[2022-09-08T03:37:11.238+0000][7][gc,age      ] GC(2) Age table with threshold 15 (max threshold 15)
[2022-09-08T03:37:11.238+0000][7][gc,age      ] GC(2) - age   1:    2451960 bytes,    2451960 total
[2022-09-08T03:37:11.238+0000][7][gc,age      ] GC(2) - age   2:    1189632 bytes,    3641592 total
[2022-09-08T03:37:11.238+0000][7][gc,phases   ] GC(2)   Pre Evacuate Collection Set: 0.2ms
[2022-09-08T03:37:11.239+0000][7][gc,phases   ] GC(2)   Merge Heap Roots: 0.0ms
[2022-09-08T03:37:11.239+0000][7][gc,phases   ] GC(2)   Evacuate Collection Set: 6.9ms
[2022-09-08T03:37:11.239+0000][7][gc,phases   ] GC(2)   Post Evacuate Collection Set: 1.3ms
[2022-09-08T03:37:11.239+0000][7][gc,phases   ] GC(2)   Other: 1.9ms
[2022-09-08T03:37:11.240+0000][7][gc,heap     ] GC(2) Eden regions: 10->0(34)
[2022-09-08T03:37:11.240+0000][7][gc,heap     ] GC(2) Survivor regions: 1->1(2)
[2022-09-08T03:37:11.240+0000][7][gc,heap     ] GC(2) Old regions: 1->1
[2022-09-08T03:37:11.240+0000][7][gc,heap     ] GC(2) Archive regions: 2->2
[2022-09-08T03:37:11.240+0000][7][gc,heap     ] GC(2) Humongous regions: 0->0
[2022-09-08T03:37:11.241+0000][7][gc,metaspace] GC(2) Metaspace: 14384K(14848K)->14384K(14848K) NonClass: 12712K(13056K)->12712K(13056K) Class: 1672K(1792K)->1672K(1792K)
[2022-09-08T03:37:11.241+0000][7][gc          ] GC(2) Pause Young (Normal) (G1 Evacuation Pause) 48M->10M(256M) 12.766ms
[2022-09-08T03:37:11.241+0000][7][gc,cpu      ] GC(2) User=0.01s Sys=0.01s Real=0.01s
[2022-09-08T03:37:11.242+0000][7][safepoint   ] Safepoint "G1CollectForAllocation", Time since last: 546370120 ns, Reaching safepoint: 204072 ns, At safepoint: 13650742 ns, Total: 13854814 ns
[2022-09-08T03:37:12.125+0000][7][safepoint   ] Safepoint "ICBufferFull", Time since last: 881804912 ns, Reaching safepoint: 1093228 ns, At safepoint: 36799 ns, Total: 1130027 ns
[2022-09-08T03:37:12.132+0000][7][safepoint   ] Safepoint "ICBufferFull", Time since last: 7338948 ns, Reaching safepoint: 99446 ns, At safepoint: 6222 ns, Total: 105668 ns
[2022-09-08T03:37:12.137+0000][7][safepoint   ] Safepoint "ICBufferFull", Time since last: 4908114 ns, Reaching safepoint: 106029 ns, At safepoint: 3907 ns, Total: 109936 ns
[2022-09-08T03:37:12.140+0000][7][safepoint   ] Safepoint "ICBufferFull", Time since last: 3156914 ns, Reaching safepoint: 118141 ns, At safepoint: 2986 ns, Total: 121127 ns
[2022-09-08T03:37:12.150+0000][7][safepoint   ] Safepoint "ICBufferFull", Time since last: 8800556 ns, Reaching safepoint: 226474 ns, At safepoint: 44914 ns, Total: 271388 ns
[2022-09-08T03:37:12.155+0000][7][safepoint   ] Safepoint "ICBufferFull", Time since last: 5431506 ns, Reaching safepoint: 110226 ns, At safepoint: 21520 ns, Total: 131746 ns
[2022-09-08T03:37:12.161+0000][7][safepoint   ] Safepoint "ICBufferFull", Time since last: 5824081 ns, Reaching safepoint: 115987 ns, At safepoint: 4238 ns, Total: 120225 ns
[2022-09-08T03:37:12.165+0000][7][safepoint   ] Safepoint "ICBufferFull", Time since last: 3907630 ns, Reaching safepoint: 136756 ns, At safepoint: 24225 ns, Total: 160981 ns
[2022-09-08T03:37:12.171+0000][7][safepoint   ] Safepoint "ICBufferFull", Time since last: 2397482 ns, Reaching safepoint: 3406942 ns, At safepoint: 21751 ns, Total: 3428693 ns
[2022-09-08T03:37:12.188+0000][7][safepoint   ] Safepoint "ICBufferFull", Time since last: 16854183 ns, Reaching safepoint: 180508 ns, At safepoint: 5099 ns, Total: 185607 ns
[2022-09-08T03:37:12.193+0000][7][safepoint   ] Safepoint "ICBufferFull", Time since last: 4732055 ns, Reaching safepoint: 123842 ns, At safepoint: 6672 ns, Total: 130514 ns
[2022-09-08T03:37:12.197+0000][7][safepoint   ] Safepoint "ICBufferFull", Time since last: 3525254 ns, Reaching safepoint: 402425 ns, At safepoint: 3787 ns, Total: 406212 ns
[2022-09-08T03:37:12.200+0000][7][safepoint   ] Safepoint "ICBufferFull", Time since last: 3564046 ns, Reaching safepoint: 113833 ns, At safepoint: 3296 ns, Total: 117129 ns
[2022-09-08T03:37:12.206+0000][7][safepoint   ] Safepoint "ICBufferFull", Time since last: 4976894 ns, Reaching safepoint: 108603 ns, At safepoint: 3226 ns, Total: 111829 ns
[2022-09-08T03:37:12.215+0000][7][safepoint   ] Safepoint "ICBufferFull", Time since last: 8863424 ns, Reaching safepoint: 415699 ns, At safepoint: 3577 ns, Total: 419276 ns
[2022-09-08T03:37:12.568+0000][7][safepoint   ] Safepoint "ICBufferFull", Time since last: 353352507 ns, Reaching safepoint: 127138 ns, At safepoint: 26570 ns, Total: 153708 ns
[2022-09-08T03:37:13.040+0000][7][gc,start    ] GC(3) Pause Young (Normal) (G1 Evacuation Pause)
[2022-09-08T03:37:13.040+0000][7][gc,task     ] GC(3) Using 6 workers of 6 for evacuation
[2022-09-08T03:37:13.040+0000][7][gc,age      ] GC(3) Desired survivor size 10485760 bytes, new threshold 15 (max threshold 15)
[2022-09-08T03:37:13.048+0000][7][gc,age      ] GC(3) Age table with threshold 15 (max threshold 15)
[2022-09-08T03:37:13.048+0000][7][gc,age      ] GC(3) - age   1:    3947808 bytes,    3947808 total
[2022-09-08T03:37:13.048+0000][7][gc,age      ] GC(3) - age   2:    2354368 bytes,    6302176 total
[2022-09-08T03:37:13.048+0000][7][gc,age      ] GC(3) - age   3:    1173504 bytes,    7475680 total
[2022-09-08T03:37:13.048+0000][7][gc,phases   ] GC(3)   Pre Evacuate Collection Set: 0.1ms
[2022-09-08T03:37:13.049+0000][7][gc,phases   ] GC(3)   Merge Heap Roots: 0.1ms
[2022-09-08T03:37:13.049+0000][7][gc,phases   ] GC(3)   Evacuate Collection Set: 6.2ms
[2022-09-08T03:37:13.049+0000][7][gc,phases   ] GC(3)   Post Evacuate Collection Set: 0.6ms
[2022-09-08T03:37:13.049+0000][7][gc,phases   ] GC(3)   Other: 1.7ms
[2022-09-08T03:37:13.049+0000][7][gc,heap     ] GC(3) Eden regions: 34->0(36)
[2022-09-08T03:37:13.050+0000][7][gc,heap     ] GC(3) Survivor regions: 1->2(5)
[2022-09-08T03:37:13.050+0000][7][gc,heap     ] GC(3) Old regions: 1->1
[2022-09-08T03:37:13.050+0000][7][gc,heap     ] GC(3) Archive regions: 2->2
[2022-09-08T03:37:13.050+0000][7][gc,heap     ] GC(3) Humongous regions: 0->0
[2022-09-08T03:37:13.050+0000][7][gc,metaspace] GC(3) Metaspace: 17804K(18432K)->17804K(18432K) NonClass: 15686K(16128K)->15686K(16128K) Class: 2117K(2304K)->2117K(2304K)
[2022-09-08T03:37:13.050+0000][7][gc          ] GC(3) Pause Young (Normal) (G1 Evacuation Pause) 146M->14M(256M) 10.442ms
[2022-09-08T03:37:13.050+0000][7][gc,cpu      ] GC(3) User=0.03s Sys=0.00s Real=0.01s
[2022-09-08T03:37:13.051+0000][7][safepoint   ] Safepoint "G1CollectForAllocation", Time since last: 471008775 ns, Reaching safepoint: 390912 ns, At safepoint: 11054148 ns, Total: 11445060 ns
[2022-09-08T03:37:13.396+0000][7][gc,start    ] GC(4) Pause Young (Normal) (G1 Evacuation Pause)
[2022-09-08T03:37:13.397+0000][7][gc,task     ] GC(4) Using 6 workers of 6 for evacuation
[2022-09-08T03:37:13.397+0000][7][gc,age      ] GC(4) Desired survivor size 10485760 bytes, new threshold 15 (max threshold 15)
[2022-09-08T03:37:13.404+0000][7][gc,age      ] GC(4) Age table with threshold 15 (max threshold 15)
[2022-09-08T03:37:13.404+0000][7][gc,age      ] GC(4) - age   1:    3554184 bytes,    3554184 total
[2022-09-08T03:37:13.404+0000][7][gc,age      ] GC(4) - age   2:    3281032 bytes,    6835216 total
[2022-09-08T03:37:13.404+0000][7][gc,age      ] GC(4) - age   3:    2354368 bytes,    9189584 total
[2022-09-08T03:37:13.404+0000][7][gc,age      ] GC(4) - age   4:    1173504 bytes,   10363088 total
[2022-09-08T03:37:13.405+0000][7][gc,phases   ] GC(4)   Pre Evacuate Collection Set: 0.1ms
[2022-09-08T03:37:13.405+0000][7][gc,phases   ] GC(4)   Merge Heap Roots: 0.1ms
[2022-09-08T03:37:13.405+0000][7][gc,phases   ] GC(4)   Evacuate Collection Set: 5.6ms
[2022-09-08T03:37:13.405+0000][7][gc,phases   ] GC(4)   Post Evacuate Collection Set: 0.7ms
[2022-09-08T03:37:13.405+0000][7][gc,phases   ] GC(4)   Other: 1.7ms
[2022-09-08T03:37:13.405+0000][7][gc,heap     ] GC(4) Eden regions: 36->0(35)
[2022-09-08T03:37:13.405+0000][7][gc,heap     ] GC(4) Survivor regions: 2->3(5)
[2022-09-08T03:37:13.405+0000][7][gc,heap     ] GC(4) Old regions: 1->1
[2022-09-08T03:37:13.405+0000][7][gc,heap     ] GC(4) Archive regions: 2->2
[2022-09-08T03:37:13.405+0000][7][gc,heap     ] GC(4) Humongous regions: 0->0
[2022-09-08T03:37:13.405+0000][7][gc,metaspace] GC(4) Metaspace: 18269K(19072K)->18269K(19072K) NonClass: 16094K(16640K)->16094K(16640K) Class: 2175K(2432K)->2175K(2432K)
[2022-09-08T03:37:13.405+0000][7][gc          ] GC(4) Pause Young (Normal) (G1 Evacuation Pause) 158M->17M(256M) 9.045ms
[2022-09-08T03:37:13.406+0000][7][gc,cpu      ] GC(4) User=0.03s Sys=0.01s Real=0.01s
[2022-09-08T03:37:13.406+0000][7][safepoint   ] Safepoint "G1CollectForAllocation", Time since last: 345407945 ns, Reaching safepoint: 249588 ns, At safepoint: 9293089 ns, Total: 9542677 ns
[2022-09-08T03:37:14.027+0000][7][gc,start    ] GC(5) Pause Young (Normal) (G1 Evacuation Pause)
[2022-09-08T03:37:14.028+0000][7][gc,task     ] GC(5) Using 6 workers of 6 for evacuation
[2022-09-08T03:37:14.029+0000][7][gc,age      ] GC(5) Desired survivor size 10485760 bytes, new threshold 15 (max threshold 15)
[2022-09-08T03:37:14.034+0000][7][gc,age      ] GC(5) Age table with threshold 15 (max threshold 15)
[2022-09-08T03:37:14.035+0000][7][gc,age      ] GC(5) - age   1:    1394816 bytes,    1394816 total
[2022-09-08T03:37:14.036+0000][7][gc,age      ] GC(5) - age   2:    1657288 bytes,    3052104 total
[2022-09-08T03:37:14.036+0000][7][gc,age      ] GC(5) - age   3:    3280896 bytes,    6333000 total
[2022-09-08T03:37:14.036+0000][7][gc,age      ] GC(5) - age   4:    2354368 bytes,    8687368 total
[2022-09-08T03:37:14.037+0000][7][gc,age      ] GC(5) - age   5:    1173504 bytes,    9860872 total
[2022-09-08T03:37:14.037+0000][7][gc,phases   ] GC(5)   Pre Evacuate Collection Set: 0.1ms
[2022-09-08T03:37:14.037+0000][7][gc,phases   ] GC(5)   Merge Heap Roots: 0.0ms
[2022-09-08T03:37:14.037+0000][7][gc,phases   ] GC(5)   Evacuate Collection Set: 4.2ms
[2022-09-08T03:37:14.037+0000][7][gc,phases   ] GC(5)   Post Evacuate Collection Set: 1.0ms
[2022-09-08T03:37:14.045+0000][7][gc,phases   ] GC(5)   Other: 4.1ms
[2022-09-08T03:37:14.049+0000][7][gc,heap     ] GC(5) Eden regions: 35->0(35)
[2022-09-08T03:37:14.049+0000][7][gc,heap     ] GC(5) Survivor regions: 3->3(5)
[2022-09-08T03:37:14.049+0000][7][gc,heap     ] GC(5) Old regions: 1->1
[2022-09-08T03:37:14.050+0000][7][gc,heap     ] GC(5) Archive regions: 2->2
[2022-09-08T03:37:14.050+0000][7][gc,heap     ] GC(5) Humongous regions: 0->0
[2022-09-08T03:37:14.051+0000][7][gc,metaspace] GC(5) Metaspace: 18669K(19456K)->18669K(19456K) NonClass: 16422K(16896K)->16422K(16896K) Class: 2247K(2560K)->2247K(2560K)
[2022-09-08T03:37:14.051+0000][7][gc          ] GC(5) Pause Young (Normal) (G1 Evacuation Pause) 157M->16M(256M) 23.842ms
[2022-09-08T03:37:14.052+0000][7][gc,cpu      ] GC(5) User=0.02s Sys=0.00s Real=0.03s
[2022-09-08T03:37:14.052+0000][7][safepoint   ] Safepoint "G1CollectForAllocation", Time since last: 619848897 ns, Reaching safepoint: 1825320 ns, At safepoint: 24739514 ns, Total: 26564834 ns
[2022-09-08T03:37:15.058+0000][7][safepoint   ] Safepoint "Cleanup", Time since last: 1005174482 ns, Reaching safepoint: 342782 ns, At safepoint: 6141 ns, Total: 348923 ns
[2022-09-08T03:37:15.072+0000][7][gc,start    ] GC(6) Pause Young (Normal) (G1 Evacuation Pause)
[2022-09-08T03:37:15.072+0000][7][gc,task     ] GC(6) Using 6 workers of 6 for evacuation
[2022-09-08T03:37:15.073+0000][7][gc,age      ] GC(6) Desired survivor size 10485760 bytes, new threshold 15 (max threshold 15)
[2022-09-08T03:37:15.085+0000][7][gc,age      ] GC(6) Age table with threshold 15 (max threshold 15)
[2022-09-08T03:37:15.085+0000][7][gc,age      ] GC(6) - age   1:    1460952 bytes,    1460952 total
[2022-09-08T03:37:15.086+0000][7][gc,age      ] GC(6) - age   2:    1216768 bytes,    2677720 total
[2022-09-08T03:37:15.086+0000][7][gc,age      ] GC(6) - age   3:    1657288 bytes,    4335008 total
[2022-09-08T03:37:15.086+0000][7][gc,age      ] GC(6) - age   4:    3279984 bytes,    7614992 total
[2022-09-08T03:37:15.086+0000][7][gc,age      ] GC(6) - age   5:    2354368 bytes,    9969360 total
[2022-09-08T03:37:15.086+0000][7][gc,age      ] GC(6) - age   6:    1173504 bytes,   11142864 total
[2022-09-08T03:37:15.087+0000][7][gc,phases   ] GC(6)   Pre Evacuate Collection Set: 0.1ms
[2022-09-08T03:37:15.087+0000][7][gc,phases   ] GC(6)   Merge Heap Roots: 0.1ms
[2022-09-08T03:37:15.087+0000][7][gc,phases   ] GC(6)   Evacuate Collection Set: 11.0ms
[2022-09-08T03:37:15.087+0000][7][gc,phases   ] GC(6)   Post Evacuate Collection Set: 0.8ms
[2022-09-08T03:37:15.087+0000][7][gc,phases   ] GC(6)   Other: 2.5ms
[2022-09-08T03:37:15.088+0000][7][gc,heap     ] GC(6) Eden regions: 35->0(35)
[2022-09-08T03:37:15.088+0000][7][gc,heap     ] GC(6) Survivor regions: 3->3(5)
[2022-09-08T03:37:15.088+0000][7][gc,heap     ] GC(6) Old regions: 1->1
[2022-09-08T03:37:15.088+0000][7][gc,heap     ] GC(6) Archive regions: 2->2
[2022-09-08T03:37:15.088+0000][7][gc,heap     ] GC(6) Humongous regions: 0->0
[2022-09-08T03:37:15.089+0000][7][gc,metaspace] GC(6) Metaspace: 18919K(19712K)->18919K(19712K) NonClass: 16648K(17152K)->16648K(17152K) Class: 2271K(2560K)->2271K(2560K)
[2022-09-08T03:37:15.089+0000][7][gc          ] GC(6) Pause Young (Normal) (G1 Evacuation Pause) 156M->18M(256M) 16.614ms
[2022-09-08T03:37:15.089+0000][7][gc,cpu      ] GC(6) User=0.02s Sys=0.00s Real=0.02s
[2022-09-08T03:37:15.089+0000][7][safepoint   ] Safepoint "G1CollectForAllocation", Time since last: 8325036 ns, Reaching safepoint: 6032751 ns, At safepoint: 17097780 ns, Total: 23130531 ns
[2022-09-08T03:37:15.318+0000][7][gc,start    ] GC(7) Pause Young (Normal) (G1 Evacuation Pause)
[2022-09-08T03:37:15.319+0000][7][gc,task     ] GC(7) Using 6 workers of 6 for evacuation
[2022-09-08T03:37:15.319+0000][7][gc,age      ] GC(7) Desired survivor size 10485760 bytes, new threshold 6 (max threshold 15)
[2022-09-08T03:37:15.328+0000][7][gc,age      ] GC(7) Age table with threshold 6 (max threshold 15)
[2022-09-08T03:37:15.329+0000][7][gc,age      ] GC(7) - age   1:    1932280 bytes,    1932280 total
[2022-09-08T03:37:15.329+0000][7][gc,age      ] GC(7) - age   2:    1425328 bytes,    3357608 total
[2022-09-08T03:37:15.329+0000][7][gc,age      ] GC(7) - age   3:    1216648 bytes,    4574256 total
[2022-09-08T03:37:15.329+0000][7][gc,age      ] GC(7) - age   4:    1657288 bytes,    6231544 total
[2022-09-08T03:37:15.329+0000][7][gc,age      ] GC(7) - age   5:    3279984 bytes,    9511528 total
[2022-09-08T03:37:15.329+0000][7][gc,age      ] GC(7) - age   6:    2354368 bytes,   11865896 total
[2022-09-08T03:37:15.330+0000][7][gc,phases   ] GC(7)   Pre Evacuate Collection Set: 0.0ms
[2022-09-08T03:37:15.330+0000][7][gc,phases   ] GC(7)   Merge Heap Roots: 0.0ms
[2022-09-08T03:37:15.330+0000][7][gc,phases   ] GC(7)   Evacuate Collection Set: 8.5ms
[2022-09-08T03:37:15.330+0000][7][gc,phases   ] GC(7)   Post Evacuate Collection Set: 0.7ms
[2022-09-08T03:37:15.330+0000][7][gc,phases   ] GC(7)   Other: 2.1ms
[2022-09-08T03:37:15.330+0000][7][gc,heap     ] GC(7) Eden regions: 35->0(35)
[2022-09-08T03:37:15.331+0000][7][gc,heap     ] GC(7) Survivor regions: 3->3(5)
[2022-09-08T03:37:15.331+0000][7][gc,heap     ] GC(7) Old regions: 1->2
[2022-09-08T03:37:15.331+0000][7][gc,heap     ] GC(7) Archive regions: 2->2
[2022-09-08T03:37:15.332+0000][7][gc,heap     ] GC(7) Humongous regions: 0->0
[2022-09-08T03:37:15.332+0000][7][gc,metaspace] GC(7) Metaspace: 19150K(19968K)->19150K(19968K) NonClass: 16854K(17408K)->16854K(17408K) Class: 2295K(2560K)->2295K(2560K)
[2022-09-08T03:37:15.332+0000][7][gc          ] GC(7) Pause Young (Normal) (G1 Evacuation Pause) 158M->20M(256M) 14.204ms
[2022-09-08T03:37:15.333+0000][7][gc,cpu      ] GC(7) User=0.03s Sys=0.00s Real=0.01s
[2022-09-08T03:37:15.333+0000][7][safepoint   ] Safepoint "G1CollectForAllocation", Time since last: 228863842 ns, Reaching safepoint: 218920 ns, At safepoint: 14607364 ns, Total: 14826284 ns
[2022-09-08T03:37:15.515+0000][7][gc,start    ] GC(8) Pause Young (Normal) (G1 Evacuation Pause)
[2022-09-08T03:37:15.515+0000][7][gc,task     ] GC(8) Using 6 workers of 6 for evacuation
[2022-09-08T03:37:15.516+0000][7][gc,age      ] GC(8) Desired survivor size 10485760 bytes, new threshold 6 (max threshold 15)
[2022-09-08T03:37:15.574+0000][7][gc,age      ] GC(8) Age table with threshold 6 (max threshold 15)
[2022-09-08T03:37:15.577+0000][7][gc,age      ] GC(8) - age   1:     817312 bytes,     817312 total
[2022-09-08T03:37:15.581+0000][7][gc,age      ] GC(8) - age   2:     370432 bytes,    1187744 total
[2022-09-08T03:37:15.582+0000][7][gc,age      ] GC(8) - age   3:    1424984 bytes,    2612728 total
[2022-09-08T03:37:15.585+0000][7][gc,age      ] GC(8) - age   4:    1216184 bytes,    3828912 total
[2022-09-08T03:37:15.586+0000][7][gc,age      ] GC(8) - age   5:    1657224 bytes,    5486136 total
[2022-09-08T03:37:15.586+0000][7][gc,age      ] GC(8) - age   6:    3276064 bytes,    8762200 total
[2022-09-08T03:37:15.598+0000][7][gc,phases   ] GC(8)   Pre Evacuate Collection Set: 1.5ms
[2022-09-08T03:37:15.599+0000][7][gc,phases   ] GC(8)   Merge Heap Roots: 0.1ms
[2022-09-08T03:37:15.600+0000][7][gc,phases   ] GC(8)   Evacuate Collection Set: 27.2ms
[2022-09-08T03:37:15.603+0000][7][gc,phases   ] GC(8)   Post Evacuate Collection Set: 28.9ms
[2022-09-08T03:37:15.603+0000][7][gc,phases   ] GC(8)   Other: 25.2ms
[2022-09-08T03:37:15.606+0000][7][gc,heap     ] GC(8) Eden regions: 35->0(35)
[2022-09-08T03:37:15.606+0000][7][gc,heap     ] GC(8) Survivor regions: 3->3(5)
[2022-09-08T03:37:15.609+0000][7][gc,heap     ] GC(8) Old regions: 2->2
[2022-09-08T03:37:15.612+0000][7][gc,heap     ] GC(8) Archive regions: 2->2
[2022-09-08T03:37:15.613+0000][7][gc,heap     ] GC(8) Humongous regions: 0->0
[2022-09-08T03:37:15.626+0000][7][gc,metaspace] GC(8) Metaspace: 19283K(20224K)->19283K(20224K) NonClass: 16963K(17664K)->16963K(17664K) Class: 2319K(2560K)->2319K(2560K)
[2022-09-08T03:37:15.626+0000][7][gc          ] GC(8) Pause Young (Normal) (G1 Evacuation Pause) 160M->19M(256M) 111.734ms
[2022-09-08T03:37:15.627+0000][7][gc,cpu      ] GC(8) User=0.12s Sys=0.01s Real=0.11s
[2022-09-08T03:37:15.627+0000][7][safepoint   ] Safepoint "G1CollectForAllocation", Time since last: 181582870 ns, Reaching safepoint: 319429 ns, At safepoint: 112182412 ns, Total: 112501841 ns
[2022-09-08T03:37:16.141+0000][7][gc,start    ] GC(9) Pause Young (Normal) (G1 Evacuation Pause)
[2022-09-08T03:37:16.144+0000][7][gc,task     ] GC(9) Using 6 workers of 6 for evacuation
[2022-09-08T03:37:16.145+0000][7][gc,age      ] GC(9) Desired survivor size 10485760 bytes, new threshold 15 (max threshold 15)
[2022-09-08T03:37:16.159+0000][7][gc,age      ] GC(9) Age table with threshold 15 (max threshold 15)
[2022-09-08T03:37:16.160+0000][7][gc,age      ] GC(9) - age   1:    1784080 bytes,    1784080 total
[2022-09-08T03:37:16.162+0000][7][gc,age      ] GC(9) - age   2:     223752 bytes,    2007832 total
[2022-09-08T03:37:16.163+0000][7][gc,age      ] GC(9) - age   3:     370432 bytes,    2378264 total
[2022-09-08T03:37:16.164+0000][7][gc,age      ] GC(9) - age   4:    1424984 bytes,    3803248 total
[2022-09-08T03:37:16.164+0000][7][gc,age      ] GC(9) - age   5:    1216184 bytes,    5019432 total
[2022-09-08T03:37:16.164+0000][7][gc,age      ] GC(9) - age   6:    1657224 bytes,    6676656 total
[2022-09-08T03:37:16.164+0000][7][gc,age      ] GC(9) - age   7:    3276064 bytes,    9952720 total
[2022-09-08T03:37:16.164+0000][7][gc,phases   ] GC(9)   Pre Evacuate Collection Set: 0.1ms
[2022-09-08T03:37:16.164+0000][7][gc,phases   ] GC(9)   Merge Heap Roots: 0.1ms
[2022-09-08T03:37:16.165+0000][7][gc,phases   ] GC(9)   Evacuate Collection Set: 8.0ms
[2022-09-08T03:37:16.165+0000][7][gc,phases   ] GC(9)   Post Evacuate Collection Set: 5.7ms
[2022-09-08T03:37:16.165+0000][7][gc,phases   ] GC(9)   Other: 8.7ms
[2022-09-08T03:37:16.165+0000][7][gc,heap     ] GC(9) Eden regions: 35->0(35)
[2022-09-08T03:37:16.165+0000][7][gc,heap     ] GC(9) Survivor regions: 3->3(5)
[2022-09-08T03:37:16.166+0000][7][gc,heap     ] GC(9) Old regions: 2->2
[2022-09-08T03:37:16.166+0000][7][gc,heap     ] GC(9) Archive regions: 2->2
[2022-09-08T03:37:16.166+0000][7][gc,heap     ] GC(9) Humongous regions: 0->0
[2022-09-08T03:37:16.166+0000][7][gc,metaspace] GC(9) Metaspace: 19497K(20608K)->19497K(20608K) NonClass: 17137K(17920K)->17137K(17920K) Class: 2359K(2688K)->2359K(2688K)
[2022-09-08T03:37:16.166+0000][7][gc          ] GC(9) Pause Young (Normal) (G1 Evacuation Pause) 159M->20M(256M) 24.902ms
[2022-09-08T03:37:16.167+0000][7][gc,cpu      ] GC(9) User=0.02s Sys=0.01s Real=0.03s
[2022-09-08T03:37:16.168+0000][7][safepoint   ] Safepoint "G1CollectForAllocation", Time since last: 514343544 ns, Reaching safepoint: 226564 ns, At safepoint: 27044273 ns, Total: 27270837 ns
[2022-09-08T03:37:16.347+0000][7][gc,start    ] GC(10) Pause Young (Normal) (G1 Evacuation Pause)
[2022-09-08T03:37:16.347+0000][7][gc,task     ] GC(10) Using 6 workers of 6 for evacuation
[2022-09-08T03:37:16.347+0000][7][gc,age      ] GC(10) Desired survivor size 10485760 bytes, new threshold 15 (max threshold 15)
[2022-09-08T03:37:16.352+0000][7][gc,age      ] GC(10) Age table with threshold 15 (max threshold 15)
[2022-09-08T03:37:16.352+0000][7][gc,age      ] GC(10) - age   1:     251024 bytes,     251024 total
[2022-09-08T03:37:16.353+0000][7][gc,age      ] GC(10) - age   2:     220776 bytes,     471800 total
[2022-09-08T03:37:16.353+0000][7][gc,age      ] GC(10) - age   3:     223600 bytes,     695400 total
[2022-09-08T03:37:16.354+0000][7][gc,age      ] GC(10) - age   4:     370432 bytes,    1065832 total
[2022-09-08T03:37:16.354+0000][7][gc,age      ] GC(10) - age   5:    1424984 bytes,    2490816 total
[2022-09-08T03:37:16.354+0000][7][gc,age      ] GC(10) - age   6:    1215512 bytes,    3706328 total
[2022-09-08T03:37:16.354+0000][7][gc,age      ] GC(10) - age   7:    1656936 bytes,    5363264 total
[2022-09-08T03:37:16.354+0000][7][gc,age      ] GC(10) - age   8:    3275936 bytes,    8639200 total
[2022-09-08T03:37:16.354+0000][7][gc,phases   ] GC(10)   Pre Evacuate Collection Set: 0.1ms
[2022-09-08T03:37:16.355+0000][7][gc,phases   ] GC(10)   Merge Heap Roots: 0.1ms
[2022-09-08T03:37:16.355+0000][7][gc,phases   ] GC(10)   Evacuate Collection Set: 3.7ms
[2022-09-08T03:37:16.355+0000][7][gc,phases   ] GC(10)   Post Evacuate Collection Set: 0.7ms
[2022-09-08T03:37:16.355+0000][7][gc,phases   ] GC(10)   Other: 2.9ms
[2022-09-08T03:37:16.355+0000][7][gc,heap     ] GC(10) Eden regions: 35->0(35)
[2022-09-08T03:37:16.355+0000][7][gc,heap     ] GC(10) Survivor regions: 3->3(5)
[2022-09-08T03:37:16.355+0000][7][gc,heap     ] GC(10) Old regions: 2->2
[2022-09-08T03:37:16.356+0000][7][gc,heap     ] GC(10) Archive regions: 2->2
[2022-09-08T03:37:16.356+0000][7][gc,heap     ] GC(10) Humongous regions: 0->0
[2022-09-08T03:37:16.356+0000][7][gc,metaspace] GC(10) Metaspace: 19552K(20608K)->19552K(20608K) NonClass: 17182K(17920K)->17182K(17920K) Class: 2370K(2688K)->2370K(2688K)
[2022-09-08T03:37:16.356+0000][7][gc          ] GC(10) Pause Young (Normal) (G1 Evacuation Pause) 160M->19M(256M) 9.387ms
[2022-09-08T03:37:16.356+0000][7][gc,cpu      ] GC(10) User=0.01s Sys=0.00s Real=0.01s
[2022-09-08T03:37:16.357+0000][7][safepoint   ] Safepoint "G1CollectForAllocation", Time since last: 178267900 ns, Reaching safepoint: 127950 ns, At safepoint: 9784018 ns, Total: 9911968 ns
[2022-09-08T03:37:16.619+0000][7][gc,start    ] GC(11) Pause Young (Normal) (G1 Evacuation Pause)
[2022-09-08T03:37:16.619+0000][7][gc,task     ] GC(11) Using 6 workers of 6 for evacuation
[2022-09-08T03:37:16.619+0000][7][gc,age      ] GC(11) Desired survivor size 10485760 bytes, new threshold 15 (max threshold 15)
[2022-09-08T03:37:16.626+0000][7][gc,age      ] GC(11) Age table with threshold 15 (max threshold 15)
[2022-09-08T03:37:16.626+0000][7][gc,age      ] GC(11) - age   1:    2397512 bytes,    2397512 total
[2022-09-08T03:37:16.627+0000][7][gc,age      ] GC(11) - age   2:     220272 bytes,    2617784 total
[2022-09-08T03:37:16.627+0000][7][gc,age      ] GC(11) - age   3:     220776 bytes,    2838560 total
[2022-09-08T03:37:16.627+0000][7][gc,age      ] GC(11) - age   4:     223600 bytes,    3062160 total
[2022-09-08T03:37:16.627+0000][7][gc,age      ] GC(11) - age   5:     370432 bytes,    3432592 total
[2022-09-08T03:37:16.627+0000][7][gc,age      ] GC(11) - age   6:    1423944 bytes,    4856536 total
[2022-09-08T03:37:16.628+0000][7][gc,age      ] GC(11) - age   7:    1215512 bytes,    6072048 total
[2022-09-08T03:37:16.628+0000][7][gc,age      ] GC(11) - age   8:    1656936 bytes,    7728984 total
[2022-09-08T03:37:16.628+0000][7][gc,age      ] GC(11) - age   9:    3275832 bytes,   11004816 total
[2022-09-08T03:37:16.628+0000][7][gc,phases   ] GC(11)   Pre Evacuate Collection Set: 0.1ms
[2022-09-08T03:37:16.628+0000][7][gc,phases   ] GC(11)   Merge Heap Roots: 0.1ms
[2022-09-08T03:37:16.628+0000][7][gc,phases   ] GC(11)   Evacuate Collection Set: 6.1ms
[2022-09-08T03:37:16.629+0000][7][gc,phases   ] GC(11)   Post Evacuate Collection Set: 0.6ms
[2022-09-08T03:37:16.629+0000][7][gc,phases   ] GC(11)   Other: 2.8ms
[2022-09-08T03:37:16.629+0000][7][gc,heap     ] GC(11) Eden regions: 35->0(35)
[2022-09-08T03:37:16.629+0000][7][gc,heap     ] GC(11) Survivor regions: 3->3(5)
[2022-09-08T03:37:16.629+0000][7][gc,heap     ] GC(11) Old regions: 2->2
[2022-09-08T03:37:16.629+0000][7][gc,heap     ] GC(11) Archive regions: 2->2
[2022-09-08T03:37:16.629+0000][7][gc,heap     ] GC(11) Humongous regions: 0->0
[2022-09-08T03:37:16.630+0000][7][gc,metaspace] GC(11) Metaspace: 19760K(20864K)->19760K(20864K) NonClass: 17354K(18176K)->17354K(18176K) Class: 2406K(2688K)->2406K(2688K)
[2022-09-08T03:37:16.630+0000][7][gc          ] GC(11) Pause Young (Normal) (G1 Evacuation Pause) 159M->21M(256M) 11.106ms
[2022-09-08T03:37:16.630+0000][7][gc,cpu      ] GC(11) User=0.02s Sys=0.00s Real=0.01s
[2022-09-08T03:37:16.630+0000][7][safepoint   ] Safepoint "G1CollectForAllocation", Time since last: 261756551 ns, Reaching safepoint: 143819 ns, At safepoint: 11470418 ns, Total: 11614237 ns
[2022-09-08T03:37:16.981+0000][7][gc,start    ] GC(12) Pause Young (Normal) (G1 Evacuation Pause)
[2022-09-08T03:37:16.986+0000][7][gc,task     ] GC(12) Using 6 workers of 6 for evacuation
[2022-09-08T03:37:16.994+0000][7][gc,age      ] GC(12) Desired survivor size 10485760 bytes, new threshold 9 (max threshold 15)
[2022-09-08T03:37:17.009+0000][7][gc,age      ] GC(12) Age table with threshold 9 (max threshold 15)
[2022-09-08T03:37:17.009+0000][7][gc,age      ] GC(12) - age   1:    1525192 bytes,    1525192 total
[2022-09-08T03:37:17.009+0000][7][gc,age      ] GC(12) - age   2:    1413152 bytes,    2938344 total
[2022-09-08T03:37:17.009+0000][7][gc,age      ] GC(12) - age   3:     218672 bytes,    3157016 total
[2022-09-08T03:37:17.010+0000][7][gc,age      ] GC(12) - age   4:     220712 bytes,    3377728 total
[2022-09-08T03:37:17.010+0000][7][gc,age      ] GC(12) - age   5:     223536 bytes,    3601264 total
[2022-09-08T03:37:17.010+0000][7][gc,age      ] GC(12) - age   6:     370432 bytes,    3971696 total
[2022-09-08T03:37:17.010+0000][7][gc,age      ] GC(12) - age   7:    1423944 bytes,    5395640 total
[2022-09-08T03:37:17.010+0000][7][gc,age      ] GC(12) - age   8:    1215448 bytes,    6611088 total
[2022-09-08T03:37:17.010+0000][7][gc,age      ] GC(12) - age   9:    1656808 bytes,    8267896 total
[2022-09-08T03:37:17.010+0000][7][gc,phases   ] GC(12)   Pre Evacuate Collection Set: 0.1ms
[2022-09-08T03:37:17.012+0000][7][gc,phases   ] GC(12)   Merge Heap Roots: 0.1ms
[2022-09-08T03:37:17.013+0000][7][gc,phases   ] GC(12)   Evacuate Collection Set: 13.6ms
[2022-09-08T03:37:17.013+0000][7][gc,phases   ] GC(12)   Post Evacuate Collection Set: 0.6ms
[2022-09-08T03:37:17.013+0000][7][gc,phases   ] GC(12)   Other: 14.8ms
[2022-09-08T03:37:17.013+0000][7][gc,heap     ] GC(12) Eden regions: 35->0(36)
[2022-09-08T03:37:17.014+0000][7][gc,heap     ] GC(12) Survivor regions: 3->2(5)
[2022-09-08T03:37:17.014+0000][7][gc,heap     ] GC(12) Old regions: 2->3
[2022-09-08T03:37:17.014+0000][7][gc,heap     ] GC(12) Archive regions: 2->2
[2022-09-08T03:37:17.014+0000][7][gc,heap     ] GC(12) Humongous regions: 0->0
[2022-09-08T03:37:17.015+0000][7][gc,metaspace] GC(12) Metaspace: 19945K(21296K)->19945K(21296K) NonClass: 17510K(18608K)->17510K(18608K) Class: 2435K(2688K)->2435K(2688K)
[2022-09-08T03:37:17.015+0000][7][gc          ] GC(12) Pause Young (Normal) (G1 Evacuation Pause) 161M->21M(256M) 33.523ms
[2022-09-08T03:37:17.015+0000][7][gc,cpu      ] GC(12) User=0.01s Sys=0.01s Real=0.04s
[2022-09-08T03:37:17.016+0000][7][safepoint   ] Safepoint "G1CollectForAllocation", Time since last: 351055785 ns, Reaching safepoint: 244508 ns, At safepoint: 35087089 ns, Total: 35331597 ns
[2022-09-08T03:37:17.238+0000][7][gc,start    ] GC(13) Pause Young (Normal) (G1 Evacuation Pause)
[2022-09-08T03:37:17.238+0000][7][gc,task     ] GC(13) Using 6 workers of 6 for evacuation
[2022-09-08T03:37:17.239+0000][7][gc,age      ] GC(13) Desired survivor size 10485760 bytes, new threshold 15 (max threshold 15)
[2022-09-08T03:37:17.242+0000][7][gc,age      ] GC(13) Age table with threshold 15 (max threshold 15)
[2022-09-08T03:37:17.243+0000][7][gc,age      ] GC(13) - age   1:     809720 bytes,     809720 total
[2022-09-08T03:37:17.243+0000][7][gc,age      ] GC(13) - age   2:     546880 bytes,    1356600 total
[2022-09-08T03:37:17.243+0000][7][gc,age      ] GC(13) - age   3:    1413152 bytes,    2769752 total
[2022-09-08T03:37:17.243+0000][7][gc,age      ] GC(13) - age   4:     218672 bytes,    2988424 total
[2022-09-08T03:37:17.243+0000][7][gc,age      ] GC(13) - age   5:     220712 bytes,    3209136 total
[2022-09-08T03:37:17.243+0000][7][gc,age      ] GC(13) - age   6:     222992 bytes,    3432128 total
[2022-09-08T03:37:17.243+0000][7][gc,age      ] GC(13) - age   7:     370432 bytes,    3802560 total
[2022-09-08T03:37:17.244+0000][7][gc,age      ] GC(13) - age   8:    1423944 bytes,    5226504 total
[2022-09-08T03:37:17.244+0000][7][gc,age      ] GC(13) - age   9:    1215448 bytes,    6441952 total
[2022-09-08T03:37:17.244+0000][7][gc,age      ] GC(13) - age  10:    1656808 bytes,    8098760 total
[2022-09-08T03:37:17.244+0000][7][gc,phases   ] GC(13)   Pre Evacuate Collection Set: 0.1ms
[2022-09-08T03:37:17.244+0000][7][gc,phases   ] GC(13)   Merge Heap Roots: 0.0ms
[2022-09-08T03:37:17.245+0000][7][gc,phases   ] GC(13)   Evacuate Collection Set: 2.8ms
[2022-09-08T03:37:17.245+0000][7][gc,phases   ] GC(13)   Post Evacuate Collection Set: 0.6ms
[2022-09-08T03:37:17.245+0000][7][gc,phases   ] GC(13)   Other: 2.7ms
[2022-09-08T03:37:17.245+0000][7][gc,heap     ] GC(13) Eden regions: 36->0(36)
[2022-09-08T03:37:17.245+0000][7][gc,heap     ] GC(13) Survivor regions: 2->2(5)
[2022-09-08T03:37:17.245+0000][7][gc,heap     ] GC(13) Old regions: 3->3
[2022-09-08T03:37:17.246+0000][7][gc,heap     ] GC(13) Archive regions: 2->2
[2022-09-08T03:37:17.246+0000][7][gc,heap     ] GC(13) Humongous regions: 0->0
[2022-09-08T03:37:17.246+0000][7][gc,metaspace] GC(13) Metaspace: 19978K(21296K)->19978K(21296K) NonClass: 17537K(18608K)->17537K(18608K) Class: 2441K(2688K)->2441K(2688K)
[2022-09-08T03:37:17.246+0000][7][gc          ] GC(13) Pause Young (Normal) (G1 Evacuation Pause) 165M->21M(256M) 7.962ms
[2022-09-08T03:37:17.246+0000][7][gc,cpu      ] GC(13) User=0.01s Sys=0.00s Real=0.01s
[2022-09-08T03:37:17.246+0000][7][safepoint   ] Safepoint "G1CollectForAllocation", Time since last: 221455074 ns, Reaching safepoint: 112711 ns, At safepoint: 8371202 ns, Total: 8483913 ns
[2022-09-08T03:37:17.416+0000][7][gc,start    ] GC(14) Pause Young (Concurrent Start) (Metadata GC Threshold)
[2022-09-08T03:37:17.416+0000][7][gc,task     ] GC(14) Using 6 workers of 6 for evacuation
[2022-09-08T03:37:17.416+0000][7][gc,age      ] GC(14) Desired survivor size 10485760 bytes, new threshold 15 (max threshold 15)
[2022-09-08T03:37:17.429+0000][7][gc,age      ] GC(14) Age table with threshold 15 (max threshold 15)
[2022-09-08T03:37:17.430+0000][7][gc,age      ] GC(14) - age   1:     239224 bytes,     239224 total
[2022-09-08T03:37:17.430+0000][7][gc,age      ] GC(14) - age   2:     491952 bytes,     731176 total
[2022-09-08T03:37:17.430+0000][7][gc,age      ] GC(14) - age   3:     546880 bytes,    1278056 total
[2022-09-08T03:37:17.430+0000][7][gc,age      ] GC(14) - age   4:    1413152 bytes,    2691208 total
[2022-09-08T03:37:17.431+0000][7][gc,age      ] GC(14) - age   5:     218456 bytes,    2909664 total
[2022-09-08T03:37:17.431+0000][7][gc,age      ] GC(14) - age   6:     220712 bytes,    3130376 total
[2022-09-08T03:37:17.431+0000][7][gc,age      ] GC(14) - age   7:     222992 bytes,    3353368 total
[2022-09-08T03:37:17.431+0000][7][gc,age      ] GC(14) - age   8:     370432 bytes,    3723800 total
[2022-09-08T03:37:17.431+0000][7][gc,age      ] GC(14) - age   9:    1423944 bytes,    5147744 total
[2022-09-08T03:37:17.431+0000][7][gc,age      ] GC(14) - age  10:    1215448 bytes,    6363192 total
[2022-09-08T03:37:17.432+0000][7][gc,age      ] GC(14) - age  11:    1656808 bytes,    8020000 total
[2022-09-08T03:37:17.432+0000][7][gc,phases   ] GC(14)   Pre Evacuate Collection Set: 0.1ms
[2022-09-08T03:37:17.432+0000][7][gc,phases   ] GC(14)   Merge Heap Roots: 0.0ms
[2022-09-08T03:37:17.432+0000][7][gc,phases   ] GC(14)   Evacuate Collection Set: 11.5ms
[2022-09-08T03:37:17.432+0000][7][gc,phases   ] GC(14)   Post Evacuate Collection Set: 0.5ms
[2022-09-08T03:37:17.432+0000][7][gc,phases   ] GC(14)   Other: 3.8ms
[2022-09-08T03:37:17.433+0000][7][gc,heap     ] GC(14) Eden regions: 25->0(36)
[2022-09-08T03:37:17.433+0000][7][gc,heap     ] GC(14) Survivor regions: 2->2(5)
[2022-09-08T03:37:17.433+0000][7][gc,heap     ] GC(14) Old regions: 3->3
[2022-09-08T03:37:17.433+0000][7][gc,heap     ] GC(14) Archive regions: 2->2
[2022-09-08T03:37:17.433+0000][7][gc,heap     ] GC(14) Humongous regions: 0->0
[2022-09-08T03:37:17.433+0000][7][gc,metaspace] GC(14) Metaspace: 19994K(21296K)->19994K(21296K) NonClass: 17551K(18608K)->17551K(18608K) Class: 2443K(2688K)->2443K(2688K)
[2022-09-08T03:37:17.434+0000][7][gc          ] GC(14) Pause Young (Concurrent Start) (Metadata GC Threshold) 119M->21M(256M) 17.958ms
[2022-09-08T03:37:17.434+0000][7][gc,cpu      ] GC(14) User=0.02s Sys=0.01s Real=0.01s
[2022-09-08T03:37:17.434+0000][7][safepoint   ] Safepoint "CollectForMetadataAllocation", Time since last: 169251580 ns, Reaching safepoint: 70693 ns, At safepoint: 18424855 ns, Total: 18495548 ns
[2022-09-08T03:37:17.434+0000][7][gc          ] GC(15) Concurrent Cycle
[2022-09-08T03:37:17.434+0000][7][gc,marking  ] GC(15) Concurrent Clear Claimed Marks
[2022-09-08T03:37:17.435+0000][7][gc,marking  ] GC(15) Concurrent Clear Claimed Marks 0.784ms
[2022-09-08T03:37:17.436+0000][7][gc,marking  ] GC(15) Concurrent Scan Root Regions
[2022-09-08T03:37:17.438+0000][7][gc,marking  ] GC(15) Concurrent Scan Root Regions 2.407ms
[2022-09-08T03:37:17.438+0000][7][gc,marking  ] GC(15) Concurrent Mark (10.022s)
[2022-09-08T03:37:17.439+0000][7][gc,marking  ] GC(15) Concurrent Mark From Roots
[2022-09-08T03:37:17.439+0000][7][gc,task     ] GC(15) Using 2 workers of 2 for marking
[2022-09-08T03:37:17.445+0000][7][gc,marking  ] GC(15) Concurrent Mark From Roots 6.332ms
[2022-09-08T03:37:17.445+0000][7][gc,marking  ] GC(15) Concurrent Preclean
[2022-09-08T03:37:17.446+0000][7][gc,marking  ] GC(15) Concurrent Preclean 0.273ms
[2022-09-08T03:37:17.446+0000][7][gc,marking  ] GC(15) Concurrent Mark (10.022s, 10.030s) 7.347ms
[2022-09-08T03:37:17.446+0000][7][gc,start    ] GC(15) Pause Remark
[2022-09-08T03:37:17.450+0000][7][gc          ] GC(15) Pause Remark 23M->23M(256M) 4.345ms
[2022-09-08T03:37:17.451+0000][7][gc,cpu      ] GC(15) User=0.00s Sys=0.00s Real=0.00s
[2022-09-08T03:37:17.451+0000][7][safepoint   ] Safepoint "G1Concurrent", Time since last: 11766923 ns, Reaching safepoint: 243095 ns, At safepoint: 4871085 ns, Total: 5114180 ns
[2022-09-08T03:37:17.451+0000][7][gc,marking  ] GC(15) Concurrent Rebuild Remembered Sets
[2022-09-08T03:37:17.454+0000][7][gc,marking  ] GC(15) Concurrent Rebuild Remembered Sets 2.700ms
[2022-09-08T03:37:17.455+0000][7][gc,start    ] GC(15) Pause Cleanup
[2022-09-08T03:37:17.455+0000][7][gc          ] GC(15) Pause Cleanup 23M->23M(256M) 0.428ms
[2022-09-08T03:37:17.455+0000][7][gc,cpu      ] GC(15) User=0.00s Sys=0.00s Real=0.00s
[2022-09-08T03:37:17.456+0000][7][safepoint   ] Safepoint "G1Concurrent", Time since last: 3218159 ns, Reaching safepoint: 593111 ns, At safepoint: 855383 ns, Total: 1448494 ns
[2022-09-08T03:37:17.456+0000][7][gc,marking  ] GC(15) Concurrent Cleanup for Next Mark
[2022-09-08T03:37:17.456+0000][7][gc,marking  ] GC(15) Concurrent Cleanup for Next Mark 0.623ms
[2022-09-08T03:37:17.457+0000][7][gc          ] GC(15) Concurrent Cycle 22.566ms
[2022-09-08T03:37:18.456+0000][7][safepoint   ] Safepoint "Cleanup", Time since last: 1000266426 ns, Reaching safepoint: 155622 ns, At safepoint: 3306 ns, Total: 158928 ns
[2022-09-08T03:37:19.457+0000][7][safepoint   ] Safepoint "Cleanup", Time since last: 1000692876 ns, Reaching safepoint: 521908 ns, At safepoint: 4318 ns, Total: 526226 ns
[2022-09-08T03:37:20.104+0000][7][gc,start    ] GC(16) Pause Young (Normal) (G1 Evacuation Pause)
[2022-09-08T03:37:20.114+0000][7][gc,task     ] GC(16) Using 6 workers of 6 for evacuation
[2022-09-08T03:37:20.124+0000][7][gc,age      ] GC(16) Desired survivor size 10485760 bytes, new threshold 15 (max threshold 15)
[2022-09-08T03:37:20.194+0000][7][gc,age      ] GC(16) Age table with threshold 15 (max threshold 15)
[2022-09-08T03:37:20.196+0000][7][gc,age      ] GC(16) - age   1:    6792976 bytes,    6792976 total
[2022-09-08T03:37:20.197+0000][7][gc,age      ] GC(16) - age   2:     209608 bytes,    7002584 total
[2022-09-08T03:37:20.197+0000][7][gc,age      ] GC(16) - age   3:     491800 bytes,    7494384 total
[2022-09-08T03:37:20.198+0000][7][gc,age      ] GC(16) - age   4:     543800 bytes,    8038184 total
[2022-09-08T03:37:20.198+0000][7][gc,age      ] GC(16) - age   5:    1411464 bytes,    9449648 total
[2022-09-08T03:37:20.198+0000][7][gc,age      ] GC(16) - age   6:     217888 bytes,    9667536 total
[2022-09-08T03:37:20.198+0000][7][gc,age      ] GC(16) - age   7:     220328 bytes,    9887864 total
[2022-09-08T03:37:20.198+0000][7][gc,age      ] GC(16) - age   8:     216040 bytes,   10103904 total
[2022-09-08T03:37:20.199+0000][7][gc,age      ] GC(16) - age   9:     367888 bytes,   10471792 total
[2022-09-08T03:37:20.199+0000][7][gc,age      ] GC(16) - age  10:    1421168 bytes,   11892960 total
[2022-09-08T03:37:20.199+0000][7][gc,age      ] GC(16) - age  11:    1213800 bytes,   13106760 total
[2022-09-08T03:37:20.199+0000][7][gc,age      ] GC(16) - age  12:    1649912 bytes,   14756672 total
[2022-09-08T03:37:20.199+0000][7][gc,phases   ] GC(16)   Pre Evacuate Collection Set: 10.0ms
[2022-09-08T03:37:20.199+0000][7][gc,phases   ] GC(16)   Merge Heap Roots: 0.1ms
[2022-09-08T03:37:20.199+0000][7][gc,phases   ] GC(16)   Evacuate Collection Set: 30.0ms
[2022-09-08T03:37:20.199+0000][7][gc,phases   ] GC(16)   Post Evacuate Collection Set: 19.5ms
[2022-09-08T03:37:20.200+0000][7][gc,phases   ] GC(16)   Other: 35.6ms
[2022-09-08T03:37:20.200+0000][7][gc,heap     ] GC(16) Eden regions: 36->0(34)
[2022-09-08T03:37:20.200+0000][7][gc,heap     ] GC(16) Survivor regions: 2->4(5)
[2022-09-08T03:37:20.200+0000][7][gc,heap     ] GC(16) Old regions: 3->3
[2022-09-08T03:37:20.200+0000][7][gc,heap     ] GC(16) Archive regions: 2->2
[2022-09-08T03:37:20.202+0000][7][gc,heap     ] GC(16) Humongous regions: 0->0
[2022-09-08T03:37:20.206+0000][7][gc,metaspace] GC(16) Metaspace: 29665K(31536K)->29665K(31536K) NonClass: 25956K(27312K)->25956K(27312K) Class: 3709K(4224K)->3709K(4224K)
[2022-09-08T03:37:20.208+0000][7][gc          ] GC(16) Pause Young (Normal) (G1 Evacuation Pause) 165M->28M(256M) 103.759ms
[2022-09-08T03:37:20.208+0000][7][gc,cpu      ] GC(16) User=0.14s Sys=0.03s Real=0.11s
[2022-09-08T03:37:20.208+0000][7][safepoint   ] Safepoint "G1CollectForAllocation", Time since last: 636756831 ns, Reaching safepoint: 9958495 ns, At safepoint: 104326907 ns, Total: 114285402 ns
[2022-09-08T03:37:21.222+0000][7][safepoint   ] Safepoint "Cleanup", Time since last: 1013732112 ns, Reaching safepoint: 296075 ns, At safepoint: 7173 ns, Total: 303248 ns
[2022-09-08T03:37:21.504+0000][7][gc,start    ] GC(17) Pause Young (Normal) (G1 Evacuation Pause)
[2022-09-08T03:37:21.505+0000][7][gc,task     ] GC(17) Using 6 workers of 6 for evacuation
[2022-09-08T03:37:21.505+0000][7][gc,age      ] GC(17) Desired survivor size 10485760 bytes, new threshold 10 (max threshold 15)
[2022-09-08T03:37:21.535+0000][7][gc,age      ] GC(17) Age table with threshold 10 (max threshold 15)
[2022-09-08T03:37:21.536+0000][7][gc,age      ] GC(17) - age   1:   10617264 bytes,   10617264 total
[2022-09-08T03:37:21.536+0000][7][gc,age      ] GC(17) - age   2:    6643088 bytes,   17260352 total
[2022-09-08T03:37:21.536+0000][7][gc,age      ] GC(17) - age   3:     209608 bytes,   17469960 total
[2022-09-08T03:37:21.536+0000][7][gc,age      ] GC(17) - age   4:     491800 bytes,   17961760 total
[2022-09-08T03:37:21.536+0000][7][gc,age      ] GC(17) - age   5:     543800 bytes,   18505560 total
[2022-09-08T03:37:21.536+0000][7][gc,age      ] GC(17) - age   6:    1411464 bytes,   19917024 total
[2022-09-08T03:37:21.537+0000][7][gc,age      ] GC(17) - age   7:     217888 bytes,   20134912 total
[2022-09-08T03:37:21.537+0000][7][gc,age      ] GC(17) - age   8:     220328 bytes,   20355240 total
[2022-09-08T03:37:21.537+0000][7][gc,age      ] GC(17) - age   9:     216040 bytes,   20571280 total
[2022-09-08T03:37:21.537+0000][7][gc,age      ] GC(17) - age  10:     367888 bytes,   20939168 total
[2022-09-08T03:37:21.537+0000][7][gc,phases   ] GC(17)   Pre Evacuate Collection Set: 0.1ms
[2022-09-08T03:37:21.538+0000][7][gc,phases   ] GC(17)   Merge Heap Roots: 0.0ms
[2022-09-08T03:37:21.538+0000][7][gc,phases   ] GC(17)   Evacuate Collection Set: 28.4ms
[2022-09-08T03:37:21.538+0000][7][gc,phases   ] GC(17)   Post Evacuate Collection Set: 1.3ms
[2022-09-08T03:37:21.538+0000][7][gc,phases   ] GC(17)   Other: 3.1ms
[2022-09-08T03:37:21.538+0000][7][gc,heap     ] GC(17) Eden regions: 34->0(33)
[2022-09-08T03:37:21.539+0000][7][gc,heap     ] GC(17) Survivor regions: 4->5(5)
[2022-09-08T03:37:21.539+0000][7][gc,heap     ] GC(17) Old regions: 3->6
[2022-09-08T03:37:21.539+0000][7][gc,heap     ] GC(17) Archive regions: 2->2
[2022-09-08T03:37:21.540+0000][7][gc,heap     ] GC(17) Humongous regions: 0->0
[2022-09-08T03:37:21.541+0000][7][gc,metaspace] GC(17) Metaspace: 29999K(32176K)->29999K(32176K) NonClass: 26243K(27824K)->26243K(27824K) Class: 3755K(4352K)->3755K(4352K)
[2022-09-08T03:37:21.542+0000][7][gc          ] GC(17) Pause Young (Normal) (G1 Evacuation Pause) 164M->44M(256M) 37.654ms
[2022-09-08T03:37:21.543+0000][7][gc,cpu      ] GC(17) User=0.08s Sys=0.01s Real=0.03s
[2022-09-08T03:37:21.572+0000][7][safepoint   ] Safepoint "G1CollectForAllocation", Time since last: 279998874 ns, Reaching safepoint: 2052615 ns, At safepoint: 67706526 ns, Total: 69759141 ns
[2022-09-08T03:37:22.558+0000][7][safepoint   ] Safepoint "ICBufferFull", Time since last: 985364891 ns, Reaching safepoint: 345147 ns, At safepoint: 28593 ns, Total: 373740 ns
[2022-09-08T03:37:22.627+0000][7][gc,start    ] GC(18) Pause Young (Concurrent Start) (Metadata GC Threshold)
[2022-09-08T03:37:22.628+0000][7][gc,task     ] GC(18) Using 6 workers of 6 for evacuation
[2022-09-08T03:37:22.628+0000][7][gc,age      ] GC(18) Desired survivor size 10485760 bytes, new threshold 1 (max threshold 15)
[2022-09-08T03:37:22.685+0000][7][gc,age      ] GC(18) Age table with threshold 1 (max threshold 15)
[2022-09-08T03:37:22.685+0000][7][gc,age      ] GC(18) - age   1:   14621456 bytes,   14621456 total
[2022-09-08T03:37:22.686+0000][7][gc,phases   ] GC(18)   Pre Evacuate Collection Set: 0.1ms
[2022-09-08T03:37:22.686+0000][7][gc,phases   ] GC(18)   Merge Heap Roots: 0.1ms
[2022-09-08T03:37:22.686+0000][7][gc,phases   ] GC(18)   Evacuate Collection Set: 55.7ms
[2022-09-08T03:37:22.686+0000][7][gc,phases   ] GC(18)   Post Evacuate Collection Set: 0.9ms
[2022-09-08T03:37:22.687+0000][7][gc,phases   ] GC(18)   Other: 1.6ms
[2022-09-08T03:37:22.687+0000][7][gc,heap     ] GC(18) Eden regions: 26->0(29)
[2022-09-08T03:37:22.687+0000][7][gc,heap     ] GC(18) Survivor regions: 5->4(5)
[2022-09-08T03:37:22.687+0000][7][gc,heap     ] GC(18) Old regions: 6->11
[2022-09-08T03:37:22.687+0000][7][gc,heap     ] GC(18) Archive regions: 2->2
[2022-09-08T03:37:22.688+0000][7][gc,heap     ] GC(18) Humongous regions: 0->0
[2022-09-08T03:37:22.688+0000][7][gc,metaspace] GC(18) Metaspace: 33487K(35632K)->33487K(35632K) NonClass: 29155K(30640K)->29155K(30640K) Class: 4331K(4992K)->4331K(4992K)
[2022-09-08T03:37:22.688+0000][7][gc          ] GC(18) Pause Young (Concurrent Start) (Metadata GC Threshold) 148M->60M(256M) 60.514ms
[2022-09-08T03:37:22.688+0000][7][gc,cpu      ] GC(18) User=0.14s Sys=0.02s Real=0.06s
[2022-09-08T03:37:22.688+0000][7][gc          ] GC(19) Concurrent Cycle
[2022-09-08T03:37:22.688+0000][7][gc,marking  ] GC(19) Concurrent Clear Claimed Marks
[2022-09-08T03:37:22.689+0000][7][gc,marking  ] GC(19) Concurrent Clear Claimed Marks 0.224ms
[2022-09-08T03:37:22.689+0000][7][gc,marking  ] GC(19) Concurrent Scan Root Regions
[2022-09-08T03:37:22.701+0000][7][safepoint   ] Safepoint "CollectForMetadataAllocation", Time since last: 69138348 ns, Reaching safepoint: 261670 ns, At safepoint: 74093971 ns, Total: 74355641 ns
[2022-09-08T03:37:22.701+0000][7][gc,marking  ] GC(19) Concurrent Scan Root Regions 12.673ms
[2022-09-08T03:37:22.703+0000][7][gc,marking  ] GC(19) Concurrent Mark (15.287s)
[2022-09-08T03:37:22.703+0000][7][gc,marking  ] GC(19) Concurrent Mark From Roots
[2022-09-08T03:37:22.703+0000][7][gc,task     ] GC(19) Using 2 workers of 2 for marking
[2022-09-08T03:37:22.731+0000][7][gc,marking  ] GC(19) Concurrent Mark From Roots 27.872ms
[2022-09-08T03:37:22.731+0000][7][gc,marking  ] GC(19) Concurrent Preclean
[2022-09-08T03:37:22.731+0000][7][gc,marking  ] GC(19) Concurrent Preclean 0.470ms
[2022-09-08T03:37:22.734+0000][7][gc,marking  ] GC(19) Concurrent Mark (15.287s, 15.318s) 31.256ms
[2022-09-08T03:37:22.735+0000][7][gc,start    ] GC(19) Pause Remark
[2022-09-08T03:37:22.750+0000][7][gc          ] GC(19) Pause Remark 62M->62M(256M) 14.982ms
[2022-09-08T03:37:22.755+0000][7][gc,cpu      ] GC(19) User=0.03s Sys=0.01s Real=0.07s
[2022-09-08T03:37:22.757+0000][7][safepoint   ] Safepoint "G1Concurrent", Time since last: 33154388 ns, Reaching safepoint: 817211 ns, At safepoint: 21359062 ns, Total: 22176273 ns
[2022-09-08T03:37:22.776+0000][7][gc,marking  ] GC(19) Concurrent Rebuild Remembered Sets
[2022-09-08T03:37:22.803+0000][7][gc,marking  ] GC(19) Concurrent Rebuild Remembered Sets 26.856ms
[2022-09-08T03:37:22.804+0000][7][gc,start    ] GC(19) Pause Cleanup
[2022-09-08T03:37:22.805+0000][7][gc          ] GC(19) Pause Cleanup 62M->62M(256M) 1.300ms
[2022-09-08T03:37:22.805+0000][7][gc,cpu      ] GC(19) User=0.00s Sys=0.00s Real=0.01s
[2022-09-08T03:37:22.806+0000][7][safepoint   ] Safepoint "G1Concurrent", Time since last: 46575921 ns, Reaching safepoint: 490469 ns, At safepoint: 2001269 ns, Total: 2491738 ns
[2022-09-08T03:37:22.806+0000][7][gc,marking  ] GC(19) Concurrent Cleanup for Next Mark
[2022-09-08T03:37:22.807+0000][7][gc,marking  ] GC(19) Concurrent Cleanup for Next Mark 0.890ms
[2022-09-08T03:37:22.807+0000][7][gc          ] GC(19) Concurrent Cycle 119.255ms
[2022-09-08T03:37:23.133+0000][7][gc,start    ] GC(20) Pause Young (Normal) (G1 Evacuation Pause)
[2022-09-08T03:37:23.133+0000][7][gc,task     ] GC(20) Using 6 workers of 6 for evacuation
[2022-09-08T03:37:23.134+0000][7][gc,age      ] GC(20) Desired survivor size 10485760 bytes, new threshold 1 (max threshold 15)
[2022-09-08T03:37:23.144+0000][7][gc,age      ] GC(20) Age table with threshold 1 (max threshold 15)
[2022-09-08T03:37:23.145+0000][7][gc,age      ] GC(20) - age   1:    1357064 bytes,    1357064 total
[2022-09-08T03:37:23.145+0000][7][gc,phases   ] GC(20)   Pre Evacuate Collection Set: 0.1ms
[2022-09-08T03:37:23.145+0000][7][gc,phases   ] GC(20)   Merge Heap Roots: 0.0ms
[2022-09-08T03:37:23.145+0000][7][gc,phases   ] GC(20)   Evacuate Collection Set: 8.8ms
[2022-09-08T03:37:23.145+0000][7][gc,phases   ] GC(20)   Post Evacuate Collection Set: 0.9ms
[2022-09-08T03:37:23.145+0000][7][gc,phases   ] GC(20)   Other: 2.2ms
[2022-09-08T03:37:23.146+0000][7][gc,heap     ] GC(20) Eden regions: 29->0(30)
[2022-09-08T03:37:23.146+0000][7][gc,heap     ] GC(20) Survivor regions: 4->1(5)
[2022-09-08T03:37:23.146+0000][7][gc,heap     ] GC(20) Old regions: 11->14
[2022-09-08T03:37:23.146+0000][7][gc,heap     ] GC(20) Archive regions: 2->2
[2022-09-08T03:37:23.146+0000][7][gc,heap     ] GC(20) Humongous regions: 0->0
[2022-09-08T03:37:23.146+0000][7][gc,metaspace] GC(20) Metaspace: 35936K(38448K)->35936K(38448K) NonClass: 31366K(33200K)->31366K(33200K) Class: 4569K(5248K)->4569K(5248K)
[2022-09-08T03:37:23.147+0000][7][gc          ] GC(20) Pause Young (Normal) (G1 Evacuation Pause) 176M->61M(256M) 13.672ms
[2022-09-08T03:37:23.147+0000][7][gc,cpu      ] GC(20) User=0.05s Sys=0.00s Real=0.02s
[2022-09-08T03:37:23.147+0000][7][safepoint   ] Safepoint "G1CollectForAllocation", Time since last: 326787073 ns, Reaching safepoint: 414756 ns, At safepoint: 14143155 ns, Total: 14557911 ns
[2022-09-08T03:37:24.246+0000][7][safepoint   ] Safepoint "Cleanup", Time since last: 1097949337 ns, Reaching safepoint: 500037 ns, At safepoint: 6712 ns, Total: 506749 ns
[2022-09-08T03:37:25.644+0000][7][safepoint   ] Safepoint "Cleanup", Time since last: 1392018859 ns, Reaching safepoint: 355817 ns, At safepoint: 245389 ns, Total: 601206 ns
[2022-09-08T03:37:26.549+0000][7][gc,start    ] GC(21) Pause Young (Normal) (G1 Evacuation Pause)
[2022-09-08T03:37:26.550+0000][7][gc,task     ] GC(21) Using 6 workers of 6 for evacuation
[2022-09-08T03:37:26.550+0000][7][gc,age      ] GC(21) Desired survivor size 8388608 bytes, new threshold 15 (max threshold 15)
[2022-09-08T03:37:26.558+0000][7][gc,age      ] GC(21) Age table with threshold 15 (max threshold 15)
[2022-09-08T03:37:26.558+0000][7][gc,age      ] GC(21) - age   1:    5292000 bytes,    5292000 total
[2022-09-08T03:37:26.558+0000][7][gc,age      ] GC(21) - age   2:    1281016 bytes,    6573016 total
[2022-09-08T03:37:26.558+0000][7][gc,phases   ] GC(21)   Pre Evacuate Collection Set: 0.1ms
[2022-09-08T03:37:26.558+0000][7][gc,phases   ] GC(21)   Merge Heap Roots: 0.1ms
[2022-09-08T03:37:26.558+0000][7][gc,phases   ] GC(21)   Evacuate Collection Set: 6.2ms
[2022-09-08T03:37:26.558+0000][7][gc,phases   ] GC(21)   Post Evacuate Collection Set: 1.2ms
[2022-09-08T03:37:26.559+0000][7][gc,phases   ] GC(21)   Other: 1.2ms
[2022-09-08T03:37:26.559+0000][7][gc,heap     ] GC(21) Eden regions: 30->0(30)
[2022-09-08T03:37:26.559+0000][7][gc,heap     ] GC(21) Survivor regions: 1->2(4)
[2022-09-08T03:37:26.559+0000][7][gc,heap     ] GC(21) Old regions: 14->14
[2022-09-08T03:37:26.559+0000][7][gc,heap     ] GC(21) Archive regions: 2->2
[2022-09-08T03:37:26.559+0000][7][gc,heap     ] GC(21) Humongous regions: 0->0
[2022-09-08T03:37:26.559+0000][7][gc,metaspace] GC(21) Metaspace: 51687K(55088K)->51687K(55088K) NonClass: 44770K(47280K)->44770K(47280K) Class: 6917K(7808K)->6917K(7808K)
[2022-09-08T03:37:26.559+0000][7][gc          ] GC(21) Pause Young (Normal) (G1 Evacuation Pause) 181M->66M(256M) 9.947ms
[2022-09-08T03:37:26.559+0000][7][gc,cpu      ] GC(21) User=0.04s Sys=0.00s Real=0.00s
[2022-09-08T03:37:26.560+0000][7][safepoint   ] Safepoint "G1CollectForAllocation", Time since last: 905432544 ns, Reaching safepoint: 148028 ns, At safepoint: 10282281 ns, Total: 10430309 ns
[2022-09-08T03:37:26.659+0000][7][safepoint   ] Safepoint "ICBufferFull", Time since last: 98670891 ns, Reaching safepoint: 298129 ns, At safepoint: 4388 ns, Total: 302517 ns
[2022-09-08T03:37:27.528+0000][7][gc,start    ] GC(22) Pause Young (Concurrent Start) (Metadata GC Threshold)
[2022-09-08T03:37:27.528+0000][7][gc,task     ] GC(22) Using 6 workers of 6 for evacuation
[2022-09-08T03:37:27.528+0000][7][gc,age      ] GC(22) Desired survivor size 8388608 bytes, new threshold 15 (max threshold 15)
[2022-09-08T03:37:27.540+0000][7][gc,age      ] GC(22) Age table with threshold 15 (max threshold 15)
[2022-09-08T03:37:27.541+0000][7][gc,age      ] GC(22) - age   1:    2226400 bytes,    2226400 total
[2022-09-08T03:37:27.541+0000][7][gc,age      ] GC(22) - age   2:    5101944 bytes,    7328344 total
[2022-09-08T03:37:27.541+0000][7][gc,age      ] GC(22) - age   3:    1280536 bytes,    8608880 total
[2022-09-08T03:37:27.541+0000][7][gc,phases   ] GC(22)   Pre Evacuate Collection Set: 0.2ms
[2022-09-08T03:37:27.541+0000][7][gc,phases   ] GC(22)   Merge Heap Roots: 0.1ms
[2022-09-08T03:37:27.541+0000][7][gc,phases   ] GC(22)   Evacuate Collection Set: 6.5ms
[2022-09-08T03:37:27.542+0000][7][gc,phases   ] GC(22)   Post Evacuate Collection Set: 5.2ms
[2022-09-08T03:37:27.542+0000][7][gc,phases   ] GC(22)   Other: 1.5ms
[2022-09-08T03:37:27.542+0000][7][gc,heap     ] GC(22) Eden regions: 20->0(30)
[2022-09-08T03:37:27.542+0000][7][gc,heap     ] GC(22) Survivor regions: 2->3(4)
[2022-09-08T03:37:27.542+0000][7][gc,heap     ] GC(22) Old regions: 14->14
[2022-09-08T03:37:27.542+0000][7][gc,heap     ] GC(22) Archive regions: 2->2
[2022-09-08T03:37:27.542+0000][7][gc,heap     ] GC(22) Humongous regions: 0->0
[2022-09-08T03:37:27.542+0000][7][gc,metaspace] GC(22) Metaspace: 56271K(59696K)->56271K(59696K) NonClass: 48861K(51376K)->48861K(51376K) Class: 7410K(8320K)->7410K(8320K)
[2022-09-08T03:37:27.543+0000][7][gc          ] GC(22) Pause Young (Concurrent Start) (Metadata GC Threshold) 144M->68M(256M) 14.939ms
[2022-09-08T03:37:27.543+0000][7][gc,cpu      ] GC(22) User=0.03s Sys=0.00s Real=0.02s
[2022-09-08T03:37:27.543+0000][7][safepoint   ] Safepoint "CollectForMetadataAllocation", Time since last: 868733224 ns, Reaching safepoint: 265708 ns, At safepoint: 15485359 ns, Total: 15751067 ns
[2022-09-08T03:37:27.543+0000][7][gc          ] GC(23) Concurrent Cycle
[2022-09-08T03:37:27.543+0000][7][gc,marking  ] GC(23) Concurrent Clear Claimed Marks
[2022-09-08T03:37:27.544+0000][7][gc,marking  ] GC(23) Concurrent Clear Claimed Marks 0.343ms
[2022-09-08T03:37:27.544+0000][7][gc,marking  ] GC(23) Concurrent Scan Root Regions
[2022-09-08T03:37:27.550+0000][7][gc,marking  ] GC(23) Concurrent Scan Root Regions 6.182ms
[2022-09-08T03:37:27.551+0000][7][gc,marking  ] GC(23) Concurrent Mark (20.129s)
[2022-09-08T03:37:27.551+0000][7][gc,marking  ] GC(23) Concurrent Mark From Roots
[2022-09-08T03:37:27.551+0000][7][gc,task     ] GC(23) Using 2 workers of 2 for marking
[2022-09-08T03:37:27.574+0000][7][safepoint   ] Safepoint "CollectForMetadataAllocation", Time since last: 30828311 ns, Reaching safepoint: 163176 ns, At safepoint: 134883 ns, Total: 298059 ns
[2022-09-08T03:37:27.588+0000][7][gc,marking  ] GC(23) Concurrent Mark From Roots 37.422ms
[2022-09-08T03:37:27.588+0000][7][gc,marking  ] GC(23) Concurrent Preclean
[2022-09-08T03:37:27.589+0000][7][gc,marking  ] GC(23) Concurrent Preclean 0.369ms
[2022-09-08T03:37:27.589+0000][7][gc,marking  ] GC(23) Concurrent Mark (20.129s, 20.167s) 38.446ms
[2022-09-08T03:37:27.589+0000][7][gc,start    ] GC(23) Pause Remark
[2022-09-08T03:37:27.595+0000][7][gc          ] GC(23) Pause Remark 71M->71M(256M) 5.513ms
[2022-09-08T03:37:27.595+0000][7][gc,cpu      ] GC(23) User=0.01s Sys=0.00s Real=0.01s
[2022-09-08T03:37:27.595+0000][7][safepoint   ] Safepoint "G1Concurrent", Time since last: 15025657 ns, Reaching safepoint: 238928 ns, At safepoint: 5927444 ns, Total: 6166372 ns
[2022-09-08T03:37:27.596+0000][7][gc,marking  ] GC(23) Concurrent Rebuild Remembered Sets
[2022-09-08T03:37:27.620+0000][7][gc,marking  ] GC(23) Concurrent Rebuild Remembered Sets 24.667ms
[2022-09-08T03:37:27.621+0000][7][gc,start    ] GC(23) Pause Cleanup
[2022-09-08T03:37:27.622+0000][7][gc          ] GC(23) Pause Cleanup 71M->71M(256M) 0.282ms
[2022-09-08T03:37:27.622+0000][7][gc,cpu      ] GC(23) User=0.00s Sys=0.00s Real=0.00s
[2022-09-08T03:37:27.622+0000][7][safepoint   ] Safepoint "G1Concurrent", Time since last: 25241264 ns, Reaching safepoint: 635711 ns, At safepoint: 600966 ns, Total: 1236677 ns
[2022-09-08T03:37:27.622+0000][7][gc,marking  ] GC(23) Concurrent Cleanup for Next Mark
[2022-09-08T03:37:27.622+0000][7][gc,marking  ] GC(23) Concurrent Cleanup for Next Mark 0.446ms
[2022-09-08T03:37:27.623+0000][7][gc          ] GC(23) Concurrent Cycle 79.740ms
[2022-09-08T03:37:28.622+0000][7][safepoint   ] Safepoint "Cleanup", Time since last: 1000158344 ns, Reaching safepoint: 196468 ns, At safepoint: 19096 ns, Total: 215564 ns
[2022-09-08T03:37:29.624+0000][7][safepoint   ] Safepoint "Cleanup", Time since last: 1000542594 ns, Reaching safepoint: 1490503 ns, At safepoint: 43050 ns, Total: 1533553 ns
[2022-09-08T03:37:30.634+0000][7][safepoint   ] Safepoint "Cleanup", Time since last: 1002904339 ns, Reaching safepoint: 6711492 ns, At safepoint: 9388 ns, Total: 6720880 ns
[2022-09-08T03:37:31.387+0000][7][gc,start    ] GC(24) Pause Young (Concurrent Start) (G1 Evacuation Pause)
[2022-09-08T03:37:31.388+0000][7][gc,task     ] GC(24) Using 6 workers of 6 for evacuation
[2022-09-08T03:37:31.388+0000][7][gc,age      ] GC(24) Desired survivor size 10485760 bytes, new threshold 15 (max threshold 15)
[2022-09-08T03:37:31.417+0000][7][gc,age      ] GC(24) Age table with threshold 15 (max threshold 15)
[2022-09-08T03:37:31.418+0000][7][gc,age      ] GC(24) - age   1:    7021424 bytes,    7021424 total
[2022-09-08T03:37:31.418+0000][7][gc,age      ] GC(24) - age   2:    2171464 bytes,    9192888 total
[2022-09-08T03:37:31.418+0000][7][gc,age      ] GC(24) - age   3:    5073440 bytes,   14266328 total
[2022-09-08T03:37:31.418+0000][7][gc,age      ] GC(24) - age   4:    1277392 bytes,   15543720 total
[2022-09-08T03:37:31.418+0000][7][gc,phases   ] GC(24)   Pre Evacuate Collection Set: 0.5ms
[2022-09-08T03:37:31.419+0000][7][gc,phases   ] GC(24)   Merge Heap Roots: 0.5ms
[2022-09-08T03:37:31.419+0000][7][gc,phases   ] GC(24)   Evacuate Collection Set: 25.7ms
[2022-09-08T03:37:31.419+0000][7][gc,phases   ] GC(24)   Post Evacuate Collection Set: 2.7ms
[2022-09-08T03:37:31.420+0000][7][gc,phases   ] GC(24)   Other: 1.9ms
[2022-09-08T03:37:31.420+0000][7][gc,heap     ] GC(24) Eden regions: 30->0(29)
[2022-09-08T03:37:31.420+0000][7][gc,heap     ] GC(24) Survivor regions: 3->4(5)
[2022-09-08T03:37:31.421+0000][7][gc,heap     ] GC(24) Old regions: 14->14
[2022-09-08T03:37:31.421+0000][7][gc,heap     ] GC(24) Archive regions: 2->2
[2022-09-08T03:37:31.421+0000][7][gc,heap     ] GC(24) Humongous regions: 0->0
[2022-09-08T03:37:31.421+0000][7][gc,metaspace] GC(24) Metaspace: 74646K(78000K)->74646K(78000K) NonClass: 64624K(66992K)->64624K(66992K) Class: 10021K(11008K)->10021K(11008K)
[2022-09-08T03:37:31.421+0000][7][gc          ] GC(24) Pause Young (Concurrent Start) (G1 Evacuation Pause) 188M->74M(256M) 33.998ms
[2022-09-08T03:37:31.421+0000][7][gc,cpu      ] GC(24) User=0.07s Sys=0.00s Real=0.04s
[2022-09-08T03:37:31.422+0000][7][safepoint   ] Safepoint "G1CollectForAllocation", Time since last: 753101251 ns, Reaching safepoint: 214040 ns, At safepoint: 34378883 ns, Total: 34592923 ns
[2022-09-08T03:37:31.422+0000][7][gc          ] GC(25) Concurrent Cycle
[2022-09-08T03:37:31.427+0000][7][gc,marking  ] GC(25) Concurrent Clear Claimed Marks
[2022-09-08T03:37:31.427+0000][7][gc,marking  ] GC(25) Concurrent Clear Claimed Marks 0.243ms
[2022-09-08T03:37:31.427+0000][7][gc,marking  ] GC(25) Concurrent Scan Root Regions
[2022-09-08T03:37:31.435+0000][7][gc,marking  ] GC(25) Concurrent Scan Root Regions 7.385ms
[2022-09-08T03:37:31.435+0000][7][gc,marking  ] GC(25) Concurrent Mark (24.014s)
[2022-09-08T03:37:31.436+0000][7][gc,marking  ] GC(25) Concurrent Mark From Roots
[2022-09-08T03:37:31.437+0000][7][gc,task     ] GC(25) Using 2 workers of 2 for marking
[2022-09-08T03:37:31.511+0000][7][gc,marking  ] GC(25) Concurrent Mark From Roots 74.997ms
[2022-09-08T03:37:31.512+0000][7][gc,marking  ] GC(25) Concurrent Preclean
[2022-09-08T03:37:31.513+0000][7][gc,marking  ] GC(25) Concurrent Preclean 0.749ms
[2022-09-08T03:37:31.513+0000][7][gc,marking  ] GC(25) Concurrent Mark (24.014s, 24.092s) 77.827ms
[2022-09-08T03:37:31.513+0000][7][gc,start    ] GC(25) Pause Remark
[2022-09-08T03:37:31.519+0000][7][gc          ] GC(25) Pause Remark 81M->81M(256M) 5.662ms
[2022-09-08T03:37:31.520+0000][7][gc,cpu      ] GC(25) User=0.00s Sys=0.01s Real=0.01s
[2022-09-08T03:37:31.520+0000][7][safepoint   ] Safepoint "G1Concurrent", Time since last: 91695594 ns, Reaching safepoint: 176060 ns, At safepoint: 6252442 ns, Total: 6428502 ns
[2022-09-08T03:37:31.520+0000][7][gc,marking  ] GC(25) Concurrent Rebuild Remembered Sets
[2022-09-08T03:37:31.562+0000][7][gc,marking  ] GC(25) Concurrent Rebuild Remembered Sets 42.508ms
[2022-09-08T03:37:31.564+0000][7][gc,start    ] GC(25) Pause Cleanup
[2022-09-08T03:37:31.564+0000][7][gc          ] GC(25) Pause Cleanup 82M->82M(256M) 0.373ms
[2022-09-08T03:37:31.564+0000][7][gc,cpu      ] GC(25) User=0.00s Sys=0.00s Real=0.00s
[2022-09-08T03:37:31.564+0000][7][safepoint   ] Safepoint "G1Concurrent", Time since last: 43302659 ns, Reaching safepoint: 543408 ns, At safepoint: 706334 ns, Total: 1249742 ns
[2022-09-08T03:37:31.564+0000][7][gc,marking  ] GC(25) Concurrent Cleanup for Next Mark
[2022-09-08T03:37:31.565+0000][7][gc,marking  ] GC(25) Concurrent Cleanup for Next Mark 0.624ms
[2022-09-08T03:37:31.566+0000][7][gc          ] GC(25) Concurrent Cycle 143.867ms
[2022-09-08T03:37:32.565+0000][7][safepoint   ] Safepoint "Cleanup", Time since last: 1000260255 ns, Reaching safepoint: 312094 ns, At safepoint: 6362 ns, Total: 318456 ns
[2022-09-08T03:37:33.590+0000][7][safepoint   ] Safepoint "Cleanup", Time since last: 1010225554 ns, Reaching safepoint: 14456081 ns, At safepoint: 55984 ns, Total: 14512065 ns
[2022-09-08T03:37:34.462+0000][7][safepoint   ] Safepoint "ICBufferFull", Time since last: 872003621 ns, Reaching safepoint: 232777 ns, At safepoint: 9758 ns, Total: 242535 ns
[2022-09-08T03:37:35.463+0000][7][safepoint   ] Safepoint "Cleanup", Time since last: 1000604069 ns, Reaching safepoint: 284634 ns, At safepoint: 9277 ns, Total: 293911 ns
[2022-09-08T03:37:36.464+0000][7][safepoint   ] Safepoint "Cleanup", Time since last: 1000495426 ns, Reaching safepoint: 350957 ns, At safepoint: 6172 ns, Total: 357129 ns
[2022-09-08T03:37:37.464+0000][7][safepoint   ] Safepoint "Cleanup", Time since last: 1000538516 ns, Reaching safepoint: 265858 ns, At safepoint: 7805 ns, Total: 273663 ns
[2022-09-08T03:37:37.515+0000][7][gc,start    ] GC(26) Pause Young (Normal) (G1 Evacuation Pause)
[2022-09-08T03:37:37.515+0000][7][gc,task     ] GC(26) Using 6 workers of 6 for evacuation
[2022-09-08T03:37:37.515+0000][7][gc,age      ] GC(26) Desired survivor size 10485760 bytes, new threshold 3 (max threshold 15)
[2022-09-08T03:37:37.543+0000][7][gc,age      ] GC(26) Age table with threshold 3 (max threshold 15)
[2022-09-08T03:37:37.543+0000][7][gc,age      ] GC(26) - age   1:    6741552 bytes,    6741552 total
[2022-09-08T03:37:37.544+0000][7][gc,age      ] GC(26) - age   2:    6449832 bytes,   13191384 total
[2022-09-08T03:37:37.544+0000][7][gc,age      ] GC(26) - age   3:    2158832 bytes,   15350216 total
[2022-09-08T03:37:37.544+0000][7][gc,phases   ] GC(26)   Pre Evacuate Collection Set: 0.1ms
[2022-09-08T03:37:37.544+0000][7][gc,phases   ] GC(26)   Merge Heap Roots: 0.1ms
[2022-09-08T03:37:37.544+0000][7][gc,phases   ] GC(26)   Evacuate Collection Set: 23.2ms
[2022-09-08T03:37:37.545+0000][7][gc,phases   ] GC(26)   Post Evacuate Collection Set: 4.0ms
[2022-09-08T03:37:37.545+0000][7][gc,phases   ] GC(26)   Other: 1.8ms
[2022-09-08T03:37:37.545+0000][7][gc,heap     ] GC(26) Eden regions: 29->0(25)
[2022-09-08T03:37:37.545+0000][7][gc,heap     ] GC(26) Survivor regions: 4->4(5)
[2022-09-08T03:37:37.545+0000][7][gc,heap     ] GC(26) Old regions: 14->16
[2022-09-08T03:37:37.546+0000][7][gc,heap     ] GC(26) Archive regions: 2->2
[2022-09-08T03:37:37.546+0000][7][gc,heap     ] GC(26) Humongous regions: 2->2
[2022-09-08T03:37:37.546+0000][7][gc,metaspace] GC(26) Metaspace: 89449K(93488K)->89449K(93488K) NonClass: 77350K(80304K)->77350K(80304K) Class: 12099K(13184K)->12099K(13184K)
[2022-09-08T03:37:37.546+0000][7][gc          ] GC(26) Pause Young (Normal) (G1 Evacuation Pause) 198M->89M(256M) 31.413ms
[2022-09-08T03:37:37.546+0000][7][gc,cpu      ] GC(26) User=0.05s Sys=0.00s Real=0.03s
[2022-09-08T03:37:37.547+0000][7][safepoint   ] Safepoint "G1CollectForAllocation", Time since last: 50067682 ns, Reaching safepoint: 219771 ns, At safepoint: 31836410 ns, Total: 32056181 ns
[2022-09-08T03:37:38.547+0000][7][safepoint   ] Safepoint "Cleanup", Time since last: 1000360002 ns, Reaching safepoint: 160511 ns, At safepoint: 4268 ns, Total: 164779 ns
[2022-09-08T03:37:40.119+0000][7][safepoint   ] Safepoint "Cleanup", Time since last: 1571718623 ns, Reaching safepoint: 300603 ns, At safepoint: 77946 ns, Total: 378549 ns
[2022-09-08T03:37:41.120+0000][7][safepoint   ] Safepoint "Cleanup", Time since last: 1000652399 ns, Reaching safepoint: 119143 ns, At safepoint: 4750 ns, Total: 123893 ns
[2022-09-08T03:37:42.121+0000][7][safepoint   ] Safepoint "Cleanup", Time since last: 1000434822 ns, Reaching safepoint: 141695 ns, At safepoint: 21360 ns, Total: 163055 ns
[2022-09-08T03:37:43.121+0000][7][safepoint   ] Safepoint "Cleanup", Time since last: 1000388155 ns, Reaching safepoint: 126207 ns, At safepoint: 2755 ns, Total: 128962 ns
[2022-09-08T03:37:49.122+0000][7][safepoint   ] Safepoint "Cleanup", Time since last: 6001050604 ns, Reaching safepoint: 193182 ns, At safepoint: 6873 ns, Total: 200055 ns
[2022-09-08T03:37:53.123+0000][7][safepoint   ] Safepoint "Cleanup", Time since last: 4000864340 ns, Reaching safepoint: 178905 ns, At safepoint: 28934 ns, Total: 207839 ns
[2022-09-08T03:38:00.120+0000][7][safepoint   ] Safepoint "Cleanup", Time since last: 7001198169 ns, Reaching safepoint: 191559 ns, At safepoint: 30938 ns, Total: 222497 ns
[2022-09-08T03:38:03.121+0000][7][safepoint   ] Safepoint "Cleanup", Time since last: 3000711937 ns, Reaching safepoint: 253074 ns, At safepoint: 37701 ns, Total: 290775 ns
[2022-09-08T03:38:04.122+0000][7][safepoint   ] Safepoint "Cleanup", Time since last: 1000514341 ns, Reaching safepoint: 220242 ns, At safepoint: 28784 ns, Total: 249026 ns
[2022-09-08T03:38:05.122+0000][7][safepoint   ] Safepoint "Cleanup", Time since last: 1000337170 ns, Reaching safepoint: 298309 ns, At safepoint: 8325 ns, Total: 306634 ns
[2022-09-08T03:38:07.123+0000][7][safepoint   ] Safepoint "Cleanup", Time since last: 2000928726 ns, Reaching safepoint: 254597 ns, At safepoint: 32130 ns, Total: 286727 ns
[2022-09-08T03:38:08.124+0000][7][safepoint   ] Safepoint "Cleanup", Time since last: 1000580355 ns, Reaching safepoint: 148758 ns, At safepoint: 33533 ns, Total: 182291 ns
[2022-09-08T03:38:10.135+0000][7][safepoint   ] Safepoint "Cleanup", Time since last: 2011020801 ns, Reaching safepoint: 230281 ns, At safepoint: 41518 ns, Total: 271799 ns
[2022-09-08T03:38:13.136+0000][7][safepoint   ] Safepoint "Cleanup", Time since last: 3000450287 ns, Reaching safepoint: 239168 ns, At safepoint: 47128 ns, Total: 286296 ns
[2022-09-08T03:38:14.137+0000][7][safepoint   ] Safepoint "Cleanup", Time since last: 1000554797 ns, Reaching safepoint: 175208 ns, At safepoint: 4038 ns, Total: 179246 ns
[2022-09-08T03:38:17.138+0000][7][safepoint   ] Safepoint "Cleanup", Time since last: 3000781116 ns, Reaching safepoint: 308869 ns, At safepoint: 32591 ns, Total: 341460 ns
[2022-09-08T03:38:22.139+0000][7][safepoint   ] Safepoint "Cleanup", Time since last: 5001056478 ns, Reaching safepoint: 181389 ns, At safepoint: 3617 ns, Total: 185006 ns
[2022-09-08T03:38:23.140+0000][7][safepoint   ] Safepoint "Cleanup", Time since last: 1000522497 ns, Reaching safepoint: 176090 ns, At safepoint: 31599 ns, Total: 207689 ns
[2022-09-08T03:38:25.141+0000][7][safepoint   ] Safepoint "Cleanup", Time since last: 2000588999 ns, Reaching safepoint: 187171 ns, At safepoint: 4347 ns, Total: 191518 ns
[2022-09-08T03:38:27.145+0000][7][safepoint   ] Safepoint "Cleanup", Time since last: 2000626549 ns, Reaching safepoint: 206347 ns, At safepoint: 192611 ns, Total: 398958 ns
[2022-09-08T03:38:30.146+0000][7][safepoint   ] Safepoint "Cleanup", Time since last: 3000807906 ns, Reaching safepoint: 438722 ns, At safepoint: 32401 ns, Total: 471123 ns
[2022-09-08T03:38:32.147+0000][7][safepoint   ] Safepoint "Cleanup", Time since last: 2000675831 ns, Reaching safepoint: 198602 ns, At safepoint: 36779 ns, Total: 235381 ns
[2022-09-08T03:38:34.148+0000][7][safepoint   ] Safepoint "Cleanup", Time since last: 2000719754 ns, Reaching safepoint: 161402 ns, At safepoint: 10520 ns, Total: 171922 ns
[2022-09-08T03:38:35.149+0000][7][safepoint   ] Safepoint "Cleanup", Time since last: 1000512107 ns, Reaching safepoint: 208781 ns, At safepoint: 9718 ns, Total: 218499 ns
[2022-09-08T03:38:37.150+0000][7][safepoint   ] Safepoint "Cleanup", Time since last: 2000502948 ns, Reaching safepoint: 327343 ns, At safepoint: 61345 ns, Total: 388688 ns
[2022-09-08T03:38:40.151+0000][7][safepoint   ] Safepoint "Cleanup", Time since last: 3000922331 ns, Reaching safepoint: 189966 ns, At safepoint: 7384 ns, Total: 197350 ns
[2022-09-08T03:38:41.151+0000][7][safepoint   ] Safepoint "Cleanup", Time since last: 1000509452 ns, Reaching safepoint: 233367 ns, At safepoint: 38412 ns, Total: 271779 ns
[2022-09-08T03:38:43.152+0000][7][safepoint   ] Safepoint "Cleanup", Time since last: 2000598116 ns, Reaching safepoint: 307676 ns, At safepoint: 34475 ns, Total: 342151 ns
[2022-09-08T03:38:47.154+0000][7][safepoint   ] Safepoint "Cleanup", Time since last: 4000964879 ns, Reaching safepoint: 328595 ns, At safepoint: 71334 ns, Total: 399929 ns
[2022-09-08T03:38:50.155+0000][7][safepoint   ] Safepoint "Cleanup", Time since last: 3000832252 ns, Reaching safepoint: 163857 ns, At safepoint: 8356 ns, Total: 172213 ns
[2022-09-08T03:38:53.156+0000][7][safepoint   ] Safepoint "Cleanup", Time since last: 3000803809 ns, Reaching safepoint: 306784 ns, At safepoint: 35397 ns, Total: 342181 ns
[2022-09-08T03:38:57.154+0000][7][safepoint   ] Safepoint "Cleanup", Time since last: 4000785502 ns, Reaching safepoint: 233958 ns, At safepoint: 60213 ns, Total: 294171 ns
[2022-09-08T03:39:05.156+0000][7][safepoint   ] Safepoint "Cleanup", Time since last: 8001541890 ns, Reaching safepoint: 187281 ns, At safepoint: 30557 ns, Total: 217838 ns
[2022-09-08T03:39:10.157+0000][7][safepoint   ] Safepoint "Cleanup", Time since last: 5001012666 ns, Reaching safepoint: 231263 ns, At safepoint: 35577 ns, Total: 266840 ns
[2022-09-08T03:39:15.158+0000][7][safepoint   ] Safepoint "Cleanup", Time since last: 5001061737 ns, Reaching safepoint: 353773 ns, At safepoint: 35997 ns, Total: 389770 ns
[2022-09-08T03:39:17.160+0000][7][safepoint   ] Safepoint "Cleanup", Time since last: 2000769808 ns, Reaching safepoint: 264546 ns, At safepoint: 42960 ns, Total: 307506 ns
[2022-09-08T03:39:22.161+0000][7][safepoint   ] Safepoint "Cleanup", Time since last: 5001081394 ns, Reaching safepoint: 275075 ns, At safepoint: 34866 ns, Total: 309941 ns
[2022-09-08T03:39:27.163+0000][7][safepoint   ] Safepoint "Cleanup", Time since last: 5001183626 ns, Reaching safepoint: 418704 ns, At safepoint: 14236 ns, Total: 432940 ns
[2022-09-08T03:39:27.426+0000][7][gc,heap,exit] Heap
[2022-09-08T03:39:27.426+0000][7][gc,heap,exit]  garbage-first heap   total 262144K, used 124107K [0x00000000f0000000, 0x0000000100000000)
[2022-09-08T03:39:27.427+0000][7][gc,heap,exit]   region size 4096K, 14 young (57344K), 4 survivors (16384K)
[2022-09-08T03:39:27.427+0000][7][gc,heap,exit]  Metaspace       used 92421K, capacity 95835K, committed 96432K, reserved 1132544K
[2022-09-08T03:39:27.427+0000][7][gc,heap,exit]   class space    used 12451K, capacity 13511K, committed 13568K, reserved 1048576K
